============================= test session starts ==============================
platform darwin -- Python 3.11.10, pytest-8.4.1, pluggy-1.6.0 -- /Users/Ajay17/.pyenv/versions/3.11.10/bin/python3
cachedir: .pytest_cache
rootdir: /Users/Ajay17/pytorch2.0_ttnn
configfile: pyproject.toml
plugins: anyio-4.9.0
collecting ... collected 376 items / 2795 errors

==================================== ERRORS ====================================
_ ERROR collecting tests/autogen_op/ALL/test_ALL_aten__adaptive_avg_pool2d_default.py _
ImportError while importing test module '/Users/Ajay17/pytorch2.0_ttnn/tests/autogen_op/ALL/test_ALL_aten__adaptive_avg_pool2d_default.py'.
Hint: make sure your test modules/packages have valid Python names.
Traceback:
../.pyenv/versions/3.11.10/lib/python3.11/importlib/__init__.py:126: in import_module
    return _bootstrap._gcd_import(name[level:], package, level)
           ^^^^^^^^^^^^^^^^^^^^^^^^^^^^^^^^^^^^^^^^^^^^^^^^^^^^
tests/autogen_op/ALL/test_ALL_aten__adaptive_avg_pool2d_default.py:8: in <module>
    import ttnn
E   ModuleNotFoundError: No module named 'ttnn'
___ ERROR collecting tests/autogen_op/ALL/test_ALL_aten__assert_async_msg.py ___
ImportError while importing test module '/Users/Ajay17/pytorch2.0_ttnn/tests/autogen_op/ALL/test_ALL_aten__assert_async_msg.py'.
Hint: make sure your test modules/packages have valid Python names.
Traceback:
../.pyenv/versions/3.11.10/lib/python3.11/importlib/__init__.py:126: in import_module
    return _bootstrap._gcd_import(name[level:], package, level)
           ^^^^^^^^^^^^^^^^^^^^^^^^^^^^^^^^^^^^^^^^^^^^^^^^^^^^
tests/autogen_op/ALL/test_ALL_aten__assert_async_msg.py:8: in <module>
    import ttnn
E   ModuleNotFoundError: No module named 'ttnn'
_ ERROR collecting tests/autogen_op/ALL/test_ALL_aten__log_softmax_backward_data_default.py _
ImportError while importing test module '/Users/Ajay17/pytorch2.0_ttnn/tests/autogen_op/ALL/test_ALL_aten__log_softmax_backward_data_default.py'.
Hint: make sure your test modules/packages have valid Python names.
Traceback:
../.pyenv/versions/3.11.10/lib/python3.11/importlib/__init__.py:126: in import_module
    return _bootstrap._gcd_import(name[level:], package, level)
           ^^^^^^^^^^^^^^^^^^^^^^^^^^^^^^^^^^^^^^^^^^^^^^^^^^^^
tests/autogen_op/ALL/test_ALL_aten__log_softmax_backward_data_default.py:8: in <module>
    import ttnn
E   ModuleNotFoundError: No module named 'ttnn'
_ ERROR collecting tests/autogen_op/ALL/test_ALL_aten__log_softmax_default.py __
ImportError while importing test module '/Users/Ajay17/pytorch2.0_ttnn/tests/autogen_op/ALL/test_ALL_aten__log_softmax_default.py'.
Hint: make sure your test modules/packages have valid Python names.
Traceback:
../.pyenv/versions/3.11.10/lib/python3.11/importlib/__init__.py:126: in import_module
    return _bootstrap._gcd_import(name[level:], package, level)
           ^^^^^^^^^^^^^^^^^^^^^^^^^^^^^^^^^^^^^^^^^^^^^^^^^^^^
tests/autogen_op/ALL/test_ALL_aten__log_softmax_default.py:8: in <module>
    import ttnn
E   ModuleNotFoundError: No module named 'ttnn'
_ ERROR collecting tests/autogen_op/ALL/test_ALL_aten__native_batch_norm_legit_functional_default.py _
ImportError while importing test module '/Users/Ajay17/pytorch2.0_ttnn/tests/autogen_op/ALL/test_ALL_aten__native_batch_norm_legit_functional_default.py'.
Hint: make sure your test modules/packages have valid Python names.
Traceback:
../.pyenv/versions/3.11.10/lib/python3.11/importlib/__init__.py:126: in import_module
    return _bootstrap._gcd_import(name[level:], package, level)
           ^^^^^^^^^^^^^^^^^^^^^^^^^^^^^^^^^^^^^^^^^^^^^^^^^^^^
tests/autogen_op/ALL/test_ALL_aten__native_batch_norm_legit_functional_default.py:8: in <module>
    import ttnn
E   ModuleNotFoundError: No module named 'ttnn'
_ ERROR collecting tests/autogen_op/ALL/test_ALL_aten__native_batch_norm_legit_no_training_default.py _
ImportError while importing test module '/Users/Ajay17/pytorch2.0_ttnn/tests/autogen_op/ALL/test_ALL_aten__native_batch_norm_legit_no_training_default.py'.
Hint: make sure your test modules/packages have valid Python names.
Traceback:
../.pyenv/versions/3.11.10/lib/python3.11/importlib/__init__.py:126: in import_module
    return _bootstrap._gcd_import(name[level:], package, level)
           ^^^^^^^^^^^^^^^^^^^^^^^^^^^^^^^^^^^^^^^^^^^^^^^^^^^^
tests/autogen_op/ALL/test_ALL_aten__native_batch_norm_legit_no_training_default.py:8: in <module>
    import ttnn
E   ModuleNotFoundError: No module named 'ttnn'
_ ERROR collecting tests/autogen_op/ALL/test_ALL_aten__scaled_dot_product_flash_attention_default.py _
ImportError while importing test module '/Users/Ajay17/pytorch2.0_ttnn/tests/autogen_op/ALL/test_ALL_aten__scaled_dot_product_flash_attention_default.py'.
Hint: make sure your test modules/packages have valid Python names.
Traceback:
../.pyenv/versions/3.11.10/lib/python3.11/importlib/__init__.py:126: in import_module
    return _bootstrap._gcd_import(name[level:], package, level)
           ^^^^^^^^^^^^^^^^^^^^^^^^^^^^^^^^^^^^^^^^^^^^^^^^^^^^
tests/autogen_op/ALL/test_ALL_aten__scaled_dot_product_flash_attention_default.py:8: in <module>
    import ttnn
E   ModuleNotFoundError: No module named 'ttnn'
_ ERROR collecting tests/autogen_op/ALL/test_ALL_aten__softmax_backward_data_default.py _
ImportError while importing test module '/Users/Ajay17/pytorch2.0_ttnn/tests/autogen_op/ALL/test_ALL_aten__softmax_backward_data_default.py'.
Hint: make sure your test modules/packages have valid Python names.
Traceback:
../.pyenv/versions/3.11.10/lib/python3.11/importlib/__init__.py:126: in import_module
    return _bootstrap._gcd_import(name[level:], package, level)
           ^^^^^^^^^^^^^^^^^^^^^^^^^^^^^^^^^^^^^^^^^^^^^^^^^^^^
tests/autogen_op/ALL/test_ALL_aten__softmax_backward_data_default.py:8: in <module>
    import ttnn
E   ModuleNotFoundError: No module named 'ttnn'
___ ERROR collecting tests/autogen_op/ALL/test_ALL_aten__softmax_default.py ____
ImportError while importing test module '/Users/Ajay17/pytorch2.0_ttnn/tests/autogen_op/ALL/test_ALL_aten__softmax_default.py'.
Hint: make sure your test modules/packages have valid Python names.
Traceback:
../.pyenv/versions/3.11.10/lib/python3.11/importlib/__init__.py:126: in import_module
    return _bootstrap._gcd_import(name[level:], package, level)
           ^^^^^^^^^^^^^^^^^^^^^^^^^^^^^^^^^^^^^^^^^^^^^^^^^^^^
tests/autogen_op/ALL/test_ALL_aten__softmax_default.py:8: in <module>
    import ttnn
E   ModuleNotFoundError: No module named 'ttnn'
___ ERROR collecting tests/autogen_op/ALL/test_ALL_aten__to_copy_default.py ____
ImportError while importing test module '/Users/Ajay17/pytorch2.0_ttnn/tests/autogen_op/ALL/test_ALL_aten__to_copy_default.py'.
Hint: make sure your test modules/packages have valid Python names.
Traceback:
../.pyenv/versions/3.11.10/lib/python3.11/importlib/__init__.py:126: in import_module
    return _bootstrap._gcd_import(name[level:], package, level)
           ^^^^^^^^^^^^^^^^^^^^^^^^^^^^^^^^^^^^^^^^^^^^^^^^^^^^
tests/autogen_op/ALL/test_ALL_aten__to_copy_default.py:8: in <module>
    import ttnn
E   ModuleNotFoundError: No module named 'ttnn'
_ ERROR collecting tests/autogen_op/ALL/test_ALL_aten__unsafe_index_Tensor.py __
ImportError while importing test module '/Users/Ajay17/pytorch2.0_ttnn/tests/autogen_op/ALL/test_ALL_aten__unsafe_index_Tensor.py'.
Hint: make sure your test modules/packages have valid Python names.
Traceback:
../.pyenv/versions/3.11.10/lib/python3.11/importlib/__init__.py:126: in import_module
    return _bootstrap._gcd_import(name[level:], package, level)
           ^^^^^^^^^^^^^^^^^^^^^^^^^^^^^^^^^^^^^^^^^^^^^^^^^^^^
tests/autogen_op/ALL/test_ALL_aten__unsafe_index_Tensor.py:8: in <module>
    import ttnn
E   ModuleNotFoundError: No module named 'ttnn'
_ ERROR collecting tests/autogen_op/ALL/test_ALL_aten__unsafe_index_put_default.py _
ImportError while importing test module '/Users/Ajay17/pytorch2.0_ttnn/tests/autogen_op/ALL/test_ALL_aten__unsafe_index_put_default.py'.
Hint: make sure your test modules/packages have valid Python names.
Traceback:
../.pyenv/versions/3.11.10/lib/python3.11/importlib/__init__.py:126: in import_module
    return _bootstrap._gcd_import(name[level:], package, level)
           ^^^^^^^^^^^^^^^^^^^^^^^^^^^^^^^^^^^^^^^^^^^^^^^^^^^^
tests/autogen_op/ALL/test_ALL_aten__unsafe_index_put_default.py:8: in <module>
    import ttnn
E   ModuleNotFoundError: No module named 'ttnn'
_ ERROR collecting tests/autogen_op/ALL/test_ALL_aten__unsafe_view_default.py __
ImportError while importing test module '/Users/Ajay17/pytorch2.0_ttnn/tests/autogen_op/ALL/test_ALL_aten__unsafe_view_default.py'.
Hint: make sure your test modules/packages have valid Python names.
Traceback:
../.pyenv/versions/3.11.10/lib/python3.11/importlib/__init__.py:126: in import_module
    return _bootstrap._gcd_import(name[level:], package, level)
           ^^^^^^^^^^^^^^^^^^^^^^^^^^^^^^^^^^^^^^^^^^^^^^^^^^^^
tests/autogen_op/ALL/test_ALL_aten__unsafe_view_default.py:8: in <module>
    import ttnn
E   ModuleNotFoundError: No module named 'ttnn'
______ ERROR collecting tests/autogen_op/ALL/test_ALL_aten_abs_default.py ______
ImportError while importing test module '/Users/Ajay17/pytorch2.0_ttnn/tests/autogen_op/ALL/test_ALL_aten_abs_default.py'.
Hint: make sure your test modules/packages have valid Python names.
Traceback:
../.pyenv/versions/3.11.10/lib/python3.11/importlib/__init__.py:126: in import_module
    return _bootstrap._gcd_import(name[level:], package, level)
           ^^^^^^^^^^^^^^^^^^^^^^^^^^^^^^^^^^^^^^^^^^^^^^^^^^^^
tests/autogen_op/ALL/test_ALL_aten_abs_default.py:8: in <module>
    import ttnn
E   ModuleNotFoundError: No module named 'ttnn'
______ ERROR collecting tests/autogen_op/ALL/test_ALL_aten_add_Tensor.py _______
ImportError while importing test module '/Users/Ajay17/pytorch2.0_ttnn/tests/autogen_op/ALL/test_ALL_aten_add_Tensor.py'.
Hint: make sure your test modules/packages have valid Python names.
Traceback:
../.pyenv/versions/3.11.10/lib/python3.11/importlib/__init__.py:126: in import_module
    return _bootstrap._gcd_import(name[level:], package, level)
           ^^^^^^^^^^^^^^^^^^^^^^^^^^^^^^^^^^^^^^^^^^^^^^^^^^^^
tests/autogen_op/ALL/test_ALL_aten_add_Tensor.py:8: in <module>
    import ttnn
E   ModuleNotFoundError: No module named 'ttnn'
_____ ERROR collecting tests/autogen_op/ALL/test_ALL_aten_addmm_default.py _____
ImportError while importing test module '/Users/Ajay17/pytorch2.0_ttnn/tests/autogen_op/ALL/test_ALL_aten_addmm_default.py'.
Hint: make sure your test modules/packages have valid Python names.
Traceback:
../.pyenv/versions/3.11.10/lib/python3.11/importlib/__init__.py:126: in import_module
    return _bootstrap._gcd_import(name[level:], package, level)
           ^^^^^^^^^^^^^^^^^^^^^^^^^^^^^^^^^^^^^^^^^^^^^^^^^^^^
tests/autogen_op/ALL/test_ALL_aten_addmm_default.py:8: in <module>
    import ttnn
E   ModuleNotFoundError: No module named 'ttnn'
______ ERROR collecting tests/autogen_op/ALL/test_ALL_aten_all_default.py ______
ImportError while importing test module '/Users/Ajay17/pytorch2.0_ttnn/tests/autogen_op/ALL/test_ALL_aten_all_default.py'.
Hint: make sure your test modules/packages have valid Python names.
Traceback:
../.pyenv/versions/3.11.10/lib/python3.11/importlib/__init__.py:126: in import_module
    return _bootstrap._gcd_import(name[level:], package, level)
           ^^^^^^^^^^^^^^^^^^^^^^^^^^^^^^^^^^^^^^^^^^^^^^^^^^^^
tests/autogen_op/ALL/test_ALL_aten_all_default.py:8: in <module>
    import ttnn
E   ModuleNotFoundError: No module named 'ttnn'
____ ERROR collecting tests/autogen_op/ALL/test_ALL_aten_arange_default.py _____
ImportError while importing test module '/Users/Ajay17/pytorch2.0_ttnn/tests/autogen_op/ALL/test_ALL_aten_arange_default.py'.
Hint: make sure your test modules/packages have valid Python names.
Traceback:
../.pyenv/versions/3.11.10/lib/python3.11/importlib/__init__.py:126: in import_module
    return _bootstrap._gcd_import(name[level:], package, level)
           ^^^^^^^^^^^^^^^^^^^^^^^^^^^^^^^^^^^^^^^^^^^^^^^^^^^^
tests/autogen_op/ALL/test_ALL_aten_arange_default.py:8: in <module>
    import ttnn
E   ModuleNotFoundError: No module named 'ttnn'
____ ERROR collecting tests/autogen_op/ALL/test_ALL_aten_argmax_default.py _____
ImportError while importing test module '/Users/Ajay17/pytorch2.0_ttnn/tests/autogen_op/ALL/test_ALL_aten_argmax_default.py'.
Hint: make sure your test modules/packages have valid Python names.
Traceback:
../.pyenv/versions/3.11.10/lib/python3.11/importlib/__init__.py:126: in import_module
    return _bootstrap._gcd_import(name[level:], package, level)
           ^^^^^^^^^^^^^^^^^^^^^^^^^^^^^^^^^^^^^^^^^^^^^^^^^^^^
tests/autogen_op/ALL/test_ALL_aten_argmax_default.py:8: in <module>
    import ttnn
E   ModuleNotFoundError: No module named 'ttnn'
__ ERROR collecting tests/autogen_op/ALL/test_ALL_aten_as_strided_default.py ___
ImportError while importing test module '/Users/Ajay17/pytorch2.0_ttnn/tests/autogen_op/ALL/test_ALL_aten_as_strided_default.py'.
Hint: make sure your test modules/packages have valid Python names.
Traceback:
../.pyenv/versions/3.11.10/lib/python3.11/importlib/__init__.py:126: in import_module
    return _bootstrap._gcd_import(name[level:], package, level)
           ^^^^^^^^^^^^^^^^^^^^^^^^^^^^^^^^^^^^^^^^^^^^^^^^^^^^
tests/autogen_op/ALL/test_ALL_aten_as_strided_default.py:8: in <module>
    import ttnn
E   ModuleNotFoundError: No module named 'ttnn'
_ ERROR collecting tests/autogen_op/ALL/test_ALL_aten_as_strided_scatter_default.py _
ImportError while importing test module '/Users/Ajay17/pytorch2.0_ttnn/tests/autogen_op/ALL/test_ALL_aten_as_strided_scatter_default.py'.
Hint: make sure your test modules/packages have valid Python names.
Traceback:
../.pyenv/versions/3.11.10/lib/python3.11/importlib/__init__.py:126: in import_module
    return _bootstrap._gcd_import(name[level:], package, level)
           ^^^^^^^^^^^^^^^^^^^^^^^^^^^^^^^^^^^^^^^^^^^^^^^^^^^^
tests/autogen_op/ALL/test_ALL_aten_as_strided_scatter_default.py:8: in <module>
    import ttnn
E   ModuleNotFoundError: No module named 'ttnn'
_ ERROR collecting tests/autogen_op/ALL/test_ALL_aten_avg_pool2d_backward_default.py _
ImportError while importing test module '/Users/Ajay17/pytorch2.0_ttnn/tests/autogen_op/ALL/test_ALL_aten_avg_pool2d_backward_default.py'.
Hint: make sure your test modules/packages have valid Python names.
Traceback:
../.pyenv/versions/3.11.10/lib/python3.11/importlib/__init__.py:126: in import_module
    return _bootstrap._gcd_import(name[level:], package, level)
           ^^^^^^^^^^^^^^^^^^^^^^^^^^^^^^^^^^^^^^^^^^^^^^^^^^^^
tests/autogen_op/ALL/test_ALL_aten_avg_pool2d_backward_default.py:8: in <module>
    import ttnn
E   ModuleNotFoundError: No module named 'ttnn'
__ ERROR collecting tests/autogen_op/ALL/test_ALL_aten_avg_pool2d_default.py ___
ImportError while importing test module '/Users/Ajay17/pytorch2.0_ttnn/tests/autogen_op/ALL/test_ALL_aten_avg_pool2d_default.py'.
Hint: make sure your test modules/packages have valid Python names.
Traceback:
../.pyenv/versions/3.11.10/lib/python3.11/importlib/__init__.py:126: in import_module
    return _bootstrap._gcd_import(name[level:], package, level)
           ^^^^^^^^^^^^^^^^^^^^^^^^^^^^^^^^^^^^^^^^^^^^^^^^^^^^
tests/autogen_op/ALL/test_ALL_aten_avg_pool2d_default.py:8: in <module>
    import ttnn
E   ModuleNotFoundError: No module named 'ttnn'
____ ERROR collecting tests/autogen_op/ALL/test_ALL_aten_baddbmm_default.py ____
ImportError while importing test module '/Users/Ajay17/pytorch2.0_ttnn/tests/autogen_op/ALL/test_ALL_aten_baddbmm_default.py'.
Hint: make sure your test modules/packages have valid Python names.
Traceback:
../.pyenv/versions/3.11.10/lib/python3.11/importlib/__init__.py:126: in import_module
    return _bootstrap._gcd_import(name[level:], package, level)
           ^^^^^^^^^^^^^^^^^^^^^^^^^^^^^^^^^^^^^^^^^^^^^^^^^^^^
tests/autogen_op/ALL/test_ALL_aten_baddbmm_default.py:8: in <module>
    import ttnn
E   ModuleNotFoundError: No module named 'ttnn'
______ ERROR collecting tests/autogen_op/ALL/test_ALL_aten_bmm_default.py ______
ImportError while importing test module '/Users/Ajay17/pytorch2.0_ttnn/tests/autogen_op/ALL/test_ALL_aten_bmm_default.py'.
Hint: make sure your test modules/packages have valid Python names.
Traceback:
../.pyenv/versions/3.11.10/lib/python3.11/importlib/__init__.py:126: in import_module
    return _bootstrap._gcd_import(name[level:], package, level)
           ^^^^^^^^^^^^^^^^^^^^^^^^^^^^^^^^^^^^^^^^^^^^^^^^^^^^
tests/autogen_op/ALL/test_ALL_aten_bmm_default.py:8: in <module>
    import ttnn
E   ModuleNotFoundError: No module named 'ttnn'
______ ERROR collecting tests/autogen_op/ALL/test_ALL_aten_cat_default.py ______
ImportError while importing test module '/Users/Ajay17/pytorch2.0_ttnn/tests/autogen_op/ALL/test_ALL_aten_cat_default.py'.
Hint: make sure your test modules/packages have valid Python names.
Traceback:
../.pyenv/versions/3.11.10/lib/python3.11/importlib/__init__.py:126: in import_module
    return _bootstrap._gcd_import(name[level:], package, level)
           ^^^^^^^^^^^^^^^^^^^^^^^^^^^^^^^^^^^^^^^^^^^^^^^^^^^^
tests/autogen_op/ALL/test_ALL_aten_cat_default.py:8: in <module>
    import ttnn
E   ModuleNotFoundError: No module named 'ttnn'
_____ ERROR collecting tests/autogen_op/ALL/test_ALL_aten_clamp_default.py _____
ImportError while importing test module '/Users/Ajay17/pytorch2.0_ttnn/tests/autogen_op/ALL/test_ALL_aten_clamp_default.py'.
Hint: make sure your test modules/packages have valid Python names.
Traceback:
../.pyenv/versions/3.11.10/lib/python3.11/importlib/__init__.py:126: in import_module
    return _bootstrap._gcd_import(name[level:], package, level)
           ^^^^^^^^^^^^^^^^^^^^^^^^^^^^^^^^^^^^^^^^^^^^^^^^^^^^
tests/autogen_op/ALL/test_ALL_aten_clamp_default.py:8: in <module>
    import ttnn
E   ModuleNotFoundError: No module named 'ttnn'
___ ERROR collecting tests/autogen_op/ALL/test_ALL_aten_clamp_min_default.py ___
ImportError while importing test module '/Users/Ajay17/pytorch2.0_ttnn/tests/autogen_op/ALL/test_ALL_aten_clamp_min_default.py'.
Hint: make sure your test modules/packages have valid Python names.
Traceback:
../.pyenv/versions/3.11.10/lib/python3.11/importlib/__init__.py:126: in import_module
    return _bootstrap._gcd_import(name[level:], package, level)
           ^^^^^^^^^^^^^^^^^^^^^^^^^^^^^^^^^^^^^^^^^^^^^^^^^^^^
tests/autogen_op/ALL/test_ALL_aten_clamp_min_default.py:8: in <module>
    import ttnn
E   ModuleNotFoundError: No module named 'ttnn'
_____ ERROR collecting tests/autogen_op/ALL/test_ALL_aten_clone_default.py _____
ImportError while importing test module '/Users/Ajay17/pytorch2.0_ttnn/tests/autogen_op/ALL/test_ALL_aten_clone_default.py'.
Hint: make sure your test modules/packages have valid Python names.
Traceback:
../.pyenv/versions/3.11.10/lib/python3.11/importlib/__init__.py:126: in import_module
    return _bootstrap._gcd_import(name[level:], package, level)
           ^^^^^^^^^^^^^^^^^^^^^^^^^^^^^^^^^^^^^^^^^^^^^^^^^^^^
tests/autogen_op/ALL/test_ALL_aten_clone_default.py:8: in <module>
    import ttnn
E   ModuleNotFoundError: No module named 'ttnn'
_ ERROR collecting tests/autogen_op/ALL/test_ALL_aten_constant_pad_nd_default.py _
ImportError while importing test module '/Users/Ajay17/pytorch2.0_ttnn/tests/autogen_op/ALL/test_ALL_aten_constant_pad_nd_default.py'.
Hint: make sure your test modules/packages have valid Python names.
Traceback:
../.pyenv/versions/3.11.10/lib/python3.11/importlib/__init__.py:126: in import_module
    return _bootstrap._gcd_import(name[level:], package, level)
           ^^^^^^^^^^^^^^^^^^^^^^^^^^^^^^^^^^^^^^^^^^^^^^^^^^^^
tests/autogen_op/ALL/test_ALL_aten_constant_pad_nd_default.py:8: in <module>
    import ttnn
E   ModuleNotFoundError: No module named 'ttnn'
_ ERROR collecting tests/autogen_op/ALL/test_ALL_aten_convolution_backward_default.py _
ImportError while importing test module '/Users/Ajay17/pytorch2.0_ttnn/tests/autogen_op/ALL/test_ALL_aten_convolution_backward_default.py'.
Hint: make sure your test modules/packages have valid Python names.
Traceback:
../.pyenv/versions/3.11.10/lib/python3.11/importlib/__init__.py:126: in import_module
    return _bootstrap._gcd_import(name[level:], package, level)
           ^^^^^^^^^^^^^^^^^^^^^^^^^^^^^^^^^^^^^^^^^^^^^^^^^^^^
tests/autogen_op/ALL/test_ALL_aten_convolution_backward_default.py:8: in <module>
    import ttnn
E   ModuleNotFoundError: No module named 'ttnn'
__ ERROR collecting tests/autogen_op/ALL/test_ALL_aten_convolution_default.py __
ImportError while importing test module '/Users/Ajay17/pytorch2.0_ttnn/tests/autogen_op/ALL/test_ALL_aten_convolution_default.py'.
Hint: make sure your test modules/packages have valid Python names.
Traceback:
../.pyenv/versions/3.11.10/lib/python3.11/importlib/__init__.py:126: in import_module
    return _bootstrap._gcd_import(name[level:], package, level)
           ^^^^^^^^^^^^^^^^^^^^^^^^^^^^^^^^^^^^^^^^^^^^^^^^^^^^
tests/autogen_op/ALL/test_ALL_aten_convolution_default.py:8: in <module>
    import ttnn
E   ModuleNotFoundError: No module named 'ttnn'
_____ ERROR collecting tests/autogen_op/ALL/test_ALL_aten_copy_default.py ______
ImportError while importing test module '/Users/Ajay17/pytorch2.0_ttnn/tests/autogen_op/ALL/test_ALL_aten_copy_default.py'.
Hint: make sure your test modules/packages have valid Python names.
Traceback:
../.pyenv/versions/3.11.10/lib/python3.11/importlib/__init__.py:126: in import_module
    return _bootstrap._gcd_import(name[level:], package, level)
           ^^^^^^^^^^^^^^^^^^^^^^^^^^^^^^^^^^^^^^^^^^^^^^^^^^^^
tests/autogen_op/ALL/test_ALL_aten_copy_default.py:8: in <module>
    import ttnn
E   ModuleNotFoundError: No module named 'ttnn'
______ ERROR collecting tests/autogen_op/ALL/test_ALL_aten_cos_default.py ______
ImportError while importing test module '/Users/Ajay17/pytorch2.0_ttnn/tests/autogen_op/ALL/test_ALL_aten_cos_default.py'.
Hint: make sure your test modules/packages have valid Python names.
Traceback:
../.pyenv/versions/3.11.10/lib/python3.11/importlib/__init__.py:126: in import_module
    return _bootstrap._gcd_import(name[level:], package, level)
           ^^^^^^^^^^^^^^^^^^^^^^^^^^^^^^^^^^^^^^^^^^^^^^^^^^^^
tests/autogen_op/ALL/test_ALL_aten_cos_default.py:8: in <module>
    import ttnn
E   ModuleNotFoundError: No module named 'ttnn'
____ ERROR collecting tests/autogen_op/ALL/test_ALL_aten_cumsum_default.py _____
ImportError while importing test module '/Users/Ajay17/pytorch2.0_ttnn/tests/autogen_op/ALL/test_ALL_aten_cumsum_default.py'.
Hint: make sure your test modules/packages have valid Python names.
Traceback:
../.pyenv/versions/3.11.10/lib/python3.11/importlib/__init__.py:126: in import_module
    return _bootstrap._gcd_import(name[level:], package, level)
           ^^^^^^^^^^^^^^^^^^^^^^^^^^^^^^^^^^^^^^^^^^^^^^^^^^^^
tests/autogen_op/ALL/test_ALL_aten_cumsum_default.py:8: in <module>
    import ttnn
E   ModuleNotFoundError: No module named 'ttnn'
____ ERROR collecting tests/autogen_op/ALL/test_ALL_aten_detach_default.py _____
ImportError while importing test module '/Users/Ajay17/pytorch2.0_ttnn/tests/autogen_op/ALL/test_ALL_aten_detach_default.py'.
Hint: make sure your test modules/packages have valid Python names.
Traceback:
../.pyenv/versions/3.11.10/lib/python3.11/importlib/__init__.py:126: in import_module
    return _bootstrap._gcd_import(name[level:], package, level)
           ^^^^^^^^^^^^^^^^^^^^^^^^^^^^^^^^^^^^^^^^^^^^^^^^^^^^
tests/autogen_op/ALL/test_ALL_aten_detach_default.py:8: in <module>
    import ttnn
E   ModuleNotFoundError: No module named 'ttnn'
______ ERROR collecting tests/autogen_op/ALL/test_ALL_aten_div_Scalar.py _______
ImportError while importing test module '/Users/Ajay17/pytorch2.0_ttnn/tests/autogen_op/ALL/test_ALL_aten_div_Scalar.py'.
Hint: make sure your test modules/packages have valid Python names.
Traceback:
../.pyenv/versions/3.11.10/lib/python3.11/importlib/__init__.py:126: in import_module
    return _bootstrap._gcd_import(name[level:], package, level)
           ^^^^^^^^^^^^^^^^^^^^^^^^^^^^^^^^^^^^^^^^^^^^^^^^^^^^
tests/autogen_op/ALL/test_ALL_aten_div_Scalar.py:8: in <module>
    import ttnn
E   ModuleNotFoundError: No module named 'ttnn'
______ ERROR collecting tests/autogen_op/ALL/test_ALL_aten_div_Tensor.py _______
ImportError while importing test module '/Users/Ajay17/pytorch2.0_ttnn/tests/autogen_op/ALL/test_ALL_aten_div_Tensor.py'.
Hint: make sure your test modules/packages have valid Python names.
Traceback:
../.pyenv/versions/3.11.10/lib/python3.11/importlib/__init__.py:126: in import_module
    return _bootstrap._gcd_import(name[level:], package, level)
           ^^^^^^^^^^^^^^^^^^^^^^^^^^^^^^^^^^^^^^^^^^^^^^^^^^^^
tests/autogen_op/ALL/test_ALL_aten_div_Tensor.py:8: in <module>
    import ttnn
E   ModuleNotFoundError: No module named 'ttnn'
_ ERROR collecting tests/autogen_op/ALL/test_ALL_aten_elu_backward_default.py __
ImportError while importing test module '/Users/Ajay17/pytorch2.0_ttnn/tests/autogen_op/ALL/test_ALL_aten_elu_backward_default.py'.
Hint: make sure your test modules/packages have valid Python names.
Traceback:
../.pyenv/versions/3.11.10/lib/python3.11/importlib/__init__.py:126: in import_module
    return _bootstrap._gcd_import(name[level:], package, level)
           ^^^^^^^^^^^^^^^^^^^^^^^^^^^^^^^^^^^^^^^^^^^^^^^^^^^^
tests/autogen_op/ALL/test_ALL_aten_elu_backward_default.py:8: in <module>
    import ttnn
E   ModuleNotFoundError: No module named 'ttnn'
______ ERROR collecting tests/autogen_op/ALL/test_ALL_aten_elu_default.py ______
ImportError while importing test module '/Users/Ajay17/pytorch2.0_ttnn/tests/autogen_op/ALL/test_ALL_aten_elu_default.py'.
Hint: make sure your test modules/packages have valid Python names.
Traceback:
../.pyenv/versions/3.11.10/lib/python3.11/importlib/__init__.py:126: in import_module
    return _bootstrap._gcd_import(name[level:], package, level)
           ^^^^^^^^^^^^^^^^^^^^^^^^^^^^^^^^^^^^^^^^^^^^^^^^^^^^
tests/autogen_op/ALL/test_ALL_aten_elu_default.py:8: in <module>
    import ttnn
E   ModuleNotFoundError: No module named 'ttnn'
___ ERROR collecting tests/autogen_op/ALL/test_ALL_aten_embedding_default.py ___
ImportError while importing test module '/Users/Ajay17/pytorch2.0_ttnn/tests/autogen_op/ALL/test_ALL_aten_embedding_default.py'.
Hint: make sure your test modules/packages have valid Python names.
Traceback:
../.pyenv/versions/3.11.10/lib/python3.11/importlib/__init__.py:126: in import_module
    return _bootstrap._gcd_import(name[level:], package, level)
           ^^^^^^^^^^^^^^^^^^^^^^^^^^^^^^^^^^^^^^^^^^^^^^^^^^^^
tests/autogen_op/ALL/test_ALL_aten_embedding_default.py:8: in <module>
    import ttnn
E   ModuleNotFoundError: No module named 'ttnn'
_ ERROR collecting tests/autogen_op/ALL/test_ALL_aten_embedding_dense_backward_default.py _
ImportError while importing test module '/Users/Ajay17/pytorch2.0_ttnn/tests/autogen_op/ALL/test_ALL_aten_embedding_dense_backward_default.py'.
Hint: make sure your test modules/packages have valid Python names.
Traceback:
../.pyenv/versions/3.11.10/lib/python3.11/importlib/__init__.py:126: in import_module
    return _bootstrap._gcd_import(name[level:], package, level)
           ^^^^^^^^^^^^^^^^^^^^^^^^^^^^^^^^^^^^^^^^^^^^^^^^^^^^
tests/autogen_op/ALL/test_ALL_aten_embedding_dense_backward_default.py:8: in <module>
    import ttnn
E   ModuleNotFoundError: No module named 'ttnn'
__ ERROR collecting tests/autogen_op/ALL/test_ALL_aten_empty_memory_format.py __
ImportError while importing test module '/Users/Ajay17/pytorch2.0_ttnn/tests/autogen_op/ALL/test_ALL_aten_empty_memory_format.py'.
Hint: make sure your test modules/packages have valid Python names.
Traceback:
../.pyenv/versions/3.11.10/lib/python3.11/importlib/__init__.py:126: in import_module
    return _bootstrap._gcd_import(name[level:], package, level)
           ^^^^^^^^^^^^^^^^^^^^^^^^^^^^^^^^^^^^^^^^^^^^^^^^^^^^
tests/autogen_op/ALL/test_ALL_aten_empty_memory_format.py:8: in <module>
    import ttnn
E   ModuleNotFoundError: No module named 'ttnn'
_______ ERROR collecting tests/autogen_op/ALL/test_ALL_aten_eq_Scalar.py _______
ImportError while importing test module '/Users/Ajay17/pytorch2.0_ttnn/tests/autogen_op/ALL/test_ALL_aten_eq_Scalar.py'.
Hint: make sure your test modules/packages have valid Python names.
Traceback:
../.pyenv/versions/3.11.10/lib/python3.11/importlib/__init__.py:126: in import_module
    return _bootstrap._gcd_import(name[level:], package, level)
           ^^^^^^^^^^^^^^^^^^^^^^^^^^^^^^^^^^^^^^^^^^^^^^^^^^^^
tests/autogen_op/ALL/test_ALL_aten_eq_Scalar.py:8: in <module>
    import ttnn
E   ModuleNotFoundError: No module named 'ttnn'
______ ERROR collecting tests/autogen_op/ALL/test_ALL_aten_exp_default.py ______
ImportError while importing test module '/Users/Ajay17/pytorch2.0_ttnn/tests/autogen_op/ALL/test_ALL_aten_exp_default.py'.
Hint: make sure your test modules/packages have valid Python names.
Traceback:
../.pyenv/versions/3.11.10/lib/python3.11/importlib/__init__.py:126: in import_module
    return _bootstrap._gcd_import(name[level:], package, level)
           ^^^^^^^^^^^^^^^^^^^^^^^^^^^^^^^^^^^^^^^^^^^^^^^^^^^^
tests/autogen_op/ALL/test_ALL_aten_exp_default.py:8: in <module>
    import ttnn
E   ModuleNotFoundError: No module named 'ttnn'
____ ERROR collecting tests/autogen_op/ALL/test_ALL_aten_expand_default.py _____
ImportError while importing test module '/Users/Ajay17/pytorch2.0_ttnn/tests/autogen_op/ALL/test_ALL_aten_expand_default.py'.
Hint: make sure your test modules/packages have valid Python names.
Traceback:
../.pyenv/versions/3.11.10/lib/python3.11/importlib/__init__.py:126: in import_module
    return _bootstrap._gcd_import(name[level:], package, level)
           ^^^^^^^^^^^^^^^^^^^^^^^^^^^^^^^^^^^^^^^^^^^^^^^^^^^^
tests/autogen_op/ALL/test_ALL_aten_expand_default.py:8: in <module>
    import ttnn
E   ModuleNotFoundError: No module named 'ttnn'
______ ERROR collecting tests/autogen_op/ALL/test_ALL_aten_fill_Scalar.py ______
ImportError while importing test module '/Users/Ajay17/pytorch2.0_ttnn/tests/autogen_op/ALL/test_ALL_aten_fill_Scalar.py'.
Hint: make sure your test modules/packages have valid Python names.
Traceback:
../.pyenv/versions/3.11.10/lib/python3.11/importlib/__init__.py:126: in import_module
    return _bootstrap._gcd_import(name[level:], package, level)
           ^^^^^^^^^^^^^^^^^^^^^^^^^^^^^^^^^^^^^^^^^^^^^^^^^^^^
tests/autogen_op/ALL/test_ALL_aten_fill_Scalar.py:8: in <module>
    import ttnn
E   ModuleNotFoundError: No module named 'ttnn'
_____ ERROR collecting tests/autogen_op/ALL/test_ALL_aten_floor_default.py _____
ImportError while importing test module '/Users/Ajay17/pytorch2.0_ttnn/tests/autogen_op/ALL/test_ALL_aten_floor_default.py'.
Hint: make sure your test modules/packages have valid Python names.
Traceback:
../.pyenv/versions/3.11.10/lib/python3.11/importlib/__init__.py:126: in import_module
    return _bootstrap._gcd_import(name[level:], package, level)
           ^^^^^^^^^^^^^^^^^^^^^^^^^^^^^^^^^^^^^^^^^^^^^^^^^^^^
tests/autogen_op/ALL/test_ALL_aten_floor_default.py:8: in <module>
    import ttnn
E   ModuleNotFoundError: No module named 'ttnn'
_____ ERROR collecting tests/autogen_op/ALL/test_ALL_aten_full_default.py ______
ImportError while importing test module '/Users/Ajay17/pytorch2.0_ttnn/tests/autogen_op/ALL/test_ALL_aten_full_default.py'.
Hint: make sure your test modules/packages have valid Python names.
Traceback:
../.pyenv/versions/3.11.10/lib/python3.11/importlib/__init__.py:126: in import_module
    return _bootstrap._gcd_import(name[level:], package, level)
           ^^^^^^^^^^^^^^^^^^^^^^^^^^^^^^^^^^^^^^^^^^^^^^^^^^^^
tests/autogen_op/ALL/test_ALL_aten_full_default.py:8: in <module>
    import ttnn
E   ModuleNotFoundError: No module named 'ttnn'
___ ERROR collecting tests/autogen_op/ALL/test_ALL_aten_full_like_default.py ___
ImportError while importing test module '/Users/Ajay17/pytorch2.0_ttnn/tests/autogen_op/ALL/test_ALL_aten_full_like_default.py'.
Hint: make sure your test modules/packages have valid Python names.
Traceback:
../.pyenv/versions/3.11.10/lib/python3.11/importlib/__init__.py:126: in import_module
    return _bootstrap._gcd_import(name[level:], package, level)
           ^^^^^^^^^^^^^^^^^^^^^^^^^^^^^^^^^^^^^^^^^^^^^^^^^^^^
tests/autogen_op/ALL/test_ALL_aten_full_like_default.py:8: in <module>
    import ttnn
E   ModuleNotFoundError: No module named 'ttnn'
_ ERROR collecting tests/autogen_op/ALL/test_ALL_aten_gelu_backward_default.py _
ImportError while importing test module '/Users/Ajay17/pytorch2.0_ttnn/tests/autogen_op/ALL/test_ALL_aten_gelu_backward_default.py'.
Hint: make sure your test modules/packages have valid Python names.
Traceback:
../.pyenv/versions/3.11.10/lib/python3.11/importlib/__init__.py:126: in import_module
    return _bootstrap._gcd_import(name[level:], package, level)
           ^^^^^^^^^^^^^^^^^^^^^^^^^^^^^^^^^^^^^^^^^^^^^^^^^^^^
tests/autogen_op/ALL/test_ALL_aten_gelu_backward_default.py:8: in <module>
    import ttnn
E   ModuleNotFoundError: No module named 'ttnn'
_____ ERROR collecting tests/autogen_op/ALL/test_ALL_aten_gelu_default.py ______
ImportError while importing test module '/Users/Ajay17/pytorch2.0_ttnn/tests/autogen_op/ALL/test_ALL_aten_gelu_default.py'.
Hint: make sure your test modules/packages have valid Python names.
Traceback:
../.pyenv/versions/3.11.10/lib/python3.11/importlib/__init__.py:126: in import_module
    return _bootstrap._gcd_import(name[level:], package, level)
           ^^^^^^^^^^^^^^^^^^^^^^^^^^^^^^^^^^^^^^^^^^^^^^^^^^^^
tests/autogen_op/ALL/test_ALL_aten_gelu_default.py:8: in <module>
    import ttnn
E   ModuleNotFoundError: No module named 'ttnn'
_______ ERROR collecting tests/autogen_op/ALL/test_ALL_aten_gt_Scalar.py _______
ImportError while importing test module '/Users/Ajay17/pytorch2.0_ttnn/tests/autogen_op/ALL/test_ALL_aten_gt_Scalar.py'.
Hint: make sure your test modules/packages have valid Python names.
Traceback:
../.pyenv/versions/3.11.10/lib/python3.11/importlib/__init__.py:126: in import_module
    return _bootstrap._gcd_import(name[level:], package, level)
           ^^^^^^^^^^^^^^^^^^^^^^^^^^^^^^^^^^^^^^^^^^^^^^^^^^^^
tests/autogen_op/ALL/test_ALL_aten_gt_Scalar.py:8: in <module>
    import ttnn
E   ModuleNotFoundError: No module named 'ttnn'
_ ERROR collecting tests/autogen_op/ALL/test_ALL_aten_hardsigmoid_backward_default.py _
ImportError while importing test module '/Users/Ajay17/pytorch2.0_ttnn/tests/autogen_op/ALL/test_ALL_aten_hardsigmoid_backward_default.py'.
Hint: make sure your test modules/packages have valid Python names.
Traceback:
../.pyenv/versions/3.11.10/lib/python3.11/importlib/__init__.py:126: in import_module
    return _bootstrap._gcd_import(name[level:], package, level)
           ^^^^^^^^^^^^^^^^^^^^^^^^^^^^^^^^^^^^^^^^^^^^^^^^^^^^
tests/autogen_op/ALL/test_ALL_aten_hardsigmoid_backward_default.py:8: in <module>
    import ttnn
E   ModuleNotFoundError: No module named 'ttnn'
__ ERROR collecting tests/autogen_op/ALL/test_ALL_aten_hardsigmoid_default.py __
ImportError while importing test module '/Users/Ajay17/pytorch2.0_ttnn/tests/autogen_op/ALL/test_ALL_aten_hardsigmoid_default.py'.
Hint: make sure your test modules/packages have valid Python names.
Traceback:
../.pyenv/versions/3.11.10/lib/python3.11/importlib/__init__.py:126: in import_module
    return _bootstrap._gcd_import(name[level:], package, level)
           ^^^^^^^^^^^^^^^^^^^^^^^^^^^^^^^^^^^^^^^^^^^^^^^^^^^^
tests/autogen_op/ALL/test_ALL_aten_hardsigmoid_default.py:8: in <module>
    import ttnn
E   ModuleNotFoundError: No module named 'ttnn'
___ ERROR collecting tests/autogen_op/ALL/test_ALL_aten_hardswish_default.py ___
ImportError while importing test module '/Users/Ajay17/pytorch2.0_ttnn/tests/autogen_op/ALL/test_ALL_aten_hardswish_default.py'.
Hint: make sure your test modules/packages have valid Python names.
Traceback:
../.pyenv/versions/3.11.10/lib/python3.11/importlib/__init__.py:126: in import_module
    return _bootstrap._gcd_import(name[level:], package, level)
           ^^^^^^^^^^^^^^^^^^^^^^^^^^^^^^^^^^^^^^^^^^^^^^^^^^^^
tests/autogen_op/ALL/test_ALL_aten_hardswish_default.py:8: in <module>
    import ttnn
E   ModuleNotFoundError: No module named 'ttnn'
_ ERROR collecting tests/autogen_op/ALL/test_ALL_aten_hardtanh_backward_default.py _
ImportError while importing test module '/Users/Ajay17/pytorch2.0_ttnn/tests/autogen_op/ALL/test_ALL_aten_hardtanh_backward_default.py'.
Hint: make sure your test modules/packages have valid Python names.
Traceback:
../.pyenv/versions/3.11.10/lib/python3.11/importlib/__init__.py:126: in import_module
    return _bootstrap._gcd_import(name[level:], package, level)
           ^^^^^^^^^^^^^^^^^^^^^^^^^^^^^^^^^^^^^^^^^^^^^^^^^^^^
tests/autogen_op/ALL/test_ALL_aten_hardtanh_backward_default.py:8: in <module>
    import ttnn
E   ModuleNotFoundError: No module named 'ttnn'
___ ERROR collecting tests/autogen_op/ALL/test_ALL_aten_hardtanh_default.py ____
ImportError while importing test module '/Users/Ajay17/pytorch2.0_ttnn/tests/autogen_op/ALL/test_ALL_aten_hardtanh_default.py'.
Hint: make sure your test modules/packages have valid Python names.
Traceback:
../.pyenv/versions/3.11.10/lib/python3.11/importlib/__init__.py:126: in import_module
    return _bootstrap._gcd_import(name[level:], package, level)
           ^^^^^^^^^^^^^^^^^^^^^^^^^^^^^^^^^^^^^^^^^^^^^^^^^^^^
tests/autogen_op/ALL/test_ALL_aten_hardtanh_default.py:8: in <module>
    import ttnn
E   ModuleNotFoundError: No module named 'ttnn'
_____ ERROR collecting tests/autogen_op/ALL/test_ALL_aten_index_Tensor.py ______
ImportError while importing test module '/Users/Ajay17/pytorch2.0_ttnn/tests/autogen_op/ALL/test_ALL_aten_index_Tensor.py'.
Hint: make sure your test modules/packages have valid Python names.
Traceback:
../.pyenv/versions/3.11.10/lib/python3.11/importlib/__init__.py:126: in import_module
    return _bootstrap._gcd_import(name[level:], package, level)
           ^^^^^^^^^^^^^^^^^^^^^^^^^^^^^^^^^^^^^^^^^^^^^^^^^^^^
tests/autogen_op/ALL/test_ALL_aten_index_Tensor.py:8: in <module>
    import ttnn
E   ModuleNotFoundError: No module named 'ttnn'
___ ERROR collecting tests/autogen_op/ALL/test_ALL_aten_index_put_default.py ___
ImportError while importing test module '/Users/Ajay17/pytorch2.0_ttnn/tests/autogen_op/ALL/test_ALL_aten_index_put_default.py'.
Hint: make sure your test modules/packages have valid Python names.
Traceback:
../.pyenv/versions/3.11.10/lib/python3.11/importlib/__init__.py:126: in import_module
    return _bootstrap._gcd_import(name[level:], package, level)
           ^^^^^^^^^^^^^^^^^^^^^^^^^^^^^^^^^^^^^^^^^^^^^^^^^^^^
tests/autogen_op/ALL/test_ALL_aten_index_put_default.py:8: in <module>
    import ttnn
E   ModuleNotFoundError: No module named 'ttnn'
_ ERROR collecting tests/autogen_op/ALL/test_ALL_aten_index_select_default.py __
ImportError while importing test module '/Users/Ajay17/pytorch2.0_ttnn/tests/autogen_op/ALL/test_ALL_aten_index_select_default.py'.
Hint: make sure your test modules/packages have valid Python names.
Traceback:
../.pyenv/versions/3.11.10/lib/python3.11/importlib/__init__.py:126: in import_module
    return _bootstrap._gcd_import(name[level:], package, level)
           ^^^^^^^^^^^^^^^^^^^^^^^^^^^^^^^^^^^^^^^^^^^^^^^^^^^^
tests/autogen_op/ALL/test_ALL_aten_index_select_default.py:8: in <module>
    import ttnn
E   ModuleNotFoundError: No module named 'ttnn'
_______ ERROR collecting tests/autogen_op/ALL/test_ALL_aten_le_Tensor.py _______
ImportError while importing test module '/Users/Ajay17/pytorch2.0_ttnn/tests/autogen_op/ALL/test_ALL_aten_le_Tensor.py'.
Hint: make sure your test modules/packages have valid Python names.
Traceback:
../.pyenv/versions/3.11.10/lib/python3.11/importlib/__init__.py:126: in import_module
    return _bootstrap._gcd_import(name[level:], package, level)
           ^^^^^^^^^^^^^^^^^^^^^^^^^^^^^^^^^^^^^^^^^^^^^^^^^^^^
tests/autogen_op/ALL/test_ALL_aten_le_Tensor.py:8: in <module>
    import ttnn
E   ModuleNotFoundError: No module named 'ttnn'
__ ERROR collecting tests/autogen_op/ALL/test_ALL_aten_leaky_relu_default.py ___
ImportError while importing test module '/Users/Ajay17/pytorch2.0_ttnn/tests/autogen_op/ALL/test_ALL_aten_leaky_relu_default.py'.
Hint: make sure your test modules/packages have valid Python names.
Traceback:
../.pyenv/versions/3.11.10/lib/python3.11/importlib/__init__.py:126: in import_module
    return _bootstrap._gcd_import(name[level:], package, level)
           ^^^^^^^^^^^^^^^^^^^^^^^^^^^^^^^^^^^^^^^^^^^^^^^^^^^^
tests/autogen_op/ALL/test_ALL_aten_leaky_relu_default.py:8: in <module>
    import ttnn
E   ModuleNotFoundError: No module named 'ttnn'
_ ERROR collecting tests/autogen_op/ALL/test_ALL_aten_linalg_vector_norm_default.py _
ImportError while importing test module '/Users/Ajay17/pytorch2.0_ttnn/tests/autogen_op/ALL/test_ALL_aten_linalg_vector_norm_default.py'.
Hint: make sure your test modules/packages have valid Python names.
Traceback:
../.pyenv/versions/3.11.10/lib/python3.11/importlib/__init__.py:126: in import_module
    return _bootstrap._gcd_import(name[level:], package, level)
           ^^^^^^^^^^^^^^^^^^^^^^^^^^^^^^^^^^^^^^^^^^^^^^^^^^^^
tests/autogen_op/ALL/test_ALL_aten_linalg_vector_norm_default.py:8: in <module>
    import ttnn
E   ModuleNotFoundError: No module named 'ttnn'
______ ERROR collecting tests/autogen_op/ALL/test_ALL_aten_log_default.py ______
ImportError while importing test module '/Users/Ajay17/pytorch2.0_ttnn/tests/autogen_op/ALL/test_ALL_aten_log_default.py'.
Hint: make sure your test modules/packages have valid Python names.
Traceback:
../.pyenv/versions/3.11.10/lib/python3.11/importlib/__init__.py:126: in import_module
    return _bootstrap._gcd_import(name[level:], package, level)
           ^^^^^^^^^^^^^^^^^^^^^^^^^^^^^^^^^^^^^^^^^^^^^^^^^^^^
tests/autogen_op/ALL/test_ALL_aten_log_default.py:8: in <module>
    import ttnn
E   ModuleNotFoundError: No module named 'ttnn'
_______ ERROR collecting tests/autogen_op/ALL/test_ALL_aten_lt_Scalar.py _______
ImportError while importing test module '/Users/Ajay17/pytorch2.0_ttnn/tests/autogen_op/ALL/test_ALL_aten_lt_Scalar.py'.
Hint: make sure your test modules/packages have valid Python names.
Traceback:
../.pyenv/versions/3.11.10/lib/python3.11/importlib/__init__.py:126: in import_module
    return _bootstrap._gcd_import(name[level:], package, level)
           ^^^^^^^^^^^^^^^^^^^^^^^^^^^^^^^^^^^^^^^^^^^^^^^^^^^^
tests/autogen_op/ALL/test_ALL_aten_lt_Scalar.py:8: in <module>
    import ttnn
E   ModuleNotFoundError: No module named 'ttnn'
_______ ERROR collecting tests/autogen_op/ALL/test_ALL_aten_lt_Tensor.py _______
ImportError while importing test module '/Users/Ajay17/pytorch2.0_ttnn/tests/autogen_op/ALL/test_ALL_aten_lt_Tensor.py'.
Hint: make sure your test modules/packages have valid Python names.
Traceback:
../.pyenv/versions/3.11.10/lib/python3.11/importlib/__init__.py:126: in import_module
    return _bootstrap._gcd_import(name[level:], package, level)
           ^^^^^^^^^^^^^^^^^^^^^^^^^^^^^^^^^^^^^^^^^^^^^^^^^^^^
tests/autogen_op/ALL/test_ALL_aten_lt_Tensor.py:8: in <module>
    import ttnn
E   ModuleNotFoundError: No module named 'ttnn'
__ ERROR collecting tests/autogen_op/ALL/test_ALL_aten_masked_fill_Scalar.py ___
ImportError while importing test module '/Users/Ajay17/pytorch2.0_ttnn/tests/autogen_op/ALL/test_ALL_aten_masked_fill_Scalar.py'.
Hint: make sure your test modules/packages have valid Python names.
Traceback:
../.pyenv/versions/3.11.10/lib/python3.11/importlib/__init__.py:126: in import_module
    return _bootstrap._gcd_import(name[level:], package, level)
           ^^^^^^^^^^^^^^^^^^^^^^^^^^^^^^^^^^^^^^^^^^^^^^^^^^^^
tests/autogen_op/ALL/test_ALL_aten_masked_fill_Scalar.py:8: in <module>
    import ttnn
E   ModuleNotFoundError: No module named 'ttnn'
__ ERROR collecting tests/autogen_op/ALL/test_ALL_aten_masked_fill_Tensor.py ___
ImportError while importing test module '/Users/Ajay17/pytorch2.0_ttnn/tests/autogen_op/ALL/test_ALL_aten_masked_fill_Tensor.py'.
Hint: make sure your test modules/packages have valid Python names.
Traceback:
../.pyenv/versions/3.11.10/lib/python3.11/importlib/__init__.py:126: in import_module
    return _bootstrap._gcd_import(name[level:], package, level)
           ^^^^^^^^^^^^^^^^^^^^^^^^^^^^^^^^^^^^^^^^^^^^^^^^^^^^
tests/autogen_op/ALL/test_ALL_aten_masked_fill_Tensor.py:8: in <module>
    import ttnn
E   ModuleNotFoundError: No module named 'ttnn'
_ ERROR collecting tests/autogen_op/ALL/test_ALL_aten_max_pool2d_with_indices_backward_default.py _
ImportError while importing test module '/Users/Ajay17/pytorch2.0_ttnn/tests/autogen_op/ALL/test_ALL_aten_max_pool2d_with_indices_backward_default.py'.
Hint: make sure your test modules/packages have valid Python names.
Traceback:
../.pyenv/versions/3.11.10/lib/python3.11/importlib/__init__.py:126: in import_module
    return _bootstrap._gcd_import(name[level:], package, level)
           ^^^^^^^^^^^^^^^^^^^^^^^^^^^^^^^^^^^^^^^^^^^^^^^^^^^^
tests/autogen_op/ALL/test_ALL_aten_max_pool2d_with_indices_backward_default.py:8: in <module>
    import ttnn
E   ModuleNotFoundError: No module named 'ttnn'
_ ERROR collecting tests/autogen_op/ALL/test_ALL_aten_max_pool2d_with_indices_default.py _
ImportError while importing test module '/Users/Ajay17/pytorch2.0_ttnn/tests/autogen_op/ALL/test_ALL_aten_max_pool2d_with_indices_default.py'.
Hint: make sure your test modules/packages have valid Python names.
Traceback:
../.pyenv/versions/3.11.10/lib/python3.11/importlib/__init__.py:126: in import_module
    return _bootstrap._gcd_import(name[level:], package, level)
           ^^^^^^^^^^^^^^^^^^^^^^^^^^^^^^^^^^^^^^^^^^^^^^^^^^^^
tests/autogen_op/ALL/test_ALL_aten_max_pool2d_with_indices_default.py:8: in <module>
    import ttnn
E   ModuleNotFoundError: No module named 'ttnn'
____ ERROR collecting tests/autogen_op/ALL/test_ALL_aten_maximum_default.py ____
ImportError while importing test module '/Users/Ajay17/pytorch2.0_ttnn/tests/autogen_op/ALL/test_ALL_aten_maximum_default.py'.
Hint: make sure your test modules/packages have valid Python names.
Traceback:
../.pyenv/versions/3.11.10/lib/python3.11/importlib/__init__.py:126: in import_module
    return _bootstrap._gcd_import(name[level:], package, level)
           ^^^^^^^^^^^^^^^^^^^^^^^^^^^^^^^^^^^^^^^^^^^^^^^^^^^^
tests/autogen_op/ALL/test_ALL_aten_maximum_default.py:8: in <module>
    import ttnn
E   ModuleNotFoundError: No module named 'ttnn'
_______ ERROR collecting tests/autogen_op/ALL/test_ALL_aten_mean_dim.py ________
ImportError while importing test module '/Users/Ajay17/pytorch2.0_ttnn/tests/autogen_op/ALL/test_ALL_aten_mean_dim.py'.
Hint: make sure your test modules/packages have valid Python names.
Traceback:
../.pyenv/versions/3.11.10/lib/python3.11/importlib/__init__.py:126: in import_module
    return _bootstrap._gcd_import(name[level:], package, level)
           ^^^^^^^^^^^^^^^^^^^^^^^^^^^^^^^^^^^^^^^^^^^^^^^^^^^^
tests/autogen_op/ALL/test_ALL_aten_mean_dim.py:8: in <module>
    import ttnn
E   ModuleNotFoundError: No module named 'ttnn'
____ ERROR collecting tests/autogen_op/ALL/test_ALL_aten_minimum_default.py ____
ImportError while importing test module '/Users/Ajay17/pytorch2.0_ttnn/tests/autogen_op/ALL/test_ALL_aten_minimum_default.py'.
Hint: make sure your test modules/packages have valid Python names.
Traceback:
../.pyenv/versions/3.11.10/lib/python3.11/importlib/__init__.py:126: in import_module
    return _bootstrap._gcd_import(name[level:], package, level)
           ^^^^^^^^^^^^^^^^^^^^^^^^^^^^^^^^^^^^^^^^^^^^^^^^^^^^
tests/autogen_op/ALL/test_ALL_aten_minimum_default.py:8: in <module>
    import ttnn
E   ModuleNotFoundError: No module named 'ttnn'
______ ERROR collecting tests/autogen_op/ALL/test_ALL_aten_mm_default.py _______
ImportError while importing test module '/Users/Ajay17/pytorch2.0_ttnn/tests/autogen_op/ALL/test_ALL_aten_mm_default.py'.
Hint: make sure your test modules/packages have valid Python names.
Traceback:
../.pyenv/versions/3.11.10/lib/python3.11/importlib/__init__.py:126: in import_module
    return _bootstrap._gcd_import(name[level:], package, level)
           ^^^^^^^^^^^^^^^^^^^^^^^^^^^^^^^^^^^^^^^^^^^^^^^^^^^^
tests/autogen_op/ALL/test_ALL_aten_mm_default.py:8: in <module>
    import ttnn
E   ModuleNotFoundError: No module named 'ttnn'
______ ERROR collecting tests/autogen_op/ALL/test_ALL_aten_mul_Tensor.py _______
ImportError while importing test module '/Users/Ajay17/pytorch2.0_ttnn/tests/autogen_op/ALL/test_ALL_aten_mul_Tensor.py'.
Hint: make sure your test modules/packages have valid Python names.
Traceback:
../.pyenv/versions/3.11.10/lib/python3.11/importlib/__init__.py:126: in import_module
    return _bootstrap._gcd_import(name[level:], package, level)
           ^^^^^^^^^^^^^^^^^^^^^^^^^^^^^^^^^^^^^^^^^^^^^^^^^^^^
tests/autogen_op/ALL/test_ALL_aten_mul_Tensor.py:8: in <module>
    import ttnn
E   ModuleNotFoundError: No module named 'ttnn'
_ ERROR collecting tests/autogen_op/ALL/test_ALL_aten_native_batch_norm_backward_default.py _
ImportError while importing test module '/Users/Ajay17/pytorch2.0_ttnn/tests/autogen_op/ALL/test_ALL_aten_native_batch_norm_backward_default.py'.
Hint: make sure your test modules/packages have valid Python names.
Traceback:
../.pyenv/versions/3.11.10/lib/python3.11/importlib/__init__.py:126: in import_module
    return _bootstrap._gcd_import(name[level:], package, level)
           ^^^^^^^^^^^^^^^^^^^^^^^^^^^^^^^^^^^^^^^^^^^^^^^^^^^^
tests/autogen_op/ALL/test_ALL_aten_native_batch_norm_backward_default.py:8: in <module>
    import ttnn
E   ModuleNotFoundError: No module named 'ttnn'
_ ERROR collecting tests/autogen_op/ALL/test_ALL_aten_native_dropout_backward_default.py _
ImportError while importing test module '/Users/Ajay17/pytorch2.0_ttnn/tests/autogen_op/ALL/test_ALL_aten_native_dropout_backward_default.py'.
Hint: make sure your test modules/packages have valid Python names.
Traceback:
../.pyenv/versions/3.11.10/lib/python3.11/importlib/__init__.py:126: in import_module
    return _bootstrap._gcd_import(name[level:], package, level)
           ^^^^^^^^^^^^^^^^^^^^^^^^^^^^^^^^^^^^^^^^^^^^^^^^^^^^
tests/autogen_op/ALL/test_ALL_aten_native_dropout_backward_default.py:8: in <module>
    import ttnn
E   ModuleNotFoundError: No module named 'ttnn'
_ ERROR collecting tests/autogen_op/ALL/test_ALL_aten_native_dropout_default.py _
ImportError while importing test module '/Users/Ajay17/pytorch2.0_ttnn/tests/autogen_op/ALL/test_ALL_aten_native_dropout_default.py'.
Hint: make sure your test modules/packages have valid Python names.
Traceback:
../.pyenv/versions/3.11.10/lib/python3.11/importlib/__init__.py:126: in import_module
    return _bootstrap._gcd_import(name[level:], package, level)
           ^^^^^^^^^^^^^^^^^^^^^^^^^^^^^^^^^^^^^^^^^^^^^^^^^^^^
tests/autogen_op/ALL/test_ALL_aten_native_dropout_default.py:8: in <module>
    import ttnn
E   ModuleNotFoundError: No module named 'ttnn'
_ ERROR collecting tests/autogen_op/ALL/test_ALL_aten_native_group_norm_default.py _
ImportError while importing test module '/Users/Ajay17/pytorch2.0_ttnn/tests/autogen_op/ALL/test_ALL_aten_native_group_norm_default.py'.
Hint: make sure your test modules/packages have valid Python names.
Traceback:
../.pyenv/versions/3.11.10/lib/python3.11/importlib/__init__.py:126: in import_module
    return _bootstrap._gcd_import(name[level:], package, level)
           ^^^^^^^^^^^^^^^^^^^^^^^^^^^^^^^^^^^^^^^^^^^^^^^^^^^^
tests/autogen_op/ALL/test_ALL_aten_native_group_norm_default.py:8: in <module>
    import ttnn
E   ModuleNotFoundError: No module named 'ttnn'
_ ERROR collecting tests/autogen_op/ALL/test_ALL_aten_native_layer_norm_backward_default.py _
ImportError while importing test module '/Users/Ajay17/pytorch2.0_ttnn/tests/autogen_op/ALL/test_ALL_aten_native_layer_norm_backward_default.py'.
Hint: make sure your test modules/packages have valid Python names.
Traceback:
../.pyenv/versions/3.11.10/lib/python3.11/importlib/__init__.py:126: in import_module
    return _bootstrap._gcd_import(name[level:], package, level)
           ^^^^^^^^^^^^^^^^^^^^^^^^^^^^^^^^^^^^^^^^^^^^^^^^^^^^
tests/autogen_op/ALL/test_ALL_aten_native_layer_norm_backward_default.py:8: in <module>
    import ttnn
E   ModuleNotFoundError: No module named 'ttnn'
_ ERROR collecting tests/autogen_op/ALL/test_ALL_aten_native_layer_norm_default.py _
ImportError while importing test module '/Users/Ajay17/pytorch2.0_ttnn/tests/autogen_op/ALL/test_ALL_aten_native_layer_norm_default.py'.
Hint: make sure your test modules/packages have valid Python names.
Traceback:
../.pyenv/versions/3.11.10/lib/python3.11/importlib/__init__.py:126: in import_module
    return _bootstrap._gcd_import(name[level:], package, level)
           ^^^^^^^^^^^^^^^^^^^^^^^^^^^^^^^^^^^^^^^^^^^^^^^^^^^^
tests/autogen_op/ALL/test_ALL_aten_native_layer_norm_default.py:8: in <module>
    import ttnn
E   ModuleNotFoundError: No module named 'ttnn'
_______ ERROR collecting tests/autogen_op/ALL/test_ALL_aten_ne_Scalar.py _______
ImportError while importing test module '/Users/Ajay17/pytorch2.0_ttnn/tests/autogen_op/ALL/test_ALL_aten_ne_Scalar.py'.
Hint: make sure your test modules/packages have valid Python names.
Traceback:
../.pyenv/versions/3.11.10/lib/python3.11/importlib/__init__.py:126: in import_module
    return _bootstrap._gcd_import(name[level:], package, level)
           ^^^^^^^^^^^^^^^^^^^^^^^^^^^^^^^^^^^^^^^^^^^^^^^^^^^^
tests/autogen_op/ALL/test_ALL_aten_ne_Scalar.py:8: in <module>
    import ttnn
E   ModuleNotFoundError: No module named 'ttnn'
______ ERROR collecting tests/autogen_op/ALL/test_ALL_aten_neg_default.py ______
ImportError while importing test module '/Users/Ajay17/pytorch2.0_ttnn/tests/autogen_op/ALL/test_ALL_aten_neg_default.py'.
Hint: make sure your test modules/packages have valid Python names.
Traceback:
../.pyenv/versions/3.11.10/lib/python3.11/importlib/__init__.py:126: in import_module
    return _bootstrap._gcd_import(name[level:], package, level)
           ^^^^^^^^^^^^^^^^^^^^^^^^^^^^^^^^^^^^^^^^^^^^^^^^^^^^
tests/autogen_op/ALL/test_ALL_aten_neg_default.py:8: in <module>
    import ttnn
E   ModuleNotFoundError: No module named 'ttnn'
_ ERROR collecting tests/autogen_op/ALL/test_ALL_aten_new_empty_strided_default.py _
ImportError while importing test module '/Users/Ajay17/pytorch2.0_ttnn/tests/autogen_op/ALL/test_ALL_aten_new_empty_strided_default.py'.
Hint: make sure your test modules/packages have valid Python names.
Traceback:
../.pyenv/versions/3.11.10/lib/python3.11/importlib/__init__.py:126: in import_module
    return _bootstrap._gcd_import(name[level:], package, level)
           ^^^^^^^^^^^^^^^^^^^^^^^^^^^^^^^^^^^^^^^^^^^^^^^^^^^^
tests/autogen_op/ALL/test_ALL_aten_new_empty_strided_default.py:8: in <module>
    import ttnn
E   ModuleNotFoundError: No module named 'ttnn'
___ ERROR collecting tests/autogen_op/ALL/test_ALL_aten_new_full_default.py ____
ImportError while importing test module '/Users/Ajay17/pytorch2.0_ttnn/tests/autogen_op/ALL/test_ALL_aten_new_full_default.py'.
Hint: make sure your test modules/packages have valid Python names.
Traceback:
../.pyenv/versions/3.11.10/lib/python3.11/importlib/__init__.py:126: in import_module
    return _bootstrap._gcd_import(name[level:], package, level)
           ^^^^^^^^^^^^^^^^^^^^^^^^^^^^^^^^^^^^^^^^^^^^^^^^^^^^
tests/autogen_op/ALL/test_ALL_aten_new_full_default.py:8: in <module>
    import ttnn
E   ModuleNotFoundError: No module named 'ttnn'
___ ERROR collecting tests/autogen_op/ALL/test_ALL_aten_new_ones_default.py ____
ImportError while importing test module '/Users/Ajay17/pytorch2.0_ttnn/tests/autogen_op/ALL/test_ALL_aten_new_ones_default.py'.
Hint: make sure your test modules/packages have valid Python names.
Traceback:
../.pyenv/versions/3.11.10/lib/python3.11/importlib/__init__.py:126: in import_module
    return _bootstrap._gcd_import(name[level:], package, level)
           ^^^^^^^^^^^^^^^^^^^^^^^^^^^^^^^^^^^^^^^^^^^^^^^^^^^^
tests/autogen_op/ALL/test_ALL_aten_new_ones_default.py:8: in <module>
    import ttnn
E   ModuleNotFoundError: No module named 'ttnn'
___ ERROR collecting tests/autogen_op/ALL/test_ALL_aten_new_zeros_default.py ___
ImportError while importing test module '/Users/Ajay17/pytorch2.0_ttnn/tests/autogen_op/ALL/test_ALL_aten_new_zeros_default.py'.
Hint: make sure your test modules/packages have valid Python names.
Traceback:
../.pyenv/versions/3.11.10/lib/python3.11/importlib/__init__.py:126: in import_module
    return _bootstrap._gcd_import(name[level:], package, level)
           ^^^^^^^^^^^^^^^^^^^^^^^^^^^^^^^^^^^^^^^^^^^^^^^^^^^^
tests/autogen_op/ALL/test_ALL_aten_new_zeros_default.py:8: in <module>
    import ttnn
E   ModuleNotFoundError: No module named 'ttnn'
_ ERROR collecting tests/autogen_op/ALL/test_ALL_aten_nll_loss_forward_default.py _
ImportError while importing test module '/Users/Ajay17/pytorch2.0_ttnn/tests/autogen_op/ALL/test_ALL_aten_nll_loss_forward_default.py'.
Hint: make sure your test modules/packages have valid Python names.
Traceback:
../.pyenv/versions/3.11.10/lib/python3.11/importlib/__init__.py:126: in import_module
    return _bootstrap._gcd_import(name[level:], package, level)
           ^^^^^^^^^^^^^^^^^^^^^^^^^^^^^^^^^^^^^^^^^^^^^^^^^^^^
tests/autogen_op/ALL/test_ALL_aten_nll_loss_forward_default.py:8: in <module>
    import ttnn
E   ModuleNotFoundError: No module named 'ttnn'
_____ ERROR collecting tests/autogen_op/ALL/test_ALL_aten_ones_default.py ______
ImportError while importing test module '/Users/Ajay17/pytorch2.0_ttnn/tests/autogen_op/ALL/test_ALL_aten_ones_default.py'.
Hint: make sure your test modules/packages have valid Python names.
Traceback:
../.pyenv/versions/3.11.10/lib/python3.11/importlib/__init__.py:126: in import_module
    return _bootstrap._gcd_import(name[level:], package, level)
           ^^^^^^^^^^^^^^^^^^^^^^^^^^^^^^^^^^^^^^^^^^^^^^^^^^^^
tests/autogen_op/ALL/test_ALL_aten_ones_default.py:8: in <module>
    import ttnn
E   ModuleNotFoundError: No module named 'ttnn'
____ ERROR collecting tests/autogen_op/ALL/test_ALL_aten_permute_default.py ____
ImportError while importing test module '/Users/Ajay17/pytorch2.0_ttnn/tests/autogen_op/ALL/test_ALL_aten_permute_default.py'.
Hint: make sure your test modules/packages have valid Python names.
Traceback:
../.pyenv/versions/3.11.10/lib/python3.11/importlib/__init__.py:126: in import_module
    return _bootstrap._gcd_import(name[level:], package, level)
           ^^^^^^^^^^^^^^^^^^^^^^^^^^^^^^^^^^^^^^^^^^^^^^^^^^^^
tests/autogen_op/ALL/test_ALL_aten_permute_default.py:8: in <module>
    import ttnn
E   ModuleNotFoundError: No module named 'ttnn'
______ ERROR collecting tests/autogen_op/ALL/test_ALL_aten_pow_Scalar.py _______
ImportError while importing test module '/Users/Ajay17/pytorch2.0_ttnn/tests/autogen_op/ALL/test_ALL_aten_pow_Scalar.py'.
Hint: make sure your test modules/packages have valid Python names.
Traceback:
../.pyenv/versions/3.11.10/lib/python3.11/importlib/__init__.py:126: in import_module
    return _bootstrap._gcd_import(name[level:], package, level)
           ^^^^^^^^^^^^^^^^^^^^^^^^^^^^^^^^^^^^^^^^^^^^^^^^^^^^
tests/autogen_op/ALL/test_ALL_aten_pow_Scalar.py:8: in <module>
    import ttnn
E   ModuleNotFoundError: No module named 'ttnn'
___ ERROR collecting tests/autogen_op/ALL/test_ALL_aten_pow_Tensor_Scalar.py ___
ImportError while importing test module '/Users/Ajay17/pytorch2.0_ttnn/tests/autogen_op/ALL/test_ALL_aten_pow_Tensor_Scalar.py'.
Hint: make sure your test modules/packages have valid Python names.
Traceback:
../.pyenv/versions/3.11.10/lib/python3.11/importlib/__init__.py:126: in import_module
    return _bootstrap._gcd_import(name[level:], package, level)
           ^^^^^^^^^^^^^^^^^^^^^^^^^^^^^^^^^^^^^^^^^^^^^^^^^^^^
tests/autogen_op/ALL/test_ALL_aten_pow_Tensor_Scalar.py:8: in <module>
    import ttnn
E   ModuleNotFoundError: No module named 'ttnn'
_____ ERROR collecting tests/autogen_op/ALL/test_ALL_aten_rand_default.py ______
ImportError while importing test module '/Users/Ajay17/pytorch2.0_ttnn/tests/autogen_op/ALL/test_ALL_aten_rand_default.py'.
Hint: make sure your test modules/packages have valid Python names.
Traceback:
../.pyenv/versions/3.11.10/lib/python3.11/importlib/__init__.py:126: in import_module
    return _bootstrap._gcd_import(name[level:], package, level)
           ^^^^^^^^^^^^^^^^^^^^^^^^^^^^^^^^^^^^^^^^^^^^^^^^^^^^
tests/autogen_op/ALL/test_ALL_aten_rand_default.py:8: in <module>
    import ttnn
E   ModuleNotFoundError: No module named 'ttnn'
_____ ERROR collecting tests/autogen_op/ALL/test_ALL_aten_relu_default.py ______
ImportError while importing test module '/Users/Ajay17/pytorch2.0_ttnn/tests/autogen_op/ALL/test_ALL_aten_relu_default.py'.
Hint: make sure your test modules/packages have valid Python names.
Traceback:
../.pyenv/versions/3.11.10/lib/python3.11/importlib/__init__.py:126: in import_module
    return _bootstrap._gcd_import(name[level:], package, level)
           ^^^^^^^^^^^^^^^^^^^^^^^^^^^^^^^^^^^^^^^^^^^^^^^^^^^^
tests/autogen_op/ALL/test_ALL_aten_relu_default.py:8: in <module>
    import ttnn
E   ModuleNotFoundError: No module named 'ttnn'
___ ERROR collecting tests/autogen_op/ALL/test_ALL_aten_remainder_Scalar.py ____
ImportError while importing test module '/Users/Ajay17/pytorch2.0_ttnn/tests/autogen_op/ALL/test_ALL_aten_remainder_Scalar.py'.
Hint: make sure your test modules/packages have valid Python names.
Traceback:
../.pyenv/versions/3.11.10/lib/python3.11/importlib/__init__.py:126: in import_module
    return _bootstrap._gcd_import(name[level:], package, level)
           ^^^^^^^^^^^^^^^^^^^^^^^^^^^^^^^^^^^^^^^^^^^^^^^^^^^^
tests/autogen_op/ALL/test_ALL_aten_remainder_Scalar.py:8: in <module>
    import ttnn
E   ModuleNotFoundError: No module named 'ttnn'
____ ERROR collecting tests/autogen_op/ALL/test_ALL_aten_repeat_default.py _____
ImportError while importing test module '/Users/Ajay17/pytorch2.0_ttnn/tests/autogen_op/ALL/test_ALL_aten_repeat_default.py'.
Hint: make sure your test modules/packages have valid Python names.
Traceback:
../.pyenv/versions/3.11.10/lib/python3.11/importlib/__init__.py:126: in import_module
    return _bootstrap._gcd_import(name[level:], package, level)
           ^^^^^^^^^^^^^^^^^^^^^^^^^^^^^^^^^^^^^^^^^^^^^^^^^^^^
tests/autogen_op/ALL/test_ALL_aten_repeat_default.py:8: in <module>
    import ttnn
E   ModuleNotFoundError: No module named 'ttnn'
_____ ERROR collecting tests/autogen_op/ALL/test_ALL_aten_roll_default.py ______
ImportError while importing test module '/Users/Ajay17/pytorch2.0_ttnn/tests/autogen_op/ALL/test_ALL_aten_roll_default.py'.
Hint: make sure your test modules/packages have valid Python names.
Traceback:
../.pyenv/versions/3.11.10/lib/python3.11/importlib/__init__.py:126: in import_module
    return _bootstrap._gcd_import(name[level:], package, level)
           ^^^^^^^^^^^^^^^^^^^^^^^^^^^^^^^^^^^^^^^^^^^^^^^^^^^^
tests/autogen_op/ALL/test_ALL_aten_roll_default.py:8: in <module>
    import ttnn
E   ModuleNotFoundError: No module named 'ttnn'
_____ ERROR collecting tests/autogen_op/ALL/test_ALL_aten_rsqrt_default.py _____
ImportError while importing test module '/Users/Ajay17/pytorch2.0_ttnn/tests/autogen_op/ALL/test_ALL_aten_rsqrt_default.py'.
Hint: make sure your test modules/packages have valid Python names.
Traceback:
../.pyenv/versions/3.11.10/lib/python3.11/importlib/__init__.py:126: in import_module
    return _bootstrap._gcd_import(name[level:], package, level)
           ^^^^^^^^^^^^^^^^^^^^^^^^^^^^^^^^^^^^^^^^^^^^^^^^^^^^
tests/autogen_op/ALL/test_ALL_aten_rsqrt_default.py:8: in <module>
    import ttnn
E   ModuleNotFoundError: No module named 'ttnn'
______ ERROR collecting tests/autogen_op/ALL/test_ALL_aten_rsub_Scalar.py ______
ImportError while importing test module '/Users/Ajay17/pytorch2.0_ttnn/tests/autogen_op/ALL/test_ALL_aten_rsub_Scalar.py'.
Hint: make sure your test modules/packages have valid Python names.
Traceback:
../.pyenv/versions/3.11.10/lib/python3.11/importlib/__init__.py:126: in import_module
    return _bootstrap._gcd_import(name[level:], package, level)
           ^^^^^^^^^^^^^^^^^^^^^^^^^^^^^^^^^^^^^^^^^^^^^^^^^^^^
tests/autogen_op/ALL/test_ALL_aten_rsub_Scalar.py:8: in <module>
    import ttnn
E   ModuleNotFoundError: No module named 'ttnn'
_ ERROR collecting tests/autogen_op/ALL/test_ALL_aten_scalar_tensor_default.py _
ImportError while importing test module '/Users/Ajay17/pytorch2.0_ttnn/tests/autogen_op/ALL/test_ALL_aten_scalar_tensor_default.py'.
Hint: make sure your test modules/packages have valid Python names.
Traceback:
../.pyenv/versions/3.11.10/lib/python3.11/importlib/__init__.py:126: in import_module
    return _bootstrap._gcd_import(name[level:], package, level)
           ^^^^^^^^^^^^^^^^^^^^^^^^^^^^^^^^^^^^^^^^^^^^^^^^^^^^
tests/autogen_op/ALL/test_ALL_aten_scalar_tensor_default.py:8: in <module>
    import ttnn
E   ModuleNotFoundError: No module named 'ttnn'
_ ERROR collecting tests/autogen_op/ALL/test_ALL_aten_select_backward_default.py _
ImportError while importing test module '/Users/Ajay17/pytorch2.0_ttnn/tests/autogen_op/ALL/test_ALL_aten_select_backward_default.py'.
Hint: make sure your test modules/packages have valid Python names.
Traceback:
../.pyenv/versions/3.11.10/lib/python3.11/importlib/__init__.py:126: in import_module
    return _bootstrap._gcd_import(name[level:], package, level)
           ^^^^^^^^^^^^^^^^^^^^^^^^^^^^^^^^^^^^^^^^^^^^^^^^^^^^
tests/autogen_op/ALL/test_ALL_aten_select_backward_default.py:8: in <module>
    import ttnn
E   ModuleNotFoundError: No module named 'ttnn'
______ ERROR collecting tests/autogen_op/ALL/test_ALL_aten_select_int.py _______
ImportError while importing test module '/Users/Ajay17/pytorch2.0_ttnn/tests/autogen_op/ALL/test_ALL_aten_select_int.py'.
Hint: make sure your test modules/packages have valid Python names.
Traceback:
../.pyenv/versions/3.11.10/lib/python3.11/importlib/__init__.py:126: in import_module
    return _bootstrap._gcd_import(name[level:], package, level)
           ^^^^^^^^^^^^^^^^^^^^^^^^^^^^^^^^^^^^^^^^^^^^^^^^^^^^
tests/autogen_op/ALL/test_ALL_aten_select_int.py:8: in <module>
    import ttnn
E   ModuleNotFoundError: No module named 'ttnn'
_ ERROR collecting tests/autogen_op/ALL/test_ALL_aten_sigmoid_backward_default.py _
ImportError while importing test module '/Users/Ajay17/pytorch2.0_ttnn/tests/autogen_op/ALL/test_ALL_aten_sigmoid_backward_default.py'.
Hint: make sure your test modules/packages have valid Python names.
Traceback:
../.pyenv/versions/3.11.10/lib/python3.11/importlib/__init__.py:126: in import_module
    return _bootstrap._gcd_import(name[level:], package, level)
           ^^^^^^^^^^^^^^^^^^^^^^^^^^^^^^^^^^^^^^^^^^^^^^^^^^^^
tests/autogen_op/ALL/test_ALL_aten_sigmoid_backward_default.py:8: in <module>
    import ttnn
E   ModuleNotFoundError: No module named 'ttnn'
____ ERROR collecting tests/autogen_op/ALL/test_ALL_aten_sigmoid_default.py ____
ImportError while importing test module '/Users/Ajay17/pytorch2.0_ttnn/tests/autogen_op/ALL/test_ALL_aten_sigmoid_default.py'.
Hint: make sure your test modules/packages have valid Python names.
Traceback:
../.pyenv/versions/3.11.10/lib/python3.11/importlib/__init__.py:126: in import_module
    return _bootstrap._gcd_import(name[level:], package, level)
           ^^^^^^^^^^^^^^^^^^^^^^^^^^^^^^^^^^^^^^^^^^^^^^^^^^^^
tests/autogen_op/ALL/test_ALL_aten_sigmoid_default.py:8: in <module>
    import ttnn
E   ModuleNotFoundError: No module named 'ttnn'
_____ ERROR collecting tests/autogen_op/ALL/test_ALL_aten_silu_default.py ______
ImportError while importing test module '/Users/Ajay17/pytorch2.0_ttnn/tests/autogen_op/ALL/test_ALL_aten_silu_default.py'.
Hint: make sure your test modules/packages have valid Python names.
Traceback:
../.pyenv/versions/3.11.10/lib/python3.11/importlib/__init__.py:126: in import_module
    return _bootstrap._gcd_import(name[level:], package, level)
           ^^^^^^^^^^^^^^^^^^^^^^^^^^^^^^^^^^^^^^^^^^^^^^^^^^^^
tests/autogen_op/ALL/test_ALL_aten_silu_default.py:8: in <module>
    import ttnn
E   ModuleNotFoundError: No module named 'ttnn'
______ ERROR collecting tests/autogen_op/ALL/test_ALL_aten_sin_default.py ______
ImportError while importing test module '/Users/Ajay17/pytorch2.0_ttnn/tests/autogen_op/ALL/test_ALL_aten_sin_default.py'.
Hint: make sure your test modules/packages have valid Python names.
Traceback:
../.pyenv/versions/3.11.10/lib/python3.11/importlib/__init__.py:126: in import_module
    return _bootstrap._gcd_import(name[level:], package, level)
           ^^^^^^^^^^^^^^^^^^^^^^^^^^^^^^^^^^^^^^^^^^^^^^^^^^^^
tests/autogen_op/ALL/test_ALL_aten_sin_default.py:8: in <module>
    import ttnn
E   ModuleNotFoundError: No module named 'ttnn'
_____ ERROR collecting tests/autogen_op/ALL/test_ALL_aten_slice_Tensor.py ______
ImportError while importing test module '/Users/Ajay17/pytorch2.0_ttnn/tests/autogen_op/ALL/test_ALL_aten_slice_Tensor.py'.
Hint: make sure your test modules/packages have valid Python names.
Traceback:
../.pyenv/versions/3.11.10/lib/python3.11/importlib/__init__.py:126: in import_module
    return _bootstrap._gcd_import(name[level:], package, level)
           ^^^^^^^^^^^^^^^^^^^^^^^^^^^^^^^^^^^^^^^^^^^^^^^^^^^^
tests/autogen_op/ALL/test_ALL_aten_slice_Tensor.py:8: in <module>
    import ttnn
E   ModuleNotFoundError: No module named 'ttnn'
_ ERROR collecting tests/autogen_op/ALL/test_ALL_aten_slice_backward_default.py _
ImportError while importing test module '/Users/Ajay17/pytorch2.0_ttnn/tests/autogen_op/ALL/test_ALL_aten_slice_backward_default.py'.
Hint: make sure your test modules/packages have valid Python names.
Traceback:
../.pyenv/versions/3.11.10/lib/python3.11/importlib/__init__.py:126: in import_module
    return _bootstrap._gcd_import(name[level:], package, level)
           ^^^^^^^^^^^^^^^^^^^^^^^^^^^^^^^^^^^^^^^^^^^^^^^^^^^^
tests/autogen_op/ALL/test_ALL_aten_slice_backward_default.py:8: in <module>
    import ttnn
E   ModuleNotFoundError: No module named 'ttnn'
_ ERROR collecting tests/autogen_op/ALL/test_ALL_aten_slice_scatter_default.py _
ImportError while importing test module '/Users/Ajay17/pytorch2.0_ttnn/tests/autogen_op/ALL/test_ALL_aten_slice_scatter_default.py'.
Hint: make sure your test modules/packages have valid Python names.
Traceback:
../.pyenv/versions/3.11.10/lib/python3.11/importlib/__init__.py:126: in import_module
    return _bootstrap._gcd_import(name[level:], package, level)
           ^^^^^^^^^^^^^^^^^^^^^^^^^^^^^^^^^^^^^^^^^^^^^^^^^^^^
tests/autogen_op/ALL/test_ALL_aten_slice_scatter_default.py:8: in <module>
    import ttnn
E   ModuleNotFoundError: No module named 'ttnn'
_____ ERROR collecting tests/autogen_op/ALL/test_ALL_aten_split_Tensor.py ______
ImportError while importing test module '/Users/Ajay17/pytorch2.0_ttnn/tests/autogen_op/ALL/test_ALL_aten_split_Tensor.py'.
Hint: make sure your test modules/packages have valid Python names.
Traceback:
../.pyenv/versions/3.11.10/lib/python3.11/importlib/__init__.py:126: in import_module
    return _bootstrap._gcd_import(name[level:], package, level)
           ^^^^^^^^^^^^^^^^^^^^^^^^^^^^^^^^^^^^^^^^^^^^^^^^^^^^
tests/autogen_op/ALL/test_ALL_aten_split_Tensor.py:8: in <module>
    import ttnn
E   ModuleNotFoundError: No module named 'ttnn'
_ ERROR collecting tests/autogen_op/ALL/test_ALL_aten_split_with_sizes_default.py _
ImportError while importing test module '/Users/Ajay17/pytorch2.0_ttnn/tests/autogen_op/ALL/test_ALL_aten_split_with_sizes_default.py'.
Hint: make sure your test modules/packages have valid Python names.
Traceback:
../.pyenv/versions/3.11.10/lib/python3.11/importlib/__init__.py:126: in import_module
    return _bootstrap._gcd_import(name[level:], package, level)
           ^^^^^^^^^^^^^^^^^^^^^^^^^^^^^^^^^^^^^^^^^^^^^^^^^^^^
tests/autogen_op/ALL/test_ALL_aten_split_with_sizes_default.py:8: in <module>
    import ttnn
E   ModuleNotFoundError: No module named 'ttnn'
______ ERROR collecting tests/autogen_op/ALL/test_ALL_aten_squeeze_dim.py ______
ImportError while importing test module '/Users/Ajay17/pytorch2.0_ttnn/tests/autogen_op/ALL/test_ALL_aten_squeeze_dim.py'.
Hint: make sure your test modules/packages have valid Python names.
Traceback:
../.pyenv/versions/3.11.10/lib/python3.11/importlib/__init__.py:126: in import_module
    return _bootstrap._gcd_import(name[level:], package, level)
           ^^^^^^^^^^^^^^^^^^^^^^^^^^^^^^^^^^^^^^^^^^^^^^^^^^^^
tests/autogen_op/ALL/test_ALL_aten_squeeze_dim.py:8: in <module>
    import ttnn
E   ModuleNotFoundError: No module named 'ttnn'
_____ ERROR collecting tests/autogen_op/ALL/test_ALL_aten_stack_default.py _____
ImportError while importing test module '/Users/Ajay17/pytorch2.0_ttnn/tests/autogen_op/ALL/test_ALL_aten_stack_default.py'.
Hint: make sure your test modules/packages have valid Python names.
Traceback:
../.pyenv/versions/3.11.10/lib/python3.11/importlib/__init__.py:126: in import_module
    return _bootstrap._gcd_import(name[level:], package, level)
           ^^^^^^^^^^^^^^^^^^^^^^^^^^^^^^^^^^^^^^^^^^^^^^^^^^^^
tests/autogen_op/ALL/test_ALL_aten_stack_default.py:8: in <module>
    import ttnn
E   ModuleNotFoundError: No module named 'ttnn'
______ ERROR collecting tests/autogen_op/ALL/test_ALL_aten_sub_Tensor.py _______
ImportError while importing test module '/Users/Ajay17/pytorch2.0_ttnn/tests/autogen_op/ALL/test_ALL_aten_sub_Tensor.py'.
Hint: make sure your test modules/packages have valid Python names.
Traceback:
../.pyenv/versions/3.11.10/lib/python3.11/importlib/__init__.py:126: in import_module
    return _bootstrap._gcd_import(name[level:], package, level)
           ^^^^^^^^^^^^^^^^^^^^^^^^^^^^^^^^^^^^^^^^^^^^^^^^^^^^
tests/autogen_op/ALL/test_ALL_aten_sub_Tensor.py:8: in <module>
    import ttnn
E   ModuleNotFoundError: No module named 'ttnn'
______ ERROR collecting tests/autogen_op/ALL/test_ALL_aten_sum_default.py ______
ImportError while importing test module '/Users/Ajay17/pytorch2.0_ttnn/tests/autogen_op/ALL/test_ALL_aten_sum_default.py'.
Hint: make sure your test modules/packages have valid Python names.
Traceback:
../.pyenv/versions/3.11.10/lib/python3.11/importlib/__init__.py:126: in import_module
    return _bootstrap._gcd_import(name[level:], package, level)
           ^^^^^^^^^^^^^^^^^^^^^^^^^^^^^^^^^^^^^^^^^^^^^^^^^^^^
tests/autogen_op/ALL/test_ALL_aten_sum_default.py:8: in <module>
    import ttnn
E   ModuleNotFoundError: No module named 'ttnn'
____ ERROR collecting tests/autogen_op/ALL/test_ALL_aten_sum_dim_IntList.py ____
ImportError while importing test module '/Users/Ajay17/pytorch2.0_ttnn/tests/autogen_op/ALL/test_ALL_aten_sum_dim_IntList.py'.
Hint: make sure your test modules/packages have valid Python names.
Traceback:
../.pyenv/versions/3.11.10/lib/python3.11/importlib/__init__.py:126: in import_module
    return _bootstrap._gcd_import(name[level:], package, level)
           ^^^^^^^^^^^^^^^^^^^^^^^^^^^^^^^^^^^^^^^^^^^^^^^^^^^^
tests/autogen_op/ALL/test_ALL_aten_sum_dim_IntList.py:8: in <module>
    import ttnn
E   ModuleNotFoundError: No module named 'ttnn'
_____ ERROR collecting tests/autogen_op/ALL/test_ALL_aten_sym_size_int.py ______
ImportError while importing test module '/Users/Ajay17/pytorch2.0_ttnn/tests/autogen_op/ALL/test_ALL_aten_sym_size_int.py'.
Hint: make sure your test modules/packages have valid Python names.
Traceback:
../.pyenv/versions/3.11.10/lib/python3.11/importlib/__init__.py:126: in import_module
    return _bootstrap._gcd_import(name[level:], package, level)
           ^^^^^^^^^^^^^^^^^^^^^^^^^^^^^^^^^^^^^^^^^^^^^^^^^^^^
tests/autogen_op/ALL/test_ALL_aten_sym_size_int.py:8: in <module>
    import ttnn
E   ModuleNotFoundError: No module named 'ttnn'
_______ ERROR collecting tests/autogen_op/ALL/test_ALL_aten_t_default.py _______
ImportError while importing test module '/Users/Ajay17/pytorch2.0_ttnn/tests/autogen_op/ALL/test_ALL_aten_t_default.py'.
Hint: make sure your test modules/packages have valid Python names.
Traceback:
../.pyenv/versions/3.11.10/lib/python3.11/importlib/__init__.py:126: in import_module
    return _bootstrap._gcd_import(name[level:], package, level)
           ^^^^^^^^^^^^^^^^^^^^^^^^^^^^^^^^^^^^^^^^^^^^^^^^^^^^
tests/autogen_op/ALL/test_ALL_aten_t_default.py:8: in <module>
    import ttnn
E   ModuleNotFoundError: No module named 'ttnn'
_____ ERROR collecting tests/autogen_op/ALL/test_ALL_aten_tanh_default.py ______
ImportError while importing test module '/Users/Ajay17/pytorch2.0_ttnn/tests/autogen_op/ALL/test_ALL_aten_tanh_default.py'.
Hint: make sure your test modules/packages have valid Python names.
Traceback:
../.pyenv/versions/3.11.10/lib/python3.11/importlib/__init__.py:126: in import_module
    return _bootstrap._gcd_import(name[level:], package, level)
           ^^^^^^^^^^^^^^^^^^^^^^^^^^^^^^^^^^^^^^^^^^^^^^^^^^^^
tests/autogen_op/ALL/test_ALL_aten_tanh_default.py:8: in <module>
    import ttnn
E   ModuleNotFoundError: No module named 'ttnn'
_ ERROR collecting tests/autogen_op/ALL/test_ALL_aten_threshold_backward_default.py _
ImportError while importing test module '/Users/Ajay17/pytorch2.0_ttnn/tests/autogen_op/ALL/test_ALL_aten_threshold_backward_default.py'.
Hint: make sure your test modules/packages have valid Python names.
Traceback:
../.pyenv/versions/3.11.10/lib/python3.11/importlib/__init__.py:126: in import_module
    return _bootstrap._gcd_import(name[level:], package, level)
           ^^^^^^^^^^^^^^^^^^^^^^^^^^^^^^^^^^^^^^^^^^^^^^^^^^^^
tests/autogen_op/ALL/test_ALL_aten_threshold_backward_default.py:8: in <module>
    import ttnn
E   ModuleNotFoundError: No module named 'ttnn'
_____ ERROR collecting tests/autogen_op/ALL/test_ALL_aten_topk_default.py ______
ImportError while importing test module '/Users/Ajay17/pytorch2.0_ttnn/tests/autogen_op/ALL/test_ALL_aten_topk_default.py'.
Hint: make sure your test modules/packages have valid Python names.
Traceback:
../.pyenv/versions/3.11.10/lib/python3.11/importlib/__init__.py:126: in import_module
    return _bootstrap._gcd_import(name[level:], package, level)
           ^^^^^^^^^^^^^^^^^^^^^^^^^^^^^^^^^^^^^^^^^^^^^^^^^^^^
tests/autogen_op/ALL/test_ALL_aten_topk_default.py:8: in <module>
    import ttnn
E   ModuleNotFoundError: No module named 'ttnn'
_____ ERROR collecting tests/autogen_op/ALL/test_ALL_aten_transpose_int.py _____
ImportError while importing test module '/Users/Ajay17/pytorch2.0_ttnn/tests/autogen_op/ALL/test_ALL_aten_transpose_int.py'.
Hint: make sure your test modules/packages have valid Python names.
Traceback:
../.pyenv/versions/3.11.10/lib/python3.11/importlib/__init__.py:126: in import_module
    return _bootstrap._gcd_import(name[level:], package, level)
           ^^^^^^^^^^^^^^^^^^^^^^^^^^^^^^^^^^^^^^^^^^^^^^^^^^^^
tests/autogen_op/ALL/test_ALL_aten_transpose_int.py:8: in <module>
    import ttnn
E   ModuleNotFoundError: No module named 'ttnn'
___ ERROR collecting tests/autogen_op/ALL/test_ALL_aten_unsqueeze_default.py ___
ImportError while importing test module '/Users/Ajay17/pytorch2.0_ttnn/tests/autogen_op/ALL/test_ALL_aten_unsqueeze_default.py'.
Hint: make sure your test modules/packages have valid Python names.
Traceback:
../.pyenv/versions/3.11.10/lib/python3.11/importlib/__init__.py:126: in import_module
    return _bootstrap._gcd_import(name[level:], package, level)
           ^^^^^^^^^^^^^^^^^^^^^^^^^^^^^^^^^^^^^^^^^^^^^^^^^^^^
tests/autogen_op/ALL/test_ALL_aten_unsqueeze_default.py:8: in <module>
    import ttnn
E   ModuleNotFoundError: No module named 'ttnn'
_____ ERROR collecting tests/autogen_op/ALL/test_ALL_aten_view_default.py ______
ImportError while importing test module '/Users/Ajay17/pytorch2.0_ttnn/tests/autogen_op/ALL/test_ALL_aten_view_default.py'.
Hint: make sure your test modules/packages have valid Python names.
Traceback:
../.pyenv/versions/3.11.10/lib/python3.11/importlib/__init__.py:126: in import_module
    return _bootstrap._gcd_import(name[level:], package, level)
           ^^^^^^^^^^^^^^^^^^^^^^^^^^^^^^^^^^^^^^^^^^^^^^^^^^^^
tests/autogen_op/ALL/test_ALL_aten_view_default.py:8: in <module>
    import ttnn
E   ModuleNotFoundError: No module named 'ttnn'
______ ERROR collecting tests/autogen_op/ALL/test_ALL_aten_where_self.py _______
ImportError while importing test module '/Users/Ajay17/pytorch2.0_ttnn/tests/autogen_op/ALL/test_ALL_aten_where_self.py'.
Hint: make sure your test modules/packages have valid Python names.
Traceback:
../.pyenv/versions/3.11.10/lib/python3.11/importlib/__init__.py:126: in import_module
    return _bootstrap._gcd_import(name[level:], package, level)
           ^^^^^^^^^^^^^^^^^^^^^^^^^^^^^^^^^^^^^^^^^^^^^^^^^^^^
tests/autogen_op/ALL/test_ALL_aten_where_self.py:8: in <module>
    import ttnn
E   ModuleNotFoundError: No module named 'ttnn'
_____ ERROR collecting tests/autogen_op/ALL/test_ALL_aten_zeros_default.py _____
ImportError while importing test module '/Users/Ajay17/pytorch2.0_ttnn/tests/autogen_op/ALL/test_ALL_aten_zeros_default.py'.
Hint: make sure your test modules/packages have valid Python names.
Traceback:
../.pyenv/versions/3.11.10/lib/python3.11/importlib/__init__.py:126: in import_module
    return _bootstrap._gcd_import(name[level:], package, level)
           ^^^^^^^^^^^^^^^^^^^^^^^^^^^^^^^^^^^^^^^^^^^^^^^^^^^^
tests/autogen_op/ALL/test_ALL_aten_zeros_default.py:8: in <module>
    import ttnn
E   ModuleNotFoundError: No module named 'ttnn'
__ ERROR collecting tests/autogen_op/ALL/test_ALL_aten_zeros_like_default.py ___
ImportError while importing test module '/Users/Ajay17/pytorch2.0_ttnn/tests/autogen_op/ALL/test_ALL_aten_zeros_like_default.py'.
Hint: make sure your test modules/packages have valid Python names.
Traceback:
../.pyenv/versions/3.11.10/lib/python3.11/importlib/__init__.py:126: in import_module
    return _bootstrap._gcd_import(name[level:], package, level)
           ^^^^^^^^^^^^^^^^^^^^^^^^^^^^^^^^^^^^^^^^^^^^^^^^^^^^
tests/autogen_op/ALL/test_ALL_aten_zeros_like_default.py:8: in <module>
    import ttnn
E   ModuleNotFoundError: No module named 'ttnn'
_ ERROR collecting tests/autogen_op/Autoencoder_conv/test_Autoencoder_conv_aten_convolution_default.py _
ImportError while importing test module '/Users/Ajay17/pytorch2.0_ttnn/tests/autogen_op/Autoencoder_conv/test_Autoencoder_conv_aten_convolution_default.py'.
Hint: make sure your test modules/packages have valid Python names.
Traceback:
../.pyenv/versions/3.11.10/lib/python3.11/importlib/__init__.py:126: in import_module
    return _bootstrap._gcd_import(name[level:], package, level)
           ^^^^^^^^^^^^^^^^^^^^^^^^^^^^^^^^^^^^^^^^^^^^^^^^^^^^
tests/autogen_op/Autoencoder_conv/test_Autoencoder_conv_aten_convolution_default.py:8: in <module>
    import ttnn
E   ModuleNotFoundError: No module named 'ttnn'
_ ERROR collecting tests/autogen_op/Autoencoder_conv/test_Autoencoder_conv_aten_max_pool2d_with_indices_default.py _
ImportError while importing test module '/Users/Ajay17/pytorch2.0_ttnn/tests/autogen_op/Autoencoder_conv/test_Autoencoder_conv_aten_max_pool2d_with_indices_default.py'.
Hint: make sure your test modules/packages have valid Python names.
Traceback:
../.pyenv/versions/3.11.10/lib/python3.11/importlib/__init__.py:126: in import_module
    return _bootstrap._gcd_import(name[level:], package, level)
           ^^^^^^^^^^^^^^^^^^^^^^^^^^^^^^^^^^^^^^^^^^^^^^^^^^^^
tests/autogen_op/Autoencoder_conv/test_Autoencoder_conv_aten_max_pool2d_with_indices_default.py:8: in <module>
    import ttnn
E   ModuleNotFoundError: No module named 'ttnn'
_ ERROR collecting tests/autogen_op/Autoencoder_conv/test_Autoencoder_conv_aten_relu_default.py _
ImportError while importing test module '/Users/Ajay17/pytorch2.0_ttnn/tests/autogen_op/Autoencoder_conv/test_Autoencoder_conv_aten_relu_default.py'.
Hint: make sure your test modules/packages have valid Python names.
Traceback:
../.pyenv/versions/3.11.10/lib/python3.11/importlib/__init__.py:126: in import_module
    return _bootstrap._gcd_import(name[level:], package, level)
           ^^^^^^^^^^^^^^^^^^^^^^^^^^^^^^^^^^^^^^^^^^^^^^^^^^^^
tests/autogen_op/Autoencoder_conv/test_Autoencoder_conv_aten_relu_default.py:8: in <module>
    import ttnn
E   ModuleNotFoundError: No module named 'ttnn'
_ ERROR collecting tests/autogen_op/Autoencoder_conv-train/test_Autoencoder_conv-train_aten_convolution_backward_default.py _
ImportError while importing test module '/Users/Ajay17/pytorch2.0_ttnn/tests/autogen_op/Autoencoder_conv-train/test_Autoencoder_conv-train_aten_convolution_backward_default.py'.
Hint: make sure your test modules/packages have valid Python names.
Traceback:
../.pyenv/versions/3.11.10/lib/python3.11/importlib/__init__.py:126: in import_module
    return _bootstrap._gcd_import(name[level:], package, level)
           ^^^^^^^^^^^^^^^^^^^^^^^^^^^^^^^^^^^^^^^^^^^^^^^^^^^^
tests/autogen_op/Autoencoder_conv-train/test_Autoencoder_conv-train_aten_convolution_backward_default.py:8: in <module>
    import ttnn
E   ModuleNotFoundError: No module named 'ttnn'
_ ERROR collecting tests/autogen_op/Autoencoder_conv-train/test_Autoencoder_conv-train_aten_convolution_default.py _
ImportError while importing test module '/Users/Ajay17/pytorch2.0_ttnn/tests/autogen_op/Autoencoder_conv-train/test_Autoencoder_conv-train_aten_convolution_default.py'.
Hint: make sure your test modules/packages have valid Python names.
Traceback:
../.pyenv/versions/3.11.10/lib/python3.11/importlib/__init__.py:126: in import_module
    return _bootstrap._gcd_import(name[level:], package, level)
           ^^^^^^^^^^^^^^^^^^^^^^^^^^^^^^^^^^^^^^^^^^^^^^^^^^^^
tests/autogen_op/Autoencoder_conv-train/test_Autoencoder_conv-train_aten_convolution_default.py:8: in <module>
    import ttnn
E   ModuleNotFoundError: No module named 'ttnn'
_ ERROR collecting tests/autogen_op/Autoencoder_conv-train/test_Autoencoder_conv-train_aten_detach_default.py _
ImportError while importing test module '/Users/Ajay17/pytorch2.0_ttnn/tests/autogen_op/Autoencoder_conv-train/test_Autoencoder_conv-train_aten_detach_default.py'.
Hint: make sure your test modules/packages have valid Python names.
Traceback:
../.pyenv/versions/3.11.10/lib/python3.11/importlib/__init__.py:126: in import_module
    return _bootstrap._gcd_import(name[level:], package, level)
           ^^^^^^^^^^^^^^^^^^^^^^^^^^^^^^^^^^^^^^^^^^^^^^^^^^^^
tests/autogen_op/Autoencoder_conv-train/test_Autoencoder_conv-train_aten_detach_default.py:8: in <module>
    import ttnn
E   ModuleNotFoundError: No module named 'ttnn'
_ ERROR collecting tests/autogen_op/Autoencoder_conv-train/test_Autoencoder_conv-train_aten_max_pool2d_with_indices_backward_default.py _
ImportError while importing test module '/Users/Ajay17/pytorch2.0_ttnn/tests/autogen_op/Autoencoder_conv-train/test_Autoencoder_conv-train_aten_max_pool2d_with_indices_backward_default.py'.
Hint: make sure your test modules/packages have valid Python names.
Traceback:
../.pyenv/versions/3.11.10/lib/python3.11/importlib/__init__.py:126: in import_module
    return _bootstrap._gcd_import(name[level:], package, level)
           ^^^^^^^^^^^^^^^^^^^^^^^^^^^^^^^^^^^^^^^^^^^^^^^^^^^^
tests/autogen_op/Autoencoder_conv-train/test_Autoencoder_conv-train_aten_max_pool2d_with_indices_backward_default.py:8: in <module>
    import ttnn
E   ModuleNotFoundError: No module named 'ttnn'
_ ERROR collecting tests/autogen_op/Autoencoder_conv-train/test_Autoencoder_conv-train_aten_max_pool2d_with_indices_default.py _
ImportError while importing test module '/Users/Ajay17/pytorch2.0_ttnn/tests/autogen_op/Autoencoder_conv-train/test_Autoencoder_conv-train_aten_max_pool2d_with_indices_default.py'.
Hint: make sure your test modules/packages have valid Python names.
Traceback:
../.pyenv/versions/3.11.10/lib/python3.11/importlib/__init__.py:126: in import_module
    return _bootstrap._gcd_import(name[level:], package, level)
           ^^^^^^^^^^^^^^^^^^^^^^^^^^^^^^^^^^^^^^^^^^^^^^^^^^^^
tests/autogen_op/Autoencoder_conv-train/test_Autoencoder_conv-train_aten_max_pool2d_with_indices_default.py:8: in <module>
    import ttnn
E   ModuleNotFoundError: No module named 'ttnn'
_ ERROR collecting tests/autogen_op/Autoencoder_conv-train/test_Autoencoder_conv-train_aten_relu_default.py _
ImportError while importing test module '/Users/Ajay17/pytorch2.0_ttnn/tests/autogen_op/Autoencoder_conv-train/test_Autoencoder_conv-train_aten_relu_default.py'.
Hint: make sure your test modules/packages have valid Python names.
Traceback:
../.pyenv/versions/3.11.10/lib/python3.11/importlib/__init__.py:126: in import_module
    return _bootstrap._gcd_import(name[level:], package, level)
           ^^^^^^^^^^^^^^^^^^^^^^^^^^^^^^^^^^^^^^^^^^^^^^^^^^^^
tests/autogen_op/Autoencoder_conv-train/test_Autoencoder_conv-train_aten_relu_default.py:8: in <module>
    import ttnn
E   ModuleNotFoundError: No module named 'ttnn'
_ ERROR collecting tests/autogen_op/Autoencoder_conv-train/test_Autoencoder_conv-train_aten_threshold_backward_default.py _
ImportError while importing test module '/Users/Ajay17/pytorch2.0_ttnn/tests/autogen_op/Autoencoder_conv-train/test_Autoencoder_conv-train_aten_threshold_backward_default.py'.
Hint: make sure your test modules/packages have valid Python names.
Traceback:
../.pyenv/versions/3.11.10/lib/python3.11/importlib/__init__.py:126: in import_module
    return _bootstrap._gcd_import(name[level:], package, level)
           ^^^^^^^^^^^^^^^^^^^^^^^^^^^^^^^^^^^^^^^^^^^^^^^^^^^^
tests/autogen_op/Autoencoder_conv-train/test_Autoencoder_conv-train_aten_threshold_backward_default.py:8: in <module>
    import ttnn
E   ModuleNotFoundError: No module named 'ttnn'
_ ERROR collecting tests/autogen_op/Autoencoder_linear/test_Autoencoder_linear_aten_addmm_default.py _
ImportError while importing test module '/Users/Ajay17/pytorch2.0_ttnn/tests/autogen_op/Autoencoder_linear/test_Autoencoder_linear_aten_addmm_default.py'.
Hint: make sure your test modules/packages have valid Python names.
Traceback:
../.pyenv/versions/3.11.10/lib/python3.11/importlib/__init__.py:126: in import_module
    return _bootstrap._gcd_import(name[level:], package, level)
           ^^^^^^^^^^^^^^^^^^^^^^^^^^^^^^^^^^^^^^^^^^^^^^^^^^^^
tests/autogen_op/Autoencoder_linear/test_Autoencoder_linear_aten_addmm_default.py:8: in <module>
    import ttnn
E   ModuleNotFoundError: No module named 'ttnn'
_ ERROR collecting tests/autogen_op/Autoencoder_linear/test_Autoencoder_linear_aten_relu_default.py _
ImportError while importing test module '/Users/Ajay17/pytorch2.0_ttnn/tests/autogen_op/Autoencoder_linear/test_Autoencoder_linear_aten_relu_default.py'.
Hint: make sure your test modules/packages have valid Python names.
Traceback:
../.pyenv/versions/3.11.10/lib/python3.11/importlib/__init__.py:126: in import_module
    return _bootstrap._gcd_import(name[level:], package, level)
           ^^^^^^^^^^^^^^^^^^^^^^^^^^^^^^^^^^^^^^^^^^^^^^^^^^^^
tests/autogen_op/Autoencoder_linear/test_Autoencoder_linear_aten_relu_default.py:8: in <module>
    import ttnn
E   ModuleNotFoundError: No module named 'ttnn'
_ ERROR collecting tests/autogen_op/Autoencoder_linear/test_Autoencoder_linear_aten_t_default.py _
ImportError while importing test module '/Users/Ajay17/pytorch2.0_ttnn/tests/autogen_op/Autoencoder_linear/test_Autoencoder_linear_aten_t_default.py'.
Hint: make sure your test modules/packages have valid Python names.
Traceback:
../.pyenv/versions/3.11.10/lib/python3.11/importlib/__init__.py:126: in import_module
    return _bootstrap._gcd_import(name[level:], package, level)
           ^^^^^^^^^^^^^^^^^^^^^^^^^^^^^^^^^^^^^^^^^^^^^^^^^^^^
tests/autogen_op/Autoencoder_linear/test_Autoencoder_linear_aten_t_default.py:8: in <module>
    import ttnn
E   ModuleNotFoundError: No module named 'ttnn'
_ ERROR collecting tests/autogen_op/Autoencoder_linear-train/test_Autoencoder_linear-train_aten_addmm_default.py _
ImportError while importing test module '/Users/Ajay17/pytorch2.0_ttnn/tests/autogen_op/Autoencoder_linear-train/test_Autoencoder_linear-train_aten_addmm_default.py'.
Hint: make sure your test modules/packages have valid Python names.
Traceback:
../.pyenv/versions/3.11.10/lib/python3.11/importlib/__init__.py:126: in import_module
    return _bootstrap._gcd_import(name[level:], package, level)
           ^^^^^^^^^^^^^^^^^^^^^^^^^^^^^^^^^^^^^^^^^^^^^^^^^^^^
tests/autogen_op/Autoencoder_linear-train/test_Autoencoder_linear-train_aten_addmm_default.py:8: in <module>
    import ttnn
E   ModuleNotFoundError: No module named 'ttnn'
_ ERROR collecting tests/autogen_op/Autoencoder_linear-train/test_Autoencoder_linear-train_aten_detach_default.py _
ImportError while importing test module '/Users/Ajay17/pytorch2.0_ttnn/tests/autogen_op/Autoencoder_linear-train/test_Autoencoder_linear-train_aten_detach_default.py'.
Hint: make sure your test modules/packages have valid Python names.
Traceback:
../.pyenv/versions/3.11.10/lib/python3.11/importlib/__init__.py:126: in import_module
    return _bootstrap._gcd_import(name[level:], package, level)
           ^^^^^^^^^^^^^^^^^^^^^^^^^^^^^^^^^^^^^^^^^^^^^^^^^^^^
tests/autogen_op/Autoencoder_linear-train/test_Autoencoder_linear-train_aten_detach_default.py:8: in <module>
    import ttnn
E   ModuleNotFoundError: No module named 'ttnn'
_ ERROR collecting tests/autogen_op/Autoencoder_linear-train/test_Autoencoder_linear-train_aten_mm_default.py _
ImportError while importing test module '/Users/Ajay17/pytorch2.0_ttnn/tests/autogen_op/Autoencoder_linear-train/test_Autoencoder_linear-train_aten_mm_default.py'.
Hint: make sure your test modules/packages have valid Python names.
Traceback:
../.pyenv/versions/3.11.10/lib/python3.11/importlib/__init__.py:126: in import_module
    return _bootstrap._gcd_import(name[level:], package, level)
           ^^^^^^^^^^^^^^^^^^^^^^^^^^^^^^^^^^^^^^^^^^^^^^^^^^^^
tests/autogen_op/Autoencoder_linear-train/test_Autoencoder_linear-train_aten_mm_default.py:8: in <module>
    import ttnn
E   ModuleNotFoundError: No module named 'ttnn'
_ ERROR collecting tests/autogen_op/Autoencoder_linear-train/test_Autoencoder_linear-train_aten_relu_default.py _
ImportError while importing test module '/Users/Ajay17/pytorch2.0_ttnn/tests/autogen_op/Autoencoder_linear-train/test_Autoencoder_linear-train_aten_relu_default.py'.
Hint: make sure your test modules/packages have valid Python names.
Traceback:
../.pyenv/versions/3.11.10/lib/python3.11/importlib/__init__.py:126: in import_module
    return _bootstrap._gcd_import(name[level:], package, level)
           ^^^^^^^^^^^^^^^^^^^^^^^^^^^^^^^^^^^^^^^^^^^^^^^^^^^^
tests/autogen_op/Autoencoder_linear-train/test_Autoencoder_linear-train_aten_relu_default.py:8: in <module>
    import ttnn
E   ModuleNotFoundError: No module named 'ttnn'
_ ERROR collecting tests/autogen_op/Autoencoder_linear-train/test_Autoencoder_linear-train_aten_sum_dim_IntList.py _
ImportError while importing test module '/Users/Ajay17/pytorch2.0_ttnn/tests/autogen_op/Autoencoder_linear-train/test_Autoencoder_linear-train_aten_sum_dim_IntList.py'.
Hint: make sure your test modules/packages have valid Python names.
Traceback:
../.pyenv/versions/3.11.10/lib/python3.11/importlib/__init__.py:126: in import_module
    return _bootstrap._gcd_import(name[level:], package, level)
           ^^^^^^^^^^^^^^^^^^^^^^^^^^^^^^^^^^^^^^^^^^^^^^^^^^^^
tests/autogen_op/Autoencoder_linear-train/test_Autoencoder_linear-train_aten_sum_dim_IntList.py:8: in <module>
    import ttnn
E   ModuleNotFoundError: No module named 'ttnn'
_ ERROR collecting tests/autogen_op/Autoencoder_linear-train/test_Autoencoder_linear-train_aten_t_default.py _
ImportError while importing test module '/Users/Ajay17/pytorch2.0_ttnn/tests/autogen_op/Autoencoder_linear-train/test_Autoencoder_linear-train_aten_t_default.py'.
Hint: make sure your test modules/packages have valid Python names.
Traceback:
../.pyenv/versions/3.11.10/lib/python3.11/importlib/__init__.py:126: in import_module
    return _bootstrap._gcd_import(name[level:], package, level)
           ^^^^^^^^^^^^^^^^^^^^^^^^^^^^^^^^^^^^^^^^^^^^^^^^^^^^
tests/autogen_op/Autoencoder_linear-train/test_Autoencoder_linear-train_aten_t_default.py:8: in <module>
    import ttnn
E   ModuleNotFoundError: No module named 'ttnn'
_ ERROR collecting tests/autogen_op/Autoencoder_linear-train/test_Autoencoder_linear-train_aten_threshold_backward_default.py _
ImportError while importing test module '/Users/Ajay17/pytorch2.0_ttnn/tests/autogen_op/Autoencoder_linear-train/test_Autoencoder_linear-train_aten_threshold_backward_default.py'.
Hint: make sure your test modules/packages have valid Python names.
Traceback:
../.pyenv/versions/3.11.10/lib/python3.11/importlib/__init__.py:126: in import_module
    return _bootstrap._gcd_import(name[level:], package, level)
           ^^^^^^^^^^^^^^^^^^^^^^^^^^^^^^^^^^^^^^^^^^^^^^^^^^^^
tests/autogen_op/Autoencoder_linear-train/test_Autoencoder_linear-train_aten_threshold_backward_default.py:8: in <module>
    import ttnn
E   ModuleNotFoundError: No module named 'ttnn'
_ ERROR collecting tests/autogen_op/Autoencoder_linear-train/test_Autoencoder_linear-train_aten_view_default.py _
ImportError while importing test module '/Users/Ajay17/pytorch2.0_ttnn/tests/autogen_op/Autoencoder_linear-train/test_Autoencoder_linear-train_aten_view_default.py'.
Hint: make sure your test modules/packages have valid Python names.
Traceback:
../.pyenv/versions/3.11.10/lib/python3.11/importlib/__init__.py:126: in import_module
    return _bootstrap._gcd_import(name[level:], package, level)
           ^^^^^^^^^^^^^^^^^^^^^^^^^^^^^^^^^^^^^^^^^^^^^^^^^^^^
tests/autogen_op/Autoencoder_linear-train/test_Autoencoder_linear-train_aten_view_default.py:8: in <module>
    import ttnn
E   ModuleNotFoundError: No module named 'ttnn'
__ ERROR collecting tests/autogen_op/BERT/test_BERT_aten__softmax_default.py ___
ImportError while importing test module '/Users/Ajay17/pytorch2.0_ttnn/tests/autogen_op/BERT/test_BERT_aten__softmax_default.py'.
Hint: make sure your test modules/packages have valid Python names.
Traceback:
../.pyenv/versions/3.11.10/lib/python3.11/importlib/__init__.py:126: in import_module
    return _bootstrap._gcd_import(name[level:], package, level)
           ^^^^^^^^^^^^^^^^^^^^^^^^^^^^^^^^^^^^^^^^^^^^^^^^^^^^
tests/autogen_op/BERT/test_BERT_aten__softmax_default.py:8: in <module>
    import ttnn
E   ModuleNotFoundError: No module named 'ttnn'
__ ERROR collecting tests/autogen_op/BERT/test_BERT_aten__to_copy_default.py ___
ImportError while importing test module '/Users/Ajay17/pytorch2.0_ttnn/tests/autogen_op/BERT/test_BERT_aten__to_copy_default.py'.
Hint: make sure your test modules/packages have valid Python names.
Traceback:
../.pyenv/versions/3.11.10/lib/python3.11/importlib/__init__.py:126: in import_module
    return _bootstrap._gcd_import(name[level:], package, level)
           ^^^^^^^^^^^^^^^^^^^^^^^^^^^^^^^^^^^^^^^^^^^^^^^^^^^^
tests/autogen_op/BERT/test_BERT_aten__to_copy_default.py:8: in <module>
    import ttnn
E   ModuleNotFoundError: No module named 'ttnn'
_____ ERROR collecting tests/autogen_op/BERT/test_BERT_aten_add_Tensor.py ______
ImportError while importing test module '/Users/Ajay17/pytorch2.0_ttnn/tests/autogen_op/BERT/test_BERT_aten_add_Tensor.py'.
Hint: make sure your test modules/packages have valid Python names.
Traceback:
../.pyenv/versions/3.11.10/lib/python3.11/importlib/__init__.py:126: in import_module
    return _bootstrap._gcd_import(name[level:], package, level)
           ^^^^^^^^^^^^^^^^^^^^^^^^^^^^^^^^^^^^^^^^^^^^^^^^^^^^
tests/autogen_op/BERT/test_BERT_aten_add_Tensor.py:8: in <module>
    import ttnn
E   ModuleNotFoundError: No module named 'ttnn'
____ ERROR collecting tests/autogen_op/BERT/test_BERT_aten_addmm_default.py ____
ImportError while importing test module '/Users/Ajay17/pytorch2.0_ttnn/tests/autogen_op/BERT/test_BERT_aten_addmm_default.py'.
Hint: make sure your test modules/packages have valid Python names.
Traceback:
../.pyenv/versions/3.11.10/lib/python3.11/importlib/__init__.py:126: in import_module
    return _bootstrap._gcd_import(name[level:], package, level)
           ^^^^^^^^^^^^^^^^^^^^^^^^^^^^^^^^^^^^^^^^^^^^^^^^^^^^
tests/autogen_op/BERT/test_BERT_aten_addmm_default.py:8: in <module>
    import ttnn
E   ModuleNotFoundError: No module named 'ttnn'
_____ ERROR collecting tests/autogen_op/BERT/test_BERT_aten_bmm_default.py _____
ImportError while importing test module '/Users/Ajay17/pytorch2.0_ttnn/tests/autogen_op/BERT/test_BERT_aten_bmm_default.py'.
Hint: make sure your test modules/packages have valid Python names.
Traceback:
../.pyenv/versions/3.11.10/lib/python3.11/importlib/__init__.py:126: in import_module
    return _bootstrap._gcd_import(name[level:], package, level)
           ^^^^^^^^^^^^^^^^^^^^^^^^^^^^^^^^^^^^^^^^^^^^^^^^^^^^
tests/autogen_op/BERT/test_BERT_aten_bmm_default.py:8: in <module>
    import ttnn
E   ModuleNotFoundError: No module named 'ttnn'
____ ERROR collecting tests/autogen_op/BERT/test_BERT_aten_clone_default.py ____
ImportError while importing test module '/Users/Ajay17/pytorch2.0_ttnn/tests/autogen_op/BERT/test_BERT_aten_clone_default.py'.
Hint: make sure your test modules/packages have valid Python names.
Traceback:
../.pyenv/versions/3.11.10/lib/python3.11/importlib/__init__.py:126: in import_module
    return _bootstrap._gcd_import(name[level:], package, level)
           ^^^^^^^^^^^^^^^^^^^^^^^^^^^^^^^^^^^^^^^^^^^^^^^^^^^^
tests/autogen_op/BERT/test_BERT_aten_clone_default.py:8: in <module>
    import ttnn
E   ModuleNotFoundError: No module named 'ttnn'
_____ ERROR collecting tests/autogen_op/BERT/test_BERT_aten_div_Tensor.py ______
ImportError while importing test module '/Users/Ajay17/pytorch2.0_ttnn/tests/autogen_op/BERT/test_BERT_aten_div_Tensor.py'.
Hint: make sure your test modules/packages have valid Python names.
Traceback:
../.pyenv/versions/3.11.10/lib/python3.11/importlib/__init__.py:126: in import_module
    return _bootstrap._gcd_import(name[level:], package, level)
           ^^^^^^^^^^^^^^^^^^^^^^^^^^^^^^^^^^^^^^^^^^^^^^^^^^^^
tests/autogen_op/BERT/test_BERT_aten_div_Tensor.py:8: in <module>
    import ttnn
E   ModuleNotFoundError: No module named 'ttnn'
__ ERROR collecting tests/autogen_op/BERT/test_BERT_aten_embedding_default.py __
ImportError while importing test module '/Users/Ajay17/pytorch2.0_ttnn/tests/autogen_op/BERT/test_BERT_aten_embedding_default.py'.
Hint: make sure your test modules/packages have valid Python names.
Traceback:
../.pyenv/versions/3.11.10/lib/python3.11/importlib/__init__.py:126: in import_module
    return _bootstrap._gcd_import(name[level:], package, level)
           ^^^^^^^^^^^^^^^^^^^^^^^^^^^^^^^^^^^^^^^^^^^^^^^^^^^^
tests/autogen_op/BERT/test_BERT_aten_embedding_default.py:8: in <module>
    import ttnn
E   ModuleNotFoundError: No module named 'ttnn'
___ ERROR collecting tests/autogen_op/BERT/test_BERT_aten_expand_default.py ____
ImportError while importing test module '/Users/Ajay17/pytorch2.0_ttnn/tests/autogen_op/BERT/test_BERT_aten_expand_default.py'.
Hint: make sure your test modules/packages have valid Python names.
Traceback:
../.pyenv/versions/3.11.10/lib/python3.11/importlib/__init__.py:126: in import_module
    return _bootstrap._gcd_import(name[level:], package, level)
           ^^^^^^^^^^^^^^^^^^^^^^^^^^^^^^^^^^^^^^^^^^^^^^^^^^^^
tests/autogen_op/BERT/test_BERT_aten_expand_default.py:8: in <module>
    import ttnn
E   ModuleNotFoundError: No module named 'ttnn'
____ ERROR collecting tests/autogen_op/BERT/test_BERT_aten_gelu_default.py _____
ImportError while importing test module '/Users/Ajay17/pytorch2.0_ttnn/tests/autogen_op/BERT/test_BERT_aten_gelu_default.py'.
Hint: make sure your test modules/packages have valid Python names.
Traceback:
../.pyenv/versions/3.11.10/lib/python3.11/importlib/__init__.py:126: in import_module
    return _bootstrap._gcd_import(name[level:], package, level)
           ^^^^^^^^^^^^^^^^^^^^^^^^^^^^^^^^^^^^^^^^^^^^^^^^^^^^
tests/autogen_op/BERT/test_BERT_aten_gelu_default.py:8: in <module>
    import ttnn
E   ModuleNotFoundError: No module named 'ttnn'
_____ ERROR collecting tests/autogen_op/BERT/test_BERT_aten_mul_Tensor.py ______
ImportError while importing test module '/Users/Ajay17/pytorch2.0_ttnn/tests/autogen_op/BERT/test_BERT_aten_mul_Tensor.py'.
Hint: make sure your test modules/packages have valid Python names.
Traceback:
../.pyenv/versions/3.11.10/lib/python3.11/importlib/__init__.py:126: in import_module
    return _bootstrap._gcd_import(name[level:], package, level)
           ^^^^^^^^^^^^^^^^^^^^^^^^^^^^^^^^^^^^^^^^^^^^^^^^^^^^
tests/autogen_op/BERT/test_BERT_aten_mul_Tensor.py:8: in <module>
    import ttnn
E   ModuleNotFoundError: No module named 'ttnn'
_ ERROR collecting tests/autogen_op/BERT/test_BERT_aten_native_layer_norm_default.py _
ImportError while importing test module '/Users/Ajay17/pytorch2.0_ttnn/tests/autogen_op/BERT/test_BERT_aten_native_layer_norm_default.py'.
Hint: make sure your test modules/packages have valid Python names.
Traceback:
../.pyenv/versions/3.11.10/lib/python3.11/importlib/__init__.py:126: in import_module
    return _bootstrap._gcd_import(name[level:], package, level)
           ^^^^^^^^^^^^^^^^^^^^^^^^^^^^^^^^^^^^^^^^^^^^^^^^^^^^
tests/autogen_op/BERT/test_BERT_aten_native_layer_norm_default.py:8: in <module>
    import ttnn
E   ModuleNotFoundError: No module named 'ttnn'
___ ERROR collecting tests/autogen_op/BERT/test_BERT_aten_permute_default.py ___
ImportError while importing test module '/Users/Ajay17/pytorch2.0_ttnn/tests/autogen_op/BERT/test_BERT_aten_permute_default.py'.
Hint: make sure your test modules/packages have valid Python names.
Traceback:
../.pyenv/versions/3.11.10/lib/python3.11/importlib/__init__.py:126: in import_module
    return _bootstrap._gcd_import(name[level:], package, level)
           ^^^^^^^^^^^^^^^^^^^^^^^^^^^^^^^^^^^^^^^^^^^^^^^^^^^^
tests/autogen_op/BERT/test_BERT_aten_permute_default.py:8: in <module>
    import ttnn
E   ModuleNotFoundError: No module named 'ttnn'
_____ ERROR collecting tests/autogen_op/BERT/test_BERT_aten_rsub_Scalar.py _____
ImportError while importing test module '/Users/Ajay17/pytorch2.0_ttnn/tests/autogen_op/BERT/test_BERT_aten_rsub_Scalar.py'.
Hint: make sure your test modules/packages have valid Python names.
Traceback:
../.pyenv/versions/3.11.10/lib/python3.11/importlib/__init__.py:126: in import_module
    return _bootstrap._gcd_import(name[level:], package, level)
           ^^^^^^^^^^^^^^^^^^^^^^^^^^^^^^^^^^^^^^^^^^^^^^^^^^^^
tests/autogen_op/BERT/test_BERT_aten_rsub_Scalar.py:8: in <module>
    import ttnn
E   ModuleNotFoundError: No module named 'ttnn'
____ ERROR collecting tests/autogen_op/BERT/test_BERT_aten_slice_Tensor.py _____
ImportError while importing test module '/Users/Ajay17/pytorch2.0_ttnn/tests/autogen_op/BERT/test_BERT_aten_slice_Tensor.py'.
Hint: make sure your test modules/packages have valid Python names.
Traceback:
../.pyenv/versions/3.11.10/lib/python3.11/importlib/__init__.py:126: in import_module
    return _bootstrap._gcd_import(name[level:], package, level)
           ^^^^^^^^^^^^^^^^^^^^^^^^^^^^^^^^^^^^^^^^^^^^^^^^^^^^
tests/autogen_op/BERT/test_BERT_aten_slice_Tensor.py:8: in <module>
    import ttnn
E   ModuleNotFoundError: No module named 'ttnn'
____ ERROR collecting tests/autogen_op/BERT/test_BERT_aten_split_Tensor.py _____
ImportError while importing test module '/Users/Ajay17/pytorch2.0_ttnn/tests/autogen_op/BERT/test_BERT_aten_split_Tensor.py'.
Hint: make sure your test modules/packages have valid Python names.
Traceback:
../.pyenv/versions/3.11.10/lib/python3.11/importlib/__init__.py:126: in import_module
    return _bootstrap._gcd_import(name[level:], package, level)
           ^^^^^^^^^^^^^^^^^^^^^^^^^^^^^^^^^^^^^^^^^^^^^^^^^^^^
tests/autogen_op/BERT/test_BERT_aten_split_Tensor.py:8: in <module>
    import ttnn
E   ModuleNotFoundError: No module named 'ttnn'
_____ ERROR collecting tests/autogen_op/BERT/test_BERT_aten_squeeze_dim.py _____
ImportError while importing test module '/Users/Ajay17/pytorch2.0_ttnn/tests/autogen_op/BERT/test_BERT_aten_squeeze_dim.py'.
Hint: make sure your test modules/packages have valid Python names.
Traceback:
../.pyenv/versions/3.11.10/lib/python3.11/importlib/__init__.py:126: in import_module
    return _bootstrap._gcd_import(name[level:], package, level)
           ^^^^^^^^^^^^^^^^^^^^^^^^^^^^^^^^^^^^^^^^^^^^^^^^^^^^
tests/autogen_op/BERT/test_BERT_aten_squeeze_dim.py:8: in <module>
    import ttnn
E   ModuleNotFoundError: No module named 'ttnn'
______ ERROR collecting tests/autogen_op/BERT/test_BERT_aten_t_default.py ______
ImportError while importing test module '/Users/Ajay17/pytorch2.0_ttnn/tests/autogen_op/BERT/test_BERT_aten_t_default.py'.
Hint: make sure your test modules/packages have valid Python names.
Traceback:
../.pyenv/versions/3.11.10/lib/python3.11/importlib/__init__.py:126: in import_module
    return _bootstrap._gcd_import(name[level:], package, level)
           ^^^^^^^^^^^^^^^^^^^^^^^^^^^^^^^^^^^^^^^^^^^^^^^^^^^^
tests/autogen_op/BERT/test_BERT_aten_t_default.py:8: in <module>
    import ttnn
E   ModuleNotFoundError: No module named 'ttnn'
____ ERROR collecting tests/autogen_op/BERT/test_BERT_aten_transpose_int.py ____
ImportError while importing test module '/Users/Ajay17/pytorch2.0_ttnn/tests/autogen_op/BERT/test_BERT_aten_transpose_int.py'.
Hint: make sure your test modules/packages have valid Python names.
Traceback:
../.pyenv/versions/3.11.10/lib/python3.11/importlib/__init__.py:126: in import_module
    return _bootstrap._gcd_import(name[level:], package, level)
           ^^^^^^^^^^^^^^^^^^^^^^^^^^^^^^^^^^^^^^^^^^^^^^^^^^^^
tests/autogen_op/BERT/test_BERT_aten_transpose_int.py:8: in <module>
    import ttnn
E   ModuleNotFoundError: No module named 'ttnn'
__ ERROR collecting tests/autogen_op/BERT/test_BERT_aten_unsqueeze_default.py __
ImportError while importing test module '/Users/Ajay17/pytorch2.0_ttnn/tests/autogen_op/BERT/test_BERT_aten_unsqueeze_default.py'.
Hint: make sure your test modules/packages have valid Python names.
Traceback:
../.pyenv/versions/3.11.10/lib/python3.11/importlib/__init__.py:126: in import_module
    return _bootstrap._gcd_import(name[level:], package, level)
           ^^^^^^^^^^^^^^^^^^^^^^^^^^^^^^^^^^^^^^^^^^^^^^^^^^^^
tests/autogen_op/BERT/test_BERT_aten_unsqueeze_default.py:8: in <module>
    import ttnn
E   ModuleNotFoundError: No module named 'ttnn'
____ ERROR collecting tests/autogen_op/BERT/test_BERT_aten_view_default.py _____
ImportError while importing test module '/Users/Ajay17/pytorch2.0_ttnn/tests/autogen_op/BERT/test_BERT_aten_view_default.py'.
Hint: make sure your test modules/packages have valid Python names.
Traceback:
../.pyenv/versions/3.11.10/lib/python3.11/importlib/__init__.py:126: in import_module
    return _bootstrap._gcd_import(name[level:], package, level)
           ^^^^^^^^^^^^^^^^^^^^^^^^^^^^^^^^^^^^^^^^^^^^^^^^^^^^
tests/autogen_op/BERT/test_BERT_aten_view_default.py:8: in <module>
    import ttnn
E   ModuleNotFoundError: No module named 'ttnn'
_ ERROR collecting tests/autogen_op/Bloom/test_Bloom_aten__softmax_default.py __
ImportError while importing test module '/Users/Ajay17/pytorch2.0_ttnn/tests/autogen_op/Bloom/test_Bloom_aten__softmax_default.py'.
Hint: make sure your test modules/packages have valid Python names.
Traceback:
../.pyenv/versions/3.11.10/lib/python3.11/importlib/__init__.py:126: in import_module
    return _bootstrap._gcd_import(name[level:], package, level)
           ^^^^^^^^^^^^^^^^^^^^^^^^^^^^^^^^^^^^^^^^^^^^^^^^^^^^
tests/autogen_op/Bloom/test_Bloom_aten__softmax_default.py:8: in <module>
    import ttnn
E   ModuleNotFoundError: No module named 'ttnn'
_ ERROR collecting tests/autogen_op/Bloom/test_Bloom_aten__to_copy_default.py __
ImportError while importing test module '/Users/Ajay17/pytorch2.0_ttnn/tests/autogen_op/Bloom/test_Bloom_aten__to_copy_default.py'.
Hint: make sure your test modules/packages have valid Python names.
Traceback:
../.pyenv/versions/3.11.10/lib/python3.11/importlib/__init__.py:126: in import_module
    return _bootstrap._gcd_import(name[level:], package, level)
           ^^^^^^^^^^^^^^^^^^^^^^^^^^^^^^^^^^^^^^^^^^^^^^^^^^^^
tests/autogen_op/Bloom/test_Bloom_aten__to_copy_default.py:8: in <module>
    import ttnn
E   ModuleNotFoundError: No module named 'ttnn'
_ ERROR collecting tests/autogen_op/Bloom/test_Bloom_aten__unsafe_view_default.py _
ImportError while importing test module '/Users/Ajay17/pytorch2.0_ttnn/tests/autogen_op/Bloom/test_Bloom_aten__unsafe_view_default.py'.
Hint: make sure your test modules/packages have valid Python names.
Traceback:
../.pyenv/versions/3.11.10/lib/python3.11/importlib/__init__.py:126: in import_module
    return _bootstrap._gcd_import(name[level:], package, level)
           ^^^^^^^^^^^^^^^^^^^^^^^^^^^^^^^^^^^^^^^^^^^^^^^^^^^^
tests/autogen_op/Bloom/test_Bloom_aten__unsafe_view_default.py:8: in <module>
    import ttnn
E   ModuleNotFoundError: No module named 'ttnn'
____ ERROR collecting tests/autogen_op/Bloom/test_Bloom_aten_add_Tensor.py _____
ImportError while importing test module '/Users/Ajay17/pytorch2.0_ttnn/tests/autogen_op/Bloom/test_Bloom_aten_add_Tensor.py'.
Hint: make sure your test modules/packages have valid Python names.
Traceback:
../.pyenv/versions/3.11.10/lib/python3.11/importlib/__init__.py:126: in import_module
    return _bootstrap._gcd_import(name[level:], package, level)
           ^^^^^^^^^^^^^^^^^^^^^^^^^^^^^^^^^^^^^^^^^^^^^^^^^^^^
tests/autogen_op/Bloom/test_Bloom_aten_add_Tensor.py:8: in <module>
    import ttnn
E   ModuleNotFoundError: No module named 'ttnn'
___ ERROR collecting tests/autogen_op/Bloom/test_Bloom_aten_addmm_default.py ___
ImportError while importing test module '/Users/Ajay17/pytorch2.0_ttnn/tests/autogen_op/Bloom/test_Bloom_aten_addmm_default.py'.
Hint: make sure your test modules/packages have valid Python names.
Traceback:
../.pyenv/versions/3.11.10/lib/python3.11/importlib/__init__.py:126: in import_module
    return _bootstrap._gcd_import(name[level:], package, level)
           ^^^^^^^^^^^^^^^^^^^^^^^^^^^^^^^^^^^^^^^^^^^^^^^^^^^^
tests/autogen_op/Bloom/test_Bloom_aten_addmm_default.py:8: in <module>
    import ttnn
E   ModuleNotFoundError: No module named 'ttnn'
__ ERROR collecting tests/autogen_op/Bloom/test_Bloom_aten_baddbmm_default.py __
ImportError while importing test module '/Users/Ajay17/pytorch2.0_ttnn/tests/autogen_op/Bloom/test_Bloom_aten_baddbmm_default.py'.
Hint: make sure your test modules/packages have valid Python names.
Traceback:
../.pyenv/versions/3.11.10/lib/python3.11/importlib/__init__.py:126: in import_module
    return _bootstrap._gcd_import(name[level:], package, level)
           ^^^^^^^^^^^^^^^^^^^^^^^^^^^^^^^^^^^^^^^^^^^^^^^^^^^^
tests/autogen_op/Bloom/test_Bloom_aten_baddbmm_default.py:8: in <module>
    import ttnn
E   ModuleNotFoundError: No module named 'ttnn'
____ ERROR collecting tests/autogen_op/Bloom/test_Bloom_aten_bmm_default.py ____
ImportError while importing test module '/Users/Ajay17/pytorch2.0_ttnn/tests/autogen_op/Bloom/test_Bloom_aten_bmm_default.py'.
Hint: make sure your test modules/packages have valid Python names.
Traceback:
../.pyenv/versions/3.11.10/lib/python3.11/importlib/__init__.py:126: in import_module
    return _bootstrap._gcd_import(name[level:], package, level)
           ^^^^^^^^^^^^^^^^^^^^^^^^^^^^^^^^^^^^^^^^^^^^^^^^^^^^
tests/autogen_op/Bloom/test_Bloom_aten_bmm_default.py:8: in <module>
    import ttnn
E   ModuleNotFoundError: No module named 'ttnn'
___ ERROR collecting tests/autogen_op/Bloom/test_Bloom_aten_clone_default.py ___
ImportError while importing test module '/Users/Ajay17/pytorch2.0_ttnn/tests/autogen_op/Bloom/test_Bloom_aten_clone_default.py'.
Hint: make sure your test modules/packages have valid Python names.
Traceback:
../.pyenv/versions/3.11.10/lib/python3.11/importlib/__init__.py:126: in import_module
    return _bootstrap._gcd_import(name[level:], package, level)
           ^^^^^^^^^^^^^^^^^^^^^^^^^^^^^^^^^^^^^^^^^^^^^^^^^^^^
tests/autogen_op/Bloom/test_Bloom_aten_clone_default.py:8: in <module>
    import ttnn
E   ModuleNotFoundError: No module named 'ttnn'
__ ERROR collecting tests/autogen_op/Bloom/test_Bloom_aten_cumsum_default.py ___
ImportError while importing test module '/Users/Ajay17/pytorch2.0_ttnn/tests/autogen_op/Bloom/test_Bloom_aten_cumsum_default.py'.
Hint: make sure your test modules/packages have valid Python names.
Traceback:
../.pyenv/versions/3.11.10/lib/python3.11/importlib/__init__.py:126: in import_module
    return _bootstrap._gcd_import(name[level:], package, level)
           ^^^^^^^^^^^^^^^^^^^^^^^^^^^^^^^^^^^^^^^^^^^^^^^^^^^^
tests/autogen_op/Bloom/test_Bloom_aten_cumsum_default.py:8: in <module>
    import ttnn
E   ModuleNotFoundError: No module named 'ttnn'
_ ERROR collecting tests/autogen_op/Bloom/test_Bloom_aten_embedding_default.py _
ImportError while importing test module '/Users/Ajay17/pytorch2.0_ttnn/tests/autogen_op/Bloom/test_Bloom_aten_embedding_default.py'.
Hint: make sure your test modules/packages have valid Python names.
Traceback:
../.pyenv/versions/3.11.10/lib/python3.11/importlib/__init__.py:126: in import_module
    return _bootstrap._gcd_import(name[level:], package, level)
           ^^^^^^^^^^^^^^^^^^^^^^^^^^^^^^^^^^^^^^^^^^^^^^^^^^^^
tests/autogen_op/Bloom/test_Bloom_aten_embedding_default.py:8: in <module>
    import ttnn
E   ModuleNotFoundError: No module named 'ttnn'
__ ERROR collecting tests/autogen_op/Bloom/test_Bloom_aten_expand_default.py ___
ImportError while importing test module '/Users/Ajay17/pytorch2.0_ttnn/tests/autogen_op/Bloom/test_Bloom_aten_expand_default.py'.
Hint: make sure your test modules/packages have valid Python names.
Traceback:
../.pyenv/versions/3.11.10/lib/python3.11/importlib/__init__.py:126: in import_module
    return _bootstrap._gcd_import(name[level:], package, level)
           ^^^^^^^^^^^^^^^^^^^^^^^^^^^^^^^^^^^^^^^^^^^^^^^^^^^^
tests/autogen_op/Bloom/test_Bloom_aten_expand_default.py:8: in <module>
    import ttnn
E   ModuleNotFoundError: No module named 'ttnn'
___ ERROR collecting tests/autogen_op/Bloom/test_Bloom_aten_full_default.py ____
ImportError while importing test module '/Users/Ajay17/pytorch2.0_ttnn/tests/autogen_op/Bloom/test_Bloom_aten_full_default.py'.
Hint: make sure your test modules/packages have valid Python names.
Traceback:
../.pyenv/versions/3.11.10/lib/python3.11/importlib/__init__.py:126: in import_module
    return _bootstrap._gcd_import(name[level:], package, level)
           ^^^^^^^^^^^^^^^^^^^^^^^^^^^^^^^^^^^^^^^^^^^^^^^^^^^^
tests/autogen_op/Bloom/test_Bloom_aten_full_default.py:8: in <module>
    import ttnn
E   ModuleNotFoundError: No module named 'ttnn'
_ ERROR collecting tests/autogen_op/Bloom/test_Bloom_aten_masked_fill_Scalar.py _
ImportError while importing test module '/Users/Ajay17/pytorch2.0_ttnn/tests/autogen_op/Bloom/test_Bloom_aten_masked_fill_Scalar.py'.
Hint: make sure your test modules/packages have valid Python names.
Traceback:
../.pyenv/versions/3.11.10/lib/python3.11/importlib/__init__.py:126: in import_module
    return _bootstrap._gcd_import(name[level:], package, level)
           ^^^^^^^^^^^^^^^^^^^^^^^^^^^^^^^^^^^^^^^^^^^^^^^^^^^^
tests/autogen_op/Bloom/test_Bloom_aten_masked_fill_Scalar.py:8: in <module>
    import ttnn
E   ModuleNotFoundError: No module named 'ttnn'
____ ERROR collecting tests/autogen_op/Bloom/test_Bloom_aten_mm_default.py _____
ImportError while importing test module '/Users/Ajay17/pytorch2.0_ttnn/tests/autogen_op/Bloom/test_Bloom_aten_mm_default.py'.
Hint: make sure your test modules/packages have valid Python names.
Traceback:
../.pyenv/versions/3.11.10/lib/python3.11/importlib/__init__.py:126: in import_module
    return _bootstrap._gcd_import(name[level:], package, level)
           ^^^^^^^^^^^^^^^^^^^^^^^^^^^^^^^^^^^^^^^^^^^^^^^^^^^^
tests/autogen_op/Bloom/test_Bloom_aten_mm_default.py:8: in <module>
    import ttnn
E   ModuleNotFoundError: No module named 'ttnn'
____ ERROR collecting tests/autogen_op/Bloom/test_Bloom_aten_mul_Tensor.py _____
ImportError while importing test module '/Users/Ajay17/pytorch2.0_ttnn/tests/autogen_op/Bloom/test_Bloom_aten_mul_Tensor.py'.
Hint: make sure your test modules/packages have valid Python names.
Traceback:
../.pyenv/versions/3.11.10/lib/python3.11/importlib/__init__.py:126: in import_module
    return _bootstrap._gcd_import(name[level:], package, level)
           ^^^^^^^^^^^^^^^^^^^^^^^^^^^^^^^^^^^^^^^^^^^^^^^^^^^^
tests/autogen_op/Bloom/test_Bloom_aten_mul_Tensor.py:8: in <module>
    import ttnn
E   ModuleNotFoundError: No module named 'ttnn'
_ ERROR collecting tests/autogen_op/Bloom/test_Bloom_aten_native_layer_norm_default.py _
ImportError while importing test module '/Users/Ajay17/pytorch2.0_ttnn/tests/autogen_op/Bloom/test_Bloom_aten_native_layer_norm_default.py'.
Hint: make sure your test modules/packages have valid Python names.
Traceback:
../.pyenv/versions/3.11.10/lib/python3.11/importlib/__init__.py:126: in import_module
    return _bootstrap._gcd_import(name[level:], package, level)
           ^^^^^^^^^^^^^^^^^^^^^^^^^^^^^^^^^^^^^^^^^^^^^^^^^^^^
tests/autogen_op/Bloom/test_Bloom_aten_native_layer_norm_default.py:8: in <module>
    import ttnn
E   ModuleNotFoundError: No module named 'ttnn'
__ ERROR collecting tests/autogen_op/Bloom/test_Bloom_aten_permute_default.py __
ImportError while importing test module '/Users/Ajay17/pytorch2.0_ttnn/tests/autogen_op/Bloom/test_Bloom_aten_permute_default.py'.
Hint: make sure your test modules/packages have valid Python names.
Traceback:
../.pyenv/versions/3.11.10/lib/python3.11/importlib/__init__.py:126: in import_module
    return _bootstrap._gcd_import(name[level:], package, level)
           ^^^^^^^^^^^^^^^^^^^^^^^^^^^^^^^^^^^^^^^^^^^^^^^^^^^^
tests/autogen_op/Bloom/test_Bloom_aten_permute_default.py:8: in <module>
    import ttnn
E   ModuleNotFoundError: No module named 'ttnn'
____ ERROR collecting tests/autogen_op/Bloom/test_Bloom_aten_rsub_Scalar.py ____
ImportError while importing test module '/Users/Ajay17/pytorch2.0_ttnn/tests/autogen_op/Bloom/test_Bloom_aten_rsub_Scalar.py'.
Hint: make sure your test modules/packages have valid Python names.
Traceback:
../.pyenv/versions/3.11.10/lib/python3.11/importlib/__init__.py:126: in import_module
    return _bootstrap._gcd_import(name[level:], package, level)
           ^^^^^^^^^^^^^^^^^^^^^^^^^^^^^^^^^^^^^^^^^^^^^^^^^^^^
tests/autogen_op/Bloom/test_Bloom_aten_rsub_Scalar.py:8: in <module>
    import ttnn
E   ModuleNotFoundError: No module named 'ttnn'
____ ERROR collecting tests/autogen_op/Bloom/test_Bloom_aten_select_int.py _____
ImportError while importing test module '/Users/Ajay17/pytorch2.0_ttnn/tests/autogen_op/Bloom/test_Bloom_aten_select_int.py'.
Hint: make sure your test modules/packages have valid Python names.
Traceback:
../.pyenv/versions/3.11.10/lib/python3.11/importlib/__init__.py:126: in import_module
    return _bootstrap._gcd_import(name[level:], package, level)
           ^^^^^^^^^^^^^^^^^^^^^^^^^^^^^^^^^^^^^^^^^^^^^^^^^^^^
tests/autogen_op/Bloom/test_Bloom_aten_select_int.py:8: in <module>
    import ttnn
E   ModuleNotFoundError: No module named 'ttnn'
___ ERROR collecting tests/autogen_op/Bloom/test_Bloom_aten_slice_Tensor.py ____
ImportError while importing test module '/Users/Ajay17/pytorch2.0_ttnn/tests/autogen_op/Bloom/test_Bloom_aten_slice_Tensor.py'.
Hint: make sure your test modules/packages have valid Python names.
Traceback:
../.pyenv/versions/3.11.10/lib/python3.11/importlib/__init__.py:126: in import_module
    return _bootstrap._gcd_import(name[level:], package, level)
           ^^^^^^^^^^^^^^^^^^^^^^^^^^^^^^^^^^^^^^^^^^^^^^^^^^^^
tests/autogen_op/Bloom/test_Bloom_aten_slice_Tensor.py:8: in <module>
    import ttnn
E   ModuleNotFoundError: No module named 'ttnn'
____ ERROR collecting tests/autogen_op/Bloom/test_Bloom_aten_sub_Tensor.py _____
ImportError while importing test module '/Users/Ajay17/pytorch2.0_ttnn/tests/autogen_op/Bloom/test_Bloom_aten_sub_Tensor.py'.
Hint: make sure your test modules/packages have valid Python names.
Traceback:
../.pyenv/versions/3.11.10/lib/python3.11/importlib/__init__.py:126: in import_module
    return _bootstrap._gcd_import(name[level:], package, level)
           ^^^^^^^^^^^^^^^^^^^^^^^^^^^^^^^^^^^^^^^^^^^^^^^^^^^^
tests/autogen_op/Bloom/test_Bloom_aten_sub_Tensor.py:8: in <module>
    import ttnn
E   ModuleNotFoundError: No module named 'ttnn'
_____ ERROR collecting tests/autogen_op/Bloom/test_Bloom_aten_t_default.py _____
ImportError while importing test module '/Users/Ajay17/pytorch2.0_ttnn/tests/autogen_op/Bloom/test_Bloom_aten_t_default.py'.
Hint: make sure your test modules/packages have valid Python names.
Traceback:
../.pyenv/versions/3.11.10/lib/python3.11/importlib/__init__.py:126: in import_module
    return _bootstrap._gcd_import(name[level:], package, level)
           ^^^^^^^^^^^^^^^^^^^^^^^^^^^^^^^^^^^^^^^^^^^^^^^^^^^^
tests/autogen_op/Bloom/test_Bloom_aten_t_default.py:8: in <module>
    import ttnn
E   ModuleNotFoundError: No module named 'ttnn'
___ ERROR collecting tests/autogen_op/Bloom/test_Bloom_aten_tanh_default.py ____
ImportError while importing test module '/Users/Ajay17/pytorch2.0_ttnn/tests/autogen_op/Bloom/test_Bloom_aten_tanh_default.py'.
Hint: make sure your test modules/packages have valid Python names.
Traceback:
../.pyenv/versions/3.11.10/lib/python3.11/importlib/__init__.py:126: in import_module
    return _bootstrap._gcd_import(name[level:], package, level)
           ^^^^^^^^^^^^^^^^^^^^^^^^^^^^^^^^^^^^^^^^^^^^^^^^^^^^
tests/autogen_op/Bloom/test_Bloom_aten_tanh_default.py:8: in <module>
    import ttnn
E   ModuleNotFoundError: No module named 'ttnn'
___ ERROR collecting tests/autogen_op/Bloom/test_Bloom_aten_transpose_int.py ___
ImportError while importing test module '/Users/Ajay17/pytorch2.0_ttnn/tests/autogen_op/Bloom/test_Bloom_aten_transpose_int.py'.
Hint: make sure your test modules/packages have valid Python names.
Traceback:
../.pyenv/versions/3.11.10/lib/python3.11/importlib/__init__.py:126: in import_module
    return _bootstrap._gcd_import(name[level:], package, level)
           ^^^^^^^^^^^^^^^^^^^^^^^^^^^^^^^^^^^^^^^^^^^^^^^^^^^^
tests/autogen_op/Bloom/test_Bloom_aten_transpose_int.py:8: in <module>
    import ttnn
E   ModuleNotFoundError: No module named 'ttnn'
_ ERROR collecting tests/autogen_op/Bloom/test_Bloom_aten_unsqueeze_default.py _
ImportError while importing test module '/Users/Ajay17/pytorch2.0_ttnn/tests/autogen_op/Bloom/test_Bloom_aten_unsqueeze_default.py'.
Hint: make sure your test modules/packages have valid Python names.
Traceback:
../.pyenv/versions/3.11.10/lib/python3.11/importlib/__init__.py:126: in import_module
    return _bootstrap._gcd_import(name[level:], package, level)
           ^^^^^^^^^^^^^^^^^^^^^^^^^^^^^^^^^^^^^^^^^^^^^^^^^^^^
tests/autogen_op/Bloom/test_Bloom_aten_unsqueeze_default.py:8: in <module>
    import ttnn
E   ModuleNotFoundError: No module named 'ttnn'
___ ERROR collecting tests/autogen_op/Bloom/test_Bloom_aten_view_default.py ____
ImportError while importing test module '/Users/Ajay17/pytorch2.0_ttnn/tests/autogen_op/Bloom/test_Bloom_aten_view_default.py'.
Hint: make sure your test modules/packages have valid Python names.
Traceback:
../.pyenv/versions/3.11.10/lib/python3.11/importlib/__init__.py:126: in import_module
    return _bootstrap._gcd_import(name[level:], package, level)
           ^^^^^^^^^^^^^^^^^^^^^^^^^^^^^^^^^^^^^^^^^^^^^^^^^^^^
tests/autogen_op/Bloom/test_Bloom_aten_view_default.py:8: in <module>
    import ttnn
E   ModuleNotFoundError: No module named 'ttnn'
__ ERROR collecting tests/autogen_op/CLIP/test_CLIP_aten__softmax_default.py ___
ImportError while importing test module '/Users/Ajay17/pytorch2.0_ttnn/tests/autogen_op/CLIP/test_CLIP_aten__softmax_default.py'.
Hint: make sure your test modules/packages have valid Python names.
Traceback:
../.pyenv/versions/3.11.10/lib/python3.11/importlib/__init__.py:126: in import_module
    return _bootstrap._gcd_import(name[level:], package, level)
           ^^^^^^^^^^^^^^^^^^^^^^^^^^^^^^^^^^^^^^^^^^^^^^^^^^^^
tests/autogen_op/CLIP/test_CLIP_aten__softmax_default.py:8: in <module>
    import ttnn
E   ModuleNotFoundError: No module named 'ttnn'
__ ERROR collecting tests/autogen_op/CLIP/test_CLIP_aten__to_copy_default.py ___
ImportError while importing test module '/Users/Ajay17/pytorch2.0_ttnn/tests/autogen_op/CLIP/test_CLIP_aten__to_copy_default.py'.
Hint: make sure your test modules/packages have valid Python names.
Traceback:
../.pyenv/versions/3.11.10/lib/python3.11/importlib/__init__.py:126: in import_module
    return _bootstrap._gcd_import(name[level:], package, level)
           ^^^^^^^^^^^^^^^^^^^^^^^^^^^^^^^^^^^^^^^^^^^^^^^^^^^^
tests/autogen_op/CLIP/test_CLIP_aten__to_copy_default.py:8: in <module>
    import ttnn
E   ModuleNotFoundError: No module named 'ttnn'
_ ERROR collecting tests/autogen_op/CLIP/test_CLIP_aten__unsafe_view_default.py _
ImportError while importing test module '/Users/Ajay17/pytorch2.0_ttnn/tests/autogen_op/CLIP/test_CLIP_aten__unsafe_view_default.py'.
Hint: make sure your test modules/packages have valid Python names.
Traceback:
../.pyenv/versions/3.11.10/lib/python3.11/importlib/__init__.py:126: in import_module
    return _bootstrap._gcd_import(name[level:], package, level)
           ^^^^^^^^^^^^^^^^^^^^^^^^^^^^^^^^^^^^^^^^^^^^^^^^^^^^
tests/autogen_op/CLIP/test_CLIP_aten__unsafe_view_default.py:8: in <module>
    import ttnn
E   ModuleNotFoundError: No module named 'ttnn'
_____ ERROR collecting tests/autogen_op/CLIP/test_CLIP_aten_add_Tensor.py ______
ImportError while importing test module '/Users/Ajay17/pytorch2.0_ttnn/tests/autogen_op/CLIP/test_CLIP_aten_add_Tensor.py'.
Hint: make sure your test modules/packages have valid Python names.
Traceback:
../.pyenv/versions/3.11.10/lib/python3.11/importlib/__init__.py:126: in import_module
    return _bootstrap._gcd_import(name[level:], package, level)
           ^^^^^^^^^^^^^^^^^^^^^^^^^^^^^^^^^^^^^^^^^^^^^^^^^^^^
tests/autogen_op/CLIP/test_CLIP_aten_add_Tensor.py:8: in <module>
    import ttnn
E   ModuleNotFoundError: No module named 'ttnn'
____ ERROR collecting tests/autogen_op/CLIP/test_CLIP_aten_addmm_default.py ____
ImportError while importing test module '/Users/Ajay17/pytorch2.0_ttnn/tests/autogen_op/CLIP/test_CLIP_aten_addmm_default.py'.
Hint: make sure your test modules/packages have valid Python names.
Traceback:
../.pyenv/versions/3.11.10/lib/python3.11/importlib/__init__.py:126: in import_module
    return _bootstrap._gcd_import(name[level:], package, level)
           ^^^^^^^^^^^^^^^^^^^^^^^^^^^^^^^^^^^^^^^^^^^^^^^^^^^^
tests/autogen_op/CLIP/test_CLIP_aten_addmm_default.py:8: in <module>
    import ttnn
E   ModuleNotFoundError: No module named 'ttnn'
___ ERROR collecting tests/autogen_op/CLIP/test_CLIP_aten_argmax_default.py ____
ImportError while importing test module '/Users/Ajay17/pytorch2.0_ttnn/tests/autogen_op/CLIP/test_CLIP_aten_argmax_default.py'.
Hint: make sure your test modules/packages have valid Python names.
Traceback:
../.pyenv/versions/3.11.10/lib/python3.11/importlib/__init__.py:126: in import_module
    return _bootstrap._gcd_import(name[level:], package, level)
           ^^^^^^^^^^^^^^^^^^^^^^^^^^^^^^^^^^^^^^^^^^^^^^^^^^^^
tests/autogen_op/CLIP/test_CLIP_aten_argmax_default.py:8: in <module>
    import ttnn
E   ModuleNotFoundError: No module named 'ttnn'
_____ ERROR collecting tests/autogen_op/CLIP/test_CLIP_aten_bmm_default.py _____
ImportError while importing test module '/Users/Ajay17/pytorch2.0_ttnn/tests/autogen_op/CLIP/test_CLIP_aten_bmm_default.py'.
Hint: make sure your test modules/packages have valid Python names.
Traceback:
../.pyenv/versions/3.11.10/lib/python3.11/importlib/__init__.py:126: in import_module
    return _bootstrap._gcd_import(name[level:], package, level)
           ^^^^^^^^^^^^^^^^^^^^^^^^^^^^^^^^^^^^^^^^^^^^^^^^^^^^
tests/autogen_op/CLIP/test_CLIP_aten_bmm_default.py:8: in <module>
    import ttnn
E   ModuleNotFoundError: No module named 'ttnn'
_____ ERROR collecting tests/autogen_op/CLIP/test_CLIP_aten_cat_default.py _____
ImportError while importing test module '/Users/Ajay17/pytorch2.0_ttnn/tests/autogen_op/CLIP/test_CLIP_aten_cat_default.py'.
Hint: make sure your test modules/packages have valid Python names.
Traceback:
../.pyenv/versions/3.11.10/lib/python3.11/importlib/__init__.py:126: in import_module
    return _bootstrap._gcd_import(name[level:], package, level)
           ^^^^^^^^^^^^^^^^^^^^^^^^^^^^^^^^^^^^^^^^^^^^^^^^^^^^
tests/autogen_op/CLIP/test_CLIP_aten_cat_default.py:8: in <module>
    import ttnn
E   ModuleNotFoundError: No module named 'ttnn'
____ ERROR collecting tests/autogen_op/CLIP/test_CLIP_aten_clone_default.py ____
ImportError while importing test module '/Users/Ajay17/pytorch2.0_ttnn/tests/autogen_op/CLIP/test_CLIP_aten_clone_default.py'.
Hint: make sure your test modules/packages have valid Python names.
Traceback:
../.pyenv/versions/3.11.10/lib/python3.11/importlib/__init__.py:126: in import_module
    return _bootstrap._gcd_import(name[level:], package, level)
           ^^^^^^^^^^^^^^^^^^^^^^^^^^^^^^^^^^^^^^^^^^^^^^^^^^^^
tests/autogen_op/CLIP/test_CLIP_aten_clone_default.py:8: in <module>
    import ttnn
E   ModuleNotFoundError: No module named 'ttnn'
_ ERROR collecting tests/autogen_op/CLIP/test_CLIP_aten_convolution_default.py _
ImportError while importing test module '/Users/Ajay17/pytorch2.0_ttnn/tests/autogen_op/CLIP/test_CLIP_aten_convolution_default.py'.
Hint: make sure your test modules/packages have valid Python names.
Traceback:
../.pyenv/versions/3.11.10/lib/python3.11/importlib/__init__.py:126: in import_module
    return _bootstrap._gcd_import(name[level:], package, level)
           ^^^^^^^^^^^^^^^^^^^^^^^^^^^^^^^^^^^^^^^^^^^^^^^^^^^^
tests/autogen_op/CLIP/test_CLIP_aten_convolution_default.py:8: in <module>
    import ttnn
E   ModuleNotFoundError: No module named 'ttnn'
_____ ERROR collecting tests/autogen_op/CLIP/test_CLIP_aten_div_Tensor.py ______
ImportError while importing test module '/Users/Ajay17/pytorch2.0_ttnn/tests/autogen_op/CLIP/test_CLIP_aten_div_Tensor.py'.
Hint: make sure your test modules/packages have valid Python names.
Traceback:
../.pyenv/versions/3.11.10/lib/python3.11/importlib/__init__.py:126: in import_module
    return _bootstrap._gcd_import(name[level:], package, level)
           ^^^^^^^^^^^^^^^^^^^^^^^^^^^^^^^^^^^^^^^^^^^^^^^^^^^^
tests/autogen_op/CLIP/test_CLIP_aten_div_Tensor.py:8: in <module>
    import ttnn
E   ModuleNotFoundError: No module named 'ttnn'
__ ERROR collecting tests/autogen_op/CLIP/test_CLIP_aten_embedding_default.py __
ImportError while importing test module '/Users/Ajay17/pytorch2.0_ttnn/tests/autogen_op/CLIP/test_CLIP_aten_embedding_default.py'.
Hint: make sure your test modules/packages have valid Python names.
Traceback:
../.pyenv/versions/3.11.10/lib/python3.11/importlib/__init__.py:126: in import_module
    return _bootstrap._gcd_import(name[level:], package, level)
           ^^^^^^^^^^^^^^^^^^^^^^^^^^^^^^^^^^^^^^^^^^^^^^^^^^^^
tests/autogen_op/CLIP/test_CLIP_aten_embedding_default.py:8: in <module>
    import ttnn
E   ModuleNotFoundError: No module named 'ttnn'
_____ ERROR collecting tests/autogen_op/CLIP/test_CLIP_aten_exp_default.py _____
ImportError while importing test module '/Users/Ajay17/pytorch2.0_ttnn/tests/autogen_op/CLIP/test_CLIP_aten_exp_default.py'.
Hint: make sure your test modules/packages have valid Python names.
Traceback:
../.pyenv/versions/3.11.10/lib/python3.11/importlib/__init__.py:126: in import_module
    return _bootstrap._gcd_import(name[level:], package, level)
           ^^^^^^^^^^^^^^^^^^^^^^^^^^^^^^^^^^^^^^^^^^^^^^^^^^^^
tests/autogen_op/CLIP/test_CLIP_aten_exp_default.py:8: in <module>
    import ttnn
E   ModuleNotFoundError: No module named 'ttnn'
___ ERROR collecting tests/autogen_op/CLIP/test_CLIP_aten_expand_default.py ____
ImportError while importing test module '/Users/Ajay17/pytorch2.0_ttnn/tests/autogen_op/CLIP/test_CLIP_aten_expand_default.py'.
Hint: make sure your test modules/packages have valid Python names.
Traceback:
../.pyenv/versions/3.11.10/lib/python3.11/importlib/__init__.py:126: in import_module
    return _bootstrap._gcd_import(name[level:], package, level)
           ^^^^^^^^^^^^^^^^^^^^^^^^^^^^^^^^^^^^^^^^^^^^^^^^^^^^
tests/autogen_op/CLIP/test_CLIP_aten_expand_default.py:8: in <module>
    import ttnn
E   ModuleNotFoundError: No module named 'ttnn'
____ ERROR collecting tests/autogen_op/CLIP/test_CLIP_aten_full_default.py _____
ImportError while importing test module '/Users/Ajay17/pytorch2.0_ttnn/tests/autogen_op/CLIP/test_CLIP_aten_full_default.py'.
Hint: make sure your test modules/packages have valid Python names.
Traceback:
../.pyenv/versions/3.11.10/lib/python3.11/importlib/__init__.py:126: in import_module
    return _bootstrap._gcd_import(name[level:], package, level)
           ^^^^^^^^^^^^^^^^^^^^^^^^^^^^^^^^^^^^^^^^^^^^^^^^^^^^
tests/autogen_op/CLIP/test_CLIP_aten_full_default.py:8: in <module>
    import ttnn
E   ModuleNotFoundError: No module named 'ttnn'
____ ERROR collecting tests/autogen_op/CLIP/test_CLIP_aten_index_Tensor.py _____
ImportError while importing test module '/Users/Ajay17/pytorch2.0_ttnn/tests/autogen_op/CLIP/test_CLIP_aten_index_Tensor.py'.
Hint: make sure your test modules/packages have valid Python names.
Traceback:
../.pyenv/versions/3.11.10/lib/python3.11/importlib/__init__.py:126: in import_module
    return _bootstrap._gcd_import(name[level:], package, level)
           ^^^^^^^^^^^^^^^^^^^^^^^^^^^^^^^^^^^^^^^^^^^^^^^^^^^^
tests/autogen_op/CLIP/test_CLIP_aten_index_Tensor.py:8: in <module>
    import ttnn
E   ModuleNotFoundError: No module named 'ttnn'
_ ERROR collecting tests/autogen_op/CLIP/test_CLIP_aten_linalg_vector_norm_default.py _
ImportError while importing test module '/Users/Ajay17/pytorch2.0_ttnn/tests/autogen_op/CLIP/test_CLIP_aten_linalg_vector_norm_default.py'.
Hint: make sure your test modules/packages have valid Python names.
Traceback:
../.pyenv/versions/3.11.10/lib/python3.11/importlib/__init__.py:126: in import_module
    return _bootstrap._gcd_import(name[level:], package, level)
           ^^^^^^^^^^^^^^^^^^^^^^^^^^^^^^^^^^^^^^^^^^^^^^^^^^^^
tests/autogen_op/CLIP/test_CLIP_aten_linalg_vector_norm_default.py:8: in <module>
    import ttnn
E   ModuleNotFoundError: No module named 'ttnn'
_ ERROR collecting tests/autogen_op/CLIP/test_CLIP_aten_masked_fill_Scalar.py __
ImportError while importing test module '/Users/Ajay17/pytorch2.0_ttnn/tests/autogen_op/CLIP/test_CLIP_aten_masked_fill_Scalar.py'.
Hint: make sure your test modules/packages have valid Python names.
Traceback:
../.pyenv/versions/3.11.10/lib/python3.11/importlib/__init__.py:126: in import_module
    return _bootstrap._gcd_import(name[level:], package, level)
           ^^^^^^^^^^^^^^^^^^^^^^^^^^^^^^^^^^^^^^^^^^^^^^^^^^^^
tests/autogen_op/CLIP/test_CLIP_aten_masked_fill_Scalar.py:8: in <module>
    import ttnn
E   ModuleNotFoundError: No module named 'ttnn'
_____ ERROR collecting tests/autogen_op/CLIP/test_CLIP_aten_mm_default.py ______
ImportError while importing test module '/Users/Ajay17/pytorch2.0_ttnn/tests/autogen_op/CLIP/test_CLIP_aten_mm_default.py'.
Hint: make sure your test modules/packages have valid Python names.
Traceback:
../.pyenv/versions/3.11.10/lib/python3.11/importlib/__init__.py:126: in import_module
    return _bootstrap._gcd_import(name[level:], package, level)
           ^^^^^^^^^^^^^^^^^^^^^^^^^^^^^^^^^^^^^^^^^^^^^^^^^^^^
tests/autogen_op/CLIP/test_CLIP_aten_mm_default.py:8: in <module>
    import ttnn
E   ModuleNotFoundError: No module named 'ttnn'
_____ ERROR collecting tests/autogen_op/CLIP/test_CLIP_aten_mul_Tensor.py ______
ImportError while importing test module '/Users/Ajay17/pytorch2.0_ttnn/tests/autogen_op/CLIP/test_CLIP_aten_mul_Tensor.py'.
Hint: make sure your test modules/packages have valid Python names.
Traceback:
../.pyenv/versions/3.11.10/lib/python3.11/importlib/__init__.py:126: in import_module
    return _bootstrap._gcd_import(name[level:], package, level)
           ^^^^^^^^^^^^^^^^^^^^^^^^^^^^^^^^^^^^^^^^^^^^^^^^^^^^
tests/autogen_op/CLIP/test_CLIP_aten_mul_Tensor.py:8: in <module>
    import ttnn
E   ModuleNotFoundError: No module named 'ttnn'
_ ERROR collecting tests/autogen_op/CLIP/test_CLIP_aten_native_layer_norm_default.py _
ImportError while importing test module '/Users/Ajay17/pytorch2.0_ttnn/tests/autogen_op/CLIP/test_CLIP_aten_native_layer_norm_default.py'.
Hint: make sure your test modules/packages have valid Python names.
Traceback:
../.pyenv/versions/3.11.10/lib/python3.11/importlib/__init__.py:126: in import_module
    return _bootstrap._gcd_import(name[level:], package, level)
           ^^^^^^^^^^^^^^^^^^^^^^^^^^^^^^^^^^^^^^^^^^^^^^^^^^^^
tests/autogen_op/CLIP/test_CLIP_aten_native_layer_norm_default.py:8: in <module>
    import ttnn
E   ModuleNotFoundError: No module named 'ttnn'
_____ ERROR collecting tests/autogen_op/CLIP/test_CLIP_aten_rsub_Scalar.py _____
ImportError while importing test module '/Users/Ajay17/pytorch2.0_ttnn/tests/autogen_op/CLIP/test_CLIP_aten_rsub_Scalar.py'.
Hint: make sure your test modules/packages have valid Python names.
Traceback:
../.pyenv/versions/3.11.10/lib/python3.11/importlib/__init__.py:126: in import_module
    return _bootstrap._gcd_import(name[level:], package, level)
           ^^^^^^^^^^^^^^^^^^^^^^^^^^^^^^^^^^^^^^^^^^^^^^^^^^^^
tests/autogen_op/CLIP/test_CLIP_aten_rsub_Scalar.py:8: in <module>
    import ttnn
E   ModuleNotFoundError: No module named 'ttnn'
_____ ERROR collecting tests/autogen_op/CLIP/test_CLIP_aten_select_int.py ______
ImportError while importing test module '/Users/Ajay17/pytorch2.0_ttnn/tests/autogen_op/CLIP/test_CLIP_aten_select_int.py'.
Hint: make sure your test modules/packages have valid Python names.
Traceback:
../.pyenv/versions/3.11.10/lib/python3.11/importlib/__init__.py:126: in import_module
    return _bootstrap._gcd_import(name[level:], package, level)
           ^^^^^^^^^^^^^^^^^^^^^^^^^^^^^^^^^^^^^^^^^^^^^^^^^^^^
tests/autogen_op/CLIP/test_CLIP_aten_select_int.py:8: in <module>
    import ttnn
E   ModuleNotFoundError: No module named 'ttnn'
___ ERROR collecting tests/autogen_op/CLIP/test_CLIP_aten_sigmoid_default.py ___
ImportError while importing test module '/Users/Ajay17/pytorch2.0_ttnn/tests/autogen_op/CLIP/test_CLIP_aten_sigmoid_default.py'.
Hint: make sure your test modules/packages have valid Python names.
Traceback:
../.pyenv/versions/3.11.10/lib/python3.11/importlib/__init__.py:126: in import_module
    return _bootstrap._gcd_import(name[level:], package, level)
           ^^^^^^^^^^^^^^^^^^^^^^^^^^^^^^^^^^^^^^^^^^^^^^^^^^^^
tests/autogen_op/CLIP/test_CLIP_aten_sigmoid_default.py:8: in <module>
    import ttnn
E   ModuleNotFoundError: No module named 'ttnn'
____ ERROR collecting tests/autogen_op/CLIP/test_CLIP_aten_slice_Tensor.py _____
ImportError while importing test module '/Users/Ajay17/pytorch2.0_ttnn/tests/autogen_op/CLIP/test_CLIP_aten_slice_Tensor.py'.
Hint: make sure your test modules/packages have valid Python names.
Traceback:
../.pyenv/versions/3.11.10/lib/python3.11/importlib/__init__.py:126: in import_module
    return _bootstrap._gcd_import(name[level:], package, level)
           ^^^^^^^^^^^^^^^^^^^^^^^^^^^^^^^^^^^^^^^^^^^^^^^^^^^^
tests/autogen_op/CLIP/test_CLIP_aten_slice_Tensor.py:8: in <module>
    import ttnn
E   ModuleNotFoundError: No module named 'ttnn'
______ ERROR collecting tests/autogen_op/CLIP/test_CLIP_aten_t_default.py ______
ImportError while importing test module '/Users/Ajay17/pytorch2.0_ttnn/tests/autogen_op/CLIP/test_CLIP_aten_t_default.py'.
Hint: make sure your test modules/packages have valid Python names.
Traceback:
../.pyenv/versions/3.11.10/lib/python3.11/importlib/__init__.py:126: in import_module
    return _bootstrap._gcd_import(name[level:], package, level)
           ^^^^^^^^^^^^^^^^^^^^^^^^^^^^^^^^^^^^^^^^^^^^^^^^^^^^
tests/autogen_op/CLIP/test_CLIP_aten_t_default.py:8: in <module>
    import ttnn
E   ModuleNotFoundError: No module named 'ttnn'
____ ERROR collecting tests/autogen_op/CLIP/test_CLIP_aten_transpose_int.py ____
ImportError while importing test module '/Users/Ajay17/pytorch2.0_ttnn/tests/autogen_op/CLIP/test_CLIP_aten_transpose_int.py'.
Hint: make sure your test modules/packages have valid Python names.
Traceback:
../.pyenv/versions/3.11.10/lib/python3.11/importlib/__init__.py:126: in import_module
    return _bootstrap._gcd_import(name[level:], package, level)
           ^^^^^^^^^^^^^^^^^^^^^^^^^^^^^^^^^^^^^^^^^^^^^^^^^^^^
tests/autogen_op/CLIP/test_CLIP_aten_transpose_int.py:8: in <module>
    import ttnn
E   ModuleNotFoundError: No module named 'ttnn'
__ ERROR collecting tests/autogen_op/CLIP/test_CLIP_aten_unsqueeze_default.py __
ImportError while importing test module '/Users/Ajay17/pytorch2.0_ttnn/tests/autogen_op/CLIP/test_CLIP_aten_unsqueeze_default.py'.
Hint: make sure your test modules/packages have valid Python names.
Traceback:
../.pyenv/versions/3.11.10/lib/python3.11/importlib/__init__.py:126: in import_module
    return _bootstrap._gcd_import(name[level:], package, level)
           ^^^^^^^^^^^^^^^^^^^^^^^^^^^^^^^^^^^^^^^^^^^^^^^^^^^^
tests/autogen_op/CLIP/test_CLIP_aten_unsqueeze_default.py:8: in <module>
    import ttnn
E   ModuleNotFoundError: No module named 'ttnn'
____ ERROR collecting tests/autogen_op/CLIP/test_CLIP_aten_view_default.py _____
ImportError while importing test module '/Users/Ajay17/pytorch2.0_ttnn/tests/autogen_op/CLIP/test_CLIP_aten_view_default.py'.
Hint: make sure your test modules/packages have valid Python names.
Traceback:
../.pyenv/versions/3.11.10/lib/python3.11/importlib/__init__.py:126: in import_module
    return _bootstrap._gcd_import(name[level:], package, level)
           ^^^^^^^^^^^^^^^^^^^^^^^^^^^^^^^^^^^^^^^^^^^^^^^^^^^^
tests/autogen_op/CLIP/test_CLIP_aten_view_default.py:8: in <module>
    import ttnn
E   ModuleNotFoundError: No module named 'ttnn'
_ ERROR collecting tests/autogen_op/CLIP-train/test_CLIP-train_aten__softmax_backward_data_default.py _
ImportError while importing test module '/Users/Ajay17/pytorch2.0_ttnn/tests/autogen_op/CLIP-train/test_CLIP-train_aten__softmax_backward_data_default.py'.
Hint: make sure your test modules/packages have valid Python names.
Traceback:
../.pyenv/versions/3.11.10/lib/python3.11/importlib/__init__.py:126: in import_module
    return _bootstrap._gcd_import(name[level:], package, level)
           ^^^^^^^^^^^^^^^^^^^^^^^^^^^^^^^^^^^^^^^^^^^^^^^^^^^^
tests/autogen_op/CLIP-train/test_CLIP-train_aten__softmax_backward_data_default.py:8: in <module>
    import ttnn
E   ModuleNotFoundError: No module named 'ttnn'
_ ERROR collecting tests/autogen_op/CLIP-train/test_CLIP-train_aten__softmax_default.py _
ImportError while importing test module '/Users/Ajay17/pytorch2.0_ttnn/tests/autogen_op/CLIP-train/test_CLIP-train_aten__softmax_default.py'.
Hint: make sure your test modules/packages have valid Python names.
Traceback:
../.pyenv/versions/3.11.10/lib/python3.11/importlib/__init__.py:126: in import_module
    return _bootstrap._gcd_import(name[level:], package, level)
           ^^^^^^^^^^^^^^^^^^^^^^^^^^^^^^^^^^^^^^^^^^^^^^^^^^^^
tests/autogen_op/CLIP-train/test_CLIP-train_aten__softmax_default.py:8: in <module>
    import ttnn
E   ModuleNotFoundError: No module named 'ttnn'
_ ERROR collecting tests/autogen_op/CLIP-train/test_CLIP-train_aten__to_copy_default.py _
ImportError while importing test module '/Users/Ajay17/pytorch2.0_ttnn/tests/autogen_op/CLIP-train/test_CLIP-train_aten__to_copy_default.py'.
Hint: make sure your test modules/packages have valid Python names.
Traceback:
../.pyenv/versions/3.11.10/lib/python3.11/importlib/__init__.py:126: in import_module
    return _bootstrap._gcd_import(name[level:], package, level)
           ^^^^^^^^^^^^^^^^^^^^^^^^^^^^^^^^^^^^^^^^^^^^^^^^^^^^
tests/autogen_op/CLIP-train/test_CLIP-train_aten__to_copy_default.py:8: in <module>
    import ttnn
E   ModuleNotFoundError: No module named 'ttnn'
_ ERROR collecting tests/autogen_op/CLIP-train/test_CLIP-train_aten__unsafe_view_default.py _
ImportError while importing test module '/Users/Ajay17/pytorch2.0_ttnn/tests/autogen_op/CLIP-train/test_CLIP-train_aten__unsafe_view_default.py'.
Hint: make sure your test modules/packages have valid Python names.
Traceback:
../.pyenv/versions/3.11.10/lib/python3.11/importlib/__init__.py:126: in import_module
    return _bootstrap._gcd_import(name[level:], package, level)
           ^^^^^^^^^^^^^^^^^^^^^^^^^^^^^^^^^^^^^^^^^^^^^^^^^^^^
tests/autogen_op/CLIP-train/test_CLIP-train_aten__unsafe_view_default.py:8: in <module>
    import ttnn
E   ModuleNotFoundError: No module named 'ttnn'
_ ERROR collecting tests/autogen_op/CLIP-train/test_CLIP-train_aten_add_Tensor.py _
ImportError while importing test module '/Users/Ajay17/pytorch2.0_ttnn/tests/autogen_op/CLIP-train/test_CLIP-train_aten_add_Tensor.py'.
Hint: make sure your test modules/packages have valid Python names.
Traceback:
../.pyenv/versions/3.11.10/lib/python3.11/importlib/__init__.py:126: in import_module
    return _bootstrap._gcd_import(name[level:], package, level)
           ^^^^^^^^^^^^^^^^^^^^^^^^^^^^^^^^^^^^^^^^^^^^^^^^^^^^
tests/autogen_op/CLIP-train/test_CLIP-train_aten_add_Tensor.py:8: in <module>
    import ttnn
E   ModuleNotFoundError: No module named 'ttnn'
_ ERROR collecting tests/autogen_op/CLIP-train/test_CLIP-train_aten_addmm_default.py _
ImportError while importing test module '/Users/Ajay17/pytorch2.0_ttnn/tests/autogen_op/CLIP-train/test_CLIP-train_aten_addmm_default.py'.
Hint: make sure your test modules/packages have valid Python names.
Traceback:
../.pyenv/versions/3.11.10/lib/python3.11/importlib/__init__.py:126: in import_module
    return _bootstrap._gcd_import(name[level:], package, level)
           ^^^^^^^^^^^^^^^^^^^^^^^^^^^^^^^^^^^^^^^^^^^^^^^^^^^^
tests/autogen_op/CLIP-train/test_CLIP-train_aten_addmm_default.py:8: in <module>
    import ttnn
E   ModuleNotFoundError: No module named 'ttnn'
_ ERROR collecting tests/autogen_op/CLIP-train/test_CLIP-train_aten_argmax_default.py _
ImportError while importing test module '/Users/Ajay17/pytorch2.0_ttnn/tests/autogen_op/CLIP-train/test_CLIP-train_aten_argmax_default.py'.
Hint: make sure your test modules/packages have valid Python names.
Traceback:
../.pyenv/versions/3.11.10/lib/python3.11/importlib/__init__.py:126: in import_module
    return _bootstrap._gcd_import(name[level:], package, level)
           ^^^^^^^^^^^^^^^^^^^^^^^^^^^^^^^^^^^^^^^^^^^^^^^^^^^^
tests/autogen_op/CLIP-train/test_CLIP-train_aten_argmax_default.py:8: in <module>
    import ttnn
E   ModuleNotFoundError: No module named 'ttnn'
_ ERROR collecting tests/autogen_op/CLIP-train/test_CLIP-train_aten_bmm_default.py _
ImportError while importing test module '/Users/Ajay17/pytorch2.0_ttnn/tests/autogen_op/CLIP-train/test_CLIP-train_aten_bmm_default.py'.
Hint: make sure your test modules/packages have valid Python names.
Traceback:
../.pyenv/versions/3.11.10/lib/python3.11/importlib/__init__.py:126: in import_module
    return _bootstrap._gcd_import(name[level:], package, level)
           ^^^^^^^^^^^^^^^^^^^^^^^^^^^^^^^^^^^^^^^^^^^^^^^^^^^^
tests/autogen_op/CLIP-train/test_CLIP-train_aten_bmm_default.py:8: in <module>
    import ttnn
E   ModuleNotFoundError: No module named 'ttnn'
_ ERROR collecting tests/autogen_op/CLIP-train/test_CLIP-train_aten_cat_default.py _
ImportError while importing test module '/Users/Ajay17/pytorch2.0_ttnn/tests/autogen_op/CLIP-train/test_CLIP-train_aten_cat_default.py'.
Hint: make sure your test modules/packages have valid Python names.
Traceback:
../.pyenv/versions/3.11.10/lib/python3.11/importlib/__init__.py:126: in import_module
    return _bootstrap._gcd_import(name[level:], package, level)
           ^^^^^^^^^^^^^^^^^^^^^^^^^^^^^^^^^^^^^^^^^^^^^^^^^^^^
tests/autogen_op/CLIP-train/test_CLIP-train_aten_cat_default.py:8: in <module>
    import ttnn
E   ModuleNotFoundError: No module named 'ttnn'
_ ERROR collecting tests/autogen_op/CLIP-train/test_CLIP-train_aten_clone_default.py _
ImportError while importing test module '/Users/Ajay17/pytorch2.0_ttnn/tests/autogen_op/CLIP-train/test_CLIP-train_aten_clone_default.py'.
Hint: make sure your test modules/packages have valid Python names.
Traceback:
../.pyenv/versions/3.11.10/lib/python3.11/importlib/__init__.py:126: in import_module
    return _bootstrap._gcd_import(name[level:], package, level)
           ^^^^^^^^^^^^^^^^^^^^^^^^^^^^^^^^^^^^^^^^^^^^^^^^^^^^
tests/autogen_op/CLIP-train/test_CLIP-train_aten_clone_default.py:8: in <module>
    import ttnn
E   ModuleNotFoundError: No module named 'ttnn'
_ ERROR collecting tests/autogen_op/CLIP-train/test_CLIP-train_aten_convolution_backward_default.py _
ImportError while importing test module '/Users/Ajay17/pytorch2.0_ttnn/tests/autogen_op/CLIP-train/test_CLIP-train_aten_convolution_backward_default.py'.
Hint: make sure your test modules/packages have valid Python names.
Traceback:
../.pyenv/versions/3.11.10/lib/python3.11/importlib/__init__.py:126: in import_module
    return _bootstrap._gcd_import(name[level:], package, level)
           ^^^^^^^^^^^^^^^^^^^^^^^^^^^^^^^^^^^^^^^^^^^^^^^^^^^^
tests/autogen_op/CLIP-train/test_CLIP-train_aten_convolution_backward_default.py:8: in <module>
    import ttnn
E   ModuleNotFoundError: No module named 'ttnn'
_ ERROR collecting tests/autogen_op/CLIP-train/test_CLIP-train_aten_convolution_default.py _
ImportError while importing test module '/Users/Ajay17/pytorch2.0_ttnn/tests/autogen_op/CLIP-train/test_CLIP-train_aten_convolution_default.py'.
Hint: make sure your test modules/packages have valid Python names.
Traceback:
../.pyenv/versions/3.11.10/lib/python3.11/importlib/__init__.py:126: in import_module
    return _bootstrap._gcd_import(name[level:], package, level)
           ^^^^^^^^^^^^^^^^^^^^^^^^^^^^^^^^^^^^^^^^^^^^^^^^^^^^
tests/autogen_op/CLIP-train/test_CLIP-train_aten_convolution_default.py:8: in <module>
    import ttnn
E   ModuleNotFoundError: No module named 'ttnn'
_ ERROR collecting tests/autogen_op/CLIP-train/test_CLIP-train_aten_detach_default.py _
ImportError while importing test module '/Users/Ajay17/pytorch2.0_ttnn/tests/autogen_op/CLIP-train/test_CLIP-train_aten_detach_default.py'.
Hint: make sure your test modules/packages have valid Python names.
Traceback:
../.pyenv/versions/3.11.10/lib/python3.11/importlib/__init__.py:126: in import_module
    return _bootstrap._gcd_import(name[level:], package, level)
           ^^^^^^^^^^^^^^^^^^^^^^^^^^^^^^^^^^^^^^^^^^^^^^^^^^^^
tests/autogen_op/CLIP-train/test_CLIP-train_aten_detach_default.py:8: in <module>
    import ttnn
E   ModuleNotFoundError: No module named 'ttnn'
_ ERROR collecting tests/autogen_op/CLIP-train/test_CLIP-train_aten_div_Tensor.py _
ImportError while importing test module '/Users/Ajay17/pytorch2.0_ttnn/tests/autogen_op/CLIP-train/test_CLIP-train_aten_div_Tensor.py'.
Hint: make sure your test modules/packages have valid Python names.
Traceback:
../.pyenv/versions/3.11.10/lib/python3.11/importlib/__init__.py:126: in import_module
    return _bootstrap._gcd_import(name[level:], package, level)
           ^^^^^^^^^^^^^^^^^^^^^^^^^^^^^^^^^^^^^^^^^^^^^^^^^^^^
tests/autogen_op/CLIP-train/test_CLIP-train_aten_div_Tensor.py:8: in <module>
    import ttnn
E   ModuleNotFoundError: No module named 'ttnn'
_ ERROR collecting tests/autogen_op/CLIP-train/test_CLIP-train_aten_embedding_default.py _
ImportError while importing test module '/Users/Ajay17/pytorch2.0_ttnn/tests/autogen_op/CLIP-train/test_CLIP-train_aten_embedding_default.py'.
Hint: make sure your test modules/packages have valid Python names.
Traceback:
../.pyenv/versions/3.11.10/lib/python3.11/importlib/__init__.py:126: in import_module
    return _bootstrap._gcd_import(name[level:], package, level)
           ^^^^^^^^^^^^^^^^^^^^^^^^^^^^^^^^^^^^^^^^^^^^^^^^^^^^
tests/autogen_op/CLIP-train/test_CLIP-train_aten_embedding_default.py:8: in <module>
    import ttnn
E   ModuleNotFoundError: No module named 'ttnn'
_ ERROR collecting tests/autogen_op/CLIP-train/test_CLIP-train_aten_embedding_dense_backward_default.py _
ImportError while importing test module '/Users/Ajay17/pytorch2.0_ttnn/tests/autogen_op/CLIP-train/test_CLIP-train_aten_embedding_dense_backward_default.py'.
Hint: make sure your test modules/packages have valid Python names.
Traceback:
../.pyenv/versions/3.11.10/lib/python3.11/importlib/__init__.py:126: in import_module
    return _bootstrap._gcd_import(name[level:], package, level)
           ^^^^^^^^^^^^^^^^^^^^^^^^^^^^^^^^^^^^^^^^^^^^^^^^^^^^
tests/autogen_op/CLIP-train/test_CLIP-train_aten_embedding_dense_backward_default.py:8: in <module>
    import ttnn
E   ModuleNotFoundError: No module named 'ttnn'
_ ERROR collecting tests/autogen_op/CLIP-train/test_CLIP-train_aten_eq_Scalar.py _
ImportError while importing test module '/Users/Ajay17/pytorch2.0_ttnn/tests/autogen_op/CLIP-train/test_CLIP-train_aten_eq_Scalar.py'.
Hint: make sure your test modules/packages have valid Python names.
Traceback:
../.pyenv/versions/3.11.10/lib/python3.11/importlib/__init__.py:126: in import_module
    return _bootstrap._gcd_import(name[level:], package, level)
           ^^^^^^^^^^^^^^^^^^^^^^^^^^^^^^^^^^^^^^^^^^^^^^^^^^^^
tests/autogen_op/CLIP-train/test_CLIP-train_aten_eq_Scalar.py:8: in <module>
    import ttnn
E   ModuleNotFoundError: No module named 'ttnn'
_ ERROR collecting tests/autogen_op/CLIP-train/test_CLIP-train_aten_exp_default.py _
ImportError while importing test module '/Users/Ajay17/pytorch2.0_ttnn/tests/autogen_op/CLIP-train/test_CLIP-train_aten_exp_default.py'.
Hint: make sure your test modules/packages have valid Python names.
Traceback:
../.pyenv/versions/3.11.10/lib/python3.11/importlib/__init__.py:126: in import_module
    return _bootstrap._gcd_import(name[level:], package, level)
           ^^^^^^^^^^^^^^^^^^^^^^^^^^^^^^^^^^^^^^^^^^^^^^^^^^^^
tests/autogen_op/CLIP-train/test_CLIP-train_aten_exp_default.py:8: in <module>
    import ttnn
E   ModuleNotFoundError: No module named 'ttnn'
_ ERROR collecting tests/autogen_op/CLIP-train/test_CLIP-train_aten_expand_default.py _
ImportError while importing test module '/Users/Ajay17/pytorch2.0_ttnn/tests/autogen_op/CLIP-train/test_CLIP-train_aten_expand_default.py'.
Hint: make sure your test modules/packages have valid Python names.
Traceback:
../.pyenv/versions/3.11.10/lib/python3.11/importlib/__init__.py:126: in import_module
    return _bootstrap._gcd_import(name[level:], package, level)
           ^^^^^^^^^^^^^^^^^^^^^^^^^^^^^^^^^^^^^^^^^^^^^^^^^^^^
tests/autogen_op/CLIP-train/test_CLIP-train_aten_expand_default.py:8: in <module>
    import ttnn
E   ModuleNotFoundError: No module named 'ttnn'
_ ERROR collecting tests/autogen_op/CLIP-train/test_CLIP-train_aten_full_default.py _
ImportError while importing test module '/Users/Ajay17/pytorch2.0_ttnn/tests/autogen_op/CLIP-train/test_CLIP-train_aten_full_default.py'.
Hint: make sure your test modules/packages have valid Python names.
Traceback:
../.pyenv/versions/3.11.10/lib/python3.11/importlib/__init__.py:126: in import_module
    return _bootstrap._gcd_import(name[level:], package, level)
           ^^^^^^^^^^^^^^^^^^^^^^^^^^^^^^^^^^^^^^^^^^^^^^^^^^^^
tests/autogen_op/CLIP-train/test_CLIP-train_aten_full_default.py:8: in <module>
    import ttnn
E   ModuleNotFoundError: No module named 'ttnn'
_ ERROR collecting tests/autogen_op/CLIP-train/test_CLIP-train_aten_index_Tensor.py _
ImportError while importing test module '/Users/Ajay17/pytorch2.0_ttnn/tests/autogen_op/CLIP-train/test_CLIP-train_aten_index_Tensor.py'.
Hint: make sure your test modules/packages have valid Python names.
Traceback:
../.pyenv/versions/3.11.10/lib/python3.11/importlib/__init__.py:126: in import_module
    return _bootstrap._gcd_import(name[level:], package, level)
           ^^^^^^^^^^^^^^^^^^^^^^^^^^^^^^^^^^^^^^^^^^^^^^^^^^^^
tests/autogen_op/CLIP-train/test_CLIP-train_aten_index_Tensor.py:8: in <module>
    import ttnn
E   ModuleNotFoundError: No module named 'ttnn'
_ ERROR collecting tests/autogen_op/CLIP-train/test_CLIP-train_aten_index_put_default.py _
ImportError while importing test module '/Users/Ajay17/pytorch2.0_ttnn/tests/autogen_op/CLIP-train/test_CLIP-train_aten_index_put_default.py'.
Hint: make sure your test modules/packages have valid Python names.
Traceback:
../.pyenv/versions/3.11.10/lib/python3.11/importlib/__init__.py:126: in import_module
    return _bootstrap._gcd_import(name[level:], package, level)
           ^^^^^^^^^^^^^^^^^^^^^^^^^^^^^^^^^^^^^^^^^^^^^^^^^^^^
tests/autogen_op/CLIP-train/test_CLIP-train_aten_index_put_default.py:8: in <module>
    import ttnn
E   ModuleNotFoundError: No module named 'ttnn'
_ ERROR collecting tests/autogen_op/CLIP-train/test_CLIP-train_aten_linalg_vector_norm_default.py _
ImportError while importing test module '/Users/Ajay17/pytorch2.0_ttnn/tests/autogen_op/CLIP-train/test_CLIP-train_aten_linalg_vector_norm_default.py'.
Hint: make sure your test modules/packages have valid Python names.
Traceback:
../.pyenv/versions/3.11.10/lib/python3.11/importlib/__init__.py:126: in import_module
    return _bootstrap._gcd_import(name[level:], package, level)
           ^^^^^^^^^^^^^^^^^^^^^^^^^^^^^^^^^^^^^^^^^^^^^^^^^^^^
tests/autogen_op/CLIP-train/test_CLIP-train_aten_linalg_vector_norm_default.py:8: in <module>
    import ttnn
E   ModuleNotFoundError: No module named 'ttnn'
_ ERROR collecting tests/autogen_op/CLIP-train/test_CLIP-train_aten_masked_fill_Scalar.py _
ImportError while importing test module '/Users/Ajay17/pytorch2.0_ttnn/tests/autogen_op/CLIP-train/test_CLIP-train_aten_masked_fill_Scalar.py'.
Hint: make sure your test modules/packages have valid Python names.
Traceback:
../.pyenv/versions/3.11.10/lib/python3.11/importlib/__init__.py:126: in import_module
    return _bootstrap._gcd_import(name[level:], package, level)
           ^^^^^^^^^^^^^^^^^^^^^^^^^^^^^^^^^^^^^^^^^^^^^^^^^^^^
tests/autogen_op/CLIP-train/test_CLIP-train_aten_masked_fill_Scalar.py:8: in <module>
    import ttnn
E   ModuleNotFoundError: No module named 'ttnn'
_ ERROR collecting tests/autogen_op/CLIP-train/test_CLIP-train_aten_mm_default.py _
ImportError while importing test module '/Users/Ajay17/pytorch2.0_ttnn/tests/autogen_op/CLIP-train/test_CLIP-train_aten_mm_default.py'.
Hint: make sure your test modules/packages have valid Python names.
Traceback:
../.pyenv/versions/3.11.10/lib/python3.11/importlib/__init__.py:126: in import_module
    return _bootstrap._gcd_import(name[level:], package, level)
           ^^^^^^^^^^^^^^^^^^^^^^^^^^^^^^^^^^^^^^^^^^^^^^^^^^^^
tests/autogen_op/CLIP-train/test_CLIP-train_aten_mm_default.py:8: in <module>
    import ttnn
E   ModuleNotFoundError: No module named 'ttnn'
_ ERROR collecting tests/autogen_op/CLIP-train/test_CLIP-train_aten_mul_Tensor.py _
ImportError while importing test module '/Users/Ajay17/pytorch2.0_ttnn/tests/autogen_op/CLIP-train/test_CLIP-train_aten_mul_Tensor.py'.
Hint: make sure your test modules/packages have valid Python names.
Traceback:
../.pyenv/versions/3.11.10/lib/python3.11/importlib/__init__.py:126: in import_module
    return _bootstrap._gcd_import(name[level:], package, level)
           ^^^^^^^^^^^^^^^^^^^^^^^^^^^^^^^^^^^^^^^^^^^^^^^^^^^^
tests/autogen_op/CLIP-train/test_CLIP-train_aten_mul_Tensor.py:8: in <module>
    import ttnn
E   ModuleNotFoundError: No module named 'ttnn'
_ ERROR collecting tests/autogen_op/CLIP-train/test_CLIP-train_aten_native_layer_norm_backward_default.py _
ImportError while importing test module '/Users/Ajay17/pytorch2.0_ttnn/tests/autogen_op/CLIP-train/test_CLIP-train_aten_native_layer_norm_backward_default.py'.
Hint: make sure your test modules/packages have valid Python names.
Traceback:
../.pyenv/versions/3.11.10/lib/python3.11/importlib/__init__.py:126: in import_module
    return _bootstrap._gcd_import(name[level:], package, level)
           ^^^^^^^^^^^^^^^^^^^^^^^^^^^^^^^^^^^^^^^^^^^^^^^^^^^^
tests/autogen_op/CLIP-train/test_CLIP-train_aten_native_layer_norm_backward_default.py:8: in <module>
    import ttnn
E   ModuleNotFoundError: No module named 'ttnn'
_ ERROR collecting tests/autogen_op/CLIP-train/test_CLIP-train_aten_native_layer_norm_default.py _
ImportError while importing test module '/Users/Ajay17/pytorch2.0_ttnn/tests/autogen_op/CLIP-train/test_CLIP-train_aten_native_layer_norm_default.py'.
Hint: make sure your test modules/packages have valid Python names.
Traceback:
../.pyenv/versions/3.11.10/lib/python3.11/importlib/__init__.py:126: in import_module
    return _bootstrap._gcd_import(name[level:], package, level)
           ^^^^^^^^^^^^^^^^^^^^^^^^^^^^^^^^^^^^^^^^^^^^^^^^^^^^
tests/autogen_op/CLIP-train/test_CLIP-train_aten_native_layer_norm_default.py:8: in <module>
    import ttnn
E   ModuleNotFoundError: No module named 'ttnn'
_ ERROR collecting tests/autogen_op/CLIP-train/test_CLIP-train_aten_neg_default.py _
ImportError while importing test module '/Users/Ajay17/pytorch2.0_ttnn/tests/autogen_op/CLIP-train/test_CLIP-train_aten_neg_default.py'.
Hint: make sure your test modules/packages have valid Python names.
Traceback:
../.pyenv/versions/3.11.10/lib/python3.11/importlib/__init__.py:126: in import_module
    return _bootstrap._gcd_import(name[level:], package, level)
           ^^^^^^^^^^^^^^^^^^^^^^^^^^^^^^^^^^^^^^^^^^^^^^^^^^^^
tests/autogen_op/CLIP-train/test_CLIP-train_aten_neg_default.py:8: in <module>
    import ttnn
E   ModuleNotFoundError: No module named 'ttnn'
_ ERROR collecting tests/autogen_op/CLIP-train/test_CLIP-train_aten_new_zeros_default.py _
ImportError while importing test module '/Users/Ajay17/pytorch2.0_ttnn/tests/autogen_op/CLIP-train/test_CLIP-train_aten_new_zeros_default.py'.
Hint: make sure your test modules/packages have valid Python names.
Traceback:
../.pyenv/versions/3.11.10/lib/python3.11/importlib/__init__.py:126: in import_module
    return _bootstrap._gcd_import(name[level:], package, level)
           ^^^^^^^^^^^^^^^^^^^^^^^^^^^^^^^^^^^^^^^^^^^^^^^^^^^^
tests/autogen_op/CLIP-train/test_CLIP-train_aten_new_zeros_default.py:8: in <module>
    import ttnn
E   ModuleNotFoundError: No module named 'ttnn'
_ ERROR collecting tests/autogen_op/CLIP-train/test_CLIP-train_aten_rsub_Scalar.py _
ImportError while importing test module '/Users/Ajay17/pytorch2.0_ttnn/tests/autogen_op/CLIP-train/test_CLIP-train_aten_rsub_Scalar.py'.
Hint: make sure your test modules/packages have valid Python names.
Traceback:
../.pyenv/versions/3.11.10/lib/python3.11/importlib/__init__.py:126: in import_module
    return _bootstrap._gcd_import(name[level:], package, level)
           ^^^^^^^^^^^^^^^^^^^^^^^^^^^^^^^^^^^^^^^^^^^^^^^^^^^^
tests/autogen_op/CLIP-train/test_CLIP-train_aten_rsub_Scalar.py:8: in <module>
    import ttnn
E   ModuleNotFoundError: No module named 'ttnn'
_ ERROR collecting tests/autogen_op/CLIP-train/test_CLIP-train_aten_select_backward_default.py _
ImportError while importing test module '/Users/Ajay17/pytorch2.0_ttnn/tests/autogen_op/CLIP-train/test_CLIP-train_aten_select_backward_default.py'.
Hint: make sure your test modules/packages have valid Python names.
Traceback:
../.pyenv/versions/3.11.10/lib/python3.11/importlib/__init__.py:126: in import_module
    return _bootstrap._gcd_import(name[level:], package, level)
           ^^^^^^^^^^^^^^^^^^^^^^^^^^^^^^^^^^^^^^^^^^^^^^^^^^^^
tests/autogen_op/CLIP-train/test_CLIP-train_aten_select_backward_default.py:8: in <module>
    import ttnn
E   ModuleNotFoundError: No module named 'ttnn'
_ ERROR collecting tests/autogen_op/CLIP-train/test_CLIP-train_aten_select_int.py _
ImportError while importing test module '/Users/Ajay17/pytorch2.0_ttnn/tests/autogen_op/CLIP-train/test_CLIP-train_aten_select_int.py'.
Hint: make sure your test modules/packages have valid Python names.
Traceback:
../.pyenv/versions/3.11.10/lib/python3.11/importlib/__init__.py:126: in import_module
    return _bootstrap._gcd_import(name[level:], package, level)
           ^^^^^^^^^^^^^^^^^^^^^^^^^^^^^^^^^^^^^^^^^^^^^^^^^^^^
tests/autogen_op/CLIP-train/test_CLIP-train_aten_select_int.py:8: in <module>
    import ttnn
E   ModuleNotFoundError: No module named 'ttnn'
_ ERROR collecting tests/autogen_op/CLIP-train/test_CLIP-train_aten_sigmoid_backward_default.py _
ImportError while importing test module '/Users/Ajay17/pytorch2.0_ttnn/tests/autogen_op/CLIP-train/test_CLIP-train_aten_sigmoid_backward_default.py'.
Hint: make sure your test modules/packages have valid Python names.
Traceback:
../.pyenv/versions/3.11.10/lib/python3.11/importlib/__init__.py:126: in import_module
    return _bootstrap._gcd_import(name[level:], package, level)
           ^^^^^^^^^^^^^^^^^^^^^^^^^^^^^^^^^^^^^^^^^^^^^^^^^^^^
tests/autogen_op/CLIP-train/test_CLIP-train_aten_sigmoid_backward_default.py:8: in <module>
    import ttnn
E   ModuleNotFoundError: No module named 'ttnn'
_ ERROR collecting tests/autogen_op/CLIP-train/test_CLIP-train_aten_sigmoid_default.py _
ImportError while importing test module '/Users/Ajay17/pytorch2.0_ttnn/tests/autogen_op/CLIP-train/test_CLIP-train_aten_sigmoid_default.py'.
Hint: make sure your test modules/packages have valid Python names.
Traceback:
../.pyenv/versions/3.11.10/lib/python3.11/importlib/__init__.py:126: in import_module
    return _bootstrap._gcd_import(name[level:], package, level)
           ^^^^^^^^^^^^^^^^^^^^^^^^^^^^^^^^^^^^^^^^^^^^^^^^^^^^
tests/autogen_op/CLIP-train/test_CLIP-train_aten_sigmoid_default.py:8: in <module>
    import ttnn
E   ModuleNotFoundError: No module named 'ttnn'
_ ERROR collecting tests/autogen_op/CLIP-train/test_CLIP-train_aten_slice_Tensor.py _
ImportError while importing test module '/Users/Ajay17/pytorch2.0_ttnn/tests/autogen_op/CLIP-train/test_CLIP-train_aten_slice_Tensor.py'.
Hint: make sure your test modules/packages have valid Python names.
Traceback:
../.pyenv/versions/3.11.10/lib/python3.11/importlib/__init__.py:126: in import_module
    return _bootstrap._gcd_import(name[level:], package, level)
           ^^^^^^^^^^^^^^^^^^^^^^^^^^^^^^^^^^^^^^^^^^^^^^^^^^^^
tests/autogen_op/CLIP-train/test_CLIP-train_aten_slice_Tensor.py:8: in <module>
    import ttnn
E   ModuleNotFoundError: No module named 'ttnn'
_ ERROR collecting tests/autogen_op/CLIP-train/test_CLIP-train_aten_slice_backward_default.py _
ImportError while importing test module '/Users/Ajay17/pytorch2.0_ttnn/tests/autogen_op/CLIP-train/test_CLIP-train_aten_slice_backward_default.py'.
Hint: make sure your test modules/packages have valid Python names.
Traceback:
../.pyenv/versions/3.11.10/lib/python3.11/importlib/__init__.py:126: in import_module
    return _bootstrap._gcd_import(name[level:], package, level)
           ^^^^^^^^^^^^^^^^^^^^^^^^^^^^^^^^^^^^^^^^^^^^^^^^^^^^
tests/autogen_op/CLIP-train/test_CLIP-train_aten_slice_backward_default.py:8: in <module>
    import ttnn
E   ModuleNotFoundError: No module named 'ttnn'
_ ERROR collecting tests/autogen_op/CLIP-train/test_CLIP-train_aten_sum_default.py _
ImportError while importing test module '/Users/Ajay17/pytorch2.0_ttnn/tests/autogen_op/CLIP-train/test_CLIP-train_aten_sum_default.py'.
Hint: make sure your test modules/packages have valid Python names.
Traceback:
../.pyenv/versions/3.11.10/lib/python3.11/importlib/__init__.py:126: in import_module
    return _bootstrap._gcd_import(name[level:], package, level)
           ^^^^^^^^^^^^^^^^^^^^^^^^^^^^^^^^^^^^^^^^^^^^^^^^^^^^
tests/autogen_op/CLIP-train/test_CLIP-train_aten_sum_default.py:8: in <module>
    import ttnn
E   ModuleNotFoundError: No module named 'ttnn'
_ ERROR collecting tests/autogen_op/CLIP-train/test_CLIP-train_aten_sum_dim_IntList.py _
ImportError while importing test module '/Users/Ajay17/pytorch2.0_ttnn/tests/autogen_op/CLIP-train/test_CLIP-train_aten_sum_dim_IntList.py'.
Hint: make sure your test modules/packages have valid Python names.
Traceback:
../.pyenv/versions/3.11.10/lib/python3.11/importlib/__init__.py:126: in import_module
    return _bootstrap._gcd_import(name[level:], package, level)
           ^^^^^^^^^^^^^^^^^^^^^^^^^^^^^^^^^^^^^^^^^^^^^^^^^^^^
tests/autogen_op/CLIP-train/test_CLIP-train_aten_sum_dim_IntList.py:8: in <module>
    import ttnn
E   ModuleNotFoundError: No module named 'ttnn'
_ ERROR collecting tests/autogen_op/CLIP-train/test_CLIP-train_aten_t_default.py _
ImportError while importing test module '/Users/Ajay17/pytorch2.0_ttnn/tests/autogen_op/CLIP-train/test_CLIP-train_aten_t_default.py'.
Hint: make sure your test modules/packages have valid Python names.
Traceback:
../.pyenv/versions/3.11.10/lib/python3.11/importlib/__init__.py:126: in import_module
    return _bootstrap._gcd_import(name[level:], package, level)
           ^^^^^^^^^^^^^^^^^^^^^^^^^^^^^^^^^^^^^^^^^^^^^^^^^^^^
tests/autogen_op/CLIP-train/test_CLIP-train_aten_t_default.py:8: in <module>
    import ttnn
E   ModuleNotFoundError: No module named 'ttnn'
_ ERROR collecting tests/autogen_op/CLIP-train/test_CLIP-train_aten_transpose_int.py _
ImportError while importing test module '/Users/Ajay17/pytorch2.0_ttnn/tests/autogen_op/CLIP-train/test_CLIP-train_aten_transpose_int.py'.
Hint: make sure your test modules/packages have valid Python names.
Traceback:
../.pyenv/versions/3.11.10/lib/python3.11/importlib/__init__.py:126: in import_module
    return _bootstrap._gcd_import(name[level:], package, level)
           ^^^^^^^^^^^^^^^^^^^^^^^^^^^^^^^^^^^^^^^^^^^^^^^^^^^^
tests/autogen_op/CLIP-train/test_CLIP-train_aten_transpose_int.py:8: in <module>
    import ttnn
E   ModuleNotFoundError: No module named 'ttnn'
_ ERROR collecting tests/autogen_op/CLIP-train/test_CLIP-train_aten_unsqueeze_default.py _
ImportError while importing test module '/Users/Ajay17/pytorch2.0_ttnn/tests/autogen_op/CLIP-train/test_CLIP-train_aten_unsqueeze_default.py'.
Hint: make sure your test modules/packages have valid Python names.
Traceback:
../.pyenv/versions/3.11.10/lib/python3.11/importlib/__init__.py:126: in import_module
    return _bootstrap._gcd_import(name[level:], package, level)
           ^^^^^^^^^^^^^^^^^^^^^^^^^^^^^^^^^^^^^^^^^^^^^^^^^^^^
tests/autogen_op/CLIP-train/test_CLIP-train_aten_unsqueeze_default.py:8: in <module>
    import ttnn
E   ModuleNotFoundError: No module named 'ttnn'
_ ERROR collecting tests/autogen_op/CLIP-train/test_CLIP-train_aten_view_default.py _
ImportError while importing test module '/Users/Ajay17/pytorch2.0_ttnn/tests/autogen_op/CLIP-train/test_CLIP-train_aten_view_default.py'.
Hint: make sure your test modules/packages have valid Python names.
Traceback:
../.pyenv/versions/3.11.10/lib/python3.11/importlib/__init__.py:126: in import_module
    return _bootstrap._gcd_import(name[level:], package, level)
           ^^^^^^^^^^^^^^^^^^^^^^^^^^^^^^^^^^^^^^^^^^^^^^^^^^^^
tests/autogen_op/CLIP-train/test_CLIP-train_aten_view_default.py:8: in <module>
    import ttnn
E   ModuleNotFoundError: No module named 'ttnn'
__ ERROR collecting tests/autogen_op/DETR/test_DETR_aten__softmax_default.py ___
ImportError while importing test module '/Users/Ajay17/pytorch2.0_ttnn/tests/autogen_op/DETR/test_DETR_aten__softmax_default.py'.
Hint: make sure your test modules/packages have valid Python names.
Traceback:
../.pyenv/versions/3.11.10/lib/python3.11/importlib/__init__.py:126: in import_module
    return _bootstrap._gcd_import(name[level:], package, level)
           ^^^^^^^^^^^^^^^^^^^^^^^^^^^^^^^^^^^^^^^^^^^^^^^^^^^^
tests/autogen_op/DETR/test_DETR_aten__softmax_default.py:8: in <module>
    import ttnn
E   ModuleNotFoundError: No module named 'ttnn'
__ ERROR collecting tests/autogen_op/DETR/test_DETR_aten__to_copy_default.py ___
ImportError while importing test module '/Users/Ajay17/pytorch2.0_ttnn/tests/autogen_op/DETR/test_DETR_aten__to_copy_default.py'.
Hint: make sure your test modules/packages have valid Python names.
Traceback:
../.pyenv/versions/3.11.10/lib/python3.11/importlib/__init__.py:126: in import_module
    return _bootstrap._gcd_import(name[level:], package, level)
           ^^^^^^^^^^^^^^^^^^^^^^^^^^^^^^^^^^^^^^^^^^^^^^^^^^^^
tests/autogen_op/DETR/test_DETR_aten__to_copy_default.py:8: in <module>
    import ttnn
E   ModuleNotFoundError: No module named 'ttnn'
_____ ERROR collecting tests/autogen_op/DETR/test_DETR_aten_add_Tensor.py ______
ImportError while importing test module '/Users/Ajay17/pytorch2.0_ttnn/tests/autogen_op/DETR/test_DETR_aten_add_Tensor.py'.
Hint: make sure your test modules/packages have valid Python names.
Traceback:
../.pyenv/versions/3.11.10/lib/python3.11/importlib/__init__.py:126: in import_module
    return _bootstrap._gcd_import(name[level:], package, level)
           ^^^^^^^^^^^^^^^^^^^^^^^^^^^^^^^^^^^^^^^^^^^^^^^^^^^^
tests/autogen_op/DETR/test_DETR_aten_add_Tensor.py:8: in <module>
    import ttnn
E   ModuleNotFoundError: No module named 'ttnn'
____ ERROR collecting tests/autogen_op/DETR/test_DETR_aten_addmm_default.py ____
ImportError while importing test module '/Users/Ajay17/pytorch2.0_ttnn/tests/autogen_op/DETR/test_DETR_aten_addmm_default.py'.
Hint: make sure your test modules/packages have valid Python names.
Traceback:
../.pyenv/versions/3.11.10/lib/python3.11/importlib/__init__.py:126: in import_module
    return _bootstrap._gcd_import(name[level:], package, level)
           ^^^^^^^^^^^^^^^^^^^^^^^^^^^^^^^^^^^^^^^^^^^^^^^^^^^^
tests/autogen_op/DETR/test_DETR_aten_addmm_default.py:8: in <module>
    import ttnn
E   ModuleNotFoundError: No module named 'ttnn'
___ ERROR collecting tests/autogen_op/DETR/test_DETR_aten_baddbmm_default.py ___
ImportError while importing test module '/Users/Ajay17/pytorch2.0_ttnn/tests/autogen_op/DETR/test_DETR_aten_baddbmm_default.py'.
Hint: make sure your test modules/packages have valid Python names.
Traceback:
../.pyenv/versions/3.11.10/lib/python3.11/importlib/__init__.py:126: in import_module
    return _bootstrap._gcd_import(name[level:], package, level)
           ^^^^^^^^^^^^^^^^^^^^^^^^^^^^^^^^^^^^^^^^^^^^^^^^^^^^
tests/autogen_op/DETR/test_DETR_aten_baddbmm_default.py:8: in <module>
    import ttnn
E   ModuleNotFoundError: No module named 'ttnn'
_____ ERROR collecting tests/autogen_op/DETR/test_DETR_aten_bmm_default.py _____
ImportError while importing test module '/Users/Ajay17/pytorch2.0_ttnn/tests/autogen_op/DETR/test_DETR_aten_bmm_default.py'.
Hint: make sure your test modules/packages have valid Python names.
Traceback:
../.pyenv/versions/3.11.10/lib/python3.11/importlib/__init__.py:126: in import_module
    return _bootstrap._gcd_import(name[level:], package, level)
           ^^^^^^^^^^^^^^^^^^^^^^^^^^^^^^^^^^^^^^^^^^^^^^^^^^^^
tests/autogen_op/DETR/test_DETR_aten_bmm_default.py:8: in <module>
    import ttnn
E   ModuleNotFoundError: No module named 'ttnn'
_____ ERROR collecting tests/autogen_op/DETR/test_DETR_aten_cat_default.py _____
ImportError while importing test module '/Users/Ajay17/pytorch2.0_ttnn/tests/autogen_op/DETR/test_DETR_aten_cat_default.py'.
Hint: make sure your test modules/packages have valid Python names.
Traceback:
../.pyenv/versions/3.11.10/lib/python3.11/importlib/__init__.py:126: in import_module
    return _bootstrap._gcd_import(name[level:], package, level)
           ^^^^^^^^^^^^^^^^^^^^^^^^^^^^^^^^^^^^^^^^^^^^^^^^^^^^
tests/autogen_op/DETR/test_DETR_aten_cat_default.py:8: in <module>
    import ttnn
E   ModuleNotFoundError: No module named 'ttnn'
____ ERROR collecting tests/autogen_op/DETR/test_DETR_aten_clone_default.py ____
ImportError while importing test module '/Users/Ajay17/pytorch2.0_ttnn/tests/autogen_op/DETR/test_DETR_aten_clone_default.py'.
Hint: make sure your test modules/packages have valid Python names.
Traceback:
../.pyenv/versions/3.11.10/lib/python3.11/importlib/__init__.py:126: in import_module
    return _bootstrap._gcd_import(name[level:], package, level)
           ^^^^^^^^^^^^^^^^^^^^^^^^^^^^^^^^^^^^^^^^^^^^^^^^^^^^
tests/autogen_op/DETR/test_DETR_aten_clone_default.py:8: in <module>
    import ttnn
E   ModuleNotFoundError: No module named 'ttnn'
_ ERROR collecting tests/autogen_op/DETR/test_DETR_aten_convolution_default.py _
ImportError while importing test module '/Users/Ajay17/pytorch2.0_ttnn/tests/autogen_op/DETR/test_DETR_aten_convolution_default.py'.
Hint: make sure your test modules/packages have valid Python names.
Traceback:
../.pyenv/versions/3.11.10/lib/python3.11/importlib/__init__.py:126: in import_module
    return _bootstrap._gcd_import(name[level:], package, level)
           ^^^^^^^^^^^^^^^^^^^^^^^^^^^^^^^^^^^^^^^^^^^^^^^^^^^^
tests/autogen_op/DETR/test_DETR_aten_convolution_default.py:8: in <module>
    import ttnn
E   ModuleNotFoundError: No module named 'ttnn'
_____ ERROR collecting tests/autogen_op/DETR/test_DETR_aten_cos_default.py _____
ImportError while importing test module '/Users/Ajay17/pytorch2.0_ttnn/tests/autogen_op/DETR/test_DETR_aten_cos_default.py'.
Hint: make sure your test modules/packages have valid Python names.
Traceback:
../.pyenv/versions/3.11.10/lib/python3.11/importlib/__init__.py:126: in import_module
    return _bootstrap._gcd_import(name[level:], package, level)
           ^^^^^^^^^^^^^^^^^^^^^^^^^^^^^^^^^^^^^^^^^^^^^^^^^^^^
tests/autogen_op/DETR/test_DETR_aten_cos_default.py:8: in <module>
    import ttnn
E   ModuleNotFoundError: No module named 'ttnn'
_____ ERROR collecting tests/autogen_op/DETR/test_DETR_aten_div_Tensor.py ______
ImportError while importing test module '/Users/Ajay17/pytorch2.0_ttnn/tests/autogen_op/DETR/test_DETR_aten_div_Tensor.py'.
Hint: make sure your test modules/packages have valid Python names.
Traceback:
../.pyenv/versions/3.11.10/lib/python3.11/importlib/__init__.py:126: in import_module
    return _bootstrap._gcd_import(name[level:], package, level)
           ^^^^^^^^^^^^^^^^^^^^^^^^^^^^^^^^^^^^^^^^^^^^^^^^^^^^
tests/autogen_op/DETR/test_DETR_aten_div_Tensor.py:8: in <module>
    import ttnn
E   ModuleNotFoundError: No module named 'ttnn'
___ ERROR collecting tests/autogen_op/DETR/test_DETR_aten_expand_default.py ____
ImportError while importing test module '/Users/Ajay17/pytorch2.0_ttnn/tests/autogen_op/DETR/test_DETR_aten_expand_default.py'.
Hint: make sure your test modules/packages have valid Python names.
Traceback:
../.pyenv/versions/3.11.10/lib/python3.11/importlib/__init__.py:126: in import_module
    return _bootstrap._gcd_import(name[level:], package, level)
           ^^^^^^^^^^^^^^^^^^^^^^^^^^^^^^^^^^^^^^^^^^^^^^^^^^^^
tests/autogen_op/DETR/test_DETR_aten_expand_default.py:8: in <module>
    import ttnn
E   ModuleNotFoundError: No module named 'ttnn'
_ ERROR collecting tests/autogen_op/DETR/test_DETR_aten_masked_fill_Scalar.py __
ImportError while importing test module '/Users/Ajay17/pytorch2.0_ttnn/tests/autogen_op/DETR/test_DETR_aten_masked_fill_Scalar.py'.
Hint: make sure your test modules/packages have valid Python names.
Traceback:
../.pyenv/versions/3.11.10/lib/python3.11/importlib/__init__.py:126: in import_module
    return _bootstrap._gcd_import(name[level:], package, level)
           ^^^^^^^^^^^^^^^^^^^^^^^^^^^^^^^^^^^^^^^^^^^^^^^^^^^^
tests/autogen_op/DETR/test_DETR_aten_masked_fill_Scalar.py:8: in <module>
    import ttnn
E   ModuleNotFoundError: No module named 'ttnn'
_ ERROR collecting tests/autogen_op/DETR/test_DETR_aten_max_pool2d_with_indices_default.py _
ImportError while importing test module '/Users/Ajay17/pytorch2.0_ttnn/tests/autogen_op/DETR/test_DETR_aten_max_pool2d_with_indices_default.py'.
Hint: make sure your test modules/packages have valid Python names.
Traceback:
../.pyenv/versions/3.11.10/lib/python3.11/importlib/__init__.py:126: in import_module
    return _bootstrap._gcd_import(name[level:], package, level)
           ^^^^^^^^^^^^^^^^^^^^^^^^^^^^^^^^^^^^^^^^^^^^^^^^^^^^
tests/autogen_op/DETR/test_DETR_aten_max_pool2d_with_indices_default.py:8: in <module>
    import ttnn
E   ModuleNotFoundError: No module named 'ttnn'
_____ ERROR collecting tests/autogen_op/DETR/test_DETR_aten_mm_default.py ______
ImportError while importing test module '/Users/Ajay17/pytorch2.0_ttnn/tests/autogen_op/DETR/test_DETR_aten_mm_default.py'.
Hint: make sure your test modules/packages have valid Python names.
Traceback:
../.pyenv/versions/3.11.10/lib/python3.11/importlib/__init__.py:126: in import_module
    return _bootstrap._gcd_import(name[level:], package, level)
           ^^^^^^^^^^^^^^^^^^^^^^^^^^^^^^^^^^^^^^^^^^^^^^^^^^^^
tests/autogen_op/DETR/test_DETR_aten_mm_default.py:8: in <module>
    import ttnn
E   ModuleNotFoundError: No module named 'ttnn'
_____ ERROR collecting tests/autogen_op/DETR/test_DETR_aten_mul_Tensor.py ______
ImportError while importing test module '/Users/Ajay17/pytorch2.0_ttnn/tests/autogen_op/DETR/test_DETR_aten_mul_Tensor.py'.
Hint: make sure your test modules/packages have valid Python names.
Traceback:
../.pyenv/versions/3.11.10/lib/python3.11/importlib/__init__.py:126: in import_module
    return _bootstrap._gcd_import(name[level:], package, level)
           ^^^^^^^^^^^^^^^^^^^^^^^^^^^^^^^^^^^^^^^^^^^^^^^^^^^^
tests/autogen_op/DETR/test_DETR_aten_mul_Tensor.py:8: in <module>
    import ttnn
E   ModuleNotFoundError: No module named 'ttnn'
_ ERROR collecting tests/autogen_op/DETR/test_DETR_aten_native_layer_norm_default.py _
ImportError while importing test module '/Users/Ajay17/pytorch2.0_ttnn/tests/autogen_op/DETR/test_DETR_aten_native_layer_norm_default.py'.
Hint: make sure your test modules/packages have valid Python names.
Traceback:
../.pyenv/versions/3.11.10/lib/python3.11/importlib/__init__.py:126: in import_module
    return _bootstrap._gcd_import(name[level:], package, level)
           ^^^^^^^^^^^^^^^^^^^^^^^^^^^^^^^^^^^^^^^^^^^^^^^^^^^^
tests/autogen_op/DETR/test_DETR_aten_native_layer_norm_default.py:8: in <module>
    import ttnn
E   ModuleNotFoundError: No module named 'ttnn'
___ ERROR collecting tests/autogen_op/DETR/test_DETR_aten_permute_default.py ___
ImportError while importing test module '/Users/Ajay17/pytorch2.0_ttnn/tests/autogen_op/DETR/test_DETR_aten_permute_default.py'.
Hint: make sure your test modules/packages have valid Python names.
Traceback:
../.pyenv/versions/3.11.10/lib/python3.11/importlib/__init__.py:126: in import_module
    return _bootstrap._gcd_import(name[level:], package, level)
           ^^^^^^^^^^^^^^^^^^^^^^^^^^^^^^^^^^^^^^^^^^^^^^^^^^^^
tests/autogen_op/DETR/test_DETR_aten_permute_default.py:8: in <module>
    import ttnn
E   ModuleNotFoundError: No module named 'ttnn'
_____ ERROR collecting tests/autogen_op/DETR/test_DETR_aten_pow_Scalar.py ______
ImportError while importing test module '/Users/Ajay17/pytorch2.0_ttnn/tests/autogen_op/DETR/test_DETR_aten_pow_Scalar.py'.
Hint: make sure your test modules/packages have valid Python names.
Traceback:
../.pyenv/versions/3.11.10/lib/python3.11/importlib/__init__.py:126: in import_module
    return _bootstrap._gcd_import(name[level:], package, level)
           ^^^^^^^^^^^^^^^^^^^^^^^^^^^^^^^^^^^^^^^^^^^^^^^^^^^^
tests/autogen_op/DETR/test_DETR_aten_pow_Scalar.py:8: in <module>
    import ttnn
E   ModuleNotFoundError: No module named 'ttnn'
____ ERROR collecting tests/autogen_op/DETR/test_DETR_aten_relu_default.py _____
ImportError while importing test module '/Users/Ajay17/pytorch2.0_ttnn/tests/autogen_op/DETR/test_DETR_aten_relu_default.py'.
Hint: make sure your test modules/packages have valid Python names.
Traceback:
../.pyenv/versions/3.11.10/lib/python3.11/importlib/__init__.py:126: in import_module
    return _bootstrap._gcd_import(name[level:], package, level)
           ^^^^^^^^^^^^^^^^^^^^^^^^^^^^^^^^^^^^^^^^^^^^^^^^^^^^
tests/autogen_op/DETR/test_DETR_aten_relu_default.py:8: in <module>
    import ttnn
E   ModuleNotFoundError: No module named 'ttnn'
___ ERROR collecting tests/autogen_op/DETR/test_DETR_aten_repeat_default.py ____
ImportError while importing test module '/Users/Ajay17/pytorch2.0_ttnn/tests/autogen_op/DETR/test_DETR_aten_repeat_default.py'.
Hint: make sure your test modules/packages have valid Python names.
Traceback:
../.pyenv/versions/3.11.10/lib/python3.11/importlib/__init__.py:126: in import_module
    return _bootstrap._gcd_import(name[level:], package, level)
           ^^^^^^^^^^^^^^^^^^^^^^^^^^^^^^^^^^^^^^^^^^^^^^^^^^^^
tests/autogen_op/DETR/test_DETR_aten_repeat_default.py:8: in <module>
    import ttnn
E   ModuleNotFoundError: No module named 'ttnn'
____ ERROR collecting tests/autogen_op/DETR/test_DETR_aten_rsqrt_default.py ____
ImportError while importing test module '/Users/Ajay17/pytorch2.0_ttnn/tests/autogen_op/DETR/test_DETR_aten_rsqrt_default.py'.
Hint: make sure your test modules/packages have valid Python names.
Traceback:
../.pyenv/versions/3.11.10/lib/python3.11/importlib/__init__.py:126: in import_module
    return _bootstrap._gcd_import(name[level:], package, level)
           ^^^^^^^^^^^^^^^^^^^^^^^^^^^^^^^^^^^^^^^^^^^^^^^^^^^^
tests/autogen_op/DETR/test_DETR_aten_rsqrt_default.py:8: in <module>
    import ttnn
E   ModuleNotFoundError: No module named 'ttnn'
_____ ERROR collecting tests/autogen_op/DETR/test_DETR_aten_select_int.py ______
ImportError while importing test module '/Users/Ajay17/pytorch2.0_ttnn/tests/autogen_op/DETR/test_DETR_aten_select_int.py'.
Hint: make sure your test modules/packages have valid Python names.
Traceback:
../.pyenv/versions/3.11.10/lib/python3.11/importlib/__init__.py:126: in import_module
    return _bootstrap._gcd_import(name[level:], package, level)
           ^^^^^^^^^^^^^^^^^^^^^^^^^^^^^^^^^^^^^^^^^^^^^^^^^^^^
tests/autogen_op/DETR/test_DETR_aten_select_int.py:8: in <module>
    import ttnn
E   ModuleNotFoundError: No module named 'ttnn'
___ ERROR collecting tests/autogen_op/DETR/test_DETR_aten_sigmoid_default.py ___
ImportError while importing test module '/Users/Ajay17/pytorch2.0_ttnn/tests/autogen_op/DETR/test_DETR_aten_sigmoid_default.py'.
Hint: make sure your test modules/packages have valid Python names.
Traceback:
../.pyenv/versions/3.11.10/lib/python3.11/importlib/__init__.py:126: in import_module
    return _bootstrap._gcd_import(name[level:], package, level)
           ^^^^^^^^^^^^^^^^^^^^^^^^^^^^^^^^^^^^^^^^^^^^^^^^^^^^
tests/autogen_op/DETR/test_DETR_aten_sigmoid_default.py:8: in <module>
    import ttnn
E   ModuleNotFoundError: No module named 'ttnn'
_____ ERROR collecting tests/autogen_op/DETR/test_DETR_aten_sin_default.py _____
ImportError while importing test module '/Users/Ajay17/pytorch2.0_ttnn/tests/autogen_op/DETR/test_DETR_aten_sin_default.py'.
Hint: make sure your test modules/packages have valid Python names.
Traceback:
../.pyenv/versions/3.11.10/lib/python3.11/importlib/__init__.py:126: in import_module
    return _bootstrap._gcd_import(name[level:], package, level)
           ^^^^^^^^^^^^^^^^^^^^^^^^^^^^^^^^^^^^^^^^^^^^^^^^^^^^
tests/autogen_op/DETR/test_DETR_aten_sin_default.py:8: in <module>
    import ttnn
E   ModuleNotFoundError: No module named 'ttnn'
____ ERROR collecting tests/autogen_op/DETR/test_DETR_aten_slice_Tensor.py _____
ImportError while importing test module '/Users/Ajay17/pytorch2.0_ttnn/tests/autogen_op/DETR/test_DETR_aten_slice_Tensor.py'.
Hint: make sure your test modules/packages have valid Python names.
Traceback:
../.pyenv/versions/3.11.10/lib/python3.11/importlib/__init__.py:126: in import_module
    return _bootstrap._gcd_import(name[level:], package, level)
           ^^^^^^^^^^^^^^^^^^^^^^^^^^^^^^^^^^^^^^^^^^^^^^^^^^^^
tests/autogen_op/DETR/test_DETR_aten_slice_Tensor.py:8: in <module>
    import ttnn
E   ModuleNotFoundError: No module named 'ttnn'
____ ERROR collecting tests/autogen_op/DETR/test_DETR_aten_split_Tensor.py _____
ImportError while importing test module '/Users/Ajay17/pytorch2.0_ttnn/tests/autogen_op/DETR/test_DETR_aten_split_Tensor.py'.
Hint: make sure your test modules/packages have valid Python names.
Traceback:
../.pyenv/versions/3.11.10/lib/python3.11/importlib/__init__.py:126: in import_module
    return _bootstrap._gcd_import(name[level:], package, level)
           ^^^^^^^^^^^^^^^^^^^^^^^^^^^^^^^^^^^^^^^^^^^^^^^^^^^^
tests/autogen_op/DETR/test_DETR_aten_split_Tensor.py:8: in <module>
    import ttnn
E   ModuleNotFoundError: No module named 'ttnn'
____ ERROR collecting tests/autogen_op/DETR/test_DETR_aten_stack_default.py ____
ImportError while importing test module '/Users/Ajay17/pytorch2.0_ttnn/tests/autogen_op/DETR/test_DETR_aten_stack_default.py'.
Hint: make sure your test modules/packages have valid Python names.
Traceback:
../.pyenv/versions/3.11.10/lib/python3.11/importlib/__init__.py:126: in import_module
    return _bootstrap._gcd_import(name[level:], package, level)
           ^^^^^^^^^^^^^^^^^^^^^^^^^^^^^^^^^^^^^^^^^^^^^^^^^^^^
tests/autogen_op/DETR/test_DETR_aten_stack_default.py:8: in <module>
    import ttnn
E   ModuleNotFoundError: No module named 'ttnn'
_____ ERROR collecting tests/autogen_op/DETR/test_DETR_aten_sub_Tensor.py ______
ImportError while importing test module '/Users/Ajay17/pytorch2.0_ttnn/tests/autogen_op/DETR/test_DETR_aten_sub_Tensor.py'.
Hint: make sure your test modules/packages have valid Python names.
Traceback:
../.pyenv/versions/3.11.10/lib/python3.11/importlib/__init__.py:126: in import_module
    return _bootstrap._gcd_import(name[level:], package, level)
           ^^^^^^^^^^^^^^^^^^^^^^^^^^^^^^^^^^^^^^^^^^^^^^^^^^^^
tests/autogen_op/DETR/test_DETR_aten_sub_Tensor.py:8: in <module>
    import ttnn
E   ModuleNotFoundError: No module named 'ttnn'
______ ERROR collecting tests/autogen_op/DETR/test_DETR_aten_t_default.py ______
ImportError while importing test module '/Users/Ajay17/pytorch2.0_ttnn/tests/autogen_op/DETR/test_DETR_aten_t_default.py'.
Hint: make sure your test modules/packages have valid Python names.
Traceback:
../.pyenv/versions/3.11.10/lib/python3.11/importlib/__init__.py:126: in import_module
    return _bootstrap._gcd_import(name[level:], package, level)
           ^^^^^^^^^^^^^^^^^^^^^^^^^^^^^^^^^^^^^^^^^^^^^^^^^^^^
tests/autogen_op/DETR/test_DETR_aten_t_default.py:8: in <module>
    import ttnn
E   ModuleNotFoundError: No module named 'ttnn'
____ ERROR collecting tests/autogen_op/DETR/test_DETR_aten_transpose_int.py ____
ImportError while importing test module '/Users/Ajay17/pytorch2.0_ttnn/tests/autogen_op/DETR/test_DETR_aten_transpose_int.py'.
Hint: make sure your test modules/packages have valid Python names.
Traceback:
../.pyenv/versions/3.11.10/lib/python3.11/importlib/__init__.py:126: in import_module
    return _bootstrap._gcd_import(name[level:], package, level)
           ^^^^^^^^^^^^^^^^^^^^^^^^^^^^^^^^^^^^^^^^^^^^^^^^^^^^
tests/autogen_op/DETR/test_DETR_aten_transpose_int.py:8: in <module>
    import ttnn
E   ModuleNotFoundError: No module named 'ttnn'
__ ERROR collecting tests/autogen_op/DETR/test_DETR_aten_unsqueeze_default.py __
ImportError while importing test module '/Users/Ajay17/pytorch2.0_ttnn/tests/autogen_op/DETR/test_DETR_aten_unsqueeze_default.py'.
Hint: make sure your test modules/packages have valid Python names.
Traceback:
../.pyenv/versions/3.11.10/lib/python3.11/importlib/__init__.py:126: in import_module
    return _bootstrap._gcd_import(name[level:], package, level)
           ^^^^^^^^^^^^^^^^^^^^^^^^^^^^^^^^^^^^^^^^^^^^^^^^^^^^
tests/autogen_op/DETR/test_DETR_aten_unsqueeze_default.py:8: in <module>
    import ttnn
E   ModuleNotFoundError: No module named 'ttnn'
____ ERROR collecting tests/autogen_op/DETR/test_DETR_aten_view_default.py _____
ImportError while importing test module '/Users/Ajay17/pytorch2.0_ttnn/tests/autogen_op/DETR/test_DETR_aten_view_default.py'.
Hint: make sure your test modules/packages have valid Python names.
Traceback:
../.pyenv/versions/3.11.10/lib/python3.11/importlib/__init__.py:126: in import_module
    return _bootstrap._gcd_import(name[level:], package, level)
           ^^^^^^^^^^^^^^^^^^^^^^^^^^^^^^^^^^^^^^^^^^^^^^^^^^^^
tests/autogen_op/DETR/test_DETR_aten_view_default.py:8: in <module>
    import ttnn
E   ModuleNotFoundError: No module named 'ttnn'
____ ERROR collecting tests/autogen_op/DETR/test_DETR_aten_zeros_default.py ____
ImportError while importing test module '/Users/Ajay17/pytorch2.0_ttnn/tests/autogen_op/DETR/test_DETR_aten_zeros_default.py'.
Hint: make sure your test modules/packages have valid Python names.
Traceback:
../.pyenv/versions/3.11.10/lib/python3.11/importlib/__init__.py:126: in import_module
    return _bootstrap._gcd_import(name[level:], package, level)
           ^^^^^^^^^^^^^^^^^^^^^^^^^^^^^^^^^^^^^^^^^^^^^^^^^^^^
tests/autogen_op/DETR/test_DETR_aten_zeros_default.py:8: in <module>
    import ttnn
E   ModuleNotFoundError: No module named 'ttnn'
_ ERROR collecting tests/autogen_op/DETR/test_DETR_aten_zeros_like_default.py __
ImportError while importing test module '/Users/Ajay17/pytorch2.0_ttnn/tests/autogen_op/DETR/test_DETR_aten_zeros_like_default.py'.
Hint: make sure your test modules/packages have valid Python names.
Traceback:
../.pyenv/versions/3.11.10/lib/python3.11/importlib/__init__.py:126: in import_module
    return _bootstrap._gcd_import(name[level:], package, level)
           ^^^^^^^^^^^^^^^^^^^^^^^^^^^^^^^^^^^^^^^^^^^^^^^^^^^^
tests/autogen_op/DETR/test_DETR_aten_zeros_like_default.py:8: in <module>
    import ttnn
E   ModuleNotFoundError: No module named 'ttnn'
___ ERROR collecting tests/autogen_op/DPR/test_DPR_aten__softmax_default.py ____
ImportError while importing test module '/Users/Ajay17/pytorch2.0_ttnn/tests/autogen_op/DPR/test_DPR_aten__softmax_default.py'.
Hint: make sure your test modules/packages have valid Python names.
Traceback:
../.pyenv/versions/3.11.10/lib/python3.11/importlib/__init__.py:126: in import_module
    return _bootstrap._gcd_import(name[level:], package, level)
           ^^^^^^^^^^^^^^^^^^^^^^^^^^^^^^^^^^^^^^^^^^^^^^^^^^^^
tests/autogen_op/DPR/test_DPR_aten__softmax_default.py:8: in <module>
    import ttnn
E   ModuleNotFoundError: No module named 'ttnn'
___ ERROR collecting tests/autogen_op/DPR/test_DPR_aten__to_copy_default.py ____
ImportError while importing test module '/Users/Ajay17/pytorch2.0_ttnn/tests/autogen_op/DPR/test_DPR_aten__to_copy_default.py'.
Hint: make sure your test modules/packages have valid Python names.
Traceback:
../.pyenv/versions/3.11.10/lib/python3.11/importlib/__init__.py:126: in import_module
    return _bootstrap._gcd_import(name[level:], package, level)
           ^^^^^^^^^^^^^^^^^^^^^^^^^^^^^^^^^^^^^^^^^^^^^^^^^^^^
tests/autogen_op/DPR/test_DPR_aten__to_copy_default.py:8: in <module>
    import ttnn
E   ModuleNotFoundError: No module named 'ttnn'
______ ERROR collecting tests/autogen_op/DPR/test_DPR_aten_add_Tensor.py _______
ImportError while importing test module '/Users/Ajay17/pytorch2.0_ttnn/tests/autogen_op/DPR/test_DPR_aten_add_Tensor.py'.
Hint: make sure your test modules/packages have valid Python names.
Traceback:
../.pyenv/versions/3.11.10/lib/python3.11/importlib/__init__.py:126: in import_module
    return _bootstrap._gcd_import(name[level:], package, level)
           ^^^^^^^^^^^^^^^^^^^^^^^^^^^^^^^^^^^^^^^^^^^^^^^^^^^^
tests/autogen_op/DPR/test_DPR_aten_add_Tensor.py:8: in <module>
    import ttnn
E   ModuleNotFoundError: No module named 'ttnn'
_____ ERROR collecting tests/autogen_op/DPR/test_DPR_aten_addmm_default.py _____
ImportError while importing test module '/Users/Ajay17/pytorch2.0_ttnn/tests/autogen_op/DPR/test_DPR_aten_addmm_default.py'.
Hint: make sure your test modules/packages have valid Python names.
Traceback:
../.pyenv/versions/3.11.10/lib/python3.11/importlib/__init__.py:126: in import_module
    return _bootstrap._gcd_import(name[level:], package, level)
           ^^^^^^^^^^^^^^^^^^^^^^^^^^^^^^^^^^^^^^^^^^^^^^^^^^^^
tests/autogen_op/DPR/test_DPR_aten_addmm_default.py:8: in <module>
    import ttnn
E   ModuleNotFoundError: No module named 'ttnn'
______ ERROR collecting tests/autogen_op/DPR/test_DPR_aten_bmm_default.py ______
ImportError while importing test module '/Users/Ajay17/pytorch2.0_ttnn/tests/autogen_op/DPR/test_DPR_aten_bmm_default.py'.
Hint: make sure your test modules/packages have valid Python names.
Traceback:
../.pyenv/versions/3.11.10/lib/python3.11/importlib/__init__.py:126: in import_module
    return _bootstrap._gcd_import(name[level:], package, level)
           ^^^^^^^^^^^^^^^^^^^^^^^^^^^^^^^^^^^^^^^^^^^^^^^^^^^^
tests/autogen_op/DPR/test_DPR_aten_bmm_default.py:8: in <module>
    import ttnn
E   ModuleNotFoundError: No module named 'ttnn'
_____ ERROR collecting tests/autogen_op/DPR/test_DPR_aten_clone_default.py _____
ImportError while importing test module '/Users/Ajay17/pytorch2.0_ttnn/tests/autogen_op/DPR/test_DPR_aten_clone_default.py'.
Hint: make sure your test modules/packages have valid Python names.
Traceback:
../.pyenv/versions/3.11.10/lib/python3.11/importlib/__init__.py:126: in import_module
    return _bootstrap._gcd_import(name[level:], package, level)
           ^^^^^^^^^^^^^^^^^^^^^^^^^^^^^^^^^^^^^^^^^^^^^^^^^^^^
tests/autogen_op/DPR/test_DPR_aten_clone_default.py:8: in <module>
    import ttnn
E   ModuleNotFoundError: No module named 'ttnn'
______ ERROR collecting tests/autogen_op/DPR/test_DPR_aten_div_Tensor.py _______
ImportError while importing test module '/Users/Ajay17/pytorch2.0_ttnn/tests/autogen_op/DPR/test_DPR_aten_div_Tensor.py'.
Hint: make sure your test modules/packages have valid Python names.
Traceback:
../.pyenv/versions/3.11.10/lib/python3.11/importlib/__init__.py:126: in import_module
    return _bootstrap._gcd_import(name[level:], package, level)
           ^^^^^^^^^^^^^^^^^^^^^^^^^^^^^^^^^^^^^^^^^^^^^^^^^^^^
tests/autogen_op/DPR/test_DPR_aten_div_Tensor.py:8: in <module>
    import ttnn
E   ModuleNotFoundError: No module named 'ttnn'
___ ERROR collecting tests/autogen_op/DPR/test_DPR_aten_embedding_default.py ___
ImportError while importing test module '/Users/Ajay17/pytorch2.0_ttnn/tests/autogen_op/DPR/test_DPR_aten_embedding_default.py'.
Hint: make sure your test modules/packages have valid Python names.
Traceback:
../.pyenv/versions/3.11.10/lib/python3.11/importlib/__init__.py:126: in import_module
    return _bootstrap._gcd_import(name[level:], package, level)
           ^^^^^^^^^^^^^^^^^^^^^^^^^^^^^^^^^^^^^^^^^^^^^^^^^^^^
tests/autogen_op/DPR/test_DPR_aten_embedding_default.py:8: in <module>
    import ttnn
E   ModuleNotFoundError: No module named 'ttnn'
____ ERROR collecting tests/autogen_op/DPR/test_DPR_aten_expand_default.py _____
ImportError while importing test module '/Users/Ajay17/pytorch2.0_ttnn/tests/autogen_op/DPR/test_DPR_aten_expand_default.py'.
Hint: make sure your test modules/packages have valid Python names.
Traceback:
../.pyenv/versions/3.11.10/lib/python3.11/importlib/__init__.py:126: in import_module
    return _bootstrap._gcd_import(name[level:], package, level)
           ^^^^^^^^^^^^^^^^^^^^^^^^^^^^^^^^^^^^^^^^^^^^^^^^^^^^
tests/autogen_op/DPR/test_DPR_aten_expand_default.py:8: in <module>
    import ttnn
E   ModuleNotFoundError: No module named 'ttnn'
_____ ERROR collecting tests/autogen_op/DPR/test_DPR_aten_gelu_default.py ______
ImportError while importing test module '/Users/Ajay17/pytorch2.0_ttnn/tests/autogen_op/DPR/test_DPR_aten_gelu_default.py'.
Hint: make sure your test modules/packages have valid Python names.
Traceback:
../.pyenv/versions/3.11.10/lib/python3.11/importlib/__init__.py:126: in import_module
    return _bootstrap._gcd_import(name[level:], package, level)
           ^^^^^^^^^^^^^^^^^^^^^^^^^^^^^^^^^^^^^^^^^^^^^^^^^^^^
tests/autogen_op/DPR/test_DPR_aten_gelu_default.py:8: in <module>
    import ttnn
E   ModuleNotFoundError: No module named 'ttnn'
______ ERROR collecting tests/autogen_op/DPR/test_DPR_aten_mul_Tensor.py _______
ImportError while importing test module '/Users/Ajay17/pytorch2.0_ttnn/tests/autogen_op/DPR/test_DPR_aten_mul_Tensor.py'.
Hint: make sure your test modules/packages have valid Python names.
Traceback:
../.pyenv/versions/3.11.10/lib/python3.11/importlib/__init__.py:126: in import_module
    return _bootstrap._gcd_import(name[level:], package, level)
           ^^^^^^^^^^^^^^^^^^^^^^^^^^^^^^^^^^^^^^^^^^^^^^^^^^^^
tests/autogen_op/DPR/test_DPR_aten_mul_Tensor.py:8: in <module>
    import ttnn
E   ModuleNotFoundError: No module named 'ttnn'
_ ERROR collecting tests/autogen_op/DPR/test_DPR_aten_native_layer_norm_default.py _
ImportError while importing test module '/Users/Ajay17/pytorch2.0_ttnn/tests/autogen_op/DPR/test_DPR_aten_native_layer_norm_default.py'.
Hint: make sure your test modules/packages have valid Python names.
Traceback:
../.pyenv/versions/3.11.10/lib/python3.11/importlib/__init__.py:126: in import_module
    return _bootstrap._gcd_import(name[level:], package, level)
           ^^^^^^^^^^^^^^^^^^^^^^^^^^^^^^^^^^^^^^^^^^^^^^^^^^^^
tests/autogen_op/DPR/test_DPR_aten_native_layer_norm_default.py:8: in <module>
    import ttnn
E   ModuleNotFoundError: No module named 'ttnn'
____ ERROR collecting tests/autogen_op/DPR/test_DPR_aten_permute_default.py ____
ImportError while importing test module '/Users/Ajay17/pytorch2.0_ttnn/tests/autogen_op/DPR/test_DPR_aten_permute_default.py'.
Hint: make sure your test modules/packages have valid Python names.
Traceback:
../.pyenv/versions/3.11.10/lib/python3.11/importlib/__init__.py:126: in import_module
    return _bootstrap._gcd_import(name[level:], package, level)
           ^^^^^^^^^^^^^^^^^^^^^^^^^^^^^^^^^^^^^^^^^^^^^^^^^^^^
tests/autogen_op/DPR/test_DPR_aten_permute_default.py:8: in <module>
    import ttnn
E   ModuleNotFoundError: No module named 'ttnn'
______ ERROR collecting tests/autogen_op/DPR/test_DPR_aten_rsub_Scalar.py ______
ImportError while importing test module '/Users/Ajay17/pytorch2.0_ttnn/tests/autogen_op/DPR/test_DPR_aten_rsub_Scalar.py'.
Hint: make sure your test modules/packages have valid Python names.
Traceback:
../.pyenv/versions/3.11.10/lib/python3.11/importlib/__init__.py:126: in import_module
    return _bootstrap._gcd_import(name[level:], package, level)
           ^^^^^^^^^^^^^^^^^^^^^^^^^^^^^^^^^^^^^^^^^^^^^^^^^^^^
tests/autogen_op/DPR/test_DPR_aten_rsub_Scalar.py:8: in <module>
    import ttnn
E   ModuleNotFoundError: No module named 'ttnn'
______ ERROR collecting tests/autogen_op/DPR/test_DPR_aten_select_int.py _______
ImportError while importing test module '/Users/Ajay17/pytorch2.0_ttnn/tests/autogen_op/DPR/test_DPR_aten_select_int.py'.
Hint: make sure your test modules/packages have valid Python names.
Traceback:
../.pyenv/versions/3.11.10/lib/python3.11/importlib/__init__.py:126: in import_module
    return _bootstrap._gcd_import(name[level:], package, level)
           ^^^^^^^^^^^^^^^^^^^^^^^^^^^^^^^^^^^^^^^^^^^^^^^^^^^^
tests/autogen_op/DPR/test_DPR_aten_select_int.py:8: in <module>
    import ttnn
E   ModuleNotFoundError: No module named 'ttnn'
_____ ERROR collecting tests/autogen_op/DPR/test_DPR_aten_slice_Tensor.py ______
ImportError while importing test module '/Users/Ajay17/pytorch2.0_ttnn/tests/autogen_op/DPR/test_DPR_aten_slice_Tensor.py'.
Hint: make sure your test modules/packages have valid Python names.
Traceback:
../.pyenv/versions/3.11.10/lib/python3.11/importlib/__init__.py:126: in import_module
    return _bootstrap._gcd_import(name[level:], package, level)
           ^^^^^^^^^^^^^^^^^^^^^^^^^^^^^^^^^^^^^^^^^^^^^^^^^^^^
tests/autogen_op/DPR/test_DPR_aten_slice_Tensor.py:8: in <module>
    import ttnn
E   ModuleNotFoundError: No module named 'ttnn'
_____ ERROR collecting tests/autogen_op/DPR/test_DPR_aten_split_Tensor.py ______
ImportError while importing test module '/Users/Ajay17/pytorch2.0_ttnn/tests/autogen_op/DPR/test_DPR_aten_split_Tensor.py'.
Hint: make sure your test modules/packages have valid Python names.
Traceback:
../.pyenv/versions/3.11.10/lib/python3.11/importlib/__init__.py:126: in import_module
    return _bootstrap._gcd_import(name[level:], package, level)
           ^^^^^^^^^^^^^^^^^^^^^^^^^^^^^^^^^^^^^^^^^^^^^^^^^^^^
tests/autogen_op/DPR/test_DPR_aten_split_Tensor.py:8: in <module>
    import ttnn
E   ModuleNotFoundError: No module named 'ttnn'
______ ERROR collecting tests/autogen_op/DPR/test_DPR_aten_squeeze_dim.py ______
ImportError while importing test module '/Users/Ajay17/pytorch2.0_ttnn/tests/autogen_op/DPR/test_DPR_aten_squeeze_dim.py'.
Hint: make sure your test modules/packages have valid Python names.
Traceback:
../.pyenv/versions/3.11.10/lib/python3.11/importlib/__init__.py:126: in import_module
    return _bootstrap._gcd_import(name[level:], package, level)
           ^^^^^^^^^^^^^^^^^^^^^^^^^^^^^^^^^^^^^^^^^^^^^^^^^^^^
tests/autogen_op/DPR/test_DPR_aten_squeeze_dim.py:8: in <module>
    import ttnn
E   ModuleNotFoundError: No module named 'ttnn'
_______ ERROR collecting tests/autogen_op/DPR/test_DPR_aten_t_default.py _______
ImportError while importing test module '/Users/Ajay17/pytorch2.0_ttnn/tests/autogen_op/DPR/test_DPR_aten_t_default.py'.
Hint: make sure your test modules/packages have valid Python names.
Traceback:
../.pyenv/versions/3.11.10/lib/python3.11/importlib/__init__.py:126: in import_module
    return _bootstrap._gcd_import(name[level:], package, level)
           ^^^^^^^^^^^^^^^^^^^^^^^^^^^^^^^^^^^^^^^^^^^^^^^^^^^^
tests/autogen_op/DPR/test_DPR_aten_t_default.py:8: in <module>
    import ttnn
E   ModuleNotFoundError: No module named 'ttnn'
_____ ERROR collecting tests/autogen_op/DPR/test_DPR_aten_transpose_int.py _____
ImportError while importing test module '/Users/Ajay17/pytorch2.0_ttnn/tests/autogen_op/DPR/test_DPR_aten_transpose_int.py'.
Hint: make sure your test modules/packages have valid Python names.
Traceback:
../.pyenv/versions/3.11.10/lib/python3.11/importlib/__init__.py:126: in import_module
    return _bootstrap._gcd_import(name[level:], package, level)
           ^^^^^^^^^^^^^^^^^^^^^^^^^^^^^^^^^^^^^^^^^^^^^^^^^^^^
tests/autogen_op/DPR/test_DPR_aten_transpose_int.py:8: in <module>
    import ttnn
E   ModuleNotFoundError: No module named 'ttnn'
___ ERROR collecting tests/autogen_op/DPR/test_DPR_aten_unsqueeze_default.py ___
ImportError while importing test module '/Users/Ajay17/pytorch2.0_ttnn/tests/autogen_op/DPR/test_DPR_aten_unsqueeze_default.py'.
Hint: make sure your test modules/packages have valid Python names.
Traceback:
../.pyenv/versions/3.11.10/lib/python3.11/importlib/__init__.py:126: in import_module
    return _bootstrap._gcd_import(name[level:], package, level)
           ^^^^^^^^^^^^^^^^^^^^^^^^^^^^^^^^^^^^^^^^^^^^^^^^^^^^
tests/autogen_op/DPR/test_DPR_aten_unsqueeze_default.py:8: in <module>
    import ttnn
E   ModuleNotFoundError: No module named 'ttnn'
_____ ERROR collecting tests/autogen_op/DPR/test_DPR_aten_view_default.py ______
ImportError while importing test module '/Users/Ajay17/pytorch2.0_ttnn/tests/autogen_op/DPR/test_DPR_aten_view_default.py'.
Hint: make sure your test modules/packages have valid Python names.
Traceback:
../.pyenv/versions/3.11.10/lib/python3.11/importlib/__init__.py:126: in import_module
    return _bootstrap._gcd_import(name[level:], package, level)
           ^^^^^^^^^^^^^^^^^^^^^^^^^^^^^^^^^^^^^^^^^^^^^^^^^^^^
tests/autogen_op/DPR/test_DPR_aten_view_default.py:8: in <module>
    import ttnn
E   ModuleNotFoundError: No module named 'ttnn'
_ ERROR collecting tests/autogen_op/FLAN-T5/test_FLAN-T5_aten__softmax_default.py _
ImportError while importing test module '/Users/Ajay17/pytorch2.0_ttnn/tests/autogen_op/FLAN-T5/test_FLAN-T5_aten__softmax_default.py'.
Hint: make sure your test modules/packages have valid Python names.
Traceback:
../.pyenv/versions/3.11.10/lib/python3.11/importlib/__init__.py:126: in import_module
    return _bootstrap._gcd_import(name[level:], package, level)
           ^^^^^^^^^^^^^^^^^^^^^^^^^^^^^^^^^^^^^^^^^^^^^^^^^^^^
tests/autogen_op/FLAN-T5/test_FLAN-T5_aten__softmax_default.py:8: in <module>
    import ttnn
E   ModuleNotFoundError: No module named 'ttnn'
_ ERROR collecting tests/autogen_op/FLAN-T5/test_FLAN-T5_aten__to_copy_default.py _
ImportError while importing test module '/Users/Ajay17/pytorch2.0_ttnn/tests/autogen_op/FLAN-T5/test_FLAN-T5_aten__to_copy_default.py'.
Hint: make sure your test modules/packages have valid Python names.
Traceback:
../.pyenv/versions/3.11.10/lib/python3.11/importlib/__init__.py:126: in import_module
    return _bootstrap._gcd_import(name[level:], package, level)
           ^^^^^^^^^^^^^^^^^^^^^^^^^^^^^^^^^^^^^^^^^^^^^^^^^^^^
tests/autogen_op/FLAN-T5/test_FLAN-T5_aten__to_copy_default.py:8: in <module>
    import ttnn
E   ModuleNotFoundError: No module named 'ttnn'
__ ERROR collecting tests/autogen_op/FLAN-T5/test_FLAN-T5_aten_abs_default.py __
ImportError while importing test module '/Users/Ajay17/pytorch2.0_ttnn/tests/autogen_op/FLAN-T5/test_FLAN-T5_aten_abs_default.py'.
Hint: make sure your test modules/packages have valid Python names.
Traceback:
../.pyenv/versions/3.11.10/lib/python3.11/importlib/__init__.py:126: in import_module
    return _bootstrap._gcd_import(name[level:], package, level)
           ^^^^^^^^^^^^^^^^^^^^^^^^^^^^^^^^^^^^^^^^^^^^^^^^^^^^
tests/autogen_op/FLAN-T5/test_FLAN-T5_aten_abs_default.py:8: in <module>
    import ttnn
E   ModuleNotFoundError: No module named 'ttnn'
__ ERROR collecting tests/autogen_op/FLAN-T5/test_FLAN-T5_aten_add_Tensor.py ___
ImportError while importing test module '/Users/Ajay17/pytorch2.0_ttnn/tests/autogen_op/FLAN-T5/test_FLAN-T5_aten_add_Tensor.py'.
Hint: make sure your test modules/packages have valid Python names.
Traceback:
../.pyenv/versions/3.11.10/lib/python3.11/importlib/__init__.py:126: in import_module
    return _bootstrap._gcd_import(name[level:], package, level)
           ^^^^^^^^^^^^^^^^^^^^^^^^^^^^^^^^^^^^^^^^^^^^^^^^^^^^
tests/autogen_op/FLAN-T5/test_FLAN-T5_aten_add_Tensor.py:8: in <module>
    import ttnn
E   ModuleNotFoundError: No module named 'ttnn'
_ ERROR collecting tests/autogen_op/FLAN-T5/test_FLAN-T5_aten_arange_default.py _
ImportError while importing test module '/Users/Ajay17/pytorch2.0_ttnn/tests/autogen_op/FLAN-T5/test_FLAN-T5_aten_arange_default.py'.
Hint: make sure your test modules/packages have valid Python names.
Traceback:
../.pyenv/versions/3.11.10/lib/python3.11/importlib/__init__.py:126: in import_module
    return _bootstrap._gcd_import(name[level:], package, level)
           ^^^^^^^^^^^^^^^^^^^^^^^^^^^^^^^^^^^^^^^^^^^^^^^^^^^^
tests/autogen_op/FLAN-T5/test_FLAN-T5_aten_arange_default.py:8: in <module>
    import ttnn
E   ModuleNotFoundError: No module named 'ttnn'
__ ERROR collecting tests/autogen_op/FLAN-T5/test_FLAN-T5_aten_bmm_default.py __
ImportError while importing test module '/Users/Ajay17/pytorch2.0_ttnn/tests/autogen_op/FLAN-T5/test_FLAN-T5_aten_bmm_default.py'.
Hint: make sure your test modules/packages have valid Python names.
Traceback:
../.pyenv/versions/3.11.10/lib/python3.11/importlib/__init__.py:126: in import_module
    return _bootstrap._gcd_import(name[level:], package, level)
           ^^^^^^^^^^^^^^^^^^^^^^^^^^^^^^^^^^^^^^^^^^^^^^^^^^^^
tests/autogen_op/FLAN-T5/test_FLAN-T5_aten_bmm_default.py:8: in <module>
    import ttnn
E   ModuleNotFoundError: No module named 'ttnn'
__ ERROR collecting tests/autogen_op/FLAN-T5/test_FLAN-T5_aten_cat_default.py __
ImportError while importing test module '/Users/Ajay17/pytorch2.0_ttnn/tests/autogen_op/FLAN-T5/test_FLAN-T5_aten_cat_default.py'.
Hint: make sure your test modules/packages have valid Python names.
Traceback:
../.pyenv/versions/3.11.10/lib/python3.11/importlib/__init__.py:126: in import_module
    return _bootstrap._gcd_import(name[level:], package, level)
           ^^^^^^^^^^^^^^^^^^^^^^^^^^^^^^^^^^^^^^^^^^^^^^^^^^^^
tests/autogen_op/FLAN-T5/test_FLAN-T5_aten_cat_default.py:8: in <module>
    import ttnn
E   ModuleNotFoundError: No module named 'ttnn'
_ ERROR collecting tests/autogen_op/FLAN-T5/test_FLAN-T5_aten_clone_default.py _
ImportError while importing test module '/Users/Ajay17/pytorch2.0_ttnn/tests/autogen_op/FLAN-T5/test_FLAN-T5_aten_clone_default.py'.
Hint: make sure your test modules/packages have valid Python names.
Traceback:
../.pyenv/versions/3.11.10/lib/python3.11/importlib/__init__.py:126: in import_module
    return _bootstrap._gcd_import(name[level:], package, level)
           ^^^^^^^^^^^^^^^^^^^^^^^^^^^^^^^^^^^^^^^^^^^^^^^^^^^^
tests/autogen_op/FLAN-T5/test_FLAN-T5_aten_clone_default.py:8: in <module>
    import ttnn
E   ModuleNotFoundError: No module named 'ttnn'
__ ERROR collecting tests/autogen_op/FLAN-T5/test_FLAN-T5_aten_div_Tensor.py ___
ImportError while importing test module '/Users/Ajay17/pytorch2.0_ttnn/tests/autogen_op/FLAN-T5/test_FLAN-T5_aten_div_Tensor.py'.
Hint: make sure your test modules/packages have valid Python names.
Traceback:
../.pyenv/versions/3.11.10/lib/python3.11/importlib/__init__.py:126: in import_module
    return _bootstrap._gcd_import(name[level:], package, level)
           ^^^^^^^^^^^^^^^^^^^^^^^^^^^^^^^^^^^^^^^^^^^^^^^^^^^^
tests/autogen_op/FLAN-T5/test_FLAN-T5_aten_div_Tensor.py:8: in <module>
    import ttnn
E   ModuleNotFoundError: No module named 'ttnn'
_ ERROR collecting tests/autogen_op/FLAN-T5/test_FLAN-T5_aten_embedding_default.py _
ImportError while importing test module '/Users/Ajay17/pytorch2.0_ttnn/tests/autogen_op/FLAN-T5/test_FLAN-T5_aten_embedding_default.py'.
Hint: make sure your test modules/packages have valid Python names.
Traceback:
../.pyenv/versions/3.11.10/lib/python3.11/importlib/__init__.py:126: in import_module
    return _bootstrap._gcd_import(name[level:], package, level)
           ^^^^^^^^^^^^^^^^^^^^^^^^^^^^^^^^^^^^^^^^^^^^^^^^^^^^
tests/autogen_op/FLAN-T5/test_FLAN-T5_aten_embedding_default.py:8: in <module>
    import ttnn
E   ModuleNotFoundError: No module named 'ttnn'
_ ERROR collecting tests/autogen_op/FLAN-T5/test_FLAN-T5_aten_expand_default.py _
ImportError while importing test module '/Users/Ajay17/pytorch2.0_ttnn/tests/autogen_op/FLAN-T5/test_FLAN-T5_aten_expand_default.py'.
Hint: make sure your test modules/packages have valid Python names.
Traceback:
../.pyenv/versions/3.11.10/lib/python3.11/importlib/__init__.py:126: in import_module
    return _bootstrap._gcd_import(name[level:], package, level)
           ^^^^^^^^^^^^^^^^^^^^^^^^^^^^^^^^^^^^^^^^^^^^^^^^^^^^
tests/autogen_op/FLAN-T5/test_FLAN-T5_aten_expand_default.py:8: in <module>
    import ttnn
E   ModuleNotFoundError: No module named 'ttnn'
_ ERROR collecting tests/autogen_op/FLAN-T5/test_FLAN-T5_aten_full_like_default.py _
ImportError while importing test module '/Users/Ajay17/pytorch2.0_ttnn/tests/autogen_op/FLAN-T5/test_FLAN-T5_aten_full_like_default.py'.
Hint: make sure your test modules/packages have valid Python names.
Traceback:
../.pyenv/versions/3.11.10/lib/python3.11/importlib/__init__.py:126: in import_module
    return _bootstrap._gcd_import(name[level:], package, level)
           ^^^^^^^^^^^^^^^^^^^^^^^^^^^^^^^^^^^^^^^^^^^^^^^^^^^^
tests/autogen_op/FLAN-T5/test_FLAN-T5_aten_full_like_default.py:8: in <module>
    import ttnn
E   ModuleNotFoundError: No module named 'ttnn'
___ ERROR collecting tests/autogen_op/FLAN-T5/test_FLAN-T5_aten_gt_Scalar.py ___
ImportError while importing test module '/Users/Ajay17/pytorch2.0_ttnn/tests/autogen_op/FLAN-T5/test_FLAN-T5_aten_gt_Scalar.py'.
Hint: make sure your test modules/packages have valid Python names.
Traceback:
../.pyenv/versions/3.11.10/lib/python3.11/importlib/__init__.py:126: in import_module
    return _bootstrap._gcd_import(name[level:], package, level)
           ^^^^^^^^^^^^^^^^^^^^^^^^^^^^^^^^^^^^^^^^^^^^^^^^^^^^
tests/autogen_op/FLAN-T5/test_FLAN-T5_aten_gt_Scalar.py:8: in <module>
    import ttnn
E   ModuleNotFoundError: No module named 'ttnn'
___ ERROR collecting tests/autogen_op/FLAN-T5/test_FLAN-T5_aten_le_Tensor.py ___
ImportError while importing test module '/Users/Ajay17/pytorch2.0_ttnn/tests/autogen_op/FLAN-T5/test_FLAN-T5_aten_le_Tensor.py'.
Hint: make sure your test modules/packages have valid Python names.
Traceback:
../.pyenv/versions/3.11.10/lib/python3.11/importlib/__init__.py:126: in import_module
    return _bootstrap._gcd_import(name[level:], package, level)
           ^^^^^^^^^^^^^^^^^^^^^^^^^^^^^^^^^^^^^^^^^^^^^^^^^^^^
tests/autogen_op/FLAN-T5/test_FLAN-T5_aten_le_Tensor.py:8: in <module>
    import ttnn
E   ModuleNotFoundError: No module named 'ttnn'
__ ERROR collecting tests/autogen_op/FLAN-T5/test_FLAN-T5_aten_log_default.py __
ImportError while importing test module '/Users/Ajay17/pytorch2.0_ttnn/tests/autogen_op/FLAN-T5/test_FLAN-T5_aten_log_default.py'.
Hint: make sure your test modules/packages have valid Python names.
Traceback:
../.pyenv/versions/3.11.10/lib/python3.11/importlib/__init__.py:126: in import_module
    return _bootstrap._gcd_import(name[level:], package, level)
           ^^^^^^^^^^^^^^^^^^^^^^^^^^^^^^^^^^^^^^^^^^^^^^^^^^^^
tests/autogen_op/FLAN-T5/test_FLAN-T5_aten_log_default.py:8: in <module>
    import ttnn
E   ModuleNotFoundError: No module named 'ttnn'
___ ERROR collecting tests/autogen_op/FLAN-T5/test_FLAN-T5_aten_lt_Scalar.py ___
ImportError while importing test module '/Users/Ajay17/pytorch2.0_ttnn/tests/autogen_op/FLAN-T5/test_FLAN-T5_aten_lt_Scalar.py'.
Hint: make sure your test modules/packages have valid Python names.
Traceback:
../.pyenv/versions/3.11.10/lib/python3.11/importlib/__init__.py:126: in import_module
    return _bootstrap._gcd_import(name[level:], package, level)
           ^^^^^^^^^^^^^^^^^^^^^^^^^^^^^^^^^^^^^^^^^^^^^^^^^^^^
tests/autogen_op/FLAN-T5/test_FLAN-T5_aten_lt_Scalar.py:8: in <module>
    import ttnn
E   ModuleNotFoundError: No module named 'ttnn'
___ ERROR collecting tests/autogen_op/FLAN-T5/test_FLAN-T5_aten_mean_dim.py ____
ImportError while importing test module '/Users/Ajay17/pytorch2.0_ttnn/tests/autogen_op/FLAN-T5/test_FLAN-T5_aten_mean_dim.py'.
Hint: make sure your test modules/packages have valid Python names.
Traceback:
../.pyenv/versions/3.11.10/lib/python3.11/importlib/__init__.py:126: in import_module
    return _bootstrap._gcd_import(name[level:], package, level)
           ^^^^^^^^^^^^^^^^^^^^^^^^^^^^^^^^^^^^^^^^^^^^^^^^^^^^
tests/autogen_op/FLAN-T5/test_FLAN-T5_aten_mean_dim.py:8: in <module>
    import ttnn
E   ModuleNotFoundError: No module named 'ttnn'
_ ERROR collecting tests/autogen_op/FLAN-T5/test_FLAN-T5_aten_minimum_default.py _
ImportError while importing test module '/Users/Ajay17/pytorch2.0_ttnn/tests/autogen_op/FLAN-T5/test_FLAN-T5_aten_minimum_default.py'.
Hint: make sure your test modules/packages have valid Python names.
Traceback:
../.pyenv/versions/3.11.10/lib/python3.11/importlib/__init__.py:126: in import_module
    return _bootstrap._gcd_import(name[level:], package, level)
           ^^^^^^^^^^^^^^^^^^^^^^^^^^^^^^^^^^^^^^^^^^^^^^^^^^^^
tests/autogen_op/FLAN-T5/test_FLAN-T5_aten_minimum_default.py:8: in <module>
    import ttnn
E   ModuleNotFoundError: No module named 'ttnn'
__ ERROR collecting tests/autogen_op/FLAN-T5/test_FLAN-T5_aten_mm_default.py ___
ImportError while importing test module '/Users/Ajay17/pytorch2.0_ttnn/tests/autogen_op/FLAN-T5/test_FLAN-T5_aten_mm_default.py'.
Hint: make sure your test modules/packages have valid Python names.
Traceback:
../.pyenv/versions/3.11.10/lib/python3.11/importlib/__init__.py:126: in import_module
    return _bootstrap._gcd_import(name[level:], package, level)
           ^^^^^^^^^^^^^^^^^^^^^^^^^^^^^^^^^^^^^^^^^^^^^^^^^^^^
tests/autogen_op/FLAN-T5/test_FLAN-T5_aten_mm_default.py:8: in <module>
    import ttnn
E   ModuleNotFoundError: No module named 'ttnn'
__ ERROR collecting tests/autogen_op/FLAN-T5/test_FLAN-T5_aten_mul_Tensor.py ___
ImportError while importing test module '/Users/Ajay17/pytorch2.0_ttnn/tests/autogen_op/FLAN-T5/test_FLAN-T5_aten_mul_Tensor.py'.
Hint: make sure your test modules/packages have valid Python names.
Traceback:
../.pyenv/versions/3.11.10/lib/python3.11/importlib/__init__.py:126: in import_module
    return _bootstrap._gcd_import(name[level:], package, level)
           ^^^^^^^^^^^^^^^^^^^^^^^^^^^^^^^^^^^^^^^^^^^^^^^^^^^^
tests/autogen_op/FLAN-T5/test_FLAN-T5_aten_mul_Tensor.py:8: in <module>
    import ttnn
E   ModuleNotFoundError: No module named 'ttnn'
__ ERROR collecting tests/autogen_op/FLAN-T5/test_FLAN-T5_aten_neg_default.py __
ImportError while importing test module '/Users/Ajay17/pytorch2.0_ttnn/tests/autogen_op/FLAN-T5/test_FLAN-T5_aten_neg_default.py'.
Hint: make sure your test modules/packages have valid Python names.
Traceback:
../.pyenv/versions/3.11.10/lib/python3.11/importlib/__init__.py:126: in import_module
    return _bootstrap._gcd_import(name[level:], package, level)
           ^^^^^^^^^^^^^^^^^^^^^^^^^^^^^^^^^^^^^^^^^^^^^^^^^^^^
tests/autogen_op/FLAN-T5/test_FLAN-T5_aten_neg_default.py:8: in <module>
    import ttnn
E   ModuleNotFoundError: No module named 'ttnn'
_ ERROR collecting tests/autogen_op/FLAN-T5/test_FLAN-T5_aten_ones_default.py __
ImportError while importing test module '/Users/Ajay17/pytorch2.0_ttnn/tests/autogen_op/FLAN-T5/test_FLAN-T5_aten_ones_default.py'.
Hint: make sure your test modules/packages have valid Python names.
Traceback:
../.pyenv/versions/3.11.10/lib/python3.11/importlib/__init__.py:126: in import_module
    return _bootstrap._gcd_import(name[level:], package, level)
           ^^^^^^^^^^^^^^^^^^^^^^^^^^^^^^^^^^^^^^^^^^^^^^^^^^^^
tests/autogen_op/FLAN-T5/test_FLAN-T5_aten_ones_default.py:8: in <module>
    import ttnn
E   ModuleNotFoundError: No module named 'ttnn'
_ ERROR collecting tests/autogen_op/FLAN-T5/test_FLAN-T5_aten_permute_default.py _
ImportError while importing test module '/Users/Ajay17/pytorch2.0_ttnn/tests/autogen_op/FLAN-T5/test_FLAN-T5_aten_permute_default.py'.
Hint: make sure your test modules/packages have valid Python names.
Traceback:
../.pyenv/versions/3.11.10/lib/python3.11/importlib/__init__.py:126: in import_module
    return _bootstrap._gcd_import(name[level:], package, level)
           ^^^^^^^^^^^^^^^^^^^^^^^^^^^^^^^^^^^^^^^^^^^^^^^^^^^^
tests/autogen_op/FLAN-T5/test_FLAN-T5_aten_permute_default.py:8: in <module>
    import ttnn
E   ModuleNotFoundError: No module named 'ttnn'
_ ERROR collecting tests/autogen_op/FLAN-T5/test_FLAN-T5_aten_pow_Tensor_Scalar.py _
ImportError while importing test module '/Users/Ajay17/pytorch2.0_ttnn/tests/autogen_op/FLAN-T5/test_FLAN-T5_aten_pow_Tensor_Scalar.py'.
Hint: make sure your test modules/packages have valid Python names.
Traceback:
../.pyenv/versions/3.11.10/lib/python3.11/importlib/__init__.py:126: in import_module
    return _bootstrap._gcd_import(name[level:], package, level)
           ^^^^^^^^^^^^^^^^^^^^^^^^^^^^^^^^^^^^^^^^^^^^^^^^^^^^
tests/autogen_op/FLAN-T5/test_FLAN-T5_aten_pow_Tensor_Scalar.py:8: in <module>
    import ttnn
E   ModuleNotFoundError: No module named 'ttnn'
_ ERROR collecting tests/autogen_op/FLAN-T5/test_FLAN-T5_aten_repeat_default.py _
ImportError while importing test module '/Users/Ajay17/pytorch2.0_ttnn/tests/autogen_op/FLAN-T5/test_FLAN-T5_aten_repeat_default.py'.
Hint: make sure your test modules/packages have valid Python names.
Traceback:
../.pyenv/versions/3.11.10/lib/python3.11/importlib/__init__.py:126: in import_module
    return _bootstrap._gcd_import(name[level:], package, level)
           ^^^^^^^^^^^^^^^^^^^^^^^^^^^^^^^^^^^^^^^^^^^^^^^^^^^^
tests/autogen_op/FLAN-T5/test_FLAN-T5_aten_repeat_default.py:8: in <module>
    import ttnn
E   ModuleNotFoundError: No module named 'ttnn'
_ ERROR collecting tests/autogen_op/FLAN-T5/test_FLAN-T5_aten_rsqrt_default.py _
ImportError while importing test module '/Users/Ajay17/pytorch2.0_ttnn/tests/autogen_op/FLAN-T5/test_FLAN-T5_aten_rsqrt_default.py'.
Hint: make sure your test modules/packages have valid Python names.
Traceback:
../.pyenv/versions/3.11.10/lib/python3.11/importlib/__init__.py:126: in import_module
    return _bootstrap._gcd_import(name[level:], package, level)
           ^^^^^^^^^^^^^^^^^^^^^^^^^^^^^^^^^^^^^^^^^^^^^^^^^^^^
tests/autogen_op/FLAN-T5/test_FLAN-T5_aten_rsqrt_default.py:8: in <module>
    import ttnn
E   ModuleNotFoundError: No module named 'ttnn'
__ ERROR collecting tests/autogen_op/FLAN-T5/test_FLAN-T5_aten_rsub_Scalar.py __
ImportError while importing test module '/Users/Ajay17/pytorch2.0_ttnn/tests/autogen_op/FLAN-T5/test_FLAN-T5_aten_rsub_Scalar.py'.
Hint: make sure your test modules/packages have valid Python names.
Traceback:
../.pyenv/versions/3.11.10/lib/python3.11/importlib/__init__.py:126: in import_module
    return _bootstrap._gcd_import(name[level:], package, level)
           ^^^^^^^^^^^^^^^^^^^^^^^^^^^^^^^^^^^^^^^^^^^^^^^^^^^^
tests/autogen_op/FLAN-T5/test_FLAN-T5_aten_rsub_Scalar.py:8: in <module>
    import ttnn
E   ModuleNotFoundError: No module named 'ttnn'
_ ERROR collecting tests/autogen_op/FLAN-T5/test_FLAN-T5_aten_slice_Tensor.py __
ImportError while importing test module '/Users/Ajay17/pytorch2.0_ttnn/tests/autogen_op/FLAN-T5/test_FLAN-T5_aten_slice_Tensor.py'.
Hint: make sure your test modules/packages have valid Python names.
Traceback:
../.pyenv/versions/3.11.10/lib/python3.11/importlib/__init__.py:126: in import_module
    return _bootstrap._gcd_import(name[level:], package, level)
           ^^^^^^^^^^^^^^^^^^^^^^^^^^^^^^^^^^^^^^^^^^^^^^^^^^^^
tests/autogen_op/FLAN-T5/test_FLAN-T5_aten_slice_Tensor.py:8: in <module>
    import ttnn
E   ModuleNotFoundError: No module named 'ttnn'
__ ERROR collecting tests/autogen_op/FLAN-T5/test_FLAN-T5_aten_sub_Tensor.py ___
ImportError while importing test module '/Users/Ajay17/pytorch2.0_ttnn/tests/autogen_op/FLAN-T5/test_FLAN-T5_aten_sub_Tensor.py'.
Hint: make sure your test modules/packages have valid Python names.
Traceback:
../.pyenv/versions/3.11.10/lib/python3.11/importlib/__init__.py:126: in import_module
    return _bootstrap._gcd_import(name[level:], package, level)
           ^^^^^^^^^^^^^^^^^^^^^^^^^^^^^^^^^^^^^^^^^^^^^^^^^^^^
tests/autogen_op/FLAN-T5/test_FLAN-T5_aten_sub_Tensor.py:8: in <module>
    import ttnn
E   ModuleNotFoundError: No module named 'ttnn'
_ ERROR collecting tests/autogen_op/FLAN-T5/test_FLAN-T5_aten_sym_size_int.py __
ImportError while importing test module '/Users/Ajay17/pytorch2.0_ttnn/tests/autogen_op/FLAN-T5/test_FLAN-T5_aten_sym_size_int.py'.
Hint: make sure your test modules/packages have valid Python names.
Traceback:
../.pyenv/versions/3.11.10/lib/python3.11/importlib/__init__.py:126: in import_module
    return _bootstrap._gcd_import(name[level:], package, level)
           ^^^^^^^^^^^^^^^^^^^^^^^^^^^^^^^^^^^^^^^^^^^^^^^^^^^^
tests/autogen_op/FLAN-T5/test_FLAN-T5_aten_sym_size_int.py:8: in <module>
    import ttnn
E   ModuleNotFoundError: No module named 'ttnn'
___ ERROR collecting tests/autogen_op/FLAN-T5/test_FLAN-T5_aten_t_default.py ___
ImportError while importing test module '/Users/Ajay17/pytorch2.0_ttnn/tests/autogen_op/FLAN-T5/test_FLAN-T5_aten_t_default.py'.
Hint: make sure your test modules/packages have valid Python names.
Traceback:
../.pyenv/versions/3.11.10/lib/python3.11/importlib/__init__.py:126: in import_module
    return _bootstrap._gcd_import(name[level:], package, level)
           ^^^^^^^^^^^^^^^^^^^^^^^^^^^^^^^^^^^^^^^^^^^^^^^^^^^^
tests/autogen_op/FLAN-T5/test_FLAN-T5_aten_t_default.py:8: in <module>
    import ttnn
E   ModuleNotFoundError: No module named 'ttnn'
_ ERROR collecting tests/autogen_op/FLAN-T5/test_FLAN-T5_aten_tanh_default.py __
ImportError while importing test module '/Users/Ajay17/pytorch2.0_ttnn/tests/autogen_op/FLAN-T5/test_FLAN-T5_aten_tanh_default.py'.
Hint: make sure your test modules/packages have valid Python names.
Traceback:
../.pyenv/versions/3.11.10/lib/python3.11/importlib/__init__.py:126: in import_module
    return _bootstrap._gcd_import(name[level:], package, level)
           ^^^^^^^^^^^^^^^^^^^^^^^^^^^^^^^^^^^^^^^^^^^^^^^^^^^^
tests/autogen_op/FLAN-T5/test_FLAN-T5_aten_tanh_default.py:8: in <module>
    import ttnn
E   ModuleNotFoundError: No module named 'ttnn'
_ ERROR collecting tests/autogen_op/FLAN-T5/test_FLAN-T5_aten_transpose_int.py _
ImportError while importing test module '/Users/Ajay17/pytorch2.0_ttnn/tests/autogen_op/FLAN-T5/test_FLAN-T5_aten_transpose_int.py'.
Hint: make sure your test modules/packages have valid Python names.
Traceback:
../.pyenv/versions/3.11.10/lib/python3.11/importlib/__init__.py:126: in import_module
    return _bootstrap._gcd_import(name[level:], package, level)
           ^^^^^^^^^^^^^^^^^^^^^^^^^^^^^^^^^^^^^^^^^^^^^^^^^^^^
tests/autogen_op/FLAN-T5/test_FLAN-T5_aten_transpose_int.py:8: in <module>
    import ttnn
E   ModuleNotFoundError: No module named 'ttnn'
_ ERROR collecting tests/autogen_op/FLAN-T5/test_FLAN-T5_aten_unsqueeze_default.py _
ImportError while importing test module '/Users/Ajay17/pytorch2.0_ttnn/tests/autogen_op/FLAN-T5/test_FLAN-T5_aten_unsqueeze_default.py'.
Hint: make sure your test modules/packages have valid Python names.
Traceback:
../.pyenv/versions/3.11.10/lib/python3.11/importlib/__init__.py:126: in import_module
    return _bootstrap._gcd_import(name[level:], package, level)
           ^^^^^^^^^^^^^^^^^^^^^^^^^^^^^^^^^^^^^^^^^^^^^^^^^^^^
tests/autogen_op/FLAN-T5/test_FLAN-T5_aten_unsqueeze_default.py:8: in <module>
    import ttnn
E   ModuleNotFoundError: No module named 'ttnn'
_ ERROR collecting tests/autogen_op/FLAN-T5/test_FLAN-T5_aten_view_default.py __
ImportError while importing test module '/Users/Ajay17/pytorch2.0_ttnn/tests/autogen_op/FLAN-T5/test_FLAN-T5_aten_view_default.py'.
Hint: make sure your test modules/packages have valid Python names.
Traceback:
../.pyenv/versions/3.11.10/lib/python3.11/importlib/__init__.py:126: in import_module
    return _bootstrap._gcd_import(name[level:], package, level)
           ^^^^^^^^^^^^^^^^^^^^^^^^^^^^^^^^^^^^^^^^^^^^^^^^^^^^
tests/autogen_op/FLAN-T5/test_FLAN-T5_aten_view_default.py:8: in <module>
    import ttnn
E   ModuleNotFoundError: No module named 'ttnn'
__ ERROR collecting tests/autogen_op/FLAN-T5/test_FLAN-T5_aten_where_self.py ___
ImportError while importing test module '/Users/Ajay17/pytorch2.0_ttnn/tests/autogen_op/FLAN-T5/test_FLAN-T5_aten_where_self.py'.
Hint: make sure your test modules/packages have valid Python names.
Traceback:
../.pyenv/versions/3.11.10/lib/python3.11/importlib/__init__.py:126: in import_module
    return _bootstrap._gcd_import(name[level:], package, level)
           ^^^^^^^^^^^^^^^^^^^^^^^^^^^^^^^^^^^^^^^^^^^^^^^^^^^^
tests/autogen_op/FLAN-T5/test_FLAN-T5_aten_where_self.py:8: in <module>
    import ttnn
E   ModuleNotFoundError: No module named 'ttnn'
_ ERROR collecting tests/autogen_op/FLAN-T5/test_FLAN-T5_aten_zeros_default.py _
ImportError while importing test module '/Users/Ajay17/pytorch2.0_ttnn/tests/autogen_op/FLAN-T5/test_FLAN-T5_aten_zeros_default.py'.
Hint: make sure your test modules/packages have valid Python names.
Traceback:
../.pyenv/versions/3.11.10/lib/python3.11/importlib/__init__.py:126: in import_module
    return _bootstrap._gcd_import(name[level:], package, level)
           ^^^^^^^^^^^^^^^^^^^^^^^^^^^^^^^^^^^^^^^^^^^^^^^^^^^^
tests/autogen_op/FLAN-T5/test_FLAN-T5_aten_zeros_default.py:8: in <module>
    import ttnn
E   ModuleNotFoundError: No module named 'ttnn'
_ ERROR collecting tests/autogen_op/FLAN-T5/test_FLAN-T5_aten_zeros_like_default.py _
ImportError while importing test module '/Users/Ajay17/pytorch2.0_ttnn/tests/autogen_op/FLAN-T5/test_FLAN-T5_aten_zeros_like_default.py'.
Hint: make sure your test modules/packages have valid Python names.
Traceback:
../.pyenv/versions/3.11.10/lib/python3.11/importlib/__init__.py:126: in import_module
    return _bootstrap._gcd_import(name[level:], package, level)
           ^^^^^^^^^^^^^^^^^^^^^^^^^^^^^^^^^^^^^^^^^^^^^^^^^^^^
tests/autogen_op/FLAN-T5/test_FLAN-T5_aten_zeros_like_default.py:8: in <module>
    import ttnn
E   ModuleNotFoundError: No module named 'ttnn'
___ ERROR collecting tests/autogen_op/Falcon/test_Falcon_aten_all_default.py ___
ImportError while importing test module '/Users/Ajay17/pytorch2.0_ttnn/tests/autogen_op/Falcon/test_Falcon_aten_all_default.py'.
Hint: make sure your test modules/packages have valid Python names.
Traceback:
../.pyenv/versions/3.11.10/lib/python3.11/importlib/__init__.py:126: in import_module
    return _bootstrap._gcd_import(name[level:], package, level)
           ^^^^^^^^^^^^^^^^^^^^^^^^^^^^^^^^^^^^^^^^^^^^^^^^^^^^
tests/autogen_op/Falcon/test_Falcon_aten_all_default.py:8: in <module>
    import ttnn
E   ModuleNotFoundError: No module named 'ttnn'
_ ERROR collecting tests/autogen_op/Falcon/test_Falcon_aten_embedding_default.py _
ImportError while importing test module '/Users/Ajay17/pytorch2.0_ttnn/tests/autogen_op/Falcon/test_Falcon_aten_embedding_default.py'.
Hint: make sure your test modules/packages have valid Python names.
Traceback:
../.pyenv/versions/3.11.10/lib/python3.11/importlib/__init__.py:126: in import_module
    return _bootstrap._gcd_import(name[level:], package, level)
           ^^^^^^^^^^^^^^^^^^^^^^^^^^^^^^^^^^^^^^^^^^^^^^^^^^^^
tests/autogen_op/Falcon/test_Falcon_aten_embedding_default.py:8: in <module>
    import ttnn
E   ModuleNotFoundError: No module named 'ttnn'
____ ERROR collecting tests/autogen_op/Falcon/test_Falcon_aten_eq_Scalar.py ____
ImportError while importing test module '/Users/Ajay17/pytorch2.0_ttnn/tests/autogen_op/Falcon/test_Falcon_aten_eq_Scalar.py'.
Hint: make sure your test modules/packages have valid Python names.
Traceback:
../.pyenv/versions/3.11.10/lib/python3.11/importlib/__init__.py:126: in import_module
    return _bootstrap._gcd_import(name[level:], package, level)
           ^^^^^^^^^^^^^^^^^^^^^^^^^^^^^^^^^^^^^^^^^^^^^^^^^^^^
tests/autogen_op/Falcon/test_Falcon_aten_eq_Scalar.py:8: in <module>
    import ttnn
E   ModuleNotFoundError: No module named 'ttnn'
__ ERROR collecting tests/autogen_op/Falcon/test_Falcon_aten_index_Tensor.py ___
ImportError while importing test module '/Users/Ajay17/pytorch2.0_ttnn/tests/autogen_op/Falcon/test_Falcon_aten_index_Tensor.py'.
Hint: make sure your test modules/packages have valid Python names.
Traceback:
../.pyenv/versions/3.11.10/lib/python3.11/importlib/__init__.py:126: in import_module
    return _bootstrap._gcd_import(name[level:], package, level)
           ^^^^^^^^^^^^^^^^^^^^^^^^^^^^^^^^^^^^^^^^^^^^^^^^^^^^
tests/autogen_op/Falcon/test_Falcon_aten_index_Tensor.py:8: in <module>
    import ttnn
E   ModuleNotFoundError: No module named 'ttnn'
__ ERROR collecting tests/autogen_op/Falcon/test_Falcon_aten_slice_Tensor.py ___
ImportError while importing test module '/Users/Ajay17/pytorch2.0_ttnn/tests/autogen_op/Falcon/test_Falcon_aten_slice_Tensor.py'.
Hint: make sure your test modules/packages have valid Python names.
Traceback:
../.pyenv/versions/3.11.10/lib/python3.11/importlib/__init__.py:126: in import_module
    return _bootstrap._gcd_import(name[level:], package, level)
           ^^^^^^^^^^^^^^^^^^^^^^^^^^^^^^^^^^^^^^^^^^^^^^^^^^^^
tests/autogen_op/Falcon/test_Falcon_aten_slice_Tensor.py:8: in <module>
    import ttnn
E   ModuleNotFoundError: No module named 'ttnn'
_ ERROR collecting tests/autogen_op/Falcon/test_Falcon_aten_unsqueeze_default.py _
ImportError while importing test module '/Users/Ajay17/pytorch2.0_ttnn/tests/autogen_op/Falcon/test_Falcon_aten_unsqueeze_default.py'.
Hint: make sure your test modules/packages have valid Python names.
Traceback:
../.pyenv/versions/3.11.10/lib/python3.11/importlib/__init__.py:126: in import_module
    return _bootstrap._gcd_import(name[level:], package, level)
           ^^^^^^^^^^^^^^^^^^^^^^^^^^^^^^^^^^^^^^^^^^^^^^^^^^^^
tests/autogen_op/Falcon/test_Falcon_aten_unsqueeze_default.py:8: in <module>
    import ttnn
E   ModuleNotFoundError: No module named 'ttnn'
_ ERROR collecting tests/autogen_op/GLPN-KITTI/test_GLPN-KITTI_aten__native_batch_norm_legit_no_training_default.py _
ImportError while importing test module '/Users/Ajay17/pytorch2.0_ttnn/tests/autogen_op/GLPN-KITTI/test_GLPN-KITTI_aten__native_batch_norm_legit_no_training_default.py'.
Hint: make sure your test modules/packages have valid Python names.
Traceback:
../.pyenv/versions/3.11.10/lib/python3.11/importlib/__init__.py:126: in import_module
    return _bootstrap._gcd_import(name[level:], package, level)
           ^^^^^^^^^^^^^^^^^^^^^^^^^^^^^^^^^^^^^^^^^^^^^^^^^^^^
tests/autogen_op/GLPN-KITTI/test_GLPN-KITTI_aten__native_batch_norm_legit_no_training_default.py:8: in <module>
    import ttnn
E   ModuleNotFoundError: No module named 'ttnn'
_ ERROR collecting tests/autogen_op/GLPN-KITTI/test_GLPN-KITTI_aten__softmax_default.py _
ImportError while importing test module '/Users/Ajay17/pytorch2.0_ttnn/tests/autogen_op/GLPN-KITTI/test_GLPN-KITTI_aten__softmax_default.py'.
Hint: make sure your test modules/packages have valid Python names.
Traceback:
../.pyenv/versions/3.11.10/lib/python3.11/importlib/__init__.py:126: in import_module
    return _bootstrap._gcd_import(name[level:], package, level)
           ^^^^^^^^^^^^^^^^^^^^^^^^^^^^^^^^^^^^^^^^^^^^^^^^^^^^
tests/autogen_op/GLPN-KITTI/test_GLPN-KITTI_aten__softmax_default.py:8: in <module>
    import ttnn
E   ModuleNotFoundError: No module named 'ttnn'
_ ERROR collecting tests/autogen_op/GLPN-KITTI/test_GLPN-KITTI_aten__to_copy_default.py _
ImportError while importing test module '/Users/Ajay17/pytorch2.0_ttnn/tests/autogen_op/GLPN-KITTI/test_GLPN-KITTI_aten__to_copy_default.py'.
Hint: make sure your test modules/packages have valid Python names.
Traceback:
../.pyenv/versions/3.11.10/lib/python3.11/importlib/__init__.py:126: in import_module
    return _bootstrap._gcd_import(name[level:], package, level)
           ^^^^^^^^^^^^^^^^^^^^^^^^^^^^^^^^^^^^^^^^^^^^^^^^^^^^
tests/autogen_op/GLPN-KITTI/test_GLPN-KITTI_aten__to_copy_default.py:8: in <module>
    import ttnn
E   ModuleNotFoundError: No module named 'ttnn'
_ ERROR collecting tests/autogen_op/GLPN-KITTI/test_GLPN-KITTI_aten__unsafe_index_Tensor.py _
ImportError while importing test module '/Users/Ajay17/pytorch2.0_ttnn/tests/autogen_op/GLPN-KITTI/test_GLPN-KITTI_aten__unsafe_index_Tensor.py'.
Hint: make sure your test modules/packages have valid Python names.
Traceback:
../.pyenv/versions/3.11.10/lib/python3.11/importlib/__init__.py:126: in import_module
    return _bootstrap._gcd_import(name[level:], package, level)
           ^^^^^^^^^^^^^^^^^^^^^^^^^^^^^^^^^^^^^^^^^^^^^^^^^^^^
tests/autogen_op/GLPN-KITTI/test_GLPN-KITTI_aten__unsafe_index_Tensor.py:8: in <module>
    import ttnn
E   ModuleNotFoundError: No module named 'ttnn'
_ ERROR collecting tests/autogen_op/GLPN-KITTI/test_GLPN-KITTI_aten_add_Tensor.py _
ImportError while importing test module '/Users/Ajay17/pytorch2.0_ttnn/tests/autogen_op/GLPN-KITTI/test_GLPN-KITTI_aten_add_Tensor.py'.
Hint: make sure your test modules/packages have valid Python names.
Traceback:
../.pyenv/versions/3.11.10/lib/python3.11/importlib/__init__.py:126: in import_module
    return _bootstrap._gcd_import(name[level:], package, level)
           ^^^^^^^^^^^^^^^^^^^^^^^^^^^^^^^^^^^^^^^^^^^^^^^^^^^^
tests/autogen_op/GLPN-KITTI/test_GLPN-KITTI_aten_add_Tensor.py:8: in <module>
    import ttnn
E   ModuleNotFoundError: No module named 'ttnn'
_ ERROR collecting tests/autogen_op/GLPN-KITTI/test_GLPN-KITTI_aten_addmm_default.py _
ImportError while importing test module '/Users/Ajay17/pytorch2.0_ttnn/tests/autogen_op/GLPN-KITTI/test_GLPN-KITTI_aten_addmm_default.py'.
Hint: make sure your test modules/packages have valid Python names.
Traceback:
../.pyenv/versions/3.11.10/lib/python3.11/importlib/__init__.py:126: in import_module
    return _bootstrap._gcd_import(name[level:], package, level)
           ^^^^^^^^^^^^^^^^^^^^^^^^^^^^^^^^^^^^^^^^^^^^^^^^^^^^
tests/autogen_op/GLPN-KITTI/test_GLPN-KITTI_aten_addmm_default.py:8: in <module>
    import ttnn
E   ModuleNotFoundError: No module named 'ttnn'
_ ERROR collecting tests/autogen_op/GLPN-KITTI/test_GLPN-KITTI_aten_bmm_default.py _
ImportError while importing test module '/Users/Ajay17/pytorch2.0_ttnn/tests/autogen_op/GLPN-KITTI/test_GLPN-KITTI_aten_bmm_default.py'.
Hint: make sure your test modules/packages have valid Python names.
Traceback:
../.pyenv/versions/3.11.10/lib/python3.11/importlib/__init__.py:126: in import_module
    return _bootstrap._gcd_import(name[level:], package, level)
           ^^^^^^^^^^^^^^^^^^^^^^^^^^^^^^^^^^^^^^^^^^^^^^^^^^^^
tests/autogen_op/GLPN-KITTI/test_GLPN-KITTI_aten_bmm_default.py:8: in <module>
    import ttnn
E   ModuleNotFoundError: No module named 'ttnn'
_ ERROR collecting tests/autogen_op/GLPN-KITTI/test_GLPN-KITTI_aten_cat_default.py _
ImportError while importing test module '/Users/Ajay17/pytorch2.0_ttnn/tests/autogen_op/GLPN-KITTI/test_GLPN-KITTI_aten_cat_default.py'.
Hint: make sure your test modules/packages have valid Python names.
Traceback:
../.pyenv/versions/3.11.10/lib/python3.11/importlib/__init__.py:126: in import_module
    return _bootstrap._gcd_import(name[level:], package, level)
           ^^^^^^^^^^^^^^^^^^^^^^^^^^^^^^^^^^^^^^^^^^^^^^^^^^^^
tests/autogen_op/GLPN-KITTI/test_GLPN-KITTI_aten_cat_default.py:8: in <module>
    import ttnn
E   ModuleNotFoundError: No module named 'ttnn'
_ ERROR collecting tests/autogen_op/GLPN-KITTI/test_GLPN-KITTI_aten_clone_default.py _
ImportError while importing test module '/Users/Ajay17/pytorch2.0_ttnn/tests/autogen_op/GLPN-KITTI/test_GLPN-KITTI_aten_clone_default.py'.
Hint: make sure your test modules/packages have valid Python names.
Traceback:
../.pyenv/versions/3.11.10/lib/python3.11/importlib/__init__.py:126: in import_module
    return _bootstrap._gcd_import(name[level:], package, level)
           ^^^^^^^^^^^^^^^^^^^^^^^^^^^^^^^^^^^^^^^^^^^^^^^^^^^^
tests/autogen_op/GLPN-KITTI/test_GLPN-KITTI_aten_clone_default.py:8: in <module>
    import ttnn
E   ModuleNotFoundError: No module named 'ttnn'
_ ERROR collecting tests/autogen_op/GLPN-KITTI/test_GLPN-KITTI_aten_convolution_default.py _
ImportError while importing test module '/Users/Ajay17/pytorch2.0_ttnn/tests/autogen_op/GLPN-KITTI/test_GLPN-KITTI_aten_convolution_default.py'.
Hint: make sure your test modules/packages have valid Python names.
Traceback:
../.pyenv/versions/3.11.10/lib/python3.11/importlib/__init__.py:126: in import_module
    return _bootstrap._gcd_import(name[level:], package, level)
           ^^^^^^^^^^^^^^^^^^^^^^^^^^^^^^^^^^^^^^^^^^^^^^^^^^^^
tests/autogen_op/GLPN-KITTI/test_GLPN-KITTI_aten_convolution_default.py:8: in <module>
    import ttnn
E   ModuleNotFoundError: No module named 'ttnn'
_ ERROR collecting tests/autogen_op/GLPN-KITTI/test_GLPN-KITTI_aten_div_Tensor.py _
ImportError while importing test module '/Users/Ajay17/pytorch2.0_ttnn/tests/autogen_op/GLPN-KITTI/test_GLPN-KITTI_aten_div_Tensor.py'.
Hint: make sure your test modules/packages have valid Python names.
Traceback:
../.pyenv/versions/3.11.10/lib/python3.11/importlib/__init__.py:126: in import_module
    return _bootstrap._gcd_import(name[level:], package, level)
           ^^^^^^^^^^^^^^^^^^^^^^^^^^^^^^^^^^^^^^^^^^^^^^^^^^^^
tests/autogen_op/GLPN-KITTI/test_GLPN-KITTI_aten_div_Tensor.py:8: in <module>
    import ttnn
E   ModuleNotFoundError: No module named 'ttnn'
_ ERROR collecting tests/autogen_op/GLPN-KITTI/test_GLPN-KITTI_aten_expand_default.py _
ImportError while importing test module '/Users/Ajay17/pytorch2.0_ttnn/tests/autogen_op/GLPN-KITTI/test_GLPN-KITTI_aten_expand_default.py'.
Hint: make sure your test modules/packages have valid Python names.
Traceback:
../.pyenv/versions/3.11.10/lib/python3.11/importlib/__init__.py:126: in import_module
    return _bootstrap._gcd_import(name[level:], package, level)
           ^^^^^^^^^^^^^^^^^^^^^^^^^^^^^^^^^^^^^^^^^^^^^^^^^^^^
tests/autogen_op/GLPN-KITTI/test_GLPN-KITTI_aten_expand_default.py:8: in <module>
    import ttnn
E   ModuleNotFoundError: No module named 'ttnn'
_ ERROR collecting tests/autogen_op/GLPN-KITTI/test_GLPN-KITTI_aten_gelu_default.py _
ImportError while importing test module '/Users/Ajay17/pytorch2.0_ttnn/tests/autogen_op/GLPN-KITTI/test_GLPN-KITTI_aten_gelu_default.py'.
Hint: make sure your test modules/packages have valid Python names.
Traceback:
../.pyenv/versions/3.11.10/lib/python3.11/importlib/__init__.py:126: in import_module
    return _bootstrap._gcd_import(name[level:], package, level)
           ^^^^^^^^^^^^^^^^^^^^^^^^^^^^^^^^^^^^^^^^^^^^^^^^^^^^
tests/autogen_op/GLPN-KITTI/test_GLPN-KITTI_aten_gelu_default.py:8: in <module>
    import ttnn
E   ModuleNotFoundError: No module named 'ttnn'
_ ERROR collecting tests/autogen_op/GLPN-KITTI/test_GLPN-KITTI_aten_mul_Tensor.py _
ImportError while importing test module '/Users/Ajay17/pytorch2.0_ttnn/tests/autogen_op/GLPN-KITTI/test_GLPN-KITTI_aten_mul_Tensor.py'.
Hint: make sure your test modules/packages have valid Python names.
Traceback:
../.pyenv/versions/3.11.10/lib/python3.11/importlib/__init__.py:126: in import_module
    return _bootstrap._gcd_import(name[level:], package, level)
           ^^^^^^^^^^^^^^^^^^^^^^^^^^^^^^^^^^^^^^^^^^^^^^^^^^^^
tests/autogen_op/GLPN-KITTI/test_GLPN-KITTI_aten_mul_Tensor.py:8: in <module>
    import ttnn
E   ModuleNotFoundError: No module named 'ttnn'
_ ERROR collecting tests/autogen_op/GLPN-KITTI/test_GLPN-KITTI_aten_native_layer_norm_default.py _
ImportError while importing test module '/Users/Ajay17/pytorch2.0_ttnn/tests/autogen_op/GLPN-KITTI/test_GLPN-KITTI_aten_native_layer_norm_default.py'.
Hint: make sure your test modules/packages have valid Python names.
Traceback:
../.pyenv/versions/3.11.10/lib/python3.11/importlib/__init__.py:126: in import_module
    return _bootstrap._gcd_import(name[level:], package, level)
           ^^^^^^^^^^^^^^^^^^^^^^^^^^^^^^^^^^^^^^^^^^^^^^^^^^^^
tests/autogen_op/GLPN-KITTI/test_GLPN-KITTI_aten_native_layer_norm_default.py:8: in <module>
    import ttnn
E   ModuleNotFoundError: No module named 'ttnn'
_ ERROR collecting tests/autogen_op/GLPN-KITTI/test_GLPN-KITTI_aten_permute_default.py _
ImportError while importing test module '/Users/Ajay17/pytorch2.0_ttnn/tests/autogen_op/GLPN-KITTI/test_GLPN-KITTI_aten_permute_default.py'.
Hint: make sure your test modules/packages have valid Python names.
Traceback:
../.pyenv/versions/3.11.10/lib/python3.11/importlib/__init__.py:126: in import_module
    return _bootstrap._gcd_import(name[level:], package, level)
           ^^^^^^^^^^^^^^^^^^^^^^^^^^^^^^^^^^^^^^^^^^^^^^^^^^^^
tests/autogen_op/GLPN-KITTI/test_GLPN-KITTI_aten_permute_default.py:8: in <module>
    import ttnn
E   ModuleNotFoundError: No module named 'ttnn'
_ ERROR collecting tests/autogen_op/GLPN-KITTI/test_GLPN-KITTI_aten_relu_default.py _
ImportError while importing test module '/Users/Ajay17/pytorch2.0_ttnn/tests/autogen_op/GLPN-KITTI/test_GLPN-KITTI_aten_relu_default.py'.
Hint: make sure your test modules/packages have valid Python names.
Traceback:
../.pyenv/versions/3.11.10/lib/python3.11/importlib/__init__.py:126: in import_module
    return _bootstrap._gcd_import(name[level:], package, level)
           ^^^^^^^^^^^^^^^^^^^^^^^^^^^^^^^^^^^^^^^^^^^^^^^^^^^^
tests/autogen_op/GLPN-KITTI/test_GLPN-KITTI_aten_relu_default.py:8: in <module>
    import ttnn
E   ModuleNotFoundError: No module named 'ttnn'
_ ERROR collecting tests/autogen_op/GLPN-KITTI/test_GLPN-KITTI_aten_rsub_Scalar.py _
ImportError while importing test module '/Users/Ajay17/pytorch2.0_ttnn/tests/autogen_op/GLPN-KITTI/test_GLPN-KITTI_aten_rsub_Scalar.py'.
Hint: make sure your test modules/packages have valid Python names.
Traceback:
../.pyenv/versions/3.11.10/lib/python3.11/importlib/__init__.py:126: in import_module
    return _bootstrap._gcd_import(name[level:], package, level)
           ^^^^^^^^^^^^^^^^^^^^^^^^^^^^^^^^^^^^^^^^^^^^^^^^^^^^
tests/autogen_op/GLPN-KITTI/test_GLPN-KITTI_aten_rsub_Scalar.py:8: in <module>
    import ttnn
E   ModuleNotFoundError: No module named 'ttnn'
_ ERROR collecting tests/autogen_op/GLPN-KITTI/test_GLPN-KITTI_aten_select_int.py _
ImportError while importing test module '/Users/Ajay17/pytorch2.0_ttnn/tests/autogen_op/GLPN-KITTI/test_GLPN-KITTI_aten_select_int.py'.
Hint: make sure your test modules/packages have valid Python names.
Traceback:
../.pyenv/versions/3.11.10/lib/python3.11/importlib/__init__.py:126: in import_module
    return _bootstrap._gcd_import(name[level:], package, level)
           ^^^^^^^^^^^^^^^^^^^^^^^^^^^^^^^^^^^^^^^^^^^^^^^^^^^^
tests/autogen_op/GLPN-KITTI/test_GLPN-KITTI_aten_select_int.py:8: in <module>
    import ttnn
E   ModuleNotFoundError: No module named 'ttnn'
_ ERROR collecting tests/autogen_op/GLPN-KITTI/test_GLPN-KITTI_aten_sigmoid_default.py _
ImportError while importing test module '/Users/Ajay17/pytorch2.0_ttnn/tests/autogen_op/GLPN-KITTI/test_GLPN-KITTI_aten_sigmoid_default.py'.
Hint: make sure your test modules/packages have valid Python names.
Traceback:
../.pyenv/versions/3.11.10/lib/python3.11/importlib/__init__.py:126: in import_module
    return _bootstrap._gcd_import(name[level:], package, level)
           ^^^^^^^^^^^^^^^^^^^^^^^^^^^^^^^^^^^^^^^^^^^^^^^^^^^^
tests/autogen_op/GLPN-KITTI/test_GLPN-KITTI_aten_sigmoid_default.py:8: in <module>
    import ttnn
E   ModuleNotFoundError: No module named 'ttnn'
_ ERROR collecting tests/autogen_op/GLPN-KITTI/test_GLPN-KITTI_aten_slice_Tensor.py _
ImportError while importing test module '/Users/Ajay17/pytorch2.0_ttnn/tests/autogen_op/GLPN-KITTI/test_GLPN-KITTI_aten_slice_Tensor.py'.
Hint: make sure your test modules/packages have valid Python names.
Traceback:
../.pyenv/versions/3.11.10/lib/python3.11/importlib/__init__.py:126: in import_module
    return _bootstrap._gcd_import(name[level:], package, level)
           ^^^^^^^^^^^^^^^^^^^^^^^^^^^^^^^^^^^^^^^^^^^^^^^^^^^^
tests/autogen_op/GLPN-KITTI/test_GLPN-KITTI_aten_slice_Tensor.py:8: in <module>
    import ttnn
E   ModuleNotFoundError: No module named 'ttnn'
_ ERROR collecting tests/autogen_op/GLPN-KITTI/test_GLPN-KITTI_aten_squeeze_dim.py _
ImportError while importing test module '/Users/Ajay17/pytorch2.0_ttnn/tests/autogen_op/GLPN-KITTI/test_GLPN-KITTI_aten_squeeze_dim.py'.
Hint: make sure your test modules/packages have valid Python names.
Traceback:
../.pyenv/versions/3.11.10/lib/python3.11/importlib/__init__.py:126: in import_module
    return _bootstrap._gcd_import(name[level:], package, level)
           ^^^^^^^^^^^^^^^^^^^^^^^^^^^^^^^^^^^^^^^^^^^^^^^^^^^^
tests/autogen_op/GLPN-KITTI/test_GLPN-KITTI_aten_squeeze_dim.py:8: in <module>
    import ttnn
E   ModuleNotFoundError: No module named 'ttnn'
_ ERROR collecting tests/autogen_op/GLPN-KITTI/test_GLPN-KITTI_aten_t_default.py _
ImportError while importing test module '/Users/Ajay17/pytorch2.0_ttnn/tests/autogen_op/GLPN-KITTI/test_GLPN-KITTI_aten_t_default.py'.
Hint: make sure your test modules/packages have valid Python names.
Traceback:
../.pyenv/versions/3.11.10/lib/python3.11/importlib/__init__.py:126: in import_module
    return _bootstrap._gcd_import(name[level:], package, level)
           ^^^^^^^^^^^^^^^^^^^^^^^^^^^^^^^^^^^^^^^^^^^^^^^^^^^^
tests/autogen_op/GLPN-KITTI/test_GLPN-KITTI_aten_t_default.py:8: in <module>
    import ttnn
E   ModuleNotFoundError: No module named 'ttnn'
_ ERROR collecting tests/autogen_op/GLPN-KITTI/test_GLPN-KITTI_aten_transpose_int.py _
ImportError while importing test module '/Users/Ajay17/pytorch2.0_ttnn/tests/autogen_op/GLPN-KITTI/test_GLPN-KITTI_aten_transpose_int.py'.
Hint: make sure your test modules/packages have valid Python names.
Traceback:
../.pyenv/versions/3.11.10/lib/python3.11/importlib/__init__.py:126: in import_module
    return _bootstrap._gcd_import(name[level:], package, level)
           ^^^^^^^^^^^^^^^^^^^^^^^^^^^^^^^^^^^^^^^^^^^^^^^^^^^^
tests/autogen_op/GLPN-KITTI/test_GLPN-KITTI_aten_transpose_int.py:8: in <module>
    import ttnn
E   ModuleNotFoundError: No module named 'ttnn'
_ ERROR collecting tests/autogen_op/GLPN-KITTI/test_GLPN-KITTI_aten_unsqueeze_default.py _
ImportError while importing test module '/Users/Ajay17/pytorch2.0_ttnn/tests/autogen_op/GLPN-KITTI/test_GLPN-KITTI_aten_unsqueeze_default.py'.
Hint: make sure your test modules/packages have valid Python names.
Traceback:
../.pyenv/versions/3.11.10/lib/python3.11/importlib/__init__.py:126: in import_module
    return _bootstrap._gcd_import(name[level:], package, level)
           ^^^^^^^^^^^^^^^^^^^^^^^^^^^^^^^^^^^^^^^^^^^^^^^^^^^^
tests/autogen_op/GLPN-KITTI/test_GLPN-KITTI_aten_unsqueeze_default.py:8: in <module>
    import ttnn
E   ModuleNotFoundError: No module named 'ttnn'
_ ERROR collecting tests/autogen_op/GLPN-KITTI/test_GLPN-KITTI_aten_view_default.py _
ImportError while importing test module '/Users/Ajay17/pytorch2.0_ttnn/tests/autogen_op/GLPN-KITTI/test_GLPN-KITTI_aten_view_default.py'.
Hint: make sure your test modules/packages have valid Python names.
Traceback:
../.pyenv/versions/3.11.10/lib/python3.11/importlib/__init__.py:126: in import_module
    return _bootstrap._gcd_import(name[level:], package, level)
           ^^^^^^^^^^^^^^^^^^^^^^^^^^^^^^^^^^^^^^^^^^^^^^^^^^^^
tests/autogen_op/GLPN-KITTI/test_GLPN-KITTI_aten_view_default.py:8: in <module>
    import ttnn
E   ModuleNotFoundError: No module named 'ttnn'
_ ERROR collecting tests/autogen_op/GPT-2/test_GPT-2_aten__softmax_default.py __
ImportError while importing test module '/Users/Ajay17/pytorch2.0_ttnn/tests/autogen_op/GPT-2/test_GPT-2_aten__softmax_default.py'.
Hint: make sure your test modules/packages have valid Python names.
Traceback:
../.pyenv/versions/3.11.10/lib/python3.11/importlib/__init__.py:126: in import_module
    return _bootstrap._gcd_import(name[level:], package, level)
           ^^^^^^^^^^^^^^^^^^^^^^^^^^^^^^^^^^^^^^^^^^^^^^^^^^^^
tests/autogen_op/GPT-2/test_GPT-2_aten__softmax_default.py:8: in <module>
    import ttnn
E   ModuleNotFoundError: No module named 'ttnn'
_ ERROR collecting tests/autogen_op/GPT-2/test_GPT-2_aten__to_copy_default.py __
ImportError while importing test module '/Users/Ajay17/pytorch2.0_ttnn/tests/autogen_op/GPT-2/test_GPT-2_aten__to_copy_default.py'.
Hint: make sure your test modules/packages have valid Python names.
Traceback:
../.pyenv/versions/3.11.10/lib/python3.11/importlib/__init__.py:126: in import_module
    return _bootstrap._gcd_import(name[level:], package, level)
           ^^^^^^^^^^^^^^^^^^^^^^^^^^^^^^^^^^^^^^^^^^^^^^^^^^^^
tests/autogen_op/GPT-2/test_GPT-2_aten__to_copy_default.py:8: in <module>
    import ttnn
E   ModuleNotFoundError: No module named 'ttnn'
____ ERROR collecting tests/autogen_op/GPT-2/test_GPT-2_aten_add_Tensor.py _____
ImportError while importing test module '/Users/Ajay17/pytorch2.0_ttnn/tests/autogen_op/GPT-2/test_GPT-2_aten_add_Tensor.py'.
Hint: make sure your test modules/packages have valid Python names.
Traceback:
../.pyenv/versions/3.11.10/lib/python3.11/importlib/__init__.py:126: in import_module
    return _bootstrap._gcd_import(name[level:], package, level)
           ^^^^^^^^^^^^^^^^^^^^^^^^^^^^^^^^^^^^^^^^^^^^^^^^^^^^
tests/autogen_op/GPT-2/test_GPT-2_aten_add_Tensor.py:8: in <module>
    import ttnn
E   ModuleNotFoundError: No module named 'ttnn'
___ ERROR collecting tests/autogen_op/GPT-2/test_GPT-2_aten_addmm_default.py ___
ImportError while importing test module '/Users/Ajay17/pytorch2.0_ttnn/tests/autogen_op/GPT-2/test_GPT-2_aten_addmm_default.py'.
Hint: make sure your test modules/packages have valid Python names.
Traceback:
../.pyenv/versions/3.11.10/lib/python3.11/importlib/__init__.py:126: in import_module
    return _bootstrap._gcd_import(name[level:], package, level)
           ^^^^^^^^^^^^^^^^^^^^^^^^^^^^^^^^^^^^^^^^^^^^^^^^^^^^
tests/autogen_op/GPT-2/test_GPT-2_aten_addmm_default.py:8: in <module>
    import ttnn
E   ModuleNotFoundError: No module named 'ttnn'
__ ERROR collecting tests/autogen_op/GPT-2/test_GPT-2_aten_argmax_default.py ___
ImportError while importing test module '/Users/Ajay17/pytorch2.0_ttnn/tests/autogen_op/GPT-2/test_GPT-2_aten_argmax_default.py'.
Hint: make sure your test modules/packages have valid Python names.
Traceback:
../.pyenv/versions/3.11.10/lib/python3.11/importlib/__init__.py:126: in import_module
    return _bootstrap._gcd_import(name[level:], package, level)
           ^^^^^^^^^^^^^^^^^^^^^^^^^^^^^^^^^^^^^^^^^^^^^^^^^^^^
tests/autogen_op/GPT-2/test_GPT-2_aten_argmax_default.py:8: in <module>
    import ttnn
E   ModuleNotFoundError: No module named 'ttnn'
____ ERROR collecting tests/autogen_op/GPT-2/test_GPT-2_aten_bmm_default.py ____
ImportError while importing test module '/Users/Ajay17/pytorch2.0_ttnn/tests/autogen_op/GPT-2/test_GPT-2_aten_bmm_default.py'.
Hint: make sure your test modules/packages have valid Python names.
Traceback:
../.pyenv/versions/3.11.10/lib/python3.11/importlib/__init__.py:126: in import_module
    return _bootstrap._gcd_import(name[level:], package, level)
           ^^^^^^^^^^^^^^^^^^^^^^^^^^^^^^^^^^^^^^^^^^^^^^^^^^^^
tests/autogen_op/GPT-2/test_GPT-2_aten_bmm_default.py:8: in <module>
    import ttnn
E   ModuleNotFoundError: No module named 'ttnn'
___ ERROR collecting tests/autogen_op/GPT-2/test_GPT-2_aten_clone_default.py ___
ImportError while importing test module '/Users/Ajay17/pytorch2.0_ttnn/tests/autogen_op/GPT-2/test_GPT-2_aten_clone_default.py'.
Hint: make sure your test modules/packages have valid Python names.
Traceback:
../.pyenv/versions/3.11.10/lib/python3.11/importlib/__init__.py:126: in import_module
    return _bootstrap._gcd_import(name[level:], package, level)
           ^^^^^^^^^^^^^^^^^^^^^^^^^^^^^^^^^^^^^^^^^^^^^^^^^^^^
tests/autogen_op/GPT-2/test_GPT-2_aten_clone_default.py:8: in <module>
    import ttnn
E   ModuleNotFoundError: No module named 'ttnn'
____ ERROR collecting tests/autogen_op/GPT-2/test_GPT-2_aten_div_Tensor.py _____
ImportError while importing test module '/Users/Ajay17/pytorch2.0_ttnn/tests/autogen_op/GPT-2/test_GPT-2_aten_div_Tensor.py'.
Hint: make sure your test modules/packages have valid Python names.
Traceback:
../.pyenv/versions/3.11.10/lib/python3.11/importlib/__init__.py:126: in import_module
    return _bootstrap._gcd_import(name[level:], package, level)
           ^^^^^^^^^^^^^^^^^^^^^^^^^^^^^^^^^^^^^^^^^^^^^^^^^^^^
tests/autogen_op/GPT-2/test_GPT-2_aten_div_Tensor.py:8: in <module>
    import ttnn
E   ModuleNotFoundError: No module named 'ttnn'
_ ERROR collecting tests/autogen_op/GPT-2/test_GPT-2_aten_embedding_default.py _
ImportError while importing test module '/Users/Ajay17/pytorch2.0_ttnn/tests/autogen_op/GPT-2/test_GPT-2_aten_embedding_default.py'.
Hint: make sure your test modules/packages have valid Python names.
Traceback:
../.pyenv/versions/3.11.10/lib/python3.11/importlib/__init__.py:126: in import_module
    return _bootstrap._gcd_import(name[level:], package, level)
           ^^^^^^^^^^^^^^^^^^^^^^^^^^^^^^^^^^^^^^^^^^^^^^^^^^^^
tests/autogen_op/GPT-2/test_GPT-2_aten_embedding_default.py:8: in <module>
    import ttnn
E   ModuleNotFoundError: No module named 'ttnn'
_____ ERROR collecting tests/autogen_op/GPT-2/test_GPT-2_aten_eq_Scalar.py _____
ImportError while importing test module '/Users/Ajay17/pytorch2.0_ttnn/tests/autogen_op/GPT-2/test_GPT-2_aten_eq_Scalar.py'.
Hint: make sure your test modules/packages have valid Python names.
Traceback:
../.pyenv/versions/3.11.10/lib/python3.11/importlib/__init__.py:126: in import_module
    return _bootstrap._gcd_import(name[level:], package, level)
           ^^^^^^^^^^^^^^^^^^^^^^^^^^^^^^^^^^^^^^^^^^^^^^^^^^^^
tests/autogen_op/GPT-2/test_GPT-2_aten_eq_Scalar.py:8: in <module>
    import ttnn
E   ModuleNotFoundError: No module named 'ttnn'
__ ERROR collecting tests/autogen_op/GPT-2/test_GPT-2_aten_expand_default.py ___
ImportError while importing test module '/Users/Ajay17/pytorch2.0_ttnn/tests/autogen_op/GPT-2/test_GPT-2_aten_expand_default.py'.
Hint: make sure your test modules/packages have valid Python names.
Traceback:
../.pyenv/versions/3.11.10/lib/python3.11/importlib/__init__.py:126: in import_module
    return _bootstrap._gcd_import(name[level:], package, level)
           ^^^^^^^^^^^^^^^^^^^^^^^^^^^^^^^^^^^^^^^^^^^^^^^^^^^^
tests/autogen_op/GPT-2/test_GPT-2_aten_expand_default.py:8: in <module>
    import ttnn
E   ModuleNotFoundError: No module named 'ttnn'
___ ERROR collecting tests/autogen_op/GPT-2/test_GPT-2_aten_full_default.py ____
ImportError while importing test module '/Users/Ajay17/pytorch2.0_ttnn/tests/autogen_op/GPT-2/test_GPT-2_aten_full_default.py'.
Hint: make sure your test modules/packages have valid Python names.
Traceback:
../.pyenv/versions/3.11.10/lib/python3.11/importlib/__init__.py:126: in import_module
    return _bootstrap._gcd_import(name[level:], package, level)
           ^^^^^^^^^^^^^^^^^^^^^^^^^^^^^^^^^^^^^^^^^^^^^^^^^^^^
tests/autogen_op/GPT-2/test_GPT-2_aten_full_default.py:8: in <module>
    import ttnn
E   ModuleNotFoundError: No module named 'ttnn'
___ ERROR collecting tests/autogen_op/GPT-2/test_GPT-2_aten_index_Tensor.py ____
ImportError while importing test module '/Users/Ajay17/pytorch2.0_ttnn/tests/autogen_op/GPT-2/test_GPT-2_aten_index_Tensor.py'.
Hint: make sure your test modules/packages have valid Python names.
Traceback:
../.pyenv/versions/3.11.10/lib/python3.11/importlib/__init__.py:126: in import_module
    return _bootstrap._gcd_import(name[level:], package, level)
           ^^^^^^^^^^^^^^^^^^^^^^^^^^^^^^^^^^^^^^^^^^^^^^^^^^^^
tests/autogen_op/GPT-2/test_GPT-2_aten_index_Tensor.py:8: in <module>
    import ttnn
E   ModuleNotFoundError: No module named 'ttnn'
____ ERROR collecting tests/autogen_op/GPT-2/test_GPT-2_aten_mm_default.py _____
ImportError while importing test module '/Users/Ajay17/pytorch2.0_ttnn/tests/autogen_op/GPT-2/test_GPT-2_aten_mm_default.py'.
Hint: make sure your test modules/packages have valid Python names.
Traceback:
../.pyenv/versions/3.11.10/lib/python3.11/importlib/__init__.py:126: in import_module
    return _bootstrap._gcd_import(name[level:], package, level)
           ^^^^^^^^^^^^^^^^^^^^^^^^^^^^^^^^^^^^^^^^^^^^^^^^^^^^
tests/autogen_op/GPT-2/test_GPT-2_aten_mm_default.py:8: in <module>
    import ttnn
E   ModuleNotFoundError: No module named 'ttnn'
____ ERROR collecting tests/autogen_op/GPT-2/test_GPT-2_aten_mul_Tensor.py _____
ImportError while importing test module '/Users/Ajay17/pytorch2.0_ttnn/tests/autogen_op/GPT-2/test_GPT-2_aten_mul_Tensor.py'.
Hint: make sure your test modules/packages have valid Python names.
Traceback:
../.pyenv/versions/3.11.10/lib/python3.11/importlib/__init__.py:126: in import_module
    return _bootstrap._gcd_import(name[level:], package, level)
           ^^^^^^^^^^^^^^^^^^^^^^^^^^^^^^^^^^^^^^^^^^^^^^^^^^^^
tests/autogen_op/GPT-2/test_GPT-2_aten_mul_Tensor.py:8: in <module>
    import ttnn
E   ModuleNotFoundError: No module named 'ttnn'
_ ERROR collecting tests/autogen_op/GPT-2/test_GPT-2_aten_native_layer_norm_default.py _
ImportError while importing test module '/Users/Ajay17/pytorch2.0_ttnn/tests/autogen_op/GPT-2/test_GPT-2_aten_native_layer_norm_default.py'.
Hint: make sure your test modules/packages have valid Python names.
Traceback:
../.pyenv/versions/3.11.10/lib/python3.11/importlib/__init__.py:126: in import_module
    return _bootstrap._gcd_import(name[level:], package, level)
           ^^^^^^^^^^^^^^^^^^^^^^^^^^^^^^^^^^^^^^^^^^^^^^^^^^^^
tests/autogen_op/GPT-2/test_GPT-2_aten_native_layer_norm_default.py:8: in <module>
    import ttnn
E   ModuleNotFoundError: No module named 'ttnn'
__ ERROR collecting tests/autogen_op/GPT-2/test_GPT-2_aten_permute_default.py __
ImportError while importing test module '/Users/Ajay17/pytorch2.0_ttnn/tests/autogen_op/GPT-2/test_GPT-2_aten_permute_default.py'.
Hint: make sure your test modules/packages have valid Python names.
Traceback:
../.pyenv/versions/3.11.10/lib/python3.11/importlib/__init__.py:126: in import_module
    return _bootstrap._gcd_import(name[level:], package, level)
           ^^^^^^^^^^^^^^^^^^^^^^^^^^^^^^^^^^^^^^^^^^^^^^^^^^^^
tests/autogen_op/GPT-2/test_GPT-2_aten_permute_default.py:8: in <module>
    import ttnn
E   ModuleNotFoundError: No module named 'ttnn'
_ ERROR collecting tests/autogen_op/GPT-2/test_GPT-2_aten_pow_Tensor_Scalar.py _
ImportError while importing test module '/Users/Ajay17/pytorch2.0_ttnn/tests/autogen_op/GPT-2/test_GPT-2_aten_pow_Tensor_Scalar.py'.
Hint: make sure your test modules/packages have valid Python names.
Traceback:
../.pyenv/versions/3.11.10/lib/python3.11/importlib/__init__.py:126: in import_module
    return _bootstrap._gcd_import(name[level:], package, level)
           ^^^^^^^^^^^^^^^^^^^^^^^^^^^^^^^^^^^^^^^^^^^^^^^^^^^^
tests/autogen_op/GPT-2/test_GPT-2_aten_pow_Tensor_Scalar.py:8: in <module>
    import ttnn
E   ModuleNotFoundError: No module named 'ttnn'
_ ERROR collecting tests/autogen_op/GPT-2/test_GPT-2_aten_remainder_Scalar.py __
ImportError while importing test module '/Users/Ajay17/pytorch2.0_ttnn/tests/autogen_op/GPT-2/test_GPT-2_aten_remainder_Scalar.py'.
Hint: make sure your test modules/packages have valid Python names.
Traceback:
../.pyenv/versions/3.11.10/lib/python3.11/importlib/__init__.py:126: in import_module
    return _bootstrap._gcd_import(name[level:], package, level)
           ^^^^^^^^^^^^^^^^^^^^^^^^^^^^^^^^^^^^^^^^^^^^^^^^^^^^
tests/autogen_op/GPT-2/test_GPT-2_aten_remainder_Scalar.py:8: in <module>
    import ttnn
E   ModuleNotFoundError: No module named 'ttnn'
____ ERROR collecting tests/autogen_op/GPT-2/test_GPT-2_aten_rsub_Scalar.py ____
ImportError while importing test module '/Users/Ajay17/pytorch2.0_ttnn/tests/autogen_op/GPT-2/test_GPT-2_aten_rsub_Scalar.py'.
Hint: make sure your test modules/packages have valid Python names.
Traceback:
../.pyenv/versions/3.11.10/lib/python3.11/importlib/__init__.py:126: in import_module
    return _bootstrap._gcd_import(name[level:], package, level)
           ^^^^^^^^^^^^^^^^^^^^^^^^^^^^^^^^^^^^^^^^^^^^^^^^^^^^
tests/autogen_op/GPT-2/test_GPT-2_aten_rsub_Scalar.py:8: in <module>
    import ttnn
E   ModuleNotFoundError: No module named 'ttnn'
___ ERROR collecting tests/autogen_op/GPT-2/test_GPT-2_aten_slice_Tensor.py ____
ImportError while importing test module '/Users/Ajay17/pytorch2.0_ttnn/tests/autogen_op/GPT-2/test_GPT-2_aten_slice_Tensor.py'.
Hint: make sure your test modules/packages have valid Python names.
Traceback:
../.pyenv/versions/3.11.10/lib/python3.11/importlib/__init__.py:126: in import_module
    return _bootstrap._gcd_import(name[level:], package, level)
           ^^^^^^^^^^^^^^^^^^^^^^^^^^^^^^^^^^^^^^^^^^^^^^^^^^^^
tests/autogen_op/GPT-2/test_GPT-2_aten_slice_Tensor.py:8: in <module>
    import ttnn
E   ModuleNotFoundError: No module named 'ttnn'
___ ERROR collecting tests/autogen_op/GPT-2/test_GPT-2_aten_split_Tensor.py ____
ImportError while importing test module '/Users/Ajay17/pytorch2.0_ttnn/tests/autogen_op/GPT-2/test_GPT-2_aten_split_Tensor.py'.
Hint: make sure your test modules/packages have valid Python names.
Traceback:
../.pyenv/versions/3.11.10/lib/python3.11/importlib/__init__.py:126: in import_module
    return _bootstrap._gcd_import(name[level:], package, level)
           ^^^^^^^^^^^^^^^^^^^^^^^^^^^^^^^^^^^^^^^^^^^^^^^^^^^^
tests/autogen_op/GPT-2/test_GPT-2_aten_split_Tensor.py:8: in <module>
    import ttnn
E   ModuleNotFoundError: No module named 'ttnn'
____ ERROR collecting tests/autogen_op/GPT-2/test_GPT-2_aten_sub_Tensor.py _____
ImportError while importing test module '/Users/Ajay17/pytorch2.0_ttnn/tests/autogen_op/GPT-2/test_GPT-2_aten_sub_Tensor.py'.
Hint: make sure your test modules/packages have valid Python names.
Traceback:
../.pyenv/versions/3.11.10/lib/python3.11/importlib/__init__.py:126: in import_module
    return _bootstrap._gcd_import(name[level:], package, level)
           ^^^^^^^^^^^^^^^^^^^^^^^^^^^^^^^^^^^^^^^^^^^^^^^^^^^^
tests/autogen_op/GPT-2/test_GPT-2_aten_sub_Tensor.py:8: in <module>
    import ttnn
E   ModuleNotFoundError: No module named 'ttnn'
_____ ERROR collecting tests/autogen_op/GPT-2/test_GPT-2_aten_t_default.py _____
ImportError while importing test module '/Users/Ajay17/pytorch2.0_ttnn/tests/autogen_op/GPT-2/test_GPT-2_aten_t_default.py'.
Hint: make sure your test modules/packages have valid Python names.
Traceback:
../.pyenv/versions/3.11.10/lib/python3.11/importlib/__init__.py:126: in import_module
    return _bootstrap._gcd_import(name[level:], package, level)
           ^^^^^^^^^^^^^^^^^^^^^^^^^^^^^^^^^^^^^^^^^^^^^^^^^^^^
tests/autogen_op/GPT-2/test_GPT-2_aten_t_default.py:8: in <module>
    import ttnn
E   ModuleNotFoundError: No module named 'ttnn'
___ ERROR collecting tests/autogen_op/GPT-2/test_GPT-2_aten_tanh_default.py ____
ImportError while importing test module '/Users/Ajay17/pytorch2.0_ttnn/tests/autogen_op/GPT-2/test_GPT-2_aten_tanh_default.py'.
Hint: make sure your test modules/packages have valid Python names.
Traceback:
../.pyenv/versions/3.11.10/lib/python3.11/importlib/__init__.py:126: in import_module
    return _bootstrap._gcd_import(name[level:], package, level)
           ^^^^^^^^^^^^^^^^^^^^^^^^^^^^^^^^^^^^^^^^^^^^^^^^^^^^
tests/autogen_op/GPT-2/test_GPT-2_aten_tanh_default.py:8: in <module>
    import ttnn
E   ModuleNotFoundError: No module named 'ttnn'
___ ERROR collecting tests/autogen_op/GPT-2/test_GPT-2_aten_transpose_int.py ___
ImportError while importing test module '/Users/Ajay17/pytorch2.0_ttnn/tests/autogen_op/GPT-2/test_GPT-2_aten_transpose_int.py'.
Hint: make sure your test modules/packages have valid Python names.
Traceback:
../.pyenv/versions/3.11.10/lib/python3.11/importlib/__init__.py:126: in import_module
    return _bootstrap._gcd_import(name[level:], package, level)
           ^^^^^^^^^^^^^^^^^^^^^^^^^^^^^^^^^^^^^^^^^^^^^^^^^^^^
tests/autogen_op/GPT-2/test_GPT-2_aten_transpose_int.py:8: in <module>
    import ttnn
E   ModuleNotFoundError: No module named 'ttnn'
_ ERROR collecting tests/autogen_op/GPT-2/test_GPT-2_aten_unsqueeze_default.py _
ImportError while importing test module '/Users/Ajay17/pytorch2.0_ttnn/tests/autogen_op/GPT-2/test_GPT-2_aten_unsqueeze_default.py'.
Hint: make sure your test modules/packages have valid Python names.
Traceback:
../.pyenv/versions/3.11.10/lib/python3.11/importlib/__init__.py:126: in import_module
    return _bootstrap._gcd_import(name[level:], package, level)
           ^^^^^^^^^^^^^^^^^^^^^^^^^^^^^^^^^^^^^^^^^^^^^^^^^^^^
tests/autogen_op/GPT-2/test_GPT-2_aten_unsqueeze_default.py:8: in <module>
    import ttnn
E   ModuleNotFoundError: No module named 'ttnn'
___ ERROR collecting tests/autogen_op/GPT-2/test_GPT-2_aten_view_default.py ____
ImportError while importing test module '/Users/Ajay17/pytorch2.0_ttnn/tests/autogen_op/GPT-2/test_GPT-2_aten_view_default.py'.
Hint: make sure your test modules/packages have valid Python names.
Traceback:
../.pyenv/versions/3.11.10/lib/python3.11/importlib/__init__.py:126: in import_module
    return _bootstrap._gcd_import(name[level:], package, level)
           ^^^^^^^^^^^^^^^^^^^^^^^^^^^^^^^^^^^^^^^^^^^^^^^^^^^^
tests/autogen_op/GPT-2/test_GPT-2_aten_view_default.py:8: in <module>
    import ttnn
E   ModuleNotFoundError: No module named 'ttnn'
____ ERROR collecting tests/autogen_op/GPT-2/test_GPT-2_aten_where_self.py _____
ImportError while importing test module '/Users/Ajay17/pytorch2.0_ttnn/tests/autogen_op/GPT-2/test_GPT-2_aten_where_self.py'.
Hint: make sure your test modules/packages have valid Python names.
Traceback:
../.pyenv/versions/3.11.10/lib/python3.11/importlib/__init__.py:126: in import_module
    return _bootstrap._gcd_import(name[level:], package, level)
           ^^^^^^^^^^^^^^^^^^^^^^^^^^^^^^^^^^^^^^^^^^^^^^^^^^^^
tests/autogen_op/GPT-2/test_GPT-2_aten_where_self.py:8: in <module>
    import ttnn
E   ModuleNotFoundError: No module named 'ttnn'
_ ERROR collecting tests/autogen_op/GPTNeo/test_GPTNeo_aten__softmax_default.py _
ImportError while importing test module '/Users/Ajay17/pytorch2.0_ttnn/tests/autogen_op/GPTNeo/test_GPTNeo_aten__softmax_default.py'.
Hint: make sure your test modules/packages have valid Python names.
Traceback:
../.pyenv/versions/3.11.10/lib/python3.11/importlib/__init__.py:126: in import_module
    return _bootstrap._gcd_import(name[level:], package, level)
           ^^^^^^^^^^^^^^^^^^^^^^^^^^^^^^^^^^^^^^^^^^^^^^^^^^^^
tests/autogen_op/GPTNeo/test_GPTNeo_aten__softmax_default.py:8: in <module>
    import ttnn
E   ModuleNotFoundError: No module named 'ttnn'
_ ERROR collecting tests/autogen_op/GPTNeo/test_GPTNeo_aten__to_copy_default.py _
ImportError while importing test module '/Users/Ajay17/pytorch2.0_ttnn/tests/autogen_op/GPTNeo/test_GPTNeo_aten__to_copy_default.py'.
Hint: make sure your test modules/packages have valid Python names.
Traceback:
../.pyenv/versions/3.11.10/lib/python3.11/importlib/__init__.py:126: in import_module
    return _bootstrap._gcd_import(name[level:], package, level)
           ^^^^^^^^^^^^^^^^^^^^^^^^^^^^^^^^^^^^^^^^^^^^^^^^^^^^
tests/autogen_op/GPTNeo/test_GPTNeo_aten__to_copy_default.py:8: in <module>
    import ttnn
E   ModuleNotFoundError: No module named 'ttnn'
___ ERROR collecting tests/autogen_op/GPTNeo/test_GPTNeo_aten_add_Tensor.py ____
ImportError while importing test module '/Users/Ajay17/pytorch2.0_ttnn/tests/autogen_op/GPTNeo/test_GPTNeo_aten_add_Tensor.py'.
Hint: make sure your test modules/packages have valid Python names.
Traceback:
../.pyenv/versions/3.11.10/lib/python3.11/importlib/__init__.py:126: in import_module
    return _bootstrap._gcd_import(name[level:], package, level)
           ^^^^^^^^^^^^^^^^^^^^^^^^^^^^^^^^^^^^^^^^^^^^^^^^^^^^
tests/autogen_op/GPTNeo/test_GPTNeo_aten_add_Tensor.py:8: in <module>
    import ttnn
E   ModuleNotFoundError: No module named 'ttnn'
__ ERROR collecting tests/autogen_op/GPTNeo/test_GPTNeo_aten_addmm_default.py __
ImportError while importing test module '/Users/Ajay17/pytorch2.0_ttnn/tests/autogen_op/GPTNeo/test_GPTNeo_aten_addmm_default.py'.
Hint: make sure your test modules/packages have valid Python names.
Traceback:
../.pyenv/versions/3.11.10/lib/python3.11/importlib/__init__.py:126: in import_module
    return _bootstrap._gcd_import(name[level:], package, level)
           ^^^^^^^^^^^^^^^^^^^^^^^^^^^^^^^^^^^^^^^^^^^^^^^^^^^^
tests/autogen_op/GPTNeo/test_GPTNeo_aten_addmm_default.py:8: in <module>
    import ttnn
E   ModuleNotFoundError: No module named 'ttnn'
___ ERROR collecting tests/autogen_op/GPTNeo/test_GPTNeo_aten_bmm_default.py ___
ImportError while importing test module '/Users/Ajay17/pytorch2.0_ttnn/tests/autogen_op/GPTNeo/test_GPTNeo_aten_bmm_default.py'.
Hint: make sure your test modules/packages have valid Python names.
Traceback:
../.pyenv/versions/3.11.10/lib/python3.11/importlib/__init__.py:126: in import_module
    return _bootstrap._gcd_import(name[level:], package, level)
           ^^^^^^^^^^^^^^^^^^^^^^^^^^^^^^^^^^^^^^^^^^^^^^^^^^^^
tests/autogen_op/GPTNeo/test_GPTNeo_aten_bmm_default.py:8: in <module>
    import ttnn
E   ModuleNotFoundError: No module named 'ttnn'
___ ERROR collecting tests/autogen_op/GPTNeo/test_GPTNeo_aten_cat_default.py ___
ImportError while importing test module '/Users/Ajay17/pytorch2.0_ttnn/tests/autogen_op/GPTNeo/test_GPTNeo_aten_cat_default.py'.
Hint: make sure your test modules/packages have valid Python names.
Traceback:
../.pyenv/versions/3.11.10/lib/python3.11/importlib/__init__.py:126: in import_module
    return _bootstrap._gcd_import(name[level:], package, level)
           ^^^^^^^^^^^^^^^^^^^^^^^^^^^^^^^^^^^^^^^^^^^^^^^^^^^^
tests/autogen_op/GPTNeo/test_GPTNeo_aten_cat_default.py:8: in <module>
    import ttnn
E   ModuleNotFoundError: No module named 'ttnn'
__ ERROR collecting tests/autogen_op/GPTNeo/test_GPTNeo_aten_clone_default.py __
ImportError while importing test module '/Users/Ajay17/pytorch2.0_ttnn/tests/autogen_op/GPTNeo/test_GPTNeo_aten_clone_default.py'.
Hint: make sure your test modules/packages have valid Python names.
Traceback:
../.pyenv/versions/3.11.10/lib/python3.11/importlib/__init__.py:126: in import_module
    return _bootstrap._gcd_import(name[level:], package, level)
           ^^^^^^^^^^^^^^^^^^^^^^^^^^^^^^^^^^^^^^^^^^^^^^^^^^^^
tests/autogen_op/GPTNeo/test_GPTNeo_aten_clone_default.py:8: in <module>
    import ttnn
E   ModuleNotFoundError: No module named 'ttnn'
_ ERROR collecting tests/autogen_op/GPTNeo/test_GPTNeo_aten_cumsum_default.py __
ImportError while importing test module '/Users/Ajay17/pytorch2.0_ttnn/tests/autogen_op/GPTNeo/test_GPTNeo_aten_cumsum_default.py'.
Hint: make sure your test modules/packages have valid Python names.
Traceback:
../.pyenv/versions/3.11.10/lib/python3.11/importlib/__init__.py:126: in import_module
    return _bootstrap._gcd_import(name[level:], package, level)
           ^^^^^^^^^^^^^^^^^^^^^^^^^^^^^^^^^^^^^^^^^^^^^^^^^^^^
tests/autogen_op/GPTNeo/test_GPTNeo_aten_cumsum_default.py:8: in <module>
    import ttnn
E   ModuleNotFoundError: No module named 'ttnn'
___ ERROR collecting tests/autogen_op/GPTNeo/test_GPTNeo_aten_div_Tensor.py ____
ImportError while importing test module '/Users/Ajay17/pytorch2.0_ttnn/tests/autogen_op/GPTNeo/test_GPTNeo_aten_div_Tensor.py'.
Hint: make sure your test modules/packages have valid Python names.
Traceback:
../.pyenv/versions/3.11.10/lib/python3.11/importlib/__init__.py:126: in import_module
    return _bootstrap._gcd_import(name[level:], package, level)
           ^^^^^^^^^^^^^^^^^^^^^^^^^^^^^^^^^^^^^^^^^^^^^^^^^^^^
tests/autogen_op/GPTNeo/test_GPTNeo_aten_div_Tensor.py:8: in <module>
    import ttnn
E   ModuleNotFoundError: No module named 'ttnn'
_ ERROR collecting tests/autogen_op/GPTNeo/test_GPTNeo_aten_embedding_default.py _
ImportError while importing test module '/Users/Ajay17/pytorch2.0_ttnn/tests/autogen_op/GPTNeo/test_GPTNeo_aten_embedding_default.py'.
Hint: make sure your test modules/packages have valid Python names.
Traceback:
../.pyenv/versions/3.11.10/lib/python3.11/importlib/__init__.py:126: in import_module
    return _bootstrap._gcd_import(name[level:], package, level)
           ^^^^^^^^^^^^^^^^^^^^^^^^^^^^^^^^^^^^^^^^^^^^^^^^^^^^
tests/autogen_op/GPTNeo/test_GPTNeo_aten_embedding_default.py:8: in <module>
    import ttnn
E   ModuleNotFoundError: No module named 'ttnn'
____ ERROR collecting tests/autogen_op/GPTNeo/test_GPTNeo_aten_eq_Scalar.py ____
ImportError while importing test module '/Users/Ajay17/pytorch2.0_ttnn/tests/autogen_op/GPTNeo/test_GPTNeo_aten_eq_Scalar.py'.
Hint: make sure your test modules/packages have valid Python names.
Traceback:
../.pyenv/versions/3.11.10/lib/python3.11/importlib/__init__.py:126: in import_module
    return _bootstrap._gcd_import(name[level:], package, level)
           ^^^^^^^^^^^^^^^^^^^^^^^^^^^^^^^^^^^^^^^^^^^^^^^^^^^^
tests/autogen_op/GPTNeo/test_GPTNeo_aten_eq_Scalar.py:8: in <module>
    import ttnn
E   ModuleNotFoundError: No module named 'ttnn'
_ ERROR collecting tests/autogen_op/GPTNeo/test_GPTNeo_aten_expand_default.py __
ImportError while importing test module '/Users/Ajay17/pytorch2.0_ttnn/tests/autogen_op/GPTNeo/test_GPTNeo_aten_expand_default.py'.
Hint: make sure your test modules/packages have valid Python names.
Traceback:
../.pyenv/versions/3.11.10/lib/python3.11/importlib/__init__.py:126: in import_module
    return _bootstrap._gcd_import(name[level:], package, level)
           ^^^^^^^^^^^^^^^^^^^^^^^^^^^^^^^^^^^^^^^^^^^^^^^^^^^^
tests/autogen_op/GPTNeo/test_GPTNeo_aten_expand_default.py:8: in <module>
    import ttnn
E   ModuleNotFoundError: No module named 'ttnn'
__ ERROR collecting tests/autogen_op/GPTNeo/test_GPTNeo_aten_full_default.py ___
ImportError while importing test module '/Users/Ajay17/pytorch2.0_ttnn/tests/autogen_op/GPTNeo/test_GPTNeo_aten_full_default.py'.
Hint: make sure your test modules/packages have valid Python names.
Traceback:
../.pyenv/versions/3.11.10/lib/python3.11/importlib/__init__.py:126: in import_module
    return _bootstrap._gcd_import(name[level:], package, level)
           ^^^^^^^^^^^^^^^^^^^^^^^^^^^^^^^^^^^^^^^^^^^^^^^^^^^^
tests/autogen_op/GPTNeo/test_GPTNeo_aten_full_default.py:8: in <module>
    import ttnn
E   ModuleNotFoundError: No module named 'ttnn'
____ ERROR collecting tests/autogen_op/GPTNeo/test_GPTNeo_aten_gt_Scalar.py ____
ImportError while importing test module '/Users/Ajay17/pytorch2.0_ttnn/tests/autogen_op/GPTNeo/test_GPTNeo_aten_gt_Scalar.py'.
Hint: make sure your test modules/packages have valid Python names.
Traceback:
../.pyenv/versions/3.11.10/lib/python3.11/importlib/__init__.py:126: in import_module
    return _bootstrap._gcd_import(name[level:], package, level)
           ^^^^^^^^^^^^^^^^^^^^^^^^^^^^^^^^^^^^^^^^^^^^^^^^^^^^
tests/autogen_op/GPTNeo/test_GPTNeo_aten_gt_Scalar.py:8: in <module>
    import ttnn
E   ModuleNotFoundError: No module named 'ttnn'
____ ERROR collecting tests/autogen_op/GPTNeo/test_GPTNeo_aten_lt_Tensor.py ____
ImportError while importing test module '/Users/Ajay17/pytorch2.0_ttnn/tests/autogen_op/GPTNeo/test_GPTNeo_aten_lt_Tensor.py'.
Hint: make sure your test modules/packages have valid Python names.
Traceback:
../.pyenv/versions/3.11.10/lib/python3.11/importlib/__init__.py:126: in import_module
    return _bootstrap._gcd_import(name[level:], package, level)
           ^^^^^^^^^^^^^^^^^^^^^^^^^^^^^^^^^^^^^^^^^^^^^^^^^^^^
tests/autogen_op/GPTNeo/test_GPTNeo_aten_lt_Tensor.py:8: in <module>
    import ttnn
E   ModuleNotFoundError: No module named 'ttnn'
_ ERROR collecting tests/autogen_op/GPTNeo/test_GPTNeo_aten_masked_fill_Scalar.py _
ImportError while importing test module '/Users/Ajay17/pytorch2.0_ttnn/tests/autogen_op/GPTNeo/test_GPTNeo_aten_masked_fill_Scalar.py'.
Hint: make sure your test modules/packages have valid Python names.
Traceback:
../.pyenv/versions/3.11.10/lib/python3.11/importlib/__init__.py:126: in import_module
    return _bootstrap._gcd_import(name[level:], package, level)
           ^^^^^^^^^^^^^^^^^^^^^^^^^^^^^^^^^^^^^^^^^^^^^^^^^^^^
tests/autogen_op/GPTNeo/test_GPTNeo_aten_masked_fill_Scalar.py:8: in <module>
    import ttnn
E   ModuleNotFoundError: No module named 'ttnn'
___ ERROR collecting tests/autogen_op/GPTNeo/test_GPTNeo_aten_mm_default.py ____
ImportError while importing test module '/Users/Ajay17/pytorch2.0_ttnn/tests/autogen_op/GPTNeo/test_GPTNeo_aten_mm_default.py'.
Hint: make sure your test modules/packages have valid Python names.
Traceback:
../.pyenv/versions/3.11.10/lib/python3.11/importlib/__init__.py:126: in import_module
    return _bootstrap._gcd_import(name[level:], package, level)
           ^^^^^^^^^^^^^^^^^^^^^^^^^^^^^^^^^^^^^^^^^^^^^^^^^^^^
tests/autogen_op/GPTNeo/test_GPTNeo_aten_mm_default.py:8: in <module>
    import ttnn
E   ModuleNotFoundError: No module named 'ttnn'
___ ERROR collecting tests/autogen_op/GPTNeo/test_GPTNeo_aten_mul_Tensor.py ____
ImportError while importing test module '/Users/Ajay17/pytorch2.0_ttnn/tests/autogen_op/GPTNeo/test_GPTNeo_aten_mul_Tensor.py'.
Hint: make sure your test modules/packages have valid Python names.
Traceback:
../.pyenv/versions/3.11.10/lib/python3.11/importlib/__init__.py:126: in import_module
    return _bootstrap._gcd_import(name[level:], package, level)
           ^^^^^^^^^^^^^^^^^^^^^^^^^^^^^^^^^^^^^^^^^^^^^^^^^^^^
tests/autogen_op/GPTNeo/test_GPTNeo_aten_mul_Tensor.py:8: in <module>
    import ttnn
E   ModuleNotFoundError: No module named 'ttnn'
_ ERROR collecting tests/autogen_op/GPTNeo/test_GPTNeo_aten_native_layer_norm_default.py _
ImportError while importing test module '/Users/Ajay17/pytorch2.0_ttnn/tests/autogen_op/GPTNeo/test_GPTNeo_aten_native_layer_norm_default.py'.
Hint: make sure your test modules/packages have valid Python names.
Traceback:
../.pyenv/versions/3.11.10/lib/python3.11/importlib/__init__.py:126: in import_module
    return _bootstrap._gcd_import(name[level:], package, level)
           ^^^^^^^^^^^^^^^^^^^^^^^^^^^^^^^^^^^^^^^^^^^^^^^^^^^^
tests/autogen_op/GPTNeo/test_GPTNeo_aten_native_layer_norm_default.py:8: in <module>
    import ttnn
E   ModuleNotFoundError: No module named 'ttnn'
_ ERROR collecting tests/autogen_op/GPTNeo/test_GPTNeo_aten_new_ones_default.py _
ImportError while importing test module '/Users/Ajay17/pytorch2.0_ttnn/tests/autogen_op/GPTNeo/test_GPTNeo_aten_new_ones_default.py'.
Hint: make sure your test modules/packages have valid Python names.
Traceback:
../.pyenv/versions/3.11.10/lib/python3.11/importlib/__init__.py:126: in import_module
    return _bootstrap._gcd_import(name[level:], package, level)
           ^^^^^^^^^^^^^^^^^^^^^^^^^^^^^^^^^^^^^^^^^^^^^^^^^^^^
tests/autogen_op/GPTNeo/test_GPTNeo_aten_new_ones_default.py:8: in <module>
    import ttnn
E   ModuleNotFoundError: No module named 'ttnn'
_ ERROR collecting tests/autogen_op/GPTNeo/test_GPTNeo_aten_permute_default.py _
ImportError while importing test module '/Users/Ajay17/pytorch2.0_ttnn/tests/autogen_op/GPTNeo/test_GPTNeo_aten_permute_default.py'.
Hint: make sure your test modules/packages have valid Python names.
Traceback:
../.pyenv/versions/3.11.10/lib/python3.11/importlib/__init__.py:126: in import_module
    return _bootstrap._gcd_import(name[level:], package, level)
           ^^^^^^^^^^^^^^^^^^^^^^^^^^^^^^^^^^^^^^^^^^^^^^^^^^^^
tests/autogen_op/GPTNeo/test_GPTNeo_aten_permute_default.py:8: in <module>
    import ttnn
E   ModuleNotFoundError: No module named 'ttnn'
_ ERROR collecting tests/autogen_op/GPTNeo/test_GPTNeo_aten_pow_Tensor_Scalar.py _
ImportError while importing test module '/Users/Ajay17/pytorch2.0_ttnn/tests/autogen_op/GPTNeo/test_GPTNeo_aten_pow_Tensor_Scalar.py'.
Hint: make sure your test modules/packages have valid Python names.
Traceback:
../.pyenv/versions/3.11.10/lib/python3.11/importlib/__init__.py:126: in import_module
    return _bootstrap._gcd_import(name[level:], package, level)
           ^^^^^^^^^^^^^^^^^^^^^^^^^^^^^^^^^^^^^^^^^^^^^^^^^^^^
tests/autogen_op/GPTNeo/test_GPTNeo_aten_pow_Tensor_Scalar.py:8: in <module>
    import ttnn
E   ModuleNotFoundError: No module named 'ttnn'
___ ERROR collecting tests/autogen_op/GPTNeo/test_GPTNeo_aten_rsub_Scalar.py ___
ImportError while importing test module '/Users/Ajay17/pytorch2.0_ttnn/tests/autogen_op/GPTNeo/test_GPTNeo_aten_rsub_Scalar.py'.
Hint: make sure your test modules/packages have valid Python names.
Traceback:
../.pyenv/versions/3.11.10/lib/python3.11/importlib/__init__.py:126: in import_module
    return _bootstrap._gcd_import(name[level:], package, level)
           ^^^^^^^^^^^^^^^^^^^^^^^^^^^^^^^^^^^^^^^^^^^^^^^^^^^^
tests/autogen_op/GPTNeo/test_GPTNeo_aten_rsub_Scalar.py:8: in <module>
    import ttnn
E   ModuleNotFoundError: No module named 'ttnn'
___ ERROR collecting tests/autogen_op/GPTNeo/test_GPTNeo_aten_select_int.py ____
ImportError while importing test module '/Users/Ajay17/pytorch2.0_ttnn/tests/autogen_op/GPTNeo/test_GPTNeo_aten_select_int.py'.
Hint: make sure your test modules/packages have valid Python names.
Traceback:
../.pyenv/versions/3.11.10/lib/python3.11/importlib/__init__.py:126: in import_module
    return _bootstrap._gcd_import(name[level:], package, level)
           ^^^^^^^^^^^^^^^^^^^^^^^^^^^^^^^^^^^^^^^^^^^^^^^^^^^^
tests/autogen_op/GPTNeo/test_GPTNeo_aten_select_int.py:8: in <module>
    import ttnn
E   ModuleNotFoundError: No module named 'ttnn'
__ ERROR collecting tests/autogen_op/GPTNeo/test_GPTNeo_aten_slice_Tensor.py ___
ImportError while importing test module '/Users/Ajay17/pytorch2.0_ttnn/tests/autogen_op/GPTNeo/test_GPTNeo_aten_slice_Tensor.py'.
Hint: make sure your test modules/packages have valid Python names.
Traceback:
../.pyenv/versions/3.11.10/lib/python3.11/importlib/__init__.py:126: in import_module
    return _bootstrap._gcd_import(name[level:], package, level)
           ^^^^^^^^^^^^^^^^^^^^^^^^^^^^^^^^^^^^^^^^^^^^^^^^^^^^
tests/autogen_op/GPTNeo/test_GPTNeo_aten_slice_Tensor.py:8: in <module>
    import ttnn
E   ModuleNotFoundError: No module named 'ttnn'
___ ERROR collecting tests/autogen_op/GPTNeo/test_GPTNeo_aten_sub_Tensor.py ____
ImportError while importing test module '/Users/Ajay17/pytorch2.0_ttnn/tests/autogen_op/GPTNeo/test_GPTNeo_aten_sub_Tensor.py'.
Hint: make sure your test modules/packages have valid Python names.
Traceback:
../.pyenv/versions/3.11.10/lib/python3.11/importlib/__init__.py:126: in import_module
    return _bootstrap._gcd_import(name[level:], package, level)
           ^^^^^^^^^^^^^^^^^^^^^^^^^^^^^^^^^^^^^^^^^^^^^^^^^^^^
tests/autogen_op/GPTNeo/test_GPTNeo_aten_sub_Tensor.py:8: in <module>
    import ttnn
E   ModuleNotFoundError: No module named 'ttnn'
___ ERROR collecting tests/autogen_op/GPTNeo/test_GPTNeo_aten_sum_default.py ___
ImportError while importing test module '/Users/Ajay17/pytorch2.0_ttnn/tests/autogen_op/GPTNeo/test_GPTNeo_aten_sum_default.py'.
Hint: make sure your test modules/packages have valid Python names.
Traceback:
../.pyenv/versions/3.11.10/lib/python3.11/importlib/__init__.py:126: in import_module
    return _bootstrap._gcd_import(name[level:], package, level)
           ^^^^^^^^^^^^^^^^^^^^^^^^^^^^^^^^^^^^^^^^^^^^^^^^^^^^
tests/autogen_op/GPTNeo/test_GPTNeo_aten_sum_default.py:8: in <module>
    import ttnn
E   ModuleNotFoundError: No module named 'ttnn'
__ ERROR collecting tests/autogen_op/GPTNeo/test_GPTNeo_aten_sym_size_int.py ___
ImportError while importing test module '/Users/Ajay17/pytorch2.0_ttnn/tests/autogen_op/GPTNeo/test_GPTNeo_aten_sym_size_int.py'.
Hint: make sure your test modules/packages have valid Python names.
Traceback:
../.pyenv/versions/3.11.10/lib/python3.11/importlib/__init__.py:126: in import_module
    return _bootstrap._gcd_import(name[level:], package, level)
           ^^^^^^^^^^^^^^^^^^^^^^^^^^^^^^^^^^^^^^^^^^^^^^^^^^^^
tests/autogen_op/GPTNeo/test_GPTNeo_aten_sym_size_int.py:8: in <module>
    import ttnn
E   ModuleNotFoundError: No module named 'ttnn'
____ ERROR collecting tests/autogen_op/GPTNeo/test_GPTNeo_aten_t_default.py ____
ImportError while importing test module '/Users/Ajay17/pytorch2.0_ttnn/tests/autogen_op/GPTNeo/test_GPTNeo_aten_t_default.py'.
Hint: make sure your test modules/packages have valid Python names.
Traceback:
../.pyenv/versions/3.11.10/lib/python3.11/importlib/__init__.py:126: in import_module
    return _bootstrap._gcd_import(name[level:], package, level)
           ^^^^^^^^^^^^^^^^^^^^^^^^^^^^^^^^^^^^^^^^^^^^^^^^^^^^
tests/autogen_op/GPTNeo/test_GPTNeo_aten_t_default.py:8: in <module>
    import ttnn
E   ModuleNotFoundError: No module named 'ttnn'
__ ERROR collecting tests/autogen_op/GPTNeo/test_GPTNeo_aten_tanh_default.py ___
ImportError while importing test module '/Users/Ajay17/pytorch2.0_ttnn/tests/autogen_op/GPTNeo/test_GPTNeo_aten_tanh_default.py'.
Hint: make sure your test modules/packages have valid Python names.
Traceback:
../.pyenv/versions/3.11.10/lib/python3.11/importlib/__init__.py:126: in import_module
    return _bootstrap._gcd_import(name[level:], package, level)
           ^^^^^^^^^^^^^^^^^^^^^^^^^^^^^^^^^^^^^^^^^^^^^^^^^^^^
tests/autogen_op/GPTNeo/test_GPTNeo_aten_tanh_default.py:8: in <module>
    import ttnn
E   ModuleNotFoundError: No module named 'ttnn'
__ ERROR collecting tests/autogen_op/GPTNeo/test_GPTNeo_aten_topk_default.py ___
ImportError while importing test module '/Users/Ajay17/pytorch2.0_ttnn/tests/autogen_op/GPTNeo/test_GPTNeo_aten_topk_default.py'.
Hint: make sure your test modules/packages have valid Python names.
Traceback:
../.pyenv/versions/3.11.10/lib/python3.11/importlib/__init__.py:126: in import_module
    return _bootstrap._gcd_import(name[level:], package, level)
           ^^^^^^^^^^^^^^^^^^^^^^^^^^^^^^^^^^^^^^^^^^^^^^^^^^^^
tests/autogen_op/GPTNeo/test_GPTNeo_aten_topk_default.py:8: in <module>
    import ttnn
E   ModuleNotFoundError: No module named 'ttnn'
__ ERROR collecting tests/autogen_op/GPTNeo/test_GPTNeo_aten_transpose_int.py __
ImportError while importing test module '/Users/Ajay17/pytorch2.0_ttnn/tests/autogen_op/GPTNeo/test_GPTNeo_aten_transpose_int.py'.
Hint: make sure your test modules/packages have valid Python names.
Traceback:
../.pyenv/versions/3.11.10/lib/python3.11/importlib/__init__.py:126: in import_module
    return _bootstrap._gcd_import(name[level:], package, level)
           ^^^^^^^^^^^^^^^^^^^^^^^^^^^^^^^^^^^^^^^^^^^^^^^^^^^^
tests/autogen_op/GPTNeo/test_GPTNeo_aten_transpose_int.py:8: in <module>
    import ttnn
E   ModuleNotFoundError: No module named 'ttnn'
_ ERROR collecting tests/autogen_op/GPTNeo/test_GPTNeo_aten_unsqueeze_default.py _
ImportError while importing test module '/Users/Ajay17/pytorch2.0_ttnn/tests/autogen_op/GPTNeo/test_GPTNeo_aten_unsqueeze_default.py'.
Hint: make sure your test modules/packages have valid Python names.
Traceback:
../.pyenv/versions/3.11.10/lib/python3.11/importlib/__init__.py:126: in import_module
    return _bootstrap._gcd_import(name[level:], package, level)
           ^^^^^^^^^^^^^^^^^^^^^^^^^^^^^^^^^^^^^^^^^^^^^^^^^^^^
tests/autogen_op/GPTNeo/test_GPTNeo_aten_unsqueeze_default.py:8: in <module>
    import ttnn
E   ModuleNotFoundError: No module named 'ttnn'
__ ERROR collecting tests/autogen_op/GPTNeo/test_GPTNeo_aten_view_default.py ___
ImportError while importing test module '/Users/Ajay17/pytorch2.0_ttnn/tests/autogen_op/GPTNeo/test_GPTNeo_aten_view_default.py'.
Hint: make sure your test modules/packages have valid Python names.
Traceback:
../.pyenv/versions/3.11.10/lib/python3.11/importlib/__init__.py:126: in import_module
    return _bootstrap._gcd_import(name[level:], package, level)
           ^^^^^^^^^^^^^^^^^^^^^^^^^^^^^^^^^^^^^^^^^^^^^^^^^^^^
tests/autogen_op/GPTNeo/test_GPTNeo_aten_view_default.py:8: in <module>
    import ttnn
E   ModuleNotFoundError: No module named 'ttnn'
___ ERROR collecting tests/autogen_op/GPTNeo/test_GPTNeo_aten_where_self.py ____
ImportError while importing test module '/Users/Ajay17/pytorch2.0_ttnn/tests/autogen_op/GPTNeo/test_GPTNeo_aten_where_self.py'.
Hint: make sure your test modules/packages have valid Python names.
Traceback:
../.pyenv/versions/3.11.10/lib/python3.11/importlib/__init__.py:126: in import_module
    return _bootstrap._gcd_import(name[level:], package, level)
           ^^^^^^^^^^^^^^^^^^^^^^^^^^^^^^^^^^^^^^^^^^^^^^^^^^^^
tests/autogen_op/GPTNeo/test_GPTNeo_aten_where_self.py:8: in <module>
    import ttnn
E   ModuleNotFoundError: No module named 'ttnn'
_ ERROR collecting tests/autogen_op/HardNet/test_HardNet_aten__native_batch_norm_legit_no_training_default.py _
ImportError while importing test module '/Users/Ajay17/pytorch2.0_ttnn/tests/autogen_op/HardNet/test_HardNet_aten__native_batch_norm_legit_no_training_default.py'.
Hint: make sure your test modules/packages have valid Python names.
Traceback:
../.pyenv/versions/3.11.10/lib/python3.11/importlib/__init__.py:126: in import_module
    return _bootstrap._gcd_import(name[level:], package, level)
           ^^^^^^^^^^^^^^^^^^^^^^^^^^^^^^^^^^^^^^^^^^^^^^^^^^^^
tests/autogen_op/HardNet/test_HardNet_aten__native_batch_norm_legit_no_training_default.py:8: in <module>
    import ttnn
E   ModuleNotFoundError: No module named 'ttnn'
_ ERROR collecting tests/autogen_op/HardNet/test_HardNet_aten_addmm_default.py _
ImportError while importing test module '/Users/Ajay17/pytorch2.0_ttnn/tests/autogen_op/HardNet/test_HardNet_aten_addmm_default.py'.
Hint: make sure your test modules/packages have valid Python names.
Traceback:
../.pyenv/versions/3.11.10/lib/python3.11/importlib/__init__.py:126: in import_module
    return _bootstrap._gcd_import(name[level:], package, level)
           ^^^^^^^^^^^^^^^^^^^^^^^^^^^^^^^^^^^^^^^^^^^^^^^^^^^^
tests/autogen_op/HardNet/test_HardNet_aten_addmm_default.py:8: in <module>
    import ttnn
E   ModuleNotFoundError: No module named 'ttnn'
__ ERROR collecting tests/autogen_op/HardNet/test_HardNet_aten_cat_default.py __
ImportError while importing test module '/Users/Ajay17/pytorch2.0_ttnn/tests/autogen_op/HardNet/test_HardNet_aten_cat_default.py'.
Hint: make sure your test modules/packages have valid Python names.
Traceback:
../.pyenv/versions/3.11.10/lib/python3.11/importlib/__init__.py:126: in import_module
    return _bootstrap._gcd_import(name[level:], package, level)
           ^^^^^^^^^^^^^^^^^^^^^^^^^^^^^^^^^^^^^^^^^^^^^^^^^^^^
tests/autogen_op/HardNet/test_HardNet_aten_cat_default.py:8: in <module>
    import ttnn
E   ModuleNotFoundError: No module named 'ttnn'
_ ERROR collecting tests/autogen_op/HardNet/test_HardNet_aten_clone_default.py _
ImportError while importing test module '/Users/Ajay17/pytorch2.0_ttnn/tests/autogen_op/HardNet/test_HardNet_aten_clone_default.py'.
Hint: make sure your test modules/packages have valid Python names.
Traceback:
../.pyenv/versions/3.11.10/lib/python3.11/importlib/__init__.py:126: in import_module
    return _bootstrap._gcd_import(name[level:], package, level)
           ^^^^^^^^^^^^^^^^^^^^^^^^^^^^^^^^^^^^^^^^^^^^^^^^^^^^
tests/autogen_op/HardNet/test_HardNet_aten_clone_default.py:8: in <module>
    import ttnn
E   ModuleNotFoundError: No module named 'ttnn'
_ ERROR collecting tests/autogen_op/HardNet/test_HardNet_aten_convolution_default.py _
ImportError while importing test module '/Users/Ajay17/pytorch2.0_ttnn/tests/autogen_op/HardNet/test_HardNet_aten_convolution_default.py'.
Hint: make sure your test modules/packages have valid Python names.
Traceback:
../.pyenv/versions/3.11.10/lib/python3.11/importlib/__init__.py:126: in import_module
    return _bootstrap._gcd_import(name[level:], package, level)
           ^^^^^^^^^^^^^^^^^^^^^^^^^^^^^^^^^^^^^^^^^^^^^^^^^^^^
tests/autogen_op/HardNet/test_HardNet_aten_convolution_default.py:8: in <module>
    import ttnn
E   ModuleNotFoundError: No module named 'ttnn'
_ ERROR collecting tests/autogen_op/HardNet/test_HardNet_aten_hardtanh_default.py _
ImportError while importing test module '/Users/Ajay17/pytorch2.0_ttnn/tests/autogen_op/HardNet/test_HardNet_aten_hardtanh_default.py'.
Hint: make sure your test modules/packages have valid Python names.
Traceback:
../.pyenv/versions/3.11.10/lib/python3.11/importlib/__init__.py:126: in import_module
    return _bootstrap._gcd_import(name[level:], package, level)
           ^^^^^^^^^^^^^^^^^^^^^^^^^^^^^^^^^^^^^^^^^^^^^^^^^^^^
tests/autogen_op/HardNet/test_HardNet_aten_hardtanh_default.py:8: in <module>
    import ttnn
E   ModuleNotFoundError: No module named 'ttnn'
_ ERROR collecting tests/autogen_op/HardNet/test_HardNet_aten_max_pool2d_with_indices_default.py _
ImportError while importing test module '/Users/Ajay17/pytorch2.0_ttnn/tests/autogen_op/HardNet/test_HardNet_aten_max_pool2d_with_indices_default.py'.
Hint: make sure your test modules/packages have valid Python names.
Traceback:
../.pyenv/versions/3.11.10/lib/python3.11/importlib/__init__.py:126: in import_module
    return _bootstrap._gcd_import(name[level:], package, level)
           ^^^^^^^^^^^^^^^^^^^^^^^^^^^^^^^^^^^^^^^^^^^^^^^^^^^^
tests/autogen_op/HardNet/test_HardNet_aten_max_pool2d_with_indices_default.py:8: in <module>
    import ttnn
E   ModuleNotFoundError: No module named 'ttnn'
___ ERROR collecting tests/autogen_op/HardNet/test_HardNet_aten_mean_dim.py ____
ImportError while importing test module '/Users/Ajay17/pytorch2.0_ttnn/tests/autogen_op/HardNet/test_HardNet_aten_mean_dim.py'.
Hint: make sure your test modules/packages have valid Python names.
Traceback:
../.pyenv/versions/3.11.10/lib/python3.11/importlib/__init__.py:126: in import_module
    return _bootstrap._gcd_import(name[level:], package, level)
           ^^^^^^^^^^^^^^^^^^^^^^^^^^^^^^^^^^^^^^^^^^^^^^^^^^^^
tests/autogen_op/HardNet/test_HardNet_aten_mean_dim.py:8: in <module>
    import ttnn
E   ModuleNotFoundError: No module named 'ttnn'
___ ERROR collecting tests/autogen_op/HardNet/test_HardNet_aten_t_default.py ___
ImportError while importing test module '/Users/Ajay17/pytorch2.0_ttnn/tests/autogen_op/HardNet/test_HardNet_aten_t_default.py'.
Hint: make sure your test modules/packages have valid Python names.
Traceback:
../.pyenv/versions/3.11.10/lib/python3.11/importlib/__init__.py:126: in import_module
    return _bootstrap._gcd_import(name[level:], package, level)
           ^^^^^^^^^^^^^^^^^^^^^^^^^^^^^^^^^^^^^^^^^^^^^^^^^^^^
tests/autogen_op/HardNet/test_HardNet_aten_t_default.py:8: in <module>
    import ttnn
E   ModuleNotFoundError: No module named 'ttnn'
_ ERROR collecting tests/autogen_op/HardNet/test_HardNet_aten_view_default.py __
ImportError while importing test module '/Users/Ajay17/pytorch2.0_ttnn/tests/autogen_op/HardNet/test_HardNet_aten_view_default.py'.
Hint: make sure your test modules/packages have valid Python names.
Traceback:
../.pyenv/versions/3.11.10/lib/python3.11/importlib/__init__.py:126: in import_module
    return _bootstrap._gcd_import(name[level:], package, level)
           ^^^^^^^^^^^^^^^^^^^^^^^^^^^^^^^^^^^^^^^^^^^^^^^^^^^^
tests/autogen_op/HardNet/test_HardNet_aten_view_default.py:8: in <module>
    import ttnn
E   ModuleNotFoundError: No module named 'ttnn'
_ ERROR collecting tests/autogen_op/HardNet-train/test_HardNet-train_aten__native_batch_norm_legit_functional_default.py _
ImportError while importing test module '/Users/Ajay17/pytorch2.0_ttnn/tests/autogen_op/HardNet-train/test_HardNet-train_aten__native_batch_norm_legit_functional_default.py'.
Hint: make sure your test modules/packages have valid Python names.
Traceback:
../.pyenv/versions/3.11.10/lib/python3.11/importlib/__init__.py:126: in import_module
    return _bootstrap._gcd_import(name[level:], package, level)
           ^^^^^^^^^^^^^^^^^^^^^^^^^^^^^^^^^^^^^^^^^^^^^^^^^^^^
tests/autogen_op/HardNet-train/test_HardNet-train_aten__native_batch_norm_legit_functional_default.py:8: in <module>
    import ttnn
E   ModuleNotFoundError: No module named 'ttnn'
_ ERROR collecting tests/autogen_op/HardNet-train/test_HardNet-train_aten__to_copy_default.py _
ImportError while importing test module '/Users/Ajay17/pytorch2.0_ttnn/tests/autogen_op/HardNet-train/test_HardNet-train_aten__to_copy_default.py'.
Hint: make sure your test modules/packages have valid Python names.
Traceback:
../.pyenv/versions/3.11.10/lib/python3.11/importlib/__init__.py:126: in import_module
    return _bootstrap._gcd_import(name[level:], package, level)
           ^^^^^^^^^^^^^^^^^^^^^^^^^^^^^^^^^^^^^^^^^^^^^^^^^^^^
tests/autogen_op/HardNet-train/test_HardNet-train_aten__to_copy_default.py:8: in <module>
    import ttnn
E   ModuleNotFoundError: No module named 'ttnn'
_ ERROR collecting tests/autogen_op/HardNet-train/test_HardNet-train_aten_add_Tensor.py _
ImportError while importing test module '/Users/Ajay17/pytorch2.0_ttnn/tests/autogen_op/HardNet-train/test_HardNet-train_aten_add_Tensor.py'.
Hint: make sure your test modules/packages have valid Python names.
Traceback:
../.pyenv/versions/3.11.10/lib/python3.11/importlib/__init__.py:126: in import_module
    return _bootstrap._gcd_import(name[level:], package, level)
           ^^^^^^^^^^^^^^^^^^^^^^^^^^^^^^^^^^^^^^^^^^^^^^^^^^^^
tests/autogen_op/HardNet-train/test_HardNet-train_aten_add_Tensor.py:8: in <module>
    import ttnn
E   ModuleNotFoundError: No module named 'ttnn'
_ ERROR collecting tests/autogen_op/HardNet-train/test_HardNet-train_aten_addmm_default.py _
ImportError while importing test module '/Users/Ajay17/pytorch2.0_ttnn/tests/autogen_op/HardNet-train/test_HardNet-train_aten_addmm_default.py'.
Hint: make sure your test modules/packages have valid Python names.
Traceback:
../.pyenv/versions/3.11.10/lib/python3.11/importlib/__init__.py:126: in import_module
    return _bootstrap._gcd_import(name[level:], package, level)
           ^^^^^^^^^^^^^^^^^^^^^^^^^^^^^^^^^^^^^^^^^^^^^^^^^^^^
tests/autogen_op/HardNet-train/test_HardNet-train_aten_addmm_default.py:8: in <module>
    import ttnn
E   ModuleNotFoundError: No module named 'ttnn'
_ ERROR collecting tests/autogen_op/HardNet-train/test_HardNet-train_aten_cat_default.py _
ImportError while importing test module '/Users/Ajay17/pytorch2.0_ttnn/tests/autogen_op/HardNet-train/test_HardNet-train_aten_cat_default.py'.
Hint: make sure your test modules/packages have valid Python names.
Traceback:
../.pyenv/versions/3.11.10/lib/python3.11/importlib/__init__.py:126: in import_module
    return _bootstrap._gcd_import(name[level:], package, level)
           ^^^^^^^^^^^^^^^^^^^^^^^^^^^^^^^^^^^^^^^^^^^^^^^^^^^^
tests/autogen_op/HardNet-train/test_HardNet-train_aten_cat_default.py:8: in <module>
    import ttnn
E   ModuleNotFoundError: No module named 'ttnn'
_ ERROR collecting tests/autogen_op/HardNet-train/test_HardNet-train_aten_clone_default.py _
ImportError while importing test module '/Users/Ajay17/pytorch2.0_ttnn/tests/autogen_op/HardNet-train/test_HardNet-train_aten_clone_default.py'.
Hint: make sure your test modules/packages have valid Python names.
Traceback:
../.pyenv/versions/3.11.10/lib/python3.11/importlib/__init__.py:126: in import_module
    return _bootstrap._gcd_import(name[level:], package, level)
           ^^^^^^^^^^^^^^^^^^^^^^^^^^^^^^^^^^^^^^^^^^^^^^^^^^^^
tests/autogen_op/HardNet-train/test_HardNet-train_aten_clone_default.py:8: in <module>
    import ttnn
E   ModuleNotFoundError: No module named 'ttnn'
_ ERROR collecting tests/autogen_op/HardNet-train/test_HardNet-train_aten_convolution_backward_default.py _
ImportError while importing test module '/Users/Ajay17/pytorch2.0_ttnn/tests/autogen_op/HardNet-train/test_HardNet-train_aten_convolution_backward_default.py'.
Hint: make sure your test modules/packages have valid Python names.
Traceback:
../.pyenv/versions/3.11.10/lib/python3.11/importlib/__init__.py:126: in import_module
    return _bootstrap._gcd_import(name[level:], package, level)
           ^^^^^^^^^^^^^^^^^^^^^^^^^^^^^^^^^^^^^^^^^^^^^^^^^^^^
tests/autogen_op/HardNet-train/test_HardNet-train_aten_convolution_backward_default.py:8: in <module>
    import ttnn
E   ModuleNotFoundError: No module named 'ttnn'
_ ERROR collecting tests/autogen_op/HardNet-train/test_HardNet-train_aten_convolution_default.py _
ImportError while importing test module '/Users/Ajay17/pytorch2.0_ttnn/tests/autogen_op/HardNet-train/test_HardNet-train_aten_convolution_default.py'.
Hint: make sure your test modules/packages have valid Python names.
Traceback:
../.pyenv/versions/3.11.10/lib/python3.11/importlib/__init__.py:126: in import_module
    return _bootstrap._gcd_import(name[level:], package, level)
           ^^^^^^^^^^^^^^^^^^^^^^^^^^^^^^^^^^^^^^^^^^^^^^^^^^^^
tests/autogen_op/HardNet-train/test_HardNet-train_aten_convolution_default.py:8: in <module>
    import ttnn
E   ModuleNotFoundError: No module named 'ttnn'
_ ERROR collecting tests/autogen_op/HardNet-train/test_HardNet-train_aten_div_Scalar.py _
ImportError while importing test module '/Users/Ajay17/pytorch2.0_ttnn/tests/autogen_op/HardNet-train/test_HardNet-train_aten_div_Scalar.py'.
Hint: make sure your test modules/packages have valid Python names.
Traceback:
../.pyenv/versions/3.11.10/lib/python3.11/importlib/__init__.py:126: in import_module
    return _bootstrap._gcd_import(name[level:], package, level)
           ^^^^^^^^^^^^^^^^^^^^^^^^^^^^^^^^^^^^^^^^^^^^^^^^^^^^
tests/autogen_op/HardNet-train/test_HardNet-train_aten_div_Scalar.py:8: in <module>
    import ttnn
E   ModuleNotFoundError: No module named 'ttnn'
_ ERROR collecting tests/autogen_op/HardNet-train/test_HardNet-train_aten_expand_default.py _
ImportError while importing test module '/Users/Ajay17/pytorch2.0_ttnn/tests/autogen_op/HardNet-train/test_HardNet-train_aten_expand_default.py'.
Hint: make sure your test modules/packages have valid Python names.
Traceback:
../.pyenv/versions/3.11.10/lib/python3.11/importlib/__init__.py:126: in import_module
    return _bootstrap._gcd_import(name[level:], package, level)
           ^^^^^^^^^^^^^^^^^^^^^^^^^^^^^^^^^^^^^^^^^^^^^^^^^^^^
tests/autogen_op/HardNet-train/test_HardNet-train_aten_expand_default.py:8: in <module>
    import ttnn
E   ModuleNotFoundError: No module named 'ttnn'
_ ERROR collecting tests/autogen_op/HardNet-train/test_HardNet-train_aten_hardtanh_backward_default.py _
ImportError while importing test module '/Users/Ajay17/pytorch2.0_ttnn/tests/autogen_op/HardNet-train/test_HardNet-train_aten_hardtanh_backward_default.py'.
Hint: make sure your test modules/packages have valid Python names.
Traceback:
../.pyenv/versions/3.11.10/lib/python3.11/importlib/__init__.py:126: in import_module
    return _bootstrap._gcd_import(name[level:], package, level)
           ^^^^^^^^^^^^^^^^^^^^^^^^^^^^^^^^^^^^^^^^^^^^^^^^^^^^
tests/autogen_op/HardNet-train/test_HardNet-train_aten_hardtanh_backward_default.py:8: in <module>
    import ttnn
E   ModuleNotFoundError: No module named 'ttnn'
_ ERROR collecting tests/autogen_op/HardNet-train/test_HardNet-train_aten_hardtanh_default.py _
ImportError while importing test module '/Users/Ajay17/pytorch2.0_ttnn/tests/autogen_op/HardNet-train/test_HardNet-train_aten_hardtanh_default.py'.
Hint: make sure your test modules/packages have valid Python names.
Traceback:
../.pyenv/versions/3.11.10/lib/python3.11/importlib/__init__.py:126: in import_module
    return _bootstrap._gcd_import(name[level:], package, level)
           ^^^^^^^^^^^^^^^^^^^^^^^^^^^^^^^^^^^^^^^^^^^^^^^^^^^^
tests/autogen_op/HardNet-train/test_HardNet-train_aten_hardtanh_default.py:8: in <module>
    import ttnn
E   ModuleNotFoundError: No module named 'ttnn'
_ ERROR collecting tests/autogen_op/HardNet-train/test_HardNet-train_aten_max_pool2d_with_indices_backward_default.py _
ImportError while importing test module '/Users/Ajay17/pytorch2.0_ttnn/tests/autogen_op/HardNet-train/test_HardNet-train_aten_max_pool2d_with_indices_backward_default.py'.
Hint: make sure your test modules/packages have valid Python names.
Traceback:
../.pyenv/versions/3.11.10/lib/python3.11/importlib/__init__.py:126: in import_module
    return _bootstrap._gcd_import(name[level:], package, level)
           ^^^^^^^^^^^^^^^^^^^^^^^^^^^^^^^^^^^^^^^^^^^^^^^^^^^^
tests/autogen_op/HardNet-train/test_HardNet-train_aten_max_pool2d_with_indices_backward_default.py:8: in <module>
    import ttnn
E   ModuleNotFoundError: No module named 'ttnn'
_ ERROR collecting tests/autogen_op/HardNet-train/test_HardNet-train_aten_max_pool2d_with_indices_default.py _
ImportError while importing test module '/Users/Ajay17/pytorch2.0_ttnn/tests/autogen_op/HardNet-train/test_HardNet-train_aten_max_pool2d_with_indices_default.py'.
Hint: make sure your test modules/packages have valid Python names.
Traceback:
../.pyenv/versions/3.11.10/lib/python3.11/importlib/__init__.py:126: in import_module
    return _bootstrap._gcd_import(name[level:], package, level)
           ^^^^^^^^^^^^^^^^^^^^^^^^^^^^^^^^^^^^^^^^^^^^^^^^^^^^
tests/autogen_op/HardNet-train/test_HardNet-train_aten_max_pool2d_with_indices_default.py:8: in <module>
    import ttnn
E   ModuleNotFoundError: No module named 'ttnn'
_ ERROR collecting tests/autogen_op/HardNet-train/test_HardNet-train_aten_mean_dim.py _
ImportError while importing test module '/Users/Ajay17/pytorch2.0_ttnn/tests/autogen_op/HardNet-train/test_HardNet-train_aten_mean_dim.py'.
Hint: make sure your test modules/packages have valid Python names.
Traceback:
../.pyenv/versions/3.11.10/lib/python3.11/importlib/__init__.py:126: in import_module
    return _bootstrap._gcd_import(name[level:], package, level)
           ^^^^^^^^^^^^^^^^^^^^^^^^^^^^^^^^^^^^^^^^^^^^^^^^^^^^
tests/autogen_op/HardNet-train/test_HardNet-train_aten_mean_dim.py:8: in <module>
    import ttnn
E   ModuleNotFoundError: No module named 'ttnn'
_ ERROR collecting tests/autogen_op/HardNet-train/test_HardNet-train_aten_mm_default.py _
ImportError while importing test module '/Users/Ajay17/pytorch2.0_ttnn/tests/autogen_op/HardNet-train/test_HardNet-train_aten_mm_default.py'.
Hint: make sure your test modules/packages have valid Python names.
Traceback:
../.pyenv/versions/3.11.10/lib/python3.11/importlib/__init__.py:126: in import_module
    return _bootstrap._gcd_import(name[level:], package, level)
           ^^^^^^^^^^^^^^^^^^^^^^^^^^^^^^^^^^^^^^^^^^^^^^^^^^^^
tests/autogen_op/HardNet-train/test_HardNet-train_aten_mm_default.py:8: in <module>
    import ttnn
E   ModuleNotFoundError: No module named 'ttnn'
_ ERROR collecting tests/autogen_op/HardNet-train/test_HardNet-train_aten_native_batch_norm_backward_default.py _
ImportError while importing test module '/Users/Ajay17/pytorch2.0_ttnn/tests/autogen_op/HardNet-train/test_HardNet-train_aten_native_batch_norm_backward_default.py'.
Hint: make sure your test modules/packages have valid Python names.
Traceback:
../.pyenv/versions/3.11.10/lib/python3.11/importlib/__init__.py:126: in import_module
    return _bootstrap._gcd_import(name[level:], package, level)
           ^^^^^^^^^^^^^^^^^^^^^^^^^^^^^^^^^^^^^^^^^^^^^^^^^^^^
tests/autogen_op/HardNet-train/test_HardNet-train_aten_native_batch_norm_backward_default.py:8: in <module>
    import ttnn
E   ModuleNotFoundError: No module named 'ttnn'
_ ERROR collecting tests/autogen_op/HardNet-train/test_HardNet-train_aten_slice_Tensor.py _
ImportError while importing test module '/Users/Ajay17/pytorch2.0_ttnn/tests/autogen_op/HardNet-train/test_HardNet-train_aten_slice_Tensor.py'.
Hint: make sure your test modules/packages have valid Python names.
Traceback:
../.pyenv/versions/3.11.10/lib/python3.11/importlib/__init__.py:126: in import_module
    return _bootstrap._gcd_import(name[level:], package, level)
           ^^^^^^^^^^^^^^^^^^^^^^^^^^^^^^^^^^^^^^^^^^^^^^^^^^^^
tests/autogen_op/HardNet-train/test_HardNet-train_aten_slice_Tensor.py:8: in <module>
    import ttnn
E   ModuleNotFoundError: No module named 'ttnn'
_ ERROR collecting tests/autogen_op/HardNet-train/test_HardNet-train_aten_sum_dim_IntList.py _
ImportError while importing test module '/Users/Ajay17/pytorch2.0_ttnn/tests/autogen_op/HardNet-train/test_HardNet-train_aten_sum_dim_IntList.py'.
Hint: make sure your test modules/packages have valid Python names.
Traceback:
../.pyenv/versions/3.11.10/lib/python3.11/importlib/__init__.py:126: in import_module
    return _bootstrap._gcd_import(name[level:], package, level)
           ^^^^^^^^^^^^^^^^^^^^^^^^^^^^^^^^^^^^^^^^^^^^^^^^^^^^
tests/autogen_op/HardNet-train/test_HardNet-train_aten_sum_dim_IntList.py:8: in <module>
    import ttnn
E   ModuleNotFoundError: No module named 'ttnn'
_ ERROR collecting tests/autogen_op/HardNet-train/test_HardNet-train_aten_t_default.py _
ImportError while importing test module '/Users/Ajay17/pytorch2.0_ttnn/tests/autogen_op/HardNet-train/test_HardNet-train_aten_t_default.py'.
Hint: make sure your test modules/packages have valid Python names.
Traceback:
../.pyenv/versions/3.11.10/lib/python3.11/importlib/__init__.py:126: in import_module
    return _bootstrap._gcd_import(name[level:], package, level)
           ^^^^^^^^^^^^^^^^^^^^^^^^^^^^^^^^^^^^^^^^^^^^^^^^^^^^
tests/autogen_op/HardNet-train/test_HardNet-train_aten_t_default.py:8: in <module>
    import ttnn
E   ModuleNotFoundError: No module named 'ttnn'
_ ERROR collecting tests/autogen_op/HardNet-train/test_HardNet-train_aten_view_default.py _
ImportError while importing test module '/Users/Ajay17/pytorch2.0_ttnn/tests/autogen_op/HardNet-train/test_HardNet-train_aten_view_default.py'.
Hint: make sure your test modules/packages have valid Python names.
Traceback:
../.pyenv/versions/3.11.10/lib/python3.11/importlib/__init__.py:126: in import_module
    return _bootstrap._gcd_import(name[level:], package, level)
           ^^^^^^^^^^^^^^^^^^^^^^^^^^^^^^^^^^^^^^^^^^^^^^^^^^^^
tests/autogen_op/HardNet-train/test_HardNet-train_aten_view_default.py:8: in <module>
    import ttnn
E   ModuleNotFoundError: No module named 'ttnn'
_ ERROR collecting tests/autogen_op/Llama/test_Llama_aten__to_copy_default.py __
ImportError while importing test module '/Users/Ajay17/pytorch2.0_ttnn/tests/autogen_op/Llama/test_Llama_aten__to_copy_default.py'.
Hint: make sure your test modules/packages have valid Python names.
Traceback:
../.pyenv/versions/3.11.10/lib/python3.11/importlib/__init__.py:126: in import_module
    return _bootstrap._gcd_import(name[level:], package, level)
           ^^^^^^^^^^^^^^^^^^^^^^^^^^^^^^^^^^^^^^^^^^^^^^^^^^^^
tests/autogen_op/Llama/test_Llama_aten__to_copy_default.py:8: in <module>
    import ttnn
E   ModuleNotFoundError: No module named 'ttnn'
____ ERROR collecting tests/autogen_op/Llama/test_Llama_aten_bmm_default.py ____
ImportError while importing test module '/Users/Ajay17/pytorch2.0_ttnn/tests/autogen_op/Llama/test_Llama_aten_bmm_default.py'.
Hint: make sure your test modules/packages have valid Python names.
Traceback:
../.pyenv/versions/3.11.10/lib/python3.11/importlib/__init__.py:126: in import_module
    return _bootstrap._gcd_import(name[level:], package, level)
           ^^^^^^^^^^^^^^^^^^^^^^^^^^^^^^^^^^^^^^^^^^^^^^^^^^^^
tests/autogen_op/Llama/test_Llama_aten_bmm_default.py:8: in <module>
    import ttnn
E   ModuleNotFoundError: No module named 'ttnn'
____ ERROR collecting tests/autogen_op/Llama/test_Llama_aten_cat_default.py ____
ImportError while importing test module '/Users/Ajay17/pytorch2.0_ttnn/tests/autogen_op/Llama/test_Llama_aten_cat_default.py'.
Hint: make sure your test modules/packages have valid Python names.
Traceback:
../.pyenv/versions/3.11.10/lib/python3.11/importlib/__init__.py:126: in import_module
    return _bootstrap._gcd_import(name[level:], package, level)
           ^^^^^^^^^^^^^^^^^^^^^^^^^^^^^^^^^^^^^^^^^^^^^^^^^^^^
tests/autogen_op/Llama/test_Llama_aten_cat_default.py:8: in <module>
    import ttnn
E   ModuleNotFoundError: No module named 'ttnn'
____ ERROR collecting tests/autogen_op/Llama/test_Llama_aten_cos_default.py ____
ImportError while importing test module '/Users/Ajay17/pytorch2.0_ttnn/tests/autogen_op/Llama/test_Llama_aten_cos_default.py'.
Hint: make sure your test modules/packages have valid Python names.
Traceback:
../.pyenv/versions/3.11.10/lib/python3.11/importlib/__init__.py:126: in import_module
    return _bootstrap._gcd_import(name[level:], package, level)
           ^^^^^^^^^^^^^^^^^^^^^^^^^^^^^^^^^^^^^^^^^^^^^^^^^^^^
tests/autogen_op/Llama/test_Llama_aten_cos_default.py:8: in <module>
    import ttnn
E   ModuleNotFoundError: No module named 'ttnn'
_ ERROR collecting tests/autogen_op/Llama/test_Llama_aten_embedding_default.py _
ImportError while importing test module '/Users/Ajay17/pytorch2.0_ttnn/tests/autogen_op/Llama/test_Llama_aten_embedding_default.py'.
Hint: make sure your test modules/packages have valid Python names.
Traceback:
../.pyenv/versions/3.11.10/lib/python3.11/importlib/__init__.py:126: in import_module
    return _bootstrap._gcd_import(name[level:], package, level)
           ^^^^^^^^^^^^^^^^^^^^^^^^^^^^^^^^^^^^^^^^^^^^^^^^^^^^
tests/autogen_op/Llama/test_Llama_aten_embedding_default.py:8: in <module>
    import ttnn
E   ModuleNotFoundError: No module named 'ttnn'
__ ERROR collecting tests/autogen_op/Llama/test_Llama_aten_expand_default.py ___
ImportError while importing test module '/Users/Ajay17/pytorch2.0_ttnn/tests/autogen_op/Llama/test_Llama_aten_expand_default.py'.
Hint: make sure your test modules/packages have valid Python names.
Traceback:
../.pyenv/versions/3.11.10/lib/python3.11/importlib/__init__.py:126: in import_module
    return _bootstrap._gcd_import(name[level:], package, level)
           ^^^^^^^^^^^^^^^^^^^^^^^^^^^^^^^^^^^^^^^^^^^^^^^^^^^^
tests/autogen_op/Llama/test_Llama_aten_expand_default.py:8: in <module>
    import ttnn
E   ModuleNotFoundError: No module named 'ttnn'
__ ERROR collecting tests/autogen_op/Llama/test_Llama_aten_repeat_default.py ___
ImportError while importing test module '/Users/Ajay17/pytorch2.0_ttnn/tests/autogen_op/Llama/test_Llama_aten_repeat_default.py'.
Hint: make sure your test modules/packages have valid Python names.
Traceback:
../.pyenv/versions/3.11.10/lib/python3.11/importlib/__init__.py:126: in import_module
    return _bootstrap._gcd_import(name[level:], package, level)
           ^^^^^^^^^^^^^^^^^^^^^^^^^^^^^^^^^^^^^^^^^^^^^^^^^^^^
tests/autogen_op/Llama/test_Llama_aten_repeat_default.py:8: in <module>
    import ttnn
E   ModuleNotFoundError: No module named 'ttnn'
___ ERROR collecting tests/autogen_op/Llama/test_Llama_aten_slice_Tensor.py ____
ImportError while importing test module '/Users/Ajay17/pytorch2.0_ttnn/tests/autogen_op/Llama/test_Llama_aten_slice_Tensor.py'.
Hint: make sure your test modules/packages have valid Python names.
Traceback:
../.pyenv/versions/3.11.10/lib/python3.11/importlib/__init__.py:126: in import_module
    return _bootstrap._gcd_import(name[level:], package, level)
           ^^^^^^^^^^^^^^^^^^^^^^^^^^^^^^^^^^^^^^^^^^^^^^^^^^^^
tests/autogen_op/Llama/test_Llama_aten_slice_Tensor.py:8: in <module>
    import ttnn
E   ModuleNotFoundError: No module named 'ttnn'
___ ERROR collecting tests/autogen_op/Llama/test_Llama_aten_transpose_int.py ___
ImportError while importing test module '/Users/Ajay17/pytorch2.0_ttnn/tests/autogen_op/Llama/test_Llama_aten_transpose_int.py'.
Hint: make sure your test modules/packages have valid Python names.
Traceback:
../.pyenv/versions/3.11.10/lib/python3.11/importlib/__init__.py:126: in import_module
    return _bootstrap._gcd_import(name[level:], package, level)
           ^^^^^^^^^^^^^^^^^^^^^^^^^^^^^^^^^^^^^^^^^^^^^^^^^^^^
tests/autogen_op/Llama/test_Llama_aten_transpose_int.py:8: in <module>
    import ttnn
E   ModuleNotFoundError: No module named 'ttnn'
_ ERROR collecting tests/autogen_op/Llama/test_Llama_aten_unsqueeze_default.py _
ImportError while importing test module '/Users/Ajay17/pytorch2.0_ttnn/tests/autogen_op/Llama/test_Llama_aten_unsqueeze_default.py'.
Hint: make sure your test modules/packages have valid Python names.
Traceback:
../.pyenv/versions/3.11.10/lib/python3.11/importlib/__init__.py:126: in import_module
    return _bootstrap._gcd_import(name[level:], package, level)
           ^^^^^^^^^^^^^^^^^^^^^^^^^^^^^^^^^^^^^^^^^^^^^^^^^^^^
tests/autogen_op/Llama/test_Llama_aten_unsqueeze_default.py:8: in <module>
    import ttnn
E   ModuleNotFoundError: No module named 'ttnn'
___ ERROR collecting tests/autogen_op/Llama/test_Llama_aten_view_default.py ____
ImportError while importing test module '/Users/Ajay17/pytorch2.0_ttnn/tests/autogen_op/Llama/test_Llama_aten_view_default.py'.
Hint: make sure your test modules/packages have valid Python names.
Traceback:
../.pyenv/versions/3.11.10/lib/python3.11/importlib/__init__.py:126: in import_module
    return _bootstrap._gcd_import(name[level:], package, level)
           ^^^^^^^^^^^^^^^^^^^^^^^^^^^^^^^^^^^^^^^^^^^^^^^^^^^^
tests/autogen_op/Llama/test_Llama_aten_view_default.py:8: in <module>
    import ttnn
E   ModuleNotFoundError: No module named 'ttnn'
_ ERROR collecting tests/autogen_op/MLPMixer/test_MLPMixer_aten__unsafe_view_default.py _
ImportError while importing test module '/Users/Ajay17/pytorch2.0_ttnn/tests/autogen_op/MLPMixer/test_MLPMixer_aten__unsafe_view_default.py'.
Hint: make sure your test modules/packages have valid Python names.
Traceback:
../.pyenv/versions/3.11.10/lib/python3.11/importlib/__init__.py:126: in import_module
    return _bootstrap._gcd_import(name[level:], package, level)
           ^^^^^^^^^^^^^^^^^^^^^^^^^^^^^^^^^^^^^^^^^^^^^^^^^^^^
tests/autogen_op/MLPMixer/test_MLPMixer_aten__unsafe_view_default.py:8: in <module>
    import ttnn
E   ModuleNotFoundError: No module named 'ttnn'
_ ERROR collecting tests/autogen_op/MLPMixer/test_MLPMixer_aten_add_Tensor.py __
ImportError while importing test module '/Users/Ajay17/pytorch2.0_ttnn/tests/autogen_op/MLPMixer/test_MLPMixer_aten_add_Tensor.py'.
Hint: make sure your test modules/packages have valid Python names.
Traceback:
../.pyenv/versions/3.11.10/lib/python3.11/importlib/__init__.py:126: in import_module
    return _bootstrap._gcd_import(name[level:], package, level)
           ^^^^^^^^^^^^^^^^^^^^^^^^^^^^^^^^^^^^^^^^^^^^^^^^^^^^
tests/autogen_op/MLPMixer/test_MLPMixer_aten_add_Tensor.py:8: in <module>
    import ttnn
E   ModuleNotFoundError: No module named 'ttnn'
_ ERROR collecting tests/autogen_op/MLPMixer/test_MLPMixer_aten_addmm_default.py _
ImportError while importing test module '/Users/Ajay17/pytorch2.0_ttnn/tests/autogen_op/MLPMixer/test_MLPMixer_aten_addmm_default.py'.
Hint: make sure your test modules/packages have valid Python names.
Traceback:
../.pyenv/versions/3.11.10/lib/python3.11/importlib/__init__.py:126: in import_module
    return _bootstrap._gcd_import(name[level:], package, level)
           ^^^^^^^^^^^^^^^^^^^^^^^^^^^^^^^^^^^^^^^^^^^^^^^^^^^^
tests/autogen_op/MLPMixer/test_MLPMixer_aten_addmm_default.py:8: in <module>
    import ttnn
E   ModuleNotFoundError: No module named 'ttnn'
_ ERROR collecting tests/autogen_op/MLPMixer/test_MLPMixer_aten_clone_default.py _
ImportError while importing test module '/Users/Ajay17/pytorch2.0_ttnn/tests/autogen_op/MLPMixer/test_MLPMixer_aten_clone_default.py'.
Hint: make sure your test modules/packages have valid Python names.
Traceback:
../.pyenv/versions/3.11.10/lib/python3.11/importlib/__init__.py:126: in import_module
    return _bootstrap._gcd_import(name[level:], package, level)
           ^^^^^^^^^^^^^^^^^^^^^^^^^^^^^^^^^^^^^^^^^^^^^^^^^^^^
tests/autogen_op/MLPMixer/test_MLPMixer_aten_clone_default.py:8: in <module>
    import ttnn
E   ModuleNotFoundError: No module named 'ttnn'
_ ERROR collecting tests/autogen_op/MLPMixer/test_MLPMixer_aten_convolution_default.py _
ImportError while importing test module '/Users/Ajay17/pytorch2.0_ttnn/tests/autogen_op/MLPMixer/test_MLPMixer_aten_convolution_default.py'.
Hint: make sure your test modules/packages have valid Python names.
Traceback:
../.pyenv/versions/3.11.10/lib/python3.11/importlib/__init__.py:126: in import_module
    return _bootstrap._gcd_import(name[level:], package, level)
           ^^^^^^^^^^^^^^^^^^^^^^^^^^^^^^^^^^^^^^^^^^^^^^^^^^^^
tests/autogen_op/MLPMixer/test_MLPMixer_aten_convolution_default.py:8: in <module>
    import ttnn
E   ModuleNotFoundError: No module named 'ttnn'
_ ERROR collecting tests/autogen_op/MLPMixer/test_MLPMixer_aten_gelu_default.py _
ImportError while importing test module '/Users/Ajay17/pytorch2.0_ttnn/tests/autogen_op/MLPMixer/test_MLPMixer_aten_gelu_default.py'.
Hint: make sure your test modules/packages have valid Python names.
Traceback:
../.pyenv/versions/3.11.10/lib/python3.11/importlib/__init__.py:126: in import_module
    return _bootstrap._gcd_import(name[level:], package, level)
           ^^^^^^^^^^^^^^^^^^^^^^^^^^^^^^^^^^^^^^^^^^^^^^^^^^^^
tests/autogen_op/MLPMixer/test_MLPMixer_aten_gelu_default.py:8: in <module>
    import ttnn
E   ModuleNotFoundError: No module named 'ttnn'
__ ERROR collecting tests/autogen_op/MLPMixer/test_MLPMixer_aten_mean_dim.py ___
ImportError while importing test module '/Users/Ajay17/pytorch2.0_ttnn/tests/autogen_op/MLPMixer/test_MLPMixer_aten_mean_dim.py'.
Hint: make sure your test modules/packages have valid Python names.
Traceback:
../.pyenv/versions/3.11.10/lib/python3.11/importlib/__init__.py:126: in import_module
    return _bootstrap._gcd_import(name[level:], package, level)
           ^^^^^^^^^^^^^^^^^^^^^^^^^^^^^^^^^^^^^^^^^^^^^^^^^^^^
tests/autogen_op/MLPMixer/test_MLPMixer_aten_mean_dim.py:8: in <module>
    import ttnn
E   ModuleNotFoundError: No module named 'ttnn'
_ ERROR collecting tests/autogen_op/MLPMixer/test_MLPMixer_aten_native_layer_norm_default.py _
ImportError while importing test module '/Users/Ajay17/pytorch2.0_ttnn/tests/autogen_op/MLPMixer/test_MLPMixer_aten_native_layer_norm_default.py'.
Hint: make sure your test modules/packages have valid Python names.
Traceback:
../.pyenv/versions/3.11.10/lib/python3.11/importlib/__init__.py:126: in import_module
    return _bootstrap._gcd_import(name[level:], package, level)
           ^^^^^^^^^^^^^^^^^^^^^^^^^^^^^^^^^^^^^^^^^^^^^^^^^^^^
tests/autogen_op/MLPMixer/test_MLPMixer_aten_native_layer_norm_default.py:8: in <module>
    import ttnn
E   ModuleNotFoundError: No module named 'ttnn'
_ ERROR collecting tests/autogen_op/MLPMixer/test_MLPMixer_aten_permute_default.py _
ImportError while importing test module '/Users/Ajay17/pytorch2.0_ttnn/tests/autogen_op/MLPMixer/test_MLPMixer_aten_permute_default.py'.
Hint: make sure your test modules/packages have valid Python names.
Traceback:
../.pyenv/versions/3.11.10/lib/python3.11/importlib/__init__.py:126: in import_module
    return _bootstrap._gcd_import(name[level:], package, level)
           ^^^^^^^^^^^^^^^^^^^^^^^^^^^^^^^^^^^^^^^^^^^^^^^^^^^^
tests/autogen_op/MLPMixer/test_MLPMixer_aten_permute_default.py:8: in <module>
    import ttnn
E   ModuleNotFoundError: No module named 'ttnn'
__ ERROR collecting tests/autogen_op/MLPMixer/test_MLPMixer_aten_t_default.py __
ImportError while importing test module '/Users/Ajay17/pytorch2.0_ttnn/tests/autogen_op/MLPMixer/test_MLPMixer_aten_t_default.py'.
Hint: make sure your test modules/packages have valid Python names.
Traceback:
../.pyenv/versions/3.11.10/lib/python3.11/importlib/__init__.py:126: in import_module
    return _bootstrap._gcd_import(name[level:], package, level)
           ^^^^^^^^^^^^^^^^^^^^^^^^^^^^^^^^^^^^^^^^^^^^^^^^^^^^
tests/autogen_op/MLPMixer/test_MLPMixer_aten_t_default.py:8: in <module>
    import ttnn
E   ModuleNotFoundError: No module named 'ttnn'
_ ERROR collecting tests/autogen_op/MLPMixer/test_MLPMixer_aten_view_default.py _
ImportError while importing test module '/Users/Ajay17/pytorch2.0_ttnn/tests/autogen_op/MLPMixer/test_MLPMixer_aten_view_default.py'.
Hint: make sure your test modules/packages have valid Python names.
Traceback:
../.pyenv/versions/3.11.10/lib/python3.11/importlib/__init__.py:126: in import_module
    return _bootstrap._gcd_import(name[level:], package, level)
           ^^^^^^^^^^^^^^^^^^^^^^^^^^^^^^^^^^^^^^^^^^^^^^^^^^^^
tests/autogen_op/MLPMixer/test_MLPMixer_aten_view_default.py:8: in <module>
    import ttnn
E   ModuleNotFoundError: No module named 'ttnn'
_ ERROR collecting tests/autogen_op/MLPMixer-train/test_MLPMixer-train_aten__unsafe_view_default.py _
ImportError while importing test module '/Users/Ajay17/pytorch2.0_ttnn/tests/autogen_op/MLPMixer-train/test_MLPMixer-train_aten__unsafe_view_default.py'.
Hint: make sure your test modules/packages have valid Python names.
Traceback:
../.pyenv/versions/3.11.10/lib/python3.11/importlib/__init__.py:126: in import_module
    return _bootstrap._gcd_import(name[level:], package, level)
           ^^^^^^^^^^^^^^^^^^^^^^^^^^^^^^^^^^^^^^^^^^^^^^^^^^^^
tests/autogen_op/MLPMixer-train/test_MLPMixer-train_aten__unsafe_view_default.py:8: in <module>
    import ttnn
E   ModuleNotFoundError: No module named 'ttnn'
_ ERROR collecting tests/autogen_op/MLPMixer-train/test_MLPMixer-train_aten_add_Tensor.py _
ImportError while importing test module '/Users/Ajay17/pytorch2.0_ttnn/tests/autogen_op/MLPMixer-train/test_MLPMixer-train_aten_add_Tensor.py'.
Hint: make sure your test modules/packages have valid Python names.
Traceback:
../.pyenv/versions/3.11.10/lib/python3.11/importlib/__init__.py:126: in import_module
    return _bootstrap._gcd_import(name[level:], package, level)
           ^^^^^^^^^^^^^^^^^^^^^^^^^^^^^^^^^^^^^^^^^^^^^^^^^^^^
tests/autogen_op/MLPMixer-train/test_MLPMixer-train_aten_add_Tensor.py:8: in <module>
    import ttnn
E   ModuleNotFoundError: No module named 'ttnn'
_ ERROR collecting tests/autogen_op/MLPMixer-train/test_MLPMixer-train_aten_addmm_default.py _
ImportError while importing test module '/Users/Ajay17/pytorch2.0_ttnn/tests/autogen_op/MLPMixer-train/test_MLPMixer-train_aten_addmm_default.py'.
Hint: make sure your test modules/packages have valid Python names.
Traceback:
../.pyenv/versions/3.11.10/lib/python3.11/importlib/__init__.py:126: in import_module
    return _bootstrap._gcd_import(name[level:], package, level)
           ^^^^^^^^^^^^^^^^^^^^^^^^^^^^^^^^^^^^^^^^^^^^^^^^^^^^
tests/autogen_op/MLPMixer-train/test_MLPMixer-train_aten_addmm_default.py:8: in <module>
    import ttnn
E   ModuleNotFoundError: No module named 'ttnn'
_ ERROR collecting tests/autogen_op/MLPMixer-train/test_MLPMixer-train_aten_clone_default.py _
ImportError while importing test module '/Users/Ajay17/pytorch2.0_ttnn/tests/autogen_op/MLPMixer-train/test_MLPMixer-train_aten_clone_default.py'.
Hint: make sure your test modules/packages have valid Python names.
Traceback:
../.pyenv/versions/3.11.10/lib/python3.11/importlib/__init__.py:126: in import_module
    return _bootstrap._gcd_import(name[level:], package, level)
           ^^^^^^^^^^^^^^^^^^^^^^^^^^^^^^^^^^^^^^^^^^^^^^^^^^^^
tests/autogen_op/MLPMixer-train/test_MLPMixer-train_aten_clone_default.py:8: in <module>
    import ttnn
E   ModuleNotFoundError: No module named 'ttnn'
_ ERROR collecting tests/autogen_op/MLPMixer-train/test_MLPMixer-train_aten_convolution_backward_default.py _
ImportError while importing test module '/Users/Ajay17/pytorch2.0_ttnn/tests/autogen_op/MLPMixer-train/test_MLPMixer-train_aten_convolution_backward_default.py'.
Hint: make sure your test modules/packages have valid Python names.
Traceback:
../.pyenv/versions/3.11.10/lib/python3.11/importlib/__init__.py:126: in import_module
    return _bootstrap._gcd_import(name[level:], package, level)
           ^^^^^^^^^^^^^^^^^^^^^^^^^^^^^^^^^^^^^^^^^^^^^^^^^^^^
tests/autogen_op/MLPMixer-train/test_MLPMixer-train_aten_convolution_backward_default.py:8: in <module>
    import ttnn
E   ModuleNotFoundError: No module named 'ttnn'
_ ERROR collecting tests/autogen_op/MLPMixer-train/test_MLPMixer-train_aten_convolution_default.py _
ImportError while importing test module '/Users/Ajay17/pytorch2.0_ttnn/tests/autogen_op/MLPMixer-train/test_MLPMixer-train_aten_convolution_default.py'.
Hint: make sure your test modules/packages have valid Python names.
Traceback:
../.pyenv/versions/3.11.10/lib/python3.11/importlib/__init__.py:126: in import_module
    return _bootstrap._gcd_import(name[level:], package, level)
           ^^^^^^^^^^^^^^^^^^^^^^^^^^^^^^^^^^^^^^^^^^^^^^^^^^^^
tests/autogen_op/MLPMixer-train/test_MLPMixer-train_aten_convolution_default.py:8: in <module>
    import ttnn
E   ModuleNotFoundError: No module named 'ttnn'
_ ERROR collecting tests/autogen_op/MLPMixer-train/test_MLPMixer-train_aten_div_Scalar.py _
ImportError while importing test module '/Users/Ajay17/pytorch2.0_ttnn/tests/autogen_op/MLPMixer-train/test_MLPMixer-train_aten_div_Scalar.py'.
Hint: make sure your test modules/packages have valid Python names.
Traceback:
../.pyenv/versions/3.11.10/lib/python3.11/importlib/__init__.py:126: in import_module
    return _bootstrap._gcd_import(name[level:], package, level)
           ^^^^^^^^^^^^^^^^^^^^^^^^^^^^^^^^^^^^^^^^^^^^^^^^^^^^
tests/autogen_op/MLPMixer-train/test_MLPMixer-train_aten_div_Scalar.py:8: in <module>
    import ttnn
E   ModuleNotFoundError: No module named 'ttnn'
_ ERROR collecting tests/autogen_op/MLPMixer-train/test_MLPMixer-train_aten_expand_default.py _
ImportError while importing test module '/Users/Ajay17/pytorch2.0_ttnn/tests/autogen_op/MLPMixer-train/test_MLPMixer-train_aten_expand_default.py'.
Hint: make sure your test modules/packages have valid Python names.
Traceback:
../.pyenv/versions/3.11.10/lib/python3.11/importlib/__init__.py:126: in import_module
    return _bootstrap._gcd_import(name[level:], package, level)
           ^^^^^^^^^^^^^^^^^^^^^^^^^^^^^^^^^^^^^^^^^^^^^^^^^^^^
tests/autogen_op/MLPMixer-train/test_MLPMixer-train_aten_expand_default.py:8: in <module>
    import ttnn
E   ModuleNotFoundError: No module named 'ttnn'
_ ERROR collecting tests/autogen_op/MLPMixer-train/test_MLPMixer-train_aten_gelu_backward_default.py _
ImportError while importing test module '/Users/Ajay17/pytorch2.0_ttnn/tests/autogen_op/MLPMixer-train/test_MLPMixer-train_aten_gelu_backward_default.py'.
Hint: make sure your test modules/packages have valid Python names.
Traceback:
../.pyenv/versions/3.11.10/lib/python3.11/importlib/__init__.py:126: in import_module
    return _bootstrap._gcd_import(name[level:], package, level)
           ^^^^^^^^^^^^^^^^^^^^^^^^^^^^^^^^^^^^^^^^^^^^^^^^^^^^
tests/autogen_op/MLPMixer-train/test_MLPMixer-train_aten_gelu_backward_default.py:8: in <module>
    import ttnn
E   ModuleNotFoundError: No module named 'ttnn'
_ ERROR collecting tests/autogen_op/MLPMixer-train/test_MLPMixer-train_aten_gelu_default.py _
ImportError while importing test module '/Users/Ajay17/pytorch2.0_ttnn/tests/autogen_op/MLPMixer-train/test_MLPMixer-train_aten_gelu_default.py'.
Hint: make sure your test modules/packages have valid Python names.
Traceback:
../.pyenv/versions/3.11.10/lib/python3.11/importlib/__init__.py:126: in import_module
    return _bootstrap._gcd_import(name[level:], package, level)
           ^^^^^^^^^^^^^^^^^^^^^^^^^^^^^^^^^^^^^^^^^^^^^^^^^^^^
tests/autogen_op/MLPMixer-train/test_MLPMixer-train_aten_gelu_default.py:8: in <module>
    import ttnn
E   ModuleNotFoundError: No module named 'ttnn'
_ ERROR collecting tests/autogen_op/MLPMixer-train/test_MLPMixer-train_aten_mean_dim.py _
ImportError while importing test module '/Users/Ajay17/pytorch2.0_ttnn/tests/autogen_op/MLPMixer-train/test_MLPMixer-train_aten_mean_dim.py'.
Hint: make sure your test modules/packages have valid Python names.
Traceback:
../.pyenv/versions/3.11.10/lib/python3.11/importlib/__init__.py:126: in import_module
    return _bootstrap._gcd_import(name[level:], package, level)
           ^^^^^^^^^^^^^^^^^^^^^^^^^^^^^^^^^^^^^^^^^^^^^^^^^^^^
tests/autogen_op/MLPMixer-train/test_MLPMixer-train_aten_mean_dim.py:8: in <module>
    import ttnn
E   ModuleNotFoundError: No module named 'ttnn'
_ ERROR collecting tests/autogen_op/MLPMixer-train/test_MLPMixer-train_aten_mm_default.py _
ImportError while importing test module '/Users/Ajay17/pytorch2.0_ttnn/tests/autogen_op/MLPMixer-train/test_MLPMixer-train_aten_mm_default.py'.
Hint: make sure your test modules/packages have valid Python names.
Traceback:
../.pyenv/versions/3.11.10/lib/python3.11/importlib/__init__.py:126: in import_module
    return _bootstrap._gcd_import(name[level:], package, level)
           ^^^^^^^^^^^^^^^^^^^^^^^^^^^^^^^^^^^^^^^^^^^^^^^^^^^^
tests/autogen_op/MLPMixer-train/test_MLPMixer-train_aten_mm_default.py:8: in <module>
    import ttnn
E   ModuleNotFoundError: No module named 'ttnn'
_ ERROR collecting tests/autogen_op/MLPMixer-train/test_MLPMixer-train_aten_native_layer_norm_backward_default.py _
ImportError while importing test module '/Users/Ajay17/pytorch2.0_ttnn/tests/autogen_op/MLPMixer-train/test_MLPMixer-train_aten_native_layer_norm_backward_default.py'.
Hint: make sure your test modules/packages have valid Python names.
Traceback:
../.pyenv/versions/3.11.10/lib/python3.11/importlib/__init__.py:126: in import_module
    return _bootstrap._gcd_import(name[level:], package, level)
           ^^^^^^^^^^^^^^^^^^^^^^^^^^^^^^^^^^^^^^^^^^^^^^^^^^^^
tests/autogen_op/MLPMixer-train/test_MLPMixer-train_aten_native_layer_norm_backward_default.py:8: in <module>
    import ttnn
E   ModuleNotFoundError: No module named 'ttnn'
_ ERROR collecting tests/autogen_op/MLPMixer-train/test_MLPMixer-train_aten_native_layer_norm_default.py _
ImportError while importing test module '/Users/Ajay17/pytorch2.0_ttnn/tests/autogen_op/MLPMixer-train/test_MLPMixer-train_aten_native_layer_norm_default.py'.
Hint: make sure your test modules/packages have valid Python names.
Traceback:
../.pyenv/versions/3.11.10/lib/python3.11/importlib/__init__.py:126: in import_module
    return _bootstrap._gcd_import(name[level:], package, level)
           ^^^^^^^^^^^^^^^^^^^^^^^^^^^^^^^^^^^^^^^^^^^^^^^^^^^^
tests/autogen_op/MLPMixer-train/test_MLPMixer-train_aten_native_layer_norm_default.py:8: in <module>
    import ttnn
E   ModuleNotFoundError: No module named 'ttnn'
_ ERROR collecting tests/autogen_op/MLPMixer-train/test_MLPMixer-train_aten_permute_default.py _
ImportError while importing test module '/Users/Ajay17/pytorch2.0_ttnn/tests/autogen_op/MLPMixer-train/test_MLPMixer-train_aten_permute_default.py'.
Hint: make sure your test modules/packages have valid Python names.
Traceback:
../.pyenv/versions/3.11.10/lib/python3.11/importlib/__init__.py:126: in import_module
    return _bootstrap._gcd_import(name[level:], package, level)
           ^^^^^^^^^^^^^^^^^^^^^^^^^^^^^^^^^^^^^^^^^^^^^^^^^^^^
tests/autogen_op/MLPMixer-train/test_MLPMixer-train_aten_permute_default.py:8: in <module>
    import ttnn
E   ModuleNotFoundError: No module named 'ttnn'
_ ERROR collecting tests/autogen_op/MLPMixer-train/test_MLPMixer-train_aten_sum_dim_IntList.py _
ImportError while importing test module '/Users/Ajay17/pytorch2.0_ttnn/tests/autogen_op/MLPMixer-train/test_MLPMixer-train_aten_sum_dim_IntList.py'.
Hint: make sure your test modules/packages have valid Python names.
Traceback:
../.pyenv/versions/3.11.10/lib/python3.11/importlib/__init__.py:126: in import_module
    return _bootstrap._gcd_import(name[level:], package, level)
           ^^^^^^^^^^^^^^^^^^^^^^^^^^^^^^^^^^^^^^^^^^^^^^^^^^^^
tests/autogen_op/MLPMixer-train/test_MLPMixer-train_aten_sum_dim_IntList.py:8: in <module>
    import ttnn
E   ModuleNotFoundError: No module named 'ttnn'
_ ERROR collecting tests/autogen_op/MLPMixer-train/test_MLPMixer-train_aten_t_default.py _
ImportError while importing test module '/Users/Ajay17/pytorch2.0_ttnn/tests/autogen_op/MLPMixer-train/test_MLPMixer-train_aten_t_default.py'.
Hint: make sure your test modules/packages have valid Python names.
Traceback:
../.pyenv/versions/3.11.10/lib/python3.11/importlib/__init__.py:126: in import_module
    return _bootstrap._gcd_import(name[level:], package, level)
           ^^^^^^^^^^^^^^^^^^^^^^^^^^^^^^^^^^^^^^^^^^^^^^^^^^^^
tests/autogen_op/MLPMixer-train/test_MLPMixer-train_aten_t_default.py:8: in <module>
    import ttnn
E   ModuleNotFoundError: No module named 'ttnn'
_ ERROR collecting tests/autogen_op/MLPMixer-train/test_MLPMixer-train_aten_unsqueeze_default.py _
ImportError while importing test module '/Users/Ajay17/pytorch2.0_ttnn/tests/autogen_op/MLPMixer-train/test_MLPMixer-train_aten_unsqueeze_default.py'.
Hint: make sure your test modules/packages have valid Python names.
Traceback:
../.pyenv/versions/3.11.10/lib/python3.11/importlib/__init__.py:126: in import_module
    return _bootstrap._gcd_import(name[level:], package, level)
           ^^^^^^^^^^^^^^^^^^^^^^^^^^^^^^^^^^^^^^^^^^^^^^^^^^^^
tests/autogen_op/MLPMixer-train/test_MLPMixer-train_aten_unsqueeze_default.py:8: in <module>
    import ttnn
E   ModuleNotFoundError: No module named 'ttnn'
_ ERROR collecting tests/autogen_op/MLPMixer-train/test_MLPMixer-train_aten_view_default.py _
ImportError while importing test module '/Users/Ajay17/pytorch2.0_ttnn/tests/autogen_op/MLPMixer-train/test_MLPMixer-train_aten_view_default.py'.
Hint: make sure your test modules/packages have valid Python names.
Traceback:
../.pyenv/versions/3.11.10/lib/python3.11/importlib/__init__.py:126: in import_module
    return _bootstrap._gcd_import(name[level:], package, level)
           ^^^^^^^^^^^^^^^^^^^^^^^^^^^^^^^^^^^^^^^^^^^^^^^^^^^^
tests/autogen_op/MLPMixer-train/test_MLPMixer-train_aten_view_default.py:8: in <module>
    import ttnn
E   ModuleNotFoundError: No module named 'ttnn'
_ ERROR collecting tests/autogen_op/Mnist/test_Mnist_aten__log_softmax_default.py _
ImportError while importing test module '/Users/Ajay17/pytorch2.0_ttnn/tests/autogen_op/Mnist/test_Mnist_aten__log_softmax_default.py'.
Hint: make sure your test modules/packages have valid Python names.
Traceback:
../.pyenv/versions/3.11.10/lib/python3.11/importlib/__init__.py:126: in import_module
    return _bootstrap._gcd_import(name[level:], package, level)
           ^^^^^^^^^^^^^^^^^^^^^^^^^^^^^^^^^^^^^^^^^^^^^^^^^^^^
tests/autogen_op/Mnist/test_Mnist_aten__log_softmax_default.py:8: in <module>
    import ttnn
E   ModuleNotFoundError: No module named 'ttnn'
___ ERROR collecting tests/autogen_op/Mnist/test_Mnist_aten_addmm_default.py ___
ImportError while importing test module '/Users/Ajay17/pytorch2.0_ttnn/tests/autogen_op/Mnist/test_Mnist_aten_addmm_default.py'.
Hint: make sure your test modules/packages have valid Python names.
Traceback:
../.pyenv/versions/3.11.10/lib/python3.11/importlib/__init__.py:126: in import_module
    return _bootstrap._gcd_import(name[level:], package, level)
           ^^^^^^^^^^^^^^^^^^^^^^^^^^^^^^^^^^^^^^^^^^^^^^^^^^^^
tests/autogen_op/Mnist/test_Mnist_aten_addmm_default.py:8: in <module>
    import ttnn
E   ModuleNotFoundError: No module named 'ttnn'
___ ERROR collecting tests/autogen_op/Mnist/test_Mnist_aten_clone_default.py ___
ImportError while importing test module '/Users/Ajay17/pytorch2.0_ttnn/tests/autogen_op/Mnist/test_Mnist_aten_clone_default.py'.
Hint: make sure your test modules/packages have valid Python names.
Traceback:
../.pyenv/versions/3.11.10/lib/python3.11/importlib/__init__.py:126: in import_module
    return _bootstrap._gcd_import(name[level:], package, level)
           ^^^^^^^^^^^^^^^^^^^^^^^^^^^^^^^^^^^^^^^^^^^^^^^^^^^^
tests/autogen_op/Mnist/test_Mnist_aten_clone_default.py:8: in <module>
    import ttnn
E   ModuleNotFoundError: No module named 'ttnn'
_ ERROR collecting tests/autogen_op/Mnist/test_Mnist_aten_convolution_default.py _
ImportError while importing test module '/Users/Ajay17/pytorch2.0_ttnn/tests/autogen_op/Mnist/test_Mnist_aten_convolution_default.py'.
Hint: make sure your test modules/packages have valid Python names.
Traceback:
../.pyenv/versions/3.11.10/lib/python3.11/importlib/__init__.py:126: in import_module
    return _bootstrap._gcd_import(name[level:], package, level)
           ^^^^^^^^^^^^^^^^^^^^^^^^^^^^^^^^^^^^^^^^^^^^^^^^^^^^
tests/autogen_op/Mnist/test_Mnist_aten_convolution_default.py:8: in <module>
    import ttnn
E   ModuleNotFoundError: No module named 'ttnn'
_ ERROR collecting tests/autogen_op/Mnist/test_Mnist_aten_max_pool2d_with_indices_default.py _
ImportError while importing test module '/Users/Ajay17/pytorch2.0_ttnn/tests/autogen_op/Mnist/test_Mnist_aten_max_pool2d_with_indices_default.py'.
Hint: make sure your test modules/packages have valid Python names.
Traceback:
../.pyenv/versions/3.11.10/lib/python3.11/importlib/__init__.py:126: in import_module
    return _bootstrap._gcd_import(name[level:], package, level)
           ^^^^^^^^^^^^^^^^^^^^^^^^^^^^^^^^^^^^^^^^^^^^^^^^^^^^
tests/autogen_op/Mnist/test_Mnist_aten_max_pool2d_with_indices_default.py:8: in <module>
    import ttnn
E   ModuleNotFoundError: No module named 'ttnn'
___ ERROR collecting tests/autogen_op/Mnist/test_Mnist_aten_relu_default.py ____
ImportError while importing test module '/Users/Ajay17/pytorch2.0_ttnn/tests/autogen_op/Mnist/test_Mnist_aten_relu_default.py'.
Hint: make sure your test modules/packages have valid Python names.
Traceback:
../.pyenv/versions/3.11.10/lib/python3.11/importlib/__init__.py:126: in import_module
    return _bootstrap._gcd_import(name[level:], package, level)
           ^^^^^^^^^^^^^^^^^^^^^^^^^^^^^^^^^^^^^^^^^^^^^^^^^^^^
tests/autogen_op/Mnist/test_Mnist_aten_relu_default.py:8: in <module>
    import ttnn
E   ModuleNotFoundError: No module named 'ttnn'
_____ ERROR collecting tests/autogen_op/Mnist/test_Mnist_aten_t_default.py _____
ImportError while importing test module '/Users/Ajay17/pytorch2.0_ttnn/tests/autogen_op/Mnist/test_Mnist_aten_t_default.py'.
Hint: make sure your test modules/packages have valid Python names.
Traceback:
../.pyenv/versions/3.11.10/lib/python3.11/importlib/__init__.py:126: in import_module
    return _bootstrap._gcd_import(name[level:], package, level)
           ^^^^^^^^^^^^^^^^^^^^^^^^^^^^^^^^^^^^^^^^^^^^^^^^^^^^
tests/autogen_op/Mnist/test_Mnist_aten_t_default.py:8: in <module>
    import ttnn
E   ModuleNotFoundError: No module named 'ttnn'
___ ERROR collecting tests/autogen_op/Mnist/test_Mnist_aten_view_default.py ____
ImportError while importing test module '/Users/Ajay17/pytorch2.0_ttnn/tests/autogen_op/Mnist/test_Mnist_aten_view_default.py'.
Hint: make sure your test modules/packages have valid Python names.
Traceback:
../.pyenv/versions/3.11.10/lib/python3.11/importlib/__init__.py:126: in import_module
    return _bootstrap._gcd_import(name[level:], package, level)
           ^^^^^^^^^^^^^^^^^^^^^^^^^^^^^^^^^^^^^^^^^^^^^^^^^^^^
tests/autogen_op/Mnist/test_Mnist_aten_view_default.py:8: in <module>
    import ttnn
E   ModuleNotFoundError: No module named 'ttnn'
_ ERROR collecting tests/autogen_op/Mnist-train/test_Mnist-train_aten__log_softmax_backward_data_default.py _
ImportError while importing test module '/Users/Ajay17/pytorch2.0_ttnn/tests/autogen_op/Mnist-train/test_Mnist-train_aten__log_softmax_backward_data_default.py'.
Hint: make sure your test modules/packages have valid Python names.
Traceback:
../.pyenv/versions/3.11.10/lib/python3.11/importlib/__init__.py:126: in import_module
    return _bootstrap._gcd_import(name[level:], package, level)
           ^^^^^^^^^^^^^^^^^^^^^^^^^^^^^^^^^^^^^^^^^^^^^^^^^^^^
tests/autogen_op/Mnist-train/test_Mnist-train_aten__log_softmax_backward_data_default.py:8: in <module>
    import ttnn
E   ModuleNotFoundError: No module named 'ttnn'
_ ERROR collecting tests/autogen_op/Mnist-train/test_Mnist-train_aten__log_softmax_default.py _
ImportError while importing test module '/Users/Ajay17/pytorch2.0_ttnn/tests/autogen_op/Mnist-train/test_Mnist-train_aten__log_softmax_default.py'.
Hint: make sure your test modules/packages have valid Python names.
Traceback:
../.pyenv/versions/3.11.10/lib/python3.11/importlib/__init__.py:126: in import_module
    return _bootstrap._gcd_import(name[level:], package, level)
           ^^^^^^^^^^^^^^^^^^^^^^^^^^^^^^^^^^^^^^^^^^^^^^^^^^^^
tests/autogen_op/Mnist-train/test_Mnist-train_aten__log_softmax_default.py:8: in <module>
    import ttnn
E   ModuleNotFoundError: No module named 'ttnn'
_ ERROR collecting tests/autogen_op/Mnist-train/test_Mnist-train_aten_addmm_default.py _
ImportError while importing test module '/Users/Ajay17/pytorch2.0_ttnn/tests/autogen_op/Mnist-train/test_Mnist-train_aten_addmm_default.py'.
Hint: make sure your test modules/packages have valid Python names.
Traceback:
../.pyenv/versions/3.11.10/lib/python3.11/importlib/__init__.py:126: in import_module
    return _bootstrap._gcd_import(name[level:], package, level)
           ^^^^^^^^^^^^^^^^^^^^^^^^^^^^^^^^^^^^^^^^^^^^^^^^^^^^
tests/autogen_op/Mnist-train/test_Mnist-train_aten_addmm_default.py:8: in <module>
    import ttnn
E   ModuleNotFoundError: No module named 'ttnn'
_ ERROR collecting tests/autogen_op/Mnist-train/test_Mnist-train_aten_clone_default.py _
ImportError while importing test module '/Users/Ajay17/pytorch2.0_ttnn/tests/autogen_op/Mnist-train/test_Mnist-train_aten_clone_default.py'.
Hint: make sure your test modules/packages have valid Python names.
Traceback:
../.pyenv/versions/3.11.10/lib/python3.11/importlib/__init__.py:126: in import_module
    return _bootstrap._gcd_import(name[level:], package, level)
           ^^^^^^^^^^^^^^^^^^^^^^^^^^^^^^^^^^^^^^^^^^^^^^^^^^^^
tests/autogen_op/Mnist-train/test_Mnist-train_aten_clone_default.py:8: in <module>
    import ttnn
E   ModuleNotFoundError: No module named 'ttnn'
_ ERROR collecting tests/autogen_op/Mnist-train/test_Mnist-train_aten_convolution_backward_default.py _
ImportError while importing test module '/Users/Ajay17/pytorch2.0_ttnn/tests/autogen_op/Mnist-train/test_Mnist-train_aten_convolution_backward_default.py'.
Hint: make sure your test modules/packages have valid Python names.
Traceback:
../.pyenv/versions/3.11.10/lib/python3.11/importlib/__init__.py:126: in import_module
    return _bootstrap._gcd_import(name[level:], package, level)
           ^^^^^^^^^^^^^^^^^^^^^^^^^^^^^^^^^^^^^^^^^^^^^^^^^^^^
tests/autogen_op/Mnist-train/test_Mnist-train_aten_convolution_backward_default.py:8: in <module>
    import ttnn
E   ModuleNotFoundError: No module named 'ttnn'
_ ERROR collecting tests/autogen_op/Mnist-train/test_Mnist-train_aten_convolution_default.py _
ImportError while importing test module '/Users/Ajay17/pytorch2.0_ttnn/tests/autogen_op/Mnist-train/test_Mnist-train_aten_convolution_default.py'.
Hint: make sure your test modules/packages have valid Python names.
Traceback:
../.pyenv/versions/3.11.10/lib/python3.11/importlib/__init__.py:126: in import_module
    return _bootstrap._gcd_import(name[level:], package, level)
           ^^^^^^^^^^^^^^^^^^^^^^^^^^^^^^^^^^^^^^^^^^^^^^^^^^^^
tests/autogen_op/Mnist-train/test_Mnist-train_aten_convolution_default.py:8: in <module>
    import ttnn
E   ModuleNotFoundError: No module named 'ttnn'
_ ERROR collecting tests/autogen_op/Mnist-train/test_Mnist-train_aten_detach_default.py _
ImportError while importing test module '/Users/Ajay17/pytorch2.0_ttnn/tests/autogen_op/Mnist-train/test_Mnist-train_aten_detach_default.py'.
Hint: make sure your test modules/packages have valid Python names.
Traceback:
../.pyenv/versions/3.11.10/lib/python3.11/importlib/__init__.py:126: in import_module
    return _bootstrap._gcd_import(name[level:], package, level)
           ^^^^^^^^^^^^^^^^^^^^^^^^^^^^^^^^^^^^^^^^^^^^^^^^^^^^
tests/autogen_op/Mnist-train/test_Mnist-train_aten_detach_default.py:8: in <module>
    import ttnn
E   ModuleNotFoundError: No module named 'ttnn'
_ ERROR collecting tests/autogen_op/Mnist-train/test_Mnist-train_aten_max_pool2d_with_indices_backward_default.py _
ImportError while importing test module '/Users/Ajay17/pytorch2.0_ttnn/tests/autogen_op/Mnist-train/test_Mnist-train_aten_max_pool2d_with_indices_backward_default.py'.
Hint: make sure your test modules/packages have valid Python names.
Traceback:
../.pyenv/versions/3.11.10/lib/python3.11/importlib/__init__.py:126: in import_module
    return _bootstrap._gcd_import(name[level:], package, level)
           ^^^^^^^^^^^^^^^^^^^^^^^^^^^^^^^^^^^^^^^^^^^^^^^^^^^^
tests/autogen_op/Mnist-train/test_Mnist-train_aten_max_pool2d_with_indices_backward_default.py:8: in <module>
    import ttnn
E   ModuleNotFoundError: No module named 'ttnn'
_ ERROR collecting tests/autogen_op/Mnist-train/test_Mnist-train_aten_max_pool2d_with_indices_default.py _
ImportError while importing test module '/Users/Ajay17/pytorch2.0_ttnn/tests/autogen_op/Mnist-train/test_Mnist-train_aten_max_pool2d_with_indices_default.py'.
Hint: make sure your test modules/packages have valid Python names.
Traceback:
../.pyenv/versions/3.11.10/lib/python3.11/importlib/__init__.py:126: in import_module
    return _bootstrap._gcd_import(name[level:], package, level)
           ^^^^^^^^^^^^^^^^^^^^^^^^^^^^^^^^^^^^^^^^^^^^^^^^^^^^
tests/autogen_op/Mnist-train/test_Mnist-train_aten_max_pool2d_with_indices_default.py:8: in <module>
    import ttnn
E   ModuleNotFoundError: No module named 'ttnn'
_ ERROR collecting tests/autogen_op/Mnist-train/test_Mnist-train_aten_mm_default.py _
ImportError while importing test module '/Users/Ajay17/pytorch2.0_ttnn/tests/autogen_op/Mnist-train/test_Mnist-train_aten_mm_default.py'.
Hint: make sure your test modules/packages have valid Python names.
Traceback:
../.pyenv/versions/3.11.10/lib/python3.11/importlib/__init__.py:126: in import_module
    return _bootstrap._gcd_import(name[level:], package, level)
           ^^^^^^^^^^^^^^^^^^^^^^^^^^^^^^^^^^^^^^^^^^^^^^^^^^^^
tests/autogen_op/Mnist-train/test_Mnist-train_aten_mm_default.py:8: in <module>
    import ttnn
E   ModuleNotFoundError: No module named 'ttnn'
_ ERROR collecting tests/autogen_op/Mnist-train/test_Mnist-train_aten_relu_default.py _
ImportError while importing test module '/Users/Ajay17/pytorch2.0_ttnn/tests/autogen_op/Mnist-train/test_Mnist-train_aten_relu_default.py'.
Hint: make sure your test modules/packages have valid Python names.
Traceback:
../.pyenv/versions/3.11.10/lib/python3.11/importlib/__init__.py:126: in import_module
    return _bootstrap._gcd_import(name[level:], package, level)
           ^^^^^^^^^^^^^^^^^^^^^^^^^^^^^^^^^^^^^^^^^^^^^^^^^^^^
tests/autogen_op/Mnist-train/test_Mnist-train_aten_relu_default.py:8: in <module>
    import ttnn
E   ModuleNotFoundError: No module named 'ttnn'
_ ERROR collecting tests/autogen_op/Mnist-train/test_Mnist-train_aten_sum_dim_IntList.py _
ImportError while importing test module '/Users/Ajay17/pytorch2.0_ttnn/tests/autogen_op/Mnist-train/test_Mnist-train_aten_sum_dim_IntList.py'.
Hint: make sure your test modules/packages have valid Python names.
Traceback:
../.pyenv/versions/3.11.10/lib/python3.11/importlib/__init__.py:126: in import_module
    return _bootstrap._gcd_import(name[level:], package, level)
           ^^^^^^^^^^^^^^^^^^^^^^^^^^^^^^^^^^^^^^^^^^^^^^^^^^^^
tests/autogen_op/Mnist-train/test_Mnist-train_aten_sum_dim_IntList.py:8: in <module>
    import ttnn
E   ModuleNotFoundError: No module named 'ttnn'
_ ERROR collecting tests/autogen_op/Mnist-train/test_Mnist-train_aten_t_default.py _
ImportError while importing test module '/Users/Ajay17/pytorch2.0_ttnn/tests/autogen_op/Mnist-train/test_Mnist-train_aten_t_default.py'.
Hint: make sure your test modules/packages have valid Python names.
Traceback:
../.pyenv/versions/3.11.10/lib/python3.11/importlib/__init__.py:126: in import_module
    return _bootstrap._gcd_import(name[level:], package, level)
           ^^^^^^^^^^^^^^^^^^^^^^^^^^^^^^^^^^^^^^^^^^^^^^^^^^^^
tests/autogen_op/Mnist-train/test_Mnist-train_aten_t_default.py:8: in <module>
    import ttnn
E   ModuleNotFoundError: No module named 'ttnn'
_ ERROR collecting tests/autogen_op/Mnist-train/test_Mnist-train_aten_threshold_backward_default.py _
ImportError while importing test module '/Users/Ajay17/pytorch2.0_ttnn/tests/autogen_op/Mnist-train/test_Mnist-train_aten_threshold_backward_default.py'.
Hint: make sure your test modules/packages have valid Python names.
Traceback:
../.pyenv/versions/3.11.10/lib/python3.11/importlib/__init__.py:126: in import_module
    return _bootstrap._gcd_import(name[level:], package, level)
           ^^^^^^^^^^^^^^^^^^^^^^^^^^^^^^^^^^^^^^^^^^^^^^^^^^^^
tests/autogen_op/Mnist-train/test_Mnist-train_aten_threshold_backward_default.py:8: in <module>
    import ttnn
E   ModuleNotFoundError: No module named 'ttnn'
_ ERROR collecting tests/autogen_op/Mnist-train/test_Mnist-train_aten_view_default.py _
ImportError while importing test module '/Users/Ajay17/pytorch2.0_ttnn/tests/autogen_op/Mnist-train/test_Mnist-train_aten_view_default.py'.
Hint: make sure your test modules/packages have valid Python names.
Traceback:
../.pyenv/versions/3.11.10/lib/python3.11/importlib/__init__.py:126: in import_module
    return _bootstrap._gcd_import(name[level:], package, level)
           ^^^^^^^^^^^^^^^^^^^^^^^^^^^^^^^^^^^^^^^^^^^^^^^^^^^^
tests/autogen_op/Mnist-train/test_Mnist-train_aten_view_default.py:8: in <module>
    import ttnn
E   ModuleNotFoundError: No module named 'ttnn'
_ ERROR collecting tests/autogen_op/MobileNetSSD/test_MobileNetSSD_aten__native_batch_norm_legit_no_training_default.py _
ImportError while importing test module '/Users/Ajay17/pytorch2.0_ttnn/tests/autogen_op/MobileNetSSD/test_MobileNetSSD_aten__native_batch_norm_legit_no_training_default.py'.
Hint: make sure your test modules/packages have valid Python names.
Traceback:
../.pyenv/versions/3.11.10/lib/python3.11/importlib/__init__.py:126: in import_module
    return _bootstrap._gcd_import(name[level:], package, level)
           ^^^^^^^^^^^^^^^^^^^^^^^^^^^^^^^^^^^^^^^^^^^^^^^^^^^^
tests/autogen_op/MobileNetSSD/test_MobileNetSSD_aten__native_batch_norm_legit_no_training_default.py:8: in <module>
    import ttnn
E   ModuleNotFoundError: No module named 'ttnn'
_ ERROR collecting tests/autogen_op/MobileNetSSD/test_MobileNetSSD_aten__unsafe_index_Tensor.py _
ImportError while importing test module '/Users/Ajay17/pytorch2.0_ttnn/tests/autogen_op/MobileNetSSD/test_MobileNetSSD_aten__unsafe_index_Tensor.py'.
Hint: make sure your test modules/packages have valid Python names.
Traceback:
../.pyenv/versions/3.11.10/lib/python3.11/importlib/__init__.py:126: in import_module
    return _bootstrap._gcd_import(name[level:], package, level)
           ^^^^^^^^^^^^^^^^^^^^^^^^^^^^^^^^^^^^^^^^^^^^^^^^^^^^
tests/autogen_op/MobileNetSSD/test_MobileNetSSD_aten__unsafe_index_Tensor.py:8: in <module>
    import ttnn
E   ModuleNotFoundError: No module named 'ttnn'
_ ERROR collecting tests/autogen_op/MobileNetSSD/test_MobileNetSSD_aten__unsafe_view_default.py _
ImportError while importing test module '/Users/Ajay17/pytorch2.0_ttnn/tests/autogen_op/MobileNetSSD/test_MobileNetSSD_aten__unsafe_view_default.py'.
Hint: make sure your test modules/packages have valid Python names.
Traceback:
../.pyenv/versions/3.11.10/lib/python3.11/importlib/__init__.py:126: in import_module
    return _bootstrap._gcd_import(name[level:], package, level)
           ^^^^^^^^^^^^^^^^^^^^^^^^^^^^^^^^^^^^^^^^^^^^^^^^^^^^
tests/autogen_op/MobileNetSSD/test_MobileNetSSD_aten__unsafe_view_default.py:8: in <module>
    import ttnn
E   ModuleNotFoundError: No module named 'ttnn'
_ ERROR collecting tests/autogen_op/MobileNetSSD/test_MobileNetSSD_aten_add_Tensor.py _
ImportError while importing test module '/Users/Ajay17/pytorch2.0_ttnn/tests/autogen_op/MobileNetSSD/test_MobileNetSSD_aten_add_Tensor.py'.
Hint: make sure your test modules/packages have valid Python names.
Traceback:
../.pyenv/versions/3.11.10/lib/python3.11/importlib/__init__.py:126: in import_module
    return _bootstrap._gcd_import(name[level:], package, level)
           ^^^^^^^^^^^^^^^^^^^^^^^^^^^^^^^^^^^^^^^^^^^^^^^^^^^^
tests/autogen_op/MobileNetSSD/test_MobileNetSSD_aten_add_Tensor.py:8: in <module>
    import ttnn
E   ModuleNotFoundError: No module named 'ttnn'
_ ERROR collecting tests/autogen_op/MobileNetSSD/test_MobileNetSSD_aten_cat_default.py _
ImportError while importing test module '/Users/Ajay17/pytorch2.0_ttnn/tests/autogen_op/MobileNetSSD/test_MobileNetSSD_aten_cat_default.py'.
Hint: make sure your test modules/packages have valid Python names.
Traceback:
../.pyenv/versions/3.11.10/lib/python3.11/importlib/__init__.py:126: in import_module
    return _bootstrap._gcd_import(name[level:], package, level)
           ^^^^^^^^^^^^^^^^^^^^^^^^^^^^^^^^^^^^^^^^^^^^^^^^^^^^
tests/autogen_op/MobileNetSSD/test_MobileNetSSD_aten_cat_default.py:8: in <module>
    import ttnn
E   ModuleNotFoundError: No module named 'ttnn'
_ ERROR collecting tests/autogen_op/MobileNetSSD/test_MobileNetSSD_aten_clamp_default.py _
ImportError while importing test module '/Users/Ajay17/pytorch2.0_ttnn/tests/autogen_op/MobileNetSSD/test_MobileNetSSD_aten_clamp_default.py'.
Hint: make sure your test modules/packages have valid Python names.
Traceback:
../.pyenv/versions/3.11.10/lib/python3.11/importlib/__init__.py:126: in import_module
    return _bootstrap._gcd_import(name[level:], package, level)
           ^^^^^^^^^^^^^^^^^^^^^^^^^^^^^^^^^^^^^^^^^^^^^^^^^^^^
tests/autogen_op/MobileNetSSD/test_MobileNetSSD_aten_clamp_default.py:8: in <module>
    import ttnn
E   ModuleNotFoundError: No module named 'ttnn'
_ ERROR collecting tests/autogen_op/MobileNetSSD/test_MobileNetSSD_aten_clone_default.py _
ImportError while importing test module '/Users/Ajay17/pytorch2.0_ttnn/tests/autogen_op/MobileNetSSD/test_MobileNetSSD_aten_clone_default.py'.
Hint: make sure your test modules/packages have valid Python names.
Traceback:
../.pyenv/versions/3.11.10/lib/python3.11/importlib/__init__.py:126: in import_module
    return _bootstrap._gcd_import(name[level:], package, level)
           ^^^^^^^^^^^^^^^^^^^^^^^^^^^^^^^^^^^^^^^^^^^^^^^^^^^^
tests/autogen_op/MobileNetSSD/test_MobileNetSSD_aten_clone_default.py:8: in <module>
    import ttnn
E   ModuleNotFoundError: No module named 'ttnn'
_ ERROR collecting tests/autogen_op/MobileNetSSD/test_MobileNetSSD_aten_convolution_default.py _
ImportError while importing test module '/Users/Ajay17/pytorch2.0_ttnn/tests/autogen_op/MobileNetSSD/test_MobileNetSSD_aten_convolution_default.py'.
Hint: make sure your test modules/packages have valid Python names.
Traceback:
../.pyenv/versions/3.11.10/lib/python3.11/importlib/__init__.py:126: in import_module
    return _bootstrap._gcd_import(name[level:], package, level)
           ^^^^^^^^^^^^^^^^^^^^^^^^^^^^^^^^^^^^^^^^^^^^^^^^^^^^
tests/autogen_op/MobileNetSSD/test_MobileNetSSD_aten_convolution_default.py:8: in <module>
    import ttnn
E   ModuleNotFoundError: No module named 'ttnn'
_ ERROR collecting tests/autogen_op/MobileNetSSD/test_MobileNetSSD_aten_div_Tensor.py _
ImportError while importing test module '/Users/Ajay17/pytorch2.0_ttnn/tests/autogen_op/MobileNetSSD/test_MobileNetSSD_aten_div_Tensor.py'.
Hint: make sure your test modules/packages have valid Python names.
Traceback:
../.pyenv/versions/3.11.10/lib/python3.11/importlib/__init__.py:126: in import_module
    return _bootstrap._gcd_import(name[level:], package, level)
           ^^^^^^^^^^^^^^^^^^^^^^^^^^^^^^^^^^^^^^^^^^^^^^^^^^^^
tests/autogen_op/MobileNetSSD/test_MobileNetSSD_aten_div_Tensor.py:8: in <module>
    import ttnn
E   ModuleNotFoundError: No module named 'ttnn'
_ ERROR collecting tests/autogen_op/MobileNetSSD/test_MobileNetSSD_aten_expand_default.py _
ImportError while importing test module '/Users/Ajay17/pytorch2.0_ttnn/tests/autogen_op/MobileNetSSD/test_MobileNetSSD_aten_expand_default.py'.
Hint: make sure your test modules/packages have valid Python names.
Traceback:
../.pyenv/versions/3.11.10/lib/python3.11/importlib/__init__.py:126: in import_module
    return _bootstrap._gcd_import(name[level:], package, level)
           ^^^^^^^^^^^^^^^^^^^^^^^^^^^^^^^^^^^^^^^^^^^^^^^^^^^^
tests/autogen_op/MobileNetSSD/test_MobileNetSSD_aten_expand_default.py:8: in <module>
    import ttnn
E   ModuleNotFoundError: No module named 'ttnn'
_ ERROR collecting tests/autogen_op/MobileNetSSD/test_MobileNetSSD_aten_hardsigmoid_default.py _
ImportError while importing test module '/Users/Ajay17/pytorch2.0_ttnn/tests/autogen_op/MobileNetSSD/test_MobileNetSSD_aten_hardsigmoid_default.py'.
Hint: make sure your test modules/packages have valid Python names.
Traceback:
../.pyenv/versions/3.11.10/lib/python3.11/importlib/__init__.py:126: in import_module
    return _bootstrap._gcd_import(name[level:], package, level)
           ^^^^^^^^^^^^^^^^^^^^^^^^^^^^^^^^^^^^^^^^^^^^^^^^^^^^
tests/autogen_op/MobileNetSSD/test_MobileNetSSD_aten_hardsigmoid_default.py:8: in <module>
    import ttnn
E   ModuleNotFoundError: No module named 'ttnn'
_ ERROR collecting tests/autogen_op/MobileNetSSD/test_MobileNetSSD_aten_hardswish_default.py _
ImportError while importing test module '/Users/Ajay17/pytorch2.0_ttnn/tests/autogen_op/MobileNetSSD/test_MobileNetSSD_aten_hardswish_default.py'.
Hint: make sure your test modules/packages have valid Python names.
Traceback:
../.pyenv/versions/3.11.10/lib/python3.11/importlib/__init__.py:126: in import_module
    return _bootstrap._gcd_import(name[level:], package, level)
           ^^^^^^^^^^^^^^^^^^^^^^^^^^^^^^^^^^^^^^^^^^^^^^^^^^^^
tests/autogen_op/MobileNetSSD/test_MobileNetSSD_aten_hardswish_default.py:8: in <module>
    import ttnn
E   ModuleNotFoundError: No module named 'ttnn'
_ ERROR collecting tests/autogen_op/MobileNetSSD/test_MobileNetSSD_aten_hardtanh_default.py _
ImportError while importing test module '/Users/Ajay17/pytorch2.0_ttnn/tests/autogen_op/MobileNetSSD/test_MobileNetSSD_aten_hardtanh_default.py'.
Hint: make sure your test modules/packages have valid Python names.
Traceback:
../.pyenv/versions/3.11.10/lib/python3.11/importlib/__init__.py:126: in import_module
    return _bootstrap._gcd_import(name[level:], package, level)
           ^^^^^^^^^^^^^^^^^^^^^^^^^^^^^^^^^^^^^^^^^^^^^^^^^^^^
tests/autogen_op/MobileNetSSD/test_MobileNetSSD_aten_hardtanh_default.py:8: in <module>
    import ttnn
E   ModuleNotFoundError: No module named 'ttnn'
_ ERROR collecting tests/autogen_op/MobileNetSSD/test_MobileNetSSD_aten_mean_dim.py _
ImportError while importing test module '/Users/Ajay17/pytorch2.0_ttnn/tests/autogen_op/MobileNetSSD/test_MobileNetSSD_aten_mean_dim.py'.
Hint: make sure your test modules/packages have valid Python names.
Traceback:
../.pyenv/versions/3.11.10/lib/python3.11/importlib/__init__.py:126: in import_module
    return _bootstrap._gcd_import(name[level:], package, level)
           ^^^^^^^^^^^^^^^^^^^^^^^^^^^^^^^^^^^^^^^^^^^^^^^^^^^^
tests/autogen_op/MobileNetSSD/test_MobileNetSSD_aten_mean_dim.py:8: in <module>
    import ttnn
E   ModuleNotFoundError: No module named 'ttnn'
_ ERROR collecting tests/autogen_op/MobileNetSSD/test_MobileNetSSD_aten_mul_Tensor.py _
ImportError while importing test module '/Users/Ajay17/pytorch2.0_ttnn/tests/autogen_op/MobileNetSSD/test_MobileNetSSD_aten_mul_Tensor.py'.
Hint: make sure your test modules/packages have valid Python names.
Traceback:
../.pyenv/versions/3.11.10/lib/python3.11/importlib/__init__.py:126: in import_module
    return _bootstrap._gcd_import(name[level:], package, level)
           ^^^^^^^^^^^^^^^^^^^^^^^^^^^^^^^^^^^^^^^^^^^^^^^^^^^^
tests/autogen_op/MobileNetSSD/test_MobileNetSSD_aten_mul_Tensor.py:8: in <module>
    import ttnn
E   ModuleNotFoundError: No module named 'ttnn'
_ ERROR collecting tests/autogen_op/MobileNetSSD/test_MobileNetSSD_aten_new_full_default.py _
ImportError while importing test module '/Users/Ajay17/pytorch2.0_ttnn/tests/autogen_op/MobileNetSSD/test_MobileNetSSD_aten_new_full_default.py'.
Hint: make sure your test modules/packages have valid Python names.
Traceback:
../.pyenv/versions/3.11.10/lib/python3.11/importlib/__init__.py:126: in import_module
    return _bootstrap._gcd_import(name[level:], package, level)
           ^^^^^^^^^^^^^^^^^^^^^^^^^^^^^^^^^^^^^^^^^^^^^^^^^^^^
tests/autogen_op/MobileNetSSD/test_MobileNetSSD_aten_new_full_default.py:8: in <module>
    import ttnn
E   ModuleNotFoundError: No module named 'ttnn'
_ ERROR collecting tests/autogen_op/MobileNetSSD/test_MobileNetSSD_aten_permute_default.py _
ImportError while importing test module '/Users/Ajay17/pytorch2.0_ttnn/tests/autogen_op/MobileNetSSD/test_MobileNetSSD_aten_permute_default.py'.
Hint: make sure your test modules/packages have valid Python names.
Traceback:
../.pyenv/versions/3.11.10/lib/python3.11/importlib/__init__.py:126: in import_module
    return _bootstrap._gcd_import(name[level:], package, level)
           ^^^^^^^^^^^^^^^^^^^^^^^^^^^^^^^^^^^^^^^^^^^^^^^^^^^^
tests/autogen_op/MobileNetSSD/test_MobileNetSSD_aten_permute_default.py:8: in <module>
    import ttnn
E   ModuleNotFoundError: No module named 'ttnn'
_ ERROR collecting tests/autogen_op/MobileNetSSD/test_MobileNetSSD_aten_relu_default.py _
ImportError while importing test module '/Users/Ajay17/pytorch2.0_ttnn/tests/autogen_op/MobileNetSSD/test_MobileNetSSD_aten_relu_default.py'.
Hint: make sure your test modules/packages have valid Python names.
Traceback:
../.pyenv/versions/3.11.10/lib/python3.11/importlib/__init__.py:126: in import_module
    return _bootstrap._gcd_import(name[level:], package, level)
           ^^^^^^^^^^^^^^^^^^^^^^^^^^^^^^^^^^^^^^^^^^^^^^^^^^^^
tests/autogen_op/MobileNetSSD/test_MobileNetSSD_aten_relu_default.py:8: in <module>
    import ttnn
E   ModuleNotFoundError: No module named 'ttnn'
_ ERROR collecting tests/autogen_op/MobileNetSSD/test_MobileNetSSD_aten_repeat_default.py _
ImportError while importing test module '/Users/Ajay17/pytorch2.0_ttnn/tests/autogen_op/MobileNetSSD/test_MobileNetSSD_aten_repeat_default.py'.
Hint: make sure your test modules/packages have valid Python names.
Traceback:
../.pyenv/versions/3.11.10/lib/python3.11/importlib/__init__.py:126: in import_module
    return _bootstrap._gcd_import(name[level:], package, level)
           ^^^^^^^^^^^^^^^^^^^^^^^^^^^^^^^^^^^^^^^^^^^^^^^^^^^^
tests/autogen_op/MobileNetSSD/test_MobileNetSSD_aten_repeat_default.py:8: in <module>
    import ttnn
E   ModuleNotFoundError: No module named 'ttnn'
_ ERROR collecting tests/autogen_op/MobileNetSSD/test_MobileNetSSD_aten_rsub_Scalar.py _
ImportError while importing test module '/Users/Ajay17/pytorch2.0_ttnn/tests/autogen_op/MobileNetSSD/test_MobileNetSSD_aten_rsub_Scalar.py'.
Hint: make sure your test modules/packages have valid Python names.
Traceback:
../.pyenv/versions/3.11.10/lib/python3.11/importlib/__init__.py:126: in import_module
    return _bootstrap._gcd_import(name[level:], package, level)
           ^^^^^^^^^^^^^^^^^^^^^^^^^^^^^^^^^^^^^^^^^^^^^^^^^^^^
tests/autogen_op/MobileNetSSD/test_MobileNetSSD_aten_rsub_Scalar.py:8: in <module>
    import ttnn
E   ModuleNotFoundError: No module named 'ttnn'
_ ERROR collecting tests/autogen_op/MobileNetSSD/test_MobileNetSSD_aten_select_int.py _
ImportError while importing test module '/Users/Ajay17/pytorch2.0_ttnn/tests/autogen_op/MobileNetSSD/test_MobileNetSSD_aten_select_int.py'.
Hint: make sure your test modules/packages have valid Python names.
Traceback:
../.pyenv/versions/3.11.10/lib/python3.11/importlib/__init__.py:126: in import_module
    return _bootstrap._gcd_import(name[level:], package, level)
           ^^^^^^^^^^^^^^^^^^^^^^^^^^^^^^^^^^^^^^^^^^^^^^^^^^^^
tests/autogen_op/MobileNetSSD/test_MobileNetSSD_aten_select_int.py:8: in <module>
    import ttnn
E   ModuleNotFoundError: No module named 'ttnn'
_ ERROR collecting tests/autogen_op/MobileNetSSD/test_MobileNetSSD_aten_slice_Tensor.py _
ImportError while importing test module '/Users/Ajay17/pytorch2.0_ttnn/tests/autogen_op/MobileNetSSD/test_MobileNetSSD_aten_slice_Tensor.py'.
Hint: make sure your test modules/packages have valid Python names.
Traceback:
../.pyenv/versions/3.11.10/lib/python3.11/importlib/__init__.py:126: in import_module
    return _bootstrap._gcd_import(name[level:], package, level)
           ^^^^^^^^^^^^^^^^^^^^^^^^^^^^^^^^^^^^^^^^^^^^^^^^^^^^
tests/autogen_op/MobileNetSSD/test_MobileNetSSD_aten_slice_Tensor.py:8: in <module>
    import ttnn
E   ModuleNotFoundError: No module named 'ttnn'
_ ERROR collecting tests/autogen_op/MobileNetSSD/test_MobileNetSSD_aten_stack_default.py _
ImportError while importing test module '/Users/Ajay17/pytorch2.0_ttnn/tests/autogen_op/MobileNetSSD/test_MobileNetSSD_aten_stack_default.py'.
Hint: make sure your test modules/packages have valid Python names.
Traceback:
../.pyenv/versions/3.11.10/lib/python3.11/importlib/__init__.py:126: in import_module
    return _bootstrap._gcd_import(name[level:], package, level)
           ^^^^^^^^^^^^^^^^^^^^^^^^^^^^^^^^^^^^^^^^^^^^^^^^^^^^
tests/autogen_op/MobileNetSSD/test_MobileNetSSD_aten_stack_default.py:8: in <module>
    import ttnn
E   ModuleNotFoundError: No module named 'ttnn'
_ ERROR collecting tests/autogen_op/MobileNetSSD/test_MobileNetSSD_aten_sub_Tensor.py _
ImportError while importing test module '/Users/Ajay17/pytorch2.0_ttnn/tests/autogen_op/MobileNetSSD/test_MobileNetSSD_aten_sub_Tensor.py'.
Hint: make sure your test modules/packages have valid Python names.
Traceback:
../.pyenv/versions/3.11.10/lib/python3.11/importlib/__init__.py:126: in import_module
    return _bootstrap._gcd_import(name[level:], package, level)
           ^^^^^^^^^^^^^^^^^^^^^^^^^^^^^^^^^^^^^^^^^^^^^^^^^^^^
tests/autogen_op/MobileNetSSD/test_MobileNetSSD_aten_sub_Tensor.py:8: in <module>
    import ttnn
E   ModuleNotFoundError: No module named 'ttnn'
_ ERROR collecting tests/autogen_op/MobileNetSSD/test_MobileNetSSD_aten_unsqueeze_default.py _
ImportError while importing test module '/Users/Ajay17/pytorch2.0_ttnn/tests/autogen_op/MobileNetSSD/test_MobileNetSSD_aten_unsqueeze_default.py'.
Hint: make sure your test modules/packages have valid Python names.
Traceback:
../.pyenv/versions/3.11.10/lib/python3.11/importlib/__init__.py:126: in import_module
    return _bootstrap._gcd_import(name[level:], package, level)
           ^^^^^^^^^^^^^^^^^^^^^^^^^^^^^^^^^^^^^^^^^^^^^^^^^^^^
tests/autogen_op/MobileNetSSD/test_MobileNetSSD_aten_unsqueeze_default.py:8: in <module>
    import ttnn
E   ModuleNotFoundError: No module named 'ttnn'
_ ERROR collecting tests/autogen_op/MobileNetSSD/test_MobileNetSSD_aten_view_default.py _
ImportError while importing test module '/Users/Ajay17/pytorch2.0_ttnn/tests/autogen_op/MobileNetSSD/test_MobileNetSSD_aten_view_default.py'.
Hint: make sure your test modules/packages have valid Python names.
Traceback:
../.pyenv/versions/3.11.10/lib/python3.11/importlib/__init__.py:126: in import_module
    return _bootstrap._gcd_import(name[level:], package, level)
           ^^^^^^^^^^^^^^^^^^^^^^^^^^^^^^^^^^^^^^^^^^^^^^^^^^^^
tests/autogen_op/MobileNetSSD/test_MobileNetSSD_aten_view_default.py:8: in <module>
    import ttnn
E   ModuleNotFoundError: No module named 'ttnn'
_ ERROR collecting tests/autogen_op/MobileNetV2/test_MobileNetV2_aten__native_batch_norm_legit_no_training_default.py _
ImportError while importing test module '/Users/Ajay17/pytorch2.0_ttnn/tests/autogen_op/MobileNetV2/test_MobileNetV2_aten__native_batch_norm_legit_no_training_default.py'.
Hint: make sure your test modules/packages have valid Python names.
Traceback:
../.pyenv/versions/3.11.10/lib/python3.11/importlib/__init__.py:126: in import_module
    return _bootstrap._gcd_import(name[level:], package, level)
           ^^^^^^^^^^^^^^^^^^^^^^^^^^^^^^^^^^^^^^^^^^^^^^^^^^^^
tests/autogen_op/MobileNetV2/test_MobileNetV2_aten__native_batch_norm_legit_no_training_default.py:8: in <module>
    import ttnn
E   ModuleNotFoundError: No module named 'ttnn'
_ ERROR collecting tests/autogen_op/MobileNetV2/test_MobileNetV2_aten_add_Tensor.py _
ImportError while importing test module '/Users/Ajay17/pytorch2.0_ttnn/tests/autogen_op/MobileNetV2/test_MobileNetV2_aten_add_Tensor.py'.
Hint: make sure your test modules/packages have valid Python names.
Traceback:
../.pyenv/versions/3.11.10/lib/python3.11/importlib/__init__.py:126: in import_module
    return _bootstrap._gcd_import(name[level:], package, level)
           ^^^^^^^^^^^^^^^^^^^^^^^^^^^^^^^^^^^^^^^^^^^^^^^^^^^^
tests/autogen_op/MobileNetV2/test_MobileNetV2_aten_add_Tensor.py:8: in <module>
    import ttnn
E   ModuleNotFoundError: No module named 'ttnn'
_ ERROR collecting tests/autogen_op/MobileNetV2/test_MobileNetV2_aten_addmm_default.py _
ImportError while importing test module '/Users/Ajay17/pytorch2.0_ttnn/tests/autogen_op/MobileNetV2/test_MobileNetV2_aten_addmm_default.py'.
Hint: make sure your test modules/packages have valid Python names.
Traceback:
../.pyenv/versions/3.11.10/lib/python3.11/importlib/__init__.py:126: in import_module
    return _bootstrap._gcd_import(name[level:], package, level)
           ^^^^^^^^^^^^^^^^^^^^^^^^^^^^^^^^^^^^^^^^^^^^^^^^^^^^
tests/autogen_op/MobileNetV2/test_MobileNetV2_aten_addmm_default.py:8: in <module>
    import ttnn
E   ModuleNotFoundError: No module named 'ttnn'
_ ERROR collecting tests/autogen_op/MobileNetV2/test_MobileNetV2_aten_clone_default.py _
ImportError while importing test module '/Users/Ajay17/pytorch2.0_ttnn/tests/autogen_op/MobileNetV2/test_MobileNetV2_aten_clone_default.py'.
Hint: make sure your test modules/packages have valid Python names.
Traceback:
../.pyenv/versions/3.11.10/lib/python3.11/importlib/__init__.py:126: in import_module
    return _bootstrap._gcd_import(name[level:], package, level)
           ^^^^^^^^^^^^^^^^^^^^^^^^^^^^^^^^^^^^^^^^^^^^^^^^^^^^
tests/autogen_op/MobileNetV2/test_MobileNetV2_aten_clone_default.py:8: in <module>
    import ttnn
E   ModuleNotFoundError: No module named 'ttnn'
_ ERROR collecting tests/autogen_op/MobileNetV2/test_MobileNetV2_aten_convolution_default.py _
ImportError while importing test module '/Users/Ajay17/pytorch2.0_ttnn/tests/autogen_op/MobileNetV2/test_MobileNetV2_aten_convolution_default.py'.
Hint: make sure your test modules/packages have valid Python names.
Traceback:
../.pyenv/versions/3.11.10/lib/python3.11/importlib/__init__.py:126: in import_module
    return _bootstrap._gcd_import(name[level:], package, level)
           ^^^^^^^^^^^^^^^^^^^^^^^^^^^^^^^^^^^^^^^^^^^^^^^^^^^^
tests/autogen_op/MobileNetV2/test_MobileNetV2_aten_convolution_default.py:8: in <module>
    import ttnn
E   ModuleNotFoundError: No module named 'ttnn'
_ ERROR collecting tests/autogen_op/MobileNetV2/test_MobileNetV2_aten_hardtanh_default.py _
ImportError while importing test module '/Users/Ajay17/pytorch2.0_ttnn/tests/autogen_op/MobileNetV2/test_MobileNetV2_aten_hardtanh_default.py'.
Hint: make sure your test modules/packages have valid Python names.
Traceback:
../.pyenv/versions/3.11.10/lib/python3.11/importlib/__init__.py:126: in import_module
    return _bootstrap._gcd_import(name[level:], package, level)
           ^^^^^^^^^^^^^^^^^^^^^^^^^^^^^^^^^^^^^^^^^^^^^^^^^^^^
tests/autogen_op/MobileNetV2/test_MobileNetV2_aten_hardtanh_default.py:8: in <module>
    import ttnn
E   ModuleNotFoundError: No module named 'ttnn'
_ ERROR collecting tests/autogen_op/MobileNetV2/test_MobileNetV2_aten_mean_dim.py _
ImportError while importing test module '/Users/Ajay17/pytorch2.0_ttnn/tests/autogen_op/MobileNetV2/test_MobileNetV2_aten_mean_dim.py'.
Hint: make sure your test modules/packages have valid Python names.
Traceback:
../.pyenv/versions/3.11.10/lib/python3.11/importlib/__init__.py:126: in import_module
    return _bootstrap._gcd_import(name[level:], package, level)
           ^^^^^^^^^^^^^^^^^^^^^^^^^^^^^^^^^^^^^^^^^^^^^^^^^^^^
tests/autogen_op/MobileNetV2/test_MobileNetV2_aten_mean_dim.py:8: in <module>
    import ttnn
E   ModuleNotFoundError: No module named 'ttnn'
_ ERROR collecting tests/autogen_op/MobileNetV2/test_MobileNetV2_aten_t_default.py _
ImportError while importing test module '/Users/Ajay17/pytorch2.0_ttnn/tests/autogen_op/MobileNetV2/test_MobileNetV2_aten_t_default.py'.
Hint: make sure your test modules/packages have valid Python names.
Traceback:
../.pyenv/versions/3.11.10/lib/python3.11/importlib/__init__.py:126: in import_module
    return _bootstrap._gcd_import(name[level:], package, level)
           ^^^^^^^^^^^^^^^^^^^^^^^^^^^^^^^^^^^^^^^^^^^^^^^^^^^^
tests/autogen_op/MobileNetV2/test_MobileNetV2_aten_t_default.py:8: in <module>
    import ttnn
E   ModuleNotFoundError: No module named 'ttnn'
_ ERROR collecting tests/autogen_op/MobileNetV2/test_MobileNetV2_aten_view_default.py _
ImportError while importing test module '/Users/Ajay17/pytorch2.0_ttnn/tests/autogen_op/MobileNetV2/test_MobileNetV2_aten_view_default.py'.
Hint: make sure your test modules/packages have valid Python names.
Traceback:
../.pyenv/versions/3.11.10/lib/python3.11/importlib/__init__.py:126: in import_module
    return _bootstrap._gcd_import(name[level:], package, level)
           ^^^^^^^^^^^^^^^^^^^^^^^^^^^^^^^^^^^^^^^^^^^^^^^^^^^^
tests/autogen_op/MobileNetV2/test_MobileNetV2_aten_view_default.py:8: in <module>
    import ttnn
E   ModuleNotFoundError: No module named 'ttnn'
___ ERROR collecting tests/autogen_op/OPT/test_OPT_aten__softmax_default.py ____
ImportError while importing test module '/Users/Ajay17/pytorch2.0_ttnn/tests/autogen_op/OPT/test_OPT_aten__softmax_default.py'.
Hint: make sure your test modules/packages have valid Python names.
Traceback:
../.pyenv/versions/3.11.10/lib/python3.11/importlib/__init__.py:126: in import_module
    return _bootstrap._gcd_import(name[level:], package, level)
           ^^^^^^^^^^^^^^^^^^^^^^^^^^^^^^^^^^^^^^^^^^^^^^^^^^^^
tests/autogen_op/OPT/test_OPT_aten__softmax_default.py:8: in <module>
    import ttnn
E   ModuleNotFoundError: No module named 'ttnn'
___ ERROR collecting tests/autogen_op/OPT/test_OPT_aten__to_copy_default.py ____
ImportError while importing test module '/Users/Ajay17/pytorch2.0_ttnn/tests/autogen_op/OPT/test_OPT_aten__to_copy_default.py'.
Hint: make sure your test modules/packages have valid Python names.
Traceback:
../.pyenv/versions/3.11.10/lib/python3.11/importlib/__init__.py:126: in import_module
    return _bootstrap._gcd_import(name[level:], package, level)
           ^^^^^^^^^^^^^^^^^^^^^^^^^^^^^^^^^^^^^^^^^^^^^^^^^^^^
tests/autogen_op/OPT/test_OPT_aten__to_copy_default.py:8: in <module>
    import ttnn
E   ModuleNotFoundError: No module named 'ttnn'
_ ERROR collecting tests/autogen_op/OPT/test_OPT_aten__unsafe_view_default.py __
ImportError while importing test module '/Users/Ajay17/pytorch2.0_ttnn/tests/autogen_op/OPT/test_OPT_aten__unsafe_view_default.py'.
Hint: make sure your test modules/packages have valid Python names.
Traceback:
../.pyenv/versions/3.11.10/lib/python3.11/importlib/__init__.py:126: in import_module
    return _bootstrap._gcd_import(name[level:], package, level)
           ^^^^^^^^^^^^^^^^^^^^^^^^^^^^^^^^^^^^^^^^^^^^^^^^^^^^
tests/autogen_op/OPT/test_OPT_aten__unsafe_view_default.py:8: in <module>
    import ttnn
E   ModuleNotFoundError: No module named 'ttnn'
______ ERROR collecting tests/autogen_op/OPT/test_OPT_aten_add_Tensor.py _______
ImportError while importing test module '/Users/Ajay17/pytorch2.0_ttnn/tests/autogen_op/OPT/test_OPT_aten_add_Tensor.py'.
Hint: make sure your test modules/packages have valid Python names.
Traceback:
../.pyenv/versions/3.11.10/lib/python3.11/importlib/__init__.py:126: in import_module
    return _bootstrap._gcd_import(name[level:], package, level)
           ^^^^^^^^^^^^^^^^^^^^^^^^^^^^^^^^^^^^^^^^^^^^^^^^^^^^
tests/autogen_op/OPT/test_OPT_aten_add_Tensor.py:8: in <module>
    import ttnn
E   ModuleNotFoundError: No module named 'ttnn'
_____ ERROR collecting tests/autogen_op/OPT/test_OPT_aten_addmm_default.py _____
ImportError while importing test module '/Users/Ajay17/pytorch2.0_ttnn/tests/autogen_op/OPT/test_OPT_aten_addmm_default.py'.
Hint: make sure your test modules/packages have valid Python names.
Traceback:
../.pyenv/versions/3.11.10/lib/python3.11/importlib/__init__.py:126: in import_module
    return _bootstrap._gcd_import(name[level:], package, level)
           ^^^^^^^^^^^^^^^^^^^^^^^^^^^^^^^^^^^^^^^^^^^^^^^^^^^^
tests/autogen_op/OPT/test_OPT_aten_addmm_default.py:8: in <module>
    import ttnn
E   ModuleNotFoundError: No module named 'ttnn'
______ ERROR collecting tests/autogen_op/OPT/test_OPT_aten_bmm_default.py ______
ImportError while importing test module '/Users/Ajay17/pytorch2.0_ttnn/tests/autogen_op/OPT/test_OPT_aten_bmm_default.py'.
Hint: make sure your test modules/packages have valid Python names.
Traceback:
../.pyenv/versions/3.11.10/lib/python3.11/importlib/__init__.py:126: in import_module
    return _bootstrap._gcd_import(name[level:], package, level)
           ^^^^^^^^^^^^^^^^^^^^^^^^^^^^^^^^^^^^^^^^^^^^^^^^^^^^
tests/autogen_op/OPT/test_OPT_aten_bmm_default.py:8: in <module>
    import ttnn
E   ModuleNotFoundError: No module named 'ttnn'
______ ERROR collecting tests/autogen_op/OPT/test_OPT_aten_cat_default.py ______
ImportError while importing test module '/Users/Ajay17/pytorch2.0_ttnn/tests/autogen_op/OPT/test_OPT_aten_cat_default.py'.
Hint: make sure your test modules/packages have valid Python names.
Traceback:
../.pyenv/versions/3.11.10/lib/python3.11/importlib/__init__.py:126: in import_module
    return _bootstrap._gcd_import(name[level:], package, level)
           ^^^^^^^^^^^^^^^^^^^^^^^^^^^^^^^^^^^^^^^^^^^^^^^^^^^^
tests/autogen_op/OPT/test_OPT_aten_cat_default.py:8: in <module>
    import ttnn
E   ModuleNotFoundError: No module named 'ttnn'
_____ ERROR collecting tests/autogen_op/OPT/test_OPT_aten_clone_default.py _____
ImportError while importing test module '/Users/Ajay17/pytorch2.0_ttnn/tests/autogen_op/OPT/test_OPT_aten_clone_default.py'.
Hint: make sure your test modules/packages have valid Python names.
Traceback:
../.pyenv/versions/3.11.10/lib/python3.11/importlib/__init__.py:126: in import_module
    return _bootstrap._gcd_import(name[level:], package, level)
           ^^^^^^^^^^^^^^^^^^^^^^^^^^^^^^^^^^^^^^^^^^^^^^^^^^^^
tests/autogen_op/OPT/test_OPT_aten_clone_default.py:8: in <module>
    import ttnn
E   ModuleNotFoundError: No module named 'ttnn'
____ ERROR collecting tests/autogen_op/OPT/test_OPT_aten_cumsum_default.py _____
ImportError while importing test module '/Users/Ajay17/pytorch2.0_ttnn/tests/autogen_op/OPT/test_OPT_aten_cumsum_default.py'.
Hint: make sure your test modules/packages have valid Python names.
Traceback:
../.pyenv/versions/3.11.10/lib/python3.11/importlib/__init__.py:126: in import_module
    return _bootstrap._gcd_import(name[level:], package, level)
           ^^^^^^^^^^^^^^^^^^^^^^^^^^^^^^^^^^^^^^^^^^^^^^^^^^^^
tests/autogen_op/OPT/test_OPT_aten_cumsum_default.py:8: in <module>
    import ttnn
E   ModuleNotFoundError: No module named 'ttnn'
___ ERROR collecting tests/autogen_op/OPT/test_OPT_aten_embedding_default.py ___
ImportError while importing test module '/Users/Ajay17/pytorch2.0_ttnn/tests/autogen_op/OPT/test_OPT_aten_embedding_default.py'.
Hint: make sure your test modules/packages have valid Python names.
Traceback:
../.pyenv/versions/3.11.10/lib/python3.11/importlib/__init__.py:126: in import_module
    return _bootstrap._gcd_import(name[level:], package, level)
           ^^^^^^^^^^^^^^^^^^^^^^^^^^^^^^^^^^^^^^^^^^^^^^^^^^^^
tests/autogen_op/OPT/test_OPT_aten_embedding_default.py:8: in <module>
    import ttnn
E   ModuleNotFoundError: No module named 'ttnn'
_______ ERROR collecting tests/autogen_op/OPT/test_OPT_aten_eq_Scalar.py _______
ImportError while importing test module '/Users/Ajay17/pytorch2.0_ttnn/tests/autogen_op/OPT/test_OPT_aten_eq_Scalar.py'.
Hint: make sure your test modules/packages have valid Python names.
Traceback:
../.pyenv/versions/3.11.10/lib/python3.11/importlib/__init__.py:126: in import_module
    return _bootstrap._gcd_import(name[level:], package, level)
           ^^^^^^^^^^^^^^^^^^^^^^^^^^^^^^^^^^^^^^^^^^^^^^^^^^^^
tests/autogen_op/OPT/test_OPT_aten_eq_Scalar.py:8: in <module>
    import ttnn
E   ModuleNotFoundError: No module named 'ttnn'
____ ERROR collecting tests/autogen_op/OPT/test_OPT_aten_expand_default.py _____
ImportError while importing test module '/Users/Ajay17/pytorch2.0_ttnn/tests/autogen_op/OPT/test_OPT_aten_expand_default.py'.
Hint: make sure your test modules/packages have valid Python names.
Traceback:
../.pyenv/versions/3.11.10/lib/python3.11/importlib/__init__.py:126: in import_module
    return _bootstrap._gcd_import(name[level:], package, level)
           ^^^^^^^^^^^^^^^^^^^^^^^^^^^^^^^^^^^^^^^^^^^^^^^^^^^^
tests/autogen_op/OPT/test_OPT_aten_expand_default.py:8: in <module>
    import ttnn
E   ModuleNotFoundError: No module named 'ttnn'
_____ ERROR collecting tests/autogen_op/OPT/test_OPT_aten_full_default.py ______
ImportError while importing test module '/Users/Ajay17/pytorch2.0_ttnn/tests/autogen_op/OPT/test_OPT_aten_full_default.py'.
Hint: make sure your test modules/packages have valid Python names.
Traceback:
../.pyenv/versions/3.11.10/lib/python3.11/importlib/__init__.py:126: in import_module
    return _bootstrap._gcd_import(name[level:], package, level)
           ^^^^^^^^^^^^^^^^^^^^^^^^^^^^^^^^^^^^^^^^^^^^^^^^^^^^
tests/autogen_op/OPT/test_OPT_aten_full_default.py:8: in <module>
    import ttnn
E   ModuleNotFoundError: No module named 'ttnn'
_______ ERROR collecting tests/autogen_op/OPT/test_OPT_aten_gt_Scalar.py _______
ImportError while importing test module '/Users/Ajay17/pytorch2.0_ttnn/tests/autogen_op/OPT/test_OPT_aten_gt_Scalar.py'.
Hint: make sure your test modules/packages have valid Python names.
Traceback:
../.pyenv/versions/3.11.10/lib/python3.11/importlib/__init__.py:126: in import_module
    return _bootstrap._gcd_import(name[level:], package, level)
           ^^^^^^^^^^^^^^^^^^^^^^^^^^^^^^^^^^^^^^^^^^^^^^^^^^^^
tests/autogen_op/OPT/test_OPT_aten_gt_Scalar.py:8: in <module>
    import ttnn
E   ModuleNotFoundError: No module named 'ttnn'
__ ERROR collecting tests/autogen_op/OPT/test_OPT_aten_masked_fill_Scalar.py ___
ImportError while importing test module '/Users/Ajay17/pytorch2.0_ttnn/tests/autogen_op/OPT/test_OPT_aten_masked_fill_Scalar.py'.
Hint: make sure your test modules/packages have valid Python names.
Traceback:
../.pyenv/versions/3.11.10/lib/python3.11/importlib/__init__.py:126: in import_module
    return _bootstrap._gcd_import(name[level:], package, level)
           ^^^^^^^^^^^^^^^^^^^^^^^^^^^^^^^^^^^^^^^^^^^^^^^^^^^^
tests/autogen_op/OPT/test_OPT_aten_masked_fill_Scalar.py:8: in <module>
    import ttnn
E   ModuleNotFoundError: No module named 'ttnn'
____ ERROR collecting tests/autogen_op/OPT/test_OPT_aten_maximum_default.py ____
ImportError while importing test module '/Users/Ajay17/pytorch2.0_ttnn/tests/autogen_op/OPT/test_OPT_aten_maximum_default.py'.
Hint: make sure your test modules/packages have valid Python names.
Traceback:
../.pyenv/versions/3.11.10/lib/python3.11/importlib/__init__.py:126: in import_module
    return _bootstrap._gcd_import(name[level:], package, level)
           ^^^^^^^^^^^^^^^^^^^^^^^^^^^^^^^^^^^^^^^^^^^^^^^^^^^^
tests/autogen_op/OPT/test_OPT_aten_maximum_default.py:8: in <module>
    import ttnn
E   ModuleNotFoundError: No module named 'ttnn'
______ ERROR collecting tests/autogen_op/OPT/test_OPT_aten_mm_default.py _______
ImportError while importing test module '/Users/Ajay17/pytorch2.0_ttnn/tests/autogen_op/OPT/test_OPT_aten_mm_default.py'.
Hint: make sure your test modules/packages have valid Python names.
Traceback:
../.pyenv/versions/3.11.10/lib/python3.11/importlib/__init__.py:126: in import_module
    return _bootstrap._gcd_import(name[level:], package, level)
           ^^^^^^^^^^^^^^^^^^^^^^^^^^^^^^^^^^^^^^^^^^^^^^^^^^^^
tests/autogen_op/OPT/test_OPT_aten_mm_default.py:8: in <module>
    import ttnn
E   ModuleNotFoundError: No module named 'ttnn'
______ ERROR collecting tests/autogen_op/OPT/test_OPT_aten_mul_Tensor.py _______
ImportError while importing test module '/Users/Ajay17/pytorch2.0_ttnn/tests/autogen_op/OPT/test_OPT_aten_mul_Tensor.py'.
Hint: make sure your test modules/packages have valid Python names.
Traceback:
../.pyenv/versions/3.11.10/lib/python3.11/importlib/__init__.py:126: in import_module
    return _bootstrap._gcd_import(name[level:], package, level)
           ^^^^^^^^^^^^^^^^^^^^^^^^^^^^^^^^^^^^^^^^^^^^^^^^^^^^
tests/autogen_op/OPT/test_OPT_aten_mul_Tensor.py:8: in <module>
    import ttnn
E   ModuleNotFoundError: No module named 'ttnn'
_ ERROR collecting tests/autogen_op/OPT/test_OPT_aten_native_layer_norm_default.py _
ImportError while importing test module '/Users/Ajay17/pytorch2.0_ttnn/tests/autogen_op/OPT/test_OPT_aten_native_layer_norm_default.py'.
Hint: make sure your test modules/packages have valid Python names.
Traceback:
../.pyenv/versions/3.11.10/lib/python3.11/importlib/__init__.py:126: in import_module
    return _bootstrap._gcd_import(name[level:], package, level)
           ^^^^^^^^^^^^^^^^^^^^^^^^^^^^^^^^^^^^^^^^^^^^^^^^^^^^
tests/autogen_op/OPT/test_OPT_aten_native_layer_norm_default.py:8: in <module>
    import ttnn
E   ModuleNotFoundError: No module named 'ttnn'
___ ERROR collecting tests/autogen_op/OPT/test_OPT_aten_new_ones_default.py ____
ImportError while importing test module '/Users/Ajay17/pytorch2.0_ttnn/tests/autogen_op/OPT/test_OPT_aten_new_ones_default.py'.
Hint: make sure your test modules/packages have valid Python names.
Traceback:
../.pyenv/versions/3.11.10/lib/python3.11/importlib/__init__.py:126: in import_module
    return _bootstrap._gcd_import(name[level:], package, level)
           ^^^^^^^^^^^^^^^^^^^^^^^^^^^^^^^^^^^^^^^^^^^^^^^^^^^^
tests/autogen_op/OPT/test_OPT_aten_new_ones_default.py:8: in <module>
    import ttnn
E   ModuleNotFoundError: No module named 'ttnn'
_____ ERROR collecting tests/autogen_op/OPT/test_OPT_aten_relu_default.py ______
ImportError while importing test module '/Users/Ajay17/pytorch2.0_ttnn/tests/autogen_op/OPT/test_OPT_aten_relu_default.py'.
Hint: make sure your test modules/packages have valid Python names.
Traceback:
../.pyenv/versions/3.11.10/lib/python3.11/importlib/__init__.py:126: in import_module
    return _bootstrap._gcd_import(name[level:], package, level)
           ^^^^^^^^^^^^^^^^^^^^^^^^^^^^^^^^^^^^^^^^^^^^^^^^^^^^
tests/autogen_op/OPT/test_OPT_aten_relu_default.py:8: in <module>
    import ttnn
E   ModuleNotFoundError: No module named 'ttnn'
______ ERROR collecting tests/autogen_op/OPT/test_OPT_aten_rsub_Scalar.py ______
ImportError while importing test module '/Users/Ajay17/pytorch2.0_ttnn/tests/autogen_op/OPT/test_OPT_aten_rsub_Scalar.py'.
Hint: make sure your test modules/packages have valid Python names.
Traceback:
../.pyenv/versions/3.11.10/lib/python3.11/importlib/__init__.py:126: in import_module
    return _bootstrap._gcd_import(name[level:], package, level)
           ^^^^^^^^^^^^^^^^^^^^^^^^^^^^^^^^^^^^^^^^^^^^^^^^^^^^
tests/autogen_op/OPT/test_OPT_aten_rsub_Scalar.py:8: in <module>
    import ttnn
E   ModuleNotFoundError: No module named 'ttnn'
______ ERROR collecting tests/autogen_op/OPT/test_OPT_aten_select_int.py _______
ImportError while importing test module '/Users/Ajay17/pytorch2.0_ttnn/tests/autogen_op/OPT/test_OPT_aten_select_int.py'.
Hint: make sure your test modules/packages have valid Python names.
Traceback:
../.pyenv/versions/3.11.10/lib/python3.11/importlib/__init__.py:126: in import_module
    return _bootstrap._gcd_import(name[level:], package, level)
           ^^^^^^^^^^^^^^^^^^^^^^^^^^^^^^^^^^^^^^^^^^^^^^^^^^^^
tests/autogen_op/OPT/test_OPT_aten_select_int.py:8: in <module>
    import ttnn
E   ModuleNotFoundError: No module named 'ttnn'
_____ ERROR collecting tests/autogen_op/OPT/test_OPT_aten_slice_Tensor.py ______
ImportError while importing test module '/Users/Ajay17/pytorch2.0_ttnn/tests/autogen_op/OPT/test_OPT_aten_slice_Tensor.py'.
Hint: make sure your test modules/packages have valid Python names.
Traceback:
../.pyenv/versions/3.11.10/lib/python3.11/importlib/__init__.py:126: in import_module
    return _bootstrap._gcd_import(name[level:], package, level)
           ^^^^^^^^^^^^^^^^^^^^^^^^^^^^^^^^^^^^^^^^^^^^^^^^^^^^
tests/autogen_op/OPT/test_OPT_aten_slice_Tensor.py:8: in <module>
    import ttnn
E   ModuleNotFoundError: No module named 'ttnn'
______ ERROR collecting tests/autogen_op/OPT/test_OPT_aten_sub_Tensor.py _______
ImportError while importing test module '/Users/Ajay17/pytorch2.0_ttnn/tests/autogen_op/OPT/test_OPT_aten_sub_Tensor.py'.
Hint: make sure your test modules/packages have valid Python names.
Traceback:
../.pyenv/versions/3.11.10/lib/python3.11/importlib/__init__.py:126: in import_module
    return _bootstrap._gcd_import(name[level:], package, level)
           ^^^^^^^^^^^^^^^^^^^^^^^^^^^^^^^^^^^^^^^^^^^^^^^^^^^^
tests/autogen_op/OPT/test_OPT_aten_sub_Tensor.py:8: in <module>
    import ttnn
E   ModuleNotFoundError: No module named 'ttnn'
______ ERROR collecting tests/autogen_op/OPT/test_OPT_aten_sum_default.py ______
ImportError while importing test module '/Users/Ajay17/pytorch2.0_ttnn/tests/autogen_op/OPT/test_OPT_aten_sum_default.py'.
Hint: make sure your test modules/packages have valid Python names.
Traceback:
../.pyenv/versions/3.11.10/lib/python3.11/importlib/__init__.py:126: in import_module
    return _bootstrap._gcd_import(name[level:], package, level)
           ^^^^^^^^^^^^^^^^^^^^^^^^^^^^^^^^^^^^^^^^^^^^^^^^^^^^
tests/autogen_op/OPT/test_OPT_aten_sum_default.py:8: in <module>
    import ttnn
E   ModuleNotFoundError: No module named 'ttnn'
_____ ERROR collecting tests/autogen_op/OPT/test_OPT_aten_sym_size_int.py ______
ImportError while importing test module '/Users/Ajay17/pytorch2.0_ttnn/tests/autogen_op/OPT/test_OPT_aten_sym_size_int.py'.
Hint: make sure your test modules/packages have valid Python names.
Traceback:
../.pyenv/versions/3.11.10/lib/python3.11/importlib/__init__.py:126: in import_module
    return _bootstrap._gcd_import(name[level:], package, level)
           ^^^^^^^^^^^^^^^^^^^^^^^^^^^^^^^^^^^^^^^^^^^^^^^^^^^^
tests/autogen_op/OPT/test_OPT_aten_sym_size_int.py:8: in <module>
    import ttnn
E   ModuleNotFoundError: No module named 'ttnn'
_______ ERROR collecting tests/autogen_op/OPT/test_OPT_aten_t_default.py _______
ImportError while importing test module '/Users/Ajay17/pytorch2.0_ttnn/tests/autogen_op/OPT/test_OPT_aten_t_default.py'.
Hint: make sure your test modules/packages have valid Python names.
Traceback:
../.pyenv/versions/3.11.10/lib/python3.11/importlib/__init__.py:126: in import_module
    return _bootstrap._gcd_import(name[level:], package, level)
           ^^^^^^^^^^^^^^^^^^^^^^^^^^^^^^^^^^^^^^^^^^^^^^^^^^^^
tests/autogen_op/OPT/test_OPT_aten_t_default.py:8: in <module>
    import ttnn
E   ModuleNotFoundError: No module named 'ttnn'
_____ ERROR collecting tests/autogen_op/OPT/test_OPT_aten_transpose_int.py _____
ImportError while importing test module '/Users/Ajay17/pytorch2.0_ttnn/tests/autogen_op/OPT/test_OPT_aten_transpose_int.py'.
Hint: make sure your test modules/packages have valid Python names.
Traceback:
../.pyenv/versions/3.11.10/lib/python3.11/importlib/__init__.py:126: in import_module
    return _bootstrap._gcd_import(name[level:], package, level)
           ^^^^^^^^^^^^^^^^^^^^^^^^^^^^^^^^^^^^^^^^^^^^^^^^^^^^
tests/autogen_op/OPT/test_OPT_aten_transpose_int.py:8: in <module>
    import ttnn
E   ModuleNotFoundError: No module named 'ttnn'
___ ERROR collecting tests/autogen_op/OPT/test_OPT_aten_unsqueeze_default.py ___
ImportError while importing test module '/Users/Ajay17/pytorch2.0_ttnn/tests/autogen_op/OPT/test_OPT_aten_unsqueeze_default.py'.
Hint: make sure your test modules/packages have valid Python names.
Traceback:
../.pyenv/versions/3.11.10/lib/python3.11/importlib/__init__.py:126: in import_module
    return _bootstrap._gcd_import(name[level:], package, level)
           ^^^^^^^^^^^^^^^^^^^^^^^^^^^^^^^^^^^^^^^^^^^^^^^^^^^^
tests/autogen_op/OPT/test_OPT_aten_unsqueeze_default.py:8: in <module>
    import ttnn
E   ModuleNotFoundError: No module named 'ttnn'
_____ ERROR collecting tests/autogen_op/OPT/test_OPT_aten_view_default.py ______
ImportError while importing test module '/Users/Ajay17/pytorch2.0_ttnn/tests/autogen_op/OPT/test_OPT_aten_view_default.py'.
Hint: make sure your test modules/packages have valid Python names.
Traceback:
../.pyenv/versions/3.11.10/lib/python3.11/importlib/__init__.py:126: in import_module
    return _bootstrap._gcd_import(name[level:], package, level)
           ^^^^^^^^^^^^^^^^^^^^^^^^^^^^^^^^^^^^^^^^^^^^^^^^^^^^
tests/autogen_op/OPT/test_OPT_aten_view_default.py:8: in <module>
    import ttnn
E   ModuleNotFoundError: No module named 'ttnn'
_ ERROR collecting tests/autogen_op/OpenPose_V2/test_OpenPose_V2_aten__native_batch_norm_legit_no_training_default.py _
ImportError while importing test module '/Users/Ajay17/pytorch2.0_ttnn/tests/autogen_op/OpenPose_V2/test_OpenPose_V2_aten__native_batch_norm_legit_no_training_default.py'.
Hint: make sure your test modules/packages have valid Python names.
Traceback:
../.pyenv/versions/3.11.10/lib/python3.11/importlib/__init__.py:126: in import_module
    return _bootstrap._gcd_import(name[level:], package, level)
           ^^^^^^^^^^^^^^^^^^^^^^^^^^^^^^^^^^^^^^^^^^^^^^^^^^^^
tests/autogen_op/OpenPose_V2/test_OpenPose_V2_aten__native_batch_norm_legit_no_training_default.py:8: in <module>
    import ttnn
E   ModuleNotFoundError: No module named 'ttnn'
_ ERROR collecting tests/autogen_op/OpenPose_V2/test_OpenPose_V2_aten_add_Tensor.py _
ImportError while importing test module '/Users/Ajay17/pytorch2.0_ttnn/tests/autogen_op/OpenPose_V2/test_OpenPose_V2_aten_add_Tensor.py'.
Hint: make sure your test modules/packages have valid Python names.
Traceback:
../.pyenv/versions/3.11.10/lib/python3.11/importlib/__init__.py:126: in import_module
    return _bootstrap._gcd_import(name[level:], package, level)
           ^^^^^^^^^^^^^^^^^^^^^^^^^^^^^^^^^^^^^^^^^^^^^^^^^^^^
tests/autogen_op/OpenPose_V2/test_OpenPose_V2_aten_add_Tensor.py:8: in <module>
    import ttnn
E   ModuleNotFoundError: No module named 'ttnn'
_ ERROR collecting tests/autogen_op/OpenPose_V2/test_OpenPose_V2_aten_cat_default.py _
ImportError while importing test module '/Users/Ajay17/pytorch2.0_ttnn/tests/autogen_op/OpenPose_V2/test_OpenPose_V2_aten_cat_default.py'.
Hint: make sure your test modules/packages have valid Python names.
Traceback:
../.pyenv/versions/3.11.10/lib/python3.11/importlib/__init__.py:126: in import_module
    return _bootstrap._gcd_import(name[level:], package, level)
           ^^^^^^^^^^^^^^^^^^^^^^^^^^^^^^^^^^^^^^^^^^^^^^^^^^^^
tests/autogen_op/OpenPose_V2/test_OpenPose_V2_aten_cat_default.py:8: in <module>
    import ttnn
E   ModuleNotFoundError: No module named 'ttnn'
_ ERROR collecting tests/autogen_op/OpenPose_V2/test_OpenPose_V2_aten_convolution_default.py _
ImportError while importing test module '/Users/Ajay17/pytorch2.0_ttnn/tests/autogen_op/OpenPose_V2/test_OpenPose_V2_aten_convolution_default.py'.
Hint: make sure your test modules/packages have valid Python names.
Traceback:
../.pyenv/versions/3.11.10/lib/python3.11/importlib/__init__.py:126: in import_module
    return _bootstrap._gcd_import(name[level:], package, level)
           ^^^^^^^^^^^^^^^^^^^^^^^^^^^^^^^^^^^^^^^^^^^^^^^^^^^^
tests/autogen_op/OpenPose_V2/test_OpenPose_V2_aten_convolution_default.py:8: in <module>
    import ttnn
E   ModuleNotFoundError: No module named 'ttnn'
_ ERROR collecting tests/autogen_op/OpenPose_V2/test_OpenPose_V2_aten_elu_default.py _
ImportError while importing test module '/Users/Ajay17/pytorch2.0_ttnn/tests/autogen_op/OpenPose_V2/test_OpenPose_V2_aten_elu_default.py'.
Hint: make sure your test modules/packages have valid Python names.
Traceback:
../.pyenv/versions/3.11.10/lib/python3.11/importlib/__init__.py:126: in import_module
    return _bootstrap._gcd_import(name[level:], package, level)
           ^^^^^^^^^^^^^^^^^^^^^^^^^^^^^^^^^^^^^^^^^^^^^^^^^^^^
tests/autogen_op/OpenPose_V2/test_OpenPose_V2_aten_elu_default.py:8: in <module>
    import ttnn
E   ModuleNotFoundError: No module named 'ttnn'
_ ERROR collecting tests/autogen_op/OpenPose_V2/test_OpenPose_V2_aten_relu_default.py _
ImportError while importing test module '/Users/Ajay17/pytorch2.0_ttnn/tests/autogen_op/OpenPose_V2/test_OpenPose_V2_aten_relu_default.py'.
Hint: make sure your test modules/packages have valid Python names.
Traceback:
../.pyenv/versions/3.11.10/lib/python3.11/importlib/__init__.py:126: in import_module
    return _bootstrap._gcd_import(name[level:], package, level)
           ^^^^^^^^^^^^^^^^^^^^^^^^^^^^^^^^^^^^^^^^^^^^^^^^^^^^
tests/autogen_op/OpenPose_V2/test_OpenPose_V2_aten_relu_default.py:8: in <module>
    import ttnn
E   ModuleNotFoundError: No module named 'ttnn'
_ ERROR collecting tests/autogen_op/OpenPose_V2/test_OpenPose_V2_aten_slice_Tensor.py _
ImportError while importing test module '/Users/Ajay17/pytorch2.0_ttnn/tests/autogen_op/OpenPose_V2/test_OpenPose_V2_aten_slice_Tensor.py'.
Hint: make sure your test modules/packages have valid Python names.
Traceback:
../.pyenv/versions/3.11.10/lib/python3.11/importlib/__init__.py:126: in import_module
    return _bootstrap._gcd_import(name[level:], package, level)
           ^^^^^^^^^^^^^^^^^^^^^^^^^^^^^^^^^^^^^^^^^^^^^^^^^^^^
tests/autogen_op/OpenPose_V2/test_OpenPose_V2_aten_slice_Tensor.py:8: in <module>
    import ttnn
E   ModuleNotFoundError: No module named 'ttnn'
_ ERROR collecting tests/autogen_op/OpenPose_V2-train/test_OpenPose_V2-train_aten__native_batch_norm_legit_functional_default.py _
ImportError while importing test module '/Users/Ajay17/pytorch2.0_ttnn/tests/autogen_op/OpenPose_V2-train/test_OpenPose_V2-train_aten__native_batch_norm_legit_functional_default.py'.
Hint: make sure your test modules/packages have valid Python names.
Traceback:
../.pyenv/versions/3.11.10/lib/python3.11/importlib/__init__.py:126: in import_module
    return _bootstrap._gcd_import(name[level:], package, level)
           ^^^^^^^^^^^^^^^^^^^^^^^^^^^^^^^^^^^^^^^^^^^^^^^^^^^^
tests/autogen_op/OpenPose_V2-train/test_OpenPose_V2-train_aten__native_batch_norm_legit_functional_default.py:8: in <module>
    import ttnn
E   ModuleNotFoundError: No module named 'ttnn'
_ ERROR collecting tests/autogen_op/OpenPose_V2-train/test_OpenPose_V2-train_aten__to_copy_default.py _
ImportError while importing test module '/Users/Ajay17/pytorch2.0_ttnn/tests/autogen_op/OpenPose_V2-train/test_OpenPose_V2-train_aten__to_copy_default.py'.
Hint: make sure your test modules/packages have valid Python names.
Traceback:
../.pyenv/versions/3.11.10/lib/python3.11/importlib/__init__.py:126: in import_module
    return _bootstrap._gcd_import(name[level:], package, level)
           ^^^^^^^^^^^^^^^^^^^^^^^^^^^^^^^^^^^^^^^^^^^^^^^^^^^^
tests/autogen_op/OpenPose_V2-train/test_OpenPose_V2-train_aten__to_copy_default.py:8: in <module>
    import ttnn
E   ModuleNotFoundError: No module named 'ttnn'
_ ERROR collecting tests/autogen_op/OpenPose_V2-train/test_OpenPose_V2-train_aten_add_Tensor.py _
ImportError while importing test module '/Users/Ajay17/pytorch2.0_ttnn/tests/autogen_op/OpenPose_V2-train/test_OpenPose_V2-train_aten_add_Tensor.py'.
Hint: make sure your test modules/packages have valid Python names.
Traceback:
../.pyenv/versions/3.11.10/lib/python3.11/importlib/__init__.py:126: in import_module
    return _bootstrap._gcd_import(name[level:], package, level)
           ^^^^^^^^^^^^^^^^^^^^^^^^^^^^^^^^^^^^^^^^^^^^^^^^^^^^
tests/autogen_op/OpenPose_V2-train/test_OpenPose_V2-train_aten_add_Tensor.py:8: in <module>
    import ttnn
E   ModuleNotFoundError: No module named 'ttnn'
_ ERROR collecting tests/autogen_op/OpenPose_V2-train/test_OpenPose_V2-train_aten_cat_default.py _
ImportError while importing test module '/Users/Ajay17/pytorch2.0_ttnn/tests/autogen_op/OpenPose_V2-train/test_OpenPose_V2-train_aten_cat_default.py'.
Hint: make sure your test modules/packages have valid Python names.
Traceback:
../.pyenv/versions/3.11.10/lib/python3.11/importlib/__init__.py:126: in import_module
    return _bootstrap._gcd_import(name[level:], package, level)
           ^^^^^^^^^^^^^^^^^^^^^^^^^^^^^^^^^^^^^^^^^^^^^^^^^^^^
tests/autogen_op/OpenPose_V2-train/test_OpenPose_V2-train_aten_cat_default.py:8: in <module>
    import ttnn
E   ModuleNotFoundError: No module named 'ttnn'
_ ERROR collecting tests/autogen_op/OpenPose_V2-train/test_OpenPose_V2-train_aten_convolution_backward_default.py _
ImportError while importing test module '/Users/Ajay17/pytorch2.0_ttnn/tests/autogen_op/OpenPose_V2-train/test_OpenPose_V2-train_aten_convolution_backward_default.py'.
Hint: make sure your test modules/packages have valid Python names.
Traceback:
../.pyenv/versions/3.11.10/lib/python3.11/importlib/__init__.py:126: in import_module
    return _bootstrap._gcd_import(name[level:], package, level)
           ^^^^^^^^^^^^^^^^^^^^^^^^^^^^^^^^^^^^^^^^^^^^^^^^^^^^
tests/autogen_op/OpenPose_V2-train/test_OpenPose_V2-train_aten_convolution_backward_default.py:8: in <module>
    import ttnn
E   ModuleNotFoundError: No module named 'ttnn'
_ ERROR collecting tests/autogen_op/OpenPose_V2-train/test_OpenPose_V2-train_aten_convolution_default.py _
ImportError while importing test module '/Users/Ajay17/pytorch2.0_ttnn/tests/autogen_op/OpenPose_V2-train/test_OpenPose_V2-train_aten_convolution_default.py'.
Hint: make sure your test modules/packages have valid Python names.
Traceback:
../.pyenv/versions/3.11.10/lib/python3.11/importlib/__init__.py:126: in import_module
    return _bootstrap._gcd_import(name[level:], package, level)
           ^^^^^^^^^^^^^^^^^^^^^^^^^^^^^^^^^^^^^^^^^^^^^^^^^^^^
tests/autogen_op/OpenPose_V2-train/test_OpenPose_V2-train_aten_convolution_default.py:8: in <module>
    import ttnn
E   ModuleNotFoundError: No module named 'ttnn'
_ ERROR collecting tests/autogen_op/OpenPose_V2-train/test_OpenPose_V2-train_aten_detach_default.py _
ImportError while importing test module '/Users/Ajay17/pytorch2.0_ttnn/tests/autogen_op/OpenPose_V2-train/test_OpenPose_V2-train_aten_detach_default.py'.
Hint: make sure your test modules/packages have valid Python names.
Traceback:
../.pyenv/versions/3.11.10/lib/python3.11/importlib/__init__.py:126: in import_module
    return _bootstrap._gcd_import(name[level:], package, level)
           ^^^^^^^^^^^^^^^^^^^^^^^^^^^^^^^^^^^^^^^^^^^^^^^^^^^^
tests/autogen_op/OpenPose_V2-train/test_OpenPose_V2-train_aten_detach_default.py:8: in <module>
    import ttnn
E   ModuleNotFoundError: No module named 'ttnn'
_ ERROR collecting tests/autogen_op/OpenPose_V2-train/test_OpenPose_V2-train_aten_elu_backward_default.py _
ImportError while importing test module '/Users/Ajay17/pytorch2.0_ttnn/tests/autogen_op/OpenPose_V2-train/test_OpenPose_V2-train_aten_elu_backward_default.py'.
Hint: make sure your test modules/packages have valid Python names.
Traceback:
../.pyenv/versions/3.11.10/lib/python3.11/importlib/__init__.py:126: in import_module
    return _bootstrap._gcd_import(name[level:], package, level)
           ^^^^^^^^^^^^^^^^^^^^^^^^^^^^^^^^^^^^^^^^^^^^^^^^^^^^
tests/autogen_op/OpenPose_V2-train/test_OpenPose_V2-train_aten_elu_backward_default.py:8: in <module>
    import ttnn
E   ModuleNotFoundError: No module named 'ttnn'
_ ERROR collecting tests/autogen_op/OpenPose_V2-train/test_OpenPose_V2-train_aten_elu_default.py _
ImportError while importing test module '/Users/Ajay17/pytorch2.0_ttnn/tests/autogen_op/OpenPose_V2-train/test_OpenPose_V2-train_aten_elu_default.py'.
Hint: make sure your test modules/packages have valid Python names.
Traceback:
../.pyenv/versions/3.11.10/lib/python3.11/importlib/__init__.py:126: in import_module
    return _bootstrap._gcd_import(name[level:], package, level)
           ^^^^^^^^^^^^^^^^^^^^^^^^^^^^^^^^^^^^^^^^^^^^^^^^^^^^
tests/autogen_op/OpenPose_V2-train/test_OpenPose_V2-train_aten_elu_default.py:8: in <module>
    import ttnn
E   ModuleNotFoundError: No module named 'ttnn'
_ ERROR collecting tests/autogen_op/OpenPose_V2-train/test_OpenPose_V2-train_aten_native_batch_norm_backward_default.py _
ImportError while importing test module '/Users/Ajay17/pytorch2.0_ttnn/tests/autogen_op/OpenPose_V2-train/test_OpenPose_V2-train_aten_native_batch_norm_backward_default.py'.
Hint: make sure your test modules/packages have valid Python names.
Traceback:
../.pyenv/versions/3.11.10/lib/python3.11/importlib/__init__.py:126: in import_module
    return _bootstrap._gcd_import(name[level:], package, level)
           ^^^^^^^^^^^^^^^^^^^^^^^^^^^^^^^^^^^^^^^^^^^^^^^^^^^^
tests/autogen_op/OpenPose_V2-train/test_OpenPose_V2-train_aten_native_batch_norm_backward_default.py:8: in <module>
    import ttnn
E   ModuleNotFoundError: No module named 'ttnn'
_ ERROR collecting tests/autogen_op/OpenPose_V2-train/test_OpenPose_V2-train_aten_relu_default.py _
ImportError while importing test module '/Users/Ajay17/pytorch2.0_ttnn/tests/autogen_op/OpenPose_V2-train/test_OpenPose_V2-train_aten_relu_default.py'.
Hint: make sure your test modules/packages have valid Python names.
Traceback:
../.pyenv/versions/3.11.10/lib/python3.11/importlib/__init__.py:126: in import_module
    return _bootstrap._gcd_import(name[level:], package, level)
           ^^^^^^^^^^^^^^^^^^^^^^^^^^^^^^^^^^^^^^^^^^^^^^^^^^^^
tests/autogen_op/OpenPose_V2-train/test_OpenPose_V2-train_aten_relu_default.py:8: in <module>
    import ttnn
E   ModuleNotFoundError: No module named 'ttnn'
_ ERROR collecting tests/autogen_op/OpenPose_V2-train/test_OpenPose_V2-train_aten_slice_Tensor.py _
ImportError while importing test module '/Users/Ajay17/pytorch2.0_ttnn/tests/autogen_op/OpenPose_V2-train/test_OpenPose_V2-train_aten_slice_Tensor.py'.
Hint: make sure your test modules/packages have valid Python names.
Traceback:
../.pyenv/versions/3.11.10/lib/python3.11/importlib/__init__.py:126: in import_module
    return _bootstrap._gcd_import(name[level:], package, level)
           ^^^^^^^^^^^^^^^^^^^^^^^^^^^^^^^^^^^^^^^^^^^^^^^^^^^^
tests/autogen_op/OpenPose_V2-train/test_OpenPose_V2-train_aten_slice_Tensor.py:8: in <module>
    import ttnn
E   ModuleNotFoundError: No module named 'ttnn'
_ ERROR collecting tests/autogen_op/OpenPose_V2-train/test_OpenPose_V2-train_aten_slice_backward_default.py _
ImportError while importing test module '/Users/Ajay17/pytorch2.0_ttnn/tests/autogen_op/OpenPose_V2-train/test_OpenPose_V2-train_aten_slice_backward_default.py'.
Hint: make sure your test modules/packages have valid Python names.
Traceback:
../.pyenv/versions/3.11.10/lib/python3.11/importlib/__init__.py:126: in import_module
    return _bootstrap._gcd_import(name[level:], package, level)
           ^^^^^^^^^^^^^^^^^^^^^^^^^^^^^^^^^^^^^^^^^^^^^^^^^^^^
tests/autogen_op/OpenPose_V2-train/test_OpenPose_V2-train_aten_slice_backward_default.py:8: in <module>
    import ttnn
E   ModuleNotFoundError: No module named 'ttnn'
_ ERROR collecting tests/autogen_op/OpenPose_V2-train/test_OpenPose_V2-train_aten_threshold_backward_default.py _
ImportError while importing test module '/Users/Ajay17/pytorch2.0_ttnn/tests/autogen_op/OpenPose_V2-train/test_OpenPose_V2-train_aten_threshold_backward_default.py'.
Hint: make sure your test modules/packages have valid Python names.
Traceback:
../.pyenv/versions/3.11.10/lib/python3.11/importlib/__init__.py:126: in import_module
    return _bootstrap._gcd_import(name[level:], package, level)
           ^^^^^^^^^^^^^^^^^^^^^^^^^^^^^^^^^^^^^^^^^^^^^^^^^^^^
tests/autogen_op/OpenPose_V2-train/test_OpenPose_V2-train_aten_threshold_backward_default.py:8: in <module>
    import ttnn
E   ModuleNotFoundError: No module named 'ttnn'
_ ERROR collecting tests/autogen_op/Perceiver_IO/test_Perceiver_IO_aten__softmax_default.py _
ImportError while importing test module '/Users/Ajay17/pytorch2.0_ttnn/tests/autogen_op/Perceiver_IO/test_Perceiver_IO_aten__softmax_default.py'.
Hint: make sure your test modules/packages have valid Python names.
Traceback:
../.pyenv/versions/3.11.10/lib/python3.11/importlib/__init__.py:126: in import_module
    return _bootstrap._gcd_import(name[level:], package, level)
           ^^^^^^^^^^^^^^^^^^^^^^^^^^^^^^^^^^^^^^^^^^^^^^^^^^^^
tests/autogen_op/Perceiver_IO/test_Perceiver_IO_aten__softmax_default.py:8: in <module>
    import ttnn
E   ModuleNotFoundError: No module named 'ttnn'
_ ERROR collecting tests/autogen_op/Perceiver_IO/test_Perceiver_IO_aten__to_copy_default.py _
ImportError while importing test module '/Users/Ajay17/pytorch2.0_ttnn/tests/autogen_op/Perceiver_IO/test_Perceiver_IO_aten__to_copy_default.py'.
Hint: make sure your test modules/packages have valid Python names.
Traceback:
../.pyenv/versions/3.11.10/lib/python3.11/importlib/__init__.py:126: in import_module
    return _bootstrap._gcd_import(name[level:], package, level)
           ^^^^^^^^^^^^^^^^^^^^^^^^^^^^^^^^^^^^^^^^^^^^^^^^^^^^
tests/autogen_op/Perceiver_IO/test_Perceiver_IO_aten__to_copy_default.py:8: in <module>
    import ttnn
E   ModuleNotFoundError: No module named 'ttnn'
_ ERROR collecting tests/autogen_op/Perceiver_IO/test_Perceiver_IO_aten_add_Tensor.py _
ImportError while importing test module '/Users/Ajay17/pytorch2.0_ttnn/tests/autogen_op/Perceiver_IO/test_Perceiver_IO_aten_add_Tensor.py'.
Hint: make sure your test modules/packages have valid Python names.
Traceback:
../.pyenv/versions/3.11.10/lib/python3.11/importlib/__init__.py:126: in import_module
    return _bootstrap._gcd_import(name[level:], package, level)
           ^^^^^^^^^^^^^^^^^^^^^^^^^^^^^^^^^^^^^^^^^^^^^^^^^^^^
tests/autogen_op/Perceiver_IO/test_Perceiver_IO_aten_add_Tensor.py:8: in <module>
    import ttnn
E   ModuleNotFoundError: No module named 'ttnn'
_ ERROR collecting tests/autogen_op/Perceiver_IO/test_Perceiver_IO_aten_addmm_default.py _
ImportError while importing test module '/Users/Ajay17/pytorch2.0_ttnn/tests/autogen_op/Perceiver_IO/test_Perceiver_IO_aten_addmm_default.py'.
Hint: make sure your test modules/packages have valid Python names.
Traceback:
../.pyenv/versions/3.11.10/lib/python3.11/importlib/__init__.py:126: in import_module
    return _bootstrap._gcd_import(name[level:], package, level)
           ^^^^^^^^^^^^^^^^^^^^^^^^^^^^^^^^^^^^^^^^^^^^^^^^^^^^
tests/autogen_op/Perceiver_IO/test_Perceiver_IO_aten_addmm_default.py:8: in <module>
    import ttnn
E   ModuleNotFoundError: No module named 'ttnn'
_ ERROR collecting tests/autogen_op/Perceiver_IO/test_Perceiver_IO_aten_bmm_default.py _
ImportError while importing test module '/Users/Ajay17/pytorch2.0_ttnn/tests/autogen_op/Perceiver_IO/test_Perceiver_IO_aten_bmm_default.py'.
Hint: make sure your test modules/packages have valid Python names.
Traceback:
../.pyenv/versions/3.11.10/lib/python3.11/importlib/__init__.py:126: in import_module
    return _bootstrap._gcd_import(name[level:], package, level)
           ^^^^^^^^^^^^^^^^^^^^^^^^^^^^^^^^^^^^^^^^^^^^^^^^^^^^
tests/autogen_op/Perceiver_IO/test_Perceiver_IO_aten_bmm_default.py:8: in <module>
    import ttnn
E   ModuleNotFoundError: No module named 'ttnn'
_ ERROR collecting tests/autogen_op/Perceiver_IO/test_Perceiver_IO_aten_clone_default.py _
ImportError while importing test module '/Users/Ajay17/pytorch2.0_ttnn/tests/autogen_op/Perceiver_IO/test_Perceiver_IO_aten_clone_default.py'.
Hint: make sure your test modules/packages have valid Python names.
Traceback:
../.pyenv/versions/3.11.10/lib/python3.11/importlib/__init__.py:126: in import_module
    return _bootstrap._gcd_import(name[level:], package, level)
           ^^^^^^^^^^^^^^^^^^^^^^^^^^^^^^^^^^^^^^^^^^^^^^^^^^^^
tests/autogen_op/Perceiver_IO/test_Perceiver_IO_aten_clone_default.py:8: in <module>
    import ttnn
E   ModuleNotFoundError: No module named 'ttnn'
_ ERROR collecting tests/autogen_op/Perceiver_IO/test_Perceiver_IO_aten_div_Tensor.py _
ImportError while importing test module '/Users/Ajay17/pytorch2.0_ttnn/tests/autogen_op/Perceiver_IO/test_Perceiver_IO_aten_div_Tensor.py'.
Hint: make sure your test modules/packages have valid Python names.
Traceback:
../.pyenv/versions/3.11.10/lib/python3.11/importlib/__init__.py:126: in import_module
    return _bootstrap._gcd_import(name[level:], package, level)
           ^^^^^^^^^^^^^^^^^^^^^^^^^^^^^^^^^^^^^^^^^^^^^^^^^^^^
tests/autogen_op/Perceiver_IO/test_Perceiver_IO_aten_div_Tensor.py:8: in <module>
    import ttnn
E   ModuleNotFoundError: No module named 'ttnn'
_ ERROR collecting tests/autogen_op/Perceiver_IO/test_Perceiver_IO_aten_embedding_default.py _
ImportError while importing test module '/Users/Ajay17/pytorch2.0_ttnn/tests/autogen_op/Perceiver_IO/test_Perceiver_IO_aten_embedding_default.py'.
Hint: make sure your test modules/packages have valid Python names.
Traceback:
../.pyenv/versions/3.11.10/lib/python3.11/importlib/__init__.py:126: in import_module
    return _bootstrap._gcd_import(name[level:], package, level)
           ^^^^^^^^^^^^^^^^^^^^^^^^^^^^^^^^^^^^^^^^^^^^^^^^^^^^
tests/autogen_op/Perceiver_IO/test_Perceiver_IO_aten_embedding_default.py:8: in <module>
    import ttnn
E   ModuleNotFoundError: No module named 'ttnn'
_ ERROR collecting tests/autogen_op/Perceiver_IO/test_Perceiver_IO_aten_expand_default.py _
ImportError while importing test module '/Users/Ajay17/pytorch2.0_ttnn/tests/autogen_op/Perceiver_IO/test_Perceiver_IO_aten_expand_default.py'.
Hint: make sure your test modules/packages have valid Python names.
Traceback:
../.pyenv/versions/3.11.10/lib/python3.11/importlib/__init__.py:126: in import_module
    return _bootstrap._gcd_import(name[level:], package, level)
           ^^^^^^^^^^^^^^^^^^^^^^^^^^^^^^^^^^^^^^^^^^^^^^^^^^^^
tests/autogen_op/Perceiver_IO/test_Perceiver_IO_aten_expand_default.py:8: in <module>
    import ttnn
E   ModuleNotFoundError: No module named 'ttnn'
_ ERROR collecting tests/autogen_op/Perceiver_IO/test_Perceiver_IO_aten_gelu_default.py _
ImportError while importing test module '/Users/Ajay17/pytorch2.0_ttnn/tests/autogen_op/Perceiver_IO/test_Perceiver_IO_aten_gelu_default.py'.
Hint: make sure your test modules/packages have valid Python names.
Traceback:
../.pyenv/versions/3.11.10/lib/python3.11/importlib/__init__.py:126: in import_module
    return _bootstrap._gcd_import(name[level:], package, level)
           ^^^^^^^^^^^^^^^^^^^^^^^^^^^^^^^^^^^^^^^^^^^^^^^^^^^^
tests/autogen_op/Perceiver_IO/test_Perceiver_IO_aten_gelu_default.py:8: in <module>
    import ttnn
E   ModuleNotFoundError: No module named 'ttnn'
_ ERROR collecting tests/autogen_op/Perceiver_IO/test_Perceiver_IO_aten_mm_default.py _
ImportError while importing test module '/Users/Ajay17/pytorch2.0_ttnn/tests/autogen_op/Perceiver_IO/test_Perceiver_IO_aten_mm_default.py'.
Hint: make sure your test modules/packages have valid Python names.
Traceback:
../.pyenv/versions/3.11.10/lib/python3.11/importlib/__init__.py:126: in import_module
    return _bootstrap._gcd_import(name[level:], package, level)
           ^^^^^^^^^^^^^^^^^^^^^^^^^^^^^^^^^^^^^^^^^^^^^^^^^^^^
tests/autogen_op/Perceiver_IO/test_Perceiver_IO_aten_mm_default.py:8: in <module>
    import ttnn
E   ModuleNotFoundError: No module named 'ttnn'
_ ERROR collecting tests/autogen_op/Perceiver_IO/test_Perceiver_IO_aten_mul_Tensor.py _
ImportError while importing test module '/Users/Ajay17/pytorch2.0_ttnn/tests/autogen_op/Perceiver_IO/test_Perceiver_IO_aten_mul_Tensor.py'.
Hint: make sure your test modules/packages have valid Python names.
Traceback:
../.pyenv/versions/3.11.10/lib/python3.11/importlib/__init__.py:126: in import_module
    return _bootstrap._gcd_import(name[level:], package, level)
           ^^^^^^^^^^^^^^^^^^^^^^^^^^^^^^^^^^^^^^^^^^^^^^^^^^^^
tests/autogen_op/Perceiver_IO/test_Perceiver_IO_aten_mul_Tensor.py:8: in <module>
    import ttnn
E   ModuleNotFoundError: No module named 'ttnn'
_ ERROR collecting tests/autogen_op/Perceiver_IO/test_Perceiver_IO_aten_native_layer_norm_default.py _
ImportError while importing test module '/Users/Ajay17/pytorch2.0_ttnn/tests/autogen_op/Perceiver_IO/test_Perceiver_IO_aten_native_layer_norm_default.py'.
Hint: make sure your test modules/packages have valid Python names.
Traceback:
../.pyenv/versions/3.11.10/lib/python3.11/importlib/__init__.py:126: in import_module
    return _bootstrap._gcd_import(name[level:], package, level)
           ^^^^^^^^^^^^^^^^^^^^^^^^^^^^^^^^^^^^^^^^^^^^^^^^^^^^
tests/autogen_op/Perceiver_IO/test_Perceiver_IO_aten_native_layer_norm_default.py:8: in <module>
    import ttnn
E   ModuleNotFoundError: No module named 'ttnn'
_ ERROR collecting tests/autogen_op/Perceiver_IO/test_Perceiver_IO_aten_permute_default.py _
ImportError while importing test module '/Users/Ajay17/pytorch2.0_ttnn/tests/autogen_op/Perceiver_IO/test_Perceiver_IO_aten_permute_default.py'.
Hint: make sure your test modules/packages have valid Python names.
Traceback:
../.pyenv/versions/3.11.10/lib/python3.11/importlib/__init__.py:126: in import_module
    return _bootstrap._gcd_import(name[level:], package, level)
           ^^^^^^^^^^^^^^^^^^^^^^^^^^^^^^^^^^^^^^^^^^^^^^^^^^^^
tests/autogen_op/Perceiver_IO/test_Perceiver_IO_aten_permute_default.py:8: in <module>
    import ttnn
E   ModuleNotFoundError: No module named 'ttnn'
_ ERROR collecting tests/autogen_op/Perceiver_IO/test_Perceiver_IO_aten_rsub_Scalar.py _
ImportError while importing test module '/Users/Ajay17/pytorch2.0_ttnn/tests/autogen_op/Perceiver_IO/test_Perceiver_IO_aten_rsub_Scalar.py'.
Hint: make sure your test modules/packages have valid Python names.
Traceback:
../.pyenv/versions/3.11.10/lib/python3.11/importlib/__init__.py:126: in import_module
    return _bootstrap._gcd_import(name[level:], package, level)
           ^^^^^^^^^^^^^^^^^^^^^^^^^^^^^^^^^^^^^^^^^^^^^^^^^^^^
tests/autogen_op/Perceiver_IO/test_Perceiver_IO_aten_rsub_Scalar.py:8: in <module>
    import ttnn
E   ModuleNotFoundError: No module named 'ttnn'
_ ERROR collecting tests/autogen_op/Perceiver_IO/test_Perceiver_IO_aten_slice_Tensor.py _
ImportError while importing test module '/Users/Ajay17/pytorch2.0_ttnn/tests/autogen_op/Perceiver_IO/test_Perceiver_IO_aten_slice_Tensor.py'.
Hint: make sure your test modules/packages have valid Python names.
Traceback:
../.pyenv/versions/3.11.10/lib/python3.11/importlib/__init__.py:126: in import_module
    return _bootstrap._gcd_import(name[level:], package, level)
           ^^^^^^^^^^^^^^^^^^^^^^^^^^^^^^^^^^^^^^^^^^^^^^^^^^^^
tests/autogen_op/Perceiver_IO/test_Perceiver_IO_aten_slice_Tensor.py:8: in <module>
    import ttnn
E   ModuleNotFoundError: No module named 'ttnn'
_ ERROR collecting tests/autogen_op/Perceiver_IO/test_Perceiver_IO_aten_t_default.py _
ImportError while importing test module '/Users/Ajay17/pytorch2.0_ttnn/tests/autogen_op/Perceiver_IO/test_Perceiver_IO_aten_t_default.py'.
Hint: make sure your test modules/packages have valid Python names.
Traceback:
../.pyenv/versions/3.11.10/lib/python3.11/importlib/__init__.py:126: in import_module
    return _bootstrap._gcd_import(name[level:], package, level)
           ^^^^^^^^^^^^^^^^^^^^^^^^^^^^^^^^^^^^^^^^^^^^^^^^^^^^
tests/autogen_op/Perceiver_IO/test_Perceiver_IO_aten_t_default.py:8: in <module>
    import ttnn
E   ModuleNotFoundError: No module named 'ttnn'
_ ERROR collecting tests/autogen_op/Perceiver_IO/test_Perceiver_IO_aten_transpose_int.py _
ImportError while importing test module '/Users/Ajay17/pytorch2.0_ttnn/tests/autogen_op/Perceiver_IO/test_Perceiver_IO_aten_transpose_int.py'.
Hint: make sure your test modules/packages have valid Python names.
Traceback:
../.pyenv/versions/3.11.10/lib/python3.11/importlib/__init__.py:126: in import_module
    return _bootstrap._gcd_import(name[level:], package, level)
           ^^^^^^^^^^^^^^^^^^^^^^^^^^^^^^^^^^^^^^^^^^^^^^^^^^^^
tests/autogen_op/Perceiver_IO/test_Perceiver_IO_aten_transpose_int.py:8: in <module>
    import ttnn
E   ModuleNotFoundError: No module named 'ttnn'
_ ERROR collecting tests/autogen_op/Perceiver_IO/test_Perceiver_IO_aten_unsqueeze_default.py _
ImportError while importing test module '/Users/Ajay17/pytorch2.0_ttnn/tests/autogen_op/Perceiver_IO/test_Perceiver_IO_aten_unsqueeze_default.py'.
Hint: make sure your test modules/packages have valid Python names.
Traceback:
../.pyenv/versions/3.11.10/lib/python3.11/importlib/__init__.py:126: in import_module
    return _bootstrap._gcd_import(name[level:], package, level)
           ^^^^^^^^^^^^^^^^^^^^^^^^^^^^^^^^^^^^^^^^^^^^^^^^^^^^
tests/autogen_op/Perceiver_IO/test_Perceiver_IO_aten_unsqueeze_default.py:8: in <module>
    import ttnn
E   ModuleNotFoundError: No module named 'ttnn'
_ ERROR collecting tests/autogen_op/Perceiver_IO/test_Perceiver_IO_aten_view_default.py _
ImportError while importing test module '/Users/Ajay17/pytorch2.0_ttnn/tests/autogen_op/Perceiver_IO/test_Perceiver_IO_aten_view_default.py'.
Hint: make sure your test modules/packages have valid Python names.
Traceback:
../.pyenv/versions/3.11.10/lib/python3.11/importlib/__init__.py:126: in import_module
    return _bootstrap._gcd_import(name[level:], package, level)
           ^^^^^^^^^^^^^^^^^^^^^^^^^^^^^^^^^^^^^^^^^^^^^^^^^^^^
tests/autogen_op/Perceiver_IO/test_Perceiver_IO_aten_view_default.py:8: in <module>
    import ttnn
E   ModuleNotFoundError: No module named 'ttnn'
_ ERROR collecting tests/autogen_op/ResNet18-train/test_ResNet18-train_aten__native_batch_norm_legit_functional_default.py _
ImportError while importing test module '/Users/Ajay17/pytorch2.0_ttnn/tests/autogen_op/ResNet18-train/test_ResNet18-train_aten__native_batch_norm_legit_functional_default.py'.
Hint: make sure your test modules/packages have valid Python names.
Traceback:
../.pyenv/versions/3.11.10/lib/python3.11/importlib/__init__.py:126: in import_module
    return _bootstrap._gcd_import(name[level:], package, level)
           ^^^^^^^^^^^^^^^^^^^^^^^^^^^^^^^^^^^^^^^^^^^^^^^^^^^^
tests/autogen_op/ResNet18-train/test_ResNet18-train_aten__native_batch_norm_legit_functional_default.py:8: in <module>
    import ttnn
E   ModuleNotFoundError: No module named 'ttnn'
_ ERROR collecting tests/autogen_op/ResNet18-train/test_ResNet18-train_aten__to_copy_default.py _
ImportError while importing test module '/Users/Ajay17/pytorch2.0_ttnn/tests/autogen_op/ResNet18-train/test_ResNet18-train_aten__to_copy_default.py'.
Hint: make sure your test modules/packages have valid Python names.
Traceback:
../.pyenv/versions/3.11.10/lib/python3.11/importlib/__init__.py:126: in import_module
    return _bootstrap._gcd_import(name[level:], package, level)
           ^^^^^^^^^^^^^^^^^^^^^^^^^^^^^^^^^^^^^^^^^^^^^^^^^^^^
tests/autogen_op/ResNet18-train/test_ResNet18-train_aten__to_copy_default.py:8: in <module>
    import ttnn
E   ModuleNotFoundError: No module named 'ttnn'
_ ERROR collecting tests/autogen_op/ResNet18-train/test_ResNet18-train_aten_add_Tensor.py _
ImportError while importing test module '/Users/Ajay17/pytorch2.0_ttnn/tests/autogen_op/ResNet18-train/test_ResNet18-train_aten_add_Tensor.py'.
Hint: make sure your test modules/packages have valid Python names.
Traceback:
../.pyenv/versions/3.11.10/lib/python3.11/importlib/__init__.py:126: in import_module
    return _bootstrap._gcd_import(name[level:], package, level)
           ^^^^^^^^^^^^^^^^^^^^^^^^^^^^^^^^^^^^^^^^^^^^^^^^^^^^
tests/autogen_op/ResNet18-train/test_ResNet18-train_aten_add_Tensor.py:8: in <module>
    import ttnn
E   ModuleNotFoundError: No module named 'ttnn'
_ ERROR collecting tests/autogen_op/ResNet18-train/test_ResNet18-train_aten_addmm_default.py _
ImportError while importing test module '/Users/Ajay17/pytorch2.0_ttnn/tests/autogen_op/ResNet18-train/test_ResNet18-train_aten_addmm_default.py'.
Hint: make sure your test modules/packages have valid Python names.
Traceback:
../.pyenv/versions/3.11.10/lib/python3.11/importlib/__init__.py:126: in import_module
    return _bootstrap._gcd_import(name[level:], package, level)
           ^^^^^^^^^^^^^^^^^^^^^^^^^^^^^^^^^^^^^^^^^^^^^^^^^^^^
tests/autogen_op/ResNet18-train/test_ResNet18-train_aten_addmm_default.py:8: in <module>
    import ttnn
E   ModuleNotFoundError: No module named 'ttnn'
_ ERROR collecting tests/autogen_op/ResNet18-train/test_ResNet18-train_aten_convolution_backward_default.py _
ImportError while importing test module '/Users/Ajay17/pytorch2.0_ttnn/tests/autogen_op/ResNet18-train/test_ResNet18-train_aten_convolution_backward_default.py'.
Hint: make sure your test modules/packages have valid Python names.
Traceback:
../.pyenv/versions/3.11.10/lib/python3.11/importlib/__init__.py:126: in import_module
    return _bootstrap._gcd_import(name[level:], package, level)
           ^^^^^^^^^^^^^^^^^^^^^^^^^^^^^^^^^^^^^^^^^^^^^^^^^^^^
tests/autogen_op/ResNet18-train/test_ResNet18-train_aten_convolution_backward_default.py:8: in <module>
    import ttnn
E   ModuleNotFoundError: No module named 'ttnn'
_ ERROR collecting tests/autogen_op/ResNet18-train/test_ResNet18-train_aten_convolution_default.py _
ImportError while importing test module '/Users/Ajay17/pytorch2.0_ttnn/tests/autogen_op/ResNet18-train/test_ResNet18-train_aten_convolution_default.py'.
Hint: make sure your test modules/packages have valid Python names.
Traceback:
../.pyenv/versions/3.11.10/lib/python3.11/importlib/__init__.py:126: in import_module
    return _bootstrap._gcd_import(name[level:], package, level)
           ^^^^^^^^^^^^^^^^^^^^^^^^^^^^^^^^^^^^^^^^^^^^^^^^^^^^
tests/autogen_op/ResNet18-train/test_ResNet18-train_aten_convolution_default.py:8: in <module>
    import ttnn
E   ModuleNotFoundError: No module named 'ttnn'
_ ERROR collecting tests/autogen_op/ResNet18-train/test_ResNet18-train_aten_detach_default.py _
ImportError while importing test module '/Users/Ajay17/pytorch2.0_ttnn/tests/autogen_op/ResNet18-train/test_ResNet18-train_aten_detach_default.py'.
Hint: make sure your test modules/packages have valid Python names.
Traceback:
../.pyenv/versions/3.11.10/lib/python3.11/importlib/__init__.py:126: in import_module
    return _bootstrap._gcd_import(name[level:], package, level)
           ^^^^^^^^^^^^^^^^^^^^^^^^^^^^^^^^^^^^^^^^^^^^^^^^^^^^
tests/autogen_op/ResNet18-train/test_ResNet18-train_aten_detach_default.py:8: in <module>
    import ttnn
E   ModuleNotFoundError: No module named 'ttnn'
_ ERROR collecting tests/autogen_op/ResNet18-train/test_ResNet18-train_aten_div_Scalar.py _
ImportError while importing test module '/Users/Ajay17/pytorch2.0_ttnn/tests/autogen_op/ResNet18-train/test_ResNet18-train_aten_div_Scalar.py'.
Hint: make sure your test modules/packages have valid Python names.
Traceback:
../.pyenv/versions/3.11.10/lib/python3.11/importlib/__init__.py:126: in import_module
    return _bootstrap._gcd_import(name[level:], package, level)
           ^^^^^^^^^^^^^^^^^^^^^^^^^^^^^^^^^^^^^^^^^^^^^^^^^^^^
tests/autogen_op/ResNet18-train/test_ResNet18-train_aten_div_Scalar.py:8: in <module>
    import ttnn
E   ModuleNotFoundError: No module named 'ttnn'
_ ERROR collecting tests/autogen_op/ResNet18-train/test_ResNet18-train_aten_expand_default.py _
ImportError while importing test module '/Users/Ajay17/pytorch2.0_ttnn/tests/autogen_op/ResNet18-train/test_ResNet18-train_aten_expand_default.py'.
Hint: make sure your test modules/packages have valid Python names.
Traceback:
../.pyenv/versions/3.11.10/lib/python3.11/importlib/__init__.py:126: in import_module
    return _bootstrap._gcd_import(name[level:], package, level)
           ^^^^^^^^^^^^^^^^^^^^^^^^^^^^^^^^^^^^^^^^^^^^^^^^^^^^
tests/autogen_op/ResNet18-train/test_ResNet18-train_aten_expand_default.py:8: in <module>
    import ttnn
E   ModuleNotFoundError: No module named 'ttnn'
_ ERROR collecting tests/autogen_op/ResNet18-train/test_ResNet18-train_aten_max_pool2d_with_indices_backward_default.py _
ImportError while importing test module '/Users/Ajay17/pytorch2.0_ttnn/tests/autogen_op/ResNet18-train/test_ResNet18-train_aten_max_pool2d_with_indices_backward_default.py'.
Hint: make sure your test modules/packages have valid Python names.
Traceback:
../.pyenv/versions/3.11.10/lib/python3.11/importlib/__init__.py:126: in import_module
    return _bootstrap._gcd_import(name[level:], package, level)
           ^^^^^^^^^^^^^^^^^^^^^^^^^^^^^^^^^^^^^^^^^^^^^^^^^^^^
tests/autogen_op/ResNet18-train/test_ResNet18-train_aten_max_pool2d_with_indices_backward_default.py:8: in <module>
    import ttnn
E   ModuleNotFoundError: No module named 'ttnn'
_ ERROR collecting tests/autogen_op/ResNet18-train/test_ResNet18-train_aten_max_pool2d_with_indices_default.py _
ImportError while importing test module '/Users/Ajay17/pytorch2.0_ttnn/tests/autogen_op/ResNet18-train/test_ResNet18-train_aten_max_pool2d_with_indices_default.py'.
Hint: make sure your test modules/packages have valid Python names.
Traceback:
../.pyenv/versions/3.11.10/lib/python3.11/importlib/__init__.py:126: in import_module
    return _bootstrap._gcd_import(name[level:], package, level)
           ^^^^^^^^^^^^^^^^^^^^^^^^^^^^^^^^^^^^^^^^^^^^^^^^^^^^
tests/autogen_op/ResNet18-train/test_ResNet18-train_aten_max_pool2d_with_indices_default.py:8: in <module>
    import ttnn
E   ModuleNotFoundError: No module named 'ttnn'
_ ERROR collecting tests/autogen_op/ResNet18-train/test_ResNet18-train_aten_mean_dim.py _
ImportError while importing test module '/Users/Ajay17/pytorch2.0_ttnn/tests/autogen_op/ResNet18-train/test_ResNet18-train_aten_mean_dim.py'.
Hint: make sure your test modules/packages have valid Python names.
Traceback:
../.pyenv/versions/3.11.10/lib/python3.11/importlib/__init__.py:126: in import_module
    return _bootstrap._gcd_import(name[level:], package, level)
           ^^^^^^^^^^^^^^^^^^^^^^^^^^^^^^^^^^^^^^^^^^^^^^^^^^^^
tests/autogen_op/ResNet18-train/test_ResNet18-train_aten_mean_dim.py:8: in <module>
    import ttnn
E   ModuleNotFoundError: No module named 'ttnn'
_ ERROR collecting tests/autogen_op/ResNet18-train/test_ResNet18-train_aten_mm_default.py _
ImportError while importing test module '/Users/Ajay17/pytorch2.0_ttnn/tests/autogen_op/ResNet18-train/test_ResNet18-train_aten_mm_default.py'.
Hint: make sure your test modules/packages have valid Python names.
Traceback:
../.pyenv/versions/3.11.10/lib/python3.11/importlib/__init__.py:126: in import_module
    return _bootstrap._gcd_import(name[level:], package, level)
           ^^^^^^^^^^^^^^^^^^^^^^^^^^^^^^^^^^^^^^^^^^^^^^^^^^^^
tests/autogen_op/ResNet18-train/test_ResNet18-train_aten_mm_default.py:8: in <module>
    import ttnn
E   ModuleNotFoundError: No module named 'ttnn'
_ ERROR collecting tests/autogen_op/ResNet18-train/test_ResNet18-train_aten_native_batch_norm_backward_default.py _
ImportError while importing test module '/Users/Ajay17/pytorch2.0_ttnn/tests/autogen_op/ResNet18-train/test_ResNet18-train_aten_native_batch_norm_backward_default.py'.
Hint: make sure your test modules/packages have valid Python names.
Traceback:
../.pyenv/versions/3.11.10/lib/python3.11/importlib/__init__.py:126: in import_module
    return _bootstrap._gcd_import(name[level:], package, level)
           ^^^^^^^^^^^^^^^^^^^^^^^^^^^^^^^^^^^^^^^^^^^^^^^^^^^^
tests/autogen_op/ResNet18-train/test_ResNet18-train_aten_native_batch_norm_backward_default.py:8: in <module>
    import ttnn
E   ModuleNotFoundError: No module named 'ttnn'
_ ERROR collecting tests/autogen_op/ResNet18-train/test_ResNet18-train_aten_relu_default.py _
ImportError while importing test module '/Users/Ajay17/pytorch2.0_ttnn/tests/autogen_op/ResNet18-train/test_ResNet18-train_aten_relu_default.py'.
Hint: make sure your test modules/packages have valid Python names.
Traceback:
../.pyenv/versions/3.11.10/lib/python3.11/importlib/__init__.py:126: in import_module
    return _bootstrap._gcd_import(name[level:], package, level)
           ^^^^^^^^^^^^^^^^^^^^^^^^^^^^^^^^^^^^^^^^^^^^^^^^^^^^
tests/autogen_op/ResNet18-train/test_ResNet18-train_aten_relu_default.py:8: in <module>
    import ttnn
E   ModuleNotFoundError: No module named 'ttnn'
_ ERROR collecting tests/autogen_op/ResNet18-train/test_ResNet18-train_aten_sum_dim_IntList.py _
ImportError while importing test module '/Users/Ajay17/pytorch2.0_ttnn/tests/autogen_op/ResNet18-train/test_ResNet18-train_aten_sum_dim_IntList.py'.
Hint: make sure your test modules/packages have valid Python names.
Traceback:
../.pyenv/versions/3.11.10/lib/python3.11/importlib/__init__.py:126: in import_module
    return _bootstrap._gcd_import(name[level:], package, level)
           ^^^^^^^^^^^^^^^^^^^^^^^^^^^^^^^^^^^^^^^^^^^^^^^^^^^^
tests/autogen_op/ResNet18-train/test_ResNet18-train_aten_sum_dim_IntList.py:8: in <module>
    import ttnn
E   ModuleNotFoundError: No module named 'ttnn'
_ ERROR collecting tests/autogen_op/ResNet18-train/test_ResNet18-train_aten_t_default.py _
ImportError while importing test module '/Users/Ajay17/pytorch2.0_ttnn/tests/autogen_op/ResNet18-train/test_ResNet18-train_aten_t_default.py'.
Hint: make sure your test modules/packages have valid Python names.
Traceback:
../.pyenv/versions/3.11.10/lib/python3.11/importlib/__init__.py:126: in import_module
    return _bootstrap._gcd_import(name[level:], package, level)
           ^^^^^^^^^^^^^^^^^^^^^^^^^^^^^^^^^^^^^^^^^^^^^^^^^^^^
tests/autogen_op/ResNet18-train/test_ResNet18-train_aten_t_default.py:8: in <module>
    import ttnn
E   ModuleNotFoundError: No module named 'ttnn'
_ ERROR collecting tests/autogen_op/ResNet18-train/test_ResNet18-train_aten_threshold_backward_default.py _
ImportError while importing test module '/Users/Ajay17/pytorch2.0_ttnn/tests/autogen_op/ResNet18-train/test_ResNet18-train_aten_threshold_backward_default.py'.
Hint: make sure your test modules/packages have valid Python names.
Traceback:
../.pyenv/versions/3.11.10/lib/python3.11/importlib/__init__.py:126: in import_module
    return _bootstrap._gcd_import(name[level:], package, level)
           ^^^^^^^^^^^^^^^^^^^^^^^^^^^^^^^^^^^^^^^^^^^^^^^^^^^^
tests/autogen_op/ResNet18-train/test_ResNet18-train_aten_threshold_backward_default.py:8: in <module>
    import ttnn
E   ModuleNotFoundError: No module named 'ttnn'
_ ERROR collecting tests/autogen_op/ResNet18-train/test_ResNet18-train_aten_view_default.py _
ImportError while importing test module '/Users/Ajay17/pytorch2.0_ttnn/tests/autogen_op/ResNet18-train/test_ResNet18-train_aten_view_default.py'.
Hint: make sure your test modules/packages have valid Python names.
Traceback:
../.pyenv/versions/3.11.10/lib/python3.11/importlib/__init__.py:126: in import_module
    return _bootstrap._gcd_import(name[level:], package, level)
           ^^^^^^^^^^^^^^^^^^^^^^^^^^^^^^^^^^^^^^^^^^^^^^^^^^^^
tests/autogen_op/ResNet18-train/test_ResNet18-train_aten_view_default.py:8: in <module>
    import ttnn
E   ModuleNotFoundError: No module named 'ttnn'
_ ERROR collecting tests/autogen_op/ResNet50-train/test_ResNet50-train_aten__native_batch_norm_legit_functional_default.py _
ImportError while importing test module '/Users/Ajay17/pytorch2.0_ttnn/tests/autogen_op/ResNet50-train/test_ResNet50-train_aten__native_batch_norm_legit_functional_default.py'.
Hint: make sure your test modules/packages have valid Python names.
Traceback:
../.pyenv/versions/3.11.10/lib/python3.11/importlib/__init__.py:126: in import_module
    return _bootstrap._gcd_import(name[level:], package, level)
           ^^^^^^^^^^^^^^^^^^^^^^^^^^^^^^^^^^^^^^^^^^^^^^^^^^^^
tests/autogen_op/ResNet50-train/test_ResNet50-train_aten__native_batch_norm_legit_functional_default.py:8: in <module>
    import ttnn
E   ModuleNotFoundError: No module named 'ttnn'
_ ERROR collecting tests/autogen_op/ResNet50-train/test_ResNet50-train_aten__to_copy_default.py _
ImportError while importing test module '/Users/Ajay17/pytorch2.0_ttnn/tests/autogen_op/ResNet50-train/test_ResNet50-train_aten__to_copy_default.py'.
Hint: make sure your test modules/packages have valid Python names.
Traceback:
../.pyenv/versions/3.11.10/lib/python3.11/importlib/__init__.py:126: in import_module
    return _bootstrap._gcd_import(name[level:], package, level)
           ^^^^^^^^^^^^^^^^^^^^^^^^^^^^^^^^^^^^^^^^^^^^^^^^^^^^
tests/autogen_op/ResNet50-train/test_ResNet50-train_aten__to_copy_default.py:8: in <module>
    import ttnn
E   ModuleNotFoundError: No module named 'ttnn'
_ ERROR collecting tests/autogen_op/ResNet50-train/test_ResNet50-train_aten_add_Tensor.py _
ImportError while importing test module '/Users/Ajay17/pytorch2.0_ttnn/tests/autogen_op/ResNet50-train/test_ResNet50-train_aten_add_Tensor.py'.
Hint: make sure your test modules/packages have valid Python names.
Traceback:
../.pyenv/versions/3.11.10/lib/python3.11/importlib/__init__.py:126: in import_module
    return _bootstrap._gcd_import(name[level:], package, level)
           ^^^^^^^^^^^^^^^^^^^^^^^^^^^^^^^^^^^^^^^^^^^^^^^^^^^^
tests/autogen_op/ResNet50-train/test_ResNet50-train_aten_add_Tensor.py:8: in <module>
    import ttnn
E   ModuleNotFoundError: No module named 'ttnn'
_ ERROR collecting tests/autogen_op/ResNet50-train/test_ResNet50-train_aten_addmm_default.py _
ImportError while importing test module '/Users/Ajay17/pytorch2.0_ttnn/tests/autogen_op/ResNet50-train/test_ResNet50-train_aten_addmm_default.py'.
Hint: make sure your test modules/packages have valid Python names.
Traceback:
../.pyenv/versions/3.11.10/lib/python3.11/importlib/__init__.py:126: in import_module
    return _bootstrap._gcd_import(name[level:], package, level)
           ^^^^^^^^^^^^^^^^^^^^^^^^^^^^^^^^^^^^^^^^^^^^^^^^^^^^
tests/autogen_op/ResNet50-train/test_ResNet50-train_aten_addmm_default.py:8: in <module>
    import ttnn
E   ModuleNotFoundError: No module named 'ttnn'
_ ERROR collecting tests/autogen_op/ResNet50-train/test_ResNet50-train_aten_convolution_backward_default.py _
ImportError while importing test module '/Users/Ajay17/pytorch2.0_ttnn/tests/autogen_op/ResNet50-train/test_ResNet50-train_aten_convolution_backward_default.py'.
Hint: make sure your test modules/packages have valid Python names.
Traceback:
../.pyenv/versions/3.11.10/lib/python3.11/importlib/__init__.py:126: in import_module
    return _bootstrap._gcd_import(name[level:], package, level)
           ^^^^^^^^^^^^^^^^^^^^^^^^^^^^^^^^^^^^^^^^^^^^^^^^^^^^
tests/autogen_op/ResNet50-train/test_ResNet50-train_aten_convolution_backward_default.py:8: in <module>
    import ttnn
E   ModuleNotFoundError: No module named 'ttnn'
_ ERROR collecting tests/autogen_op/ResNet50-train/test_ResNet50-train_aten_convolution_default.py _
ImportError while importing test module '/Users/Ajay17/pytorch2.0_ttnn/tests/autogen_op/ResNet50-train/test_ResNet50-train_aten_convolution_default.py'.
Hint: make sure your test modules/packages have valid Python names.
Traceback:
../.pyenv/versions/3.11.10/lib/python3.11/importlib/__init__.py:126: in import_module
    return _bootstrap._gcd_import(name[level:], package, level)
           ^^^^^^^^^^^^^^^^^^^^^^^^^^^^^^^^^^^^^^^^^^^^^^^^^^^^
tests/autogen_op/ResNet50-train/test_ResNet50-train_aten_convolution_default.py:8: in <module>
    import ttnn
E   ModuleNotFoundError: No module named 'ttnn'
_ ERROR collecting tests/autogen_op/ResNet50-train/test_ResNet50-train_aten_detach_default.py _
ImportError while importing test module '/Users/Ajay17/pytorch2.0_ttnn/tests/autogen_op/ResNet50-train/test_ResNet50-train_aten_detach_default.py'.
Hint: make sure your test modules/packages have valid Python names.
Traceback:
../.pyenv/versions/3.11.10/lib/python3.11/importlib/__init__.py:126: in import_module
    return _bootstrap._gcd_import(name[level:], package, level)
           ^^^^^^^^^^^^^^^^^^^^^^^^^^^^^^^^^^^^^^^^^^^^^^^^^^^^
tests/autogen_op/ResNet50-train/test_ResNet50-train_aten_detach_default.py:8: in <module>
    import ttnn
E   ModuleNotFoundError: No module named 'ttnn'
_ ERROR collecting tests/autogen_op/ResNet50-train/test_ResNet50-train_aten_div_Scalar.py _
ImportError while importing test module '/Users/Ajay17/pytorch2.0_ttnn/tests/autogen_op/ResNet50-train/test_ResNet50-train_aten_div_Scalar.py'.
Hint: make sure your test modules/packages have valid Python names.
Traceback:
../.pyenv/versions/3.11.10/lib/python3.11/importlib/__init__.py:126: in import_module
    return _bootstrap._gcd_import(name[level:], package, level)
           ^^^^^^^^^^^^^^^^^^^^^^^^^^^^^^^^^^^^^^^^^^^^^^^^^^^^
tests/autogen_op/ResNet50-train/test_ResNet50-train_aten_div_Scalar.py:8: in <module>
    import ttnn
E   ModuleNotFoundError: No module named 'ttnn'
_ ERROR collecting tests/autogen_op/ResNet50-train/test_ResNet50-train_aten_expand_default.py _
ImportError while importing test module '/Users/Ajay17/pytorch2.0_ttnn/tests/autogen_op/ResNet50-train/test_ResNet50-train_aten_expand_default.py'.
Hint: make sure your test modules/packages have valid Python names.
Traceback:
../.pyenv/versions/3.11.10/lib/python3.11/importlib/__init__.py:126: in import_module
    return _bootstrap._gcd_import(name[level:], package, level)
           ^^^^^^^^^^^^^^^^^^^^^^^^^^^^^^^^^^^^^^^^^^^^^^^^^^^^
tests/autogen_op/ResNet50-train/test_ResNet50-train_aten_expand_default.py:8: in <module>
    import ttnn
E   ModuleNotFoundError: No module named 'ttnn'
_ ERROR collecting tests/autogen_op/ResNet50-train/test_ResNet50-train_aten_max_pool2d_with_indices_backward_default.py _
ImportError while importing test module '/Users/Ajay17/pytorch2.0_ttnn/tests/autogen_op/ResNet50-train/test_ResNet50-train_aten_max_pool2d_with_indices_backward_default.py'.
Hint: make sure your test modules/packages have valid Python names.
Traceback:
../.pyenv/versions/3.11.10/lib/python3.11/importlib/__init__.py:126: in import_module
    return _bootstrap._gcd_import(name[level:], package, level)
           ^^^^^^^^^^^^^^^^^^^^^^^^^^^^^^^^^^^^^^^^^^^^^^^^^^^^
tests/autogen_op/ResNet50-train/test_ResNet50-train_aten_max_pool2d_with_indices_backward_default.py:8: in <module>
    import ttnn
E   ModuleNotFoundError: No module named 'ttnn'
_ ERROR collecting tests/autogen_op/ResNet50-train/test_ResNet50-train_aten_max_pool2d_with_indices_default.py _
ImportError while importing test module '/Users/Ajay17/pytorch2.0_ttnn/tests/autogen_op/ResNet50-train/test_ResNet50-train_aten_max_pool2d_with_indices_default.py'.
Hint: make sure your test modules/packages have valid Python names.
Traceback:
../.pyenv/versions/3.11.10/lib/python3.11/importlib/__init__.py:126: in import_module
    return _bootstrap._gcd_import(name[level:], package, level)
           ^^^^^^^^^^^^^^^^^^^^^^^^^^^^^^^^^^^^^^^^^^^^^^^^^^^^
tests/autogen_op/ResNet50-train/test_ResNet50-train_aten_max_pool2d_with_indices_default.py:8: in <module>
    import ttnn
E   ModuleNotFoundError: No module named 'ttnn'
_ ERROR collecting tests/autogen_op/ResNet50-train/test_ResNet50-train_aten_mean_dim.py _
ImportError while importing test module '/Users/Ajay17/pytorch2.0_ttnn/tests/autogen_op/ResNet50-train/test_ResNet50-train_aten_mean_dim.py'.
Hint: make sure your test modules/packages have valid Python names.
Traceback:
../.pyenv/versions/3.11.10/lib/python3.11/importlib/__init__.py:126: in import_module
    return _bootstrap._gcd_import(name[level:], package, level)
           ^^^^^^^^^^^^^^^^^^^^^^^^^^^^^^^^^^^^^^^^^^^^^^^^^^^^
tests/autogen_op/ResNet50-train/test_ResNet50-train_aten_mean_dim.py:8: in <module>
    import ttnn
E   ModuleNotFoundError: No module named 'ttnn'
_ ERROR collecting tests/autogen_op/ResNet50-train/test_ResNet50-train_aten_mm_default.py _
ImportError while importing test module '/Users/Ajay17/pytorch2.0_ttnn/tests/autogen_op/ResNet50-train/test_ResNet50-train_aten_mm_default.py'.
Hint: make sure your test modules/packages have valid Python names.
Traceback:
../.pyenv/versions/3.11.10/lib/python3.11/importlib/__init__.py:126: in import_module
    return _bootstrap._gcd_import(name[level:], package, level)
           ^^^^^^^^^^^^^^^^^^^^^^^^^^^^^^^^^^^^^^^^^^^^^^^^^^^^
tests/autogen_op/ResNet50-train/test_ResNet50-train_aten_mm_default.py:8: in <module>
    import ttnn
E   ModuleNotFoundError: No module named 'ttnn'
_ ERROR collecting tests/autogen_op/ResNet50-train/test_ResNet50-train_aten_native_batch_norm_backward_default.py _
ImportError while importing test module '/Users/Ajay17/pytorch2.0_ttnn/tests/autogen_op/ResNet50-train/test_ResNet50-train_aten_native_batch_norm_backward_default.py'.
Hint: make sure your test modules/packages have valid Python names.
Traceback:
../.pyenv/versions/3.11.10/lib/python3.11/importlib/__init__.py:126: in import_module
    return _bootstrap._gcd_import(name[level:], package, level)
           ^^^^^^^^^^^^^^^^^^^^^^^^^^^^^^^^^^^^^^^^^^^^^^^^^^^^
tests/autogen_op/ResNet50-train/test_ResNet50-train_aten_native_batch_norm_backward_default.py:8: in <module>
    import ttnn
E   ModuleNotFoundError: No module named 'ttnn'
_ ERROR collecting tests/autogen_op/ResNet50-train/test_ResNet50-train_aten_relu_default.py _
ImportError while importing test module '/Users/Ajay17/pytorch2.0_ttnn/tests/autogen_op/ResNet50-train/test_ResNet50-train_aten_relu_default.py'.
Hint: make sure your test modules/packages have valid Python names.
Traceback:
../.pyenv/versions/3.11.10/lib/python3.11/importlib/__init__.py:126: in import_module
    return _bootstrap._gcd_import(name[level:], package, level)
           ^^^^^^^^^^^^^^^^^^^^^^^^^^^^^^^^^^^^^^^^^^^^^^^^^^^^
tests/autogen_op/ResNet50-train/test_ResNet50-train_aten_relu_default.py:8: in <module>
    import ttnn
E   ModuleNotFoundError: No module named 'ttnn'
_ ERROR collecting tests/autogen_op/ResNet50-train/test_ResNet50-train_aten_sum_dim_IntList.py _
ImportError while importing test module '/Users/Ajay17/pytorch2.0_ttnn/tests/autogen_op/ResNet50-train/test_ResNet50-train_aten_sum_dim_IntList.py'.
Hint: make sure your test modules/packages have valid Python names.
Traceback:
../.pyenv/versions/3.11.10/lib/python3.11/importlib/__init__.py:126: in import_module
    return _bootstrap._gcd_import(name[level:], package, level)
           ^^^^^^^^^^^^^^^^^^^^^^^^^^^^^^^^^^^^^^^^^^^^^^^^^^^^
tests/autogen_op/ResNet50-train/test_ResNet50-train_aten_sum_dim_IntList.py:8: in <module>
    import ttnn
E   ModuleNotFoundError: No module named 'ttnn'
_ ERROR collecting tests/autogen_op/ResNet50-train/test_ResNet50-train_aten_t_default.py _
ImportError while importing test module '/Users/Ajay17/pytorch2.0_ttnn/tests/autogen_op/ResNet50-train/test_ResNet50-train_aten_t_default.py'.
Hint: make sure your test modules/packages have valid Python names.
Traceback:
../.pyenv/versions/3.11.10/lib/python3.11/importlib/__init__.py:126: in import_module
    return _bootstrap._gcd_import(name[level:], package, level)
           ^^^^^^^^^^^^^^^^^^^^^^^^^^^^^^^^^^^^^^^^^^^^^^^^^^^^
tests/autogen_op/ResNet50-train/test_ResNet50-train_aten_t_default.py:8: in <module>
    import ttnn
E   ModuleNotFoundError: No module named 'ttnn'
_ ERROR collecting tests/autogen_op/ResNet50-train/test_ResNet50-train_aten_threshold_backward_default.py _
ImportError while importing test module '/Users/Ajay17/pytorch2.0_ttnn/tests/autogen_op/ResNet50-train/test_ResNet50-train_aten_threshold_backward_default.py'.
Hint: make sure your test modules/packages have valid Python names.
Traceback:
../.pyenv/versions/3.11.10/lib/python3.11/importlib/__init__.py:126: in import_module
    return _bootstrap._gcd_import(name[level:], package, level)
           ^^^^^^^^^^^^^^^^^^^^^^^^^^^^^^^^^^^^^^^^^^^^^^^^^^^^
tests/autogen_op/ResNet50-train/test_ResNet50-train_aten_threshold_backward_default.py:8: in <module>
    import ttnn
E   ModuleNotFoundError: No module named 'ttnn'
_ ERROR collecting tests/autogen_op/ResNet50-train/test_ResNet50-train_aten_view_default.py _
ImportError while importing test module '/Users/Ajay17/pytorch2.0_ttnn/tests/autogen_op/ResNet50-train/test_ResNet50-train_aten_view_default.py'.
Hint: make sure your test modules/packages have valid Python names.
Traceback:
../.pyenv/versions/3.11.10/lib/python3.11/importlib/__init__.py:126: in import_module
    return _bootstrap._gcd_import(name[level:], package, level)
           ^^^^^^^^^^^^^^^^^^^^^^^^^^^^^^^^^^^^^^^^^^^^^^^^^^^^
tests/autogen_op/ResNet50-train/test_ResNet50-train_aten_view_default.py:8: in <module>
    import ttnn
E   ModuleNotFoundError: No module named 'ttnn'
_ ERROR collecting tests/autogen_op/RoBERTa/test_RoBERTa_aten__softmax_default.py _
ImportError while importing test module '/Users/Ajay17/pytorch2.0_ttnn/tests/autogen_op/RoBERTa/test_RoBERTa_aten__softmax_default.py'.
Hint: make sure your test modules/packages have valid Python names.
Traceback:
../.pyenv/versions/3.11.10/lib/python3.11/importlib/__init__.py:126: in import_module
    return _bootstrap._gcd_import(name[level:], package, level)
           ^^^^^^^^^^^^^^^^^^^^^^^^^^^^^^^^^^^^^^^^^^^^^^^^^^^^
tests/autogen_op/RoBERTa/test_RoBERTa_aten__softmax_default.py:8: in <module>
    import ttnn
E   ModuleNotFoundError: No module named 'ttnn'
_ ERROR collecting tests/autogen_op/RoBERTa/test_RoBERTa_aten__to_copy_default.py _
ImportError while importing test module '/Users/Ajay17/pytorch2.0_ttnn/tests/autogen_op/RoBERTa/test_RoBERTa_aten__to_copy_default.py'.
Hint: make sure your test modules/packages have valid Python names.
Traceback:
../.pyenv/versions/3.11.10/lib/python3.11/importlib/__init__.py:126: in import_module
    return _bootstrap._gcd_import(name[level:], package, level)
           ^^^^^^^^^^^^^^^^^^^^^^^^^^^^^^^^^^^^^^^^^^^^^^^^^^^^
tests/autogen_op/RoBERTa/test_RoBERTa_aten__to_copy_default.py:8: in <module>
    import ttnn
E   ModuleNotFoundError: No module named 'ttnn'
__ ERROR collecting tests/autogen_op/RoBERTa/test_RoBERTa_aten_add_Tensor.py ___
ImportError while importing test module '/Users/Ajay17/pytorch2.0_ttnn/tests/autogen_op/RoBERTa/test_RoBERTa_aten_add_Tensor.py'.
Hint: make sure your test modules/packages have valid Python names.
Traceback:
../.pyenv/versions/3.11.10/lib/python3.11/importlib/__init__.py:126: in import_module
    return _bootstrap._gcd_import(name[level:], package, level)
           ^^^^^^^^^^^^^^^^^^^^^^^^^^^^^^^^^^^^^^^^^^^^^^^^^^^^
tests/autogen_op/RoBERTa/test_RoBERTa_aten_add_Tensor.py:8: in <module>
    import ttnn
E   ModuleNotFoundError: No module named 'ttnn'
_ ERROR collecting tests/autogen_op/RoBERTa/test_RoBERTa_aten_addmm_default.py _
ImportError while importing test module '/Users/Ajay17/pytorch2.0_ttnn/tests/autogen_op/RoBERTa/test_RoBERTa_aten_addmm_default.py'.
Hint: make sure your test modules/packages have valid Python names.
Traceback:
../.pyenv/versions/3.11.10/lib/python3.11/importlib/__init__.py:126: in import_module
    return _bootstrap._gcd_import(name[level:], package, level)
           ^^^^^^^^^^^^^^^^^^^^^^^^^^^^^^^^^^^^^^^^^^^^^^^^^^^^
tests/autogen_op/RoBERTa/test_RoBERTa_aten_addmm_default.py:8: in <module>
    import ttnn
E   ModuleNotFoundError: No module named 'ttnn'
__ ERROR collecting tests/autogen_op/RoBERTa/test_RoBERTa_aten_bmm_default.py __
ImportError while importing test module '/Users/Ajay17/pytorch2.0_ttnn/tests/autogen_op/RoBERTa/test_RoBERTa_aten_bmm_default.py'.
Hint: make sure your test modules/packages have valid Python names.
Traceback:
../.pyenv/versions/3.11.10/lib/python3.11/importlib/__init__.py:126: in import_module
    return _bootstrap._gcd_import(name[level:], package, level)
           ^^^^^^^^^^^^^^^^^^^^^^^^^^^^^^^^^^^^^^^^^^^^^^^^^^^^
tests/autogen_op/RoBERTa/test_RoBERTa_aten_bmm_default.py:8: in <module>
    import ttnn
E   ModuleNotFoundError: No module named 'ttnn'
_ ERROR collecting tests/autogen_op/RoBERTa/test_RoBERTa_aten_clone_default.py _
ImportError while importing test module '/Users/Ajay17/pytorch2.0_ttnn/tests/autogen_op/RoBERTa/test_RoBERTa_aten_clone_default.py'.
Hint: make sure your test modules/packages have valid Python names.
Traceback:
../.pyenv/versions/3.11.10/lib/python3.11/importlib/__init__.py:126: in import_module
    return _bootstrap._gcd_import(name[level:], package, level)
           ^^^^^^^^^^^^^^^^^^^^^^^^^^^^^^^^^^^^^^^^^^^^^^^^^^^^
tests/autogen_op/RoBERTa/test_RoBERTa_aten_clone_default.py:8: in <module>
    import ttnn
E   ModuleNotFoundError: No module named 'ttnn'
_ ERROR collecting tests/autogen_op/RoBERTa/test_RoBERTa_aten_cumsum_default.py _
ImportError while importing test module '/Users/Ajay17/pytorch2.0_ttnn/tests/autogen_op/RoBERTa/test_RoBERTa_aten_cumsum_default.py'.
Hint: make sure your test modules/packages have valid Python names.
Traceback:
../.pyenv/versions/3.11.10/lib/python3.11/importlib/__init__.py:126: in import_module
    return _bootstrap._gcd_import(name[level:], package, level)
           ^^^^^^^^^^^^^^^^^^^^^^^^^^^^^^^^^^^^^^^^^^^^^^^^^^^^
tests/autogen_op/RoBERTa/test_RoBERTa_aten_cumsum_default.py:8: in <module>
    import ttnn
E   ModuleNotFoundError: No module named 'ttnn'
__ ERROR collecting tests/autogen_op/RoBERTa/test_RoBERTa_aten_div_Tensor.py ___
ImportError while importing test module '/Users/Ajay17/pytorch2.0_ttnn/tests/autogen_op/RoBERTa/test_RoBERTa_aten_div_Tensor.py'.
Hint: make sure your test modules/packages have valid Python names.
Traceback:
../.pyenv/versions/3.11.10/lib/python3.11/importlib/__init__.py:126: in import_module
    return _bootstrap._gcd_import(name[level:], package, level)
           ^^^^^^^^^^^^^^^^^^^^^^^^^^^^^^^^^^^^^^^^^^^^^^^^^^^^
tests/autogen_op/RoBERTa/test_RoBERTa_aten_div_Tensor.py:8: in <module>
    import ttnn
E   ModuleNotFoundError: No module named 'ttnn'
_ ERROR collecting tests/autogen_op/RoBERTa/test_RoBERTa_aten_embedding_default.py _
ImportError while importing test module '/Users/Ajay17/pytorch2.0_ttnn/tests/autogen_op/RoBERTa/test_RoBERTa_aten_embedding_default.py'.
Hint: make sure your test modules/packages have valid Python names.
Traceback:
../.pyenv/versions/3.11.10/lib/python3.11/importlib/__init__.py:126: in import_module
    return _bootstrap._gcd_import(name[level:], package, level)
           ^^^^^^^^^^^^^^^^^^^^^^^^^^^^^^^^^^^^^^^^^^^^^^^^^^^^
tests/autogen_op/RoBERTa/test_RoBERTa_aten_embedding_default.py:8: in <module>
    import ttnn
E   ModuleNotFoundError: No module named 'ttnn'
_ ERROR collecting tests/autogen_op/RoBERTa/test_RoBERTa_aten_expand_default.py _
ImportError while importing test module '/Users/Ajay17/pytorch2.0_ttnn/tests/autogen_op/RoBERTa/test_RoBERTa_aten_expand_default.py'.
Hint: make sure your test modules/packages have valid Python names.
Traceback:
../.pyenv/versions/3.11.10/lib/python3.11/importlib/__init__.py:126: in import_module
    return _bootstrap._gcd_import(name[level:], package, level)
           ^^^^^^^^^^^^^^^^^^^^^^^^^^^^^^^^^^^^^^^^^^^^^^^^^^^^
tests/autogen_op/RoBERTa/test_RoBERTa_aten_expand_default.py:8: in <module>
    import ttnn
E   ModuleNotFoundError: No module named 'ttnn'
_ ERROR collecting tests/autogen_op/RoBERTa/test_RoBERTa_aten_gelu_default.py __
ImportError while importing test module '/Users/Ajay17/pytorch2.0_ttnn/tests/autogen_op/RoBERTa/test_RoBERTa_aten_gelu_default.py'.
Hint: make sure your test modules/packages have valid Python names.
Traceback:
../.pyenv/versions/3.11.10/lib/python3.11/importlib/__init__.py:126: in import_module
    return _bootstrap._gcd_import(name[level:], package, level)
           ^^^^^^^^^^^^^^^^^^^^^^^^^^^^^^^^^^^^^^^^^^^^^^^^^^^^
tests/autogen_op/RoBERTa/test_RoBERTa_aten_gelu_default.py:8: in <module>
    import ttnn
E   ModuleNotFoundError: No module named 'ttnn'
__ ERROR collecting tests/autogen_op/RoBERTa/test_RoBERTa_aten_mul_Tensor.py ___
ImportError while importing test module '/Users/Ajay17/pytorch2.0_ttnn/tests/autogen_op/RoBERTa/test_RoBERTa_aten_mul_Tensor.py'.
Hint: make sure your test modules/packages have valid Python names.
Traceback:
../.pyenv/versions/3.11.10/lib/python3.11/importlib/__init__.py:126: in import_module
    return _bootstrap._gcd_import(name[level:], package, level)
           ^^^^^^^^^^^^^^^^^^^^^^^^^^^^^^^^^^^^^^^^^^^^^^^^^^^^
tests/autogen_op/RoBERTa/test_RoBERTa_aten_mul_Tensor.py:8: in <module>
    import ttnn
E   ModuleNotFoundError: No module named 'ttnn'
_ ERROR collecting tests/autogen_op/RoBERTa/test_RoBERTa_aten_native_layer_norm_default.py _
ImportError while importing test module '/Users/Ajay17/pytorch2.0_ttnn/tests/autogen_op/RoBERTa/test_RoBERTa_aten_native_layer_norm_default.py'.
Hint: make sure your test modules/packages have valid Python names.
Traceback:
../.pyenv/versions/3.11.10/lib/python3.11/importlib/__init__.py:126: in import_module
    return _bootstrap._gcd_import(name[level:], package, level)
           ^^^^^^^^^^^^^^^^^^^^^^^^^^^^^^^^^^^^^^^^^^^^^^^^^^^^
tests/autogen_op/RoBERTa/test_RoBERTa_aten_native_layer_norm_default.py:8: in <module>
    import ttnn
E   ModuleNotFoundError: No module named 'ttnn'
___ ERROR collecting tests/autogen_op/RoBERTa/test_RoBERTa_aten_ne_Scalar.py ___
ImportError while importing test module '/Users/Ajay17/pytorch2.0_ttnn/tests/autogen_op/RoBERTa/test_RoBERTa_aten_ne_Scalar.py'.
Hint: make sure your test modules/packages have valid Python names.
Traceback:
../.pyenv/versions/3.11.10/lib/python3.11/importlib/__init__.py:126: in import_module
    return _bootstrap._gcd_import(name[level:], package, level)
           ^^^^^^^^^^^^^^^^^^^^^^^^^^^^^^^^^^^^^^^^^^^^^^^^^^^^
tests/autogen_op/RoBERTa/test_RoBERTa_aten_ne_Scalar.py:8: in <module>
    import ttnn
E   ModuleNotFoundError: No module named 'ttnn'
_ ERROR collecting tests/autogen_op/RoBERTa/test_RoBERTa_aten_permute_default.py _
ImportError while importing test module '/Users/Ajay17/pytorch2.0_ttnn/tests/autogen_op/RoBERTa/test_RoBERTa_aten_permute_default.py'.
Hint: make sure your test modules/packages have valid Python names.
Traceback:
../.pyenv/versions/3.11.10/lib/python3.11/importlib/__init__.py:126: in import_module
    return _bootstrap._gcd_import(name[level:], package, level)
           ^^^^^^^^^^^^^^^^^^^^^^^^^^^^^^^^^^^^^^^^^^^^^^^^^^^^
tests/autogen_op/RoBERTa/test_RoBERTa_aten_permute_default.py:8: in <module>
    import ttnn
E   ModuleNotFoundError: No module named 'ttnn'
__ ERROR collecting tests/autogen_op/RoBERTa/test_RoBERTa_aten_rsub_Scalar.py __
ImportError while importing test module '/Users/Ajay17/pytorch2.0_ttnn/tests/autogen_op/RoBERTa/test_RoBERTa_aten_rsub_Scalar.py'.
Hint: make sure your test modules/packages have valid Python names.
Traceback:
../.pyenv/versions/3.11.10/lib/python3.11/importlib/__init__.py:126: in import_module
    return _bootstrap._gcd_import(name[level:], package, level)
           ^^^^^^^^^^^^^^^^^^^^^^^^^^^^^^^^^^^^^^^^^^^^^^^^^^^^
tests/autogen_op/RoBERTa/test_RoBERTa_aten_rsub_Scalar.py:8: in <module>
    import ttnn
E   ModuleNotFoundError: No module named 'ttnn'
_ ERROR collecting tests/autogen_op/RoBERTa/test_RoBERTa_aten_slice_Tensor.py __
ImportError while importing test module '/Users/Ajay17/pytorch2.0_ttnn/tests/autogen_op/RoBERTa/test_RoBERTa_aten_slice_Tensor.py'.
Hint: make sure your test modules/packages have valid Python names.
Traceback:
../.pyenv/versions/3.11.10/lib/python3.11/importlib/__init__.py:126: in import_module
    return _bootstrap._gcd_import(name[level:], package, level)
           ^^^^^^^^^^^^^^^^^^^^^^^^^^^^^^^^^^^^^^^^^^^^^^^^^^^^
tests/autogen_op/RoBERTa/test_RoBERTa_aten_slice_Tensor.py:8: in <module>
    import ttnn
E   ModuleNotFoundError: No module named 'ttnn'
___ ERROR collecting tests/autogen_op/RoBERTa/test_RoBERTa_aten_t_default.py ___
ImportError while importing test module '/Users/Ajay17/pytorch2.0_ttnn/tests/autogen_op/RoBERTa/test_RoBERTa_aten_t_default.py'.
Hint: make sure your test modules/packages have valid Python names.
Traceback:
../.pyenv/versions/3.11.10/lib/python3.11/importlib/__init__.py:126: in import_module
    return _bootstrap._gcd_import(name[level:], package, level)
           ^^^^^^^^^^^^^^^^^^^^^^^^^^^^^^^^^^^^^^^^^^^^^^^^^^^^
tests/autogen_op/RoBERTa/test_RoBERTa_aten_t_default.py:8: in <module>
    import ttnn
E   ModuleNotFoundError: No module named 'ttnn'
_ ERROR collecting tests/autogen_op/RoBERTa/test_RoBERTa_aten_transpose_int.py _
ImportError while importing test module '/Users/Ajay17/pytorch2.0_ttnn/tests/autogen_op/RoBERTa/test_RoBERTa_aten_transpose_int.py'.
Hint: make sure your test modules/packages have valid Python names.
Traceback:
../.pyenv/versions/3.11.10/lib/python3.11/importlib/__init__.py:126: in import_module
    return _bootstrap._gcd_import(name[level:], package, level)
           ^^^^^^^^^^^^^^^^^^^^^^^^^^^^^^^^^^^^^^^^^^^^^^^^^^^^
tests/autogen_op/RoBERTa/test_RoBERTa_aten_transpose_int.py:8: in <module>
    import ttnn
E   ModuleNotFoundError: No module named 'ttnn'
_ ERROR collecting tests/autogen_op/RoBERTa/test_RoBERTa_aten_unsqueeze_default.py _
ImportError while importing test module '/Users/Ajay17/pytorch2.0_ttnn/tests/autogen_op/RoBERTa/test_RoBERTa_aten_unsqueeze_default.py'.
Hint: make sure your test modules/packages have valid Python names.
Traceback:
../.pyenv/versions/3.11.10/lib/python3.11/importlib/__init__.py:126: in import_module
    return _bootstrap._gcd_import(name[level:], package, level)
           ^^^^^^^^^^^^^^^^^^^^^^^^^^^^^^^^^^^^^^^^^^^^^^^^^^^^
tests/autogen_op/RoBERTa/test_RoBERTa_aten_unsqueeze_default.py:8: in <module>
    import ttnn
E   ModuleNotFoundError: No module named 'ttnn'
_ ERROR collecting tests/autogen_op/RoBERTa/test_RoBERTa_aten_view_default.py __
ImportError while importing test module '/Users/Ajay17/pytorch2.0_ttnn/tests/autogen_op/RoBERTa/test_RoBERTa_aten_view_default.py'.
Hint: make sure your test modules/packages have valid Python names.
Traceback:
../.pyenv/versions/3.11.10/lib/python3.11/importlib/__init__.py:126: in import_module
    return _bootstrap._gcd_import(name[level:], package, level)
           ^^^^^^^^^^^^^^^^^^^^^^^^^^^^^^^^^^^^^^^^^^^^^^^^^^^^
tests/autogen_op/RoBERTa/test_RoBERTa_aten_view_default.py:8: in <module>
    import ttnn
E   ModuleNotFoundError: No module named 'ttnn'
_ ERROR collecting tests/autogen_op/SegFormer/test_SegFormer_aten__native_batch_norm_legit_no_training_default.py _
ImportError while importing test module '/Users/Ajay17/pytorch2.0_ttnn/tests/autogen_op/SegFormer/test_SegFormer_aten__native_batch_norm_legit_no_training_default.py'.
Hint: make sure your test modules/packages have valid Python names.
Traceback:
../.pyenv/versions/3.11.10/lib/python3.11/importlib/__init__.py:126: in import_module
    return _bootstrap._gcd_import(name[level:], package, level)
           ^^^^^^^^^^^^^^^^^^^^^^^^^^^^^^^^^^^^^^^^^^^^^^^^^^^^
tests/autogen_op/SegFormer/test_SegFormer_aten__native_batch_norm_legit_no_training_default.py:8: in <module>
    import ttnn
E   ModuleNotFoundError: No module named 'ttnn'
_ ERROR collecting tests/autogen_op/SegFormer/test_SegFormer_aten__softmax_default.py _
ImportError while importing test module '/Users/Ajay17/pytorch2.0_ttnn/tests/autogen_op/SegFormer/test_SegFormer_aten__softmax_default.py'.
Hint: make sure your test modules/packages have valid Python names.
Traceback:
../.pyenv/versions/3.11.10/lib/python3.11/importlib/__init__.py:126: in import_module
    return _bootstrap._gcd_import(name[level:], package, level)
           ^^^^^^^^^^^^^^^^^^^^^^^^^^^^^^^^^^^^^^^^^^^^^^^^^^^^
tests/autogen_op/SegFormer/test_SegFormer_aten__softmax_default.py:8: in <module>
    import ttnn
E   ModuleNotFoundError: No module named 'ttnn'
_ ERROR collecting tests/autogen_op/SegFormer/test_SegFormer_aten__to_copy_default.py _
ImportError while importing test module '/Users/Ajay17/pytorch2.0_ttnn/tests/autogen_op/SegFormer/test_SegFormer_aten__to_copy_default.py'.
Hint: make sure your test modules/packages have valid Python names.
Traceback:
../.pyenv/versions/3.11.10/lib/python3.11/importlib/__init__.py:126: in import_module
    return _bootstrap._gcd_import(name[level:], package, level)
           ^^^^^^^^^^^^^^^^^^^^^^^^^^^^^^^^^^^^^^^^^^^^^^^^^^^^
tests/autogen_op/SegFormer/test_SegFormer_aten__to_copy_default.py:8: in <module>
    import ttnn
E   ModuleNotFoundError: No module named 'ttnn'
_ ERROR collecting tests/autogen_op/SegFormer/test_SegFormer_aten__unsafe_index_Tensor.py _
ImportError while importing test module '/Users/Ajay17/pytorch2.0_ttnn/tests/autogen_op/SegFormer/test_SegFormer_aten__unsafe_index_Tensor.py'.
Hint: make sure your test modules/packages have valid Python names.
Traceback:
../.pyenv/versions/3.11.10/lib/python3.11/importlib/__init__.py:126: in import_module
    return _bootstrap._gcd_import(name[level:], package, level)
           ^^^^^^^^^^^^^^^^^^^^^^^^^^^^^^^^^^^^^^^^^^^^^^^^^^^^
tests/autogen_op/SegFormer/test_SegFormer_aten__unsafe_index_Tensor.py:8: in <module>
    import ttnn
E   ModuleNotFoundError: No module named 'ttnn'
_ ERROR collecting tests/autogen_op/SegFormer/test_SegFormer_aten_add_Tensor.py _
ImportError while importing test module '/Users/Ajay17/pytorch2.0_ttnn/tests/autogen_op/SegFormer/test_SegFormer_aten_add_Tensor.py'.
Hint: make sure your test modules/packages have valid Python names.
Traceback:
../.pyenv/versions/3.11.10/lib/python3.11/importlib/__init__.py:126: in import_module
    return _bootstrap._gcd_import(name[level:], package, level)
           ^^^^^^^^^^^^^^^^^^^^^^^^^^^^^^^^^^^^^^^^^^^^^^^^^^^^
tests/autogen_op/SegFormer/test_SegFormer_aten_add_Tensor.py:8: in <module>
    import ttnn
E   ModuleNotFoundError: No module named 'ttnn'
_ ERROR collecting tests/autogen_op/SegFormer/test_SegFormer_aten_addmm_default.py _
ImportError while importing test module '/Users/Ajay17/pytorch2.0_ttnn/tests/autogen_op/SegFormer/test_SegFormer_aten_addmm_default.py'.
Hint: make sure your test modules/packages have valid Python names.
Traceback:
../.pyenv/versions/3.11.10/lib/python3.11/importlib/__init__.py:126: in import_module
    return _bootstrap._gcd_import(name[level:], package, level)
           ^^^^^^^^^^^^^^^^^^^^^^^^^^^^^^^^^^^^^^^^^^^^^^^^^^^^
tests/autogen_op/SegFormer/test_SegFormer_aten_addmm_default.py:8: in <module>
    import ttnn
E   ModuleNotFoundError: No module named 'ttnn'
_ ERROR collecting tests/autogen_op/SegFormer/test_SegFormer_aten_bmm_default.py _
ImportError while importing test module '/Users/Ajay17/pytorch2.0_ttnn/tests/autogen_op/SegFormer/test_SegFormer_aten_bmm_default.py'.
Hint: make sure your test modules/packages have valid Python names.
Traceback:
../.pyenv/versions/3.11.10/lib/python3.11/importlib/__init__.py:126: in import_module
    return _bootstrap._gcd_import(name[level:], package, level)
           ^^^^^^^^^^^^^^^^^^^^^^^^^^^^^^^^^^^^^^^^^^^^^^^^^^^^
tests/autogen_op/SegFormer/test_SegFormer_aten_bmm_default.py:8: in <module>
    import ttnn
E   ModuleNotFoundError: No module named 'ttnn'
_ ERROR collecting tests/autogen_op/SegFormer/test_SegFormer_aten_cat_default.py _
ImportError while importing test module '/Users/Ajay17/pytorch2.0_ttnn/tests/autogen_op/SegFormer/test_SegFormer_aten_cat_default.py'.
Hint: make sure your test modules/packages have valid Python names.
Traceback:
../.pyenv/versions/3.11.10/lib/python3.11/importlib/__init__.py:126: in import_module
    return _bootstrap._gcd_import(name[level:], package, level)
           ^^^^^^^^^^^^^^^^^^^^^^^^^^^^^^^^^^^^^^^^^^^^^^^^^^^^
tests/autogen_op/SegFormer/test_SegFormer_aten_cat_default.py:8: in <module>
    import ttnn
E   ModuleNotFoundError: No module named 'ttnn'
_ ERROR collecting tests/autogen_op/SegFormer/test_SegFormer_aten_clone_default.py _
ImportError while importing test module '/Users/Ajay17/pytorch2.0_ttnn/tests/autogen_op/SegFormer/test_SegFormer_aten_clone_default.py'.
Hint: make sure your test modules/packages have valid Python names.
Traceback:
../.pyenv/versions/3.11.10/lib/python3.11/importlib/__init__.py:126: in import_module
    return _bootstrap._gcd_import(name[level:], package, level)
           ^^^^^^^^^^^^^^^^^^^^^^^^^^^^^^^^^^^^^^^^^^^^^^^^^^^^
tests/autogen_op/SegFormer/test_SegFormer_aten_clone_default.py:8: in <module>
    import ttnn
E   ModuleNotFoundError: No module named 'ttnn'
_ ERROR collecting tests/autogen_op/SegFormer/test_SegFormer_aten_convolution_default.py _
ImportError while importing test module '/Users/Ajay17/pytorch2.0_ttnn/tests/autogen_op/SegFormer/test_SegFormer_aten_convolution_default.py'.
Hint: make sure your test modules/packages have valid Python names.
Traceback:
../.pyenv/versions/3.11.10/lib/python3.11/importlib/__init__.py:126: in import_module
    return _bootstrap._gcd_import(name[level:], package, level)
           ^^^^^^^^^^^^^^^^^^^^^^^^^^^^^^^^^^^^^^^^^^^^^^^^^^^^
tests/autogen_op/SegFormer/test_SegFormer_aten_convolution_default.py:8: in <module>
    import ttnn
E   ModuleNotFoundError: No module named 'ttnn'
_ ERROR collecting tests/autogen_op/SegFormer/test_SegFormer_aten_div_Tensor.py _
ImportError while importing test module '/Users/Ajay17/pytorch2.0_ttnn/tests/autogen_op/SegFormer/test_SegFormer_aten_div_Tensor.py'.
Hint: make sure your test modules/packages have valid Python names.
Traceback:
../.pyenv/versions/3.11.10/lib/python3.11/importlib/__init__.py:126: in import_module
    return _bootstrap._gcd_import(name[level:], package, level)
           ^^^^^^^^^^^^^^^^^^^^^^^^^^^^^^^^^^^^^^^^^^^^^^^^^^^^
tests/autogen_op/SegFormer/test_SegFormer_aten_div_Tensor.py:8: in <module>
    import ttnn
E   ModuleNotFoundError: No module named 'ttnn'
_ ERROR collecting tests/autogen_op/SegFormer/test_SegFormer_aten_expand_default.py _
ImportError while importing test module '/Users/Ajay17/pytorch2.0_ttnn/tests/autogen_op/SegFormer/test_SegFormer_aten_expand_default.py'.
Hint: make sure your test modules/packages have valid Python names.
Traceback:
../.pyenv/versions/3.11.10/lib/python3.11/importlib/__init__.py:126: in import_module
    return _bootstrap._gcd_import(name[level:], package, level)
           ^^^^^^^^^^^^^^^^^^^^^^^^^^^^^^^^^^^^^^^^^^^^^^^^^^^^
tests/autogen_op/SegFormer/test_SegFormer_aten_expand_default.py:8: in <module>
    import ttnn
E   ModuleNotFoundError: No module named 'ttnn'
_ ERROR collecting tests/autogen_op/SegFormer/test_SegFormer_aten_gelu_default.py _
ImportError while importing test module '/Users/Ajay17/pytorch2.0_ttnn/tests/autogen_op/SegFormer/test_SegFormer_aten_gelu_default.py'.
Hint: make sure your test modules/packages have valid Python names.
Traceback:
../.pyenv/versions/3.11.10/lib/python3.11/importlib/__init__.py:126: in import_module
    return _bootstrap._gcd_import(name[level:], package, level)
           ^^^^^^^^^^^^^^^^^^^^^^^^^^^^^^^^^^^^^^^^^^^^^^^^^^^^
tests/autogen_op/SegFormer/test_SegFormer_aten_gelu_default.py:8: in <module>
    import ttnn
E   ModuleNotFoundError: No module named 'ttnn'
_ ERROR collecting tests/autogen_op/SegFormer/test_SegFormer_aten_mm_default.py _
ImportError while importing test module '/Users/Ajay17/pytorch2.0_ttnn/tests/autogen_op/SegFormer/test_SegFormer_aten_mm_default.py'.
Hint: make sure your test modules/packages have valid Python names.
Traceback:
../.pyenv/versions/3.11.10/lib/python3.11/importlib/__init__.py:126: in import_module
    return _bootstrap._gcd_import(name[level:], package, level)
           ^^^^^^^^^^^^^^^^^^^^^^^^^^^^^^^^^^^^^^^^^^^^^^^^^^^^
tests/autogen_op/SegFormer/test_SegFormer_aten_mm_default.py:8: in <module>
    import ttnn
E   ModuleNotFoundError: No module named 'ttnn'
_ ERROR collecting tests/autogen_op/SegFormer/test_SegFormer_aten_mul_Tensor.py _
ImportError while importing test module '/Users/Ajay17/pytorch2.0_ttnn/tests/autogen_op/SegFormer/test_SegFormer_aten_mul_Tensor.py'.
Hint: make sure your test modules/packages have valid Python names.
Traceback:
../.pyenv/versions/3.11.10/lib/python3.11/importlib/__init__.py:126: in import_module
    return _bootstrap._gcd_import(name[level:], package, level)
           ^^^^^^^^^^^^^^^^^^^^^^^^^^^^^^^^^^^^^^^^^^^^^^^^^^^^
tests/autogen_op/SegFormer/test_SegFormer_aten_mul_Tensor.py:8: in <module>
    import ttnn
E   ModuleNotFoundError: No module named 'ttnn'
_ ERROR collecting tests/autogen_op/SegFormer/test_SegFormer_aten_native_layer_norm_default.py _
ImportError while importing test module '/Users/Ajay17/pytorch2.0_ttnn/tests/autogen_op/SegFormer/test_SegFormer_aten_native_layer_norm_default.py'.
Hint: make sure your test modules/packages have valid Python names.
Traceback:
../.pyenv/versions/3.11.10/lib/python3.11/importlib/__init__.py:126: in import_module
    return _bootstrap._gcd_import(name[level:], package, level)
           ^^^^^^^^^^^^^^^^^^^^^^^^^^^^^^^^^^^^^^^^^^^^^^^^^^^^
tests/autogen_op/SegFormer/test_SegFormer_aten_native_layer_norm_default.py:8: in <module>
    import ttnn
E   ModuleNotFoundError: No module named 'ttnn'
_ ERROR collecting tests/autogen_op/SegFormer/test_SegFormer_aten_permute_default.py _
ImportError while importing test module '/Users/Ajay17/pytorch2.0_ttnn/tests/autogen_op/SegFormer/test_SegFormer_aten_permute_default.py'.
Hint: make sure your test modules/packages have valid Python names.
Traceback:
../.pyenv/versions/3.11.10/lib/python3.11/importlib/__init__.py:126: in import_module
    return _bootstrap._gcd_import(name[level:], package, level)
           ^^^^^^^^^^^^^^^^^^^^^^^^^^^^^^^^^^^^^^^^^^^^^^^^^^^^
tests/autogen_op/SegFormer/test_SegFormer_aten_permute_default.py:8: in <module>
    import ttnn
E   ModuleNotFoundError: No module named 'ttnn'
_ ERROR collecting tests/autogen_op/SegFormer/test_SegFormer_aten_relu_default.py _
ImportError while importing test module '/Users/Ajay17/pytorch2.0_ttnn/tests/autogen_op/SegFormer/test_SegFormer_aten_relu_default.py'.
Hint: make sure your test modules/packages have valid Python names.
Traceback:
../.pyenv/versions/3.11.10/lib/python3.11/importlib/__init__.py:126: in import_module
    return _bootstrap._gcd_import(name[level:], package, level)
           ^^^^^^^^^^^^^^^^^^^^^^^^^^^^^^^^^^^^^^^^^^^^^^^^^^^^
tests/autogen_op/SegFormer/test_SegFormer_aten_relu_default.py:8: in <module>
    import ttnn
E   ModuleNotFoundError: No module named 'ttnn'
_ ERROR collecting tests/autogen_op/SegFormer/test_SegFormer_aten_rsub_Scalar.py _
ImportError while importing test module '/Users/Ajay17/pytorch2.0_ttnn/tests/autogen_op/SegFormer/test_SegFormer_aten_rsub_Scalar.py'.
Hint: make sure your test modules/packages have valid Python names.
Traceback:
../.pyenv/versions/3.11.10/lib/python3.11/importlib/__init__.py:126: in import_module
    return _bootstrap._gcd_import(name[level:], package, level)
           ^^^^^^^^^^^^^^^^^^^^^^^^^^^^^^^^^^^^^^^^^^^^^^^^^^^^
tests/autogen_op/SegFormer/test_SegFormer_aten_rsub_Scalar.py:8: in <module>
    import ttnn
E   ModuleNotFoundError: No module named 'ttnn'
_ ERROR collecting tests/autogen_op/SegFormer/test_SegFormer_aten_t_default.py _
ImportError while importing test module '/Users/Ajay17/pytorch2.0_ttnn/tests/autogen_op/SegFormer/test_SegFormer_aten_t_default.py'.
Hint: make sure your test modules/packages have valid Python names.
Traceback:
../.pyenv/versions/3.11.10/lib/python3.11/importlib/__init__.py:126: in import_module
    return _bootstrap._gcd_import(name[level:], package, level)
           ^^^^^^^^^^^^^^^^^^^^^^^^^^^^^^^^^^^^^^^^^^^^^^^^^^^^
tests/autogen_op/SegFormer/test_SegFormer_aten_t_default.py:8: in <module>
    import ttnn
E   ModuleNotFoundError: No module named 'ttnn'
_ ERROR collecting tests/autogen_op/SegFormer/test_SegFormer_aten_transpose_int.py _
ImportError while importing test module '/Users/Ajay17/pytorch2.0_ttnn/tests/autogen_op/SegFormer/test_SegFormer_aten_transpose_int.py'.
Hint: make sure your test modules/packages have valid Python names.
Traceback:
../.pyenv/versions/3.11.10/lib/python3.11/importlib/__init__.py:126: in import_module
    return _bootstrap._gcd_import(name[level:], package, level)
           ^^^^^^^^^^^^^^^^^^^^^^^^^^^^^^^^^^^^^^^^^^^^^^^^^^^^
tests/autogen_op/SegFormer/test_SegFormer_aten_transpose_int.py:8: in <module>
    import ttnn
E   ModuleNotFoundError: No module named 'ttnn'
_ ERROR collecting tests/autogen_op/SegFormer/test_SegFormer_aten_view_default.py _
ImportError while importing test module '/Users/Ajay17/pytorch2.0_ttnn/tests/autogen_op/SegFormer/test_SegFormer_aten_view_default.py'.
Hint: make sure your test modules/packages have valid Python names.
Traceback:
../.pyenv/versions/3.11.10/lib/python3.11/importlib/__init__.py:126: in import_module
    return _bootstrap._gcd_import(name[level:], package, level)
           ^^^^^^^^^^^^^^^^^^^^^^^^^^^^^^^^^^^^^^^^^^^^^^^^^^^^
tests/autogen_op/SegFormer/test_SegFormer_aten_view_default.py:8: in <module>
    import ttnn
E   ModuleNotFoundError: No module named 'ttnn'
_ ERROR collecting tests/autogen_op/SegFormer-train/test_SegFormer-train_aten__native_batch_norm_legit_functional_default.py _
ImportError while importing test module '/Users/Ajay17/pytorch2.0_ttnn/tests/autogen_op/SegFormer-train/test_SegFormer-train_aten__native_batch_norm_legit_functional_default.py'.
Hint: make sure your test modules/packages have valid Python names.
Traceback:
../.pyenv/versions/3.11.10/lib/python3.11/importlib/__init__.py:126: in import_module
    return _bootstrap._gcd_import(name[level:], package, level)
           ^^^^^^^^^^^^^^^^^^^^^^^^^^^^^^^^^^^^^^^^^^^^^^^^^^^^
tests/autogen_op/SegFormer-train/test_SegFormer-train_aten__native_batch_norm_legit_functional_default.py:8: in <module>
    import ttnn
E   ModuleNotFoundError: No module named 'ttnn'
_ ERROR collecting tests/autogen_op/SegFormer-train/test_SegFormer-train_aten__softmax_backward_data_default.py _
ImportError while importing test module '/Users/Ajay17/pytorch2.0_ttnn/tests/autogen_op/SegFormer-train/test_SegFormer-train_aten__softmax_backward_data_default.py'.
Hint: make sure your test modules/packages have valid Python names.
Traceback:
../.pyenv/versions/3.11.10/lib/python3.11/importlib/__init__.py:126: in import_module
    return _bootstrap._gcd_import(name[level:], package, level)
           ^^^^^^^^^^^^^^^^^^^^^^^^^^^^^^^^^^^^^^^^^^^^^^^^^^^^
tests/autogen_op/SegFormer-train/test_SegFormer-train_aten__softmax_backward_data_default.py:8: in <module>
    import ttnn
E   ModuleNotFoundError: No module named 'ttnn'
_ ERROR collecting tests/autogen_op/SegFormer-train/test_SegFormer-train_aten__softmax_default.py _
ImportError while importing test module '/Users/Ajay17/pytorch2.0_ttnn/tests/autogen_op/SegFormer-train/test_SegFormer-train_aten__softmax_default.py'.
Hint: make sure your test modules/packages have valid Python names.
Traceback:
../.pyenv/versions/3.11.10/lib/python3.11/importlib/__init__.py:126: in import_module
    return _bootstrap._gcd_import(name[level:], package, level)
           ^^^^^^^^^^^^^^^^^^^^^^^^^^^^^^^^^^^^^^^^^^^^^^^^^^^^
tests/autogen_op/SegFormer-train/test_SegFormer-train_aten__softmax_default.py:8: in <module>
    import ttnn
E   ModuleNotFoundError: No module named 'ttnn'
_ ERROR collecting tests/autogen_op/SegFormer-train/test_SegFormer-train_aten__to_copy_default.py _
ImportError while importing test module '/Users/Ajay17/pytorch2.0_ttnn/tests/autogen_op/SegFormer-train/test_SegFormer-train_aten__to_copy_default.py'.
Hint: make sure your test modules/packages have valid Python names.
Traceback:
../.pyenv/versions/3.11.10/lib/python3.11/importlib/__init__.py:126: in import_module
    return _bootstrap._gcd_import(name[level:], package, level)
           ^^^^^^^^^^^^^^^^^^^^^^^^^^^^^^^^^^^^^^^^^^^^^^^^^^^^
tests/autogen_op/SegFormer-train/test_SegFormer-train_aten__to_copy_default.py:8: in <module>
    import ttnn
E   ModuleNotFoundError: No module named 'ttnn'
_ ERROR collecting tests/autogen_op/SegFormer-train/test_SegFormer-train_aten__unsafe_index_Tensor.py _
ImportError while importing test module '/Users/Ajay17/pytorch2.0_ttnn/tests/autogen_op/SegFormer-train/test_SegFormer-train_aten__unsafe_index_Tensor.py'.
Hint: make sure your test modules/packages have valid Python names.
Traceback:
../.pyenv/versions/3.11.10/lib/python3.11/importlib/__init__.py:126: in import_module
    return _bootstrap._gcd_import(name[level:], package, level)
           ^^^^^^^^^^^^^^^^^^^^^^^^^^^^^^^^^^^^^^^^^^^^^^^^^^^^
tests/autogen_op/SegFormer-train/test_SegFormer-train_aten__unsafe_index_Tensor.py:8: in <module>
    import ttnn
E   ModuleNotFoundError: No module named 'ttnn'
_ ERROR collecting tests/autogen_op/SegFormer-train/test_SegFormer-train_aten__unsafe_index_put_default.py _
ImportError while importing test module '/Users/Ajay17/pytorch2.0_ttnn/tests/autogen_op/SegFormer-train/test_SegFormer-train_aten__unsafe_index_put_default.py'.
Hint: make sure your test modules/packages have valid Python names.
Traceback:
../.pyenv/versions/3.11.10/lib/python3.11/importlib/__init__.py:126: in import_module
    return _bootstrap._gcd_import(name[level:], package, level)
           ^^^^^^^^^^^^^^^^^^^^^^^^^^^^^^^^^^^^^^^^^^^^^^^^^^^^
tests/autogen_op/SegFormer-train/test_SegFormer-train_aten__unsafe_index_put_default.py:8: in <module>
    import ttnn
E   ModuleNotFoundError: No module named 'ttnn'
_ ERROR collecting tests/autogen_op/SegFormer-train/test_SegFormer-train_aten__unsafe_view_default.py _
ImportError while importing test module '/Users/Ajay17/pytorch2.0_ttnn/tests/autogen_op/SegFormer-train/test_SegFormer-train_aten__unsafe_view_default.py'.
Hint: make sure your test modules/packages have valid Python names.
Traceback:
../.pyenv/versions/3.11.10/lib/python3.11/importlib/__init__.py:126: in import_module
    return _bootstrap._gcd_import(name[level:], package, level)
           ^^^^^^^^^^^^^^^^^^^^^^^^^^^^^^^^^^^^^^^^^^^^^^^^^^^^
tests/autogen_op/SegFormer-train/test_SegFormer-train_aten__unsafe_view_default.py:8: in <module>
    import ttnn
E   ModuleNotFoundError: No module named 'ttnn'
_ ERROR collecting tests/autogen_op/SegFormer-train/test_SegFormer-train_aten_add_Tensor.py _
ImportError while importing test module '/Users/Ajay17/pytorch2.0_ttnn/tests/autogen_op/SegFormer-train/test_SegFormer-train_aten_add_Tensor.py'.
Hint: make sure your test modules/packages have valid Python names.
Traceback:
../.pyenv/versions/3.11.10/lib/python3.11/importlib/__init__.py:126: in import_module
    return _bootstrap._gcd_import(name[level:], package, level)
           ^^^^^^^^^^^^^^^^^^^^^^^^^^^^^^^^^^^^^^^^^^^^^^^^^^^^
tests/autogen_op/SegFormer-train/test_SegFormer-train_aten_add_Tensor.py:8: in <module>
    import ttnn
E   ModuleNotFoundError: No module named 'ttnn'
_ ERROR collecting tests/autogen_op/SegFormer-train/test_SegFormer-train_aten_addmm_default.py _
ImportError while importing test module '/Users/Ajay17/pytorch2.0_ttnn/tests/autogen_op/SegFormer-train/test_SegFormer-train_aten_addmm_default.py'.
Hint: make sure your test modules/packages have valid Python names.
Traceback:
../.pyenv/versions/3.11.10/lib/python3.11/importlib/__init__.py:126: in import_module
    return _bootstrap._gcd_import(name[level:], package, level)
           ^^^^^^^^^^^^^^^^^^^^^^^^^^^^^^^^^^^^^^^^^^^^^^^^^^^^
tests/autogen_op/SegFormer-train/test_SegFormer-train_aten_addmm_default.py:8: in <module>
    import ttnn
E   ModuleNotFoundError: No module named 'ttnn'
_ ERROR collecting tests/autogen_op/SegFormer-train/test_SegFormer-train_aten_bmm_default.py _
ImportError while importing test module '/Users/Ajay17/pytorch2.0_ttnn/tests/autogen_op/SegFormer-train/test_SegFormer-train_aten_bmm_default.py'.
Hint: make sure your test modules/packages have valid Python names.
Traceback:
../.pyenv/versions/3.11.10/lib/python3.11/importlib/__init__.py:126: in import_module
    return _bootstrap._gcd_import(name[level:], package, level)
           ^^^^^^^^^^^^^^^^^^^^^^^^^^^^^^^^^^^^^^^^^^^^^^^^^^^^
tests/autogen_op/SegFormer-train/test_SegFormer-train_aten_bmm_default.py:8: in <module>
    import ttnn
E   ModuleNotFoundError: No module named 'ttnn'
_ ERROR collecting tests/autogen_op/SegFormer-train/test_SegFormer-train_aten_cat_default.py _
ImportError while importing test module '/Users/Ajay17/pytorch2.0_ttnn/tests/autogen_op/SegFormer-train/test_SegFormer-train_aten_cat_default.py'.
Hint: make sure your test modules/packages have valid Python names.
Traceback:
../.pyenv/versions/3.11.10/lib/python3.11/importlib/__init__.py:126: in import_module
    return _bootstrap._gcd_import(name[level:], package, level)
           ^^^^^^^^^^^^^^^^^^^^^^^^^^^^^^^^^^^^^^^^^^^^^^^^^^^^
tests/autogen_op/SegFormer-train/test_SegFormer-train_aten_cat_default.py:8: in <module>
    import ttnn
E   ModuleNotFoundError: No module named 'ttnn'
_ ERROR collecting tests/autogen_op/SegFormer-train/test_SegFormer-train_aten_clone_default.py _
ImportError while importing test module '/Users/Ajay17/pytorch2.0_ttnn/tests/autogen_op/SegFormer-train/test_SegFormer-train_aten_clone_default.py'.
Hint: make sure your test modules/packages have valid Python names.
Traceback:
../.pyenv/versions/3.11.10/lib/python3.11/importlib/__init__.py:126: in import_module
    return _bootstrap._gcd_import(name[level:], package, level)
           ^^^^^^^^^^^^^^^^^^^^^^^^^^^^^^^^^^^^^^^^^^^^^^^^^^^^
tests/autogen_op/SegFormer-train/test_SegFormer-train_aten_clone_default.py:8: in <module>
    import ttnn
E   ModuleNotFoundError: No module named 'ttnn'
_ ERROR collecting tests/autogen_op/SegFormer-train/test_SegFormer-train_aten_convolution_backward_default.py _
ImportError while importing test module '/Users/Ajay17/pytorch2.0_ttnn/tests/autogen_op/SegFormer-train/test_SegFormer-train_aten_convolution_backward_default.py'.
Hint: make sure your test modules/packages have valid Python names.
Traceback:
../.pyenv/versions/3.11.10/lib/python3.11/importlib/__init__.py:126: in import_module
    return _bootstrap._gcd_import(name[level:], package, level)
           ^^^^^^^^^^^^^^^^^^^^^^^^^^^^^^^^^^^^^^^^^^^^^^^^^^^^
tests/autogen_op/SegFormer-train/test_SegFormer-train_aten_convolution_backward_default.py:8: in <module>
    import ttnn
E   ModuleNotFoundError: No module named 'ttnn'
_ ERROR collecting tests/autogen_op/SegFormer-train/test_SegFormer-train_aten_convolution_default.py _
ImportError while importing test module '/Users/Ajay17/pytorch2.0_ttnn/tests/autogen_op/SegFormer-train/test_SegFormer-train_aten_convolution_default.py'.
Hint: make sure your test modules/packages have valid Python names.
Traceback:
../.pyenv/versions/3.11.10/lib/python3.11/importlib/__init__.py:126: in import_module
    return _bootstrap._gcd_import(name[level:], package, level)
           ^^^^^^^^^^^^^^^^^^^^^^^^^^^^^^^^^^^^^^^^^^^^^^^^^^^^
tests/autogen_op/SegFormer-train/test_SegFormer-train_aten_convolution_default.py:8: in <module>
    import ttnn
E   ModuleNotFoundError: No module named 'ttnn'
_ ERROR collecting tests/autogen_op/SegFormer-train/test_SegFormer-train_aten_detach_default.py _
ImportError while importing test module '/Users/Ajay17/pytorch2.0_ttnn/tests/autogen_op/SegFormer-train/test_SegFormer-train_aten_detach_default.py'.
Hint: make sure your test modules/packages have valid Python names.
Traceback:
../.pyenv/versions/3.11.10/lib/python3.11/importlib/__init__.py:126: in import_module
    return _bootstrap._gcd_import(name[level:], package, level)
           ^^^^^^^^^^^^^^^^^^^^^^^^^^^^^^^^^^^^^^^^^^^^^^^^^^^^
tests/autogen_op/SegFormer-train/test_SegFormer-train_aten_detach_default.py:8: in <module>
    import ttnn
E   ModuleNotFoundError: No module named 'ttnn'
_ ERROR collecting tests/autogen_op/SegFormer-train/test_SegFormer-train_aten_div_Tensor.py _
ImportError while importing test module '/Users/Ajay17/pytorch2.0_ttnn/tests/autogen_op/SegFormer-train/test_SegFormer-train_aten_div_Tensor.py'.
Hint: make sure your test modules/packages have valid Python names.
Traceback:
../.pyenv/versions/3.11.10/lib/python3.11/importlib/__init__.py:126: in import_module
    return _bootstrap._gcd_import(name[level:], package, level)
           ^^^^^^^^^^^^^^^^^^^^^^^^^^^^^^^^^^^^^^^^^^^^^^^^^^^^
tests/autogen_op/SegFormer-train/test_SegFormer-train_aten_div_Tensor.py:8: in <module>
    import ttnn
E   ModuleNotFoundError: No module named 'ttnn'
_ ERROR collecting tests/autogen_op/SegFormer-train/test_SegFormer-train_aten_expand_default.py _
ImportError while importing test module '/Users/Ajay17/pytorch2.0_ttnn/tests/autogen_op/SegFormer-train/test_SegFormer-train_aten_expand_default.py'.
Hint: make sure your test modules/packages have valid Python names.
Traceback:
../.pyenv/versions/3.11.10/lib/python3.11/importlib/__init__.py:126: in import_module
    return _bootstrap._gcd_import(name[level:], package, level)
           ^^^^^^^^^^^^^^^^^^^^^^^^^^^^^^^^^^^^^^^^^^^^^^^^^^^^
tests/autogen_op/SegFormer-train/test_SegFormer-train_aten_expand_default.py:8: in <module>
    import ttnn
E   ModuleNotFoundError: No module named 'ttnn'
_ ERROR collecting tests/autogen_op/SegFormer-train/test_SegFormer-train_aten_gelu_backward_default.py _
ImportError while importing test module '/Users/Ajay17/pytorch2.0_ttnn/tests/autogen_op/SegFormer-train/test_SegFormer-train_aten_gelu_backward_default.py'.
Hint: make sure your test modules/packages have valid Python names.
Traceback:
../.pyenv/versions/3.11.10/lib/python3.11/importlib/__init__.py:126: in import_module
    return _bootstrap._gcd_import(name[level:], package, level)
           ^^^^^^^^^^^^^^^^^^^^^^^^^^^^^^^^^^^^^^^^^^^^^^^^^^^^
tests/autogen_op/SegFormer-train/test_SegFormer-train_aten_gelu_backward_default.py:8: in <module>
    import ttnn
E   ModuleNotFoundError: No module named 'ttnn'
_ ERROR collecting tests/autogen_op/SegFormer-train/test_SegFormer-train_aten_gelu_default.py _
ImportError while importing test module '/Users/Ajay17/pytorch2.0_ttnn/tests/autogen_op/SegFormer-train/test_SegFormer-train_aten_gelu_default.py'.
Hint: make sure your test modules/packages have valid Python names.
Traceback:
../.pyenv/versions/3.11.10/lib/python3.11/importlib/__init__.py:126: in import_module
    return _bootstrap._gcd_import(name[level:], package, level)
           ^^^^^^^^^^^^^^^^^^^^^^^^^^^^^^^^^^^^^^^^^^^^^^^^^^^^
tests/autogen_op/SegFormer-train/test_SegFormer-train_aten_gelu_default.py:8: in <module>
    import ttnn
E   ModuleNotFoundError: No module named 'ttnn'
_ ERROR collecting tests/autogen_op/SegFormer-train/test_SegFormer-train_aten_mm_default.py _
ImportError while importing test module '/Users/Ajay17/pytorch2.0_ttnn/tests/autogen_op/SegFormer-train/test_SegFormer-train_aten_mm_default.py'.
Hint: make sure your test modules/packages have valid Python names.
Traceback:
../.pyenv/versions/3.11.10/lib/python3.11/importlib/__init__.py:126: in import_module
    return _bootstrap._gcd_import(name[level:], package, level)
           ^^^^^^^^^^^^^^^^^^^^^^^^^^^^^^^^^^^^^^^^^^^^^^^^^^^^
tests/autogen_op/SegFormer-train/test_SegFormer-train_aten_mm_default.py:8: in <module>
    import ttnn
E   ModuleNotFoundError: No module named 'ttnn'
_ ERROR collecting tests/autogen_op/SegFormer-train/test_SegFormer-train_aten_mul_Tensor.py _
ImportError while importing test module '/Users/Ajay17/pytorch2.0_ttnn/tests/autogen_op/SegFormer-train/test_SegFormer-train_aten_mul_Tensor.py'.
Hint: make sure your test modules/packages have valid Python names.
Traceback:
../.pyenv/versions/3.11.10/lib/python3.11/importlib/__init__.py:126: in import_module
    return _bootstrap._gcd_import(name[level:], package, level)
           ^^^^^^^^^^^^^^^^^^^^^^^^^^^^^^^^^^^^^^^^^^^^^^^^^^^^
tests/autogen_op/SegFormer-train/test_SegFormer-train_aten_mul_Tensor.py:8: in <module>
    import ttnn
E   ModuleNotFoundError: No module named 'ttnn'
_ ERROR collecting tests/autogen_op/SegFormer-train/test_SegFormer-train_aten_native_batch_norm_backward_default.py _
ImportError while importing test module '/Users/Ajay17/pytorch2.0_ttnn/tests/autogen_op/SegFormer-train/test_SegFormer-train_aten_native_batch_norm_backward_default.py'.
Hint: make sure your test modules/packages have valid Python names.
Traceback:
../.pyenv/versions/3.11.10/lib/python3.11/importlib/__init__.py:126: in import_module
    return _bootstrap._gcd_import(name[level:], package, level)
           ^^^^^^^^^^^^^^^^^^^^^^^^^^^^^^^^^^^^^^^^^^^^^^^^^^^^
tests/autogen_op/SegFormer-train/test_SegFormer-train_aten_native_batch_norm_backward_default.py:8: in <module>
    import ttnn
E   ModuleNotFoundError: No module named 'ttnn'
_ ERROR collecting tests/autogen_op/SegFormer-train/test_SegFormer-train_aten_native_layer_norm_backward_default.py _
ImportError while importing test module '/Users/Ajay17/pytorch2.0_ttnn/tests/autogen_op/SegFormer-train/test_SegFormer-train_aten_native_layer_norm_backward_default.py'.
Hint: make sure your test modules/packages have valid Python names.
Traceback:
../.pyenv/versions/3.11.10/lib/python3.11/importlib/__init__.py:126: in import_module
    return _bootstrap._gcd_import(name[level:], package, level)
           ^^^^^^^^^^^^^^^^^^^^^^^^^^^^^^^^^^^^^^^^^^^^^^^^^^^^
tests/autogen_op/SegFormer-train/test_SegFormer-train_aten_native_layer_norm_backward_default.py:8: in <module>
    import ttnn
E   ModuleNotFoundError: No module named 'ttnn'
_ ERROR collecting tests/autogen_op/SegFormer-train/test_SegFormer-train_aten_native_layer_norm_default.py _
ImportError while importing test module '/Users/Ajay17/pytorch2.0_ttnn/tests/autogen_op/SegFormer-train/test_SegFormer-train_aten_native_layer_norm_default.py'.
Hint: make sure your test modules/packages have valid Python names.
Traceback:
../.pyenv/versions/3.11.10/lib/python3.11/importlib/__init__.py:126: in import_module
    return _bootstrap._gcd_import(name[level:], package, level)
           ^^^^^^^^^^^^^^^^^^^^^^^^^^^^^^^^^^^^^^^^^^^^^^^^^^^^
tests/autogen_op/SegFormer-train/test_SegFormer-train_aten_native_layer_norm_default.py:8: in <module>
    import ttnn
E   ModuleNotFoundError: No module named 'ttnn'
_ ERROR collecting tests/autogen_op/SegFormer-train/test_SegFormer-train_aten_new_zeros_default.py _
ImportError while importing test module '/Users/Ajay17/pytorch2.0_ttnn/tests/autogen_op/SegFormer-train/test_SegFormer-train_aten_new_zeros_default.py'.
Hint: make sure your test modules/packages have valid Python names.
Traceback:
../.pyenv/versions/3.11.10/lib/python3.11/importlib/__init__.py:126: in import_module
    return _bootstrap._gcd_import(name[level:], package, level)
           ^^^^^^^^^^^^^^^^^^^^^^^^^^^^^^^^^^^^^^^^^^^^^^^^^^^^
tests/autogen_op/SegFormer-train/test_SegFormer-train_aten_new_zeros_default.py:8: in <module>
    import ttnn
E   ModuleNotFoundError: No module named 'ttnn'
_ ERROR collecting tests/autogen_op/SegFormer-train/test_SegFormer-train_aten_permute_default.py _
ImportError while importing test module '/Users/Ajay17/pytorch2.0_ttnn/tests/autogen_op/SegFormer-train/test_SegFormer-train_aten_permute_default.py'.
Hint: make sure your test modules/packages have valid Python names.
Traceback:
../.pyenv/versions/3.11.10/lib/python3.11/importlib/__init__.py:126: in import_module
    return _bootstrap._gcd_import(name[level:], package, level)
           ^^^^^^^^^^^^^^^^^^^^^^^^^^^^^^^^^^^^^^^^^^^^^^^^^^^^
tests/autogen_op/SegFormer-train/test_SegFormer-train_aten_permute_default.py:8: in <module>
    import ttnn
E   ModuleNotFoundError: No module named 'ttnn'
_ ERROR collecting tests/autogen_op/SegFormer-train/test_SegFormer-train_aten_rand_default.py _
ImportError while importing test module '/Users/Ajay17/pytorch2.0_ttnn/tests/autogen_op/SegFormer-train/test_SegFormer-train_aten_rand_default.py'.
Hint: make sure your test modules/packages have valid Python names.
Traceback:
../.pyenv/versions/3.11.10/lib/python3.11/importlib/__init__.py:126: in import_module
    return _bootstrap._gcd_import(name[level:], package, level)
           ^^^^^^^^^^^^^^^^^^^^^^^^^^^^^^^^^^^^^^^^^^^^^^^^^^^^
tests/autogen_op/SegFormer-train/test_SegFormer-train_aten_rand_default.py:8: in <module>
    import ttnn
E   ModuleNotFoundError: No module named 'ttnn'
_ ERROR collecting tests/autogen_op/SegFormer-train/test_SegFormer-train_aten_relu_default.py _
ImportError while importing test module '/Users/Ajay17/pytorch2.0_ttnn/tests/autogen_op/SegFormer-train/test_SegFormer-train_aten_relu_default.py'.
Hint: make sure your test modules/packages have valid Python names.
Traceback:
../.pyenv/versions/3.11.10/lib/python3.11/importlib/__init__.py:126: in import_module
    return _bootstrap._gcd_import(name[level:], package, level)
           ^^^^^^^^^^^^^^^^^^^^^^^^^^^^^^^^^^^^^^^^^^^^^^^^^^^^
tests/autogen_op/SegFormer-train/test_SegFormer-train_aten_relu_default.py:8: in <module>
    import ttnn
E   ModuleNotFoundError: No module named 'ttnn'
_ ERROR collecting tests/autogen_op/SegFormer-train/test_SegFormer-train_aten_rsub_Scalar.py _
ImportError while importing test module '/Users/Ajay17/pytorch2.0_ttnn/tests/autogen_op/SegFormer-train/test_SegFormer-train_aten_rsub_Scalar.py'.
Hint: make sure your test modules/packages have valid Python names.
Traceback:
../.pyenv/versions/3.11.10/lib/python3.11/importlib/__init__.py:126: in import_module
    return _bootstrap._gcd_import(name[level:], package, level)
           ^^^^^^^^^^^^^^^^^^^^^^^^^^^^^^^^^^^^^^^^^^^^^^^^^^^^
tests/autogen_op/SegFormer-train/test_SegFormer-train_aten_rsub_Scalar.py:8: in <module>
    import ttnn
E   ModuleNotFoundError: No module named 'ttnn'
_ ERROR collecting tests/autogen_op/SegFormer-train/test_SegFormer-train_aten_slice_Tensor.py _
ImportError while importing test module '/Users/Ajay17/pytorch2.0_ttnn/tests/autogen_op/SegFormer-train/test_SegFormer-train_aten_slice_Tensor.py'.
Hint: make sure your test modules/packages have valid Python names.
Traceback:
../.pyenv/versions/3.11.10/lib/python3.11/importlib/__init__.py:126: in import_module
    return _bootstrap._gcd_import(name[level:], package, level)
           ^^^^^^^^^^^^^^^^^^^^^^^^^^^^^^^^^^^^^^^^^^^^^^^^^^^^
tests/autogen_op/SegFormer-train/test_SegFormer-train_aten_slice_Tensor.py:8: in <module>
    import ttnn
E   ModuleNotFoundError: No module named 'ttnn'
_ ERROR collecting tests/autogen_op/SegFormer-train/test_SegFormer-train_aten_sum_dim_IntList.py _
ImportError while importing test module '/Users/Ajay17/pytorch2.0_ttnn/tests/autogen_op/SegFormer-train/test_SegFormer-train_aten_sum_dim_IntList.py'.
Hint: make sure your test modules/packages have valid Python names.
Traceback:
../.pyenv/versions/3.11.10/lib/python3.11/importlib/__init__.py:126: in import_module
    return _bootstrap._gcd_import(name[level:], package, level)
           ^^^^^^^^^^^^^^^^^^^^^^^^^^^^^^^^^^^^^^^^^^^^^^^^^^^^
tests/autogen_op/SegFormer-train/test_SegFormer-train_aten_sum_dim_IntList.py:8: in <module>
    import ttnn
E   ModuleNotFoundError: No module named 'ttnn'
_ ERROR collecting tests/autogen_op/SegFormer-train/test_SegFormer-train_aten_t_default.py _
ImportError while importing test module '/Users/Ajay17/pytorch2.0_ttnn/tests/autogen_op/SegFormer-train/test_SegFormer-train_aten_t_default.py'.
Hint: make sure your test modules/packages have valid Python names.
Traceback:
../.pyenv/versions/3.11.10/lib/python3.11/importlib/__init__.py:126: in import_module
    return _bootstrap._gcd_import(name[level:], package, level)
           ^^^^^^^^^^^^^^^^^^^^^^^^^^^^^^^^^^^^^^^^^^^^^^^^^^^^
tests/autogen_op/SegFormer-train/test_SegFormer-train_aten_t_default.py:8: in <module>
    import ttnn
E   ModuleNotFoundError: No module named 'ttnn'
_ ERROR collecting tests/autogen_op/SegFormer-train/test_SegFormer-train_aten_threshold_backward_default.py _
ImportError while importing test module '/Users/Ajay17/pytorch2.0_ttnn/tests/autogen_op/SegFormer-train/test_SegFormer-train_aten_threshold_backward_default.py'.
Hint: make sure your test modules/packages have valid Python names.
Traceback:
../.pyenv/versions/3.11.10/lib/python3.11/importlib/__init__.py:126: in import_module
    return _bootstrap._gcd_import(name[level:], package, level)
           ^^^^^^^^^^^^^^^^^^^^^^^^^^^^^^^^^^^^^^^^^^^^^^^^^^^^
tests/autogen_op/SegFormer-train/test_SegFormer-train_aten_threshold_backward_default.py:8: in <module>
    import ttnn
E   ModuleNotFoundError: No module named 'ttnn'
_ ERROR collecting tests/autogen_op/SegFormer-train/test_SegFormer-train_aten_transpose_int.py _
ImportError while importing test module '/Users/Ajay17/pytorch2.0_ttnn/tests/autogen_op/SegFormer-train/test_SegFormer-train_aten_transpose_int.py'.
Hint: make sure your test modules/packages have valid Python names.
Traceback:
../.pyenv/versions/3.11.10/lib/python3.11/importlib/__init__.py:126: in import_module
    return _bootstrap._gcd_import(name[level:], package, level)
           ^^^^^^^^^^^^^^^^^^^^^^^^^^^^^^^^^^^^^^^^^^^^^^^^^^^^
tests/autogen_op/SegFormer-train/test_SegFormer-train_aten_transpose_int.py:8: in <module>
    import ttnn
E   ModuleNotFoundError: No module named 'ttnn'
_ ERROR collecting tests/autogen_op/SegFormer-train/test_SegFormer-train_aten_view_default.py _
ImportError while importing test module '/Users/Ajay17/pytorch2.0_ttnn/tests/autogen_op/SegFormer-train/test_SegFormer-train_aten_view_default.py'.
Hint: make sure your test modules/packages have valid Python names.
Traceback:
../.pyenv/versions/3.11.10/lib/python3.11/importlib/__init__.py:126: in import_module
    return _bootstrap._gcd_import(name[level:], package, level)
           ^^^^^^^^^^^^^^^^^^^^^^^^^^^^^^^^^^^^^^^^^^^^^^^^^^^^
tests/autogen_op/SegFormer-train/test_SegFormer-train_aten_view_default.py:8: in <module>
    import ttnn
E   ModuleNotFoundError: No module named 'ttnn'
_ ERROR collecting tests/autogen_op/SqueezeBERT/test_SqueezeBERT_aten__to_copy_default.py _
ImportError while importing test module '/Users/Ajay17/pytorch2.0_ttnn/tests/autogen_op/SqueezeBERT/test_SqueezeBERT_aten__to_copy_default.py'.
Hint: make sure your test modules/packages have valid Python names.
Traceback:
../.pyenv/versions/3.11.10/lib/python3.11/importlib/__init__.py:126: in import_module
    return _bootstrap._gcd_import(name[level:], package, level)
           ^^^^^^^^^^^^^^^^^^^^^^^^^^^^^^^^^^^^^^^^^^^^^^^^^^^^
tests/autogen_op/SqueezeBERT/test_SqueezeBERT_aten__to_copy_default.py:8: in <module>
    import ttnn
E   ModuleNotFoundError: No module named 'ttnn'
_ ERROR collecting tests/autogen_op/SqueezeBERT/test_SqueezeBERT_aten_add_Tensor.py _
ImportError while importing test module '/Users/Ajay17/pytorch2.0_ttnn/tests/autogen_op/SqueezeBERT/test_SqueezeBERT_aten_add_Tensor.py'.
Hint: make sure your test modules/packages have valid Python names.
Traceback:
../.pyenv/versions/3.11.10/lib/python3.11/importlib/__init__.py:126: in import_module
    return _bootstrap._gcd_import(name[level:], package, level)
           ^^^^^^^^^^^^^^^^^^^^^^^^^^^^^^^^^^^^^^^^^^^^^^^^^^^^
tests/autogen_op/SqueezeBERT/test_SqueezeBERT_aten_add_Tensor.py:8: in <module>
    import ttnn
E   ModuleNotFoundError: No module named 'ttnn'
_ ERROR collecting tests/autogen_op/SqueezeBERT/test_SqueezeBERT_aten_clone_default.py _
ImportError while importing test module '/Users/Ajay17/pytorch2.0_ttnn/tests/autogen_op/SqueezeBERT/test_SqueezeBERT_aten_clone_default.py'.
Hint: make sure your test modules/packages have valid Python names.
Traceback:
../.pyenv/versions/3.11.10/lib/python3.11/importlib/__init__.py:126: in import_module
    return _bootstrap._gcd_import(name[level:], package, level)
           ^^^^^^^^^^^^^^^^^^^^^^^^^^^^^^^^^^^^^^^^^^^^^^^^^^^^
tests/autogen_op/SqueezeBERT/test_SqueezeBERT_aten_clone_default.py:8: in <module>
    import ttnn
E   ModuleNotFoundError: No module named 'ttnn'
_ ERROR collecting tests/autogen_op/SqueezeBERT/test_SqueezeBERT_aten_embedding_default.py _
ImportError while importing test module '/Users/Ajay17/pytorch2.0_ttnn/tests/autogen_op/SqueezeBERT/test_SqueezeBERT_aten_embedding_default.py'.
Hint: make sure your test modules/packages have valid Python names.
Traceback:
../.pyenv/versions/3.11.10/lib/python3.11/importlib/__init__.py:126: in import_module
    return _bootstrap._gcd_import(name[level:], package, level)
           ^^^^^^^^^^^^^^^^^^^^^^^^^^^^^^^^^^^^^^^^^^^^^^^^^^^^
tests/autogen_op/SqueezeBERT/test_SqueezeBERT_aten_embedding_default.py:8: in <module>
    import ttnn
E   ModuleNotFoundError: No module named 'ttnn'
_ ERROR collecting tests/autogen_op/SqueezeBERT/test_SqueezeBERT_aten_mul_Tensor.py _
ImportError while importing test module '/Users/Ajay17/pytorch2.0_ttnn/tests/autogen_op/SqueezeBERT/test_SqueezeBERT_aten_mul_Tensor.py'.
Hint: make sure your test modules/packages have valid Python names.
Traceback:
../.pyenv/versions/3.11.10/lib/python3.11/importlib/__init__.py:126: in import_module
    return _bootstrap._gcd_import(name[level:], package, level)
           ^^^^^^^^^^^^^^^^^^^^^^^^^^^^^^^^^^^^^^^^^^^^^^^^^^^^
tests/autogen_op/SqueezeBERT/test_SqueezeBERT_aten_mul_Tensor.py:8: in <module>
    import ttnn
E   ModuleNotFoundError: No module named 'ttnn'
_ ERROR collecting tests/autogen_op/SqueezeBERT/test_SqueezeBERT_aten_native_layer_norm_default.py _
ImportError while importing test module '/Users/Ajay17/pytorch2.0_ttnn/tests/autogen_op/SqueezeBERT/test_SqueezeBERT_aten_native_layer_norm_default.py'.
Hint: make sure your test modules/packages have valid Python names.
Traceback:
../.pyenv/versions/3.11.10/lib/python3.11/importlib/__init__.py:126: in import_module
    return _bootstrap._gcd_import(name[level:], package, level)
           ^^^^^^^^^^^^^^^^^^^^^^^^^^^^^^^^^^^^^^^^^^^^^^^^^^^^
tests/autogen_op/SqueezeBERT/test_SqueezeBERT_aten_native_layer_norm_default.py:8: in <module>
    import ttnn
E   ModuleNotFoundError: No module named 'ttnn'
_ ERROR collecting tests/autogen_op/SqueezeBERT/test_SqueezeBERT_aten_rsub_Scalar.py _
ImportError while importing test module '/Users/Ajay17/pytorch2.0_ttnn/tests/autogen_op/SqueezeBERT/test_SqueezeBERT_aten_rsub_Scalar.py'.
Hint: make sure your test modules/packages have valid Python names.
Traceback:
../.pyenv/versions/3.11.10/lib/python3.11/importlib/__init__.py:126: in import_module
    return _bootstrap._gcd_import(name[level:], package, level)
           ^^^^^^^^^^^^^^^^^^^^^^^^^^^^^^^^^^^^^^^^^^^^^^^^^^^^
tests/autogen_op/SqueezeBERT/test_SqueezeBERT_aten_rsub_Scalar.py:8: in <module>
    import ttnn
E   ModuleNotFoundError: No module named 'ttnn'
_ ERROR collecting tests/autogen_op/SqueezeBERT/test_SqueezeBERT_aten_slice_Tensor.py _
ImportError while importing test module '/Users/Ajay17/pytorch2.0_ttnn/tests/autogen_op/SqueezeBERT/test_SqueezeBERT_aten_slice_Tensor.py'.
Hint: make sure your test modules/packages have valid Python names.
Traceback:
../.pyenv/versions/3.11.10/lib/python3.11/importlib/__init__.py:126: in import_module
    return _bootstrap._gcd_import(name[level:], package, level)
           ^^^^^^^^^^^^^^^^^^^^^^^^^^^^^^^^^^^^^^^^^^^^^^^^^^^^
tests/autogen_op/SqueezeBERT/test_SqueezeBERT_aten_slice_Tensor.py:8: in <module>
    import ttnn
E   ModuleNotFoundError: No module named 'ttnn'
_ ERROR collecting tests/autogen_op/SqueezeBERT/test_SqueezeBERT_aten_unsqueeze_default.py _
ImportError while importing test module '/Users/Ajay17/pytorch2.0_ttnn/tests/autogen_op/SqueezeBERT/test_SqueezeBERT_aten_unsqueeze_default.py'.
Hint: make sure your test modules/packages have valid Python names.
Traceback:
../.pyenv/versions/3.11.10/lib/python3.11/importlib/__init__.py:126: in import_module
    return _bootstrap._gcd_import(name[level:], package, level)
           ^^^^^^^^^^^^^^^^^^^^^^^^^^^^^^^^^^^^^^^^^^^^^^^^^^^^
tests/autogen_op/SqueezeBERT/test_SqueezeBERT_aten_unsqueeze_default.py:8: in <module>
    import ttnn
E   ModuleNotFoundError: No module named 'ttnn'
_ ERROR collecting tests/autogen_op/Stable_Diffusion_V2/test_Stable_Diffusion_V2_aten__assert_async_msg.py _
ImportError while importing test module '/Users/Ajay17/pytorch2.0_ttnn/tests/autogen_op/Stable_Diffusion_V2/test_Stable_Diffusion_V2_aten__assert_async_msg.py'.
Hint: make sure your test modules/packages have valid Python names.
Traceback:
../.pyenv/versions/3.11.10/lib/python3.11/importlib/__init__.py:126: in import_module
    return _bootstrap._gcd_import(name[level:], package, level)
           ^^^^^^^^^^^^^^^^^^^^^^^^^^^^^^^^^^^^^^^^^^^^^^^^^^^^
tests/autogen_op/Stable_Diffusion_V2/test_Stable_Diffusion_V2_aten__assert_async_msg.py:8: in <module>
    import ttnn
E   ModuleNotFoundError: No module named 'ttnn'
_ ERROR collecting tests/autogen_op/Stable_Diffusion_V2/test_Stable_Diffusion_V2_aten__scaled_dot_product_flash_attention_default.py _
ImportError while importing test module '/Users/Ajay17/pytorch2.0_ttnn/tests/autogen_op/Stable_Diffusion_V2/test_Stable_Diffusion_V2_aten__scaled_dot_product_flash_attention_default.py'.
Hint: make sure your test modules/packages have valid Python names.
Traceback:
../.pyenv/versions/3.11.10/lib/python3.11/importlib/__init__.py:126: in import_module
    return _bootstrap._gcd_import(name[level:], package, level)
           ^^^^^^^^^^^^^^^^^^^^^^^^^^^^^^^^^^^^^^^^^^^^^^^^^^^^
tests/autogen_op/Stable_Diffusion_V2/test_Stable_Diffusion_V2_aten__scaled_dot_product_flash_attention_default.py:8: in <module>
    import ttnn
E   ModuleNotFoundError: No module named 'ttnn'
_ ERROR collecting tests/autogen_op/Stable_Diffusion_V2/test_Stable_Diffusion_V2_aten__to_copy_default.py _
ImportError while importing test module '/Users/Ajay17/pytorch2.0_ttnn/tests/autogen_op/Stable_Diffusion_V2/test_Stable_Diffusion_V2_aten__to_copy_default.py'.
Hint: make sure your test modules/packages have valid Python names.
Traceback:
../.pyenv/versions/3.11.10/lib/python3.11/importlib/__init__.py:126: in import_module
    return _bootstrap._gcd_import(name[level:], package, level)
           ^^^^^^^^^^^^^^^^^^^^^^^^^^^^^^^^^^^^^^^^^^^^^^^^^^^^
tests/autogen_op/Stable_Diffusion_V2/test_Stable_Diffusion_V2_aten__to_copy_default.py:8: in <module>
    import ttnn
E   ModuleNotFoundError: No module named 'ttnn'
_ ERROR collecting tests/autogen_op/Stable_Diffusion_V2/test_Stable_Diffusion_V2_aten__unsafe_index_Tensor.py _
ImportError while importing test module '/Users/Ajay17/pytorch2.0_ttnn/tests/autogen_op/Stable_Diffusion_V2/test_Stable_Diffusion_V2_aten__unsafe_index_Tensor.py'.
Hint: make sure your test modules/packages have valid Python names.
Traceback:
../.pyenv/versions/3.11.10/lib/python3.11/importlib/__init__.py:126: in import_module
    return _bootstrap._gcd_import(name[level:], package, level)
           ^^^^^^^^^^^^^^^^^^^^^^^^^^^^^^^^^^^^^^^^^^^^^^^^^^^^
tests/autogen_op/Stable_Diffusion_V2/test_Stable_Diffusion_V2_aten__unsafe_index_Tensor.py:8: in <module>
    import ttnn
E   ModuleNotFoundError: No module named 'ttnn'
_ ERROR collecting tests/autogen_op/Stable_Diffusion_V2/test_Stable_Diffusion_V2_aten_add_Tensor.py _
ImportError while importing test module '/Users/Ajay17/pytorch2.0_ttnn/tests/autogen_op/Stable_Diffusion_V2/test_Stable_Diffusion_V2_aten_add_Tensor.py'.
Hint: make sure your test modules/packages have valid Python names.
Traceback:
../.pyenv/versions/3.11.10/lib/python3.11/importlib/__init__.py:126: in import_module
    return _bootstrap._gcd_import(name[level:], package, level)
           ^^^^^^^^^^^^^^^^^^^^^^^^^^^^^^^^^^^^^^^^^^^^^^^^^^^^
tests/autogen_op/Stable_Diffusion_V2/test_Stable_Diffusion_V2_aten_add_Tensor.py:8: in <module>
    import ttnn
E   ModuleNotFoundError: No module named 'ttnn'
_ ERROR collecting tests/autogen_op/Stable_Diffusion_V2/test_Stable_Diffusion_V2_aten_addmm_default.py _
ImportError while importing test module '/Users/Ajay17/pytorch2.0_ttnn/tests/autogen_op/Stable_Diffusion_V2/test_Stable_Diffusion_V2_aten_addmm_default.py'.
Hint: make sure your test modules/packages have valid Python names.
Traceback:
../.pyenv/versions/3.11.10/lib/python3.11/importlib/__init__.py:126: in import_module
    return _bootstrap._gcd_import(name[level:], package, level)
           ^^^^^^^^^^^^^^^^^^^^^^^^^^^^^^^^^^^^^^^^^^^^^^^^^^^^
tests/autogen_op/Stable_Diffusion_V2/test_Stable_Diffusion_V2_aten_addmm_default.py:8: in <module>
    import ttnn
E   ModuleNotFoundError: No module named 'ttnn'
_ ERROR collecting tests/autogen_op/Stable_Diffusion_V2/test_Stable_Diffusion_V2_aten_arange_default.py _
ImportError while importing test module '/Users/Ajay17/pytorch2.0_ttnn/tests/autogen_op/Stable_Diffusion_V2/test_Stable_Diffusion_V2_aten_arange_default.py'.
Hint: make sure your test modules/packages have valid Python names.
Traceback:
../.pyenv/versions/3.11.10/lib/python3.11/importlib/__init__.py:126: in import_module
    return _bootstrap._gcd_import(name[level:], package, level)
           ^^^^^^^^^^^^^^^^^^^^^^^^^^^^^^^^^^^^^^^^^^^^^^^^^^^^
tests/autogen_op/Stable_Diffusion_V2/test_Stable_Diffusion_V2_aten_arange_default.py:8: in <module>
    import ttnn
E   ModuleNotFoundError: No module named 'ttnn'
_ ERROR collecting tests/autogen_op/Stable_Diffusion_V2/test_Stable_Diffusion_V2_aten_cat_default.py _
ImportError while importing test module '/Users/Ajay17/pytorch2.0_ttnn/tests/autogen_op/Stable_Diffusion_V2/test_Stable_Diffusion_V2_aten_cat_default.py'.
Hint: make sure your test modules/packages have valid Python names.
Traceback:
../.pyenv/versions/3.11.10/lib/python3.11/importlib/__init__.py:126: in import_module
    return _bootstrap._gcd_import(name[level:], package, level)
           ^^^^^^^^^^^^^^^^^^^^^^^^^^^^^^^^^^^^^^^^^^^^^^^^^^^^
tests/autogen_op/Stable_Diffusion_V2/test_Stable_Diffusion_V2_aten_cat_default.py:8: in <module>
    import ttnn
E   ModuleNotFoundError: No module named 'ttnn'
_ ERROR collecting tests/autogen_op/Stable_Diffusion_V2/test_Stable_Diffusion_V2_aten_clone_default.py _
ImportError while importing test module '/Users/Ajay17/pytorch2.0_ttnn/tests/autogen_op/Stable_Diffusion_V2/test_Stable_Diffusion_V2_aten_clone_default.py'.
Hint: make sure your test modules/packages have valid Python names.
Traceback:
../.pyenv/versions/3.11.10/lib/python3.11/importlib/__init__.py:126: in import_module
    return _bootstrap._gcd_import(name[level:], package, level)
           ^^^^^^^^^^^^^^^^^^^^^^^^^^^^^^^^^^^^^^^^^^^^^^^^^^^^
tests/autogen_op/Stable_Diffusion_V2/test_Stable_Diffusion_V2_aten_clone_default.py:8: in <module>
    import ttnn
E   ModuleNotFoundError: No module named 'ttnn'
_ ERROR collecting tests/autogen_op/Stable_Diffusion_V2/test_Stable_Diffusion_V2_aten_convolution_default.py _
ImportError while importing test module '/Users/Ajay17/pytorch2.0_ttnn/tests/autogen_op/Stable_Diffusion_V2/test_Stable_Diffusion_V2_aten_convolution_default.py'.
Hint: make sure your test modules/packages have valid Python names.
Traceback:
../.pyenv/versions/3.11.10/lib/python3.11/importlib/__init__.py:126: in import_module
    return _bootstrap._gcd_import(name[level:], package, level)
           ^^^^^^^^^^^^^^^^^^^^^^^^^^^^^^^^^^^^^^^^^^^^^^^^^^^^
tests/autogen_op/Stable_Diffusion_V2/test_Stable_Diffusion_V2_aten_convolution_default.py:8: in <module>
    import ttnn
E   ModuleNotFoundError: No module named 'ttnn'
_ ERROR collecting tests/autogen_op/Stable_Diffusion_V2/test_Stable_Diffusion_V2_aten_cos_default.py _
ImportError while importing test module '/Users/Ajay17/pytorch2.0_ttnn/tests/autogen_op/Stable_Diffusion_V2/test_Stable_Diffusion_V2_aten_cos_default.py'.
Hint: make sure your test modules/packages have valid Python names.
Traceback:
../.pyenv/versions/3.11.10/lib/python3.11/importlib/__init__.py:126: in import_module
    return _bootstrap._gcd_import(name[level:], package, level)
           ^^^^^^^^^^^^^^^^^^^^^^^^^^^^^^^^^^^^^^^^^^^^^^^^^^^^
tests/autogen_op/Stable_Diffusion_V2/test_Stable_Diffusion_V2_aten_cos_default.py:8: in <module>
    import ttnn
E   ModuleNotFoundError: No module named 'ttnn'
_ ERROR collecting tests/autogen_op/Stable_Diffusion_V2/test_Stable_Diffusion_V2_aten_div_Tensor.py _
ImportError while importing test module '/Users/Ajay17/pytorch2.0_ttnn/tests/autogen_op/Stable_Diffusion_V2/test_Stable_Diffusion_V2_aten_div_Tensor.py'.
Hint: make sure your test modules/packages have valid Python names.
Traceback:
../.pyenv/versions/3.11.10/lib/python3.11/importlib/__init__.py:126: in import_module
    return _bootstrap._gcd_import(name[level:], package, level)
           ^^^^^^^^^^^^^^^^^^^^^^^^^^^^^^^^^^^^^^^^^^^^^^^^^^^^
tests/autogen_op/Stable_Diffusion_V2/test_Stable_Diffusion_V2_aten_div_Tensor.py:8: in <module>
    import ttnn
E   ModuleNotFoundError: No module named 'ttnn'
_ ERROR collecting tests/autogen_op/Stable_Diffusion_V2/test_Stable_Diffusion_V2_aten_exp_default.py _
ImportError while importing test module '/Users/Ajay17/pytorch2.0_ttnn/tests/autogen_op/Stable_Diffusion_V2/test_Stable_Diffusion_V2_aten_exp_default.py'.
Hint: make sure your test modules/packages have valid Python names.
Traceback:
../.pyenv/versions/3.11.10/lib/python3.11/importlib/__init__.py:126: in import_module
    return _bootstrap._gcd_import(name[level:], package, level)
           ^^^^^^^^^^^^^^^^^^^^^^^^^^^^^^^^^^^^^^^^^^^^^^^^^^^^
tests/autogen_op/Stable_Diffusion_V2/test_Stable_Diffusion_V2_aten_exp_default.py:8: in <module>
    import ttnn
E   ModuleNotFoundError: No module named 'ttnn'
_ ERROR collecting tests/autogen_op/Stable_Diffusion_V2/test_Stable_Diffusion_V2_aten_gelu_default.py _
ImportError while importing test module '/Users/Ajay17/pytorch2.0_ttnn/tests/autogen_op/Stable_Diffusion_V2/test_Stable_Diffusion_V2_aten_gelu_default.py'.
Hint: make sure your test modules/packages have valid Python names.
Traceback:
../.pyenv/versions/3.11.10/lib/python3.11/importlib/__init__.py:126: in import_module
    return _bootstrap._gcd_import(name[level:], package, level)
           ^^^^^^^^^^^^^^^^^^^^^^^^^^^^^^^^^^^^^^^^^^^^^^^^^^^^
tests/autogen_op/Stable_Diffusion_V2/test_Stable_Diffusion_V2_aten_gelu_default.py:8: in <module>
    import ttnn
E   ModuleNotFoundError: No module named 'ttnn'
_ ERROR collecting tests/autogen_op/Stable_Diffusion_V2/test_Stable_Diffusion_V2_aten_mm_default.py _
ImportError while importing test module '/Users/Ajay17/pytorch2.0_ttnn/tests/autogen_op/Stable_Diffusion_V2/test_Stable_Diffusion_V2_aten_mm_default.py'.
Hint: make sure your test modules/packages have valid Python names.
Traceback:
../.pyenv/versions/3.11.10/lib/python3.11/importlib/__init__.py:126: in import_module
    return _bootstrap._gcd_import(name[level:], package, level)
           ^^^^^^^^^^^^^^^^^^^^^^^^^^^^^^^^^^^^^^^^^^^^^^^^^^^^
tests/autogen_op/Stable_Diffusion_V2/test_Stable_Diffusion_V2_aten_mm_default.py:8: in <module>
    import ttnn
E   ModuleNotFoundError: No module named 'ttnn'
_ ERROR collecting tests/autogen_op/Stable_Diffusion_V2/test_Stable_Diffusion_V2_aten_mul_Tensor.py _
ImportError while importing test module '/Users/Ajay17/pytorch2.0_ttnn/tests/autogen_op/Stable_Diffusion_V2/test_Stable_Diffusion_V2_aten_mul_Tensor.py'.
Hint: make sure your test modules/packages have valid Python names.
Traceback:
../.pyenv/versions/3.11.10/lib/python3.11/importlib/__init__.py:126: in import_module
    return _bootstrap._gcd_import(name[level:], package, level)
           ^^^^^^^^^^^^^^^^^^^^^^^^^^^^^^^^^^^^^^^^^^^^^^^^^^^^
tests/autogen_op/Stable_Diffusion_V2/test_Stable_Diffusion_V2_aten_mul_Tensor.py:8: in <module>
    import ttnn
E   ModuleNotFoundError: No module named 'ttnn'
_ ERROR collecting tests/autogen_op/Stable_Diffusion_V2/test_Stable_Diffusion_V2_aten_native_group_norm_default.py _
ImportError while importing test module '/Users/Ajay17/pytorch2.0_ttnn/tests/autogen_op/Stable_Diffusion_V2/test_Stable_Diffusion_V2_aten_native_group_norm_default.py'.
Hint: make sure your test modules/packages have valid Python names.
Traceback:
../.pyenv/versions/3.11.10/lib/python3.11/importlib/__init__.py:126: in import_module
    return _bootstrap._gcd_import(name[level:], package, level)
           ^^^^^^^^^^^^^^^^^^^^^^^^^^^^^^^^^^^^^^^^^^^^^^^^^^^^
tests/autogen_op/Stable_Diffusion_V2/test_Stable_Diffusion_V2_aten_native_group_norm_default.py:8: in <module>
    import ttnn
E   ModuleNotFoundError: No module named 'ttnn'
_ ERROR collecting tests/autogen_op/Stable_Diffusion_V2/test_Stable_Diffusion_V2_aten_native_layer_norm_default.py _
ImportError while importing test module '/Users/Ajay17/pytorch2.0_ttnn/tests/autogen_op/Stable_Diffusion_V2/test_Stable_Diffusion_V2_aten_native_layer_norm_default.py'.
Hint: make sure your test modules/packages have valid Python names.
Traceback:
../.pyenv/versions/3.11.10/lib/python3.11/importlib/__init__.py:126: in import_module
    return _bootstrap._gcd_import(name[level:], package, level)
           ^^^^^^^^^^^^^^^^^^^^^^^^^^^^^^^^^^^^^^^^^^^^^^^^^^^^
tests/autogen_op/Stable_Diffusion_V2/test_Stable_Diffusion_V2_aten_native_layer_norm_default.py:8: in <module>
    import ttnn
E   ModuleNotFoundError: No module named 'ttnn'
_ ERROR collecting tests/autogen_op/Stable_Diffusion_V2/test_Stable_Diffusion_V2_aten_permute_default.py _
ImportError while importing test module '/Users/Ajay17/pytorch2.0_ttnn/tests/autogen_op/Stable_Diffusion_V2/test_Stable_Diffusion_V2_aten_permute_default.py'.
Hint: make sure your test modules/packages have valid Python names.
Traceback:
../.pyenv/versions/3.11.10/lib/python3.11/importlib/__init__.py:126: in import_module
    return _bootstrap._gcd_import(name[level:], package, level)
           ^^^^^^^^^^^^^^^^^^^^^^^^^^^^^^^^^^^^^^^^^^^^^^^^^^^^
tests/autogen_op/Stable_Diffusion_V2/test_Stable_Diffusion_V2_aten_permute_default.py:8: in <module>
    import ttnn
E   ModuleNotFoundError: No module named 'ttnn'
_ ERROR collecting tests/autogen_op/Stable_Diffusion_V2/test_Stable_Diffusion_V2_aten_scalar_tensor_default.py _
ImportError while importing test module '/Users/Ajay17/pytorch2.0_ttnn/tests/autogen_op/Stable_Diffusion_V2/test_Stable_Diffusion_V2_aten_scalar_tensor_default.py'.
Hint: make sure your test modules/packages have valid Python names.
Traceback:
../.pyenv/versions/3.11.10/lib/python3.11/importlib/__init__.py:126: in import_module
    return _bootstrap._gcd_import(name[level:], package, level)
           ^^^^^^^^^^^^^^^^^^^^^^^^^^^^^^^^^^^^^^^^^^^^^^^^^^^^
tests/autogen_op/Stable_Diffusion_V2/test_Stable_Diffusion_V2_aten_scalar_tensor_default.py:8: in <module>
    import ttnn
E   ModuleNotFoundError: No module named 'ttnn'
_ ERROR collecting tests/autogen_op/Stable_Diffusion_V2/test_Stable_Diffusion_V2_aten_silu_default.py _
ImportError while importing test module '/Users/Ajay17/pytorch2.0_ttnn/tests/autogen_op/Stable_Diffusion_V2/test_Stable_Diffusion_V2_aten_silu_default.py'.
Hint: make sure your test modules/packages have valid Python names.
Traceback:
../.pyenv/versions/3.11.10/lib/python3.11/importlib/__init__.py:126: in import_module
    return _bootstrap._gcd_import(name[level:], package, level)
           ^^^^^^^^^^^^^^^^^^^^^^^^^^^^^^^^^^^^^^^^^^^^^^^^^^^^
tests/autogen_op/Stable_Diffusion_V2/test_Stable_Diffusion_V2_aten_silu_default.py:8: in <module>
    import ttnn
E   ModuleNotFoundError: No module named 'ttnn'
_ ERROR collecting tests/autogen_op/Stable_Diffusion_V2/test_Stable_Diffusion_V2_aten_sin_default.py _
ImportError while importing test module '/Users/Ajay17/pytorch2.0_ttnn/tests/autogen_op/Stable_Diffusion_V2/test_Stable_Diffusion_V2_aten_sin_default.py'.
Hint: make sure your test modules/packages have valid Python names.
Traceback:
../.pyenv/versions/3.11.10/lib/python3.11/importlib/__init__.py:126: in import_module
    return _bootstrap._gcd_import(name[level:], package, level)
           ^^^^^^^^^^^^^^^^^^^^^^^^^^^^^^^^^^^^^^^^^^^^^^^^^^^^
tests/autogen_op/Stable_Diffusion_V2/test_Stable_Diffusion_V2_aten_sin_default.py:8: in <module>
    import ttnn
E   ModuleNotFoundError: No module named 'ttnn'
_ ERROR collecting tests/autogen_op/Stable_Diffusion_V2/test_Stable_Diffusion_V2_aten_slice_Tensor.py _
ImportError while importing test module '/Users/Ajay17/pytorch2.0_ttnn/tests/autogen_op/Stable_Diffusion_V2/test_Stable_Diffusion_V2_aten_slice_Tensor.py'.
Hint: make sure your test modules/packages have valid Python names.
Traceback:
../.pyenv/versions/3.11.10/lib/python3.11/importlib/__init__.py:126: in import_module
    return _bootstrap._gcd_import(name[level:], package, level)
           ^^^^^^^^^^^^^^^^^^^^^^^^^^^^^^^^^^^^^^^^^^^^^^^^^^^^
tests/autogen_op/Stable_Diffusion_V2/test_Stable_Diffusion_V2_aten_slice_Tensor.py:8: in <module>
    import ttnn
E   ModuleNotFoundError: No module named 'ttnn'
_ ERROR collecting tests/autogen_op/Stable_Diffusion_V2/test_Stable_Diffusion_V2_aten_split_Tensor.py _
ImportError while importing test module '/Users/Ajay17/pytorch2.0_ttnn/tests/autogen_op/Stable_Diffusion_V2/test_Stable_Diffusion_V2_aten_split_Tensor.py'.
Hint: make sure your test modules/packages have valid Python names.
Traceback:
../.pyenv/versions/3.11.10/lib/python3.11/importlib/__init__.py:126: in import_module
    return _bootstrap._gcd_import(name[level:], package, level)
           ^^^^^^^^^^^^^^^^^^^^^^^^^^^^^^^^^^^^^^^^^^^^^^^^^^^^
tests/autogen_op/Stable_Diffusion_V2/test_Stable_Diffusion_V2_aten_split_Tensor.py:8: in <module>
    import ttnn
E   ModuleNotFoundError: No module named 'ttnn'
_ ERROR collecting tests/autogen_op/Stable_Diffusion_V2/test_Stable_Diffusion_V2_aten_sym_size_int.py _
ImportError while importing test module '/Users/Ajay17/pytorch2.0_ttnn/tests/autogen_op/Stable_Diffusion_V2/test_Stable_Diffusion_V2_aten_sym_size_int.py'.
Hint: make sure your test modules/packages have valid Python names.
Traceback:
../.pyenv/versions/3.11.10/lib/python3.11/importlib/__init__.py:126: in import_module
    return _bootstrap._gcd_import(name[level:], package, level)
           ^^^^^^^^^^^^^^^^^^^^^^^^^^^^^^^^^^^^^^^^^^^^^^^^^^^^
tests/autogen_op/Stable_Diffusion_V2/test_Stable_Diffusion_V2_aten_sym_size_int.py:8: in <module>
    import ttnn
E   ModuleNotFoundError: No module named 'ttnn'
_ ERROR collecting tests/autogen_op/Stable_Diffusion_V2/test_Stable_Diffusion_V2_aten_t_default.py _
ImportError while importing test module '/Users/Ajay17/pytorch2.0_ttnn/tests/autogen_op/Stable_Diffusion_V2/test_Stable_Diffusion_V2_aten_t_default.py'.
Hint: make sure your test modules/packages have valid Python names.
Traceback:
../.pyenv/versions/3.11.10/lib/python3.11/importlib/__init__.py:126: in import_module
    return _bootstrap._gcd_import(name[level:], package, level)
           ^^^^^^^^^^^^^^^^^^^^^^^^^^^^^^^^^^^^^^^^^^^^^^^^^^^^
tests/autogen_op/Stable_Diffusion_V2/test_Stable_Diffusion_V2_aten_t_default.py:8: in <module>
    import ttnn
E   ModuleNotFoundError: No module named 'ttnn'
_ ERROR collecting tests/autogen_op/Stable_Diffusion_V2/test_Stable_Diffusion_V2_aten_transpose_int.py _
ImportError while importing test module '/Users/Ajay17/pytorch2.0_ttnn/tests/autogen_op/Stable_Diffusion_V2/test_Stable_Diffusion_V2_aten_transpose_int.py'.
Hint: make sure your test modules/packages have valid Python names.
Traceback:
../.pyenv/versions/3.11.10/lib/python3.11/importlib/__init__.py:126: in import_module
    return _bootstrap._gcd_import(name[level:], package, level)
           ^^^^^^^^^^^^^^^^^^^^^^^^^^^^^^^^^^^^^^^^^^^^^^^^^^^^
tests/autogen_op/Stable_Diffusion_V2/test_Stable_Diffusion_V2_aten_transpose_int.py:8: in <module>
    import ttnn
E   ModuleNotFoundError: No module named 'ttnn'
_ ERROR collecting tests/autogen_op/Stable_Diffusion_V2/test_Stable_Diffusion_V2_aten_unsqueeze_default.py _
ImportError while importing test module '/Users/Ajay17/pytorch2.0_ttnn/tests/autogen_op/Stable_Diffusion_V2/test_Stable_Diffusion_V2_aten_unsqueeze_default.py'.
Hint: make sure your test modules/packages have valid Python names.
Traceback:
../.pyenv/versions/3.11.10/lib/python3.11/importlib/__init__.py:126: in import_module
    return _bootstrap._gcd_import(name[level:], package, level)
           ^^^^^^^^^^^^^^^^^^^^^^^^^^^^^^^^^^^^^^^^^^^^^^^^^^^^
tests/autogen_op/Stable_Diffusion_V2/test_Stable_Diffusion_V2_aten_unsqueeze_default.py:8: in <module>
    import ttnn
E   ModuleNotFoundError: No module named 'ttnn'
_ ERROR collecting tests/autogen_op/Stable_Diffusion_V2/test_Stable_Diffusion_V2_aten_view_default.py _
ImportError while importing test module '/Users/Ajay17/pytorch2.0_ttnn/tests/autogen_op/Stable_Diffusion_V2/test_Stable_Diffusion_V2_aten_view_default.py'.
Hint: make sure your test modules/packages have valid Python names.
Traceback:
../.pyenv/versions/3.11.10/lib/python3.11/importlib/__init__.py:126: in import_module
    return _bootstrap._gcd_import(name[level:], package, level)
           ^^^^^^^^^^^^^^^^^^^^^^^^^^^^^^^^^^^^^^^^^^^^^^^^^^^^
tests/autogen_op/Stable_Diffusion_V2/test_Stable_Diffusion_V2_aten_view_default.py:8: in <module>
    import ttnn
E   ModuleNotFoundError: No module named 'ttnn'
_ ERROR collecting tests/autogen_op/U-Net/test_U-Net_aten__native_batch_norm_legit_no_training_default.py _
ImportError while importing test module '/Users/Ajay17/pytorch2.0_ttnn/tests/autogen_op/U-Net/test_U-Net_aten__native_batch_norm_legit_no_training_default.py'.
Hint: make sure your test modules/packages have valid Python names.
Traceback:
../.pyenv/versions/3.11.10/lib/python3.11/importlib/__init__.py:126: in import_module
    return _bootstrap._gcd_import(name[level:], package, level)
           ^^^^^^^^^^^^^^^^^^^^^^^^^^^^^^^^^^^^^^^^^^^^^^^^^^^^
tests/autogen_op/U-Net/test_U-Net_aten__native_batch_norm_legit_no_training_default.py:8: in <module>
    import ttnn
E   ModuleNotFoundError: No module named 'ttnn'
____ ERROR collecting tests/autogen_op/U-Net/test_U-Net_aten_cat_default.py ____
ImportError while importing test module '/Users/Ajay17/pytorch2.0_ttnn/tests/autogen_op/U-Net/test_U-Net_aten_cat_default.py'.
Hint: make sure your test modules/packages have valid Python names.
Traceback:
../.pyenv/versions/3.11.10/lib/python3.11/importlib/__init__.py:126: in import_module
    return _bootstrap._gcd_import(name[level:], package, level)
           ^^^^^^^^^^^^^^^^^^^^^^^^^^^^^^^^^^^^^^^^^^^^^^^^^^^^
tests/autogen_op/U-Net/test_U-Net_aten_cat_default.py:8: in <module>
    import ttnn
E   ModuleNotFoundError: No module named 'ttnn'
_ ERROR collecting tests/autogen_op/U-Net/test_U-Net_aten_convolution_default.py _
ImportError while importing test module '/Users/Ajay17/pytorch2.0_ttnn/tests/autogen_op/U-Net/test_U-Net_aten_convolution_default.py'.
Hint: make sure your test modules/packages have valid Python names.
Traceback:
../.pyenv/versions/3.11.10/lib/python3.11/importlib/__init__.py:126: in import_module
    return _bootstrap._gcd_import(name[level:], package, level)
           ^^^^^^^^^^^^^^^^^^^^^^^^^^^^^^^^^^^^^^^^^^^^^^^^^^^^
tests/autogen_op/U-Net/test_U-Net_aten_convolution_default.py:8: in <module>
    import ttnn
E   ModuleNotFoundError: No module named 'ttnn'
_ ERROR collecting tests/autogen_op/U-Net/test_U-Net_aten_max_pool2d_with_indices_default.py _
ImportError while importing test module '/Users/Ajay17/pytorch2.0_ttnn/tests/autogen_op/U-Net/test_U-Net_aten_max_pool2d_with_indices_default.py'.
Hint: make sure your test modules/packages have valid Python names.
Traceback:
../.pyenv/versions/3.11.10/lib/python3.11/importlib/__init__.py:126: in import_module
    return _bootstrap._gcd_import(name[level:], package, level)
           ^^^^^^^^^^^^^^^^^^^^^^^^^^^^^^^^^^^^^^^^^^^^^^^^^^^^
tests/autogen_op/U-Net/test_U-Net_aten_max_pool2d_with_indices_default.py:8: in <module>
    import ttnn
E   ModuleNotFoundError: No module named 'ttnn'
___ ERROR collecting tests/autogen_op/U-Net/test_U-Net_aten_relu_default.py ____
ImportError while importing test module '/Users/Ajay17/pytorch2.0_ttnn/tests/autogen_op/U-Net/test_U-Net_aten_relu_default.py'.
Hint: make sure your test modules/packages have valid Python names.
Traceback:
../.pyenv/versions/3.11.10/lib/python3.11/importlib/__init__.py:126: in import_module
    return _bootstrap._gcd_import(name[level:], package, level)
           ^^^^^^^^^^^^^^^^^^^^^^^^^^^^^^^^^^^^^^^^^^^^^^^^^^^^
tests/autogen_op/U-Net/test_U-Net_aten_relu_default.py:8: in <module>
    import ttnn
E   ModuleNotFoundError: No module named 'ttnn'
__ ERROR collecting tests/autogen_op/U-Net/test_U-Net_aten_sigmoid_default.py __
ImportError while importing test module '/Users/Ajay17/pytorch2.0_ttnn/tests/autogen_op/U-Net/test_U-Net_aten_sigmoid_default.py'.
Hint: make sure your test modules/packages have valid Python names.
Traceback:
../.pyenv/versions/3.11.10/lib/python3.11/importlib/__init__.py:126: in import_module
    return _bootstrap._gcd_import(name[level:], package, level)
           ^^^^^^^^^^^^^^^^^^^^^^^^^^^^^^^^^^^^^^^^^^^^^^^^^^^^
tests/autogen_op/U-Net/test_U-Net_aten_sigmoid_default.py:8: in <module>
    import ttnn
E   ModuleNotFoundError: No module named 'ttnn'
_ ERROR collecting tests/autogen_op/U-Net-train/test_U-Net-train_aten__native_batch_norm_legit_functional_default.py _
ImportError while importing test module '/Users/Ajay17/pytorch2.0_ttnn/tests/autogen_op/U-Net-train/test_U-Net-train_aten__native_batch_norm_legit_functional_default.py'.
Hint: make sure your test modules/packages have valid Python names.
Traceback:
../.pyenv/versions/3.11.10/lib/python3.11/importlib/__init__.py:126: in import_module
    return _bootstrap._gcd_import(name[level:], package, level)
           ^^^^^^^^^^^^^^^^^^^^^^^^^^^^^^^^^^^^^^^^^^^^^^^^^^^^
tests/autogen_op/U-Net-train/test_U-Net-train_aten__native_batch_norm_legit_functional_default.py:8: in <module>
    import ttnn
E   ModuleNotFoundError: No module named 'ttnn'
_ ERROR collecting tests/autogen_op/U-Net-train/test_U-Net-train_aten__to_copy_default.py _
ImportError while importing test module '/Users/Ajay17/pytorch2.0_ttnn/tests/autogen_op/U-Net-train/test_U-Net-train_aten__to_copy_default.py'.
Hint: make sure your test modules/packages have valid Python names.
Traceback:
../.pyenv/versions/3.11.10/lib/python3.11/importlib/__init__.py:126: in import_module
    return _bootstrap._gcd_import(name[level:], package, level)
           ^^^^^^^^^^^^^^^^^^^^^^^^^^^^^^^^^^^^^^^^^^^^^^^^^^^^
tests/autogen_op/U-Net-train/test_U-Net-train_aten__to_copy_default.py:8: in <module>
    import ttnn
E   ModuleNotFoundError: No module named 'ttnn'
_ ERROR collecting tests/autogen_op/U-Net-train/test_U-Net-train_aten_add_Tensor.py _
ImportError while importing test module '/Users/Ajay17/pytorch2.0_ttnn/tests/autogen_op/U-Net-train/test_U-Net-train_aten_add_Tensor.py'.
Hint: make sure your test modules/packages have valid Python names.
Traceback:
../.pyenv/versions/3.11.10/lib/python3.11/importlib/__init__.py:126: in import_module
    return _bootstrap._gcd_import(name[level:], package, level)
           ^^^^^^^^^^^^^^^^^^^^^^^^^^^^^^^^^^^^^^^^^^^^^^^^^^^^
tests/autogen_op/U-Net-train/test_U-Net-train_aten_add_Tensor.py:8: in <module>
    import ttnn
E   ModuleNotFoundError: No module named 'ttnn'
_ ERROR collecting tests/autogen_op/U-Net-train/test_U-Net-train_aten_cat_default.py _
ImportError while importing test module '/Users/Ajay17/pytorch2.0_ttnn/tests/autogen_op/U-Net-train/test_U-Net-train_aten_cat_default.py'.
Hint: make sure your test modules/packages have valid Python names.
Traceback:
../.pyenv/versions/3.11.10/lib/python3.11/importlib/__init__.py:126: in import_module
    return _bootstrap._gcd_import(name[level:], package, level)
           ^^^^^^^^^^^^^^^^^^^^^^^^^^^^^^^^^^^^^^^^^^^^^^^^^^^^
tests/autogen_op/U-Net-train/test_U-Net-train_aten_cat_default.py:8: in <module>
    import ttnn
E   ModuleNotFoundError: No module named 'ttnn'
_ ERROR collecting tests/autogen_op/U-Net-train/test_U-Net-train_aten_convolution_backward_default.py _
ImportError while importing test module '/Users/Ajay17/pytorch2.0_ttnn/tests/autogen_op/U-Net-train/test_U-Net-train_aten_convolution_backward_default.py'.
Hint: make sure your test modules/packages have valid Python names.
Traceback:
../.pyenv/versions/3.11.10/lib/python3.11/importlib/__init__.py:126: in import_module
    return _bootstrap._gcd_import(name[level:], package, level)
           ^^^^^^^^^^^^^^^^^^^^^^^^^^^^^^^^^^^^^^^^^^^^^^^^^^^^
tests/autogen_op/U-Net-train/test_U-Net-train_aten_convolution_backward_default.py:8: in <module>
    import ttnn
E   ModuleNotFoundError: No module named 'ttnn'
_ ERROR collecting tests/autogen_op/U-Net-train/test_U-Net-train_aten_convolution_default.py _
ImportError while importing test module '/Users/Ajay17/pytorch2.0_ttnn/tests/autogen_op/U-Net-train/test_U-Net-train_aten_convolution_default.py'.
Hint: make sure your test modules/packages have valid Python names.
Traceback:
../.pyenv/versions/3.11.10/lib/python3.11/importlib/__init__.py:126: in import_module
    return _bootstrap._gcd_import(name[level:], package, level)
           ^^^^^^^^^^^^^^^^^^^^^^^^^^^^^^^^^^^^^^^^^^^^^^^^^^^^
tests/autogen_op/U-Net-train/test_U-Net-train_aten_convolution_default.py:8: in <module>
    import ttnn
E   ModuleNotFoundError: No module named 'ttnn'
_ ERROR collecting tests/autogen_op/U-Net-train/test_U-Net-train_aten_detach_default.py _
ImportError while importing test module '/Users/Ajay17/pytorch2.0_ttnn/tests/autogen_op/U-Net-train/test_U-Net-train_aten_detach_default.py'.
Hint: make sure your test modules/packages have valid Python names.
Traceback:
../.pyenv/versions/3.11.10/lib/python3.11/importlib/__init__.py:126: in import_module
    return _bootstrap._gcd_import(name[level:], package, level)
           ^^^^^^^^^^^^^^^^^^^^^^^^^^^^^^^^^^^^^^^^^^^^^^^^^^^^
tests/autogen_op/U-Net-train/test_U-Net-train_aten_detach_default.py:8: in <module>
    import ttnn
E   ModuleNotFoundError: No module named 'ttnn'
_ ERROR collecting tests/autogen_op/U-Net-train/test_U-Net-train_aten_max_pool2d_with_indices_backward_default.py _
ImportError while importing test module '/Users/Ajay17/pytorch2.0_ttnn/tests/autogen_op/U-Net-train/test_U-Net-train_aten_max_pool2d_with_indices_backward_default.py'.
Hint: make sure your test modules/packages have valid Python names.
Traceback:
../.pyenv/versions/3.11.10/lib/python3.11/importlib/__init__.py:126: in import_module
    return _bootstrap._gcd_import(name[level:], package, level)
           ^^^^^^^^^^^^^^^^^^^^^^^^^^^^^^^^^^^^^^^^^^^^^^^^^^^^
tests/autogen_op/U-Net-train/test_U-Net-train_aten_max_pool2d_with_indices_backward_default.py:8: in <module>
    import ttnn
E   ModuleNotFoundError: No module named 'ttnn'
_ ERROR collecting tests/autogen_op/U-Net-train/test_U-Net-train_aten_max_pool2d_with_indices_default.py _
ImportError while importing test module '/Users/Ajay17/pytorch2.0_ttnn/tests/autogen_op/U-Net-train/test_U-Net-train_aten_max_pool2d_with_indices_default.py'.
Hint: make sure your test modules/packages have valid Python names.
Traceback:
../.pyenv/versions/3.11.10/lib/python3.11/importlib/__init__.py:126: in import_module
    return _bootstrap._gcd_import(name[level:], package, level)
           ^^^^^^^^^^^^^^^^^^^^^^^^^^^^^^^^^^^^^^^^^^^^^^^^^^^^
tests/autogen_op/U-Net-train/test_U-Net-train_aten_max_pool2d_with_indices_default.py:8: in <module>
    import ttnn
E   ModuleNotFoundError: No module named 'ttnn'
_ ERROR collecting tests/autogen_op/U-Net-train/test_U-Net-train_aten_native_batch_norm_backward_default.py _
ImportError while importing test module '/Users/Ajay17/pytorch2.0_ttnn/tests/autogen_op/U-Net-train/test_U-Net-train_aten_native_batch_norm_backward_default.py'.
Hint: make sure your test modules/packages have valid Python names.
Traceback:
../.pyenv/versions/3.11.10/lib/python3.11/importlib/__init__.py:126: in import_module
    return _bootstrap._gcd_import(name[level:], package, level)
           ^^^^^^^^^^^^^^^^^^^^^^^^^^^^^^^^^^^^^^^^^^^^^^^^^^^^
tests/autogen_op/U-Net-train/test_U-Net-train_aten_native_batch_norm_backward_default.py:8: in <module>
    import ttnn
E   ModuleNotFoundError: No module named 'ttnn'
_ ERROR collecting tests/autogen_op/U-Net-train/test_U-Net-train_aten_relu_default.py _
ImportError while importing test module '/Users/Ajay17/pytorch2.0_ttnn/tests/autogen_op/U-Net-train/test_U-Net-train_aten_relu_default.py'.
Hint: make sure your test modules/packages have valid Python names.
Traceback:
../.pyenv/versions/3.11.10/lib/python3.11/importlib/__init__.py:126: in import_module
    return _bootstrap._gcd_import(name[level:], package, level)
           ^^^^^^^^^^^^^^^^^^^^^^^^^^^^^^^^^^^^^^^^^^^^^^^^^^^^
tests/autogen_op/U-Net-train/test_U-Net-train_aten_relu_default.py:8: in <module>
    import ttnn
E   ModuleNotFoundError: No module named 'ttnn'
_ ERROR collecting tests/autogen_op/U-Net-train/test_U-Net-train_aten_sigmoid_backward_default.py _
ImportError while importing test module '/Users/Ajay17/pytorch2.0_ttnn/tests/autogen_op/U-Net-train/test_U-Net-train_aten_sigmoid_backward_default.py'.
Hint: make sure your test modules/packages have valid Python names.
Traceback:
../.pyenv/versions/3.11.10/lib/python3.11/importlib/__init__.py:126: in import_module
    return _bootstrap._gcd_import(name[level:], package, level)
           ^^^^^^^^^^^^^^^^^^^^^^^^^^^^^^^^^^^^^^^^^^^^^^^^^^^^
tests/autogen_op/U-Net-train/test_U-Net-train_aten_sigmoid_backward_default.py:8: in <module>
    import ttnn
E   ModuleNotFoundError: No module named 'ttnn'
_ ERROR collecting tests/autogen_op/U-Net-train/test_U-Net-train_aten_sigmoid_default.py _
ImportError while importing test module '/Users/Ajay17/pytorch2.0_ttnn/tests/autogen_op/U-Net-train/test_U-Net-train_aten_sigmoid_default.py'.
Hint: make sure your test modules/packages have valid Python names.
Traceback:
../.pyenv/versions/3.11.10/lib/python3.11/importlib/__init__.py:126: in import_module
    return _bootstrap._gcd_import(name[level:], package, level)
           ^^^^^^^^^^^^^^^^^^^^^^^^^^^^^^^^^^^^^^^^^^^^^^^^^^^^
tests/autogen_op/U-Net-train/test_U-Net-train_aten_sigmoid_default.py:8: in <module>
    import ttnn
E   ModuleNotFoundError: No module named 'ttnn'
_ ERROR collecting tests/autogen_op/U-Net-train/test_U-Net-train_aten_slice_Tensor.py _
ImportError while importing test module '/Users/Ajay17/pytorch2.0_ttnn/tests/autogen_op/U-Net-train/test_U-Net-train_aten_slice_Tensor.py'.
Hint: make sure your test modules/packages have valid Python names.
Traceback:
../.pyenv/versions/3.11.10/lib/python3.11/importlib/__init__.py:126: in import_module
    return _bootstrap._gcd_import(name[level:], package, level)
           ^^^^^^^^^^^^^^^^^^^^^^^^^^^^^^^^^^^^^^^^^^^^^^^^^^^^
tests/autogen_op/U-Net-train/test_U-Net-train_aten_slice_Tensor.py:8: in <module>
    import ttnn
E   ModuleNotFoundError: No module named 'ttnn'
_ ERROR collecting tests/autogen_op/U-Net-train/test_U-Net-train_aten_threshold_backward_default.py _
ImportError while importing test module '/Users/Ajay17/pytorch2.0_ttnn/tests/autogen_op/U-Net-train/test_U-Net-train_aten_threshold_backward_default.py'.
Hint: make sure your test modules/packages have valid Python names.
Traceback:
../.pyenv/versions/3.11.10/lib/python3.11/importlib/__init__.py:126: in import_module
    return _bootstrap._gcd_import(name[level:], package, level)
           ^^^^^^^^^^^^^^^^^^^^^^^^^^^^^^^^^^^^^^^^^^^^^^^^^^^^
tests/autogen_op/U-Net-train/test_U-Net-train_aten_threshold_backward_default.py:8: in <module>
    import ttnn
E   ModuleNotFoundError: No module named 'ttnn'
_ ERROR collecting tests/autogen_op/Unet-brain/test_Unet-brain_aten__native_batch_norm_legit_no_training_default.py _
ImportError while importing test module '/Users/Ajay17/pytorch2.0_ttnn/tests/autogen_op/Unet-brain/test_Unet-brain_aten__native_batch_norm_legit_no_training_default.py'.
Hint: make sure your test modules/packages have valid Python names.
Traceback:
../.pyenv/versions/3.11.10/lib/python3.11/importlib/__init__.py:126: in import_module
    return _bootstrap._gcd_import(name[level:], package, level)
           ^^^^^^^^^^^^^^^^^^^^^^^^^^^^^^^^^^^^^^^^^^^^^^^^^^^^
tests/autogen_op/Unet-brain/test_Unet-brain_aten__native_batch_norm_legit_no_training_default.py:8: in <module>
    import ttnn
E   ModuleNotFoundError: No module named 'ttnn'
_ ERROR collecting tests/autogen_op/Unet-brain/test_Unet-brain_aten_cat_default.py _
ImportError while importing test module '/Users/Ajay17/pytorch2.0_ttnn/tests/autogen_op/Unet-brain/test_Unet-brain_aten_cat_default.py'.
Hint: make sure your test modules/packages have valid Python names.
Traceback:
../.pyenv/versions/3.11.10/lib/python3.11/importlib/__init__.py:126: in import_module
    return _bootstrap._gcd_import(name[level:], package, level)
           ^^^^^^^^^^^^^^^^^^^^^^^^^^^^^^^^^^^^^^^^^^^^^^^^^^^^
tests/autogen_op/Unet-brain/test_Unet-brain_aten_cat_default.py:8: in <module>
    import ttnn
E   ModuleNotFoundError: No module named 'ttnn'
_ ERROR collecting tests/autogen_op/Unet-brain/test_Unet-brain_aten_convolution_default.py _
ImportError while importing test module '/Users/Ajay17/pytorch2.0_ttnn/tests/autogen_op/Unet-brain/test_Unet-brain_aten_convolution_default.py'.
Hint: make sure your test modules/packages have valid Python names.
Traceback:
../.pyenv/versions/3.11.10/lib/python3.11/importlib/__init__.py:126: in import_module
    return _bootstrap._gcd_import(name[level:], package, level)
           ^^^^^^^^^^^^^^^^^^^^^^^^^^^^^^^^^^^^^^^^^^^^^^^^^^^^
tests/autogen_op/Unet-brain/test_Unet-brain_aten_convolution_default.py:8: in <module>
    import ttnn
E   ModuleNotFoundError: No module named 'ttnn'
_ ERROR collecting tests/autogen_op/Unet-brain/test_Unet-brain_aten_max_pool2d_with_indices_default.py _
ImportError while importing test module '/Users/Ajay17/pytorch2.0_ttnn/tests/autogen_op/Unet-brain/test_Unet-brain_aten_max_pool2d_with_indices_default.py'.
Hint: make sure your test modules/packages have valid Python names.
Traceback:
../.pyenv/versions/3.11.10/lib/python3.11/importlib/__init__.py:126: in import_module
    return _bootstrap._gcd_import(name[level:], package, level)
           ^^^^^^^^^^^^^^^^^^^^^^^^^^^^^^^^^^^^^^^^^^^^^^^^^^^^
tests/autogen_op/Unet-brain/test_Unet-brain_aten_max_pool2d_with_indices_default.py:8: in <module>
    import ttnn
E   ModuleNotFoundError: No module named 'ttnn'
_ ERROR collecting tests/autogen_op/Unet-brain/test_Unet-brain_aten_relu_default.py _
ImportError while importing test module '/Users/Ajay17/pytorch2.0_ttnn/tests/autogen_op/Unet-brain/test_Unet-brain_aten_relu_default.py'.
Hint: make sure your test modules/packages have valid Python names.
Traceback:
../.pyenv/versions/3.11.10/lib/python3.11/importlib/__init__.py:126: in import_module
    return _bootstrap._gcd_import(name[level:], package, level)
           ^^^^^^^^^^^^^^^^^^^^^^^^^^^^^^^^^^^^^^^^^^^^^^^^^^^^
tests/autogen_op/Unet-brain/test_Unet-brain_aten_relu_default.py:8: in <module>
    import ttnn
E   ModuleNotFoundError: No module named 'ttnn'
_ ERROR collecting tests/autogen_op/Unet-brain/test_Unet-brain_aten_sigmoid_default.py _
ImportError while importing test module '/Users/Ajay17/pytorch2.0_ttnn/tests/autogen_op/Unet-brain/test_Unet-brain_aten_sigmoid_default.py'.
Hint: make sure your test modules/packages have valid Python names.
Traceback:
../.pyenv/versions/3.11.10/lib/python3.11/importlib/__init__.py:126: in import_module
    return _bootstrap._gcd_import(name[level:], package, level)
           ^^^^^^^^^^^^^^^^^^^^^^^^^^^^^^^^^^^^^^^^^^^^^^^^^^^^
tests/autogen_op/Unet-brain/test_Unet-brain_aten_sigmoid_default.py:8: in <module>
    import ttnn
E   ModuleNotFoundError: No module named 'ttnn'
_ ERROR collecting tests/autogen_op/Unet-brain-train/test_Unet-brain-train_aten__native_batch_norm_legit_functional_default.py _
ImportError while importing test module '/Users/Ajay17/pytorch2.0_ttnn/tests/autogen_op/Unet-brain-train/test_Unet-brain-train_aten__native_batch_norm_legit_functional_default.py'.
Hint: make sure your test modules/packages have valid Python names.
Traceback:
../.pyenv/versions/3.11.10/lib/python3.11/importlib/__init__.py:126: in import_module
    return _bootstrap._gcd_import(name[level:], package, level)
           ^^^^^^^^^^^^^^^^^^^^^^^^^^^^^^^^^^^^^^^^^^^^^^^^^^^^
tests/autogen_op/Unet-brain-train/test_Unet-brain-train_aten__native_batch_norm_legit_functional_default.py:8: in <module>
    import ttnn
E   ModuleNotFoundError: No module named 'ttnn'
_ ERROR collecting tests/autogen_op/Unet-brain-train/test_Unet-brain-train_aten__to_copy_default.py _
ImportError while importing test module '/Users/Ajay17/pytorch2.0_ttnn/tests/autogen_op/Unet-brain-train/test_Unet-brain-train_aten__to_copy_default.py'.
Hint: make sure your test modules/packages have valid Python names.
Traceback:
../.pyenv/versions/3.11.10/lib/python3.11/importlib/__init__.py:126: in import_module
    return _bootstrap._gcd_import(name[level:], package, level)
           ^^^^^^^^^^^^^^^^^^^^^^^^^^^^^^^^^^^^^^^^^^^^^^^^^^^^
tests/autogen_op/Unet-brain-train/test_Unet-brain-train_aten__to_copy_default.py:8: in <module>
    import ttnn
E   ModuleNotFoundError: No module named 'ttnn'
_ ERROR collecting tests/autogen_op/Unet-brain-train/test_Unet-brain-train_aten_add_Tensor.py _
ImportError while importing test module '/Users/Ajay17/pytorch2.0_ttnn/tests/autogen_op/Unet-brain-train/test_Unet-brain-train_aten_add_Tensor.py'.
Hint: make sure your test modules/packages have valid Python names.
Traceback:
../.pyenv/versions/3.11.10/lib/python3.11/importlib/__init__.py:126: in import_module
    return _bootstrap._gcd_import(name[level:], package, level)
           ^^^^^^^^^^^^^^^^^^^^^^^^^^^^^^^^^^^^^^^^^^^^^^^^^^^^
tests/autogen_op/Unet-brain-train/test_Unet-brain-train_aten_add_Tensor.py:8: in <module>
    import ttnn
E   ModuleNotFoundError: No module named 'ttnn'
_ ERROR collecting tests/autogen_op/Unet-brain-train/test_Unet-brain-train_aten_cat_default.py _
ImportError while importing test module '/Users/Ajay17/pytorch2.0_ttnn/tests/autogen_op/Unet-brain-train/test_Unet-brain-train_aten_cat_default.py'.
Hint: make sure your test modules/packages have valid Python names.
Traceback:
../.pyenv/versions/3.11.10/lib/python3.11/importlib/__init__.py:126: in import_module
    return _bootstrap._gcd_import(name[level:], package, level)
           ^^^^^^^^^^^^^^^^^^^^^^^^^^^^^^^^^^^^^^^^^^^^^^^^^^^^
tests/autogen_op/Unet-brain-train/test_Unet-brain-train_aten_cat_default.py:8: in <module>
    import ttnn
E   ModuleNotFoundError: No module named 'ttnn'
_ ERROR collecting tests/autogen_op/Unet-brain-train/test_Unet-brain-train_aten_convolution_backward_default.py _
ImportError while importing test module '/Users/Ajay17/pytorch2.0_ttnn/tests/autogen_op/Unet-brain-train/test_Unet-brain-train_aten_convolution_backward_default.py'.
Hint: make sure your test modules/packages have valid Python names.
Traceback:
../.pyenv/versions/3.11.10/lib/python3.11/importlib/__init__.py:126: in import_module
    return _bootstrap._gcd_import(name[level:], package, level)
           ^^^^^^^^^^^^^^^^^^^^^^^^^^^^^^^^^^^^^^^^^^^^^^^^^^^^
tests/autogen_op/Unet-brain-train/test_Unet-brain-train_aten_convolution_backward_default.py:8: in <module>
    import ttnn
E   ModuleNotFoundError: No module named 'ttnn'
_ ERROR collecting tests/autogen_op/Unet-brain-train/test_Unet-brain-train_aten_convolution_default.py _
ImportError while importing test module '/Users/Ajay17/pytorch2.0_ttnn/tests/autogen_op/Unet-brain-train/test_Unet-brain-train_aten_convolution_default.py'.
Hint: make sure your test modules/packages have valid Python names.
Traceback:
../.pyenv/versions/3.11.10/lib/python3.11/importlib/__init__.py:126: in import_module
    return _bootstrap._gcd_import(name[level:], package, level)
           ^^^^^^^^^^^^^^^^^^^^^^^^^^^^^^^^^^^^^^^^^^^^^^^^^^^^
tests/autogen_op/Unet-brain-train/test_Unet-brain-train_aten_convolution_default.py:8: in <module>
    import ttnn
E   ModuleNotFoundError: No module named 'ttnn'
_ ERROR collecting tests/autogen_op/Unet-brain-train/test_Unet-brain-train_aten_detach_default.py _
ImportError while importing test module '/Users/Ajay17/pytorch2.0_ttnn/tests/autogen_op/Unet-brain-train/test_Unet-brain-train_aten_detach_default.py'.
Hint: make sure your test modules/packages have valid Python names.
Traceback:
../.pyenv/versions/3.11.10/lib/python3.11/importlib/__init__.py:126: in import_module
    return _bootstrap._gcd_import(name[level:], package, level)
           ^^^^^^^^^^^^^^^^^^^^^^^^^^^^^^^^^^^^^^^^^^^^^^^^^^^^
tests/autogen_op/Unet-brain-train/test_Unet-brain-train_aten_detach_default.py:8: in <module>
    import ttnn
E   ModuleNotFoundError: No module named 'ttnn'
_ ERROR collecting tests/autogen_op/Unet-brain-train/test_Unet-brain-train_aten_max_pool2d_with_indices_backward_default.py _
ImportError while importing test module '/Users/Ajay17/pytorch2.0_ttnn/tests/autogen_op/Unet-brain-train/test_Unet-brain-train_aten_max_pool2d_with_indices_backward_default.py'.
Hint: make sure your test modules/packages have valid Python names.
Traceback:
../.pyenv/versions/3.11.10/lib/python3.11/importlib/__init__.py:126: in import_module
    return _bootstrap._gcd_import(name[level:], package, level)
           ^^^^^^^^^^^^^^^^^^^^^^^^^^^^^^^^^^^^^^^^^^^^^^^^^^^^
tests/autogen_op/Unet-brain-train/test_Unet-brain-train_aten_max_pool2d_with_indices_backward_default.py:8: in <module>
    import ttnn
E   ModuleNotFoundError: No module named 'ttnn'
_ ERROR collecting tests/autogen_op/Unet-brain-train/test_Unet-brain-train_aten_max_pool2d_with_indices_default.py _
ImportError while importing test module '/Users/Ajay17/pytorch2.0_ttnn/tests/autogen_op/Unet-brain-train/test_Unet-brain-train_aten_max_pool2d_with_indices_default.py'.
Hint: make sure your test modules/packages have valid Python names.
Traceback:
../.pyenv/versions/3.11.10/lib/python3.11/importlib/__init__.py:126: in import_module
    return _bootstrap._gcd_import(name[level:], package, level)
           ^^^^^^^^^^^^^^^^^^^^^^^^^^^^^^^^^^^^^^^^^^^^^^^^^^^^
tests/autogen_op/Unet-brain-train/test_Unet-brain-train_aten_max_pool2d_with_indices_default.py:8: in <module>
    import ttnn
E   ModuleNotFoundError: No module named 'ttnn'
_ ERROR collecting tests/autogen_op/Unet-brain-train/test_Unet-brain-train_aten_native_batch_norm_backward_default.py _
ImportError while importing test module '/Users/Ajay17/pytorch2.0_ttnn/tests/autogen_op/Unet-brain-train/test_Unet-brain-train_aten_native_batch_norm_backward_default.py'.
Hint: make sure your test modules/packages have valid Python names.
Traceback:
../.pyenv/versions/3.11.10/lib/python3.11/importlib/__init__.py:126: in import_module
    return _bootstrap._gcd_import(name[level:], package, level)
           ^^^^^^^^^^^^^^^^^^^^^^^^^^^^^^^^^^^^^^^^^^^^^^^^^^^^
tests/autogen_op/Unet-brain-train/test_Unet-brain-train_aten_native_batch_norm_backward_default.py:8: in <module>
    import ttnn
E   ModuleNotFoundError: No module named 'ttnn'
_ ERROR collecting tests/autogen_op/Unet-brain-train/test_Unet-brain-train_aten_relu_default.py _
ImportError while importing test module '/Users/Ajay17/pytorch2.0_ttnn/tests/autogen_op/Unet-brain-train/test_Unet-brain-train_aten_relu_default.py'.
Hint: make sure your test modules/packages have valid Python names.
Traceback:
../.pyenv/versions/3.11.10/lib/python3.11/importlib/__init__.py:126: in import_module
    return _bootstrap._gcd_import(name[level:], package, level)
           ^^^^^^^^^^^^^^^^^^^^^^^^^^^^^^^^^^^^^^^^^^^^^^^^^^^^
tests/autogen_op/Unet-brain-train/test_Unet-brain-train_aten_relu_default.py:8: in <module>
    import ttnn
E   ModuleNotFoundError: No module named 'ttnn'
_ ERROR collecting tests/autogen_op/Unet-brain-train/test_Unet-brain-train_aten_sigmoid_backward_default.py _
ImportError while importing test module '/Users/Ajay17/pytorch2.0_ttnn/tests/autogen_op/Unet-brain-train/test_Unet-brain-train_aten_sigmoid_backward_default.py'.
Hint: make sure your test modules/packages have valid Python names.
Traceback:
../.pyenv/versions/3.11.10/lib/python3.11/importlib/__init__.py:126: in import_module
    return _bootstrap._gcd_import(name[level:], package, level)
           ^^^^^^^^^^^^^^^^^^^^^^^^^^^^^^^^^^^^^^^^^^^^^^^^^^^^
tests/autogen_op/Unet-brain-train/test_Unet-brain-train_aten_sigmoid_backward_default.py:8: in <module>
    import ttnn
E   ModuleNotFoundError: No module named 'ttnn'
_ ERROR collecting tests/autogen_op/Unet-brain-train/test_Unet-brain-train_aten_sigmoid_default.py _
ImportError while importing test module '/Users/Ajay17/pytorch2.0_ttnn/tests/autogen_op/Unet-brain-train/test_Unet-brain-train_aten_sigmoid_default.py'.
Hint: make sure your test modules/packages have valid Python names.
Traceback:
../.pyenv/versions/3.11.10/lib/python3.11/importlib/__init__.py:126: in import_module
    return _bootstrap._gcd_import(name[level:], package, level)
           ^^^^^^^^^^^^^^^^^^^^^^^^^^^^^^^^^^^^^^^^^^^^^^^^^^^^
tests/autogen_op/Unet-brain-train/test_Unet-brain-train_aten_sigmoid_default.py:8: in <module>
    import ttnn
E   ModuleNotFoundError: No module named 'ttnn'
_ ERROR collecting tests/autogen_op/Unet-brain-train/test_Unet-brain-train_aten_slice_Tensor.py _
ImportError while importing test module '/Users/Ajay17/pytorch2.0_ttnn/tests/autogen_op/Unet-brain-train/test_Unet-brain-train_aten_slice_Tensor.py'.
Hint: make sure your test modules/packages have valid Python names.
Traceback:
../.pyenv/versions/3.11.10/lib/python3.11/importlib/__init__.py:126: in import_module
    return _bootstrap._gcd_import(name[level:], package, level)
           ^^^^^^^^^^^^^^^^^^^^^^^^^^^^^^^^^^^^^^^^^^^^^^^^^^^^
tests/autogen_op/Unet-brain-train/test_Unet-brain-train_aten_slice_Tensor.py:8: in <module>
    import ttnn
E   ModuleNotFoundError: No module named 'ttnn'
_ ERROR collecting tests/autogen_op/Unet-brain-train/test_Unet-brain-train_aten_threshold_backward_default.py _
ImportError while importing test module '/Users/Ajay17/pytorch2.0_ttnn/tests/autogen_op/Unet-brain-train/test_Unet-brain-train_aten_threshold_backward_default.py'.
Hint: make sure your test modules/packages have valid Python names.
Traceback:
../.pyenv/versions/3.11.10/lib/python3.11/importlib/__init__.py:126: in import_module
    return _bootstrap._gcd_import(name[level:], package, level)
           ^^^^^^^^^^^^^^^^^^^^^^^^^^^^^^^^^^^^^^^^^^^^^^^^^^^^
tests/autogen_op/Unet-brain-train/test_Unet-brain-train_aten_threshold_backward_default.py:8: in <module>
    import ttnn
E   ModuleNotFoundError: No module named 'ttnn'
_ ERROR collecting tests/autogen_op/Unet-carvana/test_Unet-carvana_aten__native_batch_norm_legit_no_training_default.py _
ImportError while importing test module '/Users/Ajay17/pytorch2.0_ttnn/tests/autogen_op/Unet-carvana/test_Unet-carvana_aten__native_batch_norm_legit_no_training_default.py'.
Hint: make sure your test modules/packages have valid Python names.
Traceback:
../.pyenv/versions/3.11.10/lib/python3.11/importlib/__init__.py:126: in import_module
    return _bootstrap._gcd_import(name[level:], package, level)
           ^^^^^^^^^^^^^^^^^^^^^^^^^^^^^^^^^^^^^^^^^^^^^^^^^^^^
tests/autogen_op/Unet-carvana/test_Unet-carvana_aten__native_batch_norm_legit_no_training_default.py:8: in <module>
    import ttnn
E   ModuleNotFoundError: No module named 'ttnn'
_ ERROR collecting tests/autogen_op/Unet-carvana/test_Unet-carvana_aten_cat_default.py _
ImportError while importing test module '/Users/Ajay17/pytorch2.0_ttnn/tests/autogen_op/Unet-carvana/test_Unet-carvana_aten_cat_default.py'.
Hint: make sure your test modules/packages have valid Python names.
Traceback:
../.pyenv/versions/3.11.10/lib/python3.11/importlib/__init__.py:126: in import_module
    return _bootstrap._gcd_import(name[level:], package, level)
           ^^^^^^^^^^^^^^^^^^^^^^^^^^^^^^^^^^^^^^^^^^^^^^^^^^^^
tests/autogen_op/Unet-carvana/test_Unet-carvana_aten_cat_default.py:8: in <module>
    import ttnn
E   ModuleNotFoundError: No module named 'ttnn'
_ ERROR collecting tests/autogen_op/Unet-carvana/test_Unet-carvana_aten_convolution_default.py _
ImportError while importing test module '/Users/Ajay17/pytorch2.0_ttnn/tests/autogen_op/Unet-carvana/test_Unet-carvana_aten_convolution_default.py'.
Hint: make sure your test modules/packages have valid Python names.
Traceback:
../.pyenv/versions/3.11.10/lib/python3.11/importlib/__init__.py:126: in import_module
    return _bootstrap._gcd_import(name[level:], package, level)
           ^^^^^^^^^^^^^^^^^^^^^^^^^^^^^^^^^^^^^^^^^^^^^^^^^^^^
tests/autogen_op/Unet-carvana/test_Unet-carvana_aten_convolution_default.py:8: in <module>
    import ttnn
E   ModuleNotFoundError: No module named 'ttnn'
_ ERROR collecting tests/autogen_op/Unet-carvana/test_Unet-carvana_aten_max_pool2d_with_indices_default.py _
ImportError while importing test module '/Users/Ajay17/pytorch2.0_ttnn/tests/autogen_op/Unet-carvana/test_Unet-carvana_aten_max_pool2d_with_indices_default.py'.
Hint: make sure your test modules/packages have valid Python names.
Traceback:
../.pyenv/versions/3.11.10/lib/python3.11/importlib/__init__.py:126: in import_module
    return _bootstrap._gcd_import(name[level:], package, level)
           ^^^^^^^^^^^^^^^^^^^^^^^^^^^^^^^^^^^^^^^^^^^^^^^^^^^^
tests/autogen_op/Unet-carvana/test_Unet-carvana_aten_max_pool2d_with_indices_default.py:8: in <module>
    import ttnn
E   ModuleNotFoundError: No module named 'ttnn'
_ ERROR collecting tests/autogen_op/Unet-carvana/test_Unet-carvana_aten_relu_default.py _
ImportError while importing test module '/Users/Ajay17/pytorch2.0_ttnn/tests/autogen_op/Unet-carvana/test_Unet-carvana_aten_relu_default.py'.
Hint: make sure your test modules/packages have valid Python names.
Traceback:
../.pyenv/versions/3.11.10/lib/python3.11/importlib/__init__.py:126: in import_module
    return _bootstrap._gcd_import(name[level:], package, level)
           ^^^^^^^^^^^^^^^^^^^^^^^^^^^^^^^^^^^^^^^^^^^^^^^^^^^^
tests/autogen_op/Unet-carvana/test_Unet-carvana_aten_relu_default.py:8: in <module>
    import ttnn
E   ModuleNotFoundError: No module named 'ttnn'
_ ERROR collecting tests/autogen_op/Unet-carvana-train/test_Unet-carvana-train_aten__native_batch_norm_legit_functional_default.py _
ImportError while importing test module '/Users/Ajay17/pytorch2.0_ttnn/tests/autogen_op/Unet-carvana-train/test_Unet-carvana-train_aten__native_batch_norm_legit_functional_default.py'.
Hint: make sure your test modules/packages have valid Python names.
Traceback:
../.pyenv/versions/3.11.10/lib/python3.11/importlib/__init__.py:126: in import_module
    return _bootstrap._gcd_import(name[level:], package, level)
           ^^^^^^^^^^^^^^^^^^^^^^^^^^^^^^^^^^^^^^^^^^^^^^^^^^^^
tests/autogen_op/Unet-carvana-train/test_Unet-carvana-train_aten__native_batch_norm_legit_functional_default.py:8: in <module>
    import ttnn
E   ModuleNotFoundError: No module named 'ttnn'
_ ERROR collecting tests/autogen_op/Unet-carvana-train/test_Unet-carvana-train_aten__to_copy_default.py _
ImportError while importing test module '/Users/Ajay17/pytorch2.0_ttnn/tests/autogen_op/Unet-carvana-train/test_Unet-carvana-train_aten__to_copy_default.py'.
Hint: make sure your test modules/packages have valid Python names.
Traceback:
../.pyenv/versions/3.11.10/lib/python3.11/importlib/__init__.py:126: in import_module
    return _bootstrap._gcd_import(name[level:], package, level)
           ^^^^^^^^^^^^^^^^^^^^^^^^^^^^^^^^^^^^^^^^^^^^^^^^^^^^
tests/autogen_op/Unet-carvana-train/test_Unet-carvana-train_aten__to_copy_default.py:8: in <module>
    import ttnn
E   ModuleNotFoundError: No module named 'ttnn'
_ ERROR collecting tests/autogen_op/Unet-carvana-train/test_Unet-carvana-train_aten_add_Tensor.py _
ImportError while importing test module '/Users/Ajay17/pytorch2.0_ttnn/tests/autogen_op/Unet-carvana-train/test_Unet-carvana-train_aten_add_Tensor.py'.
Hint: make sure your test modules/packages have valid Python names.
Traceback:
../.pyenv/versions/3.11.10/lib/python3.11/importlib/__init__.py:126: in import_module
    return _bootstrap._gcd_import(name[level:], package, level)
           ^^^^^^^^^^^^^^^^^^^^^^^^^^^^^^^^^^^^^^^^^^^^^^^^^^^^
tests/autogen_op/Unet-carvana-train/test_Unet-carvana-train_aten_add_Tensor.py:8: in <module>
    import ttnn
E   ModuleNotFoundError: No module named 'ttnn'
_ ERROR collecting tests/autogen_op/Unet-carvana-train/test_Unet-carvana-train_aten_cat_default.py _
ImportError while importing test module '/Users/Ajay17/pytorch2.0_ttnn/tests/autogen_op/Unet-carvana-train/test_Unet-carvana-train_aten_cat_default.py'.
Hint: make sure your test modules/packages have valid Python names.
Traceback:
../.pyenv/versions/3.11.10/lib/python3.11/importlib/__init__.py:126: in import_module
    return _bootstrap._gcd_import(name[level:], package, level)
           ^^^^^^^^^^^^^^^^^^^^^^^^^^^^^^^^^^^^^^^^^^^^^^^^^^^^
tests/autogen_op/Unet-carvana-train/test_Unet-carvana-train_aten_cat_default.py:8: in <module>
    import ttnn
E   ModuleNotFoundError: No module named 'ttnn'
_ ERROR collecting tests/autogen_op/Unet-carvana-train/test_Unet-carvana-train_aten_convolution_backward_default.py _
ImportError while importing test module '/Users/Ajay17/pytorch2.0_ttnn/tests/autogen_op/Unet-carvana-train/test_Unet-carvana-train_aten_convolution_backward_default.py'.
Hint: make sure your test modules/packages have valid Python names.
Traceback:
../.pyenv/versions/3.11.10/lib/python3.11/importlib/__init__.py:126: in import_module
    return _bootstrap._gcd_import(name[level:], package, level)
           ^^^^^^^^^^^^^^^^^^^^^^^^^^^^^^^^^^^^^^^^^^^^^^^^^^^^
tests/autogen_op/Unet-carvana-train/test_Unet-carvana-train_aten_convolution_backward_default.py:8: in <module>
    import ttnn
E   ModuleNotFoundError: No module named 'ttnn'
_ ERROR collecting tests/autogen_op/Unet-carvana-train/test_Unet-carvana-train_aten_convolution_default.py _
ImportError while importing test module '/Users/Ajay17/pytorch2.0_ttnn/tests/autogen_op/Unet-carvana-train/test_Unet-carvana-train_aten_convolution_default.py'.
Hint: make sure your test modules/packages have valid Python names.
Traceback:
../.pyenv/versions/3.11.10/lib/python3.11/importlib/__init__.py:126: in import_module
    return _bootstrap._gcd_import(name[level:], package, level)
           ^^^^^^^^^^^^^^^^^^^^^^^^^^^^^^^^^^^^^^^^^^^^^^^^^^^^
tests/autogen_op/Unet-carvana-train/test_Unet-carvana-train_aten_convolution_default.py:8: in <module>
    import ttnn
E   ModuleNotFoundError: No module named 'ttnn'
_ ERROR collecting tests/autogen_op/Unet-carvana-train/test_Unet-carvana-train_aten_detach_default.py _
ImportError while importing test module '/Users/Ajay17/pytorch2.0_ttnn/tests/autogen_op/Unet-carvana-train/test_Unet-carvana-train_aten_detach_default.py'.
Hint: make sure your test modules/packages have valid Python names.
Traceback:
../.pyenv/versions/3.11.10/lib/python3.11/importlib/__init__.py:126: in import_module
    return _bootstrap._gcd_import(name[level:], package, level)
           ^^^^^^^^^^^^^^^^^^^^^^^^^^^^^^^^^^^^^^^^^^^^^^^^^^^^
tests/autogen_op/Unet-carvana-train/test_Unet-carvana-train_aten_detach_default.py:8: in <module>
    import ttnn
E   ModuleNotFoundError: No module named 'ttnn'
_ ERROR collecting tests/autogen_op/Unet-carvana-train/test_Unet-carvana-train_aten_max_pool2d_with_indices_backward_default.py _
ImportError while importing test module '/Users/Ajay17/pytorch2.0_ttnn/tests/autogen_op/Unet-carvana-train/test_Unet-carvana-train_aten_max_pool2d_with_indices_backward_default.py'.
Hint: make sure your test modules/packages have valid Python names.
Traceback:
../.pyenv/versions/3.11.10/lib/python3.11/importlib/__init__.py:126: in import_module
    return _bootstrap._gcd_import(name[level:], package, level)
           ^^^^^^^^^^^^^^^^^^^^^^^^^^^^^^^^^^^^^^^^^^^^^^^^^^^^
tests/autogen_op/Unet-carvana-train/test_Unet-carvana-train_aten_max_pool2d_with_indices_backward_default.py:8: in <module>
    import ttnn
E   ModuleNotFoundError: No module named 'ttnn'
_ ERROR collecting tests/autogen_op/Unet-carvana-train/test_Unet-carvana-train_aten_max_pool2d_with_indices_default.py _
ImportError while importing test module '/Users/Ajay17/pytorch2.0_ttnn/tests/autogen_op/Unet-carvana-train/test_Unet-carvana-train_aten_max_pool2d_with_indices_default.py'.
Hint: make sure your test modules/packages have valid Python names.
Traceback:
../.pyenv/versions/3.11.10/lib/python3.11/importlib/__init__.py:126: in import_module
    return _bootstrap._gcd_import(name[level:], package, level)
           ^^^^^^^^^^^^^^^^^^^^^^^^^^^^^^^^^^^^^^^^^^^^^^^^^^^^
tests/autogen_op/Unet-carvana-train/test_Unet-carvana-train_aten_max_pool2d_with_indices_default.py:8: in <module>
    import ttnn
E   ModuleNotFoundError: No module named 'ttnn'
_ ERROR collecting tests/autogen_op/Unet-carvana-train/test_Unet-carvana-train_aten_native_batch_norm_backward_default.py _
ImportError while importing test module '/Users/Ajay17/pytorch2.0_ttnn/tests/autogen_op/Unet-carvana-train/test_Unet-carvana-train_aten_native_batch_norm_backward_default.py'.
Hint: make sure your test modules/packages have valid Python names.
Traceback:
../.pyenv/versions/3.11.10/lib/python3.11/importlib/__init__.py:126: in import_module
    return _bootstrap._gcd_import(name[level:], package, level)
           ^^^^^^^^^^^^^^^^^^^^^^^^^^^^^^^^^^^^^^^^^^^^^^^^^^^^
tests/autogen_op/Unet-carvana-train/test_Unet-carvana-train_aten_native_batch_norm_backward_default.py:8: in <module>
    import ttnn
E   ModuleNotFoundError: No module named 'ttnn'
_ ERROR collecting tests/autogen_op/Unet-carvana-train/test_Unet-carvana-train_aten_relu_default.py _
ImportError while importing test module '/Users/Ajay17/pytorch2.0_ttnn/tests/autogen_op/Unet-carvana-train/test_Unet-carvana-train_aten_relu_default.py'.
Hint: make sure your test modules/packages have valid Python names.
Traceback:
../.pyenv/versions/3.11.10/lib/python3.11/importlib/__init__.py:126: in import_module
    return _bootstrap._gcd_import(name[level:], package, level)
           ^^^^^^^^^^^^^^^^^^^^^^^^^^^^^^^^^^^^^^^^^^^^^^^^^^^^
tests/autogen_op/Unet-carvana-train/test_Unet-carvana-train_aten_relu_default.py:8: in <module>
    import ttnn
E   ModuleNotFoundError: No module named 'ttnn'
_ ERROR collecting tests/autogen_op/Unet-carvana-train/test_Unet-carvana-train_aten_slice_Tensor.py _
ImportError while importing test module '/Users/Ajay17/pytorch2.0_ttnn/tests/autogen_op/Unet-carvana-train/test_Unet-carvana-train_aten_slice_Tensor.py'.
Hint: make sure your test modules/packages have valid Python names.
Traceback:
../.pyenv/versions/3.11.10/lib/python3.11/importlib/__init__.py:126: in import_module
    return _bootstrap._gcd_import(name[level:], package, level)
           ^^^^^^^^^^^^^^^^^^^^^^^^^^^^^^^^^^^^^^^^^^^^^^^^^^^^
tests/autogen_op/Unet-carvana-train/test_Unet-carvana-train_aten_slice_Tensor.py:8: in <module>
    import ttnn
E   ModuleNotFoundError: No module named 'ttnn'
_ ERROR collecting tests/autogen_op/Unet-carvana-train/test_Unet-carvana-train_aten_threshold_backward_default.py _
ImportError while importing test module '/Users/Ajay17/pytorch2.0_ttnn/tests/autogen_op/Unet-carvana-train/test_Unet-carvana-train_aten_threshold_backward_default.py'.
Hint: make sure your test modules/packages have valid Python names.
Traceback:
../.pyenv/versions/3.11.10/lib/python3.11/importlib/__init__.py:126: in import_module
    return _bootstrap._gcd_import(name[level:], package, level)
           ^^^^^^^^^^^^^^^^^^^^^^^^^^^^^^^^^^^^^^^^^^^^^^^^^^^^
tests/autogen_op/Unet-carvana-train/test_Unet-carvana-train_aten_threshold_backward_default.py:8: in <module>
    import ttnn
E   ModuleNotFoundError: No module named 'ttnn'
__ ERROR collecting tests/autogen_op/ViLT/test_ViLT_aten__to_copy_default.py ___
ImportError while importing test module '/Users/Ajay17/pytorch2.0_ttnn/tests/autogen_op/ViLT/test_ViLT_aten__to_copy_default.py'.
Hint: make sure your test modules/packages have valid Python names.
Traceback:
../.pyenv/versions/3.11.10/lib/python3.11/importlib/__init__.py:126: in import_module
    return _bootstrap._gcd_import(name[level:], package, level)
           ^^^^^^^^^^^^^^^^^^^^^^^^^^^^^^^^^^^^^^^^^^^^^^^^^^^^
tests/autogen_op/ViLT/test_ViLT_aten__to_copy_default.py:8: in <module>
    import ttnn
E   ModuleNotFoundError: No module named 'ttnn'
_ ERROR collecting tests/autogen_op/ViLT/test_ViLT_aten__unsafe_index_Tensor.py _
ImportError while importing test module '/Users/Ajay17/pytorch2.0_ttnn/tests/autogen_op/ViLT/test_ViLT_aten__unsafe_index_Tensor.py'.
Hint: make sure your test modules/packages have valid Python names.
Traceback:
../.pyenv/versions/3.11.10/lib/python3.11/importlib/__init__.py:126: in import_module
    return _bootstrap._gcd_import(name[level:], package, level)
           ^^^^^^^^^^^^^^^^^^^^^^^^^^^^^^^^^^^^^^^^^^^^^^^^^^^^
tests/autogen_op/ViLT/test_ViLT_aten__unsafe_index_Tensor.py:8: in <module>
    import ttnn
E   ModuleNotFoundError: No module named 'ttnn'
_____ ERROR collecting tests/autogen_op/ViLT/test_ViLT_aten_add_Tensor.py ______
ImportError while importing test module '/Users/Ajay17/pytorch2.0_ttnn/tests/autogen_op/ViLT/test_ViLT_aten_add_Tensor.py'.
Hint: make sure your test modules/packages have valid Python names.
Traceback:
../.pyenv/versions/3.11.10/lib/python3.11/importlib/__init__.py:126: in import_module
    return _bootstrap._gcd_import(name[level:], package, level)
           ^^^^^^^^^^^^^^^^^^^^^^^^^^^^^^^^^^^^^^^^^^^^^^^^^^^^
tests/autogen_op/ViLT/test_ViLT_aten_add_Tensor.py:8: in <module>
    import ttnn
E   ModuleNotFoundError: No module named 'ttnn'
_____ ERROR collecting tests/autogen_op/ViLT/test_ViLT_aten_cat_default.py _____
ImportError while importing test module '/Users/Ajay17/pytorch2.0_ttnn/tests/autogen_op/ViLT/test_ViLT_aten_cat_default.py'.
Hint: make sure your test modules/packages have valid Python names.
Traceback:
../.pyenv/versions/3.11.10/lib/python3.11/importlib/__init__.py:126: in import_module
    return _bootstrap._gcd_import(name[level:], package, level)
           ^^^^^^^^^^^^^^^^^^^^^^^^^^^^^^^^^^^^^^^^^^^^^^^^^^^^
tests/autogen_op/ViLT/test_ViLT_aten_cat_default.py:8: in <module>
    import ttnn
E   ModuleNotFoundError: No module named 'ttnn'
____ ERROR collecting tests/autogen_op/ViLT/test_ViLT_aten_clone_default.py ____
ImportError while importing test module '/Users/Ajay17/pytorch2.0_ttnn/tests/autogen_op/ViLT/test_ViLT_aten_clone_default.py'.
Hint: make sure your test modules/packages have valid Python names.
Traceback:
../.pyenv/versions/3.11.10/lib/python3.11/importlib/__init__.py:126: in import_module
    return _bootstrap._gcd_import(name[level:], package, level)
           ^^^^^^^^^^^^^^^^^^^^^^^^^^^^^^^^^^^^^^^^^^^^^^^^^^^^
tests/autogen_op/ViLT/test_ViLT_aten_clone_default.py:8: in <module>
    import ttnn
E   ModuleNotFoundError: No module named 'ttnn'
_ ERROR collecting tests/autogen_op/ViLT/test_ViLT_aten_convolution_default.py _
ImportError while importing test module '/Users/Ajay17/pytorch2.0_ttnn/tests/autogen_op/ViLT/test_ViLT_aten_convolution_default.py'.
Hint: make sure your test modules/packages have valid Python names.
Traceback:
../.pyenv/versions/3.11.10/lib/python3.11/importlib/__init__.py:126: in import_module
    return _bootstrap._gcd_import(name[level:], package, level)
           ^^^^^^^^^^^^^^^^^^^^^^^^^^^^^^^^^^^^^^^^^^^^^^^^^^^^
tests/autogen_op/ViLT/test_ViLT_aten_convolution_default.py:8: in <module>
    import ttnn
E   ModuleNotFoundError: No module named 'ttnn'
__ ERROR collecting tests/autogen_op/ViLT/test_ViLT_aten_embedding_default.py __
ImportError while importing test module '/Users/Ajay17/pytorch2.0_ttnn/tests/autogen_op/ViLT/test_ViLT_aten_embedding_default.py'.
Hint: make sure your test modules/packages have valid Python names.
Traceback:
../.pyenv/versions/3.11.10/lib/python3.11/importlib/__init__.py:126: in import_module
    return _bootstrap._gcd_import(name[level:], package, level)
           ^^^^^^^^^^^^^^^^^^^^^^^^^^^^^^^^^^^^^^^^^^^^^^^^^^^^
tests/autogen_op/ViLT/test_ViLT_aten_embedding_default.py:8: in <module>
    import ttnn
E   ModuleNotFoundError: No module named 'ttnn'
___ ERROR collecting tests/autogen_op/ViLT/test_ViLT_aten_expand_default.py ____
ImportError while importing test module '/Users/Ajay17/pytorch2.0_ttnn/tests/autogen_op/ViLT/test_ViLT_aten_expand_default.py'.
Hint: make sure your test modules/packages have valid Python names.
Traceback:
../.pyenv/versions/3.11.10/lib/python3.11/importlib/__init__.py:126: in import_module
    return _bootstrap._gcd_import(name[level:], package, level)
           ^^^^^^^^^^^^^^^^^^^^^^^^^^^^^^^^^^^^^^^^^^^^^^^^^^^^
tests/autogen_op/ViLT/test_ViLT_aten_expand_default.py:8: in <module>
    import ttnn
E   ModuleNotFoundError: No module named 'ttnn'
_ ERROR collecting tests/autogen_op/ViLT/test_ViLT_aten_native_layer_norm_default.py _
ImportError while importing test module '/Users/Ajay17/pytorch2.0_ttnn/tests/autogen_op/ViLT/test_ViLT_aten_native_layer_norm_default.py'.
Hint: make sure your test modules/packages have valid Python names.
Traceback:
../.pyenv/versions/3.11.10/lib/python3.11/importlib/__init__.py:126: in import_module
    return _bootstrap._gcd_import(name[level:], package, level)
           ^^^^^^^^^^^^^^^^^^^^^^^^^^^^^^^^^^^^^^^^^^^^^^^^^^^^
tests/autogen_op/ViLT/test_ViLT_aten_native_layer_norm_default.py:8: in <module>
    import ttnn
E   ModuleNotFoundError: No module named 'ttnn'
_____ ERROR collecting tests/autogen_op/ViLT/test_ViLT_aten_select_int.py ______
ImportError while importing test module '/Users/Ajay17/pytorch2.0_ttnn/tests/autogen_op/ViLT/test_ViLT_aten_select_int.py'.
Hint: make sure your test modules/packages have valid Python names.
Traceback:
../.pyenv/versions/3.11.10/lib/python3.11/importlib/__init__.py:126: in import_module
    return _bootstrap._gcd_import(name[level:], package, level)
           ^^^^^^^^^^^^^^^^^^^^^^^^^^^^^^^^^^^^^^^^^^^^^^^^^^^^
tests/autogen_op/ViLT/test_ViLT_aten_select_int.py:8: in <module>
    import ttnn
E   ModuleNotFoundError: No module named 'ttnn'
____ ERROR collecting tests/autogen_op/ViLT/test_ViLT_aten_slice_Tensor.py _____
ImportError while importing test module '/Users/Ajay17/pytorch2.0_ttnn/tests/autogen_op/ViLT/test_ViLT_aten_slice_Tensor.py'.
Hint: make sure your test modules/packages have valid Python names.
Traceback:
../.pyenv/versions/3.11.10/lib/python3.11/importlib/__init__.py:126: in import_module
    return _bootstrap._gcd_import(name[level:], package, level)
           ^^^^^^^^^^^^^^^^^^^^^^^^^^^^^^^^^^^^^^^^^^^^^^^^^^^^
tests/autogen_op/ViLT/test_ViLT_aten_slice_Tensor.py:8: in <module>
    import ttnn
E   ModuleNotFoundError: No module named 'ttnn'
____ ERROR collecting tests/autogen_op/ViLT/test_ViLT_aten_stack_default.py ____
ImportError while importing test module '/Users/Ajay17/pytorch2.0_ttnn/tests/autogen_op/ViLT/test_ViLT_aten_stack_default.py'.
Hint: make sure your test modules/packages have valid Python names.
Traceback:
../.pyenv/versions/3.11.10/lib/python3.11/importlib/__init__.py:126: in import_module
    return _bootstrap._gcd_import(name[level:], package, level)
           ^^^^^^^^^^^^^^^^^^^^^^^^^^^^^^^^^^^^^^^^^^^^^^^^^^^^
tests/autogen_op/ViLT/test_ViLT_aten_stack_default.py:8: in <module>
    import ttnn
E   ModuleNotFoundError: No module named 'ttnn'
___ ERROR collecting tests/autogen_op/ViLT/test_ViLT_aten_sum_dim_IntList.py ___
ImportError while importing test module '/Users/Ajay17/pytorch2.0_ttnn/tests/autogen_op/ViLT/test_ViLT_aten_sum_dim_IntList.py'.
Hint: make sure your test modules/packages have valid Python names.
Traceback:
../.pyenv/versions/3.11.10/lib/python3.11/importlib/__init__.py:126: in import_module
    return _bootstrap._gcd_import(name[level:], package, level)
           ^^^^^^^^^^^^^^^^^^^^^^^^^^^^^^^^^^^^^^^^^^^^^^^^^^^^
tests/autogen_op/ViLT/test_ViLT_aten_sum_dim_IntList.py:8: in <module>
    import ttnn
E   ModuleNotFoundError: No module named 'ttnn'
____ ERROR collecting tests/autogen_op/ViLT/test_ViLT_aten_transpose_int.py ____
ImportError while importing test module '/Users/Ajay17/pytorch2.0_ttnn/tests/autogen_op/ViLT/test_ViLT_aten_transpose_int.py'.
Hint: make sure your test modules/packages have valid Python names.
Traceback:
../.pyenv/versions/3.11.10/lib/python3.11/importlib/__init__.py:126: in import_module
    return _bootstrap._gcd_import(name[level:], package, level)
           ^^^^^^^^^^^^^^^^^^^^^^^^^^^^^^^^^^^^^^^^^^^^^^^^^^^^
tests/autogen_op/ViLT/test_ViLT_aten_transpose_int.py:8: in <module>
    import ttnn
E   ModuleNotFoundError: No module named 'ttnn'
__ ERROR collecting tests/autogen_op/ViLT/test_ViLT_aten_unsqueeze_default.py __
ImportError while importing test module '/Users/Ajay17/pytorch2.0_ttnn/tests/autogen_op/ViLT/test_ViLT_aten_unsqueeze_default.py'.
Hint: make sure your test modules/packages have valid Python names.
Traceback:
../.pyenv/versions/3.11.10/lib/python3.11/importlib/__init__.py:126: in import_module
    return _bootstrap._gcd_import(name[level:], package, level)
           ^^^^^^^^^^^^^^^^^^^^^^^^^^^^^^^^^^^^^^^^^^^^^^^^^^^^
tests/autogen_op/ViLT/test_ViLT_aten_unsqueeze_default.py:8: in <module>
    import ttnn
E   ModuleNotFoundError: No module named 'ttnn'
____ ERROR collecting tests/autogen_op/ViLT/test_ViLT_aten_view_default.py _____
ImportError while importing test module '/Users/Ajay17/pytorch2.0_ttnn/tests/autogen_op/ViLT/test_ViLT_aten_view_default.py'.
Hint: make sure your test modules/packages have valid Python names.
Traceback:
../.pyenv/versions/3.11.10/lib/python3.11/importlib/__init__.py:126: in import_module
    return _bootstrap._gcd_import(name[level:], package, level)
           ^^^^^^^^^^^^^^^^^^^^^^^^^^^^^^^^^^^^^^^^^^^^^^^^^^^^
tests/autogen_op/ViLT/test_ViLT_aten_view_default.py:8: in <module>
    import ttnn
E   ModuleNotFoundError: No module named 'ttnn'
_ ERROR collecting tests/autogen_op/Whisper/test_Whisper_aten__scaled_dot_product_flash_attention_default.py _
ImportError while importing test module '/Users/Ajay17/pytorch2.0_ttnn/tests/autogen_op/Whisper/test_Whisper_aten__scaled_dot_product_flash_attention_default.py'.
Hint: make sure your test modules/packages have valid Python names.
Traceback:
../.pyenv/versions/3.11.10/lib/python3.11/importlib/__init__.py:126: in import_module
    return _bootstrap._gcd_import(name[level:], package, level)
           ^^^^^^^^^^^^^^^^^^^^^^^^^^^^^^^^^^^^^^^^^^^^^^^^^^^^
tests/autogen_op/Whisper/test_Whisper_aten__scaled_dot_product_flash_attention_default.py:8: in <module>
    import ttnn
E   ModuleNotFoundError: No module named 'ttnn'
__ ERROR collecting tests/autogen_op/Whisper/test_Whisper_aten_add_Tensor.py ___
ImportError while importing test module '/Users/Ajay17/pytorch2.0_ttnn/tests/autogen_op/Whisper/test_Whisper_aten_add_Tensor.py'.
Hint: make sure your test modules/packages have valid Python names.
Traceback:
../.pyenv/versions/3.11.10/lib/python3.11/importlib/__init__.py:126: in import_module
    return _bootstrap._gcd_import(name[level:], package, level)
           ^^^^^^^^^^^^^^^^^^^^^^^^^^^^^^^^^^^^^^^^^^^^^^^^^^^^
tests/autogen_op/Whisper/test_Whisper_aten_add_Tensor.py:8: in <module>
    import ttnn
E   ModuleNotFoundError: No module named 'ttnn'
_ ERROR collecting tests/autogen_op/Whisper/test_Whisper_aten_addmm_default.py _
ImportError while importing test module '/Users/Ajay17/pytorch2.0_ttnn/tests/autogen_op/Whisper/test_Whisper_aten_addmm_default.py'.
Hint: make sure your test modules/packages have valid Python names.
Traceback:
../.pyenv/versions/3.11.10/lib/python3.11/importlib/__init__.py:126: in import_module
    return _bootstrap._gcd_import(name[level:], package, level)
           ^^^^^^^^^^^^^^^^^^^^^^^^^^^^^^^^^^^^^^^^^^^^^^^^^^^^
tests/autogen_op/Whisper/test_Whisper_aten_addmm_default.py:8: in <module>
    import ttnn
E   ModuleNotFoundError: No module named 'ttnn'
_ ERROR collecting tests/autogen_op/Whisper/test_Whisper_aten_argmax_default.py _
ImportError while importing test module '/Users/Ajay17/pytorch2.0_ttnn/tests/autogen_op/Whisper/test_Whisper_aten_argmax_default.py'.
Hint: make sure your test modules/packages have valid Python names.
Traceback:
../.pyenv/versions/3.11.10/lib/python3.11/importlib/__init__.py:126: in import_module
    return _bootstrap._gcd_import(name[level:], package, level)
           ^^^^^^^^^^^^^^^^^^^^^^^^^^^^^^^^^^^^^^^^^^^^^^^^^^^^
tests/autogen_op/Whisper/test_Whisper_aten_argmax_default.py:8: in <module>
    import ttnn
E   ModuleNotFoundError: No module named 'ttnn'
__ ERROR collecting tests/autogen_op/Whisper/test_Whisper_aten_cat_default.py __
ImportError while importing test module '/Users/Ajay17/pytorch2.0_ttnn/tests/autogen_op/Whisper/test_Whisper_aten_cat_default.py'.
Hint: make sure your test modules/packages have valid Python names.
Traceback:
../.pyenv/versions/3.11.10/lib/python3.11/importlib/__init__.py:126: in import_module
    return _bootstrap._gcd_import(name[level:], package, level)
           ^^^^^^^^^^^^^^^^^^^^^^^^^^^^^^^^^^^^^^^^^^^^^^^^^^^^
tests/autogen_op/Whisper/test_Whisper_aten_cat_default.py:8: in <module>
    import ttnn
E   ModuleNotFoundError: No module named 'ttnn'
_ ERROR collecting tests/autogen_op/Whisper/test_Whisper_aten_clone_default.py _
ImportError while importing test module '/Users/Ajay17/pytorch2.0_ttnn/tests/autogen_op/Whisper/test_Whisper_aten_clone_default.py'.
Hint: make sure your test modules/packages have valid Python names.
Traceback:
../.pyenv/versions/3.11.10/lib/python3.11/importlib/__init__.py:126: in import_module
    return _bootstrap._gcd_import(name[level:], package, level)
           ^^^^^^^^^^^^^^^^^^^^^^^^^^^^^^^^^^^^^^^^^^^^^^^^^^^^
tests/autogen_op/Whisper/test_Whisper_aten_clone_default.py:8: in <module>
    import ttnn
E   ModuleNotFoundError: No module named 'ttnn'
_ ERROR collecting tests/autogen_op/Whisper/test_Whisper_aten_convolution_default.py _
ImportError while importing test module '/Users/Ajay17/pytorch2.0_ttnn/tests/autogen_op/Whisper/test_Whisper_aten_convolution_default.py'.
Hint: make sure your test modules/packages have valid Python names.
Traceback:
../.pyenv/versions/3.11.10/lib/python3.11/importlib/__init__.py:126: in import_module
    return _bootstrap._gcd_import(name[level:], package, level)
           ^^^^^^^^^^^^^^^^^^^^^^^^^^^^^^^^^^^^^^^^^^^^^^^^^^^^
tests/autogen_op/Whisper/test_Whisper_aten_convolution_default.py:8: in <module>
    import ttnn
E   ModuleNotFoundError: No module named 'ttnn'
_ ERROR collecting tests/autogen_op/Whisper/test_Whisper_aten_embedding_default.py _
ImportError while importing test module '/Users/Ajay17/pytorch2.0_ttnn/tests/autogen_op/Whisper/test_Whisper_aten_embedding_default.py'.
Hint: make sure your test modules/packages have valid Python names.
Traceback:
../.pyenv/versions/3.11.10/lib/python3.11/importlib/__init__.py:126: in import_module
    return _bootstrap._gcd_import(name[level:], package, level)
           ^^^^^^^^^^^^^^^^^^^^^^^^^^^^^^^^^^^^^^^^^^^^^^^^^^^^
tests/autogen_op/Whisper/test_Whisper_aten_embedding_default.py:8: in <module>
    import ttnn
E   ModuleNotFoundError: No module named 'ttnn'
_ ERROR collecting tests/autogen_op/Whisper/test_Whisper_aten_gelu_default.py __
ImportError while importing test module '/Users/Ajay17/pytorch2.0_ttnn/tests/autogen_op/Whisper/test_Whisper_aten_gelu_default.py'.
Hint: make sure your test modules/packages have valid Python names.
Traceback:
../.pyenv/versions/3.11.10/lib/python3.11/importlib/__init__.py:126: in import_module
    return _bootstrap._gcd_import(name[level:], package, level)
           ^^^^^^^^^^^^^^^^^^^^^^^^^^^^^^^^^^^^^^^^^^^^^^^^^^^^
tests/autogen_op/Whisper/test_Whisper_aten_gelu_default.py:8: in <module>
    import ttnn
E   ModuleNotFoundError: No module named 'ttnn'
__ ERROR collecting tests/autogen_op/Whisper/test_Whisper_aten_mm_default.py ___
ImportError while importing test module '/Users/Ajay17/pytorch2.0_ttnn/tests/autogen_op/Whisper/test_Whisper_aten_mm_default.py'.
Hint: make sure your test modules/packages have valid Python names.
Traceback:
../.pyenv/versions/3.11.10/lib/python3.11/importlib/__init__.py:126: in import_module
    return _bootstrap._gcd_import(name[level:], package, level)
           ^^^^^^^^^^^^^^^^^^^^^^^^^^^^^^^^^^^^^^^^^^^^^^^^^^^^
tests/autogen_op/Whisper/test_Whisper_aten_mm_default.py:8: in <module>
    import ttnn
E   ModuleNotFoundError: No module named 'ttnn'
_ ERROR collecting tests/autogen_op/Whisper/test_Whisper_aten_native_layer_norm_default.py _
ImportError while importing test module '/Users/Ajay17/pytorch2.0_ttnn/tests/autogen_op/Whisper/test_Whisper_aten_native_layer_norm_default.py'.
Hint: make sure your test modules/packages have valid Python names.
Traceback:
../.pyenv/versions/3.11.10/lib/python3.11/importlib/__init__.py:126: in import_module
    return _bootstrap._gcd_import(name[level:], package, level)
           ^^^^^^^^^^^^^^^^^^^^^^^^^^^^^^^^^^^^^^^^^^^^^^^^^^^^
tests/autogen_op/Whisper/test_Whisper_aten_native_layer_norm_default.py:8: in <module>
    import ttnn
E   ModuleNotFoundError: No module named 'ttnn'
_ ERROR collecting tests/autogen_op/Whisper/test_Whisper_aten_permute_default.py _
ImportError while importing test module '/Users/Ajay17/pytorch2.0_ttnn/tests/autogen_op/Whisper/test_Whisper_aten_permute_default.py'.
Hint: make sure your test modules/packages have valid Python names.
Traceback:
../.pyenv/versions/3.11.10/lib/python3.11/importlib/__init__.py:126: in import_module
    return _bootstrap._gcd_import(name[level:], package, level)
           ^^^^^^^^^^^^^^^^^^^^^^^^^^^^^^^^^^^^^^^^^^^^^^^^^^^^
tests/autogen_op/Whisper/test_Whisper_aten_permute_default.py:8: in <module>
    import ttnn
E   ModuleNotFoundError: No module named 'ttnn'
__ ERROR collecting tests/autogen_op/Whisper/test_Whisper_aten_select_int.py ___
ImportError while importing test module '/Users/Ajay17/pytorch2.0_ttnn/tests/autogen_op/Whisper/test_Whisper_aten_select_int.py'.
Hint: make sure your test modules/packages have valid Python names.
Traceback:
../.pyenv/versions/3.11.10/lib/python3.11/importlib/__init__.py:126: in import_module
    return _bootstrap._gcd_import(name[level:], package, level)
           ^^^^^^^^^^^^^^^^^^^^^^^^^^^^^^^^^^^^^^^^^^^^^^^^^^^^
tests/autogen_op/Whisper/test_Whisper_aten_select_int.py:8: in <module>
    import ttnn
E   ModuleNotFoundError: No module named 'ttnn'
_ ERROR collecting tests/autogen_op/Whisper/test_Whisper_aten_slice_Tensor.py __
ImportError while importing test module '/Users/Ajay17/pytorch2.0_ttnn/tests/autogen_op/Whisper/test_Whisper_aten_slice_Tensor.py'.
Hint: make sure your test modules/packages have valid Python names.
Traceback:
../.pyenv/versions/3.11.10/lib/python3.11/importlib/__init__.py:126: in import_module
    return _bootstrap._gcd_import(name[level:], package, level)
           ^^^^^^^^^^^^^^^^^^^^^^^^^^^^^^^^^^^^^^^^^^^^^^^^^^^^
tests/autogen_op/Whisper/test_Whisper_aten_slice_Tensor.py:8: in <module>
    import ttnn
E   ModuleNotFoundError: No module named 'ttnn'
___ ERROR collecting tests/autogen_op/Whisper/test_Whisper_aten_t_default.py ___
ImportError while importing test module '/Users/Ajay17/pytorch2.0_ttnn/tests/autogen_op/Whisper/test_Whisper_aten_t_default.py'.
Hint: make sure your test modules/packages have valid Python names.
Traceback:
../.pyenv/versions/3.11.10/lib/python3.11/importlib/__init__.py:126: in import_module
    return _bootstrap._gcd_import(name[level:], package, level)
           ^^^^^^^^^^^^^^^^^^^^^^^^^^^^^^^^^^^^^^^^^^^^^^^^^^^^
tests/autogen_op/Whisper/test_Whisper_aten_t_default.py:8: in <module>
    import ttnn
E   ModuleNotFoundError: No module named 'ttnn'
_ ERROR collecting tests/autogen_op/Whisper/test_Whisper_aten_transpose_int.py _
ImportError while importing test module '/Users/Ajay17/pytorch2.0_ttnn/tests/autogen_op/Whisper/test_Whisper_aten_transpose_int.py'.
Hint: make sure your test modules/packages have valid Python names.
Traceback:
../.pyenv/versions/3.11.10/lib/python3.11/importlib/__init__.py:126: in import_module
    return _bootstrap._gcd_import(name[level:], package, level)
           ^^^^^^^^^^^^^^^^^^^^^^^^^^^^^^^^^^^^^^^^^^^^^^^^^^^^
tests/autogen_op/Whisper/test_Whisper_aten_transpose_int.py:8: in <module>
    import ttnn
E   ModuleNotFoundError: No module named 'ttnn'
_ ERROR collecting tests/autogen_op/Whisper/test_Whisper_aten_view_default.py __
ImportError while importing test module '/Users/Ajay17/pytorch2.0_ttnn/tests/autogen_op/Whisper/test_Whisper_aten_view_default.py'.
Hint: make sure your test modules/packages have valid Python names.
Traceback:
../.pyenv/versions/3.11.10/lib/python3.11/importlib/__init__.py:126: in import_module
    return _bootstrap._gcd_import(name[level:], package, level)
           ^^^^^^^^^^^^^^^^^^^^^^^^^^^^^^^^^^^^^^^^^^^^^^^^^^^^
tests/autogen_op/Whisper/test_Whisper_aten_view_default.py:8: in <module>
    import ttnn
E   ModuleNotFoundError: No module named 'ttnn'
_ ERROR collecting tests/autogen_op/XGLM/test_XGLM_aten__log_softmax_default.py _
ImportError while importing test module '/Users/Ajay17/pytorch2.0_ttnn/tests/autogen_op/XGLM/test_XGLM_aten__log_softmax_default.py'.
Hint: make sure your test modules/packages have valid Python names.
Traceback:
../.pyenv/versions/3.11.10/lib/python3.11/importlib/__init__.py:126: in import_module
    return _bootstrap._gcd_import(name[level:], package, level)
           ^^^^^^^^^^^^^^^^^^^^^^^^^^^^^^^^^^^^^^^^^^^^^^^^^^^^
tests/autogen_op/XGLM/test_XGLM_aten__log_softmax_default.py:8: in <module>
    import ttnn
E   ModuleNotFoundError: No module named 'ttnn'
__ ERROR collecting tests/autogen_op/XGLM/test_XGLM_aten__softmax_default.py ___
ImportError while importing test module '/Users/Ajay17/pytorch2.0_ttnn/tests/autogen_op/XGLM/test_XGLM_aten__softmax_default.py'.
Hint: make sure your test modules/packages have valid Python names.
Traceback:
../.pyenv/versions/3.11.10/lib/python3.11/importlib/__init__.py:126: in import_module
    return _bootstrap._gcd_import(name[level:], package, level)
           ^^^^^^^^^^^^^^^^^^^^^^^^^^^^^^^^^^^^^^^^^^^^^^^^^^^^
tests/autogen_op/XGLM/test_XGLM_aten__softmax_default.py:8: in <module>
    import ttnn
E   ModuleNotFoundError: No module named 'ttnn'
__ ERROR collecting tests/autogen_op/XGLM/test_XGLM_aten__to_copy_default.py ___
ImportError while importing test module '/Users/Ajay17/pytorch2.0_ttnn/tests/autogen_op/XGLM/test_XGLM_aten__to_copy_default.py'.
Hint: make sure your test modules/packages have valid Python names.
Traceback:
../.pyenv/versions/3.11.10/lib/python3.11/importlib/__init__.py:126: in import_module
    return _bootstrap._gcd_import(name[level:], package, level)
           ^^^^^^^^^^^^^^^^^^^^^^^^^^^^^^^^^^^^^^^^^^^^^^^^^^^^
tests/autogen_op/XGLM/test_XGLM_aten__to_copy_default.py:8: in <module>
    import ttnn
E   ModuleNotFoundError: No module named 'ttnn'
_ ERROR collecting tests/autogen_op/XGLM/test_XGLM_aten__unsafe_view_default.py _
ImportError while importing test module '/Users/Ajay17/pytorch2.0_ttnn/tests/autogen_op/XGLM/test_XGLM_aten__unsafe_view_default.py'.
Hint: make sure your test modules/packages have valid Python names.
Traceback:
../.pyenv/versions/3.11.10/lib/python3.11/importlib/__init__.py:126: in import_module
    return _bootstrap._gcd_import(name[level:], package, level)
           ^^^^^^^^^^^^^^^^^^^^^^^^^^^^^^^^^^^^^^^^^^^^^^^^^^^^
tests/autogen_op/XGLM/test_XGLM_aten__unsafe_view_default.py:8: in <module>
    import ttnn
E   ModuleNotFoundError: No module named 'ttnn'
_____ ERROR collecting tests/autogen_op/XGLM/test_XGLM_aten_add_Tensor.py ______
ImportError while importing test module '/Users/Ajay17/pytorch2.0_ttnn/tests/autogen_op/XGLM/test_XGLM_aten_add_Tensor.py'.
Hint: make sure your test modules/packages have valid Python names.
Traceback:
../.pyenv/versions/3.11.10/lib/python3.11/importlib/__init__.py:126: in import_module
    return _bootstrap._gcd_import(name[level:], package, level)
           ^^^^^^^^^^^^^^^^^^^^^^^^^^^^^^^^^^^^^^^^^^^^^^^^^^^^
tests/autogen_op/XGLM/test_XGLM_aten_add_Tensor.py:8: in <module>
    import ttnn
E   ModuleNotFoundError: No module named 'ttnn'
____ ERROR collecting tests/autogen_op/XGLM/test_XGLM_aten_addmm_default.py ____
ImportError while importing test module '/Users/Ajay17/pytorch2.0_ttnn/tests/autogen_op/XGLM/test_XGLM_aten_addmm_default.py'.
Hint: make sure your test modules/packages have valid Python names.
Traceback:
../.pyenv/versions/3.11.10/lib/python3.11/importlib/__init__.py:126: in import_module
    return _bootstrap._gcd_import(name[level:], package, level)
           ^^^^^^^^^^^^^^^^^^^^^^^^^^^^^^^^^^^^^^^^^^^^^^^^^^^^
tests/autogen_op/XGLM/test_XGLM_aten_addmm_default.py:8: in <module>
    import ttnn
E   ModuleNotFoundError: No module named 'ttnn'
_____ ERROR collecting tests/autogen_op/XGLM/test_XGLM_aten_bmm_default.py _____
ImportError while importing test module '/Users/Ajay17/pytorch2.0_ttnn/tests/autogen_op/XGLM/test_XGLM_aten_bmm_default.py'.
Hint: make sure your test modules/packages have valid Python names.
Traceback:
../.pyenv/versions/3.11.10/lib/python3.11/importlib/__init__.py:126: in import_module
    return _bootstrap._gcd_import(name[level:], package, level)
           ^^^^^^^^^^^^^^^^^^^^^^^^^^^^^^^^^^^^^^^^^^^^^^^^^^^^
tests/autogen_op/XGLM/test_XGLM_aten_bmm_default.py:8: in <module>
    import ttnn
E   ModuleNotFoundError: No module named 'ttnn'
____ ERROR collecting tests/autogen_op/XGLM/test_XGLM_aten_clone_default.py ____
ImportError while importing test module '/Users/Ajay17/pytorch2.0_ttnn/tests/autogen_op/XGLM/test_XGLM_aten_clone_default.py'.
Hint: make sure your test modules/packages have valid Python names.
Traceback:
../.pyenv/versions/3.11.10/lib/python3.11/importlib/__init__.py:126: in import_module
    return _bootstrap._gcd_import(name[level:], package, level)
           ^^^^^^^^^^^^^^^^^^^^^^^^^^^^^^^^^^^^^^^^^^^^^^^^^^^^
tests/autogen_op/XGLM/test_XGLM_aten_clone_default.py:8: in <module>
    import ttnn
E   ModuleNotFoundError: No module named 'ttnn'
___ ERROR collecting tests/autogen_op/XGLM/test_XGLM_aten_detach_default.py ____
ImportError while importing test module '/Users/Ajay17/pytorch2.0_ttnn/tests/autogen_op/XGLM/test_XGLM_aten_detach_default.py'.
Hint: make sure your test modules/packages have valid Python names.
Traceback:
../.pyenv/versions/3.11.10/lib/python3.11/importlib/__init__.py:126: in import_module
    return _bootstrap._gcd_import(name[level:], package, level)
           ^^^^^^^^^^^^^^^^^^^^^^^^^^^^^^^^^^^^^^^^^^^^^^^^^^^^
tests/autogen_op/XGLM/test_XGLM_aten_detach_default.py:8: in <module>
    import ttnn
E   ModuleNotFoundError: No module named 'ttnn'
__ ERROR collecting tests/autogen_op/XGLM/test_XGLM_aten_embedding_default.py __
ImportError while importing test module '/Users/Ajay17/pytorch2.0_ttnn/tests/autogen_op/XGLM/test_XGLM_aten_embedding_default.py'.
Hint: make sure your test modules/packages have valid Python names.
Traceback:
../.pyenv/versions/3.11.10/lib/python3.11/importlib/__init__.py:126: in import_module
    return _bootstrap._gcd_import(name[level:], package, level)
           ^^^^^^^^^^^^^^^^^^^^^^^^^^^^^^^^^^^^^^^^^^^^^^^^^^^^
tests/autogen_op/XGLM/test_XGLM_aten_embedding_default.py:8: in <module>
    import ttnn
E   ModuleNotFoundError: No module named 'ttnn'
___ ERROR collecting tests/autogen_op/XGLM/test_XGLM_aten_expand_default.py ____
ImportError while importing test module '/Users/Ajay17/pytorch2.0_ttnn/tests/autogen_op/XGLM/test_XGLM_aten_expand_default.py'.
Hint: make sure your test modules/packages have valid Python names.
Traceback:
../.pyenv/versions/3.11.10/lib/python3.11/importlib/__init__.py:126: in import_module
    return _bootstrap._gcd_import(name[level:], package, level)
           ^^^^^^^^^^^^^^^^^^^^^^^^^^^^^^^^^^^^^^^^^^^^^^^^^^^^
tests/autogen_op/XGLM/test_XGLM_aten_expand_default.py:8: in <module>
    import ttnn
E   ModuleNotFoundError: No module named 'ttnn'
____ ERROR collecting tests/autogen_op/XGLM/test_XGLM_aten_full_default.py _____
ImportError while importing test module '/Users/Ajay17/pytorch2.0_ttnn/tests/autogen_op/XGLM/test_XGLM_aten_full_default.py'.
Hint: make sure your test modules/packages have valid Python names.
Traceback:
../.pyenv/versions/3.11.10/lib/python3.11/importlib/__init__.py:126: in import_module
    return _bootstrap._gcd_import(name[level:], package, level)
           ^^^^^^^^^^^^^^^^^^^^^^^^^^^^^^^^^^^^^^^^^^^^^^^^^^^^
tests/autogen_op/XGLM/test_XGLM_aten_full_default.py:8: in <module>
    import ttnn
E   ModuleNotFoundError: No module named 'ttnn'
____ ERROR collecting tests/autogen_op/XGLM/test_XGLM_aten_gelu_default.py _____
ImportError while importing test module '/Users/Ajay17/pytorch2.0_ttnn/tests/autogen_op/XGLM/test_XGLM_aten_gelu_default.py'.
Hint: make sure your test modules/packages have valid Python names.
Traceback:
../.pyenv/versions/3.11.10/lib/python3.11/importlib/__init__.py:126: in import_module
    return _bootstrap._gcd_import(name[level:], package, level)
           ^^^^^^^^^^^^^^^^^^^^^^^^^^^^^^^^^^^^^^^^^^^^^^^^^^^^
tests/autogen_op/XGLM/test_XGLM_aten_gelu_default.py:8: in <module>
    import ttnn
E   ModuleNotFoundError: No module named 'ttnn'
_ ERROR collecting tests/autogen_op/XGLM/test_XGLM_aten_index_select_default.py _
ImportError while importing test module '/Users/Ajay17/pytorch2.0_ttnn/tests/autogen_op/XGLM/test_XGLM_aten_index_select_default.py'.
Hint: make sure your test modules/packages have valid Python names.
Traceback:
../.pyenv/versions/3.11.10/lib/python3.11/importlib/__init__.py:126: in import_module
    return _bootstrap._gcd_import(name[level:], package, level)
           ^^^^^^^^^^^^^^^^^^^^^^^^^^^^^^^^^^^^^^^^^^^^^^^^^^^^
tests/autogen_op/XGLM/test_XGLM_aten_index_select_default.py:8: in <module>
    import ttnn
E   ModuleNotFoundError: No module named 'ttnn'
_ ERROR collecting tests/autogen_op/XGLM/test_XGLM_aten_masked_fill_Scalar.py __
ImportError while importing test module '/Users/Ajay17/pytorch2.0_ttnn/tests/autogen_op/XGLM/test_XGLM_aten_masked_fill_Scalar.py'.
Hint: make sure your test modules/packages have valid Python names.
Traceback:
../.pyenv/versions/3.11.10/lib/python3.11/importlib/__init__.py:126: in import_module
    return _bootstrap._gcd_import(name[level:], package, level)
           ^^^^^^^^^^^^^^^^^^^^^^^^^^^^^^^^^^^^^^^^^^^^^^^^^^^^
tests/autogen_op/XGLM/test_XGLM_aten_masked_fill_Scalar.py:8: in <module>
    import ttnn
E   ModuleNotFoundError: No module named 'ttnn'
___ ERROR collecting tests/autogen_op/XGLM/test_XGLM_aten_maximum_default.py ___
ImportError while importing test module '/Users/Ajay17/pytorch2.0_ttnn/tests/autogen_op/XGLM/test_XGLM_aten_maximum_default.py'.
Hint: make sure your test modules/packages have valid Python names.
Traceback:
../.pyenv/versions/3.11.10/lib/python3.11/importlib/__init__.py:126: in import_module
    return _bootstrap._gcd_import(name[level:], package, level)
           ^^^^^^^^^^^^^^^^^^^^^^^^^^^^^^^^^^^^^^^^^^^^^^^^^^^^
tests/autogen_op/XGLM/test_XGLM_aten_maximum_default.py:8: in <module>
    import ttnn
E   ModuleNotFoundError: No module named 'ttnn'
_____ ERROR collecting tests/autogen_op/XGLM/test_XGLM_aten_mm_default.py ______
ImportError while importing test module '/Users/Ajay17/pytorch2.0_ttnn/tests/autogen_op/XGLM/test_XGLM_aten_mm_default.py'.
Hint: make sure your test modules/packages have valid Python names.
Traceback:
../.pyenv/versions/3.11.10/lib/python3.11/importlib/__init__.py:126: in import_module
    return _bootstrap._gcd_import(name[level:], package, level)
           ^^^^^^^^^^^^^^^^^^^^^^^^^^^^^^^^^^^^^^^^^^^^^^^^^^^^
tests/autogen_op/XGLM/test_XGLM_aten_mm_default.py:8: in <module>
    import ttnn
E   ModuleNotFoundError: No module named 'ttnn'
_____ ERROR collecting tests/autogen_op/XGLM/test_XGLM_aten_mul_Tensor.py ______
ImportError while importing test module '/Users/Ajay17/pytorch2.0_ttnn/tests/autogen_op/XGLM/test_XGLM_aten_mul_Tensor.py'.
Hint: make sure your test modules/packages have valid Python names.
Traceback:
../.pyenv/versions/3.11.10/lib/python3.11/importlib/__init__.py:126: in import_module
    return _bootstrap._gcd_import(name[level:], package, level)
           ^^^^^^^^^^^^^^^^^^^^^^^^^^^^^^^^^^^^^^^^^^^^^^^^^^^^
tests/autogen_op/XGLM/test_XGLM_aten_mul_Tensor.py:8: in <module>
    import ttnn
E   ModuleNotFoundError: No module named 'ttnn'
_ ERROR collecting tests/autogen_op/XGLM/test_XGLM_aten_native_layer_norm_default.py _
ImportError while importing test module '/Users/Ajay17/pytorch2.0_ttnn/tests/autogen_op/XGLM/test_XGLM_aten_native_layer_norm_default.py'.
Hint: make sure your test modules/packages have valid Python names.
Traceback:
../.pyenv/versions/3.11.10/lib/python3.11/importlib/__init__.py:126: in import_module
    return _bootstrap._gcd_import(name[level:], package, level)
           ^^^^^^^^^^^^^^^^^^^^^^^^^^^^^^^^^^^^^^^^^^^^^^^^^^^^
tests/autogen_op/XGLM/test_XGLM_aten_native_layer_norm_default.py:8: in <module>
    import ttnn
E   ModuleNotFoundError: No module named 'ttnn'
__ ERROR collecting tests/autogen_op/XGLM/test_XGLM_aten_new_zeros_default.py __
ImportError while importing test module '/Users/Ajay17/pytorch2.0_ttnn/tests/autogen_op/XGLM/test_XGLM_aten_new_zeros_default.py'.
Hint: make sure your test modules/packages have valid Python names.
Traceback:
../.pyenv/versions/3.11.10/lib/python3.11/importlib/__init__.py:126: in import_module
    return _bootstrap._gcd_import(name[level:], package, level)
           ^^^^^^^^^^^^^^^^^^^^^^^^^^^^^^^^^^^^^^^^^^^^^^^^^^^^
tests/autogen_op/XGLM/test_XGLM_aten_new_zeros_default.py:8: in <module>
    import ttnn
E   ModuleNotFoundError: No module named 'ttnn'
_ ERROR collecting tests/autogen_op/XGLM/test_XGLM_aten_nll_loss_forward_default.py _
ImportError while importing test module '/Users/Ajay17/pytorch2.0_ttnn/tests/autogen_op/XGLM/test_XGLM_aten_nll_loss_forward_default.py'.
Hint: make sure your test modules/packages have valid Python names.
Traceback:
../.pyenv/versions/3.11.10/lib/python3.11/importlib/__init__.py:126: in import_module
    return _bootstrap._gcd_import(name[level:], package, level)
           ^^^^^^^^^^^^^^^^^^^^^^^^^^^^^^^^^^^^^^^^^^^^^^^^^^^^
tests/autogen_op/XGLM/test_XGLM_aten_nll_loss_forward_default.py:8: in <module>
    import ttnn
E   ModuleNotFoundError: No module named 'ttnn'
_____ ERROR collecting tests/autogen_op/XGLM/test_XGLM_aten_rsub_Scalar.py _____
ImportError while importing test module '/Users/Ajay17/pytorch2.0_ttnn/tests/autogen_op/XGLM/test_XGLM_aten_rsub_Scalar.py'.
Hint: make sure your test modules/packages have valid Python names.
Traceback:
../.pyenv/versions/3.11.10/lib/python3.11/importlib/__init__.py:126: in import_module
    return _bootstrap._gcd_import(name[level:], package, level)
           ^^^^^^^^^^^^^^^^^^^^^^^^^^^^^^^^^^^^^^^^^^^^^^^^^^^^
tests/autogen_op/XGLM/test_XGLM_aten_rsub_Scalar.py:8: in <module>
    import ttnn
E   ModuleNotFoundError: No module named 'ttnn'
____ ERROR collecting tests/autogen_op/XGLM/test_XGLM_aten_slice_Tensor.py _____
ImportError while importing test module '/Users/Ajay17/pytorch2.0_ttnn/tests/autogen_op/XGLM/test_XGLM_aten_slice_Tensor.py'.
Hint: make sure your test modules/packages have valid Python names.
Traceback:
../.pyenv/versions/3.11.10/lib/python3.11/importlib/__init__.py:126: in import_module
    return _bootstrap._gcd_import(name[level:], package, level)
           ^^^^^^^^^^^^^^^^^^^^^^^^^^^^^^^^^^^^^^^^^^^^^^^^^^^^
tests/autogen_op/XGLM/test_XGLM_aten_slice_Tensor.py:8: in <module>
    import ttnn
E   ModuleNotFoundError: No module named 'ttnn'
_____ ERROR collecting tests/autogen_op/XGLM/test_XGLM_aten_squeeze_dim.py _____
ImportError while importing test module '/Users/Ajay17/pytorch2.0_ttnn/tests/autogen_op/XGLM/test_XGLM_aten_squeeze_dim.py'.
Hint: make sure your test modules/packages have valid Python names.
Traceback:
../.pyenv/versions/3.11.10/lib/python3.11/importlib/__init__.py:126: in import_module
    return _bootstrap._gcd_import(name[level:], package, level)
           ^^^^^^^^^^^^^^^^^^^^^^^^^^^^^^^^^^^^^^^^^^^^^^^^^^^^
tests/autogen_op/XGLM/test_XGLM_aten_squeeze_dim.py:8: in <module>
    import ttnn
E   ModuleNotFoundError: No module named 'ttnn'
______ ERROR collecting tests/autogen_op/XGLM/test_XGLM_aten_t_default.py ______
ImportError while importing test module '/Users/Ajay17/pytorch2.0_ttnn/tests/autogen_op/XGLM/test_XGLM_aten_t_default.py'.
Hint: make sure your test modules/packages have valid Python names.
Traceback:
../.pyenv/versions/3.11.10/lib/python3.11/importlib/__init__.py:126: in import_module
    return _bootstrap._gcd_import(name[level:], package, level)
           ^^^^^^^^^^^^^^^^^^^^^^^^^^^^^^^^^^^^^^^^^^^^^^^^^^^^
tests/autogen_op/XGLM/test_XGLM_aten_t_default.py:8: in <module>
    import ttnn
E   ModuleNotFoundError: No module named 'ttnn'
____ ERROR collecting tests/autogen_op/XGLM/test_XGLM_aten_transpose_int.py ____
ImportError while importing test module '/Users/Ajay17/pytorch2.0_ttnn/tests/autogen_op/XGLM/test_XGLM_aten_transpose_int.py'.
Hint: make sure your test modules/packages have valid Python names.
Traceback:
../.pyenv/versions/3.11.10/lib/python3.11/importlib/__init__.py:126: in import_module
    return _bootstrap._gcd_import(name[level:], package, level)
           ^^^^^^^^^^^^^^^^^^^^^^^^^^^^^^^^^^^^^^^^^^^^^^^^^^^^
tests/autogen_op/XGLM/test_XGLM_aten_transpose_int.py:8: in <module>
    import ttnn
E   ModuleNotFoundError: No module named 'ttnn'
__ ERROR collecting tests/autogen_op/XGLM/test_XGLM_aten_unsqueeze_default.py __
ImportError while importing test module '/Users/Ajay17/pytorch2.0_ttnn/tests/autogen_op/XGLM/test_XGLM_aten_unsqueeze_default.py'.
Hint: make sure your test modules/packages have valid Python names.
Traceback:
../.pyenv/versions/3.11.10/lib/python3.11/importlib/__init__.py:126: in import_module
    return _bootstrap._gcd_import(name[level:], package, level)
           ^^^^^^^^^^^^^^^^^^^^^^^^^^^^^^^^^^^^^^^^^^^^^^^^^^^^
tests/autogen_op/XGLM/test_XGLM_aten_unsqueeze_default.py:8: in <module>
    import ttnn
E   ModuleNotFoundError: No module named 'ttnn'
____ ERROR collecting tests/autogen_op/XGLM/test_XGLM_aten_view_default.py _____
ImportError while importing test module '/Users/Ajay17/pytorch2.0_ttnn/tests/autogen_op/XGLM/test_XGLM_aten_view_default.py'.
Hint: make sure your test modules/packages have valid Python names.
Traceback:
../.pyenv/versions/3.11.10/lib/python3.11/importlib/__init__.py:126: in import_module
    return _bootstrap._gcd_import(name[level:], package, level)
           ^^^^^^^^^^^^^^^^^^^^^^^^^^^^^^^^^^^^^^^^^^^^^^^^^^^^
tests/autogen_op/XGLM/test_XGLM_aten_view_default.py:8: in <module>
    import ttnn
E   ModuleNotFoundError: No module named 'ttnn'
_ ERROR collecting tests/autogen_op/YOLOS/test_YOLOS_aten__softmax_default.py __
ImportError while importing test module '/Users/Ajay17/pytorch2.0_ttnn/tests/autogen_op/YOLOS/test_YOLOS_aten__softmax_default.py'.
Hint: make sure your test modules/packages have valid Python names.
Traceback:
../.pyenv/versions/3.11.10/lib/python3.11/importlib/__init__.py:126: in import_module
    return _bootstrap._gcd_import(name[level:], package, level)
           ^^^^^^^^^^^^^^^^^^^^^^^^^^^^^^^^^^^^^^^^^^^^^^^^^^^^
tests/autogen_op/YOLOS/test_YOLOS_aten__softmax_default.py:8: in <module>
    import ttnn
E   ModuleNotFoundError: No module named 'ttnn'
_ ERROR collecting tests/autogen_op/YOLOS/test_YOLOS_aten__to_copy_default.py __
ImportError while importing test module '/Users/Ajay17/pytorch2.0_ttnn/tests/autogen_op/YOLOS/test_YOLOS_aten__to_copy_default.py'.
Hint: make sure your test modules/packages have valid Python names.
Traceback:
../.pyenv/versions/3.11.10/lib/python3.11/importlib/__init__.py:126: in import_module
    return _bootstrap._gcd_import(name[level:], package, level)
           ^^^^^^^^^^^^^^^^^^^^^^^^^^^^^^^^^^^^^^^^^^^^^^^^^^^^
tests/autogen_op/YOLOS/test_YOLOS_aten__to_copy_default.py:8: in <module>
    import ttnn
E   ModuleNotFoundError: No module named 'ttnn'
_ ERROR collecting tests/autogen_op/YOLOS/test_YOLOS_aten__unsafe_index_Tensor.py _
ImportError while importing test module '/Users/Ajay17/pytorch2.0_ttnn/tests/autogen_op/YOLOS/test_YOLOS_aten__unsafe_index_Tensor.py'.
Hint: make sure your test modules/packages have valid Python names.
Traceback:
../.pyenv/versions/3.11.10/lib/python3.11/importlib/__init__.py:126: in import_module
    return _bootstrap._gcd_import(name[level:], package, level)
           ^^^^^^^^^^^^^^^^^^^^^^^^^^^^^^^^^^^^^^^^^^^^^^^^^^^^
tests/autogen_op/YOLOS/test_YOLOS_aten__unsafe_index_Tensor.py:8: in <module>
    import ttnn
E   ModuleNotFoundError: No module named 'ttnn'
____ ERROR collecting tests/autogen_op/YOLOS/test_YOLOS_aten_add_Tensor.py _____
ImportError while importing test module '/Users/Ajay17/pytorch2.0_ttnn/tests/autogen_op/YOLOS/test_YOLOS_aten_add_Tensor.py'.
Hint: make sure your test modules/packages have valid Python names.
Traceback:
../.pyenv/versions/3.11.10/lib/python3.11/importlib/__init__.py:126: in import_module
    return _bootstrap._gcd_import(name[level:], package, level)
           ^^^^^^^^^^^^^^^^^^^^^^^^^^^^^^^^^^^^^^^^^^^^^^^^^^^^
tests/autogen_op/YOLOS/test_YOLOS_aten_add_Tensor.py:8: in <module>
    import ttnn
E   ModuleNotFoundError: No module named 'ttnn'
___ ERROR collecting tests/autogen_op/YOLOS/test_YOLOS_aten_addmm_default.py ___
ImportError while importing test module '/Users/Ajay17/pytorch2.0_ttnn/tests/autogen_op/YOLOS/test_YOLOS_aten_addmm_default.py'.
Hint: make sure your test modules/packages have valid Python names.
Traceback:
../.pyenv/versions/3.11.10/lib/python3.11/importlib/__init__.py:126: in import_module
    return _bootstrap._gcd_import(name[level:], package, level)
           ^^^^^^^^^^^^^^^^^^^^^^^^^^^^^^^^^^^^^^^^^^^^^^^^^^^^
tests/autogen_op/YOLOS/test_YOLOS_aten_addmm_default.py:8: in <module>
    import ttnn
E   ModuleNotFoundError: No module named 'ttnn'
____ ERROR collecting tests/autogen_op/YOLOS/test_YOLOS_aten_bmm_default.py ____
ImportError while importing test module '/Users/Ajay17/pytorch2.0_ttnn/tests/autogen_op/YOLOS/test_YOLOS_aten_bmm_default.py'.
Hint: make sure your test modules/packages have valid Python names.
Traceback:
../.pyenv/versions/3.11.10/lib/python3.11/importlib/__init__.py:126: in import_module
    return _bootstrap._gcd_import(name[level:], package, level)
           ^^^^^^^^^^^^^^^^^^^^^^^^^^^^^^^^^^^^^^^^^^^^^^^^^^^^
tests/autogen_op/YOLOS/test_YOLOS_aten_bmm_default.py:8: in <module>
    import ttnn
E   ModuleNotFoundError: No module named 'ttnn'
____ ERROR collecting tests/autogen_op/YOLOS/test_YOLOS_aten_cat_default.py ____
ImportError while importing test module '/Users/Ajay17/pytorch2.0_ttnn/tests/autogen_op/YOLOS/test_YOLOS_aten_cat_default.py'.
Hint: make sure your test modules/packages have valid Python names.
Traceback:
../.pyenv/versions/3.11.10/lib/python3.11/importlib/__init__.py:126: in import_module
    return _bootstrap._gcd_import(name[level:], package, level)
           ^^^^^^^^^^^^^^^^^^^^^^^^^^^^^^^^^^^^^^^^^^^^^^^^^^^^
tests/autogen_op/YOLOS/test_YOLOS_aten_cat_default.py:8: in <module>
    import ttnn
E   ModuleNotFoundError: No module named 'ttnn'
___ ERROR collecting tests/autogen_op/YOLOS/test_YOLOS_aten_clamp_default.py ___
ImportError while importing test module '/Users/Ajay17/pytorch2.0_ttnn/tests/autogen_op/YOLOS/test_YOLOS_aten_clamp_default.py'.
Hint: make sure your test modules/packages have valid Python names.
Traceback:
../.pyenv/versions/3.11.10/lib/python3.11/importlib/__init__.py:126: in import_module
    return _bootstrap._gcd_import(name[level:], package, level)
           ^^^^^^^^^^^^^^^^^^^^^^^^^^^^^^^^^^^^^^^^^^^^^^^^^^^^
tests/autogen_op/YOLOS/test_YOLOS_aten_clamp_default.py:8: in <module>
    import ttnn
E   ModuleNotFoundError: No module named 'ttnn'
___ ERROR collecting tests/autogen_op/YOLOS/test_YOLOS_aten_clone_default.py ___
ImportError while importing test module '/Users/Ajay17/pytorch2.0_ttnn/tests/autogen_op/YOLOS/test_YOLOS_aten_clone_default.py'.
Hint: make sure your test modules/packages have valid Python names.
Traceback:
../.pyenv/versions/3.11.10/lib/python3.11/importlib/__init__.py:126: in import_module
    return _bootstrap._gcd_import(name[level:], package, level)
           ^^^^^^^^^^^^^^^^^^^^^^^^^^^^^^^^^^^^^^^^^^^^^^^^^^^^
tests/autogen_op/YOLOS/test_YOLOS_aten_clone_default.py:8: in <module>
    import ttnn
E   ModuleNotFoundError: No module named 'ttnn'
_ ERROR collecting tests/autogen_op/YOLOS/test_YOLOS_aten_convolution_default.py _
ImportError while importing test module '/Users/Ajay17/pytorch2.0_ttnn/tests/autogen_op/YOLOS/test_YOLOS_aten_convolution_default.py'.
Hint: make sure your test modules/packages have valid Python names.
Traceback:
../.pyenv/versions/3.11.10/lib/python3.11/importlib/__init__.py:126: in import_module
    return _bootstrap._gcd_import(name[level:], package, level)
           ^^^^^^^^^^^^^^^^^^^^^^^^^^^^^^^^^^^^^^^^^^^^^^^^^^^^
tests/autogen_op/YOLOS/test_YOLOS_aten_convolution_default.py:8: in <module>
    import ttnn
E   ModuleNotFoundError: No module named 'ttnn'
____ ERROR collecting tests/autogen_op/YOLOS/test_YOLOS_aten_div_Tensor.py _____
ImportError while importing test module '/Users/Ajay17/pytorch2.0_ttnn/tests/autogen_op/YOLOS/test_YOLOS_aten_div_Tensor.py'.
Hint: make sure your test modules/packages have valid Python names.
Traceback:
../.pyenv/versions/3.11.10/lib/python3.11/importlib/__init__.py:126: in import_module
    return _bootstrap._gcd_import(name[level:], package, level)
           ^^^^^^^^^^^^^^^^^^^^^^^^^^^^^^^^^^^^^^^^^^^^^^^^^^^^
tests/autogen_op/YOLOS/test_YOLOS_aten_div_Tensor.py:8: in <module>
    import ttnn
E   ModuleNotFoundError: No module named 'ttnn'
__ ERROR collecting tests/autogen_op/YOLOS/test_YOLOS_aten_expand_default.py ___
ImportError while importing test module '/Users/Ajay17/pytorch2.0_ttnn/tests/autogen_op/YOLOS/test_YOLOS_aten_expand_default.py'.
Hint: make sure your test modules/packages have valid Python names.
Traceback:
../.pyenv/versions/3.11.10/lib/python3.11/importlib/__init__.py:126: in import_module
    return _bootstrap._gcd_import(name[level:], package, level)
           ^^^^^^^^^^^^^^^^^^^^^^^^^^^^^^^^^^^^^^^^^^^^^^^^^^^^
tests/autogen_op/YOLOS/test_YOLOS_aten_expand_default.py:8: in <module>
    import ttnn
E   ModuleNotFoundError: No module named 'ttnn'
___ ERROR collecting tests/autogen_op/YOLOS/test_YOLOS_aten_floor_default.py ___
ImportError while importing test module '/Users/Ajay17/pytorch2.0_ttnn/tests/autogen_op/YOLOS/test_YOLOS_aten_floor_default.py'.
Hint: make sure your test modules/packages have valid Python names.
Traceback:
../.pyenv/versions/3.11.10/lib/python3.11/importlib/__init__.py:126: in import_module
    return _bootstrap._gcd_import(name[level:], package, level)
           ^^^^^^^^^^^^^^^^^^^^^^^^^^^^^^^^^^^^^^^^^^^^^^^^^^^^
tests/autogen_op/YOLOS/test_YOLOS_aten_floor_default.py:8: in <module>
    import ttnn
E   ModuleNotFoundError: No module named 'ttnn'
___ ERROR collecting tests/autogen_op/YOLOS/test_YOLOS_aten_gelu_default.py ____
ImportError while importing test module '/Users/Ajay17/pytorch2.0_ttnn/tests/autogen_op/YOLOS/test_YOLOS_aten_gelu_default.py'.
Hint: make sure your test modules/packages have valid Python names.
Traceback:
../.pyenv/versions/3.11.10/lib/python3.11/importlib/__init__.py:126: in import_module
    return _bootstrap._gcd_import(name[level:], package, level)
           ^^^^^^^^^^^^^^^^^^^^^^^^^^^^^^^^^^^^^^^^^^^^^^^^^^^^
tests/autogen_op/YOLOS/test_YOLOS_aten_gelu_default.py:8: in <module>
    import ttnn
E   ModuleNotFoundError: No module named 'ttnn'
____ ERROR collecting tests/autogen_op/YOLOS/test_YOLOS_aten_mul_Tensor.py _____
ImportError while importing test module '/Users/Ajay17/pytorch2.0_ttnn/tests/autogen_op/YOLOS/test_YOLOS_aten_mul_Tensor.py'.
Hint: make sure your test modules/packages have valid Python names.
Traceback:
../.pyenv/versions/3.11.10/lib/python3.11/importlib/__init__.py:126: in import_module
    return _bootstrap._gcd_import(name[level:], package, level)
           ^^^^^^^^^^^^^^^^^^^^^^^^^^^^^^^^^^^^^^^^^^^^^^^^^^^^
tests/autogen_op/YOLOS/test_YOLOS_aten_mul_Tensor.py:8: in <module>
    import ttnn
E   ModuleNotFoundError: No module named 'ttnn'
_ ERROR collecting tests/autogen_op/YOLOS/test_YOLOS_aten_native_layer_norm_default.py _
ImportError while importing test module '/Users/Ajay17/pytorch2.0_ttnn/tests/autogen_op/YOLOS/test_YOLOS_aten_native_layer_norm_default.py'.
Hint: make sure your test modules/packages have valid Python names.
Traceback:
../.pyenv/versions/3.11.10/lib/python3.11/importlib/__init__.py:126: in import_module
    return _bootstrap._gcd_import(name[level:], package, level)
           ^^^^^^^^^^^^^^^^^^^^^^^^^^^^^^^^^^^^^^^^^^^^^^^^^^^^
tests/autogen_op/YOLOS/test_YOLOS_aten_native_layer_norm_default.py:8: in <module>
    import ttnn
E   ModuleNotFoundError: No module named 'ttnn'
__ ERROR collecting tests/autogen_op/YOLOS/test_YOLOS_aten_permute_default.py __
ImportError while importing test module '/Users/Ajay17/pytorch2.0_ttnn/tests/autogen_op/YOLOS/test_YOLOS_aten_permute_default.py'.
Hint: make sure your test modules/packages have valid Python names.
Traceback:
../.pyenv/versions/3.11.10/lib/python3.11/importlib/__init__.py:126: in import_module
    return _bootstrap._gcd_import(name[level:], package, level)
           ^^^^^^^^^^^^^^^^^^^^^^^^^^^^^^^^^^^^^^^^^^^^^^^^^^^^
tests/autogen_op/YOLOS/test_YOLOS_aten_permute_default.py:8: in <module>
    import ttnn
E   ModuleNotFoundError: No module named 'ttnn'
___ ERROR collecting tests/autogen_op/YOLOS/test_YOLOS_aten_relu_default.py ____
ImportError while importing test module '/Users/Ajay17/pytorch2.0_ttnn/tests/autogen_op/YOLOS/test_YOLOS_aten_relu_default.py'.
Hint: make sure your test modules/packages have valid Python names.
Traceback:
../.pyenv/versions/3.11.10/lib/python3.11/importlib/__init__.py:126: in import_module
    return _bootstrap._gcd_import(name[level:], package, level)
           ^^^^^^^^^^^^^^^^^^^^^^^^^^^^^^^^^^^^^^^^^^^^^^^^^^^^
tests/autogen_op/YOLOS/test_YOLOS_aten_relu_default.py:8: in <module>
    import ttnn
E   ModuleNotFoundError: No module named 'ttnn'
____ ERROR collecting tests/autogen_op/YOLOS/test_YOLOS_aten_rsub_Scalar.py ____
ImportError while importing test module '/Users/Ajay17/pytorch2.0_ttnn/tests/autogen_op/YOLOS/test_YOLOS_aten_rsub_Scalar.py'.
Hint: make sure your test modules/packages have valid Python names.
Traceback:
../.pyenv/versions/3.11.10/lib/python3.11/importlib/__init__.py:126: in import_module
    return _bootstrap._gcd_import(name[level:], package, level)
           ^^^^^^^^^^^^^^^^^^^^^^^^^^^^^^^^^^^^^^^^^^^^^^^^^^^^
tests/autogen_op/YOLOS/test_YOLOS_aten_rsub_Scalar.py:8: in <module>
    import ttnn
E   ModuleNotFoundError: No module named 'ttnn'
____ ERROR collecting tests/autogen_op/YOLOS/test_YOLOS_aten_select_int.py _____
ImportError while importing test module '/Users/Ajay17/pytorch2.0_ttnn/tests/autogen_op/YOLOS/test_YOLOS_aten_select_int.py'.
Hint: make sure your test modules/packages have valid Python names.
Traceback:
../.pyenv/versions/3.11.10/lib/python3.11/importlib/__init__.py:126: in import_module
    return _bootstrap._gcd_import(name[level:], package, level)
           ^^^^^^^^^^^^^^^^^^^^^^^^^^^^^^^^^^^^^^^^^^^^^^^^^^^^
tests/autogen_op/YOLOS/test_YOLOS_aten_select_int.py:8: in <module>
    import ttnn
E   ModuleNotFoundError: No module named 'ttnn'
__ ERROR collecting tests/autogen_op/YOLOS/test_YOLOS_aten_sigmoid_default.py __
ImportError while importing test module '/Users/Ajay17/pytorch2.0_ttnn/tests/autogen_op/YOLOS/test_YOLOS_aten_sigmoid_default.py'.
Hint: make sure your test modules/packages have valid Python names.
Traceback:
../.pyenv/versions/3.11.10/lib/python3.11/importlib/__init__.py:126: in import_module
    return _bootstrap._gcd_import(name[level:], package, level)
           ^^^^^^^^^^^^^^^^^^^^^^^^^^^^^^^^^^^^^^^^^^^^^^^^^^^^
tests/autogen_op/YOLOS/test_YOLOS_aten_sigmoid_default.py:8: in <module>
    import ttnn
E   ModuleNotFoundError: No module named 'ttnn'
___ ERROR collecting tests/autogen_op/YOLOS/test_YOLOS_aten_slice_Tensor.py ____
ImportError while importing test module '/Users/Ajay17/pytorch2.0_ttnn/tests/autogen_op/YOLOS/test_YOLOS_aten_slice_Tensor.py'.
Hint: make sure your test modules/packages have valid Python names.
Traceback:
../.pyenv/versions/3.11.10/lib/python3.11/importlib/__init__.py:126: in import_module
    return _bootstrap._gcd_import(name[level:], package, level)
           ^^^^^^^^^^^^^^^^^^^^^^^^^^^^^^^^^^^^^^^^^^^^^^^^^^^^
tests/autogen_op/YOLOS/test_YOLOS_aten_slice_Tensor.py:8: in <module>
    import ttnn
E   ModuleNotFoundError: No module named 'ttnn'
____ ERROR collecting tests/autogen_op/YOLOS/test_YOLOS_aten_sub_Tensor.py _____
ImportError while importing test module '/Users/Ajay17/pytorch2.0_ttnn/tests/autogen_op/YOLOS/test_YOLOS_aten_sub_Tensor.py'.
Hint: make sure your test modules/packages have valid Python names.
Traceback:
../.pyenv/versions/3.11.10/lib/python3.11/importlib/__init__.py:126: in import_module
    return _bootstrap._gcd_import(name[level:], package, level)
           ^^^^^^^^^^^^^^^^^^^^^^^^^^^^^^^^^^^^^^^^^^^^^^^^^^^^
tests/autogen_op/YOLOS/test_YOLOS_aten_sub_Tensor.py:8: in <module>
    import ttnn
E   ModuleNotFoundError: No module named 'ttnn'
_____ ERROR collecting tests/autogen_op/YOLOS/test_YOLOS_aten_t_default.py _____
ImportError while importing test module '/Users/Ajay17/pytorch2.0_ttnn/tests/autogen_op/YOLOS/test_YOLOS_aten_t_default.py'.
Hint: make sure your test modules/packages have valid Python names.
Traceback:
../.pyenv/versions/3.11.10/lib/python3.11/importlib/__init__.py:126: in import_module
    return _bootstrap._gcd_import(name[level:], package, level)
           ^^^^^^^^^^^^^^^^^^^^^^^^^^^^^^^^^^^^^^^^^^^^^^^^^^^^
tests/autogen_op/YOLOS/test_YOLOS_aten_t_default.py:8: in <module>
    import ttnn
E   ModuleNotFoundError: No module named 'ttnn'
___ ERROR collecting tests/autogen_op/YOLOS/test_YOLOS_aten_transpose_int.py ___
ImportError while importing test module '/Users/Ajay17/pytorch2.0_ttnn/tests/autogen_op/YOLOS/test_YOLOS_aten_transpose_int.py'.
Hint: make sure your test modules/packages have valid Python names.
Traceback:
../.pyenv/versions/3.11.10/lib/python3.11/importlib/__init__.py:126: in import_module
    return _bootstrap._gcd_import(name[level:], package, level)
           ^^^^^^^^^^^^^^^^^^^^^^^^^^^^^^^^^^^^^^^^^^^^^^^^^^^^
tests/autogen_op/YOLOS/test_YOLOS_aten_transpose_int.py:8: in <module>
    import ttnn
E   ModuleNotFoundError: No module named 'ttnn'
_ ERROR collecting tests/autogen_op/YOLOS/test_YOLOS_aten_unsqueeze_default.py _
ImportError while importing test module '/Users/Ajay17/pytorch2.0_ttnn/tests/autogen_op/YOLOS/test_YOLOS_aten_unsqueeze_default.py'.
Hint: make sure your test modules/packages have valid Python names.
Traceback:
../.pyenv/versions/3.11.10/lib/python3.11/importlib/__init__.py:126: in import_module
    return _bootstrap._gcd_import(name[level:], package, level)
           ^^^^^^^^^^^^^^^^^^^^^^^^^^^^^^^^^^^^^^^^^^^^^^^^^^^^
tests/autogen_op/YOLOS/test_YOLOS_aten_unsqueeze_default.py:8: in <module>
    import ttnn
E   ModuleNotFoundError: No module named 'ttnn'
___ ERROR collecting tests/autogen_op/YOLOS/test_YOLOS_aten_view_default.py ____
ImportError while importing test module '/Users/Ajay17/pytorch2.0_ttnn/tests/autogen_op/YOLOS/test_YOLOS_aten_view_default.py'.
Hint: make sure your test modules/packages have valid Python names.
Traceback:
../.pyenv/versions/3.11.10/lib/python3.11/importlib/__init__.py:126: in import_module
    return _bootstrap._gcd_import(name[level:], package, level)
           ^^^^^^^^^^^^^^^^^^^^^^^^^^^^^^^^^^^^^^^^^^^^^^^^^^^^
tests/autogen_op/YOLOS/test_YOLOS_aten_view_default.py:8: in <module>
    import ttnn
E   ModuleNotFoundError: No module named 'ttnn'
_ ERROR collecting tests/autogen_op/YOLOv3/test_YOLOv3_aten__native_batch_norm_legit_no_training_default.py _
ImportError while importing test module '/Users/Ajay17/pytorch2.0_ttnn/tests/autogen_op/YOLOv3/test_YOLOv3_aten__native_batch_norm_legit_no_training_default.py'.
Hint: make sure your test modules/packages have valid Python names.
Traceback:
../.pyenv/versions/3.11.10/lib/python3.11/importlib/__init__.py:126: in import_module
    return _bootstrap._gcd_import(name[level:], package, level)
           ^^^^^^^^^^^^^^^^^^^^^^^^^^^^^^^^^^^^^^^^^^^^^^^^^^^^
tests/autogen_op/YOLOv3/test_YOLOv3_aten__native_batch_norm_legit_no_training_default.py:8: in <module>
    import ttnn
E   ModuleNotFoundError: No module named 'ttnn'
_ ERROR collecting tests/autogen_op/YOLOv3/test_YOLOv3_aten__to_copy_default.py _
ImportError while importing test module '/Users/Ajay17/pytorch2.0_ttnn/tests/autogen_op/YOLOv3/test_YOLOv3_aten__to_copy_default.py'.
Hint: make sure your test modules/packages have valid Python names.
Traceback:
../.pyenv/versions/3.11.10/lib/python3.11/importlib/__init__.py:126: in import_module
    return _bootstrap._gcd_import(name[level:], package, level)
           ^^^^^^^^^^^^^^^^^^^^^^^^^^^^^^^^^^^^^^^^^^^^^^^^^^^^
tests/autogen_op/YOLOv3/test_YOLOv3_aten__to_copy_default.py:8: in <module>
    import ttnn
E   ModuleNotFoundError: No module named 'ttnn'
_ ERROR collecting tests/autogen_op/YOLOv3/test_YOLOv3_aten__unsafe_index_Tensor.py _
ImportError while importing test module '/Users/Ajay17/pytorch2.0_ttnn/tests/autogen_op/YOLOv3/test_YOLOv3_aten__unsafe_index_Tensor.py'.
Hint: make sure your test modules/packages have valid Python names.
Traceback:
../.pyenv/versions/3.11.10/lib/python3.11/importlib/__init__.py:126: in import_module
    return _bootstrap._gcd_import(name[level:], package, level)
           ^^^^^^^^^^^^^^^^^^^^^^^^^^^^^^^^^^^^^^^^^^^^^^^^^^^^
tests/autogen_op/YOLOv3/test_YOLOv3_aten__unsafe_index_Tensor.py:8: in <module>
    import ttnn
E   ModuleNotFoundError: No module named 'ttnn'
___ ERROR collecting tests/autogen_op/YOLOv3/test_YOLOv3_aten_add_Tensor.py ____
ImportError while importing test module '/Users/Ajay17/pytorch2.0_ttnn/tests/autogen_op/YOLOv3/test_YOLOv3_aten_add_Tensor.py'.
Hint: make sure your test modules/packages have valid Python names.
Traceback:
../.pyenv/versions/3.11.10/lib/python3.11/importlib/__init__.py:126: in import_module
    return _bootstrap._gcd_import(name[level:], package, level)
           ^^^^^^^^^^^^^^^^^^^^^^^^^^^^^^^^^^^^^^^^^^^^^^^^^^^^
tests/autogen_op/YOLOv3/test_YOLOv3_aten_add_Tensor.py:8: in <module>
    import ttnn
E   ModuleNotFoundError: No module named 'ttnn'
___ ERROR collecting tests/autogen_op/YOLOv3/test_YOLOv3_aten_cat_default.py ___
ImportError while importing test module '/Users/Ajay17/pytorch2.0_ttnn/tests/autogen_op/YOLOv3/test_YOLOv3_aten_cat_default.py'.
Hint: make sure your test modules/packages have valid Python names.
Traceback:
../.pyenv/versions/3.11.10/lib/python3.11/importlib/__init__.py:126: in import_module
    return _bootstrap._gcd_import(name[level:], package, level)
           ^^^^^^^^^^^^^^^^^^^^^^^^^^^^^^^^^^^^^^^^^^^^^^^^^^^^
tests/autogen_op/YOLOv3/test_YOLOv3_aten_cat_default.py:8: in <module>
    import ttnn
E   ModuleNotFoundError: No module named 'ttnn'
_ ERROR collecting tests/autogen_op/YOLOv3/test_YOLOv3_aten_convolution_default.py _
ImportError while importing test module '/Users/Ajay17/pytorch2.0_ttnn/tests/autogen_op/YOLOv3/test_YOLOv3_aten_convolution_default.py'.
Hint: make sure your test modules/packages have valid Python names.
Traceback:
../.pyenv/versions/3.11.10/lib/python3.11/importlib/__init__.py:126: in import_module
    return _bootstrap._gcd_import(name[level:], package, level)
           ^^^^^^^^^^^^^^^^^^^^^^^^^^^^^^^^^^^^^^^^^^^^^^^^^^^^
tests/autogen_op/YOLOv3/test_YOLOv3_aten_convolution_default.py:8: in <module>
    import ttnn
E   ModuleNotFoundError: No module named 'ttnn'
_ ERROR collecting tests/autogen_op/YOLOv3/test_YOLOv3_aten_leaky_relu_default.py _
ImportError while importing test module '/Users/Ajay17/pytorch2.0_ttnn/tests/autogen_op/YOLOv3/test_YOLOv3_aten_leaky_relu_default.py'.
Hint: make sure your test modules/packages have valid Python names.
Traceback:
../.pyenv/versions/3.11.10/lib/python3.11/importlib/__init__.py:126: in import_module
    return _bootstrap._gcd_import(name[level:], package, level)
           ^^^^^^^^^^^^^^^^^^^^^^^^^^^^^^^^^^^^^^^^^^^^^^^^^^^^
tests/autogen_op/YOLOv3/test_YOLOv3_aten_leaky_relu_default.py:8: in <module>
    import ttnn
E   ModuleNotFoundError: No module named 'ttnn'
_ ERROR collecting tests/autogen_op/YOLOv5/test_YOLOv5_aten__native_batch_norm_legit_no_training_default.py _
ImportError while importing test module '/Users/Ajay17/pytorch2.0_ttnn/tests/autogen_op/YOLOv5/test_YOLOv5_aten__native_batch_norm_legit_no_training_default.py'.
Hint: make sure your test modules/packages have valid Python names.
Traceback:
../.pyenv/versions/3.11.10/lib/python3.11/importlib/__init__.py:126: in import_module
    return _bootstrap._gcd_import(name[level:], package, level)
           ^^^^^^^^^^^^^^^^^^^^^^^^^^^^^^^^^^^^^^^^^^^^^^^^^^^^
tests/autogen_op/YOLOv5/test_YOLOv5_aten__native_batch_norm_legit_no_training_default.py:8: in <module>
    import ttnn
E   ModuleNotFoundError: No module named 'ttnn'
_ ERROR collecting tests/autogen_op/YOLOv5/test_YOLOv5_aten_convolution_default.py _
ImportError while importing test module '/Users/Ajay17/pytorch2.0_ttnn/tests/autogen_op/YOLOv5/test_YOLOv5_aten_convolution_default.py'.
Hint: make sure your test modules/packages have valid Python names.
Traceback:
../.pyenv/versions/3.11.10/lib/python3.11/importlib/__init__.py:126: in import_module
    return _bootstrap._gcd_import(name[level:], package, level)
           ^^^^^^^^^^^^^^^^^^^^^^^^^^^^^^^^^^^^^^^^^^^^^^^^^^^^
tests/autogen_op/YOLOv5/test_YOLOv5_aten_convolution_default.py:8: in <module>
    import ttnn
E   ModuleNotFoundError: No module named 'ttnn'
__ ERROR collecting tests/autogen_op/YOLOv5/test_YOLOv5_aten_silu_default.py ___
ImportError while importing test module '/Users/Ajay17/pytorch2.0_ttnn/tests/autogen_op/YOLOv5/test_YOLOv5_aten_silu_default.py'.
Hint: make sure your test modules/packages have valid Python names.
Traceback:
../.pyenv/versions/3.11.10/lib/python3.11/importlib/__init__.py:126: in import_module
    return _bootstrap._gcd_import(name[level:], package, level)
           ^^^^^^^^^^^^^^^^^^^^^^^^^^^^^^^^^^^^^^^^^^^^^^^^^^^^
tests/autogen_op/YOLOv5/test_YOLOv5_aten_silu_default.py:8: in <module>
    import ttnn
E   ModuleNotFoundError: No module named 'ttnn'
_ ERROR collecting tests/autogen_op/albert/albert-base-v2/test_albert_albert-base-v2_aten__softmax_default.py _
ImportError while importing test module '/Users/Ajay17/pytorch2.0_ttnn/tests/autogen_op/albert/albert-base-v2/test_albert_albert-base-v2_aten__softmax_default.py'.
Hint: make sure your test modules/packages have valid Python names.
Traceback:
../.pyenv/versions/3.11.10/lib/python3.11/importlib/__init__.py:126: in import_module
    return _bootstrap._gcd_import(name[level:], package, level)
           ^^^^^^^^^^^^^^^^^^^^^^^^^^^^^^^^^^^^^^^^^^^^^^^^^^^^
tests/autogen_op/albert/albert-base-v2/test_albert_albert-base-v2_aten__softmax_default.py:8: in <module>
    import ttnn
E   ModuleNotFoundError: No module named 'ttnn'
_ ERROR collecting tests/autogen_op/albert/albert-base-v2/test_albert_albert-base-v2_aten__to_copy_default.py _
ImportError while importing test module '/Users/Ajay17/pytorch2.0_ttnn/tests/autogen_op/albert/albert-base-v2/test_albert_albert-base-v2_aten__to_copy_default.py'.
Hint: make sure your test modules/packages have valid Python names.
Traceback:
../.pyenv/versions/3.11.10/lib/python3.11/importlib/__init__.py:126: in import_module
    return _bootstrap._gcd_import(name[level:], package, level)
           ^^^^^^^^^^^^^^^^^^^^^^^^^^^^^^^^^^^^^^^^^^^^^^^^^^^^
tests/autogen_op/albert/albert-base-v2/test_albert_albert-base-v2_aten__to_copy_default.py:8: in <module>
    import ttnn
E   ModuleNotFoundError: No module named 'ttnn'
_ ERROR collecting tests/autogen_op/albert/albert-base-v2/test_albert_albert-base-v2_aten__unsafe_view_default.py _
ImportError while importing test module '/Users/Ajay17/pytorch2.0_ttnn/tests/autogen_op/albert/albert-base-v2/test_albert_albert-base-v2_aten__unsafe_view_default.py'.
Hint: make sure your test modules/packages have valid Python names.
Traceback:
../.pyenv/versions/3.11.10/lib/python3.11/importlib/__init__.py:126: in import_module
    return _bootstrap._gcd_import(name[level:], package, level)
           ^^^^^^^^^^^^^^^^^^^^^^^^^^^^^^^^^^^^^^^^^^^^^^^^^^^^
tests/autogen_op/albert/albert-base-v2/test_albert_albert-base-v2_aten__unsafe_view_default.py:8: in <module>
    import ttnn
E   ModuleNotFoundError: No module named 'ttnn'
_ ERROR collecting tests/autogen_op/albert/albert-base-v2/test_albert_albert-base-v2_aten_add_Tensor.py _
ImportError while importing test module '/Users/Ajay17/pytorch2.0_ttnn/tests/autogen_op/albert/albert-base-v2/test_albert_albert-base-v2_aten_add_Tensor.py'.
Hint: make sure your test modules/packages have valid Python names.
Traceback:
../.pyenv/versions/3.11.10/lib/python3.11/importlib/__init__.py:126: in import_module
    return _bootstrap._gcd_import(name[level:], package, level)
           ^^^^^^^^^^^^^^^^^^^^^^^^^^^^^^^^^^^^^^^^^^^^^^^^^^^^
tests/autogen_op/albert/albert-base-v2/test_albert_albert-base-v2_aten_add_Tensor.py:8: in <module>
    import ttnn
E   ModuleNotFoundError: No module named 'ttnn'
_ ERROR collecting tests/autogen_op/albert/albert-base-v2/test_albert_albert-base-v2_aten_addmm_default.py _
ImportError while importing test module '/Users/Ajay17/pytorch2.0_ttnn/tests/autogen_op/albert/albert-base-v2/test_albert_albert-base-v2_aten_addmm_default.py'.
Hint: make sure your test modules/packages have valid Python names.
Traceback:
../.pyenv/versions/3.11.10/lib/python3.11/importlib/__init__.py:126: in import_module
    return _bootstrap._gcd_import(name[level:], package, level)
           ^^^^^^^^^^^^^^^^^^^^^^^^^^^^^^^^^^^^^^^^^^^^^^^^^^^^
tests/autogen_op/albert/albert-base-v2/test_albert_albert-base-v2_aten_addmm_default.py:8: in <module>
    import ttnn
E   ModuleNotFoundError: No module named 'ttnn'
_ ERROR collecting tests/autogen_op/albert/albert-base-v2/test_albert_albert-base-v2_aten_bmm_default.py _
ImportError while importing test module '/Users/Ajay17/pytorch2.0_ttnn/tests/autogen_op/albert/albert-base-v2/test_albert_albert-base-v2_aten_bmm_default.py'.
Hint: make sure your test modules/packages have valid Python names.
Traceback:
../.pyenv/versions/3.11.10/lib/python3.11/importlib/__init__.py:126: in import_module
    return _bootstrap._gcd_import(name[level:], package, level)
           ^^^^^^^^^^^^^^^^^^^^^^^^^^^^^^^^^^^^^^^^^^^^^^^^^^^^
tests/autogen_op/albert/albert-base-v2/test_albert_albert-base-v2_aten_bmm_default.py:8: in <module>
    import ttnn
E   ModuleNotFoundError: No module named 'ttnn'
_ ERROR collecting tests/autogen_op/albert/albert-base-v2/test_albert_albert-base-v2_aten_clone_default.py _
ImportError while importing test module '/Users/Ajay17/pytorch2.0_ttnn/tests/autogen_op/albert/albert-base-v2/test_albert_albert-base-v2_aten_clone_default.py'.
Hint: make sure your test modules/packages have valid Python names.
Traceback:
../.pyenv/versions/3.11.10/lib/python3.11/importlib/__init__.py:126: in import_module
    return _bootstrap._gcd_import(name[level:], package, level)
           ^^^^^^^^^^^^^^^^^^^^^^^^^^^^^^^^^^^^^^^^^^^^^^^^^^^^
tests/autogen_op/albert/albert-base-v2/test_albert_albert-base-v2_aten_clone_default.py:8: in <module>
    import ttnn
E   ModuleNotFoundError: No module named 'ttnn'
_ ERROR collecting tests/autogen_op/albert/albert-base-v2/test_albert_albert-base-v2_aten_div_Tensor.py _
ImportError while importing test module '/Users/Ajay17/pytorch2.0_ttnn/tests/autogen_op/albert/albert-base-v2/test_albert_albert-base-v2_aten_div_Tensor.py'.
Hint: make sure your test modules/packages have valid Python names.
Traceback:
../.pyenv/versions/3.11.10/lib/python3.11/importlib/__init__.py:126: in import_module
    return _bootstrap._gcd_import(name[level:], package, level)
           ^^^^^^^^^^^^^^^^^^^^^^^^^^^^^^^^^^^^^^^^^^^^^^^^^^^^
tests/autogen_op/albert/albert-base-v2/test_albert_albert-base-v2_aten_div_Tensor.py:8: in <module>
    import ttnn
E   ModuleNotFoundError: No module named 'ttnn'
_ ERROR collecting tests/autogen_op/albert/albert-base-v2/test_albert_albert-base-v2_aten_embedding_default.py _
ImportError while importing test module '/Users/Ajay17/pytorch2.0_ttnn/tests/autogen_op/albert/albert-base-v2/test_albert_albert-base-v2_aten_embedding_default.py'.
Hint: make sure your test modules/packages have valid Python names.
Traceback:
../.pyenv/versions/3.11.10/lib/python3.11/importlib/__init__.py:126: in import_module
    return _bootstrap._gcd_import(name[level:], package, level)
           ^^^^^^^^^^^^^^^^^^^^^^^^^^^^^^^^^^^^^^^^^^^^^^^^^^^^
tests/autogen_op/albert/albert-base-v2/test_albert_albert-base-v2_aten_embedding_default.py:8: in <module>
    import ttnn
E   ModuleNotFoundError: No module named 'ttnn'
_ ERROR collecting tests/autogen_op/albert/albert-base-v2/test_albert_albert-base-v2_aten_expand_default.py _
ImportError while importing test module '/Users/Ajay17/pytorch2.0_ttnn/tests/autogen_op/albert/albert-base-v2/test_albert_albert-base-v2_aten_expand_default.py'.
Hint: make sure your test modules/packages have valid Python names.
Traceback:
../.pyenv/versions/3.11.10/lib/python3.11/importlib/__init__.py:126: in import_module
    return _bootstrap._gcd_import(name[level:], package, level)
           ^^^^^^^^^^^^^^^^^^^^^^^^^^^^^^^^^^^^^^^^^^^^^^^^^^^^
tests/autogen_op/albert/albert-base-v2/test_albert_albert-base-v2_aten_expand_default.py:8: in <module>
    import ttnn
E   ModuleNotFoundError: No module named 'ttnn'
_ ERROR collecting tests/autogen_op/albert/albert-base-v2/test_albert_albert-base-v2_aten_mul_Tensor.py _
ImportError while importing test module '/Users/Ajay17/pytorch2.0_ttnn/tests/autogen_op/albert/albert-base-v2/test_albert_albert-base-v2_aten_mul_Tensor.py'.
Hint: make sure your test modules/packages have valid Python names.
Traceback:
../.pyenv/versions/3.11.10/lib/python3.11/importlib/__init__.py:126: in import_module
    return _bootstrap._gcd_import(name[level:], package, level)
           ^^^^^^^^^^^^^^^^^^^^^^^^^^^^^^^^^^^^^^^^^^^^^^^^^^^^
tests/autogen_op/albert/albert-base-v2/test_albert_albert-base-v2_aten_mul_Tensor.py:8: in <module>
    import ttnn
E   ModuleNotFoundError: No module named 'ttnn'
_ ERROR collecting tests/autogen_op/albert/albert-base-v2/test_albert_albert-base-v2_aten_native_layer_norm_default.py _
ImportError while importing test module '/Users/Ajay17/pytorch2.0_ttnn/tests/autogen_op/albert/albert-base-v2/test_albert_albert-base-v2_aten_native_layer_norm_default.py'.
Hint: make sure your test modules/packages have valid Python names.
Traceback:
../.pyenv/versions/3.11.10/lib/python3.11/importlib/__init__.py:126: in import_module
    return _bootstrap._gcd_import(name[level:], package, level)
           ^^^^^^^^^^^^^^^^^^^^^^^^^^^^^^^^^^^^^^^^^^^^^^^^^^^^
tests/autogen_op/albert/albert-base-v2/test_albert_albert-base-v2_aten_native_layer_norm_default.py:8: in <module>
    import ttnn
E   ModuleNotFoundError: No module named 'ttnn'
_ ERROR collecting tests/autogen_op/albert/albert-base-v2/test_albert_albert-base-v2_aten_permute_default.py _
ImportError while importing test module '/Users/Ajay17/pytorch2.0_ttnn/tests/autogen_op/albert/albert-base-v2/test_albert_albert-base-v2_aten_permute_default.py'.
Hint: make sure your test modules/packages have valid Python names.
Traceback:
../.pyenv/versions/3.11.10/lib/python3.11/importlib/__init__.py:126: in import_module
    return _bootstrap._gcd_import(name[level:], package, level)
           ^^^^^^^^^^^^^^^^^^^^^^^^^^^^^^^^^^^^^^^^^^^^^^^^^^^^
tests/autogen_op/albert/albert-base-v2/test_albert_albert-base-v2_aten_permute_default.py:8: in <module>
    import ttnn
E   ModuleNotFoundError: No module named 'ttnn'
_ ERROR collecting tests/autogen_op/albert/albert-base-v2/test_albert_albert-base-v2_aten_pow_Tensor_Scalar.py _
ImportError while importing test module '/Users/Ajay17/pytorch2.0_ttnn/tests/autogen_op/albert/albert-base-v2/test_albert_albert-base-v2_aten_pow_Tensor_Scalar.py'.
Hint: make sure your test modules/packages have valid Python names.
Traceback:
../.pyenv/versions/3.11.10/lib/python3.11/importlib/__init__.py:126: in import_module
    return _bootstrap._gcd_import(name[level:], package, level)
           ^^^^^^^^^^^^^^^^^^^^^^^^^^^^^^^^^^^^^^^^^^^^^^^^^^^^
tests/autogen_op/albert/albert-base-v2/test_albert_albert-base-v2_aten_pow_Tensor_Scalar.py:8: in <module>
    import ttnn
E   ModuleNotFoundError: No module named 'ttnn'
_ ERROR collecting tests/autogen_op/albert/albert-base-v2/test_albert_albert-base-v2_aten_rsub_Scalar.py _
ImportError while importing test module '/Users/Ajay17/pytorch2.0_ttnn/tests/autogen_op/albert/albert-base-v2/test_albert_albert-base-v2_aten_rsub_Scalar.py'.
Hint: make sure your test modules/packages have valid Python names.
Traceback:
../.pyenv/versions/3.11.10/lib/python3.11/importlib/__init__.py:126: in import_module
    return _bootstrap._gcd_import(name[level:], package, level)
           ^^^^^^^^^^^^^^^^^^^^^^^^^^^^^^^^^^^^^^^^^^^^^^^^^^^^
tests/autogen_op/albert/albert-base-v2/test_albert_albert-base-v2_aten_rsub_Scalar.py:8: in <module>
    import ttnn
E   ModuleNotFoundError: No module named 'ttnn'
_ ERROR collecting tests/autogen_op/albert/albert-base-v2/test_albert_albert-base-v2_aten_slice_Tensor.py _
ImportError while importing test module '/Users/Ajay17/pytorch2.0_ttnn/tests/autogen_op/albert/albert-base-v2/test_albert_albert-base-v2_aten_slice_Tensor.py'.
Hint: make sure your test modules/packages have valid Python names.
Traceback:
../.pyenv/versions/3.11.10/lib/python3.11/importlib/__init__.py:126: in import_module
    return _bootstrap._gcd_import(name[level:], package, level)
           ^^^^^^^^^^^^^^^^^^^^^^^^^^^^^^^^^^^^^^^^^^^^^^^^^^^^
tests/autogen_op/albert/albert-base-v2/test_albert_albert-base-v2_aten_slice_Tensor.py:8: in <module>
    import ttnn
E   ModuleNotFoundError: No module named 'ttnn'
_ ERROR collecting tests/autogen_op/albert/albert-base-v2/test_albert_albert-base-v2_aten_t_default.py _
ImportError while importing test module '/Users/Ajay17/pytorch2.0_ttnn/tests/autogen_op/albert/albert-base-v2/test_albert_albert-base-v2_aten_t_default.py'.
Hint: make sure your test modules/packages have valid Python names.
Traceback:
../.pyenv/versions/3.11.10/lib/python3.11/importlib/__init__.py:126: in import_module
    return _bootstrap._gcd_import(name[level:], package, level)
           ^^^^^^^^^^^^^^^^^^^^^^^^^^^^^^^^^^^^^^^^^^^^^^^^^^^^
tests/autogen_op/albert/albert-base-v2/test_albert_albert-base-v2_aten_t_default.py:8: in <module>
    import ttnn
E   ModuleNotFoundError: No module named 'ttnn'
_ ERROR collecting tests/autogen_op/albert/albert-base-v2/test_albert_albert-base-v2_aten_tanh_default.py _
ImportError while importing test module '/Users/Ajay17/pytorch2.0_ttnn/tests/autogen_op/albert/albert-base-v2/test_albert_albert-base-v2_aten_tanh_default.py'.
Hint: make sure your test modules/packages have valid Python names.
Traceback:
../.pyenv/versions/3.11.10/lib/python3.11/importlib/__init__.py:126: in import_module
    return _bootstrap._gcd_import(name[level:], package, level)
           ^^^^^^^^^^^^^^^^^^^^^^^^^^^^^^^^^^^^^^^^^^^^^^^^^^^^
tests/autogen_op/albert/albert-base-v2/test_albert_albert-base-v2_aten_tanh_default.py:8: in <module>
    import ttnn
E   ModuleNotFoundError: No module named 'ttnn'
_ ERROR collecting tests/autogen_op/albert/albert-base-v2/test_albert_albert-base-v2_aten_transpose_int.py _
ImportError while importing test module '/Users/Ajay17/pytorch2.0_ttnn/tests/autogen_op/albert/albert-base-v2/test_albert_albert-base-v2_aten_transpose_int.py'.
Hint: make sure your test modules/packages have valid Python names.
Traceback:
../.pyenv/versions/3.11.10/lib/python3.11/importlib/__init__.py:126: in import_module
    return _bootstrap._gcd_import(name[level:], package, level)
           ^^^^^^^^^^^^^^^^^^^^^^^^^^^^^^^^^^^^^^^^^^^^^^^^^^^^
tests/autogen_op/albert/albert-base-v2/test_albert_albert-base-v2_aten_transpose_int.py:8: in <module>
    import ttnn
E   ModuleNotFoundError: No module named 'ttnn'
_ ERROR collecting tests/autogen_op/albert/albert-base-v2/test_albert_albert-base-v2_aten_unsqueeze_default.py _
ImportError while importing test module '/Users/Ajay17/pytorch2.0_ttnn/tests/autogen_op/albert/albert-base-v2/test_albert_albert-base-v2_aten_unsqueeze_default.py'.
Hint: make sure your test modules/packages have valid Python names.
Traceback:
../.pyenv/versions/3.11.10/lib/python3.11/importlib/__init__.py:126: in import_module
    return _bootstrap._gcd_import(name[level:], package, level)
           ^^^^^^^^^^^^^^^^^^^^^^^^^^^^^^^^^^^^^^^^^^^^^^^^^^^^
tests/autogen_op/albert/albert-base-v2/test_albert_albert-base-v2_aten_unsqueeze_default.py:8: in <module>
    import ttnn
E   ModuleNotFoundError: No module named 'ttnn'
_ ERROR collecting tests/autogen_op/albert/albert-base-v2/test_albert_albert-base-v2_aten_view_default.py _
ImportError while importing test module '/Users/Ajay17/pytorch2.0_ttnn/tests/autogen_op/albert/albert-base-v2/test_albert_albert-base-v2_aten_view_default.py'.
Hint: make sure your test modules/packages have valid Python names.
Traceback:
../.pyenv/versions/3.11.10/lib/python3.11/importlib/__init__.py:126: in import_module
    return _bootstrap._gcd_import(name[level:], package, level)
           ^^^^^^^^^^^^^^^^^^^^^^^^^^^^^^^^^^^^^^^^^^^^^^^^^^^^
tests/autogen_op/albert/albert-base-v2/test_albert_albert-base-v2_aten_view_default.py:8: in <module>
    import ttnn
E   ModuleNotFoundError: No module named 'ttnn'
_ ERROR collecting tests/autogen_op/albert/albert-base-v2-classification/test_albert_albert-base-v2-classification_aten__softmax_default.py _
ImportError while importing test module '/Users/Ajay17/pytorch2.0_ttnn/tests/autogen_op/albert/albert-base-v2-classification/test_albert_albert-base-v2-classification_aten__softmax_default.py'.
Hint: make sure your test modules/packages have valid Python names.
Traceback:
../.pyenv/versions/3.11.10/lib/python3.11/importlib/__init__.py:126: in import_module
    return _bootstrap._gcd_import(name[level:], package, level)
           ^^^^^^^^^^^^^^^^^^^^^^^^^^^^^^^^^^^^^^^^^^^^^^^^^^^^
tests/autogen_op/albert/albert-base-v2-classification/test_albert_albert-base-v2-classification_aten__softmax_default.py:8: in <module>
    import ttnn
E   ModuleNotFoundError: No module named 'ttnn'
_ ERROR collecting tests/autogen_op/albert/albert-base-v2-classification/test_albert_albert-base-v2-classification_aten__to_copy_default.py _
ImportError while importing test module '/Users/Ajay17/pytorch2.0_ttnn/tests/autogen_op/albert/albert-base-v2-classification/test_albert_albert-base-v2-classification_aten__to_copy_default.py'.
Hint: make sure your test modules/packages have valid Python names.
Traceback:
../.pyenv/versions/3.11.10/lib/python3.11/importlib/__init__.py:126: in import_module
    return _bootstrap._gcd_import(name[level:], package, level)
           ^^^^^^^^^^^^^^^^^^^^^^^^^^^^^^^^^^^^^^^^^^^^^^^^^^^^
tests/autogen_op/albert/albert-base-v2-classification/test_albert_albert-base-v2-classification_aten__to_copy_default.py:8: in <module>
    import ttnn
E   ModuleNotFoundError: No module named 'ttnn'
_ ERROR collecting tests/autogen_op/albert/albert-base-v2-classification/test_albert_albert-base-v2-classification_aten__unsafe_view_default.py _
ImportError while importing test module '/Users/Ajay17/pytorch2.0_ttnn/tests/autogen_op/albert/albert-base-v2-classification/test_albert_albert-base-v2-classification_aten__unsafe_view_default.py'.
Hint: make sure your test modules/packages have valid Python names.
Traceback:
../.pyenv/versions/3.11.10/lib/python3.11/importlib/__init__.py:126: in import_module
    return _bootstrap._gcd_import(name[level:], package, level)
           ^^^^^^^^^^^^^^^^^^^^^^^^^^^^^^^^^^^^^^^^^^^^^^^^^^^^
tests/autogen_op/albert/albert-base-v2-classification/test_albert_albert-base-v2-classification_aten__unsafe_view_default.py:8: in <module>
    import ttnn
E   ModuleNotFoundError: No module named 'ttnn'
_ ERROR collecting tests/autogen_op/albert/albert-base-v2-classification/test_albert_albert-base-v2-classification_aten_add_Tensor.py _
ImportError while importing test module '/Users/Ajay17/pytorch2.0_ttnn/tests/autogen_op/albert/albert-base-v2-classification/test_albert_albert-base-v2-classification_aten_add_Tensor.py'.
Hint: make sure your test modules/packages have valid Python names.
Traceback:
../.pyenv/versions/3.11.10/lib/python3.11/importlib/__init__.py:126: in import_module
    return _bootstrap._gcd_import(name[level:], package, level)
           ^^^^^^^^^^^^^^^^^^^^^^^^^^^^^^^^^^^^^^^^^^^^^^^^^^^^
tests/autogen_op/albert/albert-base-v2-classification/test_albert_albert-base-v2-classification_aten_add_Tensor.py:8: in <module>
    import ttnn
E   ModuleNotFoundError: No module named 'ttnn'
_ ERROR collecting tests/autogen_op/albert/albert-base-v2-classification/test_albert_albert-base-v2-classification_aten_addmm_default.py _
ImportError while importing test module '/Users/Ajay17/pytorch2.0_ttnn/tests/autogen_op/albert/albert-base-v2-classification/test_albert_albert-base-v2-classification_aten_addmm_default.py'.
Hint: make sure your test modules/packages have valid Python names.
Traceback:
../.pyenv/versions/3.11.10/lib/python3.11/importlib/__init__.py:126: in import_module
    return _bootstrap._gcd_import(name[level:], package, level)
           ^^^^^^^^^^^^^^^^^^^^^^^^^^^^^^^^^^^^^^^^^^^^^^^^^^^^
tests/autogen_op/albert/albert-base-v2-classification/test_albert_albert-base-v2-classification_aten_addmm_default.py:8: in <module>
    import ttnn
E   ModuleNotFoundError: No module named 'ttnn'
_ ERROR collecting tests/autogen_op/albert/albert-base-v2-classification/test_albert_albert-base-v2-classification_aten_bmm_default.py _
ImportError while importing test module '/Users/Ajay17/pytorch2.0_ttnn/tests/autogen_op/albert/albert-base-v2-classification/test_albert_albert-base-v2-classification_aten_bmm_default.py'.
Hint: make sure your test modules/packages have valid Python names.
Traceback:
../.pyenv/versions/3.11.10/lib/python3.11/importlib/__init__.py:126: in import_module
    return _bootstrap._gcd_import(name[level:], package, level)
           ^^^^^^^^^^^^^^^^^^^^^^^^^^^^^^^^^^^^^^^^^^^^^^^^^^^^
tests/autogen_op/albert/albert-base-v2-classification/test_albert_albert-base-v2-classification_aten_bmm_default.py:8: in <module>
    import ttnn
E   ModuleNotFoundError: No module named 'ttnn'
_ ERROR collecting tests/autogen_op/albert/albert-base-v2-classification/test_albert_albert-base-v2-classification_aten_clone_default.py _
ImportError while importing test module '/Users/Ajay17/pytorch2.0_ttnn/tests/autogen_op/albert/albert-base-v2-classification/test_albert_albert-base-v2-classification_aten_clone_default.py'.
Hint: make sure your test modules/packages have valid Python names.
Traceback:
../.pyenv/versions/3.11.10/lib/python3.11/importlib/__init__.py:126: in import_module
    return _bootstrap._gcd_import(name[level:], package, level)
           ^^^^^^^^^^^^^^^^^^^^^^^^^^^^^^^^^^^^^^^^^^^^^^^^^^^^
tests/autogen_op/albert/albert-base-v2-classification/test_albert_albert-base-v2-classification_aten_clone_default.py:8: in <module>
    import ttnn
E   ModuleNotFoundError: No module named 'ttnn'
_ ERROR collecting tests/autogen_op/albert/albert-base-v2-classification/test_albert_albert-base-v2-classification_aten_div_Tensor.py _
ImportError while importing test module '/Users/Ajay17/pytorch2.0_ttnn/tests/autogen_op/albert/albert-base-v2-classification/test_albert_albert-base-v2-classification_aten_div_Tensor.py'.
Hint: make sure your test modules/packages have valid Python names.
Traceback:
../.pyenv/versions/3.11.10/lib/python3.11/importlib/__init__.py:126: in import_module
    return _bootstrap._gcd_import(name[level:], package, level)
           ^^^^^^^^^^^^^^^^^^^^^^^^^^^^^^^^^^^^^^^^^^^^^^^^^^^^
tests/autogen_op/albert/albert-base-v2-classification/test_albert_albert-base-v2-classification_aten_div_Tensor.py:8: in <module>
    import ttnn
E   ModuleNotFoundError: No module named 'ttnn'
_ ERROR collecting tests/autogen_op/albert/albert-base-v2-classification/test_albert_albert-base-v2-classification_aten_embedding_default.py _
ImportError while importing test module '/Users/Ajay17/pytorch2.0_ttnn/tests/autogen_op/albert/albert-base-v2-classification/test_albert_albert-base-v2-classification_aten_embedding_default.py'.
Hint: make sure your test modules/packages have valid Python names.
Traceback:
../.pyenv/versions/3.11.10/lib/python3.11/importlib/__init__.py:126: in import_module
    return _bootstrap._gcd_import(name[level:], package, level)
           ^^^^^^^^^^^^^^^^^^^^^^^^^^^^^^^^^^^^^^^^^^^^^^^^^^^^
tests/autogen_op/albert/albert-base-v2-classification/test_albert_albert-base-v2-classification_aten_embedding_default.py:8: in <module>
    import ttnn
E   ModuleNotFoundError: No module named 'ttnn'
_ ERROR collecting tests/autogen_op/albert/albert-base-v2-classification/test_albert_albert-base-v2-classification_aten_expand_default.py _
ImportError while importing test module '/Users/Ajay17/pytorch2.0_ttnn/tests/autogen_op/albert/albert-base-v2-classification/test_albert_albert-base-v2-classification_aten_expand_default.py'.
Hint: make sure your test modules/packages have valid Python names.
Traceback:
../.pyenv/versions/3.11.10/lib/python3.11/importlib/__init__.py:126: in import_module
    return _bootstrap._gcd_import(name[level:], package, level)
           ^^^^^^^^^^^^^^^^^^^^^^^^^^^^^^^^^^^^^^^^^^^^^^^^^^^^
tests/autogen_op/albert/albert-base-v2-classification/test_albert_albert-base-v2-classification_aten_expand_default.py:8: in <module>
    import ttnn
E   ModuleNotFoundError: No module named 'ttnn'
_ ERROR collecting tests/autogen_op/albert/albert-base-v2-classification/test_albert_albert-base-v2-classification_aten_mul_Tensor.py _
ImportError while importing test module '/Users/Ajay17/pytorch2.0_ttnn/tests/autogen_op/albert/albert-base-v2-classification/test_albert_albert-base-v2-classification_aten_mul_Tensor.py'.
Hint: make sure your test modules/packages have valid Python names.
Traceback:
../.pyenv/versions/3.11.10/lib/python3.11/importlib/__init__.py:126: in import_module
    return _bootstrap._gcd_import(name[level:], package, level)
           ^^^^^^^^^^^^^^^^^^^^^^^^^^^^^^^^^^^^^^^^^^^^^^^^^^^^
tests/autogen_op/albert/albert-base-v2-classification/test_albert_albert-base-v2-classification_aten_mul_Tensor.py:8: in <module>
    import ttnn
E   ModuleNotFoundError: No module named 'ttnn'
_ ERROR collecting tests/autogen_op/albert/albert-base-v2-classification/test_albert_albert-base-v2-classification_aten_native_layer_norm_default.py _
ImportError while importing test module '/Users/Ajay17/pytorch2.0_ttnn/tests/autogen_op/albert/albert-base-v2-classification/test_albert_albert-base-v2-classification_aten_native_layer_norm_default.py'.
Hint: make sure your test modules/packages have valid Python names.
Traceback:
../.pyenv/versions/3.11.10/lib/python3.11/importlib/__init__.py:126: in import_module
    return _bootstrap._gcd_import(name[level:], package, level)
           ^^^^^^^^^^^^^^^^^^^^^^^^^^^^^^^^^^^^^^^^^^^^^^^^^^^^
tests/autogen_op/albert/albert-base-v2-classification/test_albert_albert-base-v2-classification_aten_native_layer_norm_default.py:8: in <module>
    import ttnn
E   ModuleNotFoundError: No module named 'ttnn'
_ ERROR collecting tests/autogen_op/albert/albert-base-v2-classification/test_albert_albert-base-v2-classification_aten_permute_default.py _
ImportError while importing test module '/Users/Ajay17/pytorch2.0_ttnn/tests/autogen_op/albert/albert-base-v2-classification/test_albert_albert-base-v2-classification_aten_permute_default.py'.
Hint: make sure your test modules/packages have valid Python names.
Traceback:
../.pyenv/versions/3.11.10/lib/python3.11/importlib/__init__.py:126: in import_module
    return _bootstrap._gcd_import(name[level:], package, level)
           ^^^^^^^^^^^^^^^^^^^^^^^^^^^^^^^^^^^^^^^^^^^^^^^^^^^^
tests/autogen_op/albert/albert-base-v2-classification/test_albert_albert-base-v2-classification_aten_permute_default.py:8: in <module>
    import ttnn
E   ModuleNotFoundError: No module named 'ttnn'
_ ERROR collecting tests/autogen_op/albert/albert-base-v2-classification/test_albert_albert-base-v2-classification_aten_pow_Tensor_Scalar.py _
ImportError while importing test module '/Users/Ajay17/pytorch2.0_ttnn/tests/autogen_op/albert/albert-base-v2-classification/test_albert_albert-base-v2-classification_aten_pow_Tensor_Scalar.py'.
Hint: make sure your test modules/packages have valid Python names.
Traceback:
../.pyenv/versions/3.11.10/lib/python3.11/importlib/__init__.py:126: in import_module
    return _bootstrap._gcd_import(name[level:], package, level)
           ^^^^^^^^^^^^^^^^^^^^^^^^^^^^^^^^^^^^^^^^^^^^^^^^^^^^
tests/autogen_op/albert/albert-base-v2-classification/test_albert_albert-base-v2-classification_aten_pow_Tensor_Scalar.py:8: in <module>
    import ttnn
E   ModuleNotFoundError: No module named 'ttnn'
_ ERROR collecting tests/autogen_op/albert/albert-base-v2-classification/test_albert_albert-base-v2-classification_aten_rsub_Scalar.py _
ImportError while importing test module '/Users/Ajay17/pytorch2.0_ttnn/tests/autogen_op/albert/albert-base-v2-classification/test_albert_albert-base-v2-classification_aten_rsub_Scalar.py'.
Hint: make sure your test modules/packages have valid Python names.
Traceback:
../.pyenv/versions/3.11.10/lib/python3.11/importlib/__init__.py:126: in import_module
    return _bootstrap._gcd_import(name[level:], package, level)
           ^^^^^^^^^^^^^^^^^^^^^^^^^^^^^^^^^^^^^^^^^^^^^^^^^^^^
tests/autogen_op/albert/albert-base-v2-classification/test_albert_albert-base-v2-classification_aten_rsub_Scalar.py:8: in <module>
    import ttnn
E   ModuleNotFoundError: No module named 'ttnn'
_ ERROR collecting tests/autogen_op/albert/albert-base-v2-classification/test_albert_albert-base-v2-classification_aten_slice_Tensor.py _
ImportError while importing test module '/Users/Ajay17/pytorch2.0_ttnn/tests/autogen_op/albert/albert-base-v2-classification/test_albert_albert-base-v2-classification_aten_slice_Tensor.py'.
Hint: make sure your test modules/packages have valid Python names.
Traceback:
../.pyenv/versions/3.11.10/lib/python3.11/importlib/__init__.py:126: in import_module
    return _bootstrap._gcd_import(name[level:], package, level)
           ^^^^^^^^^^^^^^^^^^^^^^^^^^^^^^^^^^^^^^^^^^^^^^^^^^^^
tests/autogen_op/albert/albert-base-v2-classification/test_albert_albert-base-v2-classification_aten_slice_Tensor.py:8: in <module>
    import ttnn
E   ModuleNotFoundError: No module named 'ttnn'
_ ERROR collecting tests/autogen_op/albert/albert-base-v2-classification/test_albert_albert-base-v2-classification_aten_t_default.py _
ImportError while importing test module '/Users/Ajay17/pytorch2.0_ttnn/tests/autogen_op/albert/albert-base-v2-classification/test_albert_albert-base-v2-classification_aten_t_default.py'.
Hint: make sure your test modules/packages have valid Python names.
Traceback:
../.pyenv/versions/3.11.10/lib/python3.11/importlib/__init__.py:126: in import_module
    return _bootstrap._gcd_import(name[level:], package, level)
           ^^^^^^^^^^^^^^^^^^^^^^^^^^^^^^^^^^^^^^^^^^^^^^^^^^^^
tests/autogen_op/albert/albert-base-v2-classification/test_albert_albert-base-v2-classification_aten_t_default.py:8: in <module>
    import ttnn
E   ModuleNotFoundError: No module named 'ttnn'
_ ERROR collecting tests/autogen_op/albert/albert-base-v2-classification/test_albert_albert-base-v2-classification_aten_tanh_default.py _
ImportError while importing test module '/Users/Ajay17/pytorch2.0_ttnn/tests/autogen_op/albert/albert-base-v2-classification/test_albert_albert-base-v2-classification_aten_tanh_default.py'.
Hint: make sure your test modules/packages have valid Python names.
Traceback:
../.pyenv/versions/3.11.10/lib/python3.11/importlib/__init__.py:126: in import_module
    return _bootstrap._gcd_import(name[level:], package, level)
           ^^^^^^^^^^^^^^^^^^^^^^^^^^^^^^^^^^^^^^^^^^^^^^^^^^^^
tests/autogen_op/albert/albert-base-v2-classification/test_albert_albert-base-v2-classification_aten_tanh_default.py:8: in <module>
    import ttnn
E   ModuleNotFoundError: No module named 'ttnn'
_ ERROR collecting tests/autogen_op/albert/albert-base-v2-classification/test_albert_albert-base-v2-classification_aten_transpose_int.py _
ImportError while importing test module '/Users/Ajay17/pytorch2.0_ttnn/tests/autogen_op/albert/albert-base-v2-classification/test_albert_albert-base-v2-classification_aten_transpose_int.py'.
Hint: make sure your test modules/packages have valid Python names.
Traceback:
../.pyenv/versions/3.11.10/lib/python3.11/importlib/__init__.py:126: in import_module
    return _bootstrap._gcd_import(name[level:], package, level)
           ^^^^^^^^^^^^^^^^^^^^^^^^^^^^^^^^^^^^^^^^^^^^^^^^^^^^
tests/autogen_op/albert/albert-base-v2-classification/test_albert_albert-base-v2-classification_aten_transpose_int.py:8: in <module>
    import ttnn
E   ModuleNotFoundError: No module named 'ttnn'
_ ERROR collecting tests/autogen_op/albert/albert-base-v2-classification/test_albert_albert-base-v2-classification_aten_unsqueeze_default.py _
ImportError while importing test module '/Users/Ajay17/pytorch2.0_ttnn/tests/autogen_op/albert/albert-base-v2-classification/test_albert_albert-base-v2-classification_aten_unsqueeze_default.py'.
Hint: make sure your test modules/packages have valid Python names.
Traceback:
../.pyenv/versions/3.11.10/lib/python3.11/importlib/__init__.py:126: in import_module
    return _bootstrap._gcd_import(name[level:], package, level)
           ^^^^^^^^^^^^^^^^^^^^^^^^^^^^^^^^^^^^^^^^^^^^^^^^^^^^
tests/autogen_op/albert/albert-base-v2-classification/test_albert_albert-base-v2-classification_aten_unsqueeze_default.py:8: in <module>
    import ttnn
E   ModuleNotFoundError: No module named 'ttnn'
_ ERROR collecting tests/autogen_op/albert/albert-base-v2-classification/test_albert_albert-base-v2-classification_aten_view_default.py _
ImportError while importing test module '/Users/Ajay17/pytorch2.0_ttnn/tests/autogen_op/albert/albert-base-v2-classification/test_albert_albert-base-v2-classification_aten_view_default.py'.
Hint: make sure your test modules/packages have valid Python names.
Traceback:
../.pyenv/versions/3.11.10/lib/python3.11/importlib/__init__.py:126: in import_module
    return _bootstrap._gcd_import(name[level:], package, level)
           ^^^^^^^^^^^^^^^^^^^^^^^^^^^^^^^^^^^^^^^^^^^^^^^^^^^^
tests/autogen_op/albert/albert-base-v2-classification/test_albert_albert-base-v2-classification_aten_view_default.py:8: in <module>
    import ttnn
E   ModuleNotFoundError: No module named 'ttnn'
_ ERROR collecting tests/autogen_op/albert/albert-large-v2/test_albert_albert-large-v2_aten__softmax_default.py _
ImportError while importing test module '/Users/Ajay17/pytorch2.0_ttnn/tests/autogen_op/albert/albert-large-v2/test_albert_albert-large-v2_aten__softmax_default.py'.
Hint: make sure your test modules/packages have valid Python names.
Traceback:
../.pyenv/versions/3.11.10/lib/python3.11/importlib/__init__.py:126: in import_module
    return _bootstrap._gcd_import(name[level:], package, level)
           ^^^^^^^^^^^^^^^^^^^^^^^^^^^^^^^^^^^^^^^^^^^^^^^^^^^^
tests/autogen_op/albert/albert-large-v2/test_albert_albert-large-v2_aten__softmax_default.py:8: in <module>
    import ttnn
E   ModuleNotFoundError: No module named 'ttnn'
_ ERROR collecting tests/autogen_op/albert/albert-large-v2/test_albert_albert-large-v2_aten__to_copy_default.py _
ImportError while importing test module '/Users/Ajay17/pytorch2.0_ttnn/tests/autogen_op/albert/albert-large-v2/test_albert_albert-large-v2_aten__to_copy_default.py'.
Hint: make sure your test modules/packages have valid Python names.
Traceback:
../.pyenv/versions/3.11.10/lib/python3.11/importlib/__init__.py:126: in import_module
    return _bootstrap._gcd_import(name[level:], package, level)
           ^^^^^^^^^^^^^^^^^^^^^^^^^^^^^^^^^^^^^^^^^^^^^^^^^^^^
tests/autogen_op/albert/albert-large-v2/test_albert_albert-large-v2_aten__to_copy_default.py:8: in <module>
    import ttnn
E   ModuleNotFoundError: No module named 'ttnn'
_ ERROR collecting tests/autogen_op/albert/albert-large-v2/test_albert_albert-large-v2_aten__unsafe_view_default.py _
ImportError while importing test module '/Users/Ajay17/pytorch2.0_ttnn/tests/autogen_op/albert/albert-large-v2/test_albert_albert-large-v2_aten__unsafe_view_default.py'.
Hint: make sure your test modules/packages have valid Python names.
Traceback:
../.pyenv/versions/3.11.10/lib/python3.11/importlib/__init__.py:126: in import_module
    return _bootstrap._gcd_import(name[level:], package, level)
           ^^^^^^^^^^^^^^^^^^^^^^^^^^^^^^^^^^^^^^^^^^^^^^^^^^^^
tests/autogen_op/albert/albert-large-v2/test_albert_albert-large-v2_aten__unsafe_view_default.py:8: in <module>
    import ttnn
E   ModuleNotFoundError: No module named 'ttnn'
_ ERROR collecting tests/autogen_op/albert/albert-large-v2/test_albert_albert-large-v2_aten_add_Tensor.py _
ImportError while importing test module '/Users/Ajay17/pytorch2.0_ttnn/tests/autogen_op/albert/albert-large-v2/test_albert_albert-large-v2_aten_add_Tensor.py'.
Hint: make sure your test modules/packages have valid Python names.
Traceback:
../.pyenv/versions/3.11.10/lib/python3.11/importlib/__init__.py:126: in import_module
    return _bootstrap._gcd_import(name[level:], package, level)
           ^^^^^^^^^^^^^^^^^^^^^^^^^^^^^^^^^^^^^^^^^^^^^^^^^^^^
tests/autogen_op/albert/albert-large-v2/test_albert_albert-large-v2_aten_add_Tensor.py:8: in <module>
    import ttnn
E   ModuleNotFoundError: No module named 'ttnn'
_ ERROR collecting tests/autogen_op/albert/albert-large-v2/test_albert_albert-large-v2_aten_addmm_default.py _
ImportError while importing test module '/Users/Ajay17/pytorch2.0_ttnn/tests/autogen_op/albert/albert-large-v2/test_albert_albert-large-v2_aten_addmm_default.py'.
Hint: make sure your test modules/packages have valid Python names.
Traceback:
../.pyenv/versions/3.11.10/lib/python3.11/importlib/__init__.py:126: in import_module
    return _bootstrap._gcd_import(name[level:], package, level)
           ^^^^^^^^^^^^^^^^^^^^^^^^^^^^^^^^^^^^^^^^^^^^^^^^^^^^
tests/autogen_op/albert/albert-large-v2/test_albert_albert-large-v2_aten_addmm_default.py:8: in <module>
    import ttnn
E   ModuleNotFoundError: No module named 'ttnn'
_ ERROR collecting tests/autogen_op/albert/albert-large-v2/test_albert_albert-large-v2_aten_bmm_default.py _
ImportError while importing test module '/Users/Ajay17/pytorch2.0_ttnn/tests/autogen_op/albert/albert-large-v2/test_albert_albert-large-v2_aten_bmm_default.py'.
Hint: make sure your test modules/packages have valid Python names.
Traceback:
../.pyenv/versions/3.11.10/lib/python3.11/importlib/__init__.py:126: in import_module
    return _bootstrap._gcd_import(name[level:], package, level)
           ^^^^^^^^^^^^^^^^^^^^^^^^^^^^^^^^^^^^^^^^^^^^^^^^^^^^
tests/autogen_op/albert/albert-large-v2/test_albert_albert-large-v2_aten_bmm_default.py:8: in <module>
    import ttnn
E   ModuleNotFoundError: No module named 'ttnn'
_ ERROR collecting tests/autogen_op/albert/albert-large-v2/test_albert_albert-large-v2_aten_clone_default.py _
ImportError while importing test module '/Users/Ajay17/pytorch2.0_ttnn/tests/autogen_op/albert/albert-large-v2/test_albert_albert-large-v2_aten_clone_default.py'.
Hint: make sure your test modules/packages have valid Python names.
Traceback:
../.pyenv/versions/3.11.10/lib/python3.11/importlib/__init__.py:126: in import_module
    return _bootstrap._gcd_import(name[level:], package, level)
           ^^^^^^^^^^^^^^^^^^^^^^^^^^^^^^^^^^^^^^^^^^^^^^^^^^^^
tests/autogen_op/albert/albert-large-v2/test_albert_albert-large-v2_aten_clone_default.py:8: in <module>
    import ttnn
E   ModuleNotFoundError: No module named 'ttnn'
_ ERROR collecting tests/autogen_op/albert/albert-large-v2/test_albert_albert-large-v2_aten_div_Tensor.py _
ImportError while importing test module '/Users/Ajay17/pytorch2.0_ttnn/tests/autogen_op/albert/albert-large-v2/test_albert_albert-large-v2_aten_div_Tensor.py'.
Hint: make sure your test modules/packages have valid Python names.
Traceback:
../.pyenv/versions/3.11.10/lib/python3.11/importlib/__init__.py:126: in import_module
    return _bootstrap._gcd_import(name[level:], package, level)
           ^^^^^^^^^^^^^^^^^^^^^^^^^^^^^^^^^^^^^^^^^^^^^^^^^^^^
tests/autogen_op/albert/albert-large-v2/test_albert_albert-large-v2_aten_div_Tensor.py:8: in <module>
    import ttnn
E   ModuleNotFoundError: No module named 'ttnn'
_ ERROR collecting tests/autogen_op/albert/albert-large-v2/test_albert_albert-large-v2_aten_embedding_default.py _
ImportError while importing test module '/Users/Ajay17/pytorch2.0_ttnn/tests/autogen_op/albert/albert-large-v2/test_albert_albert-large-v2_aten_embedding_default.py'.
Hint: make sure your test modules/packages have valid Python names.
Traceback:
../.pyenv/versions/3.11.10/lib/python3.11/importlib/__init__.py:126: in import_module
    return _bootstrap._gcd_import(name[level:], package, level)
           ^^^^^^^^^^^^^^^^^^^^^^^^^^^^^^^^^^^^^^^^^^^^^^^^^^^^
tests/autogen_op/albert/albert-large-v2/test_albert_albert-large-v2_aten_embedding_default.py:8: in <module>
    import ttnn
E   ModuleNotFoundError: No module named 'ttnn'
_ ERROR collecting tests/autogen_op/albert/albert-large-v2/test_albert_albert-large-v2_aten_expand_default.py _
ImportError while importing test module '/Users/Ajay17/pytorch2.0_ttnn/tests/autogen_op/albert/albert-large-v2/test_albert_albert-large-v2_aten_expand_default.py'.
Hint: make sure your test modules/packages have valid Python names.
Traceback:
../.pyenv/versions/3.11.10/lib/python3.11/importlib/__init__.py:126: in import_module
    return _bootstrap._gcd_import(name[level:], package, level)
           ^^^^^^^^^^^^^^^^^^^^^^^^^^^^^^^^^^^^^^^^^^^^^^^^^^^^
tests/autogen_op/albert/albert-large-v2/test_albert_albert-large-v2_aten_expand_default.py:8: in <module>
    import ttnn
E   ModuleNotFoundError: No module named 'ttnn'
_ ERROR collecting tests/autogen_op/albert/albert-large-v2/test_albert_albert-large-v2_aten_mul_Tensor.py _
ImportError while importing test module '/Users/Ajay17/pytorch2.0_ttnn/tests/autogen_op/albert/albert-large-v2/test_albert_albert-large-v2_aten_mul_Tensor.py'.
Hint: make sure your test modules/packages have valid Python names.
Traceback:
../.pyenv/versions/3.11.10/lib/python3.11/importlib/__init__.py:126: in import_module
    return _bootstrap._gcd_import(name[level:], package, level)
           ^^^^^^^^^^^^^^^^^^^^^^^^^^^^^^^^^^^^^^^^^^^^^^^^^^^^
tests/autogen_op/albert/albert-large-v2/test_albert_albert-large-v2_aten_mul_Tensor.py:8: in <module>
    import ttnn
E   ModuleNotFoundError: No module named 'ttnn'
_ ERROR collecting tests/autogen_op/albert/albert-large-v2/test_albert_albert-large-v2_aten_native_layer_norm_default.py _
ImportError while importing test module '/Users/Ajay17/pytorch2.0_ttnn/tests/autogen_op/albert/albert-large-v2/test_albert_albert-large-v2_aten_native_layer_norm_default.py'.
Hint: make sure your test modules/packages have valid Python names.
Traceback:
../.pyenv/versions/3.11.10/lib/python3.11/importlib/__init__.py:126: in import_module
    return _bootstrap._gcd_import(name[level:], package, level)
           ^^^^^^^^^^^^^^^^^^^^^^^^^^^^^^^^^^^^^^^^^^^^^^^^^^^^
tests/autogen_op/albert/albert-large-v2/test_albert_albert-large-v2_aten_native_layer_norm_default.py:8: in <module>
    import ttnn
E   ModuleNotFoundError: No module named 'ttnn'
_ ERROR collecting tests/autogen_op/albert/albert-large-v2/test_albert_albert-large-v2_aten_permute_default.py _
ImportError while importing test module '/Users/Ajay17/pytorch2.0_ttnn/tests/autogen_op/albert/albert-large-v2/test_albert_albert-large-v2_aten_permute_default.py'.
Hint: make sure your test modules/packages have valid Python names.
Traceback:
../.pyenv/versions/3.11.10/lib/python3.11/importlib/__init__.py:126: in import_module
    return _bootstrap._gcd_import(name[level:], package, level)
           ^^^^^^^^^^^^^^^^^^^^^^^^^^^^^^^^^^^^^^^^^^^^^^^^^^^^
tests/autogen_op/albert/albert-large-v2/test_albert_albert-large-v2_aten_permute_default.py:8: in <module>
    import ttnn
E   ModuleNotFoundError: No module named 'ttnn'
_ ERROR collecting tests/autogen_op/albert/albert-large-v2/test_albert_albert-large-v2_aten_pow_Tensor_Scalar.py _
ImportError while importing test module '/Users/Ajay17/pytorch2.0_ttnn/tests/autogen_op/albert/albert-large-v2/test_albert_albert-large-v2_aten_pow_Tensor_Scalar.py'.
Hint: make sure your test modules/packages have valid Python names.
Traceback:
../.pyenv/versions/3.11.10/lib/python3.11/importlib/__init__.py:126: in import_module
    return _bootstrap._gcd_import(name[level:], package, level)
           ^^^^^^^^^^^^^^^^^^^^^^^^^^^^^^^^^^^^^^^^^^^^^^^^^^^^
tests/autogen_op/albert/albert-large-v2/test_albert_albert-large-v2_aten_pow_Tensor_Scalar.py:8: in <module>
    import ttnn
E   ModuleNotFoundError: No module named 'ttnn'
_ ERROR collecting tests/autogen_op/albert/albert-large-v2/test_albert_albert-large-v2_aten_rsub_Scalar.py _
ImportError while importing test module '/Users/Ajay17/pytorch2.0_ttnn/tests/autogen_op/albert/albert-large-v2/test_albert_albert-large-v2_aten_rsub_Scalar.py'.
Hint: make sure your test modules/packages have valid Python names.
Traceback:
../.pyenv/versions/3.11.10/lib/python3.11/importlib/__init__.py:126: in import_module
    return _bootstrap._gcd_import(name[level:], package, level)
           ^^^^^^^^^^^^^^^^^^^^^^^^^^^^^^^^^^^^^^^^^^^^^^^^^^^^
tests/autogen_op/albert/albert-large-v2/test_albert_albert-large-v2_aten_rsub_Scalar.py:8: in <module>
    import ttnn
E   ModuleNotFoundError: No module named 'ttnn'
_ ERROR collecting tests/autogen_op/albert/albert-large-v2/test_albert_albert-large-v2_aten_slice_Tensor.py _
ImportError while importing test module '/Users/Ajay17/pytorch2.0_ttnn/tests/autogen_op/albert/albert-large-v2/test_albert_albert-large-v2_aten_slice_Tensor.py'.
Hint: make sure your test modules/packages have valid Python names.
Traceback:
../.pyenv/versions/3.11.10/lib/python3.11/importlib/__init__.py:126: in import_module
    return _bootstrap._gcd_import(name[level:], package, level)
           ^^^^^^^^^^^^^^^^^^^^^^^^^^^^^^^^^^^^^^^^^^^^^^^^^^^^
tests/autogen_op/albert/albert-large-v2/test_albert_albert-large-v2_aten_slice_Tensor.py:8: in <module>
    import ttnn
E   ModuleNotFoundError: No module named 'ttnn'
_ ERROR collecting tests/autogen_op/albert/albert-large-v2/test_albert_albert-large-v2_aten_t_default.py _
ImportError while importing test module '/Users/Ajay17/pytorch2.0_ttnn/tests/autogen_op/albert/albert-large-v2/test_albert_albert-large-v2_aten_t_default.py'.
Hint: make sure your test modules/packages have valid Python names.
Traceback:
../.pyenv/versions/3.11.10/lib/python3.11/importlib/__init__.py:126: in import_module
    return _bootstrap._gcd_import(name[level:], package, level)
           ^^^^^^^^^^^^^^^^^^^^^^^^^^^^^^^^^^^^^^^^^^^^^^^^^^^^
tests/autogen_op/albert/albert-large-v2/test_albert_albert-large-v2_aten_t_default.py:8: in <module>
    import ttnn
E   ModuleNotFoundError: No module named 'ttnn'
_ ERROR collecting tests/autogen_op/albert/albert-large-v2/test_albert_albert-large-v2_aten_tanh_default.py _
ImportError while importing test module '/Users/Ajay17/pytorch2.0_ttnn/tests/autogen_op/albert/albert-large-v2/test_albert_albert-large-v2_aten_tanh_default.py'.
Hint: make sure your test modules/packages have valid Python names.
Traceback:
../.pyenv/versions/3.11.10/lib/python3.11/importlib/__init__.py:126: in import_module
    return _bootstrap._gcd_import(name[level:], package, level)
           ^^^^^^^^^^^^^^^^^^^^^^^^^^^^^^^^^^^^^^^^^^^^^^^^^^^^
tests/autogen_op/albert/albert-large-v2/test_albert_albert-large-v2_aten_tanh_default.py:8: in <module>
    import ttnn
E   ModuleNotFoundError: No module named 'ttnn'
_ ERROR collecting tests/autogen_op/albert/albert-large-v2/test_albert_albert-large-v2_aten_transpose_int.py _
ImportError while importing test module '/Users/Ajay17/pytorch2.0_ttnn/tests/autogen_op/albert/albert-large-v2/test_albert_albert-large-v2_aten_transpose_int.py'.
Hint: make sure your test modules/packages have valid Python names.
Traceback:
../.pyenv/versions/3.11.10/lib/python3.11/importlib/__init__.py:126: in import_module
    return _bootstrap._gcd_import(name[level:], package, level)
           ^^^^^^^^^^^^^^^^^^^^^^^^^^^^^^^^^^^^^^^^^^^^^^^^^^^^
tests/autogen_op/albert/albert-large-v2/test_albert_albert-large-v2_aten_transpose_int.py:8: in <module>
    import ttnn
E   ModuleNotFoundError: No module named 'ttnn'
_ ERROR collecting tests/autogen_op/albert/albert-large-v2/test_albert_albert-large-v2_aten_unsqueeze_default.py _
ImportError while importing test module '/Users/Ajay17/pytorch2.0_ttnn/tests/autogen_op/albert/albert-large-v2/test_albert_albert-large-v2_aten_unsqueeze_default.py'.
Hint: make sure your test modules/packages have valid Python names.
Traceback:
../.pyenv/versions/3.11.10/lib/python3.11/importlib/__init__.py:126: in import_module
    return _bootstrap._gcd_import(name[level:], package, level)
           ^^^^^^^^^^^^^^^^^^^^^^^^^^^^^^^^^^^^^^^^^^^^^^^^^^^^
tests/autogen_op/albert/albert-large-v2/test_albert_albert-large-v2_aten_unsqueeze_default.py:8: in <module>
    import ttnn
E   ModuleNotFoundError: No module named 'ttnn'
_ ERROR collecting tests/autogen_op/albert/albert-large-v2/test_albert_albert-large-v2_aten_view_default.py _
ImportError while importing test module '/Users/Ajay17/pytorch2.0_ttnn/tests/autogen_op/albert/albert-large-v2/test_albert_albert-large-v2_aten_view_default.py'.
Hint: make sure your test modules/packages have valid Python names.
Traceback:
../.pyenv/versions/3.11.10/lib/python3.11/importlib/__init__.py:126: in import_module
    return _bootstrap._gcd_import(name[level:], package, level)
           ^^^^^^^^^^^^^^^^^^^^^^^^^^^^^^^^^^^^^^^^^^^^^^^^^^^^
tests/autogen_op/albert/albert-large-v2/test_albert_albert-large-v2_aten_view_default.py:8: in <module>
    import ttnn
E   ModuleNotFoundError: No module named 'ttnn'
_ ERROR collecting tests/autogen_op/albert/albert-xlarge-v2/test_albert_albert-xlarge-v2_aten__softmax_default.py _
ImportError while importing test module '/Users/Ajay17/pytorch2.0_ttnn/tests/autogen_op/albert/albert-xlarge-v2/test_albert_albert-xlarge-v2_aten__softmax_default.py'.
Hint: make sure your test modules/packages have valid Python names.
Traceback:
../.pyenv/versions/3.11.10/lib/python3.11/importlib/__init__.py:126: in import_module
    return _bootstrap._gcd_import(name[level:], package, level)
           ^^^^^^^^^^^^^^^^^^^^^^^^^^^^^^^^^^^^^^^^^^^^^^^^^^^^
tests/autogen_op/albert/albert-xlarge-v2/test_albert_albert-xlarge-v2_aten__softmax_default.py:8: in <module>
    import ttnn
E   ModuleNotFoundError: No module named 'ttnn'
_ ERROR collecting tests/autogen_op/albert/albert-xlarge-v2/test_albert_albert-xlarge-v2_aten__to_copy_default.py _
ImportError while importing test module '/Users/Ajay17/pytorch2.0_ttnn/tests/autogen_op/albert/albert-xlarge-v2/test_albert_albert-xlarge-v2_aten__to_copy_default.py'.
Hint: make sure your test modules/packages have valid Python names.
Traceback:
../.pyenv/versions/3.11.10/lib/python3.11/importlib/__init__.py:126: in import_module
    return _bootstrap._gcd_import(name[level:], package, level)
           ^^^^^^^^^^^^^^^^^^^^^^^^^^^^^^^^^^^^^^^^^^^^^^^^^^^^
tests/autogen_op/albert/albert-xlarge-v2/test_albert_albert-xlarge-v2_aten__to_copy_default.py:8: in <module>
    import ttnn
E   ModuleNotFoundError: No module named 'ttnn'
_ ERROR collecting tests/autogen_op/albert/albert-xlarge-v2/test_albert_albert-xlarge-v2_aten__unsafe_view_default.py _
ImportError while importing test module '/Users/Ajay17/pytorch2.0_ttnn/tests/autogen_op/albert/albert-xlarge-v2/test_albert_albert-xlarge-v2_aten__unsafe_view_default.py'.
Hint: make sure your test modules/packages have valid Python names.
Traceback:
../.pyenv/versions/3.11.10/lib/python3.11/importlib/__init__.py:126: in import_module
    return _bootstrap._gcd_import(name[level:], package, level)
           ^^^^^^^^^^^^^^^^^^^^^^^^^^^^^^^^^^^^^^^^^^^^^^^^^^^^
tests/autogen_op/albert/albert-xlarge-v2/test_albert_albert-xlarge-v2_aten__unsafe_view_default.py:8: in <module>
    import ttnn
E   ModuleNotFoundError: No module named 'ttnn'
_ ERROR collecting tests/autogen_op/albert/albert-xlarge-v2/test_albert_albert-xlarge-v2_aten_add_Tensor.py _
ImportError while importing test module '/Users/Ajay17/pytorch2.0_ttnn/tests/autogen_op/albert/albert-xlarge-v2/test_albert_albert-xlarge-v2_aten_add_Tensor.py'.
Hint: make sure your test modules/packages have valid Python names.
Traceback:
../.pyenv/versions/3.11.10/lib/python3.11/importlib/__init__.py:126: in import_module
    return _bootstrap._gcd_import(name[level:], package, level)
           ^^^^^^^^^^^^^^^^^^^^^^^^^^^^^^^^^^^^^^^^^^^^^^^^^^^^
tests/autogen_op/albert/albert-xlarge-v2/test_albert_albert-xlarge-v2_aten_add_Tensor.py:8: in <module>
    import ttnn
E   ModuleNotFoundError: No module named 'ttnn'
_ ERROR collecting tests/autogen_op/albert/albert-xlarge-v2/test_albert_albert-xlarge-v2_aten_addmm_default.py _
ImportError while importing test module '/Users/Ajay17/pytorch2.0_ttnn/tests/autogen_op/albert/albert-xlarge-v2/test_albert_albert-xlarge-v2_aten_addmm_default.py'.
Hint: make sure your test modules/packages have valid Python names.
Traceback:
../.pyenv/versions/3.11.10/lib/python3.11/importlib/__init__.py:126: in import_module
    return _bootstrap._gcd_import(name[level:], package, level)
           ^^^^^^^^^^^^^^^^^^^^^^^^^^^^^^^^^^^^^^^^^^^^^^^^^^^^
tests/autogen_op/albert/albert-xlarge-v2/test_albert_albert-xlarge-v2_aten_addmm_default.py:8: in <module>
    import ttnn
E   ModuleNotFoundError: No module named 'ttnn'
_ ERROR collecting tests/autogen_op/albert/albert-xlarge-v2/test_albert_albert-xlarge-v2_aten_bmm_default.py _
ImportError while importing test module '/Users/Ajay17/pytorch2.0_ttnn/tests/autogen_op/albert/albert-xlarge-v2/test_albert_albert-xlarge-v2_aten_bmm_default.py'.
Hint: make sure your test modules/packages have valid Python names.
Traceback:
../.pyenv/versions/3.11.10/lib/python3.11/importlib/__init__.py:126: in import_module
    return _bootstrap._gcd_import(name[level:], package, level)
           ^^^^^^^^^^^^^^^^^^^^^^^^^^^^^^^^^^^^^^^^^^^^^^^^^^^^
tests/autogen_op/albert/albert-xlarge-v2/test_albert_albert-xlarge-v2_aten_bmm_default.py:8: in <module>
    import ttnn
E   ModuleNotFoundError: No module named 'ttnn'
_ ERROR collecting tests/autogen_op/albert/albert-xlarge-v2/test_albert_albert-xlarge-v2_aten_clone_default.py _
ImportError while importing test module '/Users/Ajay17/pytorch2.0_ttnn/tests/autogen_op/albert/albert-xlarge-v2/test_albert_albert-xlarge-v2_aten_clone_default.py'.
Hint: make sure your test modules/packages have valid Python names.
Traceback:
../.pyenv/versions/3.11.10/lib/python3.11/importlib/__init__.py:126: in import_module
    return _bootstrap._gcd_import(name[level:], package, level)
           ^^^^^^^^^^^^^^^^^^^^^^^^^^^^^^^^^^^^^^^^^^^^^^^^^^^^
tests/autogen_op/albert/albert-xlarge-v2/test_albert_albert-xlarge-v2_aten_clone_default.py:8: in <module>
    import ttnn
E   ModuleNotFoundError: No module named 'ttnn'
_ ERROR collecting tests/autogen_op/albert/albert-xlarge-v2/test_albert_albert-xlarge-v2_aten_div_Tensor.py _
ImportError while importing test module '/Users/Ajay17/pytorch2.0_ttnn/tests/autogen_op/albert/albert-xlarge-v2/test_albert_albert-xlarge-v2_aten_div_Tensor.py'.
Hint: make sure your test modules/packages have valid Python names.
Traceback:
../.pyenv/versions/3.11.10/lib/python3.11/importlib/__init__.py:126: in import_module
    return _bootstrap._gcd_import(name[level:], package, level)
           ^^^^^^^^^^^^^^^^^^^^^^^^^^^^^^^^^^^^^^^^^^^^^^^^^^^^
tests/autogen_op/albert/albert-xlarge-v2/test_albert_albert-xlarge-v2_aten_div_Tensor.py:8: in <module>
    import ttnn
E   ModuleNotFoundError: No module named 'ttnn'
_ ERROR collecting tests/autogen_op/albert/albert-xlarge-v2/test_albert_albert-xlarge-v2_aten_embedding_default.py _
ImportError while importing test module '/Users/Ajay17/pytorch2.0_ttnn/tests/autogen_op/albert/albert-xlarge-v2/test_albert_albert-xlarge-v2_aten_embedding_default.py'.
Hint: make sure your test modules/packages have valid Python names.
Traceback:
../.pyenv/versions/3.11.10/lib/python3.11/importlib/__init__.py:126: in import_module
    return _bootstrap._gcd_import(name[level:], package, level)
           ^^^^^^^^^^^^^^^^^^^^^^^^^^^^^^^^^^^^^^^^^^^^^^^^^^^^
tests/autogen_op/albert/albert-xlarge-v2/test_albert_albert-xlarge-v2_aten_embedding_default.py:8: in <module>
    import ttnn
E   ModuleNotFoundError: No module named 'ttnn'
_ ERROR collecting tests/autogen_op/albert/albert-xlarge-v2/test_albert_albert-xlarge-v2_aten_expand_default.py _
ImportError while importing test module '/Users/Ajay17/pytorch2.0_ttnn/tests/autogen_op/albert/albert-xlarge-v2/test_albert_albert-xlarge-v2_aten_expand_default.py'.
Hint: make sure your test modules/packages have valid Python names.
Traceback:
../.pyenv/versions/3.11.10/lib/python3.11/importlib/__init__.py:126: in import_module
    return _bootstrap._gcd_import(name[level:], package, level)
           ^^^^^^^^^^^^^^^^^^^^^^^^^^^^^^^^^^^^^^^^^^^^^^^^^^^^
tests/autogen_op/albert/albert-xlarge-v2/test_albert_albert-xlarge-v2_aten_expand_default.py:8: in <module>
    import ttnn
E   ModuleNotFoundError: No module named 'ttnn'
_ ERROR collecting tests/autogen_op/albert/albert-xlarge-v2/test_albert_albert-xlarge-v2_aten_mul_Tensor.py _
ImportError while importing test module '/Users/Ajay17/pytorch2.0_ttnn/tests/autogen_op/albert/albert-xlarge-v2/test_albert_albert-xlarge-v2_aten_mul_Tensor.py'.
Hint: make sure your test modules/packages have valid Python names.
Traceback:
../.pyenv/versions/3.11.10/lib/python3.11/importlib/__init__.py:126: in import_module
    return _bootstrap._gcd_import(name[level:], package, level)
           ^^^^^^^^^^^^^^^^^^^^^^^^^^^^^^^^^^^^^^^^^^^^^^^^^^^^
tests/autogen_op/albert/albert-xlarge-v2/test_albert_albert-xlarge-v2_aten_mul_Tensor.py:8: in <module>
    import ttnn
E   ModuleNotFoundError: No module named 'ttnn'
_ ERROR collecting tests/autogen_op/albert/albert-xlarge-v2/test_albert_albert-xlarge-v2_aten_native_layer_norm_default.py _
ImportError while importing test module '/Users/Ajay17/pytorch2.0_ttnn/tests/autogen_op/albert/albert-xlarge-v2/test_albert_albert-xlarge-v2_aten_native_layer_norm_default.py'.
Hint: make sure your test modules/packages have valid Python names.
Traceback:
../.pyenv/versions/3.11.10/lib/python3.11/importlib/__init__.py:126: in import_module
    return _bootstrap._gcd_import(name[level:], package, level)
           ^^^^^^^^^^^^^^^^^^^^^^^^^^^^^^^^^^^^^^^^^^^^^^^^^^^^
tests/autogen_op/albert/albert-xlarge-v2/test_albert_albert-xlarge-v2_aten_native_layer_norm_default.py:8: in <module>
    import ttnn
E   ModuleNotFoundError: No module named 'ttnn'
_ ERROR collecting tests/autogen_op/albert/albert-xlarge-v2/test_albert_albert-xlarge-v2_aten_permute_default.py _
ImportError while importing test module '/Users/Ajay17/pytorch2.0_ttnn/tests/autogen_op/albert/albert-xlarge-v2/test_albert_albert-xlarge-v2_aten_permute_default.py'.
Hint: make sure your test modules/packages have valid Python names.
Traceback:
../.pyenv/versions/3.11.10/lib/python3.11/importlib/__init__.py:126: in import_module
    return _bootstrap._gcd_import(name[level:], package, level)
           ^^^^^^^^^^^^^^^^^^^^^^^^^^^^^^^^^^^^^^^^^^^^^^^^^^^^
tests/autogen_op/albert/albert-xlarge-v2/test_albert_albert-xlarge-v2_aten_permute_default.py:8: in <module>
    import ttnn
E   ModuleNotFoundError: No module named 'ttnn'
_ ERROR collecting tests/autogen_op/albert/albert-xlarge-v2/test_albert_albert-xlarge-v2_aten_pow_Tensor_Scalar.py _
ImportError while importing test module '/Users/Ajay17/pytorch2.0_ttnn/tests/autogen_op/albert/albert-xlarge-v2/test_albert_albert-xlarge-v2_aten_pow_Tensor_Scalar.py'.
Hint: make sure your test modules/packages have valid Python names.
Traceback:
../.pyenv/versions/3.11.10/lib/python3.11/importlib/__init__.py:126: in import_module
    return _bootstrap._gcd_import(name[level:], package, level)
           ^^^^^^^^^^^^^^^^^^^^^^^^^^^^^^^^^^^^^^^^^^^^^^^^^^^^
tests/autogen_op/albert/albert-xlarge-v2/test_albert_albert-xlarge-v2_aten_pow_Tensor_Scalar.py:8: in <module>
    import ttnn
E   ModuleNotFoundError: No module named 'ttnn'
_ ERROR collecting tests/autogen_op/albert/albert-xlarge-v2/test_albert_albert-xlarge-v2_aten_rsub_Scalar.py _
ImportError while importing test module '/Users/Ajay17/pytorch2.0_ttnn/tests/autogen_op/albert/albert-xlarge-v2/test_albert_albert-xlarge-v2_aten_rsub_Scalar.py'.
Hint: make sure your test modules/packages have valid Python names.
Traceback:
../.pyenv/versions/3.11.10/lib/python3.11/importlib/__init__.py:126: in import_module
    return _bootstrap._gcd_import(name[level:], package, level)
           ^^^^^^^^^^^^^^^^^^^^^^^^^^^^^^^^^^^^^^^^^^^^^^^^^^^^
tests/autogen_op/albert/albert-xlarge-v2/test_albert_albert-xlarge-v2_aten_rsub_Scalar.py:8: in <module>
    import ttnn
E   ModuleNotFoundError: No module named 'ttnn'
_ ERROR collecting tests/autogen_op/albert/albert-xlarge-v2/test_albert_albert-xlarge-v2_aten_slice_Tensor.py _
ImportError while importing test module '/Users/Ajay17/pytorch2.0_ttnn/tests/autogen_op/albert/albert-xlarge-v2/test_albert_albert-xlarge-v2_aten_slice_Tensor.py'.
Hint: make sure your test modules/packages have valid Python names.
Traceback:
../.pyenv/versions/3.11.10/lib/python3.11/importlib/__init__.py:126: in import_module
    return _bootstrap._gcd_import(name[level:], package, level)
           ^^^^^^^^^^^^^^^^^^^^^^^^^^^^^^^^^^^^^^^^^^^^^^^^^^^^
tests/autogen_op/albert/albert-xlarge-v2/test_albert_albert-xlarge-v2_aten_slice_Tensor.py:8: in <module>
    import ttnn
E   ModuleNotFoundError: No module named 'ttnn'
_ ERROR collecting tests/autogen_op/albert/albert-xlarge-v2/test_albert_albert-xlarge-v2_aten_t_default.py _
ImportError while importing test module '/Users/Ajay17/pytorch2.0_ttnn/tests/autogen_op/albert/albert-xlarge-v2/test_albert_albert-xlarge-v2_aten_t_default.py'.
Hint: make sure your test modules/packages have valid Python names.
Traceback:
../.pyenv/versions/3.11.10/lib/python3.11/importlib/__init__.py:126: in import_module
    return _bootstrap._gcd_import(name[level:], package, level)
           ^^^^^^^^^^^^^^^^^^^^^^^^^^^^^^^^^^^^^^^^^^^^^^^^^^^^
tests/autogen_op/albert/albert-xlarge-v2/test_albert_albert-xlarge-v2_aten_t_default.py:8: in <module>
    import ttnn
E   ModuleNotFoundError: No module named 'ttnn'
_ ERROR collecting tests/autogen_op/albert/albert-xlarge-v2/test_albert_albert-xlarge-v2_aten_tanh_default.py _
ImportError while importing test module '/Users/Ajay17/pytorch2.0_ttnn/tests/autogen_op/albert/albert-xlarge-v2/test_albert_albert-xlarge-v2_aten_tanh_default.py'.
Hint: make sure your test modules/packages have valid Python names.
Traceback:
../.pyenv/versions/3.11.10/lib/python3.11/importlib/__init__.py:126: in import_module
    return _bootstrap._gcd_import(name[level:], package, level)
           ^^^^^^^^^^^^^^^^^^^^^^^^^^^^^^^^^^^^^^^^^^^^^^^^^^^^
tests/autogen_op/albert/albert-xlarge-v2/test_albert_albert-xlarge-v2_aten_tanh_default.py:8: in <module>
    import ttnn
E   ModuleNotFoundError: No module named 'ttnn'
_ ERROR collecting tests/autogen_op/albert/albert-xlarge-v2/test_albert_albert-xlarge-v2_aten_transpose_int.py _
ImportError while importing test module '/Users/Ajay17/pytorch2.0_ttnn/tests/autogen_op/albert/albert-xlarge-v2/test_albert_albert-xlarge-v2_aten_transpose_int.py'.
Hint: make sure your test modules/packages have valid Python names.
Traceback:
../.pyenv/versions/3.11.10/lib/python3.11/importlib/__init__.py:126: in import_module
    return _bootstrap._gcd_import(name[level:], package, level)
           ^^^^^^^^^^^^^^^^^^^^^^^^^^^^^^^^^^^^^^^^^^^^^^^^^^^^
tests/autogen_op/albert/albert-xlarge-v2/test_albert_albert-xlarge-v2_aten_transpose_int.py:8: in <module>
    import ttnn
E   ModuleNotFoundError: No module named 'ttnn'
_ ERROR collecting tests/autogen_op/albert/albert-xlarge-v2/test_albert_albert-xlarge-v2_aten_unsqueeze_default.py _
ImportError while importing test module '/Users/Ajay17/pytorch2.0_ttnn/tests/autogen_op/albert/albert-xlarge-v2/test_albert_albert-xlarge-v2_aten_unsqueeze_default.py'.
Hint: make sure your test modules/packages have valid Python names.
Traceback:
../.pyenv/versions/3.11.10/lib/python3.11/importlib/__init__.py:126: in import_module
    return _bootstrap._gcd_import(name[level:], package, level)
           ^^^^^^^^^^^^^^^^^^^^^^^^^^^^^^^^^^^^^^^^^^^^^^^^^^^^
tests/autogen_op/albert/albert-xlarge-v2/test_albert_albert-xlarge-v2_aten_unsqueeze_default.py:8: in <module>
    import ttnn
E   ModuleNotFoundError: No module named 'ttnn'
_ ERROR collecting tests/autogen_op/albert/albert-xlarge-v2/test_albert_albert-xlarge-v2_aten_view_default.py _
ImportError while importing test module '/Users/Ajay17/pytorch2.0_ttnn/tests/autogen_op/albert/albert-xlarge-v2/test_albert_albert-xlarge-v2_aten_view_default.py'.
Hint: make sure your test modules/packages have valid Python names.
Traceback:
../.pyenv/versions/3.11.10/lib/python3.11/importlib/__init__.py:126: in import_module
    return _bootstrap._gcd_import(name[level:], package, level)
           ^^^^^^^^^^^^^^^^^^^^^^^^^^^^^^^^^^^^^^^^^^^^^^^^^^^^
tests/autogen_op/albert/albert-xlarge-v2/test_albert_albert-xlarge-v2_aten_view_default.py:8: in <module>
    import ttnn
E   ModuleNotFoundError: No module named 'ttnn'
_ ERROR collecting tests/autogen_op/albert/albert-xxlarge-v2/test_albert_albert-xxlarge-v2_aten__softmax_default.py _
ImportError while importing test module '/Users/Ajay17/pytorch2.0_ttnn/tests/autogen_op/albert/albert-xxlarge-v2/test_albert_albert-xxlarge-v2_aten__softmax_default.py'.
Hint: make sure your test modules/packages have valid Python names.
Traceback:
../.pyenv/versions/3.11.10/lib/python3.11/importlib/__init__.py:126: in import_module
    return _bootstrap._gcd_import(name[level:], package, level)
           ^^^^^^^^^^^^^^^^^^^^^^^^^^^^^^^^^^^^^^^^^^^^^^^^^^^^
tests/autogen_op/albert/albert-xxlarge-v2/test_albert_albert-xxlarge-v2_aten__softmax_default.py:8: in <module>
    import ttnn
E   ModuleNotFoundError: No module named 'ttnn'
_ ERROR collecting tests/autogen_op/albert/albert-xxlarge-v2/test_albert_albert-xxlarge-v2_aten__to_copy_default.py _
ImportError while importing test module '/Users/Ajay17/pytorch2.0_ttnn/tests/autogen_op/albert/albert-xxlarge-v2/test_albert_albert-xxlarge-v2_aten__to_copy_default.py'.
Hint: make sure your test modules/packages have valid Python names.
Traceback:
../.pyenv/versions/3.11.10/lib/python3.11/importlib/__init__.py:126: in import_module
    return _bootstrap._gcd_import(name[level:], package, level)
           ^^^^^^^^^^^^^^^^^^^^^^^^^^^^^^^^^^^^^^^^^^^^^^^^^^^^
tests/autogen_op/albert/albert-xxlarge-v2/test_albert_albert-xxlarge-v2_aten__to_copy_default.py:8: in <module>
    import ttnn
E   ModuleNotFoundError: No module named 'ttnn'
_ ERROR collecting tests/autogen_op/albert/albert-xxlarge-v2/test_albert_albert-xxlarge-v2_aten__unsafe_view_default.py _
ImportError while importing test module '/Users/Ajay17/pytorch2.0_ttnn/tests/autogen_op/albert/albert-xxlarge-v2/test_albert_albert-xxlarge-v2_aten__unsafe_view_default.py'.
Hint: make sure your test modules/packages have valid Python names.
Traceback:
../.pyenv/versions/3.11.10/lib/python3.11/importlib/__init__.py:126: in import_module
    return _bootstrap._gcd_import(name[level:], package, level)
           ^^^^^^^^^^^^^^^^^^^^^^^^^^^^^^^^^^^^^^^^^^^^^^^^^^^^
tests/autogen_op/albert/albert-xxlarge-v2/test_albert_albert-xxlarge-v2_aten__unsafe_view_default.py:8: in <module>
    import ttnn
E   ModuleNotFoundError: No module named 'ttnn'
_ ERROR collecting tests/autogen_op/albert/albert-xxlarge-v2/test_albert_albert-xxlarge-v2_aten_add_Tensor.py _
ImportError while importing test module '/Users/Ajay17/pytorch2.0_ttnn/tests/autogen_op/albert/albert-xxlarge-v2/test_albert_albert-xxlarge-v2_aten_add_Tensor.py'.
Hint: make sure your test modules/packages have valid Python names.
Traceback:
../.pyenv/versions/3.11.10/lib/python3.11/importlib/__init__.py:126: in import_module
    return _bootstrap._gcd_import(name[level:], package, level)
           ^^^^^^^^^^^^^^^^^^^^^^^^^^^^^^^^^^^^^^^^^^^^^^^^^^^^
tests/autogen_op/albert/albert-xxlarge-v2/test_albert_albert-xxlarge-v2_aten_add_Tensor.py:8: in <module>
    import ttnn
E   ModuleNotFoundError: No module named 'ttnn'
_ ERROR collecting tests/autogen_op/albert/albert-xxlarge-v2/test_albert_albert-xxlarge-v2_aten_addmm_default.py _
ImportError while importing test module '/Users/Ajay17/pytorch2.0_ttnn/tests/autogen_op/albert/albert-xxlarge-v2/test_albert_albert-xxlarge-v2_aten_addmm_default.py'.
Hint: make sure your test modules/packages have valid Python names.
Traceback:
../.pyenv/versions/3.11.10/lib/python3.11/importlib/__init__.py:126: in import_module
    return _bootstrap._gcd_import(name[level:], package, level)
           ^^^^^^^^^^^^^^^^^^^^^^^^^^^^^^^^^^^^^^^^^^^^^^^^^^^^
tests/autogen_op/albert/albert-xxlarge-v2/test_albert_albert-xxlarge-v2_aten_addmm_default.py:8: in <module>
    import ttnn
E   ModuleNotFoundError: No module named 'ttnn'
_ ERROR collecting tests/autogen_op/albert/albert-xxlarge-v2/test_albert_albert-xxlarge-v2_aten_bmm_default.py _
ImportError while importing test module '/Users/Ajay17/pytorch2.0_ttnn/tests/autogen_op/albert/albert-xxlarge-v2/test_albert_albert-xxlarge-v2_aten_bmm_default.py'.
Hint: make sure your test modules/packages have valid Python names.
Traceback:
../.pyenv/versions/3.11.10/lib/python3.11/importlib/__init__.py:126: in import_module
    return _bootstrap._gcd_import(name[level:], package, level)
           ^^^^^^^^^^^^^^^^^^^^^^^^^^^^^^^^^^^^^^^^^^^^^^^^^^^^
tests/autogen_op/albert/albert-xxlarge-v2/test_albert_albert-xxlarge-v2_aten_bmm_default.py:8: in <module>
    import ttnn
E   ModuleNotFoundError: No module named 'ttnn'
_ ERROR collecting tests/autogen_op/albert/albert-xxlarge-v2/test_albert_albert-xxlarge-v2_aten_clone_default.py _
ImportError while importing test module '/Users/Ajay17/pytorch2.0_ttnn/tests/autogen_op/albert/albert-xxlarge-v2/test_albert_albert-xxlarge-v2_aten_clone_default.py'.
Hint: make sure your test modules/packages have valid Python names.
Traceback:
../.pyenv/versions/3.11.10/lib/python3.11/importlib/__init__.py:126: in import_module
    return _bootstrap._gcd_import(name[level:], package, level)
           ^^^^^^^^^^^^^^^^^^^^^^^^^^^^^^^^^^^^^^^^^^^^^^^^^^^^
tests/autogen_op/albert/albert-xxlarge-v2/test_albert_albert-xxlarge-v2_aten_clone_default.py:8: in <module>
    import ttnn
E   ModuleNotFoundError: No module named 'ttnn'
_ ERROR collecting tests/autogen_op/albert/albert-xxlarge-v2/test_albert_albert-xxlarge-v2_aten_div_Tensor.py _
ImportError while importing test module '/Users/Ajay17/pytorch2.0_ttnn/tests/autogen_op/albert/albert-xxlarge-v2/test_albert_albert-xxlarge-v2_aten_div_Tensor.py'.
Hint: make sure your test modules/packages have valid Python names.
Traceback:
../.pyenv/versions/3.11.10/lib/python3.11/importlib/__init__.py:126: in import_module
    return _bootstrap._gcd_import(name[level:], package, level)
           ^^^^^^^^^^^^^^^^^^^^^^^^^^^^^^^^^^^^^^^^^^^^^^^^^^^^
tests/autogen_op/albert/albert-xxlarge-v2/test_albert_albert-xxlarge-v2_aten_div_Tensor.py:8: in <module>
    import ttnn
E   ModuleNotFoundError: No module named 'ttnn'
_ ERROR collecting tests/autogen_op/albert/albert-xxlarge-v2/test_albert_albert-xxlarge-v2_aten_embedding_default.py _
ImportError while importing test module '/Users/Ajay17/pytorch2.0_ttnn/tests/autogen_op/albert/albert-xxlarge-v2/test_albert_albert-xxlarge-v2_aten_embedding_default.py'.
Hint: make sure your test modules/packages have valid Python names.
Traceback:
../.pyenv/versions/3.11.10/lib/python3.11/importlib/__init__.py:126: in import_module
    return _bootstrap._gcd_import(name[level:], package, level)
           ^^^^^^^^^^^^^^^^^^^^^^^^^^^^^^^^^^^^^^^^^^^^^^^^^^^^
tests/autogen_op/albert/albert-xxlarge-v2/test_albert_albert-xxlarge-v2_aten_embedding_default.py:8: in <module>
    import ttnn
E   ModuleNotFoundError: No module named 'ttnn'
_ ERROR collecting tests/autogen_op/albert/albert-xxlarge-v2/test_albert_albert-xxlarge-v2_aten_expand_default.py _
ImportError while importing test module '/Users/Ajay17/pytorch2.0_ttnn/tests/autogen_op/albert/albert-xxlarge-v2/test_albert_albert-xxlarge-v2_aten_expand_default.py'.
Hint: make sure your test modules/packages have valid Python names.
Traceback:
../.pyenv/versions/3.11.10/lib/python3.11/importlib/__init__.py:126: in import_module
    return _bootstrap._gcd_import(name[level:], package, level)
           ^^^^^^^^^^^^^^^^^^^^^^^^^^^^^^^^^^^^^^^^^^^^^^^^^^^^
tests/autogen_op/albert/albert-xxlarge-v2/test_albert_albert-xxlarge-v2_aten_expand_default.py:8: in <module>
    import ttnn
E   ModuleNotFoundError: No module named 'ttnn'
_ ERROR collecting tests/autogen_op/albert/albert-xxlarge-v2/test_albert_albert-xxlarge-v2_aten_mul_Tensor.py _
ImportError while importing test module '/Users/Ajay17/pytorch2.0_ttnn/tests/autogen_op/albert/albert-xxlarge-v2/test_albert_albert-xxlarge-v2_aten_mul_Tensor.py'.
Hint: make sure your test modules/packages have valid Python names.
Traceback:
../.pyenv/versions/3.11.10/lib/python3.11/importlib/__init__.py:126: in import_module
    return _bootstrap._gcd_import(name[level:], package, level)
           ^^^^^^^^^^^^^^^^^^^^^^^^^^^^^^^^^^^^^^^^^^^^^^^^^^^^
tests/autogen_op/albert/albert-xxlarge-v2/test_albert_albert-xxlarge-v2_aten_mul_Tensor.py:8: in <module>
    import ttnn
E   ModuleNotFoundError: No module named 'ttnn'
_ ERROR collecting tests/autogen_op/albert/albert-xxlarge-v2/test_albert_albert-xxlarge-v2_aten_native_layer_norm_default.py _
ImportError while importing test module '/Users/Ajay17/pytorch2.0_ttnn/tests/autogen_op/albert/albert-xxlarge-v2/test_albert_albert-xxlarge-v2_aten_native_layer_norm_default.py'.
Hint: make sure your test modules/packages have valid Python names.
Traceback:
../.pyenv/versions/3.11.10/lib/python3.11/importlib/__init__.py:126: in import_module
    return _bootstrap._gcd_import(name[level:], package, level)
           ^^^^^^^^^^^^^^^^^^^^^^^^^^^^^^^^^^^^^^^^^^^^^^^^^^^^
tests/autogen_op/albert/albert-xxlarge-v2/test_albert_albert-xxlarge-v2_aten_native_layer_norm_default.py:8: in <module>
    import ttnn
E   ModuleNotFoundError: No module named 'ttnn'
_ ERROR collecting tests/autogen_op/albert/albert-xxlarge-v2/test_albert_albert-xxlarge-v2_aten_permute_default.py _
ImportError while importing test module '/Users/Ajay17/pytorch2.0_ttnn/tests/autogen_op/albert/albert-xxlarge-v2/test_albert_albert-xxlarge-v2_aten_permute_default.py'.
Hint: make sure your test modules/packages have valid Python names.
Traceback:
../.pyenv/versions/3.11.10/lib/python3.11/importlib/__init__.py:126: in import_module
    return _bootstrap._gcd_import(name[level:], package, level)
           ^^^^^^^^^^^^^^^^^^^^^^^^^^^^^^^^^^^^^^^^^^^^^^^^^^^^
tests/autogen_op/albert/albert-xxlarge-v2/test_albert_albert-xxlarge-v2_aten_permute_default.py:8: in <module>
    import ttnn
E   ModuleNotFoundError: No module named 'ttnn'
_ ERROR collecting tests/autogen_op/albert/albert-xxlarge-v2/test_albert_albert-xxlarge-v2_aten_pow_Tensor_Scalar.py _
ImportError while importing test module '/Users/Ajay17/pytorch2.0_ttnn/tests/autogen_op/albert/albert-xxlarge-v2/test_albert_albert-xxlarge-v2_aten_pow_Tensor_Scalar.py'.
Hint: make sure your test modules/packages have valid Python names.
Traceback:
../.pyenv/versions/3.11.10/lib/python3.11/importlib/__init__.py:126: in import_module
    return _bootstrap._gcd_import(name[level:], package, level)
           ^^^^^^^^^^^^^^^^^^^^^^^^^^^^^^^^^^^^^^^^^^^^^^^^^^^^
tests/autogen_op/albert/albert-xxlarge-v2/test_albert_albert-xxlarge-v2_aten_pow_Tensor_Scalar.py:8: in <module>
    import ttnn
E   ModuleNotFoundError: No module named 'ttnn'
_ ERROR collecting tests/autogen_op/albert/albert-xxlarge-v2/test_albert_albert-xxlarge-v2_aten_rsub_Scalar.py _
ImportError while importing test module '/Users/Ajay17/pytorch2.0_ttnn/tests/autogen_op/albert/albert-xxlarge-v2/test_albert_albert-xxlarge-v2_aten_rsub_Scalar.py'.
Hint: make sure your test modules/packages have valid Python names.
Traceback:
../.pyenv/versions/3.11.10/lib/python3.11/importlib/__init__.py:126: in import_module
    return _bootstrap._gcd_import(name[level:], package, level)
           ^^^^^^^^^^^^^^^^^^^^^^^^^^^^^^^^^^^^^^^^^^^^^^^^^^^^
tests/autogen_op/albert/albert-xxlarge-v2/test_albert_albert-xxlarge-v2_aten_rsub_Scalar.py:8: in <module>
    import ttnn
E   ModuleNotFoundError: No module named 'ttnn'
_ ERROR collecting tests/autogen_op/albert/albert-xxlarge-v2/test_albert_albert-xxlarge-v2_aten_slice_Tensor.py _
ImportError while importing test module '/Users/Ajay17/pytorch2.0_ttnn/tests/autogen_op/albert/albert-xxlarge-v2/test_albert_albert-xxlarge-v2_aten_slice_Tensor.py'.
Hint: make sure your test modules/packages have valid Python names.
Traceback:
../.pyenv/versions/3.11.10/lib/python3.11/importlib/__init__.py:126: in import_module
    return _bootstrap._gcd_import(name[level:], package, level)
           ^^^^^^^^^^^^^^^^^^^^^^^^^^^^^^^^^^^^^^^^^^^^^^^^^^^^
tests/autogen_op/albert/albert-xxlarge-v2/test_albert_albert-xxlarge-v2_aten_slice_Tensor.py:8: in <module>
    import ttnn
E   ModuleNotFoundError: No module named 'ttnn'
_ ERROR collecting tests/autogen_op/albert/albert-xxlarge-v2/test_albert_albert-xxlarge-v2_aten_t_default.py _
ImportError while importing test module '/Users/Ajay17/pytorch2.0_ttnn/tests/autogen_op/albert/albert-xxlarge-v2/test_albert_albert-xxlarge-v2_aten_t_default.py'.
Hint: make sure your test modules/packages have valid Python names.
Traceback:
../.pyenv/versions/3.11.10/lib/python3.11/importlib/__init__.py:126: in import_module
    return _bootstrap._gcd_import(name[level:], package, level)
           ^^^^^^^^^^^^^^^^^^^^^^^^^^^^^^^^^^^^^^^^^^^^^^^^^^^^
tests/autogen_op/albert/albert-xxlarge-v2/test_albert_albert-xxlarge-v2_aten_t_default.py:8: in <module>
    import ttnn
E   ModuleNotFoundError: No module named 'ttnn'
_ ERROR collecting tests/autogen_op/albert/albert-xxlarge-v2/test_albert_albert-xxlarge-v2_aten_tanh_default.py _
ImportError while importing test module '/Users/Ajay17/pytorch2.0_ttnn/tests/autogen_op/albert/albert-xxlarge-v2/test_albert_albert-xxlarge-v2_aten_tanh_default.py'.
Hint: make sure your test modules/packages have valid Python names.
Traceback:
../.pyenv/versions/3.11.10/lib/python3.11/importlib/__init__.py:126: in import_module
    return _bootstrap._gcd_import(name[level:], package, level)
           ^^^^^^^^^^^^^^^^^^^^^^^^^^^^^^^^^^^^^^^^^^^^^^^^^^^^
tests/autogen_op/albert/albert-xxlarge-v2/test_albert_albert-xxlarge-v2_aten_tanh_default.py:8: in <module>
    import ttnn
E   ModuleNotFoundError: No module named 'ttnn'
_ ERROR collecting tests/autogen_op/albert/albert-xxlarge-v2/test_albert_albert-xxlarge-v2_aten_transpose_int.py _
ImportError while importing test module '/Users/Ajay17/pytorch2.0_ttnn/tests/autogen_op/albert/albert-xxlarge-v2/test_albert_albert-xxlarge-v2_aten_transpose_int.py'.
Hint: make sure your test modules/packages have valid Python names.
Traceback:
../.pyenv/versions/3.11.10/lib/python3.11/importlib/__init__.py:126: in import_module
    return _bootstrap._gcd_import(name[level:], package, level)
           ^^^^^^^^^^^^^^^^^^^^^^^^^^^^^^^^^^^^^^^^^^^^^^^^^^^^
tests/autogen_op/albert/albert-xxlarge-v2/test_albert_albert-xxlarge-v2_aten_transpose_int.py:8: in <module>
    import ttnn
E   ModuleNotFoundError: No module named 'ttnn'
_ ERROR collecting tests/autogen_op/albert/albert-xxlarge-v2/test_albert_albert-xxlarge-v2_aten_unsqueeze_default.py _
ImportError while importing test module '/Users/Ajay17/pytorch2.0_ttnn/tests/autogen_op/albert/albert-xxlarge-v2/test_albert_albert-xxlarge-v2_aten_unsqueeze_default.py'.
Hint: make sure your test modules/packages have valid Python names.
Traceback:
../.pyenv/versions/3.11.10/lib/python3.11/importlib/__init__.py:126: in import_module
    return _bootstrap._gcd_import(name[level:], package, level)
           ^^^^^^^^^^^^^^^^^^^^^^^^^^^^^^^^^^^^^^^^^^^^^^^^^^^^
tests/autogen_op/albert/albert-xxlarge-v2/test_albert_albert-xxlarge-v2_aten_unsqueeze_default.py:8: in <module>
    import ttnn
E   ModuleNotFoundError: No module named 'ttnn'
_ ERROR collecting tests/autogen_op/albert/albert-xxlarge-v2/test_albert_albert-xxlarge-v2_aten_view_default.py _
ImportError while importing test module '/Users/Ajay17/pytorch2.0_ttnn/tests/autogen_op/albert/albert-xxlarge-v2/test_albert_albert-xxlarge-v2_aten_view_default.py'.
Hint: make sure your test modules/packages have valid Python names.
Traceback:
../.pyenv/versions/3.11.10/lib/python3.11/importlib/__init__.py:126: in import_module
    return _bootstrap._gcd_import(name[level:], package, level)
           ^^^^^^^^^^^^^^^^^^^^^^^^^^^^^^^^^^^^^^^^^^^^^^^^^^^^
tests/autogen_op/albert/albert-xxlarge-v2/test_albert_albert-xxlarge-v2_aten_view_default.py:8: in <module>
    import ttnn
E   ModuleNotFoundError: No module named 'ttnn'
_ ERROR collecting tests/autogen_op/codegen/test_codegen_aten__softmax_default.py _
ImportError while importing test module '/Users/Ajay17/pytorch2.0_ttnn/tests/autogen_op/codegen/test_codegen_aten__softmax_default.py'.
Hint: make sure your test modules/packages have valid Python names.
Traceback:
../.pyenv/versions/3.11.10/lib/python3.11/importlib/__init__.py:126: in import_module
    return _bootstrap._gcd_import(name[level:], package, level)
           ^^^^^^^^^^^^^^^^^^^^^^^^^^^^^^^^^^^^^^^^^^^^^^^^^^^^
tests/autogen_op/codegen/test_codegen_aten__softmax_default.py:8: in <module>
    import ttnn
E   ModuleNotFoundError: No module named 'ttnn'
_ ERROR collecting tests/autogen_op/codegen/test_codegen_aten__to_copy_default.py _
ImportError while importing test module '/Users/Ajay17/pytorch2.0_ttnn/tests/autogen_op/codegen/test_codegen_aten__to_copy_default.py'.
Hint: make sure your test modules/packages have valid Python names.
Traceback:
../.pyenv/versions/3.11.10/lib/python3.11/importlib/__init__.py:126: in import_module
    return _bootstrap._gcd_import(name[level:], package, level)
           ^^^^^^^^^^^^^^^^^^^^^^^^^^^^^^^^^^^^^^^^^^^^^^^^^^^^
tests/autogen_op/codegen/test_codegen_aten__to_copy_default.py:8: in <module>
    import ttnn
E   ModuleNotFoundError: No module named 'ttnn'
_ ERROR collecting tests/autogen_op/codegen/test_codegen_aten__unsafe_view_default.py _
ImportError while importing test module '/Users/Ajay17/pytorch2.0_ttnn/tests/autogen_op/codegen/test_codegen_aten__unsafe_view_default.py'.
Hint: make sure your test modules/packages have valid Python names.
Traceback:
../.pyenv/versions/3.11.10/lib/python3.11/importlib/__init__.py:126: in import_module
    return _bootstrap._gcd_import(name[level:], package, level)
           ^^^^^^^^^^^^^^^^^^^^^^^^^^^^^^^^^^^^^^^^^^^^^^^^^^^^
tests/autogen_op/codegen/test_codegen_aten__unsafe_view_default.py:8: in <module>
    import ttnn
E   ModuleNotFoundError: No module named 'ttnn'
__ ERROR collecting tests/autogen_op/codegen/test_codegen_aten_add_Tensor.py ___
ImportError while importing test module '/Users/Ajay17/pytorch2.0_ttnn/tests/autogen_op/codegen/test_codegen_aten_add_Tensor.py'.
Hint: make sure your test modules/packages have valid Python names.
Traceback:
../.pyenv/versions/3.11.10/lib/python3.11/importlib/__init__.py:126: in import_module
    return _bootstrap._gcd_import(name[level:], package, level)
           ^^^^^^^^^^^^^^^^^^^^^^^^^^^^^^^^^^^^^^^^^^^^^^^^^^^^
tests/autogen_op/codegen/test_codegen_aten_add_Tensor.py:8: in <module>
    import ttnn
E   ModuleNotFoundError: No module named 'ttnn'
_ ERROR collecting tests/autogen_op/codegen/test_codegen_aten_addmm_default.py _
ImportError while importing test module '/Users/Ajay17/pytorch2.0_ttnn/tests/autogen_op/codegen/test_codegen_aten_addmm_default.py'.
Hint: make sure your test modules/packages have valid Python names.
Traceback:
../.pyenv/versions/3.11.10/lib/python3.11/importlib/__init__.py:126: in import_module
    return _bootstrap._gcd_import(name[level:], package, level)
           ^^^^^^^^^^^^^^^^^^^^^^^^^^^^^^^^^^^^^^^^^^^^^^^^^^^^
tests/autogen_op/codegen/test_codegen_aten_addmm_default.py:8: in <module>
    import ttnn
E   ModuleNotFoundError: No module named 'ttnn'
__ ERROR collecting tests/autogen_op/codegen/test_codegen_aten_bmm_default.py __
ImportError while importing test module '/Users/Ajay17/pytorch2.0_ttnn/tests/autogen_op/codegen/test_codegen_aten_bmm_default.py'.
Hint: make sure your test modules/packages have valid Python names.
Traceback:
../.pyenv/versions/3.11.10/lib/python3.11/importlib/__init__.py:126: in import_module
    return _bootstrap._gcd_import(name[level:], package, level)
           ^^^^^^^^^^^^^^^^^^^^^^^^^^^^^^^^^^^^^^^^^^^^^^^^^^^^
tests/autogen_op/codegen/test_codegen_aten_bmm_default.py:8: in <module>
    import ttnn
E   ModuleNotFoundError: No module named 'ttnn'
__ ERROR collecting tests/autogen_op/codegen/test_codegen_aten_cat_default.py __
ImportError while importing test module '/Users/Ajay17/pytorch2.0_ttnn/tests/autogen_op/codegen/test_codegen_aten_cat_default.py'.
Hint: make sure your test modules/packages have valid Python names.
Traceback:
../.pyenv/versions/3.11.10/lib/python3.11/importlib/__init__.py:126: in import_module
    return _bootstrap._gcd_import(name[level:], package, level)
           ^^^^^^^^^^^^^^^^^^^^^^^^^^^^^^^^^^^^^^^^^^^^^^^^^^^^
tests/autogen_op/codegen/test_codegen_aten_cat_default.py:8: in <module>
    import ttnn
E   ModuleNotFoundError: No module named 'ttnn'
_ ERROR collecting tests/autogen_op/codegen/test_codegen_aten_clone_default.py _
ImportError while importing test module '/Users/Ajay17/pytorch2.0_ttnn/tests/autogen_op/codegen/test_codegen_aten_clone_default.py'.
Hint: make sure your test modules/packages have valid Python names.
Traceback:
../.pyenv/versions/3.11.10/lib/python3.11/importlib/__init__.py:126: in import_module
    return _bootstrap._gcd_import(name[level:], package, level)
           ^^^^^^^^^^^^^^^^^^^^^^^^^^^^^^^^^^^^^^^^^^^^^^^^^^^^
tests/autogen_op/codegen/test_codegen_aten_clone_default.py:8: in <module>
    import ttnn
E   ModuleNotFoundError: No module named 'ttnn'
_ ERROR collecting tests/autogen_op/codegen/test_codegen_aten_cumsum_default.py _
ImportError while importing test module '/Users/Ajay17/pytorch2.0_ttnn/tests/autogen_op/codegen/test_codegen_aten_cumsum_default.py'.
Hint: make sure your test modules/packages have valid Python names.
Traceback:
../.pyenv/versions/3.11.10/lib/python3.11/importlib/__init__.py:126: in import_module
    return _bootstrap._gcd_import(name[level:], package, level)
           ^^^^^^^^^^^^^^^^^^^^^^^^^^^^^^^^^^^^^^^^^^^^^^^^^^^^
tests/autogen_op/codegen/test_codegen_aten_cumsum_default.py:8: in <module>
    import ttnn
E   ModuleNotFoundError: No module named 'ttnn'
__ ERROR collecting tests/autogen_op/codegen/test_codegen_aten_div_Tensor.py ___
ImportError while importing test module '/Users/Ajay17/pytorch2.0_ttnn/tests/autogen_op/codegen/test_codegen_aten_div_Tensor.py'.
Hint: make sure your test modules/packages have valid Python names.
Traceback:
../.pyenv/versions/3.11.10/lib/python3.11/importlib/__init__.py:126: in import_module
    return _bootstrap._gcd_import(name[level:], package, level)
           ^^^^^^^^^^^^^^^^^^^^^^^^^^^^^^^^^^^^^^^^^^^^^^^^^^^^
tests/autogen_op/codegen/test_codegen_aten_div_Tensor.py:8: in <module>
    import ttnn
E   ModuleNotFoundError: No module named 'ttnn'
_ ERROR collecting tests/autogen_op/codegen/test_codegen_aten_embedding_default.py _
ImportError while importing test module '/Users/Ajay17/pytorch2.0_ttnn/tests/autogen_op/codegen/test_codegen_aten_embedding_default.py'.
Hint: make sure your test modules/packages have valid Python names.
Traceback:
../.pyenv/versions/3.11.10/lib/python3.11/importlib/__init__.py:126: in import_module
    return _bootstrap._gcd_import(name[level:], package, level)
           ^^^^^^^^^^^^^^^^^^^^^^^^^^^^^^^^^^^^^^^^^^^^^^^^^^^^
tests/autogen_op/codegen/test_codegen_aten_embedding_default.py:8: in <module>
    import ttnn
E   ModuleNotFoundError: No module named 'ttnn'
___ ERROR collecting tests/autogen_op/codegen/test_codegen_aten_eq_Scalar.py ___
ImportError while importing test module '/Users/Ajay17/pytorch2.0_ttnn/tests/autogen_op/codegen/test_codegen_aten_eq_Scalar.py'.
Hint: make sure your test modules/packages have valid Python names.
Traceback:
../.pyenv/versions/3.11.10/lib/python3.11/importlib/__init__.py:126: in import_module
    return _bootstrap._gcd_import(name[level:], package, level)
           ^^^^^^^^^^^^^^^^^^^^^^^^^^^^^^^^^^^^^^^^^^^^^^^^^^^^
tests/autogen_op/codegen/test_codegen_aten_eq_Scalar.py:8: in <module>
    import ttnn
E   ModuleNotFoundError: No module named 'ttnn'
_ ERROR collecting tests/autogen_op/codegen/test_codegen_aten_expand_default.py _
ImportError while importing test module '/Users/Ajay17/pytorch2.0_ttnn/tests/autogen_op/codegen/test_codegen_aten_expand_default.py'.
Hint: make sure your test modules/packages have valid Python names.
Traceback:
../.pyenv/versions/3.11.10/lib/python3.11/importlib/__init__.py:126: in import_module
    return _bootstrap._gcd_import(name[level:], package, level)
           ^^^^^^^^^^^^^^^^^^^^^^^^^^^^^^^^^^^^^^^^^^^^^^^^^^^^
tests/autogen_op/codegen/test_codegen_aten_expand_default.py:8: in <module>
    import ttnn
E   ModuleNotFoundError: No module named 'ttnn'
___ ERROR collecting tests/autogen_op/codegen/test_codegen_aten_gt_Scalar.py ___
ImportError while importing test module '/Users/Ajay17/pytorch2.0_ttnn/tests/autogen_op/codegen/test_codegen_aten_gt_Scalar.py'.
Hint: make sure your test modules/packages have valid Python names.
Traceback:
../.pyenv/versions/3.11.10/lib/python3.11/importlib/__init__.py:126: in import_module
    return _bootstrap._gcd_import(name[level:], package, level)
           ^^^^^^^^^^^^^^^^^^^^^^^^^^^^^^^^^^^^^^^^^^^^^^^^^^^^
tests/autogen_op/codegen/test_codegen_aten_gt_Scalar.py:8: in <module>
    import ttnn
E   ModuleNotFoundError: No module named 'ttnn'
_ ERROR collecting tests/autogen_op/codegen/test_codegen_aten_index_Tensor.py __
ImportError while importing test module '/Users/Ajay17/pytorch2.0_ttnn/tests/autogen_op/codegen/test_codegen_aten_index_Tensor.py'.
Hint: make sure your test modules/packages have valid Python names.
Traceback:
../.pyenv/versions/3.11.10/lib/python3.11/importlib/__init__.py:126: in import_module
    return _bootstrap._gcd_import(name[level:], package, level)
           ^^^^^^^^^^^^^^^^^^^^^^^^^^^^^^^^^^^^^^^^^^^^^^^^^^^^
tests/autogen_op/codegen/test_codegen_aten_index_Tensor.py:8: in <module>
    import ttnn
E   ModuleNotFoundError: No module named 'ttnn'
__ ERROR collecting tests/autogen_op/codegen/test_codegen_aten_mm_default.py ___
ImportError while importing test module '/Users/Ajay17/pytorch2.0_ttnn/tests/autogen_op/codegen/test_codegen_aten_mm_default.py'.
Hint: make sure your test modules/packages have valid Python names.
Traceback:
../.pyenv/versions/3.11.10/lib/python3.11/importlib/__init__.py:126: in import_module
    return _bootstrap._gcd_import(name[level:], package, level)
           ^^^^^^^^^^^^^^^^^^^^^^^^^^^^^^^^^^^^^^^^^^^^^^^^^^^^
tests/autogen_op/codegen/test_codegen_aten_mm_default.py:8: in <module>
    import ttnn
E   ModuleNotFoundError: No module named 'ttnn'
__ ERROR collecting tests/autogen_op/codegen/test_codegen_aten_mul_Tensor.py ___
ImportError while importing test module '/Users/Ajay17/pytorch2.0_ttnn/tests/autogen_op/codegen/test_codegen_aten_mul_Tensor.py'.
Hint: make sure your test modules/packages have valid Python names.
Traceback:
../.pyenv/versions/3.11.10/lib/python3.11/importlib/__init__.py:126: in import_module
    return _bootstrap._gcd_import(name[level:], package, level)
           ^^^^^^^^^^^^^^^^^^^^^^^^^^^^^^^^^^^^^^^^^^^^^^^^^^^^
tests/autogen_op/codegen/test_codegen_aten_mul_Tensor.py:8: in <module>
    import ttnn
E   ModuleNotFoundError: No module named 'ttnn'
_ ERROR collecting tests/autogen_op/codegen/test_codegen_aten_native_layer_norm_default.py _
ImportError while importing test module '/Users/Ajay17/pytorch2.0_ttnn/tests/autogen_op/codegen/test_codegen_aten_native_layer_norm_default.py'.
Hint: make sure your test modules/packages have valid Python names.
Traceback:
../.pyenv/versions/3.11.10/lib/python3.11/importlib/__init__.py:126: in import_module
    return _bootstrap._gcd_import(name[level:], package, level)
           ^^^^^^^^^^^^^^^^^^^^^^^^^^^^^^^^^^^^^^^^^^^^^^^^^^^^
tests/autogen_op/codegen/test_codegen_aten_native_layer_norm_default.py:8: in <module>
    import ttnn
E   ModuleNotFoundError: No module named 'ttnn'
__ ERROR collecting tests/autogen_op/codegen/test_codegen_aten_neg_default.py __
ImportError while importing test module '/Users/Ajay17/pytorch2.0_ttnn/tests/autogen_op/codegen/test_codegen_aten_neg_default.py'.
Hint: make sure your test modules/packages have valid Python names.
Traceback:
../.pyenv/versions/3.11.10/lib/python3.11/importlib/__init__.py:126: in import_module
    return _bootstrap._gcd_import(name[level:], package, level)
           ^^^^^^^^^^^^^^^^^^^^^^^^^^^^^^^^^^^^^^^^^^^^^^^^^^^^
tests/autogen_op/codegen/test_codegen_aten_neg_default.py:8: in <module>
    import ttnn
E   ModuleNotFoundError: No module named 'ttnn'
_ ERROR collecting tests/autogen_op/codegen/test_codegen_aten_new_ones_default.py _
ImportError while importing test module '/Users/Ajay17/pytorch2.0_ttnn/tests/autogen_op/codegen/test_codegen_aten_new_ones_default.py'.
Hint: make sure your test modules/packages have valid Python names.
Traceback:
../.pyenv/versions/3.11.10/lib/python3.11/importlib/__init__.py:126: in import_module
    return _bootstrap._gcd_import(name[level:], package, level)
           ^^^^^^^^^^^^^^^^^^^^^^^^^^^^^^^^^^^^^^^^^^^^^^^^^^^^
tests/autogen_op/codegen/test_codegen_aten_new_ones_default.py:8: in <module>
    import ttnn
E   ModuleNotFoundError: No module named 'ttnn'
_ ERROR collecting tests/autogen_op/codegen/test_codegen_aten_permute_default.py _
ImportError while importing test module '/Users/Ajay17/pytorch2.0_ttnn/tests/autogen_op/codegen/test_codegen_aten_permute_default.py'.
Hint: make sure your test modules/packages have valid Python names.
Traceback:
../.pyenv/versions/3.11.10/lib/python3.11/importlib/__init__.py:126: in import_module
    return _bootstrap._gcd_import(name[level:], package, level)
           ^^^^^^^^^^^^^^^^^^^^^^^^^^^^^^^^^^^^^^^^^^^^^^^^^^^^
tests/autogen_op/codegen/test_codegen_aten_permute_default.py:8: in <module>
    import ttnn
E   ModuleNotFoundError: No module named 'ttnn'
_ ERROR collecting tests/autogen_op/codegen/test_codegen_aten_pow_Tensor_Scalar.py _
ImportError while importing test module '/Users/Ajay17/pytorch2.0_ttnn/tests/autogen_op/codegen/test_codegen_aten_pow_Tensor_Scalar.py'.
Hint: make sure your test modules/packages have valid Python names.
Traceback:
../.pyenv/versions/3.11.10/lib/python3.11/importlib/__init__.py:126: in import_module
    return _bootstrap._gcd_import(name[level:], package, level)
           ^^^^^^^^^^^^^^^^^^^^^^^^^^^^^^^^^^^^^^^^^^^^^^^^^^^^
tests/autogen_op/codegen/test_codegen_aten_pow_Tensor_Scalar.py:8: in <module>
    import ttnn
E   ModuleNotFoundError: No module named 'ttnn'
__ ERROR collecting tests/autogen_op/codegen/test_codegen_aten_rsub_Scalar.py __
ImportError while importing test module '/Users/Ajay17/pytorch2.0_ttnn/tests/autogen_op/codegen/test_codegen_aten_rsub_Scalar.py'.
Hint: make sure your test modules/packages have valid Python names.
Traceback:
../.pyenv/versions/3.11.10/lib/python3.11/importlib/__init__.py:126: in import_module
    return _bootstrap._gcd_import(name[level:], package, level)
           ^^^^^^^^^^^^^^^^^^^^^^^^^^^^^^^^^^^^^^^^^^^^^^^^^^^^
tests/autogen_op/codegen/test_codegen_aten_rsub_Scalar.py:8: in <module>
    import ttnn
E   ModuleNotFoundError: No module named 'ttnn'
__ ERROR collecting tests/autogen_op/codegen/test_codegen_aten_select_int.py ___
ImportError while importing test module '/Users/Ajay17/pytorch2.0_ttnn/tests/autogen_op/codegen/test_codegen_aten_select_int.py'.
Hint: make sure your test modules/packages have valid Python names.
Traceback:
../.pyenv/versions/3.11.10/lib/python3.11/importlib/__init__.py:126: in import_module
    return _bootstrap._gcd_import(name[level:], package, level)
           ^^^^^^^^^^^^^^^^^^^^^^^^^^^^^^^^^^^^^^^^^^^^^^^^^^^^
tests/autogen_op/codegen/test_codegen_aten_select_int.py:8: in <module>
    import ttnn
E   ModuleNotFoundError: No module named 'ttnn'
_ ERROR collecting tests/autogen_op/codegen/test_codegen_aten_slice_Tensor.py __
ImportError while importing test module '/Users/Ajay17/pytorch2.0_ttnn/tests/autogen_op/codegen/test_codegen_aten_slice_Tensor.py'.
Hint: make sure your test modules/packages have valid Python names.
Traceback:
../.pyenv/versions/3.11.10/lib/python3.11/importlib/__init__.py:126: in import_module
    return _bootstrap._gcd_import(name[level:], package, level)
           ^^^^^^^^^^^^^^^^^^^^^^^^^^^^^^^^^^^^^^^^^^^^^^^^^^^^
tests/autogen_op/codegen/test_codegen_aten_slice_Tensor.py:8: in <module>
    import ttnn
E   ModuleNotFoundError: No module named 'ttnn'
_ ERROR collecting tests/autogen_op/codegen/test_codegen_aten_split_Tensor.py __
ImportError while importing test module '/Users/Ajay17/pytorch2.0_ttnn/tests/autogen_op/codegen/test_codegen_aten_split_Tensor.py'.
Hint: make sure your test modules/packages have valid Python names.
Traceback:
../.pyenv/versions/3.11.10/lib/python3.11/importlib/__init__.py:126: in import_module
    return _bootstrap._gcd_import(name[level:], package, level)
           ^^^^^^^^^^^^^^^^^^^^^^^^^^^^^^^^^^^^^^^^^^^^^^^^^^^^
tests/autogen_op/codegen/test_codegen_aten_split_Tensor.py:8: in <module>
    import ttnn
E   ModuleNotFoundError: No module named 'ttnn'
_ ERROR collecting tests/autogen_op/codegen/test_codegen_aten_stack_default.py _
ImportError while importing test module '/Users/Ajay17/pytorch2.0_ttnn/tests/autogen_op/codegen/test_codegen_aten_stack_default.py'.
Hint: make sure your test modules/packages have valid Python names.
Traceback:
../.pyenv/versions/3.11.10/lib/python3.11/importlib/__init__.py:126: in import_module
    return _bootstrap._gcd_import(name[level:], package, level)
           ^^^^^^^^^^^^^^^^^^^^^^^^^^^^^^^^^^^^^^^^^^^^^^^^^^^^
tests/autogen_op/codegen/test_codegen_aten_stack_default.py:8: in <module>
    import ttnn
E   ModuleNotFoundError: No module named 'ttnn'
__ ERROR collecting tests/autogen_op/codegen/test_codegen_aten_sub_Tensor.py ___
ImportError while importing test module '/Users/Ajay17/pytorch2.0_ttnn/tests/autogen_op/codegen/test_codegen_aten_sub_Tensor.py'.
Hint: make sure your test modules/packages have valid Python names.
Traceback:
../.pyenv/versions/3.11.10/lib/python3.11/importlib/__init__.py:126: in import_module
    return _bootstrap._gcd_import(name[level:], package, level)
           ^^^^^^^^^^^^^^^^^^^^^^^^^^^^^^^^^^^^^^^^^^^^^^^^^^^^
tests/autogen_op/codegen/test_codegen_aten_sub_Tensor.py:8: in <module>
    import ttnn
E   ModuleNotFoundError: No module named 'ttnn'
__ ERROR collecting tests/autogen_op/codegen/test_codegen_aten_sum_default.py __
ImportError while importing test module '/Users/Ajay17/pytorch2.0_ttnn/tests/autogen_op/codegen/test_codegen_aten_sum_default.py'.
Hint: make sure your test modules/packages have valid Python names.
Traceback:
../.pyenv/versions/3.11.10/lib/python3.11/importlib/__init__.py:126: in import_module
    return _bootstrap._gcd_import(name[level:], package, level)
           ^^^^^^^^^^^^^^^^^^^^^^^^^^^^^^^^^^^^^^^^^^^^^^^^^^^^
tests/autogen_op/codegen/test_codegen_aten_sum_default.py:8: in <module>
    import ttnn
E   ModuleNotFoundError: No module named 'ttnn'
_ ERROR collecting tests/autogen_op/codegen/test_codegen_aten_sym_size_int.py __
ImportError while importing test module '/Users/Ajay17/pytorch2.0_ttnn/tests/autogen_op/codegen/test_codegen_aten_sym_size_int.py'.
Hint: make sure your test modules/packages have valid Python names.
Traceback:
../.pyenv/versions/3.11.10/lib/python3.11/importlib/__init__.py:126: in import_module
    return _bootstrap._gcd_import(name[level:], package, level)
           ^^^^^^^^^^^^^^^^^^^^^^^^^^^^^^^^^^^^^^^^^^^^^^^^^^^^
tests/autogen_op/codegen/test_codegen_aten_sym_size_int.py:8: in <module>
    import ttnn
E   ModuleNotFoundError: No module named 'ttnn'
___ ERROR collecting tests/autogen_op/codegen/test_codegen_aten_t_default.py ___
ImportError while importing test module '/Users/Ajay17/pytorch2.0_ttnn/tests/autogen_op/codegen/test_codegen_aten_t_default.py'.
Hint: make sure your test modules/packages have valid Python names.
Traceback:
../.pyenv/versions/3.11.10/lib/python3.11/importlib/__init__.py:126: in import_module
    return _bootstrap._gcd_import(name[level:], package, level)
           ^^^^^^^^^^^^^^^^^^^^^^^^^^^^^^^^^^^^^^^^^^^^^^^^^^^^
tests/autogen_op/codegen/test_codegen_aten_t_default.py:8: in <module>
    import ttnn
E   ModuleNotFoundError: No module named 'ttnn'
_ ERROR collecting tests/autogen_op/codegen/test_codegen_aten_tanh_default.py __
ImportError while importing test module '/Users/Ajay17/pytorch2.0_ttnn/tests/autogen_op/codegen/test_codegen_aten_tanh_default.py'.
Hint: make sure your test modules/packages have valid Python names.
Traceback:
../.pyenv/versions/3.11.10/lib/python3.11/importlib/__init__.py:126: in import_module
    return _bootstrap._gcd_import(name[level:], package, level)
           ^^^^^^^^^^^^^^^^^^^^^^^^^^^^^^^^^^^^^^^^^^^^^^^^^^^^
tests/autogen_op/codegen/test_codegen_aten_tanh_default.py:8: in <module>
    import ttnn
E   ModuleNotFoundError: No module named 'ttnn'
_ ERROR collecting tests/autogen_op/codegen/test_codegen_aten_transpose_int.py _
ImportError while importing test module '/Users/Ajay17/pytorch2.0_ttnn/tests/autogen_op/codegen/test_codegen_aten_transpose_int.py'.
Hint: make sure your test modules/packages have valid Python names.
Traceback:
../.pyenv/versions/3.11.10/lib/python3.11/importlib/__init__.py:126: in import_module
    return _bootstrap._gcd_import(name[level:], package, level)
           ^^^^^^^^^^^^^^^^^^^^^^^^^^^^^^^^^^^^^^^^^^^^^^^^^^^^
tests/autogen_op/codegen/test_codegen_aten_transpose_int.py:8: in <module>
    import ttnn
E   ModuleNotFoundError: No module named 'ttnn'
_ ERROR collecting tests/autogen_op/codegen/test_codegen_aten_unsqueeze_default.py _
ImportError while importing test module '/Users/Ajay17/pytorch2.0_ttnn/tests/autogen_op/codegen/test_codegen_aten_unsqueeze_default.py'.
Hint: make sure your test modules/packages have valid Python names.
Traceback:
../.pyenv/versions/3.11.10/lib/python3.11/importlib/__init__.py:126: in import_module
    return _bootstrap._gcd_import(name[level:], package, level)
           ^^^^^^^^^^^^^^^^^^^^^^^^^^^^^^^^^^^^^^^^^^^^^^^^^^^^
tests/autogen_op/codegen/test_codegen_aten_unsqueeze_default.py:8: in <module>
    import ttnn
E   ModuleNotFoundError: No module named 'ttnn'
_ ERROR collecting tests/autogen_op/codegen/test_codegen_aten_view_default.py __
ImportError while importing test module '/Users/Ajay17/pytorch2.0_ttnn/tests/autogen_op/codegen/test_codegen_aten_view_default.py'.
Hint: make sure your test modules/packages have valid Python names.
Traceback:
../.pyenv/versions/3.11.10/lib/python3.11/importlib/__init__.py:126: in import_module
    return _bootstrap._gcd_import(name[level:], package, level)
           ^^^^^^^^^^^^^^^^^^^^^^^^^^^^^^^^^^^^^^^^^^^^^^^^^^^^
tests/autogen_op/codegen/test_codegen_aten_view_default.py:8: in <module>
    import ttnn
E   ModuleNotFoundError: No module named 'ttnn'
__ ERROR collecting tests/autogen_op/codegen/test_codegen_aten_where_self.py ___
ImportError while importing test module '/Users/Ajay17/pytorch2.0_ttnn/tests/autogen_op/codegen/test_codegen_aten_where_self.py'.
Hint: make sure your test modules/packages have valid Python names.
Traceback:
../.pyenv/versions/3.11.10/lib/python3.11/importlib/__init__.py:126: in import_module
    return _bootstrap._gcd_import(name[level:], package, level)
           ^^^^^^^^^^^^^^^^^^^^^^^^^^^^^^^^^^^^^^^^^^^^^^^^^^^^
tests/autogen_op/codegen/test_codegen_aten_where_self.py:8: in <module>
    import ttnn
E   ModuleNotFoundError: No module named 'ttnn'
_ ERROR collecting tests/autogen_op/densenet121/test_densenet121_aten__native_batch_norm_legit_no_training_default.py _
ImportError while importing test module '/Users/Ajay17/pytorch2.0_ttnn/tests/autogen_op/densenet121/test_densenet121_aten__native_batch_norm_legit_no_training_default.py'.
Hint: make sure your test modules/packages have valid Python names.
Traceback:
../.pyenv/versions/3.11.10/lib/python3.11/importlib/__init__.py:126: in import_module
    return _bootstrap._gcd_import(name[level:], package, level)
           ^^^^^^^^^^^^^^^^^^^^^^^^^^^^^^^^^^^^^^^^^^^^^^^^^^^^
tests/autogen_op/densenet121/test_densenet121_aten__native_batch_norm_legit_no_training_default.py:8: in <module>
    import ttnn
E   ModuleNotFoundError: No module named 'ttnn'
_ ERROR collecting tests/autogen_op/densenet121/test_densenet121_aten_addmm_default.py _
ImportError while importing test module '/Users/Ajay17/pytorch2.0_ttnn/tests/autogen_op/densenet121/test_densenet121_aten_addmm_default.py'.
Hint: make sure your test modules/packages have valid Python names.
Traceback:
../.pyenv/versions/3.11.10/lib/python3.11/importlib/__init__.py:126: in import_module
    return _bootstrap._gcd_import(name[level:], package, level)
           ^^^^^^^^^^^^^^^^^^^^^^^^^^^^^^^^^^^^^^^^^^^^^^^^^^^^
tests/autogen_op/densenet121/test_densenet121_aten_addmm_default.py:8: in <module>
    import ttnn
E   ModuleNotFoundError: No module named 'ttnn'
_ ERROR collecting tests/autogen_op/densenet121/test_densenet121_aten_avg_pool2d_default.py _
ImportError while importing test module '/Users/Ajay17/pytorch2.0_ttnn/tests/autogen_op/densenet121/test_densenet121_aten_avg_pool2d_default.py'.
Hint: make sure your test modules/packages have valid Python names.
Traceback:
../.pyenv/versions/3.11.10/lib/python3.11/importlib/__init__.py:126: in import_module
    return _bootstrap._gcd_import(name[level:], package, level)
           ^^^^^^^^^^^^^^^^^^^^^^^^^^^^^^^^^^^^^^^^^^^^^^^^^^^^
tests/autogen_op/densenet121/test_densenet121_aten_avg_pool2d_default.py:8: in <module>
    import ttnn
E   ModuleNotFoundError: No module named 'ttnn'
_ ERROR collecting tests/autogen_op/densenet121/test_densenet121_aten_cat_default.py _
ImportError while importing test module '/Users/Ajay17/pytorch2.0_ttnn/tests/autogen_op/densenet121/test_densenet121_aten_cat_default.py'.
Hint: make sure your test modules/packages have valid Python names.
Traceback:
../.pyenv/versions/3.11.10/lib/python3.11/importlib/__init__.py:126: in import_module
    return _bootstrap._gcd_import(name[level:], package, level)
           ^^^^^^^^^^^^^^^^^^^^^^^^^^^^^^^^^^^^^^^^^^^^^^^^^^^^
tests/autogen_op/densenet121/test_densenet121_aten_cat_default.py:8: in <module>
    import ttnn
E   ModuleNotFoundError: No module named 'ttnn'
_ ERROR collecting tests/autogen_op/densenet121/test_densenet121_aten_convolution_default.py _
ImportError while importing test module '/Users/Ajay17/pytorch2.0_ttnn/tests/autogen_op/densenet121/test_densenet121_aten_convolution_default.py'.
Hint: make sure your test modules/packages have valid Python names.
Traceback:
../.pyenv/versions/3.11.10/lib/python3.11/importlib/__init__.py:126: in import_module
    return _bootstrap._gcd_import(name[level:], package, level)
           ^^^^^^^^^^^^^^^^^^^^^^^^^^^^^^^^^^^^^^^^^^^^^^^^^^^^
tests/autogen_op/densenet121/test_densenet121_aten_convolution_default.py:8: in <module>
    import ttnn
E   ModuleNotFoundError: No module named 'ttnn'
_ ERROR collecting tests/autogen_op/densenet121/test_densenet121_aten_max_pool2d_with_indices_default.py _
ImportError while importing test module '/Users/Ajay17/pytorch2.0_ttnn/tests/autogen_op/densenet121/test_densenet121_aten_max_pool2d_with_indices_default.py'.
Hint: make sure your test modules/packages have valid Python names.
Traceback:
../.pyenv/versions/3.11.10/lib/python3.11/importlib/__init__.py:126: in import_module
    return _bootstrap._gcd_import(name[level:], package, level)
           ^^^^^^^^^^^^^^^^^^^^^^^^^^^^^^^^^^^^^^^^^^^^^^^^^^^^
tests/autogen_op/densenet121/test_densenet121_aten_max_pool2d_with_indices_default.py:8: in <module>
    import ttnn
E   ModuleNotFoundError: No module named 'ttnn'
_ ERROR collecting tests/autogen_op/densenet121/test_densenet121_aten_mean_dim.py _
ImportError while importing test module '/Users/Ajay17/pytorch2.0_ttnn/tests/autogen_op/densenet121/test_densenet121_aten_mean_dim.py'.
Hint: make sure your test modules/packages have valid Python names.
Traceback:
../.pyenv/versions/3.11.10/lib/python3.11/importlib/__init__.py:126: in import_module
    return _bootstrap._gcd_import(name[level:], package, level)
           ^^^^^^^^^^^^^^^^^^^^^^^^^^^^^^^^^^^^^^^^^^^^^^^^^^^^
tests/autogen_op/densenet121/test_densenet121_aten_mean_dim.py:8: in <module>
    import ttnn
E   ModuleNotFoundError: No module named 'ttnn'
_ ERROR collecting tests/autogen_op/densenet121/test_densenet121_aten_relu_default.py _
ImportError while importing test module '/Users/Ajay17/pytorch2.0_ttnn/tests/autogen_op/densenet121/test_densenet121_aten_relu_default.py'.
Hint: make sure your test modules/packages have valid Python names.
Traceback:
../.pyenv/versions/3.11.10/lib/python3.11/importlib/__init__.py:126: in import_module
    return _bootstrap._gcd_import(name[level:], package, level)
           ^^^^^^^^^^^^^^^^^^^^^^^^^^^^^^^^^^^^^^^^^^^^^^^^^^^^
tests/autogen_op/densenet121/test_densenet121_aten_relu_default.py:8: in <module>
    import ttnn
E   ModuleNotFoundError: No module named 'ttnn'
_ ERROR collecting tests/autogen_op/densenet121/test_densenet121_aten_t_default.py _
ImportError while importing test module '/Users/Ajay17/pytorch2.0_ttnn/tests/autogen_op/densenet121/test_densenet121_aten_t_default.py'.
Hint: make sure your test modules/packages have valid Python names.
Traceback:
../.pyenv/versions/3.11.10/lib/python3.11/importlib/__init__.py:126: in import_module
    return _bootstrap._gcd_import(name[level:], package, level)
           ^^^^^^^^^^^^^^^^^^^^^^^^^^^^^^^^^^^^^^^^^^^^^^^^^^^^
tests/autogen_op/densenet121/test_densenet121_aten_t_default.py:8: in <module>
    import ttnn
E   ModuleNotFoundError: No module named 'ttnn'
_ ERROR collecting tests/autogen_op/densenet121/test_densenet121_aten_view_default.py _
ImportError while importing test module '/Users/Ajay17/pytorch2.0_ttnn/tests/autogen_op/densenet121/test_densenet121_aten_view_default.py'.
Hint: make sure your test modules/packages have valid Python names.
Traceback:
../.pyenv/versions/3.11.10/lib/python3.11/importlib/__init__.py:126: in import_module
    return _bootstrap._gcd_import(name[level:], package, level)
           ^^^^^^^^^^^^^^^^^^^^^^^^^^^^^^^^^^^^^^^^^^^^^^^^^^^^
tests/autogen_op/densenet121/test_densenet121_aten_view_default.py:8: in <module>
    import ttnn
E   ModuleNotFoundError: No module named 'ttnn'
_ ERROR collecting tests/autogen_op/densenet161/test_densenet161_aten__native_batch_norm_legit_no_training_default.py _
ImportError while importing test module '/Users/Ajay17/pytorch2.0_ttnn/tests/autogen_op/densenet161/test_densenet161_aten__native_batch_norm_legit_no_training_default.py'.
Hint: make sure your test modules/packages have valid Python names.
Traceback:
../.pyenv/versions/3.11.10/lib/python3.11/importlib/__init__.py:126: in import_module
    return _bootstrap._gcd_import(name[level:], package, level)
           ^^^^^^^^^^^^^^^^^^^^^^^^^^^^^^^^^^^^^^^^^^^^^^^^^^^^
tests/autogen_op/densenet161/test_densenet161_aten__native_batch_norm_legit_no_training_default.py:8: in <module>
    import ttnn
E   ModuleNotFoundError: No module named 'ttnn'
_ ERROR collecting tests/autogen_op/densenet161/test_densenet161_aten_addmm_default.py _
ImportError while importing test module '/Users/Ajay17/pytorch2.0_ttnn/tests/autogen_op/densenet161/test_densenet161_aten_addmm_default.py'.
Hint: make sure your test modules/packages have valid Python names.
Traceback:
../.pyenv/versions/3.11.10/lib/python3.11/importlib/__init__.py:126: in import_module
    return _bootstrap._gcd_import(name[level:], package, level)
           ^^^^^^^^^^^^^^^^^^^^^^^^^^^^^^^^^^^^^^^^^^^^^^^^^^^^
tests/autogen_op/densenet161/test_densenet161_aten_addmm_default.py:8: in <module>
    import ttnn
E   ModuleNotFoundError: No module named 'ttnn'
_ ERROR collecting tests/autogen_op/densenet161/test_densenet161_aten_avg_pool2d_default.py _
ImportError while importing test module '/Users/Ajay17/pytorch2.0_ttnn/tests/autogen_op/densenet161/test_densenet161_aten_avg_pool2d_default.py'.
Hint: make sure your test modules/packages have valid Python names.
Traceback:
../.pyenv/versions/3.11.10/lib/python3.11/importlib/__init__.py:126: in import_module
    return _bootstrap._gcd_import(name[level:], package, level)
           ^^^^^^^^^^^^^^^^^^^^^^^^^^^^^^^^^^^^^^^^^^^^^^^^^^^^
tests/autogen_op/densenet161/test_densenet161_aten_avg_pool2d_default.py:8: in <module>
    import ttnn
E   ModuleNotFoundError: No module named 'ttnn'
_ ERROR collecting tests/autogen_op/densenet161/test_densenet161_aten_cat_default.py _
ImportError while importing test module '/Users/Ajay17/pytorch2.0_ttnn/tests/autogen_op/densenet161/test_densenet161_aten_cat_default.py'.
Hint: make sure your test modules/packages have valid Python names.
Traceback:
../.pyenv/versions/3.11.10/lib/python3.11/importlib/__init__.py:126: in import_module
    return _bootstrap._gcd_import(name[level:], package, level)
           ^^^^^^^^^^^^^^^^^^^^^^^^^^^^^^^^^^^^^^^^^^^^^^^^^^^^
tests/autogen_op/densenet161/test_densenet161_aten_cat_default.py:8: in <module>
    import ttnn
E   ModuleNotFoundError: No module named 'ttnn'
_ ERROR collecting tests/autogen_op/densenet161/test_densenet161_aten_convolution_default.py _
ImportError while importing test module '/Users/Ajay17/pytorch2.0_ttnn/tests/autogen_op/densenet161/test_densenet161_aten_convolution_default.py'.
Hint: make sure your test modules/packages have valid Python names.
Traceback:
../.pyenv/versions/3.11.10/lib/python3.11/importlib/__init__.py:126: in import_module
    return _bootstrap._gcd_import(name[level:], package, level)
           ^^^^^^^^^^^^^^^^^^^^^^^^^^^^^^^^^^^^^^^^^^^^^^^^^^^^
tests/autogen_op/densenet161/test_densenet161_aten_convolution_default.py:8: in <module>
    import ttnn
E   ModuleNotFoundError: No module named 'ttnn'
_ ERROR collecting tests/autogen_op/densenet161/test_densenet161_aten_max_pool2d_with_indices_default.py _
ImportError while importing test module '/Users/Ajay17/pytorch2.0_ttnn/tests/autogen_op/densenet161/test_densenet161_aten_max_pool2d_with_indices_default.py'.
Hint: make sure your test modules/packages have valid Python names.
Traceback:
../.pyenv/versions/3.11.10/lib/python3.11/importlib/__init__.py:126: in import_module
    return _bootstrap._gcd_import(name[level:], package, level)
           ^^^^^^^^^^^^^^^^^^^^^^^^^^^^^^^^^^^^^^^^^^^^^^^^^^^^
tests/autogen_op/densenet161/test_densenet161_aten_max_pool2d_with_indices_default.py:8: in <module>
    import ttnn
E   ModuleNotFoundError: No module named 'ttnn'
_ ERROR collecting tests/autogen_op/densenet161/test_densenet161_aten_mean_dim.py _
ImportError while importing test module '/Users/Ajay17/pytorch2.0_ttnn/tests/autogen_op/densenet161/test_densenet161_aten_mean_dim.py'.
Hint: make sure your test modules/packages have valid Python names.
Traceback:
../.pyenv/versions/3.11.10/lib/python3.11/importlib/__init__.py:126: in import_module
    return _bootstrap._gcd_import(name[level:], package, level)
           ^^^^^^^^^^^^^^^^^^^^^^^^^^^^^^^^^^^^^^^^^^^^^^^^^^^^
tests/autogen_op/densenet161/test_densenet161_aten_mean_dim.py:8: in <module>
    import ttnn
E   ModuleNotFoundError: No module named 'ttnn'
_ ERROR collecting tests/autogen_op/densenet161/test_densenet161_aten_relu_default.py _
ImportError while importing test module '/Users/Ajay17/pytorch2.0_ttnn/tests/autogen_op/densenet161/test_densenet161_aten_relu_default.py'.
Hint: make sure your test modules/packages have valid Python names.
Traceback:
../.pyenv/versions/3.11.10/lib/python3.11/importlib/__init__.py:126: in import_module
    return _bootstrap._gcd_import(name[level:], package, level)
           ^^^^^^^^^^^^^^^^^^^^^^^^^^^^^^^^^^^^^^^^^^^^^^^^^^^^
tests/autogen_op/densenet161/test_densenet161_aten_relu_default.py:8: in <module>
    import ttnn
E   ModuleNotFoundError: No module named 'ttnn'
_ ERROR collecting tests/autogen_op/densenet161/test_densenet161_aten_t_default.py _
ImportError while importing test module '/Users/Ajay17/pytorch2.0_ttnn/tests/autogen_op/densenet161/test_densenet161_aten_t_default.py'.
Hint: make sure your test modules/packages have valid Python names.
Traceback:
../.pyenv/versions/3.11.10/lib/python3.11/importlib/__init__.py:126: in import_module
    return _bootstrap._gcd_import(name[level:], package, level)
           ^^^^^^^^^^^^^^^^^^^^^^^^^^^^^^^^^^^^^^^^^^^^^^^^^^^^
tests/autogen_op/densenet161/test_densenet161_aten_t_default.py:8: in <module>
    import ttnn
E   ModuleNotFoundError: No module named 'ttnn'
_ ERROR collecting tests/autogen_op/densenet161/test_densenet161_aten_view_default.py _
ImportError while importing test module '/Users/Ajay17/pytorch2.0_ttnn/tests/autogen_op/densenet161/test_densenet161_aten_view_default.py'.
Hint: make sure your test modules/packages have valid Python names.
Traceback:
../.pyenv/versions/3.11.10/lib/python3.11/importlib/__init__.py:126: in import_module
    return _bootstrap._gcd_import(name[level:], package, level)
           ^^^^^^^^^^^^^^^^^^^^^^^^^^^^^^^^^^^^^^^^^^^^^^^^^^^^
tests/autogen_op/densenet161/test_densenet161_aten_view_default.py:8: in <module>
    import ttnn
E   ModuleNotFoundError: No module named 'ttnn'
_ ERROR collecting tests/autogen_op/densenet169/test_densenet169_aten__native_batch_norm_legit_no_training_default.py _
ImportError while importing test module '/Users/Ajay17/pytorch2.0_ttnn/tests/autogen_op/densenet169/test_densenet169_aten__native_batch_norm_legit_no_training_default.py'.
Hint: make sure your test modules/packages have valid Python names.
Traceback:
../.pyenv/versions/3.11.10/lib/python3.11/importlib/__init__.py:126: in import_module
    return _bootstrap._gcd_import(name[level:], package, level)
           ^^^^^^^^^^^^^^^^^^^^^^^^^^^^^^^^^^^^^^^^^^^^^^^^^^^^
tests/autogen_op/densenet169/test_densenet169_aten__native_batch_norm_legit_no_training_default.py:8: in <module>
    import ttnn
E   ModuleNotFoundError: No module named 'ttnn'
_ ERROR collecting tests/autogen_op/densenet169/test_densenet169_aten_addmm_default.py _
ImportError while importing test module '/Users/Ajay17/pytorch2.0_ttnn/tests/autogen_op/densenet169/test_densenet169_aten_addmm_default.py'.
Hint: make sure your test modules/packages have valid Python names.
Traceback:
../.pyenv/versions/3.11.10/lib/python3.11/importlib/__init__.py:126: in import_module
    return _bootstrap._gcd_import(name[level:], package, level)
           ^^^^^^^^^^^^^^^^^^^^^^^^^^^^^^^^^^^^^^^^^^^^^^^^^^^^
tests/autogen_op/densenet169/test_densenet169_aten_addmm_default.py:8: in <module>
    import ttnn
E   ModuleNotFoundError: No module named 'ttnn'
_ ERROR collecting tests/autogen_op/densenet169/test_densenet169_aten_avg_pool2d_default.py _
ImportError while importing test module '/Users/Ajay17/pytorch2.0_ttnn/tests/autogen_op/densenet169/test_densenet169_aten_avg_pool2d_default.py'.
Hint: make sure your test modules/packages have valid Python names.
Traceback:
../.pyenv/versions/3.11.10/lib/python3.11/importlib/__init__.py:126: in import_module
    return _bootstrap._gcd_import(name[level:], package, level)
           ^^^^^^^^^^^^^^^^^^^^^^^^^^^^^^^^^^^^^^^^^^^^^^^^^^^^
tests/autogen_op/densenet169/test_densenet169_aten_avg_pool2d_default.py:8: in <module>
    import ttnn
E   ModuleNotFoundError: No module named 'ttnn'
_ ERROR collecting tests/autogen_op/densenet169/test_densenet169_aten_cat_default.py _
ImportError while importing test module '/Users/Ajay17/pytorch2.0_ttnn/tests/autogen_op/densenet169/test_densenet169_aten_cat_default.py'.
Hint: make sure your test modules/packages have valid Python names.
Traceback:
../.pyenv/versions/3.11.10/lib/python3.11/importlib/__init__.py:126: in import_module
    return _bootstrap._gcd_import(name[level:], package, level)
           ^^^^^^^^^^^^^^^^^^^^^^^^^^^^^^^^^^^^^^^^^^^^^^^^^^^^
tests/autogen_op/densenet169/test_densenet169_aten_cat_default.py:8: in <module>
    import ttnn
E   ModuleNotFoundError: No module named 'ttnn'
_ ERROR collecting tests/autogen_op/densenet169/test_densenet169_aten_convolution_default.py _
ImportError while importing test module '/Users/Ajay17/pytorch2.0_ttnn/tests/autogen_op/densenet169/test_densenet169_aten_convolution_default.py'.
Hint: make sure your test modules/packages have valid Python names.
Traceback:
../.pyenv/versions/3.11.10/lib/python3.11/importlib/__init__.py:126: in import_module
    return _bootstrap._gcd_import(name[level:], package, level)
           ^^^^^^^^^^^^^^^^^^^^^^^^^^^^^^^^^^^^^^^^^^^^^^^^^^^^
tests/autogen_op/densenet169/test_densenet169_aten_convolution_default.py:8: in <module>
    import ttnn
E   ModuleNotFoundError: No module named 'ttnn'
_ ERROR collecting tests/autogen_op/densenet169/test_densenet169_aten_max_pool2d_with_indices_default.py _
ImportError while importing test module '/Users/Ajay17/pytorch2.0_ttnn/tests/autogen_op/densenet169/test_densenet169_aten_max_pool2d_with_indices_default.py'.
Hint: make sure your test modules/packages have valid Python names.
Traceback:
../.pyenv/versions/3.11.10/lib/python3.11/importlib/__init__.py:126: in import_module
    return _bootstrap._gcd_import(name[level:], package, level)
           ^^^^^^^^^^^^^^^^^^^^^^^^^^^^^^^^^^^^^^^^^^^^^^^^^^^^
tests/autogen_op/densenet169/test_densenet169_aten_max_pool2d_with_indices_default.py:8: in <module>
    import ttnn
E   ModuleNotFoundError: No module named 'ttnn'
_ ERROR collecting tests/autogen_op/densenet169/test_densenet169_aten_mean_dim.py _
ImportError while importing test module '/Users/Ajay17/pytorch2.0_ttnn/tests/autogen_op/densenet169/test_densenet169_aten_mean_dim.py'.
Hint: make sure your test modules/packages have valid Python names.
Traceback:
../.pyenv/versions/3.11.10/lib/python3.11/importlib/__init__.py:126: in import_module
    return _bootstrap._gcd_import(name[level:], package, level)
           ^^^^^^^^^^^^^^^^^^^^^^^^^^^^^^^^^^^^^^^^^^^^^^^^^^^^
tests/autogen_op/densenet169/test_densenet169_aten_mean_dim.py:8: in <module>
    import ttnn
E   ModuleNotFoundError: No module named 'ttnn'
_ ERROR collecting tests/autogen_op/densenet169/test_densenet169_aten_relu_default.py _
ImportError while importing test module '/Users/Ajay17/pytorch2.0_ttnn/tests/autogen_op/densenet169/test_densenet169_aten_relu_default.py'.
Hint: make sure your test modules/packages have valid Python names.
Traceback:
../.pyenv/versions/3.11.10/lib/python3.11/importlib/__init__.py:126: in import_module
    return _bootstrap._gcd_import(name[level:], package, level)
           ^^^^^^^^^^^^^^^^^^^^^^^^^^^^^^^^^^^^^^^^^^^^^^^^^^^^
tests/autogen_op/densenet169/test_densenet169_aten_relu_default.py:8: in <module>
    import ttnn
E   ModuleNotFoundError: No module named 'ttnn'
_ ERROR collecting tests/autogen_op/densenet169/test_densenet169_aten_t_default.py _
ImportError while importing test module '/Users/Ajay17/pytorch2.0_ttnn/tests/autogen_op/densenet169/test_densenet169_aten_t_default.py'.
Hint: make sure your test modules/packages have valid Python names.
Traceback:
../.pyenv/versions/3.11.10/lib/python3.11/importlib/__init__.py:126: in import_module
    return _bootstrap._gcd_import(name[level:], package, level)
           ^^^^^^^^^^^^^^^^^^^^^^^^^^^^^^^^^^^^^^^^^^^^^^^^^^^^
tests/autogen_op/densenet169/test_densenet169_aten_t_default.py:8: in <module>
    import ttnn
E   ModuleNotFoundError: No module named 'ttnn'
_ ERROR collecting tests/autogen_op/densenet169/test_densenet169_aten_view_default.py _
ImportError while importing test module '/Users/Ajay17/pytorch2.0_ttnn/tests/autogen_op/densenet169/test_densenet169_aten_view_default.py'.
Hint: make sure your test modules/packages have valid Python names.
Traceback:
../.pyenv/versions/3.11.10/lib/python3.11/importlib/__init__.py:126: in import_module
    return _bootstrap._gcd_import(name[level:], package, level)
           ^^^^^^^^^^^^^^^^^^^^^^^^^^^^^^^^^^^^^^^^^^^^^^^^^^^^
tests/autogen_op/densenet169/test_densenet169_aten_view_default.py:8: in <module>
    import ttnn
E   ModuleNotFoundError: No module named 'ttnn'
_ ERROR collecting tests/autogen_op/densenet201/test_densenet201_aten__native_batch_norm_legit_no_training_default.py _
ImportError while importing test module '/Users/Ajay17/pytorch2.0_ttnn/tests/autogen_op/densenet201/test_densenet201_aten__native_batch_norm_legit_no_training_default.py'.
Hint: make sure your test modules/packages have valid Python names.
Traceback:
../.pyenv/versions/3.11.10/lib/python3.11/importlib/__init__.py:126: in import_module
    return _bootstrap._gcd_import(name[level:], package, level)
           ^^^^^^^^^^^^^^^^^^^^^^^^^^^^^^^^^^^^^^^^^^^^^^^^^^^^
tests/autogen_op/densenet201/test_densenet201_aten__native_batch_norm_legit_no_training_default.py:8: in <module>
    import ttnn
E   ModuleNotFoundError: No module named 'ttnn'
_ ERROR collecting tests/autogen_op/densenet201/test_densenet201_aten_addmm_default.py _
ImportError while importing test module '/Users/Ajay17/pytorch2.0_ttnn/tests/autogen_op/densenet201/test_densenet201_aten_addmm_default.py'.
Hint: make sure your test modules/packages have valid Python names.
Traceback:
../.pyenv/versions/3.11.10/lib/python3.11/importlib/__init__.py:126: in import_module
    return _bootstrap._gcd_import(name[level:], package, level)
           ^^^^^^^^^^^^^^^^^^^^^^^^^^^^^^^^^^^^^^^^^^^^^^^^^^^^
tests/autogen_op/densenet201/test_densenet201_aten_addmm_default.py:8: in <module>
    import ttnn
E   ModuleNotFoundError: No module named 'ttnn'
_ ERROR collecting tests/autogen_op/densenet201/test_densenet201_aten_avg_pool2d_default.py _
ImportError while importing test module '/Users/Ajay17/pytorch2.0_ttnn/tests/autogen_op/densenet201/test_densenet201_aten_avg_pool2d_default.py'.
Hint: make sure your test modules/packages have valid Python names.
Traceback:
../.pyenv/versions/3.11.10/lib/python3.11/importlib/__init__.py:126: in import_module
    return _bootstrap._gcd_import(name[level:], package, level)
           ^^^^^^^^^^^^^^^^^^^^^^^^^^^^^^^^^^^^^^^^^^^^^^^^^^^^
tests/autogen_op/densenet201/test_densenet201_aten_avg_pool2d_default.py:8: in <module>
    import ttnn
E   ModuleNotFoundError: No module named 'ttnn'
_ ERROR collecting tests/autogen_op/densenet201/test_densenet201_aten_cat_default.py _
ImportError while importing test module '/Users/Ajay17/pytorch2.0_ttnn/tests/autogen_op/densenet201/test_densenet201_aten_cat_default.py'.
Hint: make sure your test modules/packages have valid Python names.
Traceback:
../.pyenv/versions/3.11.10/lib/python3.11/importlib/__init__.py:126: in import_module
    return _bootstrap._gcd_import(name[level:], package, level)
           ^^^^^^^^^^^^^^^^^^^^^^^^^^^^^^^^^^^^^^^^^^^^^^^^^^^^
tests/autogen_op/densenet201/test_densenet201_aten_cat_default.py:8: in <module>
    import ttnn
E   ModuleNotFoundError: No module named 'ttnn'
_ ERROR collecting tests/autogen_op/densenet201/test_densenet201_aten_convolution_default.py _
ImportError while importing test module '/Users/Ajay17/pytorch2.0_ttnn/tests/autogen_op/densenet201/test_densenet201_aten_convolution_default.py'.
Hint: make sure your test modules/packages have valid Python names.
Traceback:
../.pyenv/versions/3.11.10/lib/python3.11/importlib/__init__.py:126: in import_module
    return _bootstrap._gcd_import(name[level:], package, level)
           ^^^^^^^^^^^^^^^^^^^^^^^^^^^^^^^^^^^^^^^^^^^^^^^^^^^^
tests/autogen_op/densenet201/test_densenet201_aten_convolution_default.py:8: in <module>
    import ttnn
E   ModuleNotFoundError: No module named 'ttnn'
_ ERROR collecting tests/autogen_op/densenet201/test_densenet201_aten_max_pool2d_with_indices_default.py _
ImportError while importing test module '/Users/Ajay17/pytorch2.0_ttnn/tests/autogen_op/densenet201/test_densenet201_aten_max_pool2d_with_indices_default.py'.
Hint: make sure your test modules/packages have valid Python names.
Traceback:
../.pyenv/versions/3.11.10/lib/python3.11/importlib/__init__.py:126: in import_module
    return _bootstrap._gcd_import(name[level:], package, level)
           ^^^^^^^^^^^^^^^^^^^^^^^^^^^^^^^^^^^^^^^^^^^^^^^^^^^^
tests/autogen_op/densenet201/test_densenet201_aten_max_pool2d_with_indices_default.py:8: in <module>
    import ttnn
E   ModuleNotFoundError: No module named 'ttnn'
_ ERROR collecting tests/autogen_op/densenet201/test_densenet201_aten_mean_dim.py _
ImportError while importing test module '/Users/Ajay17/pytorch2.0_ttnn/tests/autogen_op/densenet201/test_densenet201_aten_mean_dim.py'.
Hint: make sure your test modules/packages have valid Python names.
Traceback:
../.pyenv/versions/3.11.10/lib/python3.11/importlib/__init__.py:126: in import_module
    return _bootstrap._gcd_import(name[level:], package, level)
           ^^^^^^^^^^^^^^^^^^^^^^^^^^^^^^^^^^^^^^^^^^^^^^^^^^^^
tests/autogen_op/densenet201/test_densenet201_aten_mean_dim.py:8: in <module>
    import ttnn
E   ModuleNotFoundError: No module named 'ttnn'
_ ERROR collecting tests/autogen_op/densenet201/test_densenet201_aten_relu_default.py _
ImportError while importing test module '/Users/Ajay17/pytorch2.0_ttnn/tests/autogen_op/densenet201/test_densenet201_aten_relu_default.py'.
Hint: make sure your test modules/packages have valid Python names.
Traceback:
../.pyenv/versions/3.11.10/lib/python3.11/importlib/__init__.py:126: in import_module
    return _bootstrap._gcd_import(name[level:], package, level)
           ^^^^^^^^^^^^^^^^^^^^^^^^^^^^^^^^^^^^^^^^^^^^^^^^^^^^
tests/autogen_op/densenet201/test_densenet201_aten_relu_default.py:8: in <module>
    import ttnn
E   ModuleNotFoundError: No module named 'ttnn'
_ ERROR collecting tests/autogen_op/densenet201/test_densenet201_aten_t_default.py _
ImportError while importing test module '/Users/Ajay17/pytorch2.0_ttnn/tests/autogen_op/densenet201/test_densenet201_aten_t_default.py'.
Hint: make sure your test modules/packages have valid Python names.
Traceback:
../.pyenv/versions/3.11.10/lib/python3.11/importlib/__init__.py:126: in import_module
    return _bootstrap._gcd_import(name[level:], package, level)
           ^^^^^^^^^^^^^^^^^^^^^^^^^^^^^^^^^^^^^^^^^^^^^^^^^^^^
tests/autogen_op/densenet201/test_densenet201_aten_t_default.py:8: in <module>
    import ttnn
E   ModuleNotFoundError: No module named 'ttnn'
_ ERROR collecting tests/autogen_op/densenet201/test_densenet201_aten_view_default.py _
ImportError while importing test module '/Users/Ajay17/pytorch2.0_ttnn/tests/autogen_op/densenet201/test_densenet201_aten_view_default.py'.
Hint: make sure your test modules/packages have valid Python names.
Traceback:
../.pyenv/versions/3.11.10/lib/python3.11/importlib/__init__.py:126: in import_module
    return _bootstrap._gcd_import(name[level:], package, level)
           ^^^^^^^^^^^^^^^^^^^^^^^^^^^^^^^^^^^^^^^^^^^^^^^^^^^^
tests/autogen_op/densenet201/test_densenet201_aten_view_default.py:8: in <module>
    import ttnn
E   ModuleNotFoundError: No module named 'ttnn'
_ ERROR collecting tests/autogen_op/distilbert-base-uncased/test_distilbert-base-uncased_aten__softmax_default.py _
ImportError while importing test module '/Users/Ajay17/pytorch2.0_ttnn/tests/autogen_op/distilbert-base-uncased/test_distilbert-base-uncased_aten__softmax_default.py'.
Hint: make sure your test modules/packages have valid Python names.
Traceback:
../.pyenv/versions/3.11.10/lib/python3.11/importlib/__init__.py:126: in import_module
    return _bootstrap._gcd_import(name[level:], package, level)
           ^^^^^^^^^^^^^^^^^^^^^^^^^^^^^^^^^^^^^^^^^^^^^^^^^^^^
tests/autogen_op/distilbert-base-uncased/test_distilbert-base-uncased_aten__softmax_default.py:8: in <module>
    import ttnn
E   ModuleNotFoundError: No module named 'ttnn'
_ ERROR collecting tests/autogen_op/distilbert-base-uncased/test_distilbert-base-uncased_aten_add_Tensor.py _
ImportError while importing test module '/Users/Ajay17/pytorch2.0_ttnn/tests/autogen_op/distilbert-base-uncased/test_distilbert-base-uncased_aten_add_Tensor.py'.
Hint: make sure your test modules/packages have valid Python names.
Traceback:
../.pyenv/versions/3.11.10/lib/python3.11/importlib/__init__.py:126: in import_module
    return _bootstrap._gcd_import(name[level:], package, level)
           ^^^^^^^^^^^^^^^^^^^^^^^^^^^^^^^^^^^^^^^^^^^^^^^^^^^^
tests/autogen_op/distilbert-base-uncased/test_distilbert-base-uncased_aten_add_Tensor.py:8: in <module>
    import ttnn
E   ModuleNotFoundError: No module named 'ttnn'
_ ERROR collecting tests/autogen_op/distilbert-base-uncased/test_distilbert-base-uncased_aten_addmm_default.py _
ImportError while importing test module '/Users/Ajay17/pytorch2.0_ttnn/tests/autogen_op/distilbert-base-uncased/test_distilbert-base-uncased_aten_addmm_default.py'.
Hint: make sure your test modules/packages have valid Python names.
Traceback:
../.pyenv/versions/3.11.10/lib/python3.11/importlib/__init__.py:126: in import_module
    return _bootstrap._gcd_import(name[level:], package, level)
           ^^^^^^^^^^^^^^^^^^^^^^^^^^^^^^^^^^^^^^^^^^^^^^^^^^^^
tests/autogen_op/distilbert-base-uncased/test_distilbert-base-uncased_aten_addmm_default.py:8: in <module>
    import ttnn
E   ModuleNotFoundError: No module named 'ttnn'
_ ERROR collecting tests/autogen_op/distilbert-base-uncased/test_distilbert-base-uncased_aten_bmm_default.py _
ImportError while importing test module '/Users/Ajay17/pytorch2.0_ttnn/tests/autogen_op/distilbert-base-uncased/test_distilbert-base-uncased_aten_bmm_default.py'.
Hint: make sure your test modules/packages have valid Python names.
Traceback:
../.pyenv/versions/3.11.10/lib/python3.11/importlib/__init__.py:126: in import_module
    return _bootstrap._gcd_import(name[level:], package, level)
           ^^^^^^^^^^^^^^^^^^^^^^^^^^^^^^^^^^^^^^^^^^^^^^^^^^^^
tests/autogen_op/distilbert-base-uncased/test_distilbert-base-uncased_aten_bmm_default.py:8: in <module>
    import ttnn
E   ModuleNotFoundError: No module named 'ttnn'
_ ERROR collecting tests/autogen_op/distilbert-base-uncased/test_distilbert-base-uncased_aten_clone_default.py _
ImportError while importing test module '/Users/Ajay17/pytorch2.0_ttnn/tests/autogen_op/distilbert-base-uncased/test_distilbert-base-uncased_aten_clone_default.py'.
Hint: make sure your test modules/packages have valid Python names.
Traceback:
../.pyenv/versions/3.11.10/lib/python3.11/importlib/__init__.py:126: in import_module
    return _bootstrap._gcd_import(name[level:], package, level)
           ^^^^^^^^^^^^^^^^^^^^^^^^^^^^^^^^^^^^^^^^^^^^^^^^^^^^
tests/autogen_op/distilbert-base-uncased/test_distilbert-base-uncased_aten_clone_default.py:8: in <module>
    import ttnn
E   ModuleNotFoundError: No module named 'ttnn'
_ ERROR collecting tests/autogen_op/distilbert-base-uncased/test_distilbert-base-uncased_aten_div_Tensor.py _
ImportError while importing test module '/Users/Ajay17/pytorch2.0_ttnn/tests/autogen_op/distilbert-base-uncased/test_distilbert-base-uncased_aten_div_Tensor.py'.
Hint: make sure your test modules/packages have valid Python names.
Traceback:
../.pyenv/versions/3.11.10/lib/python3.11/importlib/__init__.py:126: in import_module
    return _bootstrap._gcd_import(name[level:], package, level)
           ^^^^^^^^^^^^^^^^^^^^^^^^^^^^^^^^^^^^^^^^^^^^^^^^^^^^
tests/autogen_op/distilbert-base-uncased/test_distilbert-base-uncased_aten_div_Tensor.py:8: in <module>
    import ttnn
E   ModuleNotFoundError: No module named 'ttnn'
_ ERROR collecting tests/autogen_op/distilbert-base-uncased/test_distilbert-base-uncased_aten_embedding_default.py _
ImportError while importing test module '/Users/Ajay17/pytorch2.0_ttnn/tests/autogen_op/distilbert-base-uncased/test_distilbert-base-uncased_aten_embedding_default.py'.
Hint: make sure your test modules/packages have valid Python names.
Traceback:
../.pyenv/versions/3.11.10/lib/python3.11/importlib/__init__.py:126: in import_module
    return _bootstrap._gcd_import(name[level:], package, level)
           ^^^^^^^^^^^^^^^^^^^^^^^^^^^^^^^^^^^^^^^^^^^^^^^^^^^^
tests/autogen_op/distilbert-base-uncased/test_distilbert-base-uncased_aten_embedding_default.py:8: in <module>
    import ttnn
E   ModuleNotFoundError: No module named 'ttnn'
_ ERROR collecting tests/autogen_op/distilbert-base-uncased/test_distilbert-base-uncased_aten_eq_Scalar.py _
ImportError while importing test module '/Users/Ajay17/pytorch2.0_ttnn/tests/autogen_op/distilbert-base-uncased/test_distilbert-base-uncased_aten_eq_Scalar.py'.
Hint: make sure your test modules/packages have valid Python names.
Traceback:
../.pyenv/versions/3.11.10/lib/python3.11/importlib/__init__.py:126: in import_module
    return _bootstrap._gcd_import(name[level:], package, level)
           ^^^^^^^^^^^^^^^^^^^^^^^^^^^^^^^^^^^^^^^^^^^^^^^^^^^^
tests/autogen_op/distilbert-base-uncased/test_distilbert-base-uncased_aten_eq_Scalar.py:8: in <module>
    import ttnn
E   ModuleNotFoundError: No module named 'ttnn'
_ ERROR collecting tests/autogen_op/distilbert-base-uncased/test_distilbert-base-uncased_aten_expand_default.py _
ImportError while importing test module '/Users/Ajay17/pytorch2.0_ttnn/tests/autogen_op/distilbert-base-uncased/test_distilbert-base-uncased_aten_expand_default.py'.
Hint: make sure your test modules/packages have valid Python names.
Traceback:
../.pyenv/versions/3.11.10/lib/python3.11/importlib/__init__.py:126: in import_module
    return _bootstrap._gcd_import(name[level:], package, level)
           ^^^^^^^^^^^^^^^^^^^^^^^^^^^^^^^^^^^^^^^^^^^^^^^^^^^^
tests/autogen_op/distilbert-base-uncased/test_distilbert-base-uncased_aten_expand_default.py:8: in <module>
    import ttnn
E   ModuleNotFoundError: No module named 'ttnn'
_ ERROR collecting tests/autogen_op/distilbert-base-uncased/test_distilbert-base-uncased_aten_gelu_default.py _
ImportError while importing test module '/Users/Ajay17/pytorch2.0_ttnn/tests/autogen_op/distilbert-base-uncased/test_distilbert-base-uncased_aten_gelu_default.py'.
Hint: make sure your test modules/packages have valid Python names.
Traceback:
../.pyenv/versions/3.11.10/lib/python3.11/importlib/__init__.py:126: in import_module
    return _bootstrap._gcd_import(name[level:], package, level)
           ^^^^^^^^^^^^^^^^^^^^^^^^^^^^^^^^^^^^^^^^^^^^^^^^^^^^
tests/autogen_op/distilbert-base-uncased/test_distilbert-base-uncased_aten_gelu_default.py:8: in <module>
    import ttnn
E   ModuleNotFoundError: No module named 'ttnn'
_ ERROR collecting tests/autogen_op/distilbert-base-uncased/test_distilbert-base-uncased_aten_masked_fill_Tensor.py _
ImportError while importing test module '/Users/Ajay17/pytorch2.0_ttnn/tests/autogen_op/distilbert-base-uncased/test_distilbert-base-uncased_aten_masked_fill_Tensor.py'.
Hint: make sure your test modules/packages have valid Python names.
Traceback:
../.pyenv/versions/3.11.10/lib/python3.11/importlib/__init__.py:126: in import_module
    return _bootstrap._gcd_import(name[level:], package, level)
           ^^^^^^^^^^^^^^^^^^^^^^^^^^^^^^^^^^^^^^^^^^^^^^^^^^^^
tests/autogen_op/distilbert-base-uncased/test_distilbert-base-uncased_aten_masked_fill_Tensor.py:8: in <module>
    import ttnn
E   ModuleNotFoundError: No module named 'ttnn'
_ ERROR collecting tests/autogen_op/distilbert-base-uncased/test_distilbert-base-uncased_aten_native_layer_norm_default.py _
ImportError while importing test module '/Users/Ajay17/pytorch2.0_ttnn/tests/autogen_op/distilbert-base-uncased/test_distilbert-base-uncased_aten_native_layer_norm_default.py'.
Hint: make sure your test modules/packages have valid Python names.
Traceback:
../.pyenv/versions/3.11.10/lib/python3.11/importlib/__init__.py:126: in import_module
    return _bootstrap._gcd_import(name[level:], package, level)
           ^^^^^^^^^^^^^^^^^^^^^^^^^^^^^^^^^^^^^^^^^^^^^^^^^^^^
tests/autogen_op/distilbert-base-uncased/test_distilbert-base-uncased_aten_native_layer_norm_default.py:8: in <module>
    import ttnn
E   ModuleNotFoundError: No module named 'ttnn'
_ ERROR collecting tests/autogen_op/distilbert-base-uncased/test_distilbert-base-uncased_aten_slice_Tensor.py _
ImportError while importing test module '/Users/Ajay17/pytorch2.0_ttnn/tests/autogen_op/distilbert-base-uncased/test_distilbert-base-uncased_aten_slice_Tensor.py'.
Hint: make sure your test modules/packages have valid Python names.
Traceback:
../.pyenv/versions/3.11.10/lib/python3.11/importlib/__init__.py:126: in import_module
    return _bootstrap._gcd_import(name[level:], package, level)
           ^^^^^^^^^^^^^^^^^^^^^^^^^^^^^^^^^^^^^^^^^^^^^^^^^^^^
tests/autogen_op/distilbert-base-uncased/test_distilbert-base-uncased_aten_slice_Tensor.py:8: in <module>
    import ttnn
E   ModuleNotFoundError: No module named 'ttnn'
_ ERROR collecting tests/autogen_op/distilbert-base-uncased/test_distilbert-base-uncased_aten_t_default.py _
ImportError while importing test module '/Users/Ajay17/pytorch2.0_ttnn/tests/autogen_op/distilbert-base-uncased/test_distilbert-base-uncased_aten_t_default.py'.
Hint: make sure your test modules/packages have valid Python names.
Traceback:
../.pyenv/versions/3.11.10/lib/python3.11/importlib/__init__.py:126: in import_module
    return _bootstrap._gcd_import(name[level:], package, level)
           ^^^^^^^^^^^^^^^^^^^^^^^^^^^^^^^^^^^^^^^^^^^^^^^^^^^^
tests/autogen_op/distilbert-base-uncased/test_distilbert-base-uncased_aten_t_default.py:8: in <module>
    import ttnn
E   ModuleNotFoundError: No module named 'ttnn'
_ ERROR collecting tests/autogen_op/distilbert-base-uncased/test_distilbert-base-uncased_aten_transpose_int.py _
ImportError while importing test module '/Users/Ajay17/pytorch2.0_ttnn/tests/autogen_op/distilbert-base-uncased/test_distilbert-base-uncased_aten_transpose_int.py'.
Hint: make sure your test modules/packages have valid Python names.
Traceback:
../.pyenv/versions/3.11.10/lib/python3.11/importlib/__init__.py:126: in import_module
    return _bootstrap._gcd_import(name[level:], package, level)
           ^^^^^^^^^^^^^^^^^^^^^^^^^^^^^^^^^^^^^^^^^^^^^^^^^^^^
tests/autogen_op/distilbert-base-uncased/test_distilbert-base-uncased_aten_transpose_int.py:8: in <module>
    import ttnn
E   ModuleNotFoundError: No module named 'ttnn'
_ ERROR collecting tests/autogen_op/distilbert-base-uncased/test_distilbert-base-uncased_aten_view_default.py _
ImportError while importing test module '/Users/Ajay17/pytorch2.0_ttnn/tests/autogen_op/distilbert-base-uncased/test_distilbert-base-uncased_aten_view_default.py'.
Hint: make sure your test modules/packages have valid Python names.
Traceback:
../.pyenv/versions/3.11.10/lib/python3.11/importlib/__init__.py:126: in import_module
    return _bootstrap._gcd_import(name[level:], package, level)
           ^^^^^^^^^^^^^^^^^^^^^^^^^^^^^^^^^^^^^^^^^^^^^^^^^^^^
tests/autogen_op/distilbert-base-uncased/test_distilbert-base-uncased_aten_view_default.py:8: in <module>
    import ttnn
E   ModuleNotFoundError: No module named 'ttnn'
_ ERROR collecting tests/autogen_op/dla34_in1k/test_dla34_in1k_aten__native_batch_norm_legit_no_training_default.py _
ImportError while importing test module '/Users/Ajay17/pytorch2.0_ttnn/tests/autogen_op/dla34_in1k/test_dla34_in1k_aten__native_batch_norm_legit_no_training_default.py'.
Hint: make sure your test modules/packages have valid Python names.
Traceback:
../.pyenv/versions/3.11.10/lib/python3.11/importlib/__init__.py:126: in import_module
    return _bootstrap._gcd_import(name[level:], package, level)
           ^^^^^^^^^^^^^^^^^^^^^^^^^^^^^^^^^^^^^^^^^^^^^^^^^^^^
tests/autogen_op/dla34_in1k/test_dla34_in1k_aten__native_batch_norm_legit_no_training_default.py:8: in <module>
    import ttnn
E   ModuleNotFoundError: No module named 'ttnn'
_ ERROR collecting tests/autogen_op/dla34_in1k/test_dla34_in1k_aten_add_Tensor.py _
ImportError while importing test module '/Users/Ajay17/pytorch2.0_ttnn/tests/autogen_op/dla34_in1k/test_dla34_in1k_aten_add_Tensor.py'.
Hint: make sure your test modules/packages have valid Python names.
Traceback:
../.pyenv/versions/3.11.10/lib/python3.11/importlib/__init__.py:126: in import_module
    return _bootstrap._gcd_import(name[level:], package, level)
           ^^^^^^^^^^^^^^^^^^^^^^^^^^^^^^^^^^^^^^^^^^^^^^^^^^^^
tests/autogen_op/dla34_in1k/test_dla34_in1k_aten_add_Tensor.py:8: in <module>
    import ttnn
E   ModuleNotFoundError: No module named 'ttnn'
_ ERROR collecting tests/autogen_op/dla34_in1k/test_dla34_in1k_aten_cat_default.py _
ImportError while importing test module '/Users/Ajay17/pytorch2.0_ttnn/tests/autogen_op/dla34_in1k/test_dla34_in1k_aten_cat_default.py'.
Hint: make sure your test modules/packages have valid Python names.
Traceback:
../.pyenv/versions/3.11.10/lib/python3.11/importlib/__init__.py:126: in import_module
    return _bootstrap._gcd_import(name[level:], package, level)
           ^^^^^^^^^^^^^^^^^^^^^^^^^^^^^^^^^^^^^^^^^^^^^^^^^^^^
tests/autogen_op/dla34_in1k/test_dla34_in1k_aten_cat_default.py:8: in <module>
    import ttnn
E   ModuleNotFoundError: No module named 'ttnn'
_ ERROR collecting tests/autogen_op/dla34_in1k/test_dla34_in1k_aten_clone_default.py _
ImportError while importing test module '/Users/Ajay17/pytorch2.0_ttnn/tests/autogen_op/dla34_in1k/test_dla34_in1k_aten_clone_default.py'.
Hint: make sure your test modules/packages have valid Python names.
Traceback:
../.pyenv/versions/3.11.10/lib/python3.11/importlib/__init__.py:126: in import_module
    return _bootstrap._gcd_import(name[level:], package, level)
           ^^^^^^^^^^^^^^^^^^^^^^^^^^^^^^^^^^^^^^^^^^^^^^^^^^^^
tests/autogen_op/dla34_in1k/test_dla34_in1k_aten_clone_default.py:8: in <module>
    import ttnn
E   ModuleNotFoundError: No module named 'ttnn'
_ ERROR collecting tests/autogen_op/dla34_in1k/test_dla34_in1k_aten_convolution_default.py _
ImportError while importing test module '/Users/Ajay17/pytorch2.0_ttnn/tests/autogen_op/dla34_in1k/test_dla34_in1k_aten_convolution_default.py'.
Hint: make sure your test modules/packages have valid Python names.
Traceback:
../.pyenv/versions/3.11.10/lib/python3.11/importlib/__init__.py:126: in import_module
    return _bootstrap._gcd_import(name[level:], package, level)
           ^^^^^^^^^^^^^^^^^^^^^^^^^^^^^^^^^^^^^^^^^^^^^^^^^^^^
tests/autogen_op/dla34_in1k/test_dla34_in1k_aten_convolution_default.py:8: in <module>
    import ttnn
E   ModuleNotFoundError: No module named 'ttnn'
_ ERROR collecting tests/autogen_op/dla34_in1k/test_dla34_in1k_aten_max_pool2d_with_indices_default.py _
ImportError while importing test module '/Users/Ajay17/pytorch2.0_ttnn/tests/autogen_op/dla34_in1k/test_dla34_in1k_aten_max_pool2d_with_indices_default.py'.
Hint: make sure your test modules/packages have valid Python names.
Traceback:
../.pyenv/versions/3.11.10/lib/python3.11/importlib/__init__.py:126: in import_module
    return _bootstrap._gcd_import(name[level:], package, level)
           ^^^^^^^^^^^^^^^^^^^^^^^^^^^^^^^^^^^^^^^^^^^^^^^^^^^^
tests/autogen_op/dla34_in1k/test_dla34_in1k_aten_max_pool2d_with_indices_default.py:8: in <module>
    import ttnn
E   ModuleNotFoundError: No module named 'ttnn'
_ ERROR collecting tests/autogen_op/dla34_in1k/test_dla34_in1k_aten_mean_dim.py _
ImportError while importing test module '/Users/Ajay17/pytorch2.0_ttnn/tests/autogen_op/dla34_in1k/test_dla34_in1k_aten_mean_dim.py'.
Hint: make sure your test modules/packages have valid Python names.
Traceback:
../.pyenv/versions/3.11.10/lib/python3.11/importlib/__init__.py:126: in import_module
    return _bootstrap._gcd_import(name[level:], package, level)
           ^^^^^^^^^^^^^^^^^^^^^^^^^^^^^^^^^^^^^^^^^^^^^^^^^^^^
tests/autogen_op/dla34_in1k/test_dla34_in1k_aten_mean_dim.py:8: in <module>
    import ttnn
E   ModuleNotFoundError: No module named 'ttnn'
_ ERROR collecting tests/autogen_op/dla34_in1k/test_dla34_in1k_aten_relu_default.py _
ImportError while importing test module '/Users/Ajay17/pytorch2.0_ttnn/tests/autogen_op/dla34_in1k/test_dla34_in1k_aten_relu_default.py'.
Hint: make sure your test modules/packages have valid Python names.
Traceback:
../.pyenv/versions/3.11.10/lib/python3.11/importlib/__init__.py:126: in import_module
    return _bootstrap._gcd_import(name[level:], package, level)
           ^^^^^^^^^^^^^^^^^^^^^^^^^^^^^^^^^^^^^^^^^^^^^^^^^^^^
tests/autogen_op/dla34_in1k/test_dla34_in1k_aten_relu_default.py:8: in <module>
    import ttnn
E   ModuleNotFoundError: No module named 'ttnn'
_ ERROR collecting tests/autogen_op/dla34_in1k/test_dla34_in1k_aten_view_default.py _
ImportError while importing test module '/Users/Ajay17/pytorch2.0_ttnn/tests/autogen_op/dla34_in1k/test_dla34_in1k_aten_view_default.py'.
Hint: make sure your test modules/packages have valid Python names.
Traceback:
../.pyenv/versions/3.11.10/lib/python3.11/importlib/__init__.py:126: in import_module
    return _bootstrap._gcd_import(name[level:], package, level)
           ^^^^^^^^^^^^^^^^^^^^^^^^^^^^^^^^^^^^^^^^^^^^^^^^^^^^
tests/autogen_op/dla34_in1k/test_dla34_in1k_aten_view_default.py:8: in <module>
    import ttnn
E   ModuleNotFoundError: No module named 'ttnn'
_ ERROR collecting tests/autogen_op/dla34_in1k-train/test_dla34_in1k-train_aten__native_batch_norm_legit_functional_default.py _
ImportError while importing test module '/Users/Ajay17/pytorch2.0_ttnn/tests/autogen_op/dla34_in1k-train/test_dla34_in1k-train_aten__native_batch_norm_legit_functional_default.py'.
Hint: make sure your test modules/packages have valid Python names.
Traceback:
../.pyenv/versions/3.11.10/lib/python3.11/importlib/__init__.py:126: in import_module
    return _bootstrap._gcd_import(name[level:], package, level)
           ^^^^^^^^^^^^^^^^^^^^^^^^^^^^^^^^^^^^^^^^^^^^^^^^^^^^
tests/autogen_op/dla34_in1k-train/test_dla34_in1k-train_aten__native_batch_norm_legit_functional_default.py:8: in <module>
    import ttnn
E   ModuleNotFoundError: No module named 'ttnn'
_ ERROR collecting tests/autogen_op/dla34_in1k-train/test_dla34_in1k-train_aten__to_copy_default.py _
ImportError while importing test module '/Users/Ajay17/pytorch2.0_ttnn/tests/autogen_op/dla34_in1k-train/test_dla34_in1k-train_aten__to_copy_default.py'.
Hint: make sure your test modules/packages have valid Python names.
Traceback:
../.pyenv/versions/3.11.10/lib/python3.11/importlib/__init__.py:126: in import_module
    return _bootstrap._gcd_import(name[level:], package, level)
           ^^^^^^^^^^^^^^^^^^^^^^^^^^^^^^^^^^^^^^^^^^^^^^^^^^^^
tests/autogen_op/dla34_in1k-train/test_dla34_in1k-train_aten__to_copy_default.py:8: in <module>
    import ttnn
E   ModuleNotFoundError: No module named 'ttnn'
_ ERROR collecting tests/autogen_op/dla34_in1k-train/test_dla34_in1k-train_aten_add_Tensor.py _
ImportError while importing test module '/Users/Ajay17/pytorch2.0_ttnn/tests/autogen_op/dla34_in1k-train/test_dla34_in1k-train_aten_add_Tensor.py'.
Hint: make sure your test modules/packages have valid Python names.
Traceback:
../.pyenv/versions/3.11.10/lib/python3.11/importlib/__init__.py:126: in import_module
    return _bootstrap._gcd_import(name[level:], package, level)
           ^^^^^^^^^^^^^^^^^^^^^^^^^^^^^^^^^^^^^^^^^^^^^^^^^^^^
tests/autogen_op/dla34_in1k-train/test_dla34_in1k-train_aten_add_Tensor.py:8: in <module>
    import ttnn
E   ModuleNotFoundError: No module named 'ttnn'
_ ERROR collecting tests/autogen_op/dla34_in1k-train/test_dla34_in1k-train_aten_cat_default.py _
ImportError while importing test module '/Users/Ajay17/pytorch2.0_ttnn/tests/autogen_op/dla34_in1k-train/test_dla34_in1k-train_aten_cat_default.py'.
Hint: make sure your test modules/packages have valid Python names.
Traceback:
../.pyenv/versions/3.11.10/lib/python3.11/importlib/__init__.py:126: in import_module
    return _bootstrap._gcd_import(name[level:], package, level)
           ^^^^^^^^^^^^^^^^^^^^^^^^^^^^^^^^^^^^^^^^^^^^^^^^^^^^
tests/autogen_op/dla34_in1k-train/test_dla34_in1k-train_aten_cat_default.py:8: in <module>
    import ttnn
E   ModuleNotFoundError: No module named 'ttnn'
_ ERROR collecting tests/autogen_op/dla34_in1k-train/test_dla34_in1k-train_aten_clone_default.py _
ImportError while importing test module '/Users/Ajay17/pytorch2.0_ttnn/tests/autogen_op/dla34_in1k-train/test_dla34_in1k-train_aten_clone_default.py'.
Hint: make sure your test modules/packages have valid Python names.
Traceback:
../.pyenv/versions/3.11.10/lib/python3.11/importlib/__init__.py:126: in import_module
    return _bootstrap._gcd_import(name[level:], package, level)
           ^^^^^^^^^^^^^^^^^^^^^^^^^^^^^^^^^^^^^^^^^^^^^^^^^^^^
tests/autogen_op/dla34_in1k-train/test_dla34_in1k-train_aten_clone_default.py:8: in <module>
    import ttnn
E   ModuleNotFoundError: No module named 'ttnn'
_ ERROR collecting tests/autogen_op/dla34_in1k-train/test_dla34_in1k-train_aten_convolution_backward_default.py _
ImportError while importing test module '/Users/Ajay17/pytorch2.0_ttnn/tests/autogen_op/dla34_in1k-train/test_dla34_in1k-train_aten_convolution_backward_default.py'.
Hint: make sure your test modules/packages have valid Python names.
Traceback:
../.pyenv/versions/3.11.10/lib/python3.11/importlib/__init__.py:126: in import_module
    return _bootstrap._gcd_import(name[level:], package, level)
           ^^^^^^^^^^^^^^^^^^^^^^^^^^^^^^^^^^^^^^^^^^^^^^^^^^^^
tests/autogen_op/dla34_in1k-train/test_dla34_in1k-train_aten_convolution_backward_default.py:8: in <module>
    import ttnn
E   ModuleNotFoundError: No module named 'ttnn'
_ ERROR collecting tests/autogen_op/dla34_in1k-train/test_dla34_in1k-train_aten_convolution_default.py _
ImportError while importing test module '/Users/Ajay17/pytorch2.0_ttnn/tests/autogen_op/dla34_in1k-train/test_dla34_in1k-train_aten_convolution_default.py'.
Hint: make sure your test modules/packages have valid Python names.
Traceback:
../.pyenv/versions/3.11.10/lib/python3.11/importlib/__init__.py:126: in import_module
    return _bootstrap._gcd_import(name[level:], package, level)
           ^^^^^^^^^^^^^^^^^^^^^^^^^^^^^^^^^^^^^^^^^^^^^^^^^^^^
tests/autogen_op/dla34_in1k-train/test_dla34_in1k-train_aten_convolution_default.py:8: in <module>
    import ttnn
E   ModuleNotFoundError: No module named 'ttnn'
_ ERROR collecting tests/autogen_op/dla34_in1k-train/test_dla34_in1k-train_aten_detach_default.py _
ImportError while importing test module '/Users/Ajay17/pytorch2.0_ttnn/tests/autogen_op/dla34_in1k-train/test_dla34_in1k-train_aten_detach_default.py'.
Hint: make sure your test modules/packages have valid Python names.
Traceback:
../.pyenv/versions/3.11.10/lib/python3.11/importlib/__init__.py:126: in import_module
    return _bootstrap._gcd_import(name[level:], package, level)
           ^^^^^^^^^^^^^^^^^^^^^^^^^^^^^^^^^^^^^^^^^^^^^^^^^^^^
tests/autogen_op/dla34_in1k-train/test_dla34_in1k-train_aten_detach_default.py:8: in <module>
    import ttnn
E   ModuleNotFoundError: No module named 'ttnn'
_ ERROR collecting tests/autogen_op/dla34_in1k-train/test_dla34_in1k-train_aten_div_Scalar.py _
ImportError while importing test module '/Users/Ajay17/pytorch2.0_ttnn/tests/autogen_op/dla34_in1k-train/test_dla34_in1k-train_aten_div_Scalar.py'.
Hint: make sure your test modules/packages have valid Python names.
Traceback:
../.pyenv/versions/3.11.10/lib/python3.11/importlib/__init__.py:126: in import_module
    return _bootstrap._gcd_import(name[level:], package, level)
           ^^^^^^^^^^^^^^^^^^^^^^^^^^^^^^^^^^^^^^^^^^^^^^^^^^^^
tests/autogen_op/dla34_in1k-train/test_dla34_in1k-train_aten_div_Scalar.py:8: in <module>
    import ttnn
E   ModuleNotFoundError: No module named 'ttnn'
_ ERROR collecting tests/autogen_op/dla34_in1k-train/test_dla34_in1k-train_aten_expand_default.py _
ImportError while importing test module '/Users/Ajay17/pytorch2.0_ttnn/tests/autogen_op/dla34_in1k-train/test_dla34_in1k-train_aten_expand_default.py'.
Hint: make sure your test modules/packages have valid Python names.
Traceback:
../.pyenv/versions/3.11.10/lib/python3.11/importlib/__init__.py:126: in import_module
    return _bootstrap._gcd_import(name[level:], package, level)
           ^^^^^^^^^^^^^^^^^^^^^^^^^^^^^^^^^^^^^^^^^^^^^^^^^^^^
tests/autogen_op/dla34_in1k-train/test_dla34_in1k-train_aten_expand_default.py:8: in <module>
    import ttnn
E   ModuleNotFoundError: No module named 'ttnn'
_ ERROR collecting tests/autogen_op/dla34_in1k-train/test_dla34_in1k-train_aten_max_pool2d_with_indices_backward_default.py _
ImportError while importing test module '/Users/Ajay17/pytorch2.0_ttnn/tests/autogen_op/dla34_in1k-train/test_dla34_in1k-train_aten_max_pool2d_with_indices_backward_default.py'.
Hint: make sure your test modules/packages have valid Python names.
Traceback:
../.pyenv/versions/3.11.10/lib/python3.11/importlib/__init__.py:126: in import_module
    return _bootstrap._gcd_import(name[level:], package, level)
           ^^^^^^^^^^^^^^^^^^^^^^^^^^^^^^^^^^^^^^^^^^^^^^^^^^^^
tests/autogen_op/dla34_in1k-train/test_dla34_in1k-train_aten_max_pool2d_with_indices_backward_default.py:8: in <module>
    import ttnn
E   ModuleNotFoundError: No module named 'ttnn'
_ ERROR collecting tests/autogen_op/dla34_in1k-train/test_dla34_in1k-train_aten_max_pool2d_with_indices_default.py _
ImportError while importing test module '/Users/Ajay17/pytorch2.0_ttnn/tests/autogen_op/dla34_in1k-train/test_dla34_in1k-train_aten_max_pool2d_with_indices_default.py'.
Hint: make sure your test modules/packages have valid Python names.
Traceback:
../.pyenv/versions/3.11.10/lib/python3.11/importlib/__init__.py:126: in import_module
    return _bootstrap._gcd_import(name[level:], package, level)
           ^^^^^^^^^^^^^^^^^^^^^^^^^^^^^^^^^^^^^^^^^^^^^^^^^^^^
tests/autogen_op/dla34_in1k-train/test_dla34_in1k-train_aten_max_pool2d_with_indices_default.py:8: in <module>
    import ttnn
E   ModuleNotFoundError: No module named 'ttnn'
_ ERROR collecting tests/autogen_op/dla34_in1k-train/test_dla34_in1k-train_aten_mean_dim.py _
ImportError while importing test module '/Users/Ajay17/pytorch2.0_ttnn/tests/autogen_op/dla34_in1k-train/test_dla34_in1k-train_aten_mean_dim.py'.
Hint: make sure your test modules/packages have valid Python names.
Traceback:
../.pyenv/versions/3.11.10/lib/python3.11/importlib/__init__.py:126: in import_module
    return _bootstrap._gcd_import(name[level:], package, level)
           ^^^^^^^^^^^^^^^^^^^^^^^^^^^^^^^^^^^^^^^^^^^^^^^^^^^^
tests/autogen_op/dla34_in1k-train/test_dla34_in1k-train_aten_mean_dim.py:8: in <module>
    import ttnn
E   ModuleNotFoundError: No module named 'ttnn'
_ ERROR collecting tests/autogen_op/dla34_in1k-train/test_dla34_in1k-train_aten_native_batch_norm_backward_default.py _
ImportError while importing test module '/Users/Ajay17/pytorch2.0_ttnn/tests/autogen_op/dla34_in1k-train/test_dla34_in1k-train_aten_native_batch_norm_backward_default.py'.
Hint: make sure your test modules/packages have valid Python names.
Traceback:
../.pyenv/versions/3.11.10/lib/python3.11/importlib/__init__.py:126: in import_module
    return _bootstrap._gcd_import(name[level:], package, level)
           ^^^^^^^^^^^^^^^^^^^^^^^^^^^^^^^^^^^^^^^^^^^^^^^^^^^^
tests/autogen_op/dla34_in1k-train/test_dla34_in1k-train_aten_native_batch_norm_backward_default.py:8: in <module>
    import ttnn
E   ModuleNotFoundError: No module named 'ttnn'
_ ERROR collecting tests/autogen_op/dla34_in1k-train/test_dla34_in1k-train_aten_relu_default.py _
ImportError while importing test module '/Users/Ajay17/pytorch2.0_ttnn/tests/autogen_op/dla34_in1k-train/test_dla34_in1k-train_aten_relu_default.py'.
Hint: make sure your test modules/packages have valid Python names.
Traceback:
../.pyenv/versions/3.11.10/lib/python3.11/importlib/__init__.py:126: in import_module
    return _bootstrap._gcd_import(name[level:], package, level)
           ^^^^^^^^^^^^^^^^^^^^^^^^^^^^^^^^^^^^^^^^^^^^^^^^^^^^
tests/autogen_op/dla34_in1k-train/test_dla34_in1k-train_aten_relu_default.py:8: in <module>
    import ttnn
E   ModuleNotFoundError: No module named 'ttnn'
_ ERROR collecting tests/autogen_op/dla34_in1k-train/test_dla34_in1k-train_aten_slice_Tensor.py _
ImportError while importing test module '/Users/Ajay17/pytorch2.0_ttnn/tests/autogen_op/dla34_in1k-train/test_dla34_in1k-train_aten_slice_Tensor.py'.
Hint: make sure your test modules/packages have valid Python names.
Traceback:
../.pyenv/versions/3.11.10/lib/python3.11/importlib/__init__.py:126: in import_module
    return _bootstrap._gcd_import(name[level:], package, level)
           ^^^^^^^^^^^^^^^^^^^^^^^^^^^^^^^^^^^^^^^^^^^^^^^^^^^^
tests/autogen_op/dla34_in1k-train/test_dla34_in1k-train_aten_slice_Tensor.py:8: in <module>
    import ttnn
E   ModuleNotFoundError: No module named 'ttnn'
_ ERROR collecting tests/autogen_op/dla34_in1k-train/test_dla34_in1k-train_aten_threshold_backward_default.py _
ImportError while importing test module '/Users/Ajay17/pytorch2.0_ttnn/tests/autogen_op/dla34_in1k-train/test_dla34_in1k-train_aten_threshold_backward_default.py'.
Hint: make sure your test modules/packages have valid Python names.
Traceback:
../.pyenv/versions/3.11.10/lib/python3.11/importlib/__init__.py:126: in import_module
    return _bootstrap._gcd_import(name[level:], package, level)
           ^^^^^^^^^^^^^^^^^^^^^^^^^^^^^^^^^^^^^^^^^^^^^^^^^^^^
tests/autogen_op/dla34_in1k-train/test_dla34_in1k-train_aten_threshold_backward_default.py:8: in <module>
    import ttnn
E   ModuleNotFoundError: No module named 'ttnn'
_ ERROR collecting tests/autogen_op/dla34_in1k-train/test_dla34_in1k-train_aten_view_default.py _
ImportError while importing test module '/Users/Ajay17/pytorch2.0_ttnn/tests/autogen_op/dla34_in1k-train/test_dla34_in1k-train_aten_view_default.py'.
Hint: make sure your test modules/packages have valid Python names.
Traceback:
../.pyenv/versions/3.11.10/lib/python3.11/importlib/__init__.py:126: in import_module
    return _bootstrap._gcd_import(name[level:], package, level)
           ^^^^^^^^^^^^^^^^^^^^^^^^^^^^^^^^^^^^^^^^^^^^^^^^^^^^
tests/autogen_op/dla34_in1k-train/test_dla34_in1k-train_aten_view_default.py:8: in <module>
    import ttnn
E   ModuleNotFoundError: No module named 'ttnn'
_ ERROR collecting tests/autogen_op/ese_vovnet19b_dw_ra_in1k/test_ese_vovnet19b_dw_ra_in1k_aten__native_batch_norm_legit_no_training_default.py _
ImportError while importing test module '/Users/Ajay17/pytorch2.0_ttnn/tests/autogen_op/ese_vovnet19b_dw_ra_in1k/test_ese_vovnet19b_dw_ra_in1k_aten__native_batch_norm_legit_no_training_default.py'.
Hint: make sure your test modules/packages have valid Python names.
Traceback:
../.pyenv/versions/3.11.10/lib/python3.11/importlib/__init__.py:126: in import_module
    return _bootstrap._gcd_import(name[level:], package, level)
           ^^^^^^^^^^^^^^^^^^^^^^^^^^^^^^^^^^^^^^^^^^^^^^^^^^^^
tests/autogen_op/ese_vovnet19b_dw_ra_in1k/test_ese_vovnet19b_dw_ra_in1k_aten__native_batch_norm_legit_no_training_default.py:8: in <module>
    import ttnn
E   ModuleNotFoundError: No module named 'ttnn'
_ ERROR collecting tests/autogen_op/ese_vovnet19b_dw_ra_in1k/test_ese_vovnet19b_dw_ra_in1k_aten_addmm_default.py _
ImportError while importing test module '/Users/Ajay17/pytorch2.0_ttnn/tests/autogen_op/ese_vovnet19b_dw_ra_in1k/test_ese_vovnet19b_dw_ra_in1k_aten_addmm_default.py'.
Hint: make sure your test modules/packages have valid Python names.
Traceback:
../.pyenv/versions/3.11.10/lib/python3.11/importlib/__init__.py:126: in import_module
    return _bootstrap._gcd_import(name[level:], package, level)
           ^^^^^^^^^^^^^^^^^^^^^^^^^^^^^^^^^^^^^^^^^^^^^^^^^^^^
tests/autogen_op/ese_vovnet19b_dw_ra_in1k/test_ese_vovnet19b_dw_ra_in1k_aten_addmm_default.py:8: in <module>
    import ttnn
E   ModuleNotFoundError: No module named 'ttnn'
_ ERROR collecting tests/autogen_op/ese_vovnet19b_dw_ra_in1k/test_ese_vovnet19b_dw_ra_in1k_aten_cat_default.py _
ImportError while importing test module '/Users/Ajay17/pytorch2.0_ttnn/tests/autogen_op/ese_vovnet19b_dw_ra_in1k/test_ese_vovnet19b_dw_ra_in1k_aten_cat_default.py'.
Hint: make sure your test modules/packages have valid Python names.
Traceback:
../.pyenv/versions/3.11.10/lib/python3.11/importlib/__init__.py:126: in import_module
    return _bootstrap._gcd_import(name[level:], package, level)
           ^^^^^^^^^^^^^^^^^^^^^^^^^^^^^^^^^^^^^^^^^^^^^^^^^^^^
tests/autogen_op/ese_vovnet19b_dw_ra_in1k/test_ese_vovnet19b_dw_ra_in1k_aten_cat_default.py:8: in <module>
    import ttnn
E   ModuleNotFoundError: No module named 'ttnn'
_ ERROR collecting tests/autogen_op/ese_vovnet19b_dw_ra_in1k/test_ese_vovnet19b_dw_ra_in1k_aten_clone_default.py _
ImportError while importing test module '/Users/Ajay17/pytorch2.0_ttnn/tests/autogen_op/ese_vovnet19b_dw_ra_in1k/test_ese_vovnet19b_dw_ra_in1k_aten_clone_default.py'.
Hint: make sure your test modules/packages have valid Python names.
Traceback:
../.pyenv/versions/3.11.10/lib/python3.11/importlib/__init__.py:126: in import_module
    return _bootstrap._gcd_import(name[level:], package, level)
           ^^^^^^^^^^^^^^^^^^^^^^^^^^^^^^^^^^^^^^^^^^^^^^^^^^^^
tests/autogen_op/ese_vovnet19b_dw_ra_in1k/test_ese_vovnet19b_dw_ra_in1k_aten_clone_default.py:8: in <module>
    import ttnn
E   ModuleNotFoundError: No module named 'ttnn'
_ ERROR collecting tests/autogen_op/ese_vovnet19b_dw_ra_in1k/test_ese_vovnet19b_dw_ra_in1k_aten_convolution_default.py _
ImportError while importing test module '/Users/Ajay17/pytorch2.0_ttnn/tests/autogen_op/ese_vovnet19b_dw_ra_in1k/test_ese_vovnet19b_dw_ra_in1k_aten_convolution_default.py'.
Hint: make sure your test modules/packages have valid Python names.
Traceback:
../.pyenv/versions/3.11.10/lib/python3.11/importlib/__init__.py:126: in import_module
    return _bootstrap._gcd_import(name[level:], package, level)
           ^^^^^^^^^^^^^^^^^^^^^^^^^^^^^^^^^^^^^^^^^^^^^^^^^^^^
tests/autogen_op/ese_vovnet19b_dw_ra_in1k/test_ese_vovnet19b_dw_ra_in1k_aten_convolution_default.py:8: in <module>
    import ttnn
E   ModuleNotFoundError: No module named 'ttnn'
_ ERROR collecting tests/autogen_op/ese_vovnet19b_dw_ra_in1k/test_ese_vovnet19b_dw_ra_in1k_aten_hardsigmoid_default.py _
ImportError while importing test module '/Users/Ajay17/pytorch2.0_ttnn/tests/autogen_op/ese_vovnet19b_dw_ra_in1k/test_ese_vovnet19b_dw_ra_in1k_aten_hardsigmoid_default.py'.
Hint: make sure your test modules/packages have valid Python names.
Traceback:
../.pyenv/versions/3.11.10/lib/python3.11/importlib/__init__.py:126: in import_module
    return _bootstrap._gcd_import(name[level:], package, level)
           ^^^^^^^^^^^^^^^^^^^^^^^^^^^^^^^^^^^^^^^^^^^^^^^^^^^^
tests/autogen_op/ese_vovnet19b_dw_ra_in1k/test_ese_vovnet19b_dw_ra_in1k_aten_hardsigmoid_default.py:8: in <module>
    import ttnn
E   ModuleNotFoundError: No module named 'ttnn'
_ ERROR collecting tests/autogen_op/ese_vovnet19b_dw_ra_in1k/test_ese_vovnet19b_dw_ra_in1k_aten_max_pool2d_with_indices_default.py _
ImportError while importing test module '/Users/Ajay17/pytorch2.0_ttnn/tests/autogen_op/ese_vovnet19b_dw_ra_in1k/test_ese_vovnet19b_dw_ra_in1k_aten_max_pool2d_with_indices_default.py'.
Hint: make sure your test modules/packages have valid Python names.
Traceback:
../.pyenv/versions/3.11.10/lib/python3.11/importlib/__init__.py:126: in import_module
    return _bootstrap._gcd_import(name[level:], package, level)
           ^^^^^^^^^^^^^^^^^^^^^^^^^^^^^^^^^^^^^^^^^^^^^^^^^^^^
tests/autogen_op/ese_vovnet19b_dw_ra_in1k/test_ese_vovnet19b_dw_ra_in1k_aten_max_pool2d_with_indices_default.py:8: in <module>
    import ttnn
E   ModuleNotFoundError: No module named 'ttnn'
_ ERROR collecting tests/autogen_op/ese_vovnet19b_dw_ra_in1k/test_ese_vovnet19b_dw_ra_in1k_aten_mean_dim.py _
ImportError while importing test module '/Users/Ajay17/pytorch2.0_ttnn/tests/autogen_op/ese_vovnet19b_dw_ra_in1k/test_ese_vovnet19b_dw_ra_in1k_aten_mean_dim.py'.
Hint: make sure your test modules/packages have valid Python names.
Traceback:
../.pyenv/versions/3.11.10/lib/python3.11/importlib/__init__.py:126: in import_module
    return _bootstrap._gcd_import(name[level:], package, level)
           ^^^^^^^^^^^^^^^^^^^^^^^^^^^^^^^^^^^^^^^^^^^^^^^^^^^^
tests/autogen_op/ese_vovnet19b_dw_ra_in1k/test_ese_vovnet19b_dw_ra_in1k_aten_mean_dim.py:8: in <module>
    import ttnn
E   ModuleNotFoundError: No module named 'ttnn'
_ ERROR collecting tests/autogen_op/ese_vovnet19b_dw_ra_in1k/test_ese_vovnet19b_dw_ra_in1k_aten_mul_Tensor.py _
ImportError while importing test module '/Users/Ajay17/pytorch2.0_ttnn/tests/autogen_op/ese_vovnet19b_dw_ra_in1k/test_ese_vovnet19b_dw_ra_in1k_aten_mul_Tensor.py'.
Hint: make sure your test modules/packages have valid Python names.
Traceback:
../.pyenv/versions/3.11.10/lib/python3.11/importlib/__init__.py:126: in import_module
    return _bootstrap._gcd_import(name[level:], package, level)
           ^^^^^^^^^^^^^^^^^^^^^^^^^^^^^^^^^^^^^^^^^^^^^^^^^^^^
tests/autogen_op/ese_vovnet19b_dw_ra_in1k/test_ese_vovnet19b_dw_ra_in1k_aten_mul_Tensor.py:8: in <module>
    import ttnn
E   ModuleNotFoundError: No module named 'ttnn'
_ ERROR collecting tests/autogen_op/ese_vovnet19b_dw_ra_in1k/test_ese_vovnet19b_dw_ra_in1k_aten_relu_default.py _
ImportError while importing test module '/Users/Ajay17/pytorch2.0_ttnn/tests/autogen_op/ese_vovnet19b_dw_ra_in1k/test_ese_vovnet19b_dw_ra_in1k_aten_relu_default.py'.
Hint: make sure your test modules/packages have valid Python names.
Traceback:
../.pyenv/versions/3.11.10/lib/python3.11/importlib/__init__.py:126: in import_module
    return _bootstrap._gcd_import(name[level:], package, level)
           ^^^^^^^^^^^^^^^^^^^^^^^^^^^^^^^^^^^^^^^^^^^^^^^^^^^^
tests/autogen_op/ese_vovnet19b_dw_ra_in1k/test_ese_vovnet19b_dw_ra_in1k_aten_relu_default.py:8: in <module>
    import ttnn
E   ModuleNotFoundError: No module named 'ttnn'
_ ERROR collecting tests/autogen_op/ese_vovnet19b_dw_ra_in1k/test_ese_vovnet19b_dw_ra_in1k_aten_t_default.py _
ImportError while importing test module '/Users/Ajay17/pytorch2.0_ttnn/tests/autogen_op/ese_vovnet19b_dw_ra_in1k/test_ese_vovnet19b_dw_ra_in1k_aten_t_default.py'.
Hint: make sure your test modules/packages have valid Python names.
Traceback:
../.pyenv/versions/3.11.10/lib/python3.11/importlib/__init__.py:126: in import_module
    return _bootstrap._gcd_import(name[level:], package, level)
           ^^^^^^^^^^^^^^^^^^^^^^^^^^^^^^^^^^^^^^^^^^^^^^^^^^^^
tests/autogen_op/ese_vovnet19b_dw_ra_in1k/test_ese_vovnet19b_dw_ra_in1k_aten_t_default.py:8: in <module>
    import ttnn
E   ModuleNotFoundError: No module named 'ttnn'
_ ERROR collecting tests/autogen_op/ese_vovnet19b_dw_ra_in1k/test_ese_vovnet19b_dw_ra_in1k_aten_view_default.py _
ImportError while importing test module '/Users/Ajay17/pytorch2.0_ttnn/tests/autogen_op/ese_vovnet19b_dw_ra_in1k/test_ese_vovnet19b_dw_ra_in1k_aten_view_default.py'.
Hint: make sure your test modules/packages have valid Python names.
Traceback:
../.pyenv/versions/3.11.10/lib/python3.11/importlib/__init__.py:126: in import_module
    return _bootstrap._gcd_import(name[level:], package, level)
           ^^^^^^^^^^^^^^^^^^^^^^^^^^^^^^^^^^^^^^^^^^^^^^^^^^^^
tests/autogen_op/ese_vovnet19b_dw_ra_in1k/test_ese_vovnet19b_dw_ra_in1k_aten_view_default.py:8: in <module>
    import ttnn
E   ModuleNotFoundError: No module named 'ttnn'
_ ERROR collecting tests/autogen_op/ese_vovnet19b_dw_ra_in1k-train/test_ese_vovnet19b_dw_ra_in1k-train_aten__native_batch_norm_legit_functional_default.py _
ImportError while importing test module '/Users/Ajay17/pytorch2.0_ttnn/tests/autogen_op/ese_vovnet19b_dw_ra_in1k-train/test_ese_vovnet19b_dw_ra_in1k-train_aten__native_batch_norm_legit_functional_default.py'.
Hint: make sure your test modules/packages have valid Python names.
Traceback:
../.pyenv/versions/3.11.10/lib/python3.11/importlib/__init__.py:126: in import_module
    return _bootstrap._gcd_import(name[level:], package, level)
           ^^^^^^^^^^^^^^^^^^^^^^^^^^^^^^^^^^^^^^^^^^^^^^^^^^^^
tests/autogen_op/ese_vovnet19b_dw_ra_in1k-train/test_ese_vovnet19b_dw_ra_in1k-train_aten__native_batch_norm_legit_functional_default.py:8: in <module>
    import ttnn
E   ModuleNotFoundError: No module named 'ttnn'
_ ERROR collecting tests/autogen_op/ese_vovnet19b_dw_ra_in1k-train/test_ese_vovnet19b_dw_ra_in1k-train_aten__to_copy_default.py _
ImportError while importing test module '/Users/Ajay17/pytorch2.0_ttnn/tests/autogen_op/ese_vovnet19b_dw_ra_in1k-train/test_ese_vovnet19b_dw_ra_in1k-train_aten__to_copy_default.py'.
Hint: make sure your test modules/packages have valid Python names.
Traceback:
../.pyenv/versions/3.11.10/lib/python3.11/importlib/__init__.py:126: in import_module
    return _bootstrap._gcd_import(name[level:], package, level)
           ^^^^^^^^^^^^^^^^^^^^^^^^^^^^^^^^^^^^^^^^^^^^^^^^^^^^
tests/autogen_op/ese_vovnet19b_dw_ra_in1k-train/test_ese_vovnet19b_dw_ra_in1k-train_aten__to_copy_default.py:8: in <module>
    import ttnn
E   ModuleNotFoundError: No module named 'ttnn'
_ ERROR collecting tests/autogen_op/ese_vovnet19b_dw_ra_in1k-train/test_ese_vovnet19b_dw_ra_in1k-train_aten_add_Tensor.py _
ImportError while importing test module '/Users/Ajay17/pytorch2.0_ttnn/tests/autogen_op/ese_vovnet19b_dw_ra_in1k-train/test_ese_vovnet19b_dw_ra_in1k-train_aten_add_Tensor.py'.
Hint: make sure your test modules/packages have valid Python names.
Traceback:
../.pyenv/versions/3.11.10/lib/python3.11/importlib/__init__.py:126: in import_module
    return _bootstrap._gcd_import(name[level:], package, level)
           ^^^^^^^^^^^^^^^^^^^^^^^^^^^^^^^^^^^^^^^^^^^^^^^^^^^^
tests/autogen_op/ese_vovnet19b_dw_ra_in1k-train/test_ese_vovnet19b_dw_ra_in1k-train_aten_add_Tensor.py:8: in <module>
    import ttnn
E   ModuleNotFoundError: No module named 'ttnn'
_ ERROR collecting tests/autogen_op/ese_vovnet19b_dw_ra_in1k-train/test_ese_vovnet19b_dw_ra_in1k-train_aten_addmm_default.py _
ImportError while importing test module '/Users/Ajay17/pytorch2.0_ttnn/tests/autogen_op/ese_vovnet19b_dw_ra_in1k-train/test_ese_vovnet19b_dw_ra_in1k-train_aten_addmm_default.py'.
Hint: make sure your test modules/packages have valid Python names.
Traceback:
../.pyenv/versions/3.11.10/lib/python3.11/importlib/__init__.py:126: in import_module
    return _bootstrap._gcd_import(name[level:], package, level)
           ^^^^^^^^^^^^^^^^^^^^^^^^^^^^^^^^^^^^^^^^^^^^^^^^^^^^
tests/autogen_op/ese_vovnet19b_dw_ra_in1k-train/test_ese_vovnet19b_dw_ra_in1k-train_aten_addmm_default.py:8: in <module>
    import ttnn
E   ModuleNotFoundError: No module named 'ttnn'
_ ERROR collecting tests/autogen_op/ese_vovnet19b_dw_ra_in1k-train/test_ese_vovnet19b_dw_ra_in1k-train_aten_cat_default.py _
ImportError while importing test module '/Users/Ajay17/pytorch2.0_ttnn/tests/autogen_op/ese_vovnet19b_dw_ra_in1k-train/test_ese_vovnet19b_dw_ra_in1k-train_aten_cat_default.py'.
Hint: make sure your test modules/packages have valid Python names.
Traceback:
../.pyenv/versions/3.11.10/lib/python3.11/importlib/__init__.py:126: in import_module
    return _bootstrap._gcd_import(name[level:], package, level)
           ^^^^^^^^^^^^^^^^^^^^^^^^^^^^^^^^^^^^^^^^^^^^^^^^^^^^
tests/autogen_op/ese_vovnet19b_dw_ra_in1k-train/test_ese_vovnet19b_dw_ra_in1k-train_aten_cat_default.py:8: in <module>
    import ttnn
E   ModuleNotFoundError: No module named 'ttnn'
_ ERROR collecting tests/autogen_op/ese_vovnet19b_dw_ra_in1k-train/test_ese_vovnet19b_dw_ra_in1k-train_aten_clone_default.py _
ImportError while importing test module '/Users/Ajay17/pytorch2.0_ttnn/tests/autogen_op/ese_vovnet19b_dw_ra_in1k-train/test_ese_vovnet19b_dw_ra_in1k-train_aten_clone_default.py'.
Hint: make sure your test modules/packages have valid Python names.
Traceback:
../.pyenv/versions/3.11.10/lib/python3.11/importlib/__init__.py:126: in import_module
    return _bootstrap._gcd_import(name[level:], package, level)
           ^^^^^^^^^^^^^^^^^^^^^^^^^^^^^^^^^^^^^^^^^^^^^^^^^^^^
tests/autogen_op/ese_vovnet19b_dw_ra_in1k-train/test_ese_vovnet19b_dw_ra_in1k-train_aten_clone_default.py:8: in <module>
    import ttnn
E   ModuleNotFoundError: No module named 'ttnn'
_ ERROR collecting tests/autogen_op/ese_vovnet19b_dw_ra_in1k-train/test_ese_vovnet19b_dw_ra_in1k-train_aten_convolution_backward_default.py _
ImportError while importing test module '/Users/Ajay17/pytorch2.0_ttnn/tests/autogen_op/ese_vovnet19b_dw_ra_in1k-train/test_ese_vovnet19b_dw_ra_in1k-train_aten_convolution_backward_default.py'.
Hint: make sure your test modules/packages have valid Python names.
Traceback:
../.pyenv/versions/3.11.10/lib/python3.11/importlib/__init__.py:126: in import_module
    return _bootstrap._gcd_import(name[level:], package, level)
           ^^^^^^^^^^^^^^^^^^^^^^^^^^^^^^^^^^^^^^^^^^^^^^^^^^^^
tests/autogen_op/ese_vovnet19b_dw_ra_in1k-train/test_ese_vovnet19b_dw_ra_in1k-train_aten_convolution_backward_default.py:8: in <module>
    import ttnn
E   ModuleNotFoundError: No module named 'ttnn'
_ ERROR collecting tests/autogen_op/ese_vovnet19b_dw_ra_in1k-train/test_ese_vovnet19b_dw_ra_in1k-train_aten_convolution_default.py _
ImportError while importing test module '/Users/Ajay17/pytorch2.0_ttnn/tests/autogen_op/ese_vovnet19b_dw_ra_in1k-train/test_ese_vovnet19b_dw_ra_in1k-train_aten_convolution_default.py'.
Hint: make sure your test modules/packages have valid Python names.
Traceback:
../.pyenv/versions/3.11.10/lib/python3.11/importlib/__init__.py:126: in import_module
    return _bootstrap._gcd_import(name[level:], package, level)
           ^^^^^^^^^^^^^^^^^^^^^^^^^^^^^^^^^^^^^^^^^^^^^^^^^^^^
tests/autogen_op/ese_vovnet19b_dw_ra_in1k-train/test_ese_vovnet19b_dw_ra_in1k-train_aten_convolution_default.py:8: in <module>
    import ttnn
E   ModuleNotFoundError: No module named 'ttnn'
_ ERROR collecting tests/autogen_op/ese_vovnet19b_dw_ra_in1k-train/test_ese_vovnet19b_dw_ra_in1k-train_aten_detach_default.py _
ImportError while importing test module '/Users/Ajay17/pytorch2.0_ttnn/tests/autogen_op/ese_vovnet19b_dw_ra_in1k-train/test_ese_vovnet19b_dw_ra_in1k-train_aten_detach_default.py'.
Hint: make sure your test modules/packages have valid Python names.
Traceback:
../.pyenv/versions/3.11.10/lib/python3.11/importlib/__init__.py:126: in import_module
    return _bootstrap._gcd_import(name[level:], package, level)
           ^^^^^^^^^^^^^^^^^^^^^^^^^^^^^^^^^^^^^^^^^^^^^^^^^^^^
tests/autogen_op/ese_vovnet19b_dw_ra_in1k-train/test_ese_vovnet19b_dw_ra_in1k-train_aten_detach_default.py:8: in <module>
    import ttnn
E   ModuleNotFoundError: No module named 'ttnn'
_ ERROR collecting tests/autogen_op/ese_vovnet19b_dw_ra_in1k-train/test_ese_vovnet19b_dw_ra_in1k-train_aten_div_Scalar.py _
ImportError while importing test module '/Users/Ajay17/pytorch2.0_ttnn/tests/autogen_op/ese_vovnet19b_dw_ra_in1k-train/test_ese_vovnet19b_dw_ra_in1k-train_aten_div_Scalar.py'.
Hint: make sure your test modules/packages have valid Python names.
Traceback:
../.pyenv/versions/3.11.10/lib/python3.11/importlib/__init__.py:126: in import_module
    return _bootstrap._gcd_import(name[level:], package, level)
           ^^^^^^^^^^^^^^^^^^^^^^^^^^^^^^^^^^^^^^^^^^^^^^^^^^^^
tests/autogen_op/ese_vovnet19b_dw_ra_in1k-train/test_ese_vovnet19b_dw_ra_in1k-train_aten_div_Scalar.py:8: in <module>
    import ttnn
E   ModuleNotFoundError: No module named 'ttnn'
_ ERROR collecting tests/autogen_op/ese_vovnet19b_dw_ra_in1k-train/test_ese_vovnet19b_dw_ra_in1k-train_aten_expand_default.py _
ImportError while importing test module '/Users/Ajay17/pytorch2.0_ttnn/tests/autogen_op/ese_vovnet19b_dw_ra_in1k-train/test_ese_vovnet19b_dw_ra_in1k-train_aten_expand_default.py'.
Hint: make sure your test modules/packages have valid Python names.
Traceback:
../.pyenv/versions/3.11.10/lib/python3.11/importlib/__init__.py:126: in import_module
    return _bootstrap._gcd_import(name[level:], package, level)
           ^^^^^^^^^^^^^^^^^^^^^^^^^^^^^^^^^^^^^^^^^^^^^^^^^^^^
tests/autogen_op/ese_vovnet19b_dw_ra_in1k-train/test_ese_vovnet19b_dw_ra_in1k-train_aten_expand_default.py:8: in <module>
    import ttnn
E   ModuleNotFoundError: No module named 'ttnn'
_ ERROR collecting tests/autogen_op/ese_vovnet19b_dw_ra_in1k-train/test_ese_vovnet19b_dw_ra_in1k-train_aten_hardsigmoid_backward_default.py _
ImportError while importing test module '/Users/Ajay17/pytorch2.0_ttnn/tests/autogen_op/ese_vovnet19b_dw_ra_in1k-train/test_ese_vovnet19b_dw_ra_in1k-train_aten_hardsigmoid_backward_default.py'.
Hint: make sure your test modules/packages have valid Python names.
Traceback:
../.pyenv/versions/3.11.10/lib/python3.11/importlib/__init__.py:126: in import_module
    return _bootstrap._gcd_import(name[level:], package, level)
           ^^^^^^^^^^^^^^^^^^^^^^^^^^^^^^^^^^^^^^^^^^^^^^^^^^^^
tests/autogen_op/ese_vovnet19b_dw_ra_in1k-train/test_ese_vovnet19b_dw_ra_in1k-train_aten_hardsigmoid_backward_default.py:8: in <module>
    import ttnn
E   ModuleNotFoundError: No module named 'ttnn'
_ ERROR collecting tests/autogen_op/ese_vovnet19b_dw_ra_in1k-train/test_ese_vovnet19b_dw_ra_in1k-train_aten_hardsigmoid_default.py _
ImportError while importing test module '/Users/Ajay17/pytorch2.0_ttnn/tests/autogen_op/ese_vovnet19b_dw_ra_in1k-train/test_ese_vovnet19b_dw_ra_in1k-train_aten_hardsigmoid_default.py'.
Hint: make sure your test modules/packages have valid Python names.
Traceback:
../.pyenv/versions/3.11.10/lib/python3.11/importlib/__init__.py:126: in import_module
    return _bootstrap._gcd_import(name[level:], package, level)
           ^^^^^^^^^^^^^^^^^^^^^^^^^^^^^^^^^^^^^^^^^^^^^^^^^^^^
tests/autogen_op/ese_vovnet19b_dw_ra_in1k-train/test_ese_vovnet19b_dw_ra_in1k-train_aten_hardsigmoid_default.py:8: in <module>
    import ttnn
E   ModuleNotFoundError: No module named 'ttnn'
_ ERROR collecting tests/autogen_op/ese_vovnet19b_dw_ra_in1k-train/test_ese_vovnet19b_dw_ra_in1k-train_aten_max_pool2d_with_indices_backward_default.py _
ImportError while importing test module '/Users/Ajay17/pytorch2.0_ttnn/tests/autogen_op/ese_vovnet19b_dw_ra_in1k-train/test_ese_vovnet19b_dw_ra_in1k-train_aten_max_pool2d_with_indices_backward_default.py'.
Hint: make sure your test modules/packages have valid Python names.
Traceback:
../.pyenv/versions/3.11.10/lib/python3.11/importlib/__init__.py:126: in import_module
    return _bootstrap._gcd_import(name[level:], package, level)
           ^^^^^^^^^^^^^^^^^^^^^^^^^^^^^^^^^^^^^^^^^^^^^^^^^^^^
tests/autogen_op/ese_vovnet19b_dw_ra_in1k-train/test_ese_vovnet19b_dw_ra_in1k-train_aten_max_pool2d_with_indices_backward_default.py:8: in <module>
    import ttnn
E   ModuleNotFoundError: No module named 'ttnn'
_ ERROR collecting tests/autogen_op/ese_vovnet19b_dw_ra_in1k-train/test_ese_vovnet19b_dw_ra_in1k-train_aten_max_pool2d_with_indices_default.py _
ImportError while importing test module '/Users/Ajay17/pytorch2.0_ttnn/tests/autogen_op/ese_vovnet19b_dw_ra_in1k-train/test_ese_vovnet19b_dw_ra_in1k-train_aten_max_pool2d_with_indices_default.py'.
Hint: make sure your test modules/packages have valid Python names.
Traceback:
../.pyenv/versions/3.11.10/lib/python3.11/importlib/__init__.py:126: in import_module
    return _bootstrap._gcd_import(name[level:], package, level)
           ^^^^^^^^^^^^^^^^^^^^^^^^^^^^^^^^^^^^^^^^^^^^^^^^^^^^
tests/autogen_op/ese_vovnet19b_dw_ra_in1k-train/test_ese_vovnet19b_dw_ra_in1k-train_aten_max_pool2d_with_indices_default.py:8: in <module>
    import ttnn
E   ModuleNotFoundError: No module named 'ttnn'
_ ERROR collecting tests/autogen_op/ese_vovnet19b_dw_ra_in1k-train/test_ese_vovnet19b_dw_ra_in1k-train_aten_mean_dim.py _
ImportError while importing test module '/Users/Ajay17/pytorch2.0_ttnn/tests/autogen_op/ese_vovnet19b_dw_ra_in1k-train/test_ese_vovnet19b_dw_ra_in1k-train_aten_mean_dim.py'.
Hint: make sure your test modules/packages have valid Python names.
Traceback:
../.pyenv/versions/3.11.10/lib/python3.11/importlib/__init__.py:126: in import_module
    return _bootstrap._gcd_import(name[level:], package, level)
           ^^^^^^^^^^^^^^^^^^^^^^^^^^^^^^^^^^^^^^^^^^^^^^^^^^^^
tests/autogen_op/ese_vovnet19b_dw_ra_in1k-train/test_ese_vovnet19b_dw_ra_in1k-train_aten_mean_dim.py:8: in <module>
    import ttnn
E   ModuleNotFoundError: No module named 'ttnn'
_ ERROR collecting tests/autogen_op/ese_vovnet19b_dw_ra_in1k-train/test_ese_vovnet19b_dw_ra_in1k-train_aten_mm_default.py _
ImportError while importing test module '/Users/Ajay17/pytorch2.0_ttnn/tests/autogen_op/ese_vovnet19b_dw_ra_in1k-train/test_ese_vovnet19b_dw_ra_in1k-train_aten_mm_default.py'.
Hint: make sure your test modules/packages have valid Python names.
Traceback:
../.pyenv/versions/3.11.10/lib/python3.11/importlib/__init__.py:126: in import_module
    return _bootstrap._gcd_import(name[level:], package, level)
           ^^^^^^^^^^^^^^^^^^^^^^^^^^^^^^^^^^^^^^^^^^^^^^^^^^^^
tests/autogen_op/ese_vovnet19b_dw_ra_in1k-train/test_ese_vovnet19b_dw_ra_in1k-train_aten_mm_default.py:8: in <module>
    import ttnn
E   ModuleNotFoundError: No module named 'ttnn'
_ ERROR collecting tests/autogen_op/ese_vovnet19b_dw_ra_in1k-train/test_ese_vovnet19b_dw_ra_in1k-train_aten_mul_Tensor.py _
ImportError while importing test module '/Users/Ajay17/pytorch2.0_ttnn/tests/autogen_op/ese_vovnet19b_dw_ra_in1k-train/test_ese_vovnet19b_dw_ra_in1k-train_aten_mul_Tensor.py'.
Hint: make sure your test modules/packages have valid Python names.
Traceback:
../.pyenv/versions/3.11.10/lib/python3.11/importlib/__init__.py:126: in import_module
    return _bootstrap._gcd_import(name[level:], package, level)
           ^^^^^^^^^^^^^^^^^^^^^^^^^^^^^^^^^^^^^^^^^^^^^^^^^^^^
tests/autogen_op/ese_vovnet19b_dw_ra_in1k-train/test_ese_vovnet19b_dw_ra_in1k-train_aten_mul_Tensor.py:8: in <module>
    import ttnn
E   ModuleNotFoundError: No module named 'ttnn'
_ ERROR collecting tests/autogen_op/ese_vovnet19b_dw_ra_in1k-train/test_ese_vovnet19b_dw_ra_in1k-train_aten_native_batch_norm_backward_default.py _
ImportError while importing test module '/Users/Ajay17/pytorch2.0_ttnn/tests/autogen_op/ese_vovnet19b_dw_ra_in1k-train/test_ese_vovnet19b_dw_ra_in1k-train_aten_native_batch_norm_backward_default.py'.
Hint: make sure your test modules/packages have valid Python names.
Traceback:
../.pyenv/versions/3.11.10/lib/python3.11/importlib/__init__.py:126: in import_module
    return _bootstrap._gcd_import(name[level:], package, level)
           ^^^^^^^^^^^^^^^^^^^^^^^^^^^^^^^^^^^^^^^^^^^^^^^^^^^^
tests/autogen_op/ese_vovnet19b_dw_ra_in1k-train/test_ese_vovnet19b_dw_ra_in1k-train_aten_native_batch_norm_backward_default.py:8: in <module>
    import ttnn
E   ModuleNotFoundError: No module named 'ttnn'
_ ERROR collecting tests/autogen_op/ese_vovnet19b_dw_ra_in1k-train/test_ese_vovnet19b_dw_ra_in1k-train_aten_relu_default.py _
ImportError while importing test module '/Users/Ajay17/pytorch2.0_ttnn/tests/autogen_op/ese_vovnet19b_dw_ra_in1k-train/test_ese_vovnet19b_dw_ra_in1k-train_aten_relu_default.py'.
Hint: make sure your test modules/packages have valid Python names.
Traceback:
../.pyenv/versions/3.11.10/lib/python3.11/importlib/__init__.py:126: in import_module
    return _bootstrap._gcd_import(name[level:], package, level)
           ^^^^^^^^^^^^^^^^^^^^^^^^^^^^^^^^^^^^^^^^^^^^^^^^^^^^
tests/autogen_op/ese_vovnet19b_dw_ra_in1k-train/test_ese_vovnet19b_dw_ra_in1k-train_aten_relu_default.py:8: in <module>
    import ttnn
E   ModuleNotFoundError: No module named 'ttnn'
_ ERROR collecting tests/autogen_op/ese_vovnet19b_dw_ra_in1k-train/test_ese_vovnet19b_dw_ra_in1k-train_aten_slice_Tensor.py _
ImportError while importing test module '/Users/Ajay17/pytorch2.0_ttnn/tests/autogen_op/ese_vovnet19b_dw_ra_in1k-train/test_ese_vovnet19b_dw_ra_in1k-train_aten_slice_Tensor.py'.
Hint: make sure your test modules/packages have valid Python names.
Traceback:
../.pyenv/versions/3.11.10/lib/python3.11/importlib/__init__.py:126: in import_module
    return _bootstrap._gcd_import(name[level:], package, level)
           ^^^^^^^^^^^^^^^^^^^^^^^^^^^^^^^^^^^^^^^^^^^^^^^^^^^^
tests/autogen_op/ese_vovnet19b_dw_ra_in1k-train/test_ese_vovnet19b_dw_ra_in1k-train_aten_slice_Tensor.py:8: in <module>
    import ttnn
E   ModuleNotFoundError: No module named 'ttnn'
_ ERROR collecting tests/autogen_op/ese_vovnet19b_dw_ra_in1k-train/test_ese_vovnet19b_dw_ra_in1k-train_aten_sum_dim_IntList.py _
ImportError while importing test module '/Users/Ajay17/pytorch2.0_ttnn/tests/autogen_op/ese_vovnet19b_dw_ra_in1k-train/test_ese_vovnet19b_dw_ra_in1k-train_aten_sum_dim_IntList.py'.
Hint: make sure your test modules/packages have valid Python names.
Traceback:
../.pyenv/versions/3.11.10/lib/python3.11/importlib/__init__.py:126: in import_module
    return _bootstrap._gcd_import(name[level:], package, level)
           ^^^^^^^^^^^^^^^^^^^^^^^^^^^^^^^^^^^^^^^^^^^^^^^^^^^^
tests/autogen_op/ese_vovnet19b_dw_ra_in1k-train/test_ese_vovnet19b_dw_ra_in1k-train_aten_sum_dim_IntList.py:8: in <module>
    import ttnn
E   ModuleNotFoundError: No module named 'ttnn'
_ ERROR collecting tests/autogen_op/ese_vovnet19b_dw_ra_in1k-train/test_ese_vovnet19b_dw_ra_in1k-train_aten_t_default.py _
ImportError while importing test module '/Users/Ajay17/pytorch2.0_ttnn/tests/autogen_op/ese_vovnet19b_dw_ra_in1k-train/test_ese_vovnet19b_dw_ra_in1k-train_aten_t_default.py'.
Hint: make sure your test modules/packages have valid Python names.
Traceback:
../.pyenv/versions/3.11.10/lib/python3.11/importlib/__init__.py:126: in import_module
    return _bootstrap._gcd_import(name[level:], package, level)
           ^^^^^^^^^^^^^^^^^^^^^^^^^^^^^^^^^^^^^^^^^^^^^^^^^^^^
tests/autogen_op/ese_vovnet19b_dw_ra_in1k-train/test_ese_vovnet19b_dw_ra_in1k-train_aten_t_default.py:8: in <module>
    import ttnn
E   ModuleNotFoundError: No module named 'ttnn'
_ ERROR collecting tests/autogen_op/ese_vovnet19b_dw_ra_in1k-train/test_ese_vovnet19b_dw_ra_in1k-train_aten_threshold_backward_default.py _
ImportError while importing test module '/Users/Ajay17/pytorch2.0_ttnn/tests/autogen_op/ese_vovnet19b_dw_ra_in1k-train/test_ese_vovnet19b_dw_ra_in1k-train_aten_threshold_backward_default.py'.
Hint: make sure your test modules/packages have valid Python names.
Traceback:
../.pyenv/versions/3.11.10/lib/python3.11/importlib/__init__.py:126: in import_module
    return _bootstrap._gcd_import(name[level:], package, level)
           ^^^^^^^^^^^^^^^^^^^^^^^^^^^^^^^^^^^^^^^^^^^^^^^^^^^^
tests/autogen_op/ese_vovnet19b_dw_ra_in1k-train/test_ese_vovnet19b_dw_ra_in1k-train_aten_threshold_backward_default.py:8: in <module>
    import ttnn
E   ModuleNotFoundError: No module named 'ttnn'
_ ERROR collecting tests/autogen_op/ese_vovnet19b_dw_ra_in1k-train/test_ese_vovnet19b_dw_ra_in1k-train_aten_view_default.py _
ImportError while importing test module '/Users/Ajay17/pytorch2.0_ttnn/tests/autogen_op/ese_vovnet19b_dw_ra_in1k-train/test_ese_vovnet19b_dw_ra_in1k-train_aten_view_default.py'.
Hint: make sure your test modules/packages have valid Python names.
Traceback:
../.pyenv/versions/3.11.10/lib/python3.11/importlib/__init__.py:126: in import_module
    return _bootstrap._gcd_import(name[level:], package, level)
           ^^^^^^^^^^^^^^^^^^^^^^^^^^^^^^^^^^^^^^^^^^^^^^^^^^^^
tests/autogen_op/ese_vovnet19b_dw_ra_in1k-train/test_ese_vovnet19b_dw_ra_in1k-train_aten_view_default.py:8: in <module>
    import ttnn
E   ModuleNotFoundError: No module named 'ttnn'
_ ERROR collecting tests/autogen_op/facebook/deit-base-patch16-224/test_facebook_deit-base-patch16-224_aten__softmax_default.py _
ImportError while importing test module '/Users/Ajay17/pytorch2.0_ttnn/tests/autogen_op/facebook/deit-base-patch16-224/test_facebook_deit-base-patch16-224_aten__softmax_default.py'.
Hint: make sure your test modules/packages have valid Python names.
Traceback:
../.pyenv/versions/3.11.10/lib/python3.11/importlib/__init__.py:126: in import_module
    return _bootstrap._gcd_import(name[level:], package, level)
           ^^^^^^^^^^^^^^^^^^^^^^^^^^^^^^^^^^^^^^^^^^^^^^^^^^^^
tests/autogen_op/facebook/deit-base-patch16-224/test_facebook_deit-base-patch16-224_aten__softmax_default.py:8: in <module>
    import ttnn
E   ModuleNotFoundError: No module named 'ttnn'
_ ERROR collecting tests/autogen_op/facebook/deit-base-patch16-224/test_facebook_deit-base-patch16-224_aten_add_Tensor.py _
ImportError while importing test module '/Users/Ajay17/pytorch2.0_ttnn/tests/autogen_op/facebook/deit-base-patch16-224/test_facebook_deit-base-patch16-224_aten_add_Tensor.py'.
Hint: make sure your test modules/packages have valid Python names.
Traceback:
../.pyenv/versions/3.11.10/lib/python3.11/importlib/__init__.py:126: in import_module
    return _bootstrap._gcd_import(name[level:], package, level)
           ^^^^^^^^^^^^^^^^^^^^^^^^^^^^^^^^^^^^^^^^^^^^^^^^^^^^
tests/autogen_op/facebook/deit-base-patch16-224/test_facebook_deit-base-patch16-224_aten_add_Tensor.py:8: in <module>
    import ttnn
E   ModuleNotFoundError: No module named 'ttnn'
_ ERROR collecting tests/autogen_op/facebook/deit-base-patch16-224/test_facebook_deit-base-patch16-224_aten_addmm_default.py _
ImportError while importing test module '/Users/Ajay17/pytorch2.0_ttnn/tests/autogen_op/facebook/deit-base-patch16-224/test_facebook_deit-base-patch16-224_aten_addmm_default.py'.
Hint: make sure your test modules/packages have valid Python names.
Traceback:
../.pyenv/versions/3.11.10/lib/python3.11/importlib/__init__.py:126: in import_module
    return _bootstrap._gcd_import(name[level:], package, level)
           ^^^^^^^^^^^^^^^^^^^^^^^^^^^^^^^^^^^^^^^^^^^^^^^^^^^^
tests/autogen_op/facebook/deit-base-patch16-224/test_facebook_deit-base-patch16-224_aten_addmm_default.py:8: in <module>
    import ttnn
E   ModuleNotFoundError: No module named 'ttnn'
_ ERROR collecting tests/autogen_op/facebook/deit-base-patch16-224/test_facebook_deit-base-patch16-224_aten_bmm_default.py _
ImportError while importing test module '/Users/Ajay17/pytorch2.0_ttnn/tests/autogen_op/facebook/deit-base-patch16-224/test_facebook_deit-base-patch16-224_aten_bmm_default.py'.
Hint: make sure your test modules/packages have valid Python names.
Traceback:
../.pyenv/versions/3.11.10/lib/python3.11/importlib/__init__.py:126: in import_module
    return _bootstrap._gcd_import(name[level:], package, level)
           ^^^^^^^^^^^^^^^^^^^^^^^^^^^^^^^^^^^^^^^^^^^^^^^^^^^^
tests/autogen_op/facebook/deit-base-patch16-224/test_facebook_deit-base-patch16-224_aten_bmm_default.py:8: in <module>
    import ttnn
E   ModuleNotFoundError: No module named 'ttnn'
_ ERROR collecting tests/autogen_op/facebook/deit-base-patch16-224/test_facebook_deit-base-patch16-224_aten_cat_default.py _
ImportError while importing test module '/Users/Ajay17/pytorch2.0_ttnn/tests/autogen_op/facebook/deit-base-patch16-224/test_facebook_deit-base-patch16-224_aten_cat_default.py'.
Hint: make sure your test modules/packages have valid Python names.
Traceback:
../.pyenv/versions/3.11.10/lib/python3.11/importlib/__init__.py:126: in import_module
    return _bootstrap._gcd_import(name[level:], package, level)
           ^^^^^^^^^^^^^^^^^^^^^^^^^^^^^^^^^^^^^^^^^^^^^^^^^^^^
tests/autogen_op/facebook/deit-base-patch16-224/test_facebook_deit-base-patch16-224_aten_cat_default.py:8: in <module>
    import ttnn
E   ModuleNotFoundError: No module named 'ttnn'
_ ERROR collecting tests/autogen_op/facebook/deit-base-patch16-224/test_facebook_deit-base-patch16-224_aten_clone_default.py _
ImportError while importing test module '/Users/Ajay17/pytorch2.0_ttnn/tests/autogen_op/facebook/deit-base-patch16-224/test_facebook_deit-base-patch16-224_aten_clone_default.py'.
Hint: make sure your test modules/packages have valid Python names.
Traceback:
../.pyenv/versions/3.11.10/lib/python3.11/importlib/__init__.py:126: in import_module
    return _bootstrap._gcd_import(name[level:], package, level)
           ^^^^^^^^^^^^^^^^^^^^^^^^^^^^^^^^^^^^^^^^^^^^^^^^^^^^
tests/autogen_op/facebook/deit-base-patch16-224/test_facebook_deit-base-patch16-224_aten_clone_default.py:8: in <module>
    import ttnn
E   ModuleNotFoundError: No module named 'ttnn'
_ ERROR collecting tests/autogen_op/facebook/deit-base-patch16-224/test_facebook_deit-base-patch16-224_aten_convolution_default.py _
ImportError while importing test module '/Users/Ajay17/pytorch2.0_ttnn/tests/autogen_op/facebook/deit-base-patch16-224/test_facebook_deit-base-patch16-224_aten_convolution_default.py'.
Hint: make sure your test modules/packages have valid Python names.
Traceback:
../.pyenv/versions/3.11.10/lib/python3.11/importlib/__init__.py:126: in import_module
    return _bootstrap._gcd_import(name[level:], package, level)
           ^^^^^^^^^^^^^^^^^^^^^^^^^^^^^^^^^^^^^^^^^^^^^^^^^^^^
tests/autogen_op/facebook/deit-base-patch16-224/test_facebook_deit-base-patch16-224_aten_convolution_default.py:8: in <module>
    import ttnn
E   ModuleNotFoundError: No module named 'ttnn'
_ ERROR collecting tests/autogen_op/facebook/deit-base-patch16-224/test_facebook_deit-base-patch16-224_aten_div_Tensor.py _
ImportError while importing test module '/Users/Ajay17/pytorch2.0_ttnn/tests/autogen_op/facebook/deit-base-patch16-224/test_facebook_deit-base-patch16-224_aten_div_Tensor.py'.
Hint: make sure your test modules/packages have valid Python names.
Traceback:
../.pyenv/versions/3.11.10/lib/python3.11/importlib/__init__.py:126: in import_module
    return _bootstrap._gcd_import(name[level:], package, level)
           ^^^^^^^^^^^^^^^^^^^^^^^^^^^^^^^^^^^^^^^^^^^^^^^^^^^^
tests/autogen_op/facebook/deit-base-patch16-224/test_facebook_deit-base-patch16-224_aten_div_Tensor.py:8: in <module>
    import ttnn
E   ModuleNotFoundError: No module named 'ttnn'
_ ERROR collecting tests/autogen_op/facebook/deit-base-patch16-224/test_facebook_deit-base-patch16-224_aten_expand_default.py _
ImportError while importing test module '/Users/Ajay17/pytorch2.0_ttnn/tests/autogen_op/facebook/deit-base-patch16-224/test_facebook_deit-base-patch16-224_aten_expand_default.py'.
Hint: make sure your test modules/packages have valid Python names.
Traceback:
../.pyenv/versions/3.11.10/lib/python3.11/importlib/__init__.py:126: in import_module
    return _bootstrap._gcd_import(name[level:], package, level)
           ^^^^^^^^^^^^^^^^^^^^^^^^^^^^^^^^^^^^^^^^^^^^^^^^^^^^
tests/autogen_op/facebook/deit-base-patch16-224/test_facebook_deit-base-patch16-224_aten_expand_default.py:8: in <module>
    import ttnn
E   ModuleNotFoundError: No module named 'ttnn'
_ ERROR collecting tests/autogen_op/facebook/deit-base-patch16-224/test_facebook_deit-base-patch16-224_aten_gelu_default.py _
ImportError while importing test module '/Users/Ajay17/pytorch2.0_ttnn/tests/autogen_op/facebook/deit-base-patch16-224/test_facebook_deit-base-patch16-224_aten_gelu_default.py'.
Hint: make sure your test modules/packages have valid Python names.
Traceback:
../.pyenv/versions/3.11.10/lib/python3.11/importlib/__init__.py:126: in import_module
    return _bootstrap._gcd_import(name[level:], package, level)
           ^^^^^^^^^^^^^^^^^^^^^^^^^^^^^^^^^^^^^^^^^^^^^^^^^^^^
tests/autogen_op/facebook/deit-base-patch16-224/test_facebook_deit-base-patch16-224_aten_gelu_default.py:8: in <module>
    import ttnn
E   ModuleNotFoundError: No module named 'ttnn'
_ ERROR collecting tests/autogen_op/facebook/deit-base-patch16-224/test_facebook_deit-base-patch16-224_aten_native_layer_norm_default.py _
ImportError while importing test module '/Users/Ajay17/pytorch2.0_ttnn/tests/autogen_op/facebook/deit-base-patch16-224/test_facebook_deit-base-patch16-224_aten_native_layer_norm_default.py'.
Hint: make sure your test modules/packages have valid Python names.
Traceback:
../.pyenv/versions/3.11.10/lib/python3.11/importlib/__init__.py:126: in import_module
    return _bootstrap._gcd_import(name[level:], package, level)
           ^^^^^^^^^^^^^^^^^^^^^^^^^^^^^^^^^^^^^^^^^^^^^^^^^^^^
tests/autogen_op/facebook/deit-base-patch16-224/test_facebook_deit-base-patch16-224_aten_native_layer_norm_default.py:8: in <module>
    import ttnn
E   ModuleNotFoundError: No module named 'ttnn'
_ ERROR collecting tests/autogen_op/facebook/deit-base-patch16-224/test_facebook_deit-base-patch16-224_aten_permute_default.py _
ImportError while importing test module '/Users/Ajay17/pytorch2.0_ttnn/tests/autogen_op/facebook/deit-base-patch16-224/test_facebook_deit-base-patch16-224_aten_permute_default.py'.
Hint: make sure your test modules/packages have valid Python names.
Traceback:
../.pyenv/versions/3.11.10/lib/python3.11/importlib/__init__.py:126: in import_module
    return _bootstrap._gcd_import(name[level:], package, level)
           ^^^^^^^^^^^^^^^^^^^^^^^^^^^^^^^^^^^^^^^^^^^^^^^^^^^^
tests/autogen_op/facebook/deit-base-patch16-224/test_facebook_deit-base-patch16-224_aten_permute_default.py:8: in <module>
    import ttnn
E   ModuleNotFoundError: No module named 'ttnn'
_ ERROR collecting tests/autogen_op/facebook/deit-base-patch16-224/test_facebook_deit-base-patch16-224_aten_select_int.py _
ImportError while importing test module '/Users/Ajay17/pytorch2.0_ttnn/tests/autogen_op/facebook/deit-base-patch16-224/test_facebook_deit-base-patch16-224_aten_select_int.py'.
Hint: make sure your test modules/packages have valid Python names.
Traceback:
../.pyenv/versions/3.11.10/lib/python3.11/importlib/__init__.py:126: in import_module
    return _bootstrap._gcd_import(name[level:], package, level)
           ^^^^^^^^^^^^^^^^^^^^^^^^^^^^^^^^^^^^^^^^^^^^^^^^^^^^
tests/autogen_op/facebook/deit-base-patch16-224/test_facebook_deit-base-patch16-224_aten_select_int.py:8: in <module>
    import ttnn
E   ModuleNotFoundError: No module named 'ttnn'
_ ERROR collecting tests/autogen_op/facebook/deit-base-patch16-224/test_facebook_deit-base-patch16-224_aten_slice_Tensor.py _
ImportError while importing test module '/Users/Ajay17/pytorch2.0_ttnn/tests/autogen_op/facebook/deit-base-patch16-224/test_facebook_deit-base-patch16-224_aten_slice_Tensor.py'.
Hint: make sure your test modules/packages have valid Python names.
Traceback:
../.pyenv/versions/3.11.10/lib/python3.11/importlib/__init__.py:126: in import_module
    return _bootstrap._gcd_import(name[level:], package, level)
           ^^^^^^^^^^^^^^^^^^^^^^^^^^^^^^^^^^^^^^^^^^^^^^^^^^^^
tests/autogen_op/facebook/deit-base-patch16-224/test_facebook_deit-base-patch16-224_aten_slice_Tensor.py:8: in <module>
    import ttnn
E   ModuleNotFoundError: No module named 'ttnn'
_ ERROR collecting tests/autogen_op/facebook/deit-base-patch16-224/test_facebook_deit-base-patch16-224_aten_t_default.py _
ImportError while importing test module '/Users/Ajay17/pytorch2.0_ttnn/tests/autogen_op/facebook/deit-base-patch16-224/test_facebook_deit-base-patch16-224_aten_t_default.py'.
Hint: make sure your test modules/packages have valid Python names.
Traceback:
../.pyenv/versions/3.11.10/lib/python3.11/importlib/__init__.py:126: in import_module
    return _bootstrap._gcd_import(name[level:], package, level)
           ^^^^^^^^^^^^^^^^^^^^^^^^^^^^^^^^^^^^^^^^^^^^^^^^^^^^
tests/autogen_op/facebook/deit-base-patch16-224/test_facebook_deit-base-patch16-224_aten_t_default.py:8: in <module>
    import ttnn
E   ModuleNotFoundError: No module named 'ttnn'
_ ERROR collecting tests/autogen_op/facebook/deit-base-patch16-224/test_facebook_deit-base-patch16-224_aten_transpose_int.py _
ImportError while importing test module '/Users/Ajay17/pytorch2.0_ttnn/tests/autogen_op/facebook/deit-base-patch16-224/test_facebook_deit-base-patch16-224_aten_transpose_int.py'.
Hint: make sure your test modules/packages have valid Python names.
Traceback:
../.pyenv/versions/3.11.10/lib/python3.11/importlib/__init__.py:126: in import_module
    return _bootstrap._gcd_import(name[level:], package, level)
           ^^^^^^^^^^^^^^^^^^^^^^^^^^^^^^^^^^^^^^^^^^^^^^^^^^^^
tests/autogen_op/facebook/deit-base-patch16-224/test_facebook_deit-base-patch16-224_aten_transpose_int.py:8: in <module>
    import ttnn
E   ModuleNotFoundError: No module named 'ttnn'
_ ERROR collecting tests/autogen_op/facebook/deit-base-patch16-224/test_facebook_deit-base-patch16-224_aten_view_default.py _
ImportError while importing test module '/Users/Ajay17/pytorch2.0_ttnn/tests/autogen_op/facebook/deit-base-patch16-224/test_facebook_deit-base-patch16-224_aten_view_default.py'.
Hint: make sure your test modules/packages have valid Python names.
Traceback:
../.pyenv/versions/3.11.10/lib/python3.11/importlib/__init__.py:126: in import_module
    return _bootstrap._gcd_import(name[level:], package, level)
           ^^^^^^^^^^^^^^^^^^^^^^^^^^^^^^^^^^^^^^^^^^^^^^^^^^^^
tests/autogen_op/facebook/deit-base-patch16-224/test_facebook_deit-base-patch16-224_aten_view_default.py:8: in <module>
    import ttnn
E   ModuleNotFoundError: No module named 'ttnn'
_ ERROR collecting tests/autogen_op/facebook/deit-base-patch16-224-train/test_facebook_deit-base-patch16-224-train_aten__softmax_backward_data_default.py _
ImportError while importing test module '/Users/Ajay17/pytorch2.0_ttnn/tests/autogen_op/facebook/deit-base-patch16-224-train/test_facebook_deit-base-patch16-224-train_aten__softmax_backward_data_default.py'.
Hint: make sure your test modules/packages have valid Python names.
Traceback:
../.pyenv/versions/3.11.10/lib/python3.11/importlib/__init__.py:126: in import_module
    return _bootstrap._gcd_import(name[level:], package, level)
           ^^^^^^^^^^^^^^^^^^^^^^^^^^^^^^^^^^^^^^^^^^^^^^^^^^^^
tests/autogen_op/facebook/deit-base-patch16-224-train/test_facebook_deit-base-patch16-224-train_aten__softmax_backward_data_default.py:8: in <module>
    import ttnn
E   ModuleNotFoundError: No module named 'ttnn'
_ ERROR collecting tests/autogen_op/facebook/deit-base-patch16-224-train/test_facebook_deit-base-patch16-224-train_aten__softmax_default.py _
ImportError while importing test module '/Users/Ajay17/pytorch2.0_ttnn/tests/autogen_op/facebook/deit-base-patch16-224-train/test_facebook_deit-base-patch16-224-train_aten__softmax_default.py'.
Hint: make sure your test modules/packages have valid Python names.
Traceback:
../.pyenv/versions/3.11.10/lib/python3.11/importlib/__init__.py:126: in import_module
    return _bootstrap._gcd_import(name[level:], package, level)
           ^^^^^^^^^^^^^^^^^^^^^^^^^^^^^^^^^^^^^^^^^^^^^^^^^^^^
tests/autogen_op/facebook/deit-base-patch16-224-train/test_facebook_deit-base-patch16-224-train_aten__softmax_default.py:8: in <module>
    import ttnn
E   ModuleNotFoundError: No module named 'ttnn'
_ ERROR collecting tests/autogen_op/facebook/deit-base-patch16-224-train/test_facebook_deit-base-patch16-224-train_aten__unsafe_view_default.py _
ImportError while importing test module '/Users/Ajay17/pytorch2.0_ttnn/tests/autogen_op/facebook/deit-base-patch16-224-train/test_facebook_deit-base-patch16-224-train_aten__unsafe_view_default.py'.
Hint: make sure your test modules/packages have valid Python names.
Traceback:
../.pyenv/versions/3.11.10/lib/python3.11/importlib/__init__.py:126: in import_module
    return _bootstrap._gcd_import(name[level:], package, level)
           ^^^^^^^^^^^^^^^^^^^^^^^^^^^^^^^^^^^^^^^^^^^^^^^^^^^^
tests/autogen_op/facebook/deit-base-patch16-224-train/test_facebook_deit-base-patch16-224-train_aten__unsafe_view_default.py:8: in <module>
    import ttnn
E   ModuleNotFoundError: No module named 'ttnn'
_ ERROR collecting tests/autogen_op/facebook/deit-base-patch16-224-train/test_facebook_deit-base-patch16-224-train_aten_add_Tensor.py _
ImportError while importing test module '/Users/Ajay17/pytorch2.0_ttnn/tests/autogen_op/facebook/deit-base-patch16-224-train/test_facebook_deit-base-patch16-224-train_aten_add_Tensor.py'.
Hint: make sure your test modules/packages have valid Python names.
Traceback:
../.pyenv/versions/3.11.10/lib/python3.11/importlib/__init__.py:126: in import_module
    return _bootstrap._gcd_import(name[level:], package, level)
           ^^^^^^^^^^^^^^^^^^^^^^^^^^^^^^^^^^^^^^^^^^^^^^^^^^^^
tests/autogen_op/facebook/deit-base-patch16-224-train/test_facebook_deit-base-patch16-224-train_aten_add_Tensor.py:8: in <module>
    import ttnn
E   ModuleNotFoundError: No module named 'ttnn'
_ ERROR collecting tests/autogen_op/facebook/deit-base-patch16-224-train/test_facebook_deit-base-patch16-224-train_aten_addmm_default.py _
ImportError while importing test module '/Users/Ajay17/pytorch2.0_ttnn/tests/autogen_op/facebook/deit-base-patch16-224-train/test_facebook_deit-base-patch16-224-train_aten_addmm_default.py'.
Hint: make sure your test modules/packages have valid Python names.
Traceback:
../.pyenv/versions/3.11.10/lib/python3.11/importlib/__init__.py:126: in import_module
    return _bootstrap._gcd_import(name[level:], package, level)
           ^^^^^^^^^^^^^^^^^^^^^^^^^^^^^^^^^^^^^^^^^^^^^^^^^^^^
tests/autogen_op/facebook/deit-base-patch16-224-train/test_facebook_deit-base-patch16-224-train_aten_addmm_default.py:8: in <module>
    import ttnn
E   ModuleNotFoundError: No module named 'ttnn'
_ ERROR collecting tests/autogen_op/facebook/deit-base-patch16-224-train/test_facebook_deit-base-patch16-224-train_aten_bmm_default.py _
ImportError while importing test module '/Users/Ajay17/pytorch2.0_ttnn/tests/autogen_op/facebook/deit-base-patch16-224-train/test_facebook_deit-base-patch16-224-train_aten_bmm_default.py'.
Hint: make sure your test modules/packages have valid Python names.
Traceback:
../.pyenv/versions/3.11.10/lib/python3.11/importlib/__init__.py:126: in import_module
    return _bootstrap._gcd_import(name[level:], package, level)
           ^^^^^^^^^^^^^^^^^^^^^^^^^^^^^^^^^^^^^^^^^^^^^^^^^^^^
tests/autogen_op/facebook/deit-base-patch16-224-train/test_facebook_deit-base-patch16-224-train_aten_bmm_default.py:8: in <module>
    import ttnn
E   ModuleNotFoundError: No module named 'ttnn'
_ ERROR collecting tests/autogen_op/facebook/deit-base-patch16-224-train/test_facebook_deit-base-patch16-224-train_aten_cat_default.py _
ImportError while importing test module '/Users/Ajay17/pytorch2.0_ttnn/tests/autogen_op/facebook/deit-base-patch16-224-train/test_facebook_deit-base-patch16-224-train_aten_cat_default.py'.
Hint: make sure your test modules/packages have valid Python names.
Traceback:
../.pyenv/versions/3.11.10/lib/python3.11/importlib/__init__.py:126: in import_module
    return _bootstrap._gcd_import(name[level:], package, level)
           ^^^^^^^^^^^^^^^^^^^^^^^^^^^^^^^^^^^^^^^^^^^^^^^^^^^^
tests/autogen_op/facebook/deit-base-patch16-224-train/test_facebook_deit-base-patch16-224-train_aten_cat_default.py:8: in <module>
    import ttnn
E   ModuleNotFoundError: No module named 'ttnn'
_ ERROR collecting tests/autogen_op/facebook/deit-base-patch16-224-train/test_facebook_deit-base-patch16-224-train_aten_clone_default.py _
ImportError while importing test module '/Users/Ajay17/pytorch2.0_ttnn/tests/autogen_op/facebook/deit-base-patch16-224-train/test_facebook_deit-base-patch16-224-train_aten_clone_default.py'.
Hint: make sure your test modules/packages have valid Python names.
Traceback:
../.pyenv/versions/3.11.10/lib/python3.11/importlib/__init__.py:126: in import_module
    return _bootstrap._gcd_import(name[level:], package, level)
           ^^^^^^^^^^^^^^^^^^^^^^^^^^^^^^^^^^^^^^^^^^^^^^^^^^^^
tests/autogen_op/facebook/deit-base-patch16-224-train/test_facebook_deit-base-patch16-224-train_aten_clone_default.py:8: in <module>
    import ttnn
E   ModuleNotFoundError: No module named 'ttnn'
_ ERROR collecting tests/autogen_op/facebook/deit-base-patch16-224-train/test_facebook_deit-base-patch16-224-train_aten_convolution_backward_default.py _
ImportError while importing test module '/Users/Ajay17/pytorch2.0_ttnn/tests/autogen_op/facebook/deit-base-patch16-224-train/test_facebook_deit-base-patch16-224-train_aten_convolution_backward_default.py'.
Hint: make sure your test modules/packages have valid Python names.
Traceback:
../.pyenv/versions/3.11.10/lib/python3.11/importlib/__init__.py:126: in import_module
    return _bootstrap._gcd_import(name[level:], package, level)
           ^^^^^^^^^^^^^^^^^^^^^^^^^^^^^^^^^^^^^^^^^^^^^^^^^^^^
tests/autogen_op/facebook/deit-base-patch16-224-train/test_facebook_deit-base-patch16-224-train_aten_convolution_backward_default.py:8: in <module>
    import ttnn
E   ModuleNotFoundError: No module named 'ttnn'
_ ERROR collecting tests/autogen_op/facebook/deit-base-patch16-224-train/test_facebook_deit-base-patch16-224-train_aten_convolution_default.py _
ImportError while importing test module '/Users/Ajay17/pytorch2.0_ttnn/tests/autogen_op/facebook/deit-base-patch16-224-train/test_facebook_deit-base-patch16-224-train_aten_convolution_default.py'.
Hint: make sure your test modules/packages have valid Python names.
Traceback:
../.pyenv/versions/3.11.10/lib/python3.11/importlib/__init__.py:126: in import_module
    return _bootstrap._gcd_import(name[level:], package, level)
           ^^^^^^^^^^^^^^^^^^^^^^^^^^^^^^^^^^^^^^^^^^^^^^^^^^^^
tests/autogen_op/facebook/deit-base-patch16-224-train/test_facebook_deit-base-patch16-224-train_aten_convolution_default.py:8: in <module>
    import ttnn
E   ModuleNotFoundError: No module named 'ttnn'
_ ERROR collecting tests/autogen_op/facebook/deit-base-patch16-224-train/test_facebook_deit-base-patch16-224-train_aten_detach_default.py _
ImportError while importing test module '/Users/Ajay17/pytorch2.0_ttnn/tests/autogen_op/facebook/deit-base-patch16-224-train/test_facebook_deit-base-patch16-224-train_aten_detach_default.py'.
Hint: make sure your test modules/packages have valid Python names.
Traceback:
../.pyenv/versions/3.11.10/lib/python3.11/importlib/__init__.py:126: in import_module
    return _bootstrap._gcd_import(name[level:], package, level)
           ^^^^^^^^^^^^^^^^^^^^^^^^^^^^^^^^^^^^^^^^^^^^^^^^^^^^
tests/autogen_op/facebook/deit-base-patch16-224-train/test_facebook_deit-base-patch16-224-train_aten_detach_default.py:8: in <module>
    import ttnn
E   ModuleNotFoundError: No module named 'ttnn'
_ ERROR collecting tests/autogen_op/facebook/deit-base-patch16-224-train/test_facebook_deit-base-patch16-224-train_aten_div_Tensor.py _
ImportError while importing test module '/Users/Ajay17/pytorch2.0_ttnn/tests/autogen_op/facebook/deit-base-patch16-224-train/test_facebook_deit-base-patch16-224-train_aten_div_Tensor.py'.
Hint: make sure your test modules/packages have valid Python names.
Traceback:
../.pyenv/versions/3.11.10/lib/python3.11/importlib/__init__.py:126: in import_module
    return _bootstrap._gcd_import(name[level:], package, level)
           ^^^^^^^^^^^^^^^^^^^^^^^^^^^^^^^^^^^^^^^^^^^^^^^^^^^^
tests/autogen_op/facebook/deit-base-patch16-224-train/test_facebook_deit-base-patch16-224-train_aten_div_Tensor.py:8: in <module>
    import ttnn
E   ModuleNotFoundError: No module named 'ttnn'
_ ERROR collecting tests/autogen_op/facebook/deit-base-patch16-224-train/test_facebook_deit-base-patch16-224-train_aten_expand_default.py _
ImportError while importing test module '/Users/Ajay17/pytorch2.0_ttnn/tests/autogen_op/facebook/deit-base-patch16-224-train/test_facebook_deit-base-patch16-224-train_aten_expand_default.py'.
Hint: make sure your test modules/packages have valid Python names.
Traceback:
../.pyenv/versions/3.11.10/lib/python3.11/importlib/__init__.py:126: in import_module
    return _bootstrap._gcd_import(name[level:], package, level)
           ^^^^^^^^^^^^^^^^^^^^^^^^^^^^^^^^^^^^^^^^^^^^^^^^^^^^
tests/autogen_op/facebook/deit-base-patch16-224-train/test_facebook_deit-base-patch16-224-train_aten_expand_default.py:8: in <module>
    import ttnn
E   ModuleNotFoundError: No module named 'ttnn'
_ ERROR collecting tests/autogen_op/facebook/deit-base-patch16-224-train/test_facebook_deit-base-patch16-224-train_aten_gelu_backward_default.py _
ImportError while importing test module '/Users/Ajay17/pytorch2.0_ttnn/tests/autogen_op/facebook/deit-base-patch16-224-train/test_facebook_deit-base-patch16-224-train_aten_gelu_backward_default.py'.
Hint: make sure your test modules/packages have valid Python names.
Traceback:
../.pyenv/versions/3.11.10/lib/python3.11/importlib/__init__.py:126: in import_module
    return _bootstrap._gcd_import(name[level:], package, level)
           ^^^^^^^^^^^^^^^^^^^^^^^^^^^^^^^^^^^^^^^^^^^^^^^^^^^^
tests/autogen_op/facebook/deit-base-patch16-224-train/test_facebook_deit-base-patch16-224-train_aten_gelu_backward_default.py:8: in <module>
    import ttnn
E   ModuleNotFoundError: No module named 'ttnn'
_ ERROR collecting tests/autogen_op/facebook/deit-base-patch16-224-train/test_facebook_deit-base-patch16-224-train_aten_gelu_default.py _
ImportError while importing test module '/Users/Ajay17/pytorch2.0_ttnn/tests/autogen_op/facebook/deit-base-patch16-224-train/test_facebook_deit-base-patch16-224-train_aten_gelu_default.py'.
Hint: make sure your test modules/packages have valid Python names.
Traceback:
../.pyenv/versions/3.11.10/lib/python3.11/importlib/__init__.py:126: in import_module
    return _bootstrap._gcd_import(name[level:], package, level)
           ^^^^^^^^^^^^^^^^^^^^^^^^^^^^^^^^^^^^^^^^^^^^^^^^^^^^
tests/autogen_op/facebook/deit-base-patch16-224-train/test_facebook_deit-base-patch16-224-train_aten_gelu_default.py:8: in <module>
    import ttnn
E   ModuleNotFoundError: No module named 'ttnn'
_ ERROR collecting tests/autogen_op/facebook/deit-base-patch16-224-train/test_facebook_deit-base-patch16-224-train_aten_mm_default.py _
ImportError while importing test module '/Users/Ajay17/pytorch2.0_ttnn/tests/autogen_op/facebook/deit-base-patch16-224-train/test_facebook_deit-base-patch16-224-train_aten_mm_default.py'.
Hint: make sure your test modules/packages have valid Python names.
Traceback:
../.pyenv/versions/3.11.10/lib/python3.11/importlib/__init__.py:126: in import_module
    return _bootstrap._gcd_import(name[level:], package, level)
           ^^^^^^^^^^^^^^^^^^^^^^^^^^^^^^^^^^^^^^^^^^^^^^^^^^^^
tests/autogen_op/facebook/deit-base-patch16-224-train/test_facebook_deit-base-patch16-224-train_aten_mm_default.py:8: in <module>
    import ttnn
E   ModuleNotFoundError: No module named 'ttnn'
_ ERROR collecting tests/autogen_op/facebook/deit-base-patch16-224-train/test_facebook_deit-base-patch16-224-train_aten_native_layer_norm_backward_default.py _
ImportError while importing test module '/Users/Ajay17/pytorch2.0_ttnn/tests/autogen_op/facebook/deit-base-patch16-224-train/test_facebook_deit-base-patch16-224-train_aten_native_layer_norm_backward_default.py'.
Hint: make sure your test modules/packages have valid Python names.
Traceback:
../.pyenv/versions/3.11.10/lib/python3.11/importlib/__init__.py:126: in import_module
    return _bootstrap._gcd_import(name[level:], package, level)
           ^^^^^^^^^^^^^^^^^^^^^^^^^^^^^^^^^^^^^^^^^^^^^^^^^^^^
tests/autogen_op/facebook/deit-base-patch16-224-train/test_facebook_deit-base-patch16-224-train_aten_native_layer_norm_backward_default.py:8: in <module>
    import ttnn
E   ModuleNotFoundError: No module named 'ttnn'
_ ERROR collecting tests/autogen_op/facebook/deit-base-patch16-224-train/test_facebook_deit-base-patch16-224-train_aten_native_layer_norm_default.py _
ImportError while importing test module '/Users/Ajay17/pytorch2.0_ttnn/tests/autogen_op/facebook/deit-base-patch16-224-train/test_facebook_deit-base-patch16-224-train_aten_native_layer_norm_default.py'.
Hint: make sure your test modules/packages have valid Python names.
Traceback:
../.pyenv/versions/3.11.10/lib/python3.11/importlib/__init__.py:126: in import_module
    return _bootstrap._gcd_import(name[level:], package, level)
           ^^^^^^^^^^^^^^^^^^^^^^^^^^^^^^^^^^^^^^^^^^^^^^^^^^^^
tests/autogen_op/facebook/deit-base-patch16-224-train/test_facebook_deit-base-patch16-224-train_aten_native_layer_norm_default.py:8: in <module>
    import ttnn
E   ModuleNotFoundError: No module named 'ttnn'
_ ERROR collecting tests/autogen_op/facebook/deit-base-patch16-224-train/test_facebook_deit-base-patch16-224-train_aten_permute_default.py _
ImportError while importing test module '/Users/Ajay17/pytorch2.0_ttnn/tests/autogen_op/facebook/deit-base-patch16-224-train/test_facebook_deit-base-patch16-224-train_aten_permute_default.py'.
Hint: make sure your test modules/packages have valid Python names.
Traceback:
../.pyenv/versions/3.11.10/lib/python3.11/importlib/__init__.py:126: in import_module
    return _bootstrap._gcd_import(name[level:], package, level)
           ^^^^^^^^^^^^^^^^^^^^^^^^^^^^^^^^^^^^^^^^^^^^^^^^^^^^
tests/autogen_op/facebook/deit-base-patch16-224-train/test_facebook_deit-base-patch16-224-train_aten_permute_default.py:8: in <module>
    import ttnn
E   ModuleNotFoundError: No module named 'ttnn'
_ ERROR collecting tests/autogen_op/facebook/deit-base-patch16-224-train/test_facebook_deit-base-patch16-224-train_aten_select_backward_default.py _
ImportError while importing test module '/Users/Ajay17/pytorch2.0_ttnn/tests/autogen_op/facebook/deit-base-patch16-224-train/test_facebook_deit-base-patch16-224-train_aten_select_backward_default.py'.
Hint: make sure your test modules/packages have valid Python names.
Traceback:
../.pyenv/versions/3.11.10/lib/python3.11/importlib/__init__.py:126: in import_module
    return _bootstrap._gcd_import(name[level:], package, level)
           ^^^^^^^^^^^^^^^^^^^^^^^^^^^^^^^^^^^^^^^^^^^^^^^^^^^^
tests/autogen_op/facebook/deit-base-patch16-224-train/test_facebook_deit-base-patch16-224-train_aten_select_backward_default.py:8: in <module>
    import ttnn
E   ModuleNotFoundError: No module named 'ttnn'
_ ERROR collecting tests/autogen_op/facebook/deit-base-patch16-224-train/test_facebook_deit-base-patch16-224-train_aten_select_int.py _
ImportError while importing test module '/Users/Ajay17/pytorch2.0_ttnn/tests/autogen_op/facebook/deit-base-patch16-224-train/test_facebook_deit-base-patch16-224-train_aten_select_int.py'.
Hint: make sure your test modules/packages have valid Python names.
Traceback:
../.pyenv/versions/3.11.10/lib/python3.11/importlib/__init__.py:126: in import_module
    return _bootstrap._gcd_import(name[level:], package, level)
           ^^^^^^^^^^^^^^^^^^^^^^^^^^^^^^^^^^^^^^^^^^^^^^^^^^^^
tests/autogen_op/facebook/deit-base-patch16-224-train/test_facebook_deit-base-patch16-224-train_aten_select_int.py:8: in <module>
    import ttnn
E   ModuleNotFoundError: No module named 'ttnn'
_ ERROR collecting tests/autogen_op/facebook/deit-base-patch16-224-train/test_facebook_deit-base-patch16-224-train_aten_slice_Tensor.py _
ImportError while importing test module '/Users/Ajay17/pytorch2.0_ttnn/tests/autogen_op/facebook/deit-base-patch16-224-train/test_facebook_deit-base-patch16-224-train_aten_slice_Tensor.py'.
Hint: make sure your test modules/packages have valid Python names.
Traceback:
../.pyenv/versions/3.11.10/lib/python3.11/importlib/__init__.py:126: in import_module
    return _bootstrap._gcd_import(name[level:], package, level)
           ^^^^^^^^^^^^^^^^^^^^^^^^^^^^^^^^^^^^^^^^^^^^^^^^^^^^
tests/autogen_op/facebook/deit-base-patch16-224-train/test_facebook_deit-base-patch16-224-train_aten_slice_Tensor.py:8: in <module>
    import ttnn
E   ModuleNotFoundError: No module named 'ttnn'
_ ERROR collecting tests/autogen_op/facebook/deit-base-patch16-224-train/test_facebook_deit-base-patch16-224-train_aten_slice_backward_default.py _
ImportError while importing test module '/Users/Ajay17/pytorch2.0_ttnn/tests/autogen_op/facebook/deit-base-patch16-224-train/test_facebook_deit-base-patch16-224-train_aten_slice_backward_default.py'.
Hint: make sure your test modules/packages have valid Python names.
Traceback:
../.pyenv/versions/3.11.10/lib/python3.11/importlib/__init__.py:126: in import_module
    return _bootstrap._gcd_import(name[level:], package, level)
           ^^^^^^^^^^^^^^^^^^^^^^^^^^^^^^^^^^^^^^^^^^^^^^^^^^^^
tests/autogen_op/facebook/deit-base-patch16-224-train/test_facebook_deit-base-patch16-224-train_aten_slice_backward_default.py:8: in <module>
    import ttnn
E   ModuleNotFoundError: No module named 'ttnn'
_ ERROR collecting tests/autogen_op/facebook/deit-base-patch16-224-train/test_facebook_deit-base-patch16-224-train_aten_sum_dim_IntList.py _
ImportError while importing test module '/Users/Ajay17/pytorch2.0_ttnn/tests/autogen_op/facebook/deit-base-patch16-224-train/test_facebook_deit-base-patch16-224-train_aten_sum_dim_IntList.py'.
Hint: make sure your test modules/packages have valid Python names.
Traceback:
../.pyenv/versions/3.11.10/lib/python3.11/importlib/__init__.py:126: in import_module
    return _bootstrap._gcd_import(name[level:], package, level)
           ^^^^^^^^^^^^^^^^^^^^^^^^^^^^^^^^^^^^^^^^^^^^^^^^^^^^
tests/autogen_op/facebook/deit-base-patch16-224-train/test_facebook_deit-base-patch16-224-train_aten_sum_dim_IntList.py:8: in <module>
    import ttnn
E   ModuleNotFoundError: No module named 'ttnn'
_ ERROR collecting tests/autogen_op/facebook/deit-base-patch16-224-train/test_facebook_deit-base-patch16-224-train_aten_t_default.py _
ImportError while importing test module '/Users/Ajay17/pytorch2.0_ttnn/tests/autogen_op/facebook/deit-base-patch16-224-train/test_facebook_deit-base-patch16-224-train_aten_t_default.py'.
Hint: make sure your test modules/packages have valid Python names.
Traceback:
../.pyenv/versions/3.11.10/lib/python3.11/importlib/__init__.py:126: in import_module
    return _bootstrap._gcd_import(name[level:], package, level)
           ^^^^^^^^^^^^^^^^^^^^^^^^^^^^^^^^^^^^^^^^^^^^^^^^^^^^
tests/autogen_op/facebook/deit-base-patch16-224-train/test_facebook_deit-base-patch16-224-train_aten_t_default.py:8: in <module>
    import ttnn
E   ModuleNotFoundError: No module named 'ttnn'
_ ERROR collecting tests/autogen_op/facebook/deit-base-patch16-224-train/test_facebook_deit-base-patch16-224-train_aten_transpose_int.py _
ImportError while importing test module '/Users/Ajay17/pytorch2.0_ttnn/tests/autogen_op/facebook/deit-base-patch16-224-train/test_facebook_deit-base-patch16-224-train_aten_transpose_int.py'.
Hint: make sure your test modules/packages have valid Python names.
Traceback:
../.pyenv/versions/3.11.10/lib/python3.11/importlib/__init__.py:126: in import_module
    return _bootstrap._gcd_import(name[level:], package, level)
           ^^^^^^^^^^^^^^^^^^^^^^^^^^^^^^^^^^^^^^^^^^^^^^^^^^^^
tests/autogen_op/facebook/deit-base-patch16-224-train/test_facebook_deit-base-patch16-224-train_aten_transpose_int.py:8: in <module>
    import ttnn
E   ModuleNotFoundError: No module named 'ttnn'
_ ERROR collecting tests/autogen_op/facebook/deit-base-patch16-224-train/test_facebook_deit-base-patch16-224-train_aten_view_default.py _
ImportError while importing test module '/Users/Ajay17/pytorch2.0_ttnn/tests/autogen_op/facebook/deit-base-patch16-224-train/test_facebook_deit-base-patch16-224-train_aten_view_default.py'.
Hint: make sure your test modules/packages have valid Python names.
Traceback:
../.pyenv/versions/3.11.10/lib/python3.11/importlib/__init__.py:126: in import_module
    return _bootstrap._gcd_import(name[level:], package, level)
           ^^^^^^^^^^^^^^^^^^^^^^^^^^^^^^^^^^^^^^^^^^^^^^^^^^^^
tests/autogen_op/facebook/deit-base-patch16-224-train/test_facebook_deit-base-patch16-224-train_aten_view_default.py:8: in <module>
    import ttnn
E   ModuleNotFoundError: No module named 'ttnn'
_ ERROR collecting tests/autogen_op/ghostnet_100_in1k/test_ghostnet_100_in1k_aten__native_batch_norm_legit_no_training_default.py _
ImportError while importing test module '/Users/Ajay17/pytorch2.0_ttnn/tests/autogen_op/ghostnet_100_in1k/test_ghostnet_100_in1k_aten__native_batch_norm_legit_no_training_default.py'.
Hint: make sure your test modules/packages have valid Python names.
Traceback:
../.pyenv/versions/3.11.10/lib/python3.11/importlib/__init__.py:126: in import_module
    return _bootstrap._gcd_import(name[level:], package, level)
           ^^^^^^^^^^^^^^^^^^^^^^^^^^^^^^^^^^^^^^^^^^^^^^^^^^^^
tests/autogen_op/ghostnet_100_in1k/test_ghostnet_100_in1k_aten__native_batch_norm_legit_no_training_default.py:8: in <module>
    import ttnn
E   ModuleNotFoundError: No module named 'ttnn'
_ ERROR collecting tests/autogen_op/ghostnet_100_in1k/test_ghostnet_100_in1k_aten_add_Tensor.py _
ImportError while importing test module '/Users/Ajay17/pytorch2.0_ttnn/tests/autogen_op/ghostnet_100_in1k/test_ghostnet_100_in1k_aten_add_Tensor.py'.
Hint: make sure your test modules/packages have valid Python names.
Traceback:
../.pyenv/versions/3.11.10/lib/python3.11/importlib/__init__.py:126: in import_module
    return _bootstrap._gcd_import(name[level:], package, level)
           ^^^^^^^^^^^^^^^^^^^^^^^^^^^^^^^^^^^^^^^^^^^^^^^^^^^^
tests/autogen_op/ghostnet_100_in1k/test_ghostnet_100_in1k_aten_add_Tensor.py:8: in <module>
    import ttnn
E   ModuleNotFoundError: No module named 'ttnn'
_ ERROR collecting tests/autogen_op/ghostnet_100_in1k/test_ghostnet_100_in1k_aten_addmm_default.py _
ImportError while importing test module '/Users/Ajay17/pytorch2.0_ttnn/tests/autogen_op/ghostnet_100_in1k/test_ghostnet_100_in1k_aten_addmm_default.py'.
Hint: make sure your test modules/packages have valid Python names.
Traceback:
../.pyenv/versions/3.11.10/lib/python3.11/importlib/__init__.py:126: in import_module
    return _bootstrap._gcd_import(name[level:], package, level)
           ^^^^^^^^^^^^^^^^^^^^^^^^^^^^^^^^^^^^^^^^^^^^^^^^^^^^
tests/autogen_op/ghostnet_100_in1k/test_ghostnet_100_in1k_aten_addmm_default.py:8: in <module>
    import ttnn
E   ModuleNotFoundError: No module named 'ttnn'
_ ERROR collecting tests/autogen_op/ghostnet_100_in1k/test_ghostnet_100_in1k_aten_cat_default.py _
ImportError while importing test module '/Users/Ajay17/pytorch2.0_ttnn/tests/autogen_op/ghostnet_100_in1k/test_ghostnet_100_in1k_aten_cat_default.py'.
Hint: make sure your test modules/packages have valid Python names.
Traceback:
../.pyenv/versions/3.11.10/lib/python3.11/importlib/__init__.py:126: in import_module
    return _bootstrap._gcd_import(name[level:], package, level)
           ^^^^^^^^^^^^^^^^^^^^^^^^^^^^^^^^^^^^^^^^^^^^^^^^^^^^
tests/autogen_op/ghostnet_100_in1k/test_ghostnet_100_in1k_aten_cat_default.py:8: in <module>
    import ttnn
E   ModuleNotFoundError: No module named 'ttnn'
_ ERROR collecting tests/autogen_op/ghostnet_100_in1k/test_ghostnet_100_in1k_aten_clone_default.py _
ImportError while importing test module '/Users/Ajay17/pytorch2.0_ttnn/tests/autogen_op/ghostnet_100_in1k/test_ghostnet_100_in1k_aten_clone_default.py'.
Hint: make sure your test modules/packages have valid Python names.
Traceback:
../.pyenv/versions/3.11.10/lib/python3.11/importlib/__init__.py:126: in import_module
    return _bootstrap._gcd_import(name[level:], package, level)
           ^^^^^^^^^^^^^^^^^^^^^^^^^^^^^^^^^^^^^^^^^^^^^^^^^^^^
tests/autogen_op/ghostnet_100_in1k/test_ghostnet_100_in1k_aten_clone_default.py:8: in <module>
    import ttnn
E   ModuleNotFoundError: No module named 'ttnn'
_ ERROR collecting tests/autogen_op/ghostnet_100_in1k/test_ghostnet_100_in1k_aten_convolution_default.py _
ImportError while importing test module '/Users/Ajay17/pytorch2.0_ttnn/tests/autogen_op/ghostnet_100_in1k/test_ghostnet_100_in1k_aten_convolution_default.py'.
Hint: make sure your test modules/packages have valid Python names.
Traceback:
../.pyenv/versions/3.11.10/lib/python3.11/importlib/__init__.py:126: in import_module
    return _bootstrap._gcd_import(name[level:], package, level)
           ^^^^^^^^^^^^^^^^^^^^^^^^^^^^^^^^^^^^^^^^^^^^^^^^^^^^
tests/autogen_op/ghostnet_100_in1k/test_ghostnet_100_in1k_aten_convolution_default.py:8: in <module>
    import ttnn
E   ModuleNotFoundError: No module named 'ttnn'
_ ERROR collecting tests/autogen_op/ghostnet_100_in1k/test_ghostnet_100_in1k_aten_hardsigmoid_default.py _
ImportError while importing test module '/Users/Ajay17/pytorch2.0_ttnn/tests/autogen_op/ghostnet_100_in1k/test_ghostnet_100_in1k_aten_hardsigmoid_default.py'.
Hint: make sure your test modules/packages have valid Python names.
Traceback:
../.pyenv/versions/3.11.10/lib/python3.11/importlib/__init__.py:126: in import_module
    return _bootstrap._gcd_import(name[level:], package, level)
           ^^^^^^^^^^^^^^^^^^^^^^^^^^^^^^^^^^^^^^^^^^^^^^^^^^^^
tests/autogen_op/ghostnet_100_in1k/test_ghostnet_100_in1k_aten_hardsigmoid_default.py:8: in <module>
    import ttnn
E   ModuleNotFoundError: No module named 'ttnn'
_ ERROR collecting tests/autogen_op/ghostnet_100_in1k/test_ghostnet_100_in1k_aten_mean_dim.py _
ImportError while importing test module '/Users/Ajay17/pytorch2.0_ttnn/tests/autogen_op/ghostnet_100_in1k/test_ghostnet_100_in1k_aten_mean_dim.py'.
Hint: make sure your test modules/packages have valid Python names.
Traceback:
../.pyenv/versions/3.11.10/lib/python3.11/importlib/__init__.py:126: in import_module
    return _bootstrap._gcd_import(name[level:], package, level)
           ^^^^^^^^^^^^^^^^^^^^^^^^^^^^^^^^^^^^^^^^^^^^^^^^^^^^
tests/autogen_op/ghostnet_100_in1k/test_ghostnet_100_in1k_aten_mean_dim.py:8: in <module>
    import ttnn
E   ModuleNotFoundError: No module named 'ttnn'
_ ERROR collecting tests/autogen_op/ghostnet_100_in1k/test_ghostnet_100_in1k_aten_mul_Tensor.py _
ImportError while importing test module '/Users/Ajay17/pytorch2.0_ttnn/tests/autogen_op/ghostnet_100_in1k/test_ghostnet_100_in1k_aten_mul_Tensor.py'.
Hint: make sure your test modules/packages have valid Python names.
Traceback:
../.pyenv/versions/3.11.10/lib/python3.11/importlib/__init__.py:126: in import_module
    return _bootstrap._gcd_import(name[level:], package, level)
           ^^^^^^^^^^^^^^^^^^^^^^^^^^^^^^^^^^^^^^^^^^^^^^^^^^^^
tests/autogen_op/ghostnet_100_in1k/test_ghostnet_100_in1k_aten_mul_Tensor.py:8: in <module>
    import ttnn
E   ModuleNotFoundError: No module named 'ttnn'
_ ERROR collecting tests/autogen_op/ghostnet_100_in1k/test_ghostnet_100_in1k_aten_relu_default.py _
ImportError while importing test module '/Users/Ajay17/pytorch2.0_ttnn/tests/autogen_op/ghostnet_100_in1k/test_ghostnet_100_in1k_aten_relu_default.py'.
Hint: make sure your test modules/packages have valid Python names.
Traceback:
../.pyenv/versions/3.11.10/lib/python3.11/importlib/__init__.py:126: in import_module
    return _bootstrap._gcd_import(name[level:], package, level)
           ^^^^^^^^^^^^^^^^^^^^^^^^^^^^^^^^^^^^^^^^^^^^^^^^^^^^
tests/autogen_op/ghostnet_100_in1k/test_ghostnet_100_in1k_aten_relu_default.py:8: in <module>
    import ttnn
E   ModuleNotFoundError: No module named 'ttnn'
_ ERROR collecting tests/autogen_op/ghostnet_100_in1k/test_ghostnet_100_in1k_aten_slice_Tensor.py _
ImportError while importing test module '/Users/Ajay17/pytorch2.0_ttnn/tests/autogen_op/ghostnet_100_in1k/test_ghostnet_100_in1k_aten_slice_Tensor.py'.
Hint: make sure your test modules/packages have valid Python names.
Traceback:
../.pyenv/versions/3.11.10/lib/python3.11/importlib/__init__.py:126: in import_module
    return _bootstrap._gcd_import(name[level:], package, level)
           ^^^^^^^^^^^^^^^^^^^^^^^^^^^^^^^^^^^^^^^^^^^^^^^^^^^^
tests/autogen_op/ghostnet_100_in1k/test_ghostnet_100_in1k_aten_slice_Tensor.py:8: in <module>
    import ttnn
E   ModuleNotFoundError: No module named 'ttnn'
_ ERROR collecting tests/autogen_op/ghostnet_100_in1k/test_ghostnet_100_in1k_aten_slice_scatter_default.py _
ImportError while importing test module '/Users/Ajay17/pytorch2.0_ttnn/tests/autogen_op/ghostnet_100_in1k/test_ghostnet_100_in1k_aten_slice_scatter_default.py'.
Hint: make sure your test modules/packages have valid Python names.
Traceback:
../.pyenv/versions/3.11.10/lib/python3.11/importlib/__init__.py:126: in import_module
    return _bootstrap._gcd_import(name[level:], package, level)
           ^^^^^^^^^^^^^^^^^^^^^^^^^^^^^^^^^^^^^^^^^^^^^^^^^^^^
tests/autogen_op/ghostnet_100_in1k/test_ghostnet_100_in1k_aten_slice_scatter_default.py:8: in <module>
    import ttnn
E   ModuleNotFoundError: No module named 'ttnn'
_ ERROR collecting tests/autogen_op/ghostnet_100_in1k/test_ghostnet_100_in1k_aten_t_default.py _
ImportError while importing test module '/Users/Ajay17/pytorch2.0_ttnn/tests/autogen_op/ghostnet_100_in1k/test_ghostnet_100_in1k_aten_t_default.py'.
Hint: make sure your test modules/packages have valid Python names.
Traceback:
../.pyenv/versions/3.11.10/lib/python3.11/importlib/__init__.py:126: in import_module
    return _bootstrap._gcd_import(name[level:], package, level)
           ^^^^^^^^^^^^^^^^^^^^^^^^^^^^^^^^^^^^^^^^^^^^^^^^^^^^
tests/autogen_op/ghostnet_100_in1k/test_ghostnet_100_in1k_aten_t_default.py:8: in <module>
    import ttnn
E   ModuleNotFoundError: No module named 'ttnn'
_ ERROR collecting tests/autogen_op/ghostnet_100_in1k/test_ghostnet_100_in1k_aten_view_default.py _
ImportError while importing test module '/Users/Ajay17/pytorch2.0_ttnn/tests/autogen_op/ghostnet_100_in1k/test_ghostnet_100_in1k_aten_view_default.py'.
Hint: make sure your test modules/packages have valid Python names.
Traceback:
../.pyenv/versions/3.11.10/lib/python3.11/importlib/__init__.py:126: in import_module
    return _bootstrap._gcd_import(name[level:], package, level)
           ^^^^^^^^^^^^^^^^^^^^^^^^^^^^^^^^^^^^^^^^^^^^^^^^^^^^
tests/autogen_op/ghostnet_100_in1k/test_ghostnet_100_in1k_aten_view_default.py:8: in <module>
    import ttnn
E   ModuleNotFoundError: No module named 'ttnn'
_ ERROR collecting tests/autogen_op/ghostnet_100_in1k-train/test_ghostnet_100_in1k-train_aten__native_batch_norm_legit_functional_default.py _
ImportError while importing test module '/Users/Ajay17/pytorch2.0_ttnn/tests/autogen_op/ghostnet_100_in1k-train/test_ghostnet_100_in1k-train_aten__native_batch_norm_legit_functional_default.py'.
Hint: make sure your test modules/packages have valid Python names.
Traceback:
../.pyenv/versions/3.11.10/lib/python3.11/importlib/__init__.py:126: in import_module
    return _bootstrap._gcd_import(name[level:], package, level)
           ^^^^^^^^^^^^^^^^^^^^^^^^^^^^^^^^^^^^^^^^^^^^^^^^^^^^
tests/autogen_op/ghostnet_100_in1k-train/test_ghostnet_100_in1k-train_aten__native_batch_norm_legit_functional_default.py:8: in <module>
    import ttnn
E   ModuleNotFoundError: No module named 'ttnn'
_ ERROR collecting tests/autogen_op/ghostnet_100_in1k-train/test_ghostnet_100_in1k-train_aten__to_copy_default.py _
ImportError while importing test module '/Users/Ajay17/pytorch2.0_ttnn/tests/autogen_op/ghostnet_100_in1k-train/test_ghostnet_100_in1k-train_aten__to_copy_default.py'.
Hint: make sure your test modules/packages have valid Python names.
Traceback:
../.pyenv/versions/3.11.10/lib/python3.11/importlib/__init__.py:126: in import_module
    return _bootstrap._gcd_import(name[level:], package, level)
           ^^^^^^^^^^^^^^^^^^^^^^^^^^^^^^^^^^^^^^^^^^^^^^^^^^^^
tests/autogen_op/ghostnet_100_in1k-train/test_ghostnet_100_in1k-train_aten__to_copy_default.py:8: in <module>
    import ttnn
E   ModuleNotFoundError: No module named 'ttnn'
_ ERROR collecting tests/autogen_op/ghostnet_100_in1k-train/test_ghostnet_100_in1k-train_aten_add_Tensor.py _
ImportError while importing test module '/Users/Ajay17/pytorch2.0_ttnn/tests/autogen_op/ghostnet_100_in1k-train/test_ghostnet_100_in1k-train_aten_add_Tensor.py'.
Hint: make sure your test modules/packages have valid Python names.
Traceback:
../.pyenv/versions/3.11.10/lib/python3.11/importlib/__init__.py:126: in import_module
    return _bootstrap._gcd_import(name[level:], package, level)
           ^^^^^^^^^^^^^^^^^^^^^^^^^^^^^^^^^^^^^^^^^^^^^^^^^^^^
tests/autogen_op/ghostnet_100_in1k-train/test_ghostnet_100_in1k-train_aten_add_Tensor.py:8: in <module>
    import ttnn
E   ModuleNotFoundError: No module named 'ttnn'
_ ERROR collecting tests/autogen_op/ghostnet_100_in1k-train/test_ghostnet_100_in1k-train_aten_addmm_default.py _
ImportError while importing test module '/Users/Ajay17/pytorch2.0_ttnn/tests/autogen_op/ghostnet_100_in1k-train/test_ghostnet_100_in1k-train_aten_addmm_default.py'.
Hint: make sure your test modules/packages have valid Python names.
Traceback:
../.pyenv/versions/3.11.10/lib/python3.11/importlib/__init__.py:126: in import_module
    return _bootstrap._gcd_import(name[level:], package, level)
           ^^^^^^^^^^^^^^^^^^^^^^^^^^^^^^^^^^^^^^^^^^^^^^^^^^^^
tests/autogen_op/ghostnet_100_in1k-train/test_ghostnet_100_in1k-train_aten_addmm_default.py:8: in <module>
    import ttnn
E   ModuleNotFoundError: No module named 'ttnn'
_ ERROR collecting tests/autogen_op/ghostnet_100_in1k-train/test_ghostnet_100_in1k-train_aten_as_strided_default.py _
ImportError while importing test module '/Users/Ajay17/pytorch2.0_ttnn/tests/autogen_op/ghostnet_100_in1k-train/test_ghostnet_100_in1k-train_aten_as_strided_default.py'.
Hint: make sure your test modules/packages have valid Python names.
Traceback:
../.pyenv/versions/3.11.10/lib/python3.11/importlib/__init__.py:126: in import_module
    return _bootstrap._gcd_import(name[level:], package, level)
           ^^^^^^^^^^^^^^^^^^^^^^^^^^^^^^^^^^^^^^^^^^^^^^^^^^^^
tests/autogen_op/ghostnet_100_in1k-train/test_ghostnet_100_in1k-train_aten_as_strided_default.py:8: in <module>
    import ttnn
E   ModuleNotFoundError: No module named 'ttnn'
_ ERROR collecting tests/autogen_op/ghostnet_100_in1k-train/test_ghostnet_100_in1k-train_aten_as_strided_scatter_default.py _
ImportError while importing test module '/Users/Ajay17/pytorch2.0_ttnn/tests/autogen_op/ghostnet_100_in1k-train/test_ghostnet_100_in1k-train_aten_as_strided_scatter_default.py'.
Hint: make sure your test modules/packages have valid Python names.
Traceback:
../.pyenv/versions/3.11.10/lib/python3.11/importlib/__init__.py:126: in import_module
    return _bootstrap._gcd_import(name[level:], package, level)
           ^^^^^^^^^^^^^^^^^^^^^^^^^^^^^^^^^^^^^^^^^^^^^^^^^^^^
tests/autogen_op/ghostnet_100_in1k-train/test_ghostnet_100_in1k-train_aten_as_strided_scatter_default.py:8: in <module>
    import ttnn
E   ModuleNotFoundError: No module named 'ttnn'
_ ERROR collecting tests/autogen_op/ghostnet_100_in1k-train/test_ghostnet_100_in1k-train_aten_cat_default.py _
ImportError while importing test module '/Users/Ajay17/pytorch2.0_ttnn/tests/autogen_op/ghostnet_100_in1k-train/test_ghostnet_100_in1k-train_aten_cat_default.py'.
Hint: make sure your test modules/packages have valid Python names.
Traceback:
../.pyenv/versions/3.11.10/lib/python3.11/importlib/__init__.py:126: in import_module
    return _bootstrap._gcd_import(name[level:], package, level)
           ^^^^^^^^^^^^^^^^^^^^^^^^^^^^^^^^^^^^^^^^^^^^^^^^^^^^
tests/autogen_op/ghostnet_100_in1k-train/test_ghostnet_100_in1k-train_aten_cat_default.py:8: in <module>
    import ttnn
E   ModuleNotFoundError: No module named 'ttnn'
_ ERROR collecting tests/autogen_op/ghostnet_100_in1k-train/test_ghostnet_100_in1k-train_aten_clone_default.py _
ImportError while importing test module '/Users/Ajay17/pytorch2.0_ttnn/tests/autogen_op/ghostnet_100_in1k-train/test_ghostnet_100_in1k-train_aten_clone_default.py'.
Hint: make sure your test modules/packages have valid Python names.
Traceback:
../.pyenv/versions/3.11.10/lib/python3.11/importlib/__init__.py:126: in import_module
    return _bootstrap._gcd_import(name[level:], package, level)
           ^^^^^^^^^^^^^^^^^^^^^^^^^^^^^^^^^^^^^^^^^^^^^^^^^^^^
tests/autogen_op/ghostnet_100_in1k-train/test_ghostnet_100_in1k-train_aten_clone_default.py:8: in <module>
    import ttnn
E   ModuleNotFoundError: No module named 'ttnn'
_ ERROR collecting tests/autogen_op/ghostnet_100_in1k-train/test_ghostnet_100_in1k-train_aten_convolution_backward_default.py _
ImportError while importing test module '/Users/Ajay17/pytorch2.0_ttnn/tests/autogen_op/ghostnet_100_in1k-train/test_ghostnet_100_in1k-train_aten_convolution_backward_default.py'.
Hint: make sure your test modules/packages have valid Python names.
Traceback:
../.pyenv/versions/3.11.10/lib/python3.11/importlib/__init__.py:126: in import_module
    return _bootstrap._gcd_import(name[level:], package, level)
           ^^^^^^^^^^^^^^^^^^^^^^^^^^^^^^^^^^^^^^^^^^^^^^^^^^^^
tests/autogen_op/ghostnet_100_in1k-train/test_ghostnet_100_in1k-train_aten_convolution_backward_default.py:8: in <module>
    import ttnn
E   ModuleNotFoundError: No module named 'ttnn'
_ ERROR collecting tests/autogen_op/ghostnet_100_in1k-train/test_ghostnet_100_in1k-train_aten_convolution_default.py _
ImportError while importing test module '/Users/Ajay17/pytorch2.0_ttnn/tests/autogen_op/ghostnet_100_in1k-train/test_ghostnet_100_in1k-train_aten_convolution_default.py'.
Hint: make sure your test modules/packages have valid Python names.
Traceback:
../.pyenv/versions/3.11.10/lib/python3.11/importlib/__init__.py:126: in import_module
    return _bootstrap._gcd_import(name[level:], package, level)
           ^^^^^^^^^^^^^^^^^^^^^^^^^^^^^^^^^^^^^^^^^^^^^^^^^^^^
tests/autogen_op/ghostnet_100_in1k-train/test_ghostnet_100_in1k-train_aten_convolution_default.py:8: in <module>
    import ttnn
E   ModuleNotFoundError: No module named 'ttnn'
_ ERROR collecting tests/autogen_op/ghostnet_100_in1k-train/test_ghostnet_100_in1k-train_aten_copy_default.py _
ImportError while importing test module '/Users/Ajay17/pytorch2.0_ttnn/tests/autogen_op/ghostnet_100_in1k-train/test_ghostnet_100_in1k-train_aten_copy_default.py'.
Hint: make sure your test modules/packages have valid Python names.
Traceback:
../.pyenv/versions/3.11.10/lib/python3.11/importlib/__init__.py:126: in import_module
    return _bootstrap._gcd_import(name[level:], package, level)
           ^^^^^^^^^^^^^^^^^^^^^^^^^^^^^^^^^^^^^^^^^^^^^^^^^^^^
tests/autogen_op/ghostnet_100_in1k-train/test_ghostnet_100_in1k-train_aten_copy_default.py:8: in <module>
    import ttnn
E   ModuleNotFoundError: No module named 'ttnn'
_ ERROR collecting tests/autogen_op/ghostnet_100_in1k-train/test_ghostnet_100_in1k-train_aten_detach_default.py _
ImportError while importing test module '/Users/Ajay17/pytorch2.0_ttnn/tests/autogen_op/ghostnet_100_in1k-train/test_ghostnet_100_in1k-train_aten_detach_default.py'.
Hint: make sure your test modules/packages have valid Python names.
Traceback:
../.pyenv/versions/3.11.10/lib/python3.11/importlib/__init__.py:126: in import_module
    return _bootstrap._gcd_import(name[level:], package, level)
           ^^^^^^^^^^^^^^^^^^^^^^^^^^^^^^^^^^^^^^^^^^^^^^^^^^^^
tests/autogen_op/ghostnet_100_in1k-train/test_ghostnet_100_in1k-train_aten_detach_default.py:8: in <module>
    import ttnn
E   ModuleNotFoundError: No module named 'ttnn'
_ ERROR collecting tests/autogen_op/ghostnet_100_in1k-train/test_ghostnet_100_in1k-train_aten_div_Scalar.py _
ImportError while importing test module '/Users/Ajay17/pytorch2.0_ttnn/tests/autogen_op/ghostnet_100_in1k-train/test_ghostnet_100_in1k-train_aten_div_Scalar.py'.
Hint: make sure your test modules/packages have valid Python names.
Traceback:
../.pyenv/versions/3.11.10/lib/python3.11/importlib/__init__.py:126: in import_module
    return _bootstrap._gcd_import(name[level:], package, level)
           ^^^^^^^^^^^^^^^^^^^^^^^^^^^^^^^^^^^^^^^^^^^^^^^^^^^^
tests/autogen_op/ghostnet_100_in1k-train/test_ghostnet_100_in1k-train_aten_div_Scalar.py:8: in <module>
    import ttnn
E   ModuleNotFoundError: No module named 'ttnn'
_ ERROR collecting tests/autogen_op/ghostnet_100_in1k-train/test_ghostnet_100_in1k-train_aten_expand_default.py _
ImportError while importing test module '/Users/Ajay17/pytorch2.0_ttnn/tests/autogen_op/ghostnet_100_in1k-train/test_ghostnet_100_in1k-train_aten_expand_default.py'.
Hint: make sure your test modules/packages have valid Python names.
Traceback:
../.pyenv/versions/3.11.10/lib/python3.11/importlib/__init__.py:126: in import_module
    return _bootstrap._gcd_import(name[level:], package, level)
           ^^^^^^^^^^^^^^^^^^^^^^^^^^^^^^^^^^^^^^^^^^^^^^^^^^^^
tests/autogen_op/ghostnet_100_in1k-train/test_ghostnet_100_in1k-train_aten_expand_default.py:8: in <module>
    import ttnn
E   ModuleNotFoundError: No module named 'ttnn'
_ ERROR collecting tests/autogen_op/ghostnet_100_in1k-train/test_ghostnet_100_in1k-train_aten_hardsigmoid_backward_default.py _
ImportError while importing test module '/Users/Ajay17/pytorch2.0_ttnn/tests/autogen_op/ghostnet_100_in1k-train/test_ghostnet_100_in1k-train_aten_hardsigmoid_backward_default.py'.
Hint: make sure your test modules/packages have valid Python names.
Traceback:
../.pyenv/versions/3.11.10/lib/python3.11/importlib/__init__.py:126: in import_module
    return _bootstrap._gcd_import(name[level:], package, level)
           ^^^^^^^^^^^^^^^^^^^^^^^^^^^^^^^^^^^^^^^^^^^^^^^^^^^^
tests/autogen_op/ghostnet_100_in1k-train/test_ghostnet_100_in1k-train_aten_hardsigmoid_backward_default.py:8: in <module>
    import ttnn
E   ModuleNotFoundError: No module named 'ttnn'
_ ERROR collecting tests/autogen_op/ghostnet_100_in1k-train/test_ghostnet_100_in1k-train_aten_hardsigmoid_default.py _
ImportError while importing test module '/Users/Ajay17/pytorch2.0_ttnn/tests/autogen_op/ghostnet_100_in1k-train/test_ghostnet_100_in1k-train_aten_hardsigmoid_default.py'.
Hint: make sure your test modules/packages have valid Python names.
Traceback:
../.pyenv/versions/3.11.10/lib/python3.11/importlib/__init__.py:126: in import_module
    return _bootstrap._gcd_import(name[level:], package, level)
           ^^^^^^^^^^^^^^^^^^^^^^^^^^^^^^^^^^^^^^^^^^^^^^^^^^^^
tests/autogen_op/ghostnet_100_in1k-train/test_ghostnet_100_in1k-train_aten_hardsigmoid_default.py:8: in <module>
    import ttnn
E   ModuleNotFoundError: No module named 'ttnn'
_ ERROR collecting tests/autogen_op/ghostnet_100_in1k-train/test_ghostnet_100_in1k-train_aten_mean_dim.py _
ImportError while importing test module '/Users/Ajay17/pytorch2.0_ttnn/tests/autogen_op/ghostnet_100_in1k-train/test_ghostnet_100_in1k-train_aten_mean_dim.py'.
Hint: make sure your test modules/packages have valid Python names.
Traceback:
../.pyenv/versions/3.11.10/lib/python3.11/importlib/__init__.py:126: in import_module
    return _bootstrap._gcd_import(name[level:], package, level)
           ^^^^^^^^^^^^^^^^^^^^^^^^^^^^^^^^^^^^^^^^^^^^^^^^^^^^
tests/autogen_op/ghostnet_100_in1k-train/test_ghostnet_100_in1k-train_aten_mean_dim.py:8: in <module>
    import ttnn
E   ModuleNotFoundError: No module named 'ttnn'
_ ERROR collecting tests/autogen_op/ghostnet_100_in1k-train/test_ghostnet_100_in1k-train_aten_mm_default.py _
ImportError while importing test module '/Users/Ajay17/pytorch2.0_ttnn/tests/autogen_op/ghostnet_100_in1k-train/test_ghostnet_100_in1k-train_aten_mm_default.py'.
Hint: make sure your test modules/packages have valid Python names.
Traceback:
../.pyenv/versions/3.11.10/lib/python3.11/importlib/__init__.py:126: in import_module
    return _bootstrap._gcd_import(name[level:], package, level)
           ^^^^^^^^^^^^^^^^^^^^^^^^^^^^^^^^^^^^^^^^^^^^^^^^^^^^
tests/autogen_op/ghostnet_100_in1k-train/test_ghostnet_100_in1k-train_aten_mm_default.py:8: in <module>
    import ttnn
E   ModuleNotFoundError: No module named 'ttnn'
_ ERROR collecting tests/autogen_op/ghostnet_100_in1k-train/test_ghostnet_100_in1k-train_aten_mul_Tensor.py _
ImportError while importing test module '/Users/Ajay17/pytorch2.0_ttnn/tests/autogen_op/ghostnet_100_in1k-train/test_ghostnet_100_in1k-train_aten_mul_Tensor.py'.
Hint: make sure your test modules/packages have valid Python names.
Traceback:
../.pyenv/versions/3.11.10/lib/python3.11/importlib/__init__.py:126: in import_module
    return _bootstrap._gcd_import(name[level:], package, level)
           ^^^^^^^^^^^^^^^^^^^^^^^^^^^^^^^^^^^^^^^^^^^^^^^^^^^^
tests/autogen_op/ghostnet_100_in1k-train/test_ghostnet_100_in1k-train_aten_mul_Tensor.py:8: in <module>
    import ttnn
E   ModuleNotFoundError: No module named 'ttnn'
_ ERROR collecting tests/autogen_op/ghostnet_100_in1k-train/test_ghostnet_100_in1k-train_aten_native_batch_norm_backward_default.py _
ImportError while importing test module '/Users/Ajay17/pytorch2.0_ttnn/tests/autogen_op/ghostnet_100_in1k-train/test_ghostnet_100_in1k-train_aten_native_batch_norm_backward_default.py'.
Hint: make sure your test modules/packages have valid Python names.
Traceback:
../.pyenv/versions/3.11.10/lib/python3.11/importlib/__init__.py:126: in import_module
    return _bootstrap._gcd_import(name[level:], package, level)
           ^^^^^^^^^^^^^^^^^^^^^^^^^^^^^^^^^^^^^^^^^^^^^^^^^^^^
tests/autogen_op/ghostnet_100_in1k-train/test_ghostnet_100_in1k-train_aten_native_batch_norm_backward_default.py:8: in <module>
    import ttnn
E   ModuleNotFoundError: No module named 'ttnn'
_ ERROR collecting tests/autogen_op/ghostnet_100_in1k-train/test_ghostnet_100_in1k-train_aten_native_dropout_backward_default.py _
ImportError while importing test module '/Users/Ajay17/pytorch2.0_ttnn/tests/autogen_op/ghostnet_100_in1k-train/test_ghostnet_100_in1k-train_aten_native_dropout_backward_default.py'.
Hint: make sure your test modules/packages have valid Python names.
Traceback:
../.pyenv/versions/3.11.10/lib/python3.11/importlib/__init__.py:126: in import_module
    return _bootstrap._gcd_import(name[level:], package, level)
           ^^^^^^^^^^^^^^^^^^^^^^^^^^^^^^^^^^^^^^^^^^^^^^^^^^^^
tests/autogen_op/ghostnet_100_in1k-train/test_ghostnet_100_in1k-train_aten_native_dropout_backward_default.py:8: in <module>
    import ttnn
E   ModuleNotFoundError: No module named 'ttnn'
_ ERROR collecting tests/autogen_op/ghostnet_100_in1k-train/test_ghostnet_100_in1k-train_aten_native_dropout_default.py _
ImportError while importing test module '/Users/Ajay17/pytorch2.0_ttnn/tests/autogen_op/ghostnet_100_in1k-train/test_ghostnet_100_in1k-train_aten_native_dropout_default.py'.
Hint: make sure your test modules/packages have valid Python names.
Traceback:
../.pyenv/versions/3.11.10/lib/python3.11/importlib/__init__.py:126: in import_module
    return _bootstrap._gcd_import(name[level:], package, level)
           ^^^^^^^^^^^^^^^^^^^^^^^^^^^^^^^^^^^^^^^^^^^^^^^^^^^^
tests/autogen_op/ghostnet_100_in1k-train/test_ghostnet_100_in1k-train_aten_native_dropout_default.py:8: in <module>
    import ttnn
E   ModuleNotFoundError: No module named 'ttnn'
_ ERROR collecting tests/autogen_op/ghostnet_100_in1k-train/test_ghostnet_100_in1k-train_aten_new_empty_strided_default.py _
ImportError while importing test module '/Users/Ajay17/pytorch2.0_ttnn/tests/autogen_op/ghostnet_100_in1k-train/test_ghostnet_100_in1k-train_aten_new_empty_strided_default.py'.
Hint: make sure your test modules/packages have valid Python names.
Traceback:
../.pyenv/versions/3.11.10/lib/python3.11/importlib/__init__.py:126: in import_module
    return _bootstrap._gcd_import(name[level:], package, level)
           ^^^^^^^^^^^^^^^^^^^^^^^^^^^^^^^^^^^^^^^^^^^^^^^^^^^^
tests/autogen_op/ghostnet_100_in1k-train/test_ghostnet_100_in1k-train_aten_new_empty_strided_default.py:8: in <module>
    import ttnn
E   ModuleNotFoundError: No module named 'ttnn'
_ ERROR collecting tests/autogen_op/ghostnet_100_in1k-train/test_ghostnet_100_in1k-train_aten_new_zeros_default.py _
ImportError while importing test module '/Users/Ajay17/pytorch2.0_ttnn/tests/autogen_op/ghostnet_100_in1k-train/test_ghostnet_100_in1k-train_aten_new_zeros_default.py'.
Hint: make sure your test modules/packages have valid Python names.
Traceback:
../.pyenv/versions/3.11.10/lib/python3.11/importlib/__init__.py:126: in import_module
    return _bootstrap._gcd_import(name[level:], package, level)
           ^^^^^^^^^^^^^^^^^^^^^^^^^^^^^^^^^^^^^^^^^^^^^^^^^^^^
tests/autogen_op/ghostnet_100_in1k-train/test_ghostnet_100_in1k-train_aten_new_zeros_default.py:8: in <module>
    import ttnn
E   ModuleNotFoundError: No module named 'ttnn'
_ ERROR collecting tests/autogen_op/ghostnet_100_in1k-train/test_ghostnet_100_in1k-train_aten_relu_default.py _
ImportError while importing test module '/Users/Ajay17/pytorch2.0_ttnn/tests/autogen_op/ghostnet_100_in1k-train/test_ghostnet_100_in1k-train_aten_relu_default.py'.
Hint: make sure your test modules/packages have valid Python names.
Traceback:
../.pyenv/versions/3.11.10/lib/python3.11/importlib/__init__.py:126: in import_module
    return _bootstrap._gcd_import(name[level:], package, level)
           ^^^^^^^^^^^^^^^^^^^^^^^^^^^^^^^^^^^^^^^^^^^^^^^^^^^^
tests/autogen_op/ghostnet_100_in1k-train/test_ghostnet_100_in1k-train_aten_relu_default.py:8: in <module>
    import ttnn
E   ModuleNotFoundError: No module named 'ttnn'
_ ERROR collecting tests/autogen_op/ghostnet_100_in1k-train/test_ghostnet_100_in1k-train_aten_slice_Tensor.py _
ImportError while importing test module '/Users/Ajay17/pytorch2.0_ttnn/tests/autogen_op/ghostnet_100_in1k-train/test_ghostnet_100_in1k-train_aten_slice_Tensor.py'.
Hint: make sure your test modules/packages have valid Python names.
Traceback:
../.pyenv/versions/3.11.10/lib/python3.11/importlib/__init__.py:126: in import_module
    return _bootstrap._gcd_import(name[level:], package, level)
           ^^^^^^^^^^^^^^^^^^^^^^^^^^^^^^^^^^^^^^^^^^^^^^^^^^^^
tests/autogen_op/ghostnet_100_in1k-train/test_ghostnet_100_in1k-train_aten_slice_Tensor.py:8: in <module>
    import ttnn
E   ModuleNotFoundError: No module named 'ttnn'
_ ERROR collecting tests/autogen_op/ghostnet_100_in1k-train/test_ghostnet_100_in1k-train_aten_slice_backward_default.py _
ImportError while importing test module '/Users/Ajay17/pytorch2.0_ttnn/tests/autogen_op/ghostnet_100_in1k-train/test_ghostnet_100_in1k-train_aten_slice_backward_default.py'.
Hint: make sure your test modules/packages have valid Python names.
Traceback:
../.pyenv/versions/3.11.10/lib/python3.11/importlib/__init__.py:126: in import_module
    return _bootstrap._gcd_import(name[level:], package, level)
           ^^^^^^^^^^^^^^^^^^^^^^^^^^^^^^^^^^^^^^^^^^^^^^^^^^^^
tests/autogen_op/ghostnet_100_in1k-train/test_ghostnet_100_in1k-train_aten_slice_backward_default.py:8: in <module>
    import ttnn
E   ModuleNotFoundError: No module named 'ttnn'
_ ERROR collecting tests/autogen_op/ghostnet_100_in1k-train/test_ghostnet_100_in1k-train_aten_slice_scatter_default.py _
ImportError while importing test module '/Users/Ajay17/pytorch2.0_ttnn/tests/autogen_op/ghostnet_100_in1k-train/test_ghostnet_100_in1k-train_aten_slice_scatter_default.py'.
Hint: make sure your test modules/packages have valid Python names.
Traceback:
../.pyenv/versions/3.11.10/lib/python3.11/importlib/__init__.py:126: in import_module
    return _bootstrap._gcd_import(name[level:], package, level)
           ^^^^^^^^^^^^^^^^^^^^^^^^^^^^^^^^^^^^^^^^^^^^^^^^^^^^
tests/autogen_op/ghostnet_100_in1k-train/test_ghostnet_100_in1k-train_aten_slice_scatter_default.py:8: in <module>
    import ttnn
E   ModuleNotFoundError: No module named 'ttnn'
_ ERROR collecting tests/autogen_op/ghostnet_100_in1k-train/test_ghostnet_100_in1k-train_aten_squeeze_dim.py _
ImportError while importing test module '/Users/Ajay17/pytorch2.0_ttnn/tests/autogen_op/ghostnet_100_in1k-train/test_ghostnet_100_in1k-train_aten_squeeze_dim.py'.
Hint: make sure your test modules/packages have valid Python names.
Traceback:
../.pyenv/versions/3.11.10/lib/python3.11/importlib/__init__.py:126: in import_module
    return _bootstrap._gcd_import(name[level:], package, level)
           ^^^^^^^^^^^^^^^^^^^^^^^^^^^^^^^^^^^^^^^^^^^^^^^^^^^^
tests/autogen_op/ghostnet_100_in1k-train/test_ghostnet_100_in1k-train_aten_squeeze_dim.py:8: in <module>
    import ttnn
E   ModuleNotFoundError: No module named 'ttnn'
_ ERROR collecting tests/autogen_op/ghostnet_100_in1k-train/test_ghostnet_100_in1k-train_aten_sum_dim_IntList.py _
ImportError while importing test module '/Users/Ajay17/pytorch2.0_ttnn/tests/autogen_op/ghostnet_100_in1k-train/test_ghostnet_100_in1k-train_aten_sum_dim_IntList.py'.
Hint: make sure your test modules/packages have valid Python names.
Traceback:
../.pyenv/versions/3.11.10/lib/python3.11/importlib/__init__.py:126: in import_module
    return _bootstrap._gcd_import(name[level:], package, level)
           ^^^^^^^^^^^^^^^^^^^^^^^^^^^^^^^^^^^^^^^^^^^^^^^^^^^^
tests/autogen_op/ghostnet_100_in1k-train/test_ghostnet_100_in1k-train_aten_sum_dim_IntList.py:8: in <module>
    import ttnn
E   ModuleNotFoundError: No module named 'ttnn'
_ ERROR collecting tests/autogen_op/ghostnet_100_in1k-train/test_ghostnet_100_in1k-train_aten_t_default.py _
ImportError while importing test module '/Users/Ajay17/pytorch2.0_ttnn/tests/autogen_op/ghostnet_100_in1k-train/test_ghostnet_100_in1k-train_aten_t_default.py'.
Hint: make sure your test modules/packages have valid Python names.
Traceback:
../.pyenv/versions/3.11.10/lib/python3.11/importlib/__init__.py:126: in import_module
    return _bootstrap._gcd_import(name[level:], package, level)
           ^^^^^^^^^^^^^^^^^^^^^^^^^^^^^^^^^^^^^^^^^^^^^^^^^^^^
tests/autogen_op/ghostnet_100_in1k-train/test_ghostnet_100_in1k-train_aten_t_default.py:8: in <module>
    import ttnn
E   ModuleNotFoundError: No module named 'ttnn'
_ ERROR collecting tests/autogen_op/ghostnet_100_in1k-train/test_ghostnet_100_in1k-train_aten_threshold_backward_default.py _
ImportError while importing test module '/Users/Ajay17/pytorch2.0_ttnn/tests/autogen_op/ghostnet_100_in1k-train/test_ghostnet_100_in1k-train_aten_threshold_backward_default.py'.
Hint: make sure your test modules/packages have valid Python names.
Traceback:
../.pyenv/versions/3.11.10/lib/python3.11/importlib/__init__.py:126: in import_module
    return _bootstrap._gcd_import(name[level:], package, level)
           ^^^^^^^^^^^^^^^^^^^^^^^^^^^^^^^^^^^^^^^^^^^^^^^^^^^^
tests/autogen_op/ghostnet_100_in1k-train/test_ghostnet_100_in1k-train_aten_threshold_backward_default.py:8: in <module>
    import ttnn
E   ModuleNotFoundError: No module named 'ttnn'
_ ERROR collecting tests/autogen_op/ghostnet_100_in1k-train/test_ghostnet_100_in1k-train_aten_view_default.py _
ImportError while importing test module '/Users/Ajay17/pytorch2.0_ttnn/tests/autogen_op/ghostnet_100_in1k-train/test_ghostnet_100_in1k-train_aten_view_default.py'.
Hint: make sure your test modules/packages have valid Python names.
Traceback:
../.pyenv/versions/3.11.10/lib/python3.11/importlib/__init__.py:126: in import_module
    return _bootstrap._gcd_import(name[level:], package, level)
           ^^^^^^^^^^^^^^^^^^^^^^^^^^^^^^^^^^^^^^^^^^^^^^^^^^^^
tests/autogen_op/ghostnet_100_in1k-train/test_ghostnet_100_in1k-train_aten_view_default.py:8: in <module>
    import ttnn
E   ModuleNotFoundError: No module named 'ttnn'
_ ERROR collecting tests/autogen_op/ghostnetv2_100_in1k/test_ghostnetv2_100_in1k_aten__native_batch_norm_legit_no_training_default.py _
ImportError while importing test module '/Users/Ajay17/pytorch2.0_ttnn/tests/autogen_op/ghostnetv2_100_in1k/test_ghostnetv2_100_in1k_aten__native_batch_norm_legit_no_training_default.py'.
Hint: make sure your test modules/packages have valid Python names.
Traceback:
../.pyenv/versions/3.11.10/lib/python3.11/importlib/__init__.py:126: in import_module
    return _bootstrap._gcd_import(name[level:], package, level)
           ^^^^^^^^^^^^^^^^^^^^^^^^^^^^^^^^^^^^^^^^^^^^^^^^^^^^
tests/autogen_op/ghostnetv2_100_in1k/test_ghostnetv2_100_in1k_aten__native_batch_norm_legit_no_training_default.py:8: in <module>
    import ttnn
E   ModuleNotFoundError: No module named 'ttnn'
_ ERROR collecting tests/autogen_op/ghostnetv2_100_in1k/test_ghostnetv2_100_in1k_aten__to_copy_default.py _
ImportError while importing test module '/Users/Ajay17/pytorch2.0_ttnn/tests/autogen_op/ghostnetv2_100_in1k/test_ghostnetv2_100_in1k_aten__to_copy_default.py'.
Hint: make sure your test modules/packages have valid Python names.
Traceback:
../.pyenv/versions/3.11.10/lib/python3.11/importlib/__init__.py:126: in import_module
    return _bootstrap._gcd_import(name[level:], package, level)
           ^^^^^^^^^^^^^^^^^^^^^^^^^^^^^^^^^^^^^^^^^^^^^^^^^^^^
tests/autogen_op/ghostnetv2_100_in1k/test_ghostnetv2_100_in1k_aten__to_copy_default.py:8: in <module>
    import ttnn
E   ModuleNotFoundError: No module named 'ttnn'
_ ERROR collecting tests/autogen_op/ghostnetv2_100_in1k/test_ghostnetv2_100_in1k_aten__unsafe_index_Tensor.py _
ImportError while importing test module '/Users/Ajay17/pytorch2.0_ttnn/tests/autogen_op/ghostnetv2_100_in1k/test_ghostnetv2_100_in1k_aten__unsafe_index_Tensor.py'.
Hint: make sure your test modules/packages have valid Python names.
Traceback:
../.pyenv/versions/3.11.10/lib/python3.11/importlib/__init__.py:126: in import_module
    return _bootstrap._gcd_import(name[level:], package, level)
           ^^^^^^^^^^^^^^^^^^^^^^^^^^^^^^^^^^^^^^^^^^^^^^^^^^^^
tests/autogen_op/ghostnetv2_100_in1k/test_ghostnetv2_100_in1k_aten__unsafe_index_Tensor.py:8: in <module>
    import ttnn
E   ModuleNotFoundError: No module named 'ttnn'
_ ERROR collecting tests/autogen_op/ghostnetv2_100_in1k/test_ghostnetv2_100_in1k_aten_add_Tensor.py _
ImportError while importing test module '/Users/Ajay17/pytorch2.0_ttnn/tests/autogen_op/ghostnetv2_100_in1k/test_ghostnetv2_100_in1k_aten_add_Tensor.py'.
Hint: make sure your test modules/packages have valid Python names.
Traceback:
../.pyenv/versions/3.11.10/lib/python3.11/importlib/__init__.py:126: in import_module
    return _bootstrap._gcd_import(name[level:], package, level)
           ^^^^^^^^^^^^^^^^^^^^^^^^^^^^^^^^^^^^^^^^^^^^^^^^^^^^
tests/autogen_op/ghostnetv2_100_in1k/test_ghostnetv2_100_in1k_aten_add_Tensor.py:8: in <module>
    import ttnn
E   ModuleNotFoundError: No module named 'ttnn'
_ ERROR collecting tests/autogen_op/ghostnetv2_100_in1k/test_ghostnetv2_100_in1k_aten_addmm_default.py _
ImportError while importing test module '/Users/Ajay17/pytorch2.0_ttnn/tests/autogen_op/ghostnetv2_100_in1k/test_ghostnetv2_100_in1k_aten_addmm_default.py'.
Hint: make sure your test modules/packages have valid Python names.
Traceback:
../.pyenv/versions/3.11.10/lib/python3.11/importlib/__init__.py:126: in import_module
    return _bootstrap._gcd_import(name[level:], package, level)
           ^^^^^^^^^^^^^^^^^^^^^^^^^^^^^^^^^^^^^^^^^^^^^^^^^^^^
tests/autogen_op/ghostnetv2_100_in1k/test_ghostnetv2_100_in1k_aten_addmm_default.py:8: in <module>
    import ttnn
E   ModuleNotFoundError: No module named 'ttnn'
_ ERROR collecting tests/autogen_op/ghostnetv2_100_in1k/test_ghostnetv2_100_in1k_aten_avg_pool2d_default.py _
ImportError while importing test module '/Users/Ajay17/pytorch2.0_ttnn/tests/autogen_op/ghostnetv2_100_in1k/test_ghostnetv2_100_in1k_aten_avg_pool2d_default.py'.
Hint: make sure your test modules/packages have valid Python names.
Traceback:
../.pyenv/versions/3.11.10/lib/python3.11/importlib/__init__.py:126: in import_module
    return _bootstrap._gcd_import(name[level:], package, level)
           ^^^^^^^^^^^^^^^^^^^^^^^^^^^^^^^^^^^^^^^^^^^^^^^^^^^^
tests/autogen_op/ghostnetv2_100_in1k/test_ghostnetv2_100_in1k_aten_avg_pool2d_default.py:8: in <module>
    import ttnn
E   ModuleNotFoundError: No module named 'ttnn'
_ ERROR collecting tests/autogen_op/ghostnetv2_100_in1k/test_ghostnetv2_100_in1k_aten_cat_default.py _
ImportError while importing test module '/Users/Ajay17/pytorch2.0_ttnn/tests/autogen_op/ghostnetv2_100_in1k/test_ghostnetv2_100_in1k_aten_cat_default.py'.
Hint: make sure your test modules/packages have valid Python names.
Traceback:
../.pyenv/versions/3.11.10/lib/python3.11/importlib/__init__.py:126: in import_module
    return _bootstrap._gcd_import(name[level:], package, level)
           ^^^^^^^^^^^^^^^^^^^^^^^^^^^^^^^^^^^^^^^^^^^^^^^^^^^^
tests/autogen_op/ghostnetv2_100_in1k/test_ghostnetv2_100_in1k_aten_cat_default.py:8: in <module>
    import ttnn
E   ModuleNotFoundError: No module named 'ttnn'
_ ERROR collecting tests/autogen_op/ghostnetv2_100_in1k/test_ghostnetv2_100_in1k_aten_clone_default.py _
ImportError while importing test module '/Users/Ajay17/pytorch2.0_ttnn/tests/autogen_op/ghostnetv2_100_in1k/test_ghostnetv2_100_in1k_aten_clone_default.py'.
Hint: make sure your test modules/packages have valid Python names.
Traceback:
../.pyenv/versions/3.11.10/lib/python3.11/importlib/__init__.py:126: in import_module
    return _bootstrap._gcd_import(name[level:], package, level)
           ^^^^^^^^^^^^^^^^^^^^^^^^^^^^^^^^^^^^^^^^^^^^^^^^^^^^
tests/autogen_op/ghostnetv2_100_in1k/test_ghostnetv2_100_in1k_aten_clone_default.py:8: in <module>
    import ttnn
E   ModuleNotFoundError: No module named 'ttnn'
_ ERROR collecting tests/autogen_op/ghostnetv2_100_in1k/test_ghostnetv2_100_in1k_aten_convolution_default.py _
ImportError while importing test module '/Users/Ajay17/pytorch2.0_ttnn/tests/autogen_op/ghostnetv2_100_in1k/test_ghostnetv2_100_in1k_aten_convolution_default.py'.
Hint: make sure your test modules/packages have valid Python names.
Traceback:
../.pyenv/versions/3.11.10/lib/python3.11/importlib/__init__.py:126: in import_module
    return _bootstrap._gcd_import(name[level:], package, level)
           ^^^^^^^^^^^^^^^^^^^^^^^^^^^^^^^^^^^^^^^^^^^^^^^^^^^^
tests/autogen_op/ghostnetv2_100_in1k/test_ghostnetv2_100_in1k_aten_convolution_default.py:8: in <module>
    import ttnn
E   ModuleNotFoundError: No module named 'ttnn'
_ ERROR collecting tests/autogen_op/ghostnetv2_100_in1k/test_ghostnetv2_100_in1k_aten_hardsigmoid_default.py _
ImportError while importing test module '/Users/Ajay17/pytorch2.0_ttnn/tests/autogen_op/ghostnetv2_100_in1k/test_ghostnetv2_100_in1k_aten_hardsigmoid_default.py'.
Hint: make sure your test modules/packages have valid Python names.
Traceback:
../.pyenv/versions/3.11.10/lib/python3.11/importlib/__init__.py:126: in import_module
    return _bootstrap._gcd_import(name[level:], package, level)
           ^^^^^^^^^^^^^^^^^^^^^^^^^^^^^^^^^^^^^^^^^^^^^^^^^^^^
tests/autogen_op/ghostnetv2_100_in1k/test_ghostnetv2_100_in1k_aten_hardsigmoid_default.py:8: in <module>
    import ttnn
E   ModuleNotFoundError: No module named 'ttnn'
_ ERROR collecting tests/autogen_op/ghostnetv2_100_in1k/test_ghostnetv2_100_in1k_aten_mean_dim.py _
ImportError while importing test module '/Users/Ajay17/pytorch2.0_ttnn/tests/autogen_op/ghostnetv2_100_in1k/test_ghostnetv2_100_in1k_aten_mean_dim.py'.
Hint: make sure your test modules/packages have valid Python names.
Traceback:
../.pyenv/versions/3.11.10/lib/python3.11/importlib/__init__.py:126: in import_module
    return _bootstrap._gcd_import(name[level:], package, level)
           ^^^^^^^^^^^^^^^^^^^^^^^^^^^^^^^^^^^^^^^^^^^^^^^^^^^^
tests/autogen_op/ghostnetv2_100_in1k/test_ghostnetv2_100_in1k_aten_mean_dim.py:8: in <module>
    import ttnn
E   ModuleNotFoundError: No module named 'ttnn'
_ ERROR collecting tests/autogen_op/ghostnetv2_100_in1k/test_ghostnetv2_100_in1k_aten_mul_Tensor.py _
ImportError while importing test module '/Users/Ajay17/pytorch2.0_ttnn/tests/autogen_op/ghostnetv2_100_in1k/test_ghostnetv2_100_in1k_aten_mul_Tensor.py'.
Hint: make sure your test modules/packages have valid Python names.
Traceback:
../.pyenv/versions/3.11.10/lib/python3.11/importlib/__init__.py:126: in import_module
    return _bootstrap._gcd_import(name[level:], package, level)
           ^^^^^^^^^^^^^^^^^^^^^^^^^^^^^^^^^^^^^^^^^^^^^^^^^^^^
tests/autogen_op/ghostnetv2_100_in1k/test_ghostnetv2_100_in1k_aten_mul_Tensor.py:8: in <module>
    import ttnn
E   ModuleNotFoundError: No module named 'ttnn'
_ ERROR collecting tests/autogen_op/ghostnetv2_100_in1k/test_ghostnetv2_100_in1k_aten_relu_default.py _
ImportError while importing test module '/Users/Ajay17/pytorch2.0_ttnn/tests/autogen_op/ghostnetv2_100_in1k/test_ghostnetv2_100_in1k_aten_relu_default.py'.
Hint: make sure your test modules/packages have valid Python names.
Traceback:
../.pyenv/versions/3.11.10/lib/python3.11/importlib/__init__.py:126: in import_module
    return _bootstrap._gcd_import(name[level:], package, level)
           ^^^^^^^^^^^^^^^^^^^^^^^^^^^^^^^^^^^^^^^^^^^^^^^^^^^^
tests/autogen_op/ghostnetv2_100_in1k/test_ghostnetv2_100_in1k_aten_relu_default.py:8: in <module>
    import ttnn
E   ModuleNotFoundError: No module named 'ttnn'
_ ERROR collecting tests/autogen_op/ghostnetv2_100_in1k/test_ghostnetv2_100_in1k_aten_sigmoid_default.py _
ImportError while importing test module '/Users/Ajay17/pytorch2.0_ttnn/tests/autogen_op/ghostnetv2_100_in1k/test_ghostnetv2_100_in1k_aten_sigmoid_default.py'.
Hint: make sure your test modules/packages have valid Python names.
Traceback:
../.pyenv/versions/3.11.10/lib/python3.11/importlib/__init__.py:126: in import_module
    return _bootstrap._gcd_import(name[level:], package, level)
           ^^^^^^^^^^^^^^^^^^^^^^^^^^^^^^^^^^^^^^^^^^^^^^^^^^^^
tests/autogen_op/ghostnetv2_100_in1k/test_ghostnetv2_100_in1k_aten_sigmoid_default.py:8: in <module>
    import ttnn
E   ModuleNotFoundError: No module named 'ttnn'
_ ERROR collecting tests/autogen_op/ghostnetv2_100_in1k/test_ghostnetv2_100_in1k_aten_slice_Tensor.py _
ImportError while importing test module '/Users/Ajay17/pytorch2.0_ttnn/tests/autogen_op/ghostnetv2_100_in1k/test_ghostnetv2_100_in1k_aten_slice_Tensor.py'.
Hint: make sure your test modules/packages have valid Python names.
Traceback:
../.pyenv/versions/3.11.10/lib/python3.11/importlib/__init__.py:126: in import_module
    return _bootstrap._gcd_import(name[level:], package, level)
           ^^^^^^^^^^^^^^^^^^^^^^^^^^^^^^^^^^^^^^^^^^^^^^^^^^^^
tests/autogen_op/ghostnetv2_100_in1k/test_ghostnetv2_100_in1k_aten_slice_Tensor.py:8: in <module>
    import ttnn
E   ModuleNotFoundError: No module named 'ttnn'
_ ERROR collecting tests/autogen_op/ghostnetv2_100_in1k/test_ghostnetv2_100_in1k_aten_slice_scatter_default.py _
ImportError while importing test module '/Users/Ajay17/pytorch2.0_ttnn/tests/autogen_op/ghostnetv2_100_in1k/test_ghostnetv2_100_in1k_aten_slice_scatter_default.py'.
Hint: make sure your test modules/packages have valid Python names.
Traceback:
../.pyenv/versions/3.11.10/lib/python3.11/importlib/__init__.py:126: in import_module
    return _bootstrap._gcd_import(name[level:], package, level)
           ^^^^^^^^^^^^^^^^^^^^^^^^^^^^^^^^^^^^^^^^^^^^^^^^^^^^
tests/autogen_op/ghostnetv2_100_in1k/test_ghostnetv2_100_in1k_aten_slice_scatter_default.py:8: in <module>
    import ttnn
E   ModuleNotFoundError: No module named 'ttnn'
_ ERROR collecting tests/autogen_op/ghostnetv2_100_in1k/test_ghostnetv2_100_in1k_aten_t_default.py _
ImportError while importing test module '/Users/Ajay17/pytorch2.0_ttnn/tests/autogen_op/ghostnetv2_100_in1k/test_ghostnetv2_100_in1k_aten_t_default.py'.
Hint: make sure your test modules/packages have valid Python names.
Traceback:
../.pyenv/versions/3.11.10/lib/python3.11/importlib/__init__.py:126: in import_module
    return _bootstrap._gcd_import(name[level:], package, level)
           ^^^^^^^^^^^^^^^^^^^^^^^^^^^^^^^^^^^^^^^^^^^^^^^^^^^^
tests/autogen_op/ghostnetv2_100_in1k/test_ghostnetv2_100_in1k_aten_t_default.py:8: in <module>
    import ttnn
E   ModuleNotFoundError: No module named 'ttnn'
_ ERROR collecting tests/autogen_op/ghostnetv2_100_in1k/test_ghostnetv2_100_in1k_aten_view_default.py _
ImportError while importing test module '/Users/Ajay17/pytorch2.0_ttnn/tests/autogen_op/ghostnetv2_100_in1k/test_ghostnetv2_100_in1k_aten_view_default.py'.
Hint: make sure your test modules/packages have valid Python names.
Traceback:
../.pyenv/versions/3.11.10/lib/python3.11/importlib/__init__.py:126: in import_module
    return _bootstrap._gcd_import(name[level:], package, level)
           ^^^^^^^^^^^^^^^^^^^^^^^^^^^^^^^^^^^^^^^^^^^^^^^^^^^^
tests/autogen_op/ghostnetv2_100_in1k/test_ghostnetv2_100_in1k_aten_view_default.py:8: in <module>
    import ttnn
E   ModuleNotFoundError: No module named 'ttnn'
_ ERROR collecting tests/autogen_op/ghostnetv2_100_in1k-train/test_ghostnetv2_100_in1k-train_aten__native_batch_norm_legit_functional_default.py _
ImportError while importing test module '/Users/Ajay17/pytorch2.0_ttnn/tests/autogen_op/ghostnetv2_100_in1k-train/test_ghostnetv2_100_in1k-train_aten__native_batch_norm_legit_functional_default.py'.
Hint: make sure your test modules/packages have valid Python names.
Traceback:
../.pyenv/versions/3.11.10/lib/python3.11/importlib/__init__.py:126: in import_module
    return _bootstrap._gcd_import(name[level:], package, level)
           ^^^^^^^^^^^^^^^^^^^^^^^^^^^^^^^^^^^^^^^^^^^^^^^^^^^^
tests/autogen_op/ghostnetv2_100_in1k-train/test_ghostnetv2_100_in1k-train_aten__native_batch_norm_legit_functional_default.py:8: in <module>
    import ttnn
E   ModuleNotFoundError: No module named 'ttnn'
_ ERROR collecting tests/autogen_op/ghostnetv2_100_in1k-train/test_ghostnetv2_100_in1k-train_aten__to_copy_default.py _
ImportError while importing test module '/Users/Ajay17/pytorch2.0_ttnn/tests/autogen_op/ghostnetv2_100_in1k-train/test_ghostnetv2_100_in1k-train_aten__to_copy_default.py'.
Hint: make sure your test modules/packages have valid Python names.
Traceback:
../.pyenv/versions/3.11.10/lib/python3.11/importlib/__init__.py:126: in import_module
    return _bootstrap._gcd_import(name[level:], package, level)
           ^^^^^^^^^^^^^^^^^^^^^^^^^^^^^^^^^^^^^^^^^^^^^^^^^^^^
tests/autogen_op/ghostnetv2_100_in1k-train/test_ghostnetv2_100_in1k-train_aten__to_copy_default.py:8: in <module>
    import ttnn
E   ModuleNotFoundError: No module named 'ttnn'
_ ERROR collecting tests/autogen_op/ghostnetv2_100_in1k-train/test_ghostnetv2_100_in1k-train_aten__unsafe_index_Tensor.py _
ImportError while importing test module '/Users/Ajay17/pytorch2.0_ttnn/tests/autogen_op/ghostnetv2_100_in1k-train/test_ghostnetv2_100_in1k-train_aten__unsafe_index_Tensor.py'.
Hint: make sure your test modules/packages have valid Python names.
Traceback:
../.pyenv/versions/3.11.10/lib/python3.11/importlib/__init__.py:126: in import_module
    return _bootstrap._gcd_import(name[level:], package, level)
           ^^^^^^^^^^^^^^^^^^^^^^^^^^^^^^^^^^^^^^^^^^^^^^^^^^^^
tests/autogen_op/ghostnetv2_100_in1k-train/test_ghostnetv2_100_in1k-train_aten__unsafe_index_Tensor.py:8: in <module>
    import ttnn
E   ModuleNotFoundError: No module named 'ttnn'
_ ERROR collecting tests/autogen_op/ghostnetv2_100_in1k-train/test_ghostnetv2_100_in1k-train_aten__unsafe_index_put_default.py _
ImportError while importing test module '/Users/Ajay17/pytorch2.0_ttnn/tests/autogen_op/ghostnetv2_100_in1k-train/test_ghostnetv2_100_in1k-train_aten__unsafe_index_put_default.py'.
Hint: make sure your test modules/packages have valid Python names.
Traceback:
../.pyenv/versions/3.11.10/lib/python3.11/importlib/__init__.py:126: in import_module
    return _bootstrap._gcd_import(name[level:], package, level)
           ^^^^^^^^^^^^^^^^^^^^^^^^^^^^^^^^^^^^^^^^^^^^^^^^^^^^
tests/autogen_op/ghostnetv2_100_in1k-train/test_ghostnetv2_100_in1k-train_aten__unsafe_index_put_default.py:8: in <module>
    import ttnn
E   ModuleNotFoundError: No module named 'ttnn'
_ ERROR collecting tests/autogen_op/ghostnetv2_100_in1k-train/test_ghostnetv2_100_in1k-train_aten_add_Tensor.py _
ImportError while importing test module '/Users/Ajay17/pytorch2.0_ttnn/tests/autogen_op/ghostnetv2_100_in1k-train/test_ghostnetv2_100_in1k-train_aten_add_Tensor.py'.
Hint: make sure your test modules/packages have valid Python names.
Traceback:
../.pyenv/versions/3.11.10/lib/python3.11/importlib/__init__.py:126: in import_module
    return _bootstrap._gcd_import(name[level:], package, level)
           ^^^^^^^^^^^^^^^^^^^^^^^^^^^^^^^^^^^^^^^^^^^^^^^^^^^^
tests/autogen_op/ghostnetv2_100_in1k-train/test_ghostnetv2_100_in1k-train_aten_add_Tensor.py:8: in <module>
    import ttnn
E   ModuleNotFoundError: No module named 'ttnn'
_ ERROR collecting tests/autogen_op/ghostnetv2_100_in1k-train/test_ghostnetv2_100_in1k-train_aten_addmm_default.py _
ImportError while importing test module '/Users/Ajay17/pytorch2.0_ttnn/tests/autogen_op/ghostnetv2_100_in1k-train/test_ghostnetv2_100_in1k-train_aten_addmm_default.py'.
Hint: make sure your test modules/packages have valid Python names.
Traceback:
../.pyenv/versions/3.11.10/lib/python3.11/importlib/__init__.py:126: in import_module
    return _bootstrap._gcd_import(name[level:], package, level)
           ^^^^^^^^^^^^^^^^^^^^^^^^^^^^^^^^^^^^^^^^^^^^^^^^^^^^
tests/autogen_op/ghostnetv2_100_in1k-train/test_ghostnetv2_100_in1k-train_aten_addmm_default.py:8: in <module>
    import ttnn
E   ModuleNotFoundError: No module named 'ttnn'
_ ERROR collecting tests/autogen_op/ghostnetv2_100_in1k-train/test_ghostnetv2_100_in1k-train_aten_as_strided_default.py _
ImportError while importing test module '/Users/Ajay17/pytorch2.0_ttnn/tests/autogen_op/ghostnetv2_100_in1k-train/test_ghostnetv2_100_in1k-train_aten_as_strided_default.py'.
Hint: make sure your test modules/packages have valid Python names.
Traceback:
../.pyenv/versions/3.11.10/lib/python3.11/importlib/__init__.py:126: in import_module
    return _bootstrap._gcd_import(name[level:], package, level)
           ^^^^^^^^^^^^^^^^^^^^^^^^^^^^^^^^^^^^^^^^^^^^^^^^^^^^
tests/autogen_op/ghostnetv2_100_in1k-train/test_ghostnetv2_100_in1k-train_aten_as_strided_default.py:8: in <module>
    import ttnn
E   ModuleNotFoundError: No module named 'ttnn'
_ ERROR collecting tests/autogen_op/ghostnetv2_100_in1k-train/test_ghostnetv2_100_in1k-train_aten_as_strided_scatter_default.py _
ImportError while importing test module '/Users/Ajay17/pytorch2.0_ttnn/tests/autogen_op/ghostnetv2_100_in1k-train/test_ghostnetv2_100_in1k-train_aten_as_strided_scatter_default.py'.
Hint: make sure your test modules/packages have valid Python names.
Traceback:
../.pyenv/versions/3.11.10/lib/python3.11/importlib/__init__.py:126: in import_module
    return _bootstrap._gcd_import(name[level:], package, level)
           ^^^^^^^^^^^^^^^^^^^^^^^^^^^^^^^^^^^^^^^^^^^^^^^^^^^^
tests/autogen_op/ghostnetv2_100_in1k-train/test_ghostnetv2_100_in1k-train_aten_as_strided_scatter_default.py:8: in <module>
    import ttnn
E   ModuleNotFoundError: No module named 'ttnn'
_ ERROR collecting tests/autogen_op/ghostnetv2_100_in1k-train/test_ghostnetv2_100_in1k-train_aten_avg_pool2d_backward_default.py _
ImportError while importing test module '/Users/Ajay17/pytorch2.0_ttnn/tests/autogen_op/ghostnetv2_100_in1k-train/test_ghostnetv2_100_in1k-train_aten_avg_pool2d_backward_default.py'.
Hint: make sure your test modules/packages have valid Python names.
Traceback:
../.pyenv/versions/3.11.10/lib/python3.11/importlib/__init__.py:126: in import_module
    return _bootstrap._gcd_import(name[level:], package, level)
           ^^^^^^^^^^^^^^^^^^^^^^^^^^^^^^^^^^^^^^^^^^^^^^^^^^^^
tests/autogen_op/ghostnetv2_100_in1k-train/test_ghostnetv2_100_in1k-train_aten_avg_pool2d_backward_default.py:8: in <module>
    import ttnn
E   ModuleNotFoundError: No module named 'ttnn'
_ ERROR collecting tests/autogen_op/ghostnetv2_100_in1k-train/test_ghostnetv2_100_in1k-train_aten_avg_pool2d_default.py _
ImportError while importing test module '/Users/Ajay17/pytorch2.0_ttnn/tests/autogen_op/ghostnetv2_100_in1k-train/test_ghostnetv2_100_in1k-train_aten_avg_pool2d_default.py'.
Hint: make sure your test modules/packages have valid Python names.
Traceback:
../.pyenv/versions/3.11.10/lib/python3.11/importlib/__init__.py:126: in import_module
    return _bootstrap._gcd_import(name[level:], package, level)
           ^^^^^^^^^^^^^^^^^^^^^^^^^^^^^^^^^^^^^^^^^^^^^^^^^^^^
tests/autogen_op/ghostnetv2_100_in1k-train/test_ghostnetv2_100_in1k-train_aten_avg_pool2d_default.py:8: in <module>
    import ttnn
E   ModuleNotFoundError: No module named 'ttnn'
_ ERROR collecting tests/autogen_op/ghostnetv2_100_in1k-train/test_ghostnetv2_100_in1k-train_aten_cat_default.py _
ImportError while importing test module '/Users/Ajay17/pytorch2.0_ttnn/tests/autogen_op/ghostnetv2_100_in1k-train/test_ghostnetv2_100_in1k-train_aten_cat_default.py'.
Hint: make sure your test modules/packages have valid Python names.
Traceback:
../.pyenv/versions/3.11.10/lib/python3.11/importlib/__init__.py:126: in import_module
    return _bootstrap._gcd_import(name[level:], package, level)
           ^^^^^^^^^^^^^^^^^^^^^^^^^^^^^^^^^^^^^^^^^^^^^^^^^^^^
tests/autogen_op/ghostnetv2_100_in1k-train/test_ghostnetv2_100_in1k-train_aten_cat_default.py:8: in <module>
    import ttnn
E   ModuleNotFoundError: No module named 'ttnn'
_ ERROR collecting tests/autogen_op/ghostnetv2_100_in1k-train/test_ghostnetv2_100_in1k-train_aten_clone_default.py _
ImportError while importing test module '/Users/Ajay17/pytorch2.0_ttnn/tests/autogen_op/ghostnetv2_100_in1k-train/test_ghostnetv2_100_in1k-train_aten_clone_default.py'.
Hint: make sure your test modules/packages have valid Python names.
Traceback:
../.pyenv/versions/3.11.10/lib/python3.11/importlib/__init__.py:126: in import_module
    return _bootstrap._gcd_import(name[level:], package, level)
           ^^^^^^^^^^^^^^^^^^^^^^^^^^^^^^^^^^^^^^^^^^^^^^^^^^^^
tests/autogen_op/ghostnetv2_100_in1k-train/test_ghostnetv2_100_in1k-train_aten_clone_default.py:8: in <module>
    import ttnn
E   ModuleNotFoundError: No module named 'ttnn'
_ ERROR collecting tests/autogen_op/ghostnetv2_100_in1k-train/test_ghostnetv2_100_in1k-train_aten_convolution_backward_default.py _
ImportError while importing test module '/Users/Ajay17/pytorch2.0_ttnn/tests/autogen_op/ghostnetv2_100_in1k-train/test_ghostnetv2_100_in1k-train_aten_convolution_backward_default.py'.
Hint: make sure your test modules/packages have valid Python names.
Traceback:
../.pyenv/versions/3.11.10/lib/python3.11/importlib/__init__.py:126: in import_module
    return _bootstrap._gcd_import(name[level:], package, level)
           ^^^^^^^^^^^^^^^^^^^^^^^^^^^^^^^^^^^^^^^^^^^^^^^^^^^^
tests/autogen_op/ghostnetv2_100_in1k-train/test_ghostnetv2_100_in1k-train_aten_convolution_backward_default.py:8: in <module>
    import ttnn
E   ModuleNotFoundError: No module named 'ttnn'
_ ERROR collecting tests/autogen_op/ghostnetv2_100_in1k-train/test_ghostnetv2_100_in1k-train_aten_convolution_default.py _
ImportError while importing test module '/Users/Ajay17/pytorch2.0_ttnn/tests/autogen_op/ghostnetv2_100_in1k-train/test_ghostnetv2_100_in1k-train_aten_convolution_default.py'.
Hint: make sure your test modules/packages have valid Python names.
Traceback:
../.pyenv/versions/3.11.10/lib/python3.11/importlib/__init__.py:126: in import_module
    return _bootstrap._gcd_import(name[level:], package, level)
           ^^^^^^^^^^^^^^^^^^^^^^^^^^^^^^^^^^^^^^^^^^^^^^^^^^^^
tests/autogen_op/ghostnetv2_100_in1k-train/test_ghostnetv2_100_in1k-train_aten_convolution_default.py:8: in <module>
    import ttnn
E   ModuleNotFoundError: No module named 'ttnn'
_ ERROR collecting tests/autogen_op/ghostnetv2_100_in1k-train/test_ghostnetv2_100_in1k-train_aten_copy_default.py _
ImportError while importing test module '/Users/Ajay17/pytorch2.0_ttnn/tests/autogen_op/ghostnetv2_100_in1k-train/test_ghostnetv2_100_in1k-train_aten_copy_default.py'.
Hint: make sure your test modules/packages have valid Python names.
Traceback:
../.pyenv/versions/3.11.10/lib/python3.11/importlib/__init__.py:126: in import_module
    return _bootstrap._gcd_import(name[level:], package, level)
           ^^^^^^^^^^^^^^^^^^^^^^^^^^^^^^^^^^^^^^^^^^^^^^^^^^^^
tests/autogen_op/ghostnetv2_100_in1k-train/test_ghostnetv2_100_in1k-train_aten_copy_default.py:8: in <module>
    import ttnn
E   ModuleNotFoundError: No module named 'ttnn'
_ ERROR collecting tests/autogen_op/ghostnetv2_100_in1k-train/test_ghostnetv2_100_in1k-train_aten_detach_default.py _
ImportError while importing test module '/Users/Ajay17/pytorch2.0_ttnn/tests/autogen_op/ghostnetv2_100_in1k-train/test_ghostnetv2_100_in1k-train_aten_detach_default.py'.
Hint: make sure your test modules/packages have valid Python names.
Traceback:
../.pyenv/versions/3.11.10/lib/python3.11/importlib/__init__.py:126: in import_module
    return _bootstrap._gcd_import(name[level:], package, level)
           ^^^^^^^^^^^^^^^^^^^^^^^^^^^^^^^^^^^^^^^^^^^^^^^^^^^^
tests/autogen_op/ghostnetv2_100_in1k-train/test_ghostnetv2_100_in1k-train_aten_detach_default.py:8: in <module>
    import ttnn
E   ModuleNotFoundError: No module named 'ttnn'
_ ERROR collecting tests/autogen_op/ghostnetv2_100_in1k-train/test_ghostnetv2_100_in1k-train_aten_div_Scalar.py _
ImportError while importing test module '/Users/Ajay17/pytorch2.0_ttnn/tests/autogen_op/ghostnetv2_100_in1k-train/test_ghostnetv2_100_in1k-train_aten_div_Scalar.py'.
Hint: make sure your test modules/packages have valid Python names.
Traceback:
../.pyenv/versions/3.11.10/lib/python3.11/importlib/__init__.py:126: in import_module
    return _bootstrap._gcd_import(name[level:], package, level)
           ^^^^^^^^^^^^^^^^^^^^^^^^^^^^^^^^^^^^^^^^^^^^^^^^^^^^
tests/autogen_op/ghostnetv2_100_in1k-train/test_ghostnetv2_100_in1k-train_aten_div_Scalar.py:8: in <module>
    import ttnn
E   ModuleNotFoundError: No module named 'ttnn'
_ ERROR collecting tests/autogen_op/ghostnetv2_100_in1k-train/test_ghostnetv2_100_in1k-train_aten_expand_default.py _
ImportError while importing test module '/Users/Ajay17/pytorch2.0_ttnn/tests/autogen_op/ghostnetv2_100_in1k-train/test_ghostnetv2_100_in1k-train_aten_expand_default.py'.
Hint: make sure your test modules/packages have valid Python names.
Traceback:
../.pyenv/versions/3.11.10/lib/python3.11/importlib/__init__.py:126: in import_module
    return _bootstrap._gcd_import(name[level:], package, level)
           ^^^^^^^^^^^^^^^^^^^^^^^^^^^^^^^^^^^^^^^^^^^^^^^^^^^^
tests/autogen_op/ghostnetv2_100_in1k-train/test_ghostnetv2_100_in1k-train_aten_expand_default.py:8: in <module>
    import ttnn
E   ModuleNotFoundError: No module named 'ttnn'
_ ERROR collecting tests/autogen_op/ghostnetv2_100_in1k-train/test_ghostnetv2_100_in1k-train_aten_hardsigmoid_backward_default.py _
ImportError while importing test module '/Users/Ajay17/pytorch2.0_ttnn/tests/autogen_op/ghostnetv2_100_in1k-train/test_ghostnetv2_100_in1k-train_aten_hardsigmoid_backward_default.py'.
Hint: make sure your test modules/packages have valid Python names.
Traceback:
../.pyenv/versions/3.11.10/lib/python3.11/importlib/__init__.py:126: in import_module
    return _bootstrap._gcd_import(name[level:], package, level)
           ^^^^^^^^^^^^^^^^^^^^^^^^^^^^^^^^^^^^^^^^^^^^^^^^^^^^
tests/autogen_op/ghostnetv2_100_in1k-train/test_ghostnetv2_100_in1k-train_aten_hardsigmoid_backward_default.py:8: in <module>
    import ttnn
E   ModuleNotFoundError: No module named 'ttnn'
_ ERROR collecting tests/autogen_op/ghostnetv2_100_in1k-train/test_ghostnetv2_100_in1k-train_aten_hardsigmoid_default.py _
ImportError while importing test module '/Users/Ajay17/pytorch2.0_ttnn/tests/autogen_op/ghostnetv2_100_in1k-train/test_ghostnetv2_100_in1k-train_aten_hardsigmoid_default.py'.
Hint: make sure your test modules/packages have valid Python names.
Traceback:
../.pyenv/versions/3.11.10/lib/python3.11/importlib/__init__.py:126: in import_module
    return _bootstrap._gcd_import(name[level:], package, level)
           ^^^^^^^^^^^^^^^^^^^^^^^^^^^^^^^^^^^^^^^^^^^^^^^^^^^^
tests/autogen_op/ghostnetv2_100_in1k-train/test_ghostnetv2_100_in1k-train_aten_hardsigmoid_default.py:8: in <module>
    import ttnn
E   ModuleNotFoundError: No module named 'ttnn'
_ ERROR collecting tests/autogen_op/ghostnetv2_100_in1k-train/test_ghostnetv2_100_in1k-train_aten_mean_dim.py _
ImportError while importing test module '/Users/Ajay17/pytorch2.0_ttnn/tests/autogen_op/ghostnetv2_100_in1k-train/test_ghostnetv2_100_in1k-train_aten_mean_dim.py'.
Hint: make sure your test modules/packages have valid Python names.
Traceback:
../.pyenv/versions/3.11.10/lib/python3.11/importlib/__init__.py:126: in import_module
    return _bootstrap._gcd_import(name[level:], package, level)
           ^^^^^^^^^^^^^^^^^^^^^^^^^^^^^^^^^^^^^^^^^^^^^^^^^^^^
tests/autogen_op/ghostnetv2_100_in1k-train/test_ghostnetv2_100_in1k-train_aten_mean_dim.py:8: in <module>
    import ttnn
E   ModuleNotFoundError: No module named 'ttnn'
_ ERROR collecting tests/autogen_op/ghostnetv2_100_in1k-train/test_ghostnetv2_100_in1k-train_aten_mm_default.py _
ImportError while importing test module '/Users/Ajay17/pytorch2.0_ttnn/tests/autogen_op/ghostnetv2_100_in1k-train/test_ghostnetv2_100_in1k-train_aten_mm_default.py'.
Hint: make sure your test modules/packages have valid Python names.
Traceback:
../.pyenv/versions/3.11.10/lib/python3.11/importlib/__init__.py:126: in import_module
    return _bootstrap._gcd_import(name[level:], package, level)
           ^^^^^^^^^^^^^^^^^^^^^^^^^^^^^^^^^^^^^^^^^^^^^^^^^^^^
tests/autogen_op/ghostnetv2_100_in1k-train/test_ghostnetv2_100_in1k-train_aten_mm_default.py:8: in <module>
    import ttnn
E   ModuleNotFoundError: No module named 'ttnn'
_ ERROR collecting tests/autogen_op/ghostnetv2_100_in1k-train/test_ghostnetv2_100_in1k-train_aten_mul_Tensor.py _
ImportError while importing test module '/Users/Ajay17/pytorch2.0_ttnn/tests/autogen_op/ghostnetv2_100_in1k-train/test_ghostnetv2_100_in1k-train_aten_mul_Tensor.py'.
Hint: make sure your test modules/packages have valid Python names.
Traceback:
../.pyenv/versions/3.11.10/lib/python3.11/importlib/__init__.py:126: in import_module
    return _bootstrap._gcd_import(name[level:], package, level)
           ^^^^^^^^^^^^^^^^^^^^^^^^^^^^^^^^^^^^^^^^^^^^^^^^^^^^
tests/autogen_op/ghostnetv2_100_in1k-train/test_ghostnetv2_100_in1k-train_aten_mul_Tensor.py:8: in <module>
    import ttnn
E   ModuleNotFoundError: No module named 'ttnn'
_ ERROR collecting tests/autogen_op/ghostnetv2_100_in1k-train/test_ghostnetv2_100_in1k-train_aten_native_batch_norm_backward_default.py _
ImportError while importing test module '/Users/Ajay17/pytorch2.0_ttnn/tests/autogen_op/ghostnetv2_100_in1k-train/test_ghostnetv2_100_in1k-train_aten_native_batch_norm_backward_default.py'.
Hint: make sure your test modules/packages have valid Python names.
Traceback:
../.pyenv/versions/3.11.10/lib/python3.11/importlib/__init__.py:126: in import_module
    return _bootstrap._gcd_import(name[level:], package, level)
           ^^^^^^^^^^^^^^^^^^^^^^^^^^^^^^^^^^^^^^^^^^^^^^^^^^^^
tests/autogen_op/ghostnetv2_100_in1k-train/test_ghostnetv2_100_in1k-train_aten_native_batch_norm_backward_default.py:8: in <module>
    import ttnn
E   ModuleNotFoundError: No module named 'ttnn'
_ ERROR collecting tests/autogen_op/ghostnetv2_100_in1k-train/test_ghostnetv2_100_in1k-train_aten_native_dropout_backward_default.py _
ImportError while importing test module '/Users/Ajay17/pytorch2.0_ttnn/tests/autogen_op/ghostnetv2_100_in1k-train/test_ghostnetv2_100_in1k-train_aten_native_dropout_backward_default.py'.
Hint: make sure your test modules/packages have valid Python names.
Traceback:
../.pyenv/versions/3.11.10/lib/python3.11/importlib/__init__.py:126: in import_module
    return _bootstrap._gcd_import(name[level:], package, level)
           ^^^^^^^^^^^^^^^^^^^^^^^^^^^^^^^^^^^^^^^^^^^^^^^^^^^^
tests/autogen_op/ghostnetv2_100_in1k-train/test_ghostnetv2_100_in1k-train_aten_native_dropout_backward_default.py:8: in <module>
    import ttnn
E   ModuleNotFoundError: No module named 'ttnn'
_ ERROR collecting tests/autogen_op/ghostnetv2_100_in1k-train/test_ghostnetv2_100_in1k-train_aten_native_dropout_default.py _
ImportError while importing test module '/Users/Ajay17/pytorch2.0_ttnn/tests/autogen_op/ghostnetv2_100_in1k-train/test_ghostnetv2_100_in1k-train_aten_native_dropout_default.py'.
Hint: make sure your test modules/packages have valid Python names.
Traceback:
../.pyenv/versions/3.11.10/lib/python3.11/importlib/__init__.py:126: in import_module
    return _bootstrap._gcd_import(name[level:], package, level)
           ^^^^^^^^^^^^^^^^^^^^^^^^^^^^^^^^^^^^^^^^^^^^^^^^^^^^
tests/autogen_op/ghostnetv2_100_in1k-train/test_ghostnetv2_100_in1k-train_aten_native_dropout_default.py:8: in <module>
    import ttnn
E   ModuleNotFoundError: No module named 'ttnn'
_ ERROR collecting tests/autogen_op/ghostnetv2_100_in1k-train/test_ghostnetv2_100_in1k-train_aten_new_empty_strided_default.py _
ImportError while importing test module '/Users/Ajay17/pytorch2.0_ttnn/tests/autogen_op/ghostnetv2_100_in1k-train/test_ghostnetv2_100_in1k-train_aten_new_empty_strided_default.py'.
Hint: make sure your test modules/packages have valid Python names.
Traceback:
../.pyenv/versions/3.11.10/lib/python3.11/importlib/__init__.py:126: in import_module
    return _bootstrap._gcd_import(name[level:], package, level)
           ^^^^^^^^^^^^^^^^^^^^^^^^^^^^^^^^^^^^^^^^^^^^^^^^^^^^
tests/autogen_op/ghostnetv2_100_in1k-train/test_ghostnetv2_100_in1k-train_aten_new_empty_strided_default.py:8: in <module>
    import ttnn
E   ModuleNotFoundError: No module named 'ttnn'
_ ERROR collecting tests/autogen_op/ghostnetv2_100_in1k-train/test_ghostnetv2_100_in1k-train_aten_new_zeros_default.py _
ImportError while importing test module '/Users/Ajay17/pytorch2.0_ttnn/tests/autogen_op/ghostnetv2_100_in1k-train/test_ghostnetv2_100_in1k-train_aten_new_zeros_default.py'.
Hint: make sure your test modules/packages have valid Python names.
Traceback:
../.pyenv/versions/3.11.10/lib/python3.11/importlib/__init__.py:126: in import_module
    return _bootstrap._gcd_import(name[level:], package, level)
           ^^^^^^^^^^^^^^^^^^^^^^^^^^^^^^^^^^^^^^^^^^^^^^^^^^^^
tests/autogen_op/ghostnetv2_100_in1k-train/test_ghostnetv2_100_in1k-train_aten_new_zeros_default.py:8: in <module>
    import ttnn
E   ModuleNotFoundError: No module named 'ttnn'
_ ERROR collecting tests/autogen_op/ghostnetv2_100_in1k-train/test_ghostnetv2_100_in1k-train_aten_relu_default.py _
ImportError while importing test module '/Users/Ajay17/pytorch2.0_ttnn/tests/autogen_op/ghostnetv2_100_in1k-train/test_ghostnetv2_100_in1k-train_aten_relu_default.py'.
Hint: make sure your test modules/packages have valid Python names.
Traceback:
../.pyenv/versions/3.11.10/lib/python3.11/importlib/__init__.py:126: in import_module
    return _bootstrap._gcd_import(name[level:], package, level)
           ^^^^^^^^^^^^^^^^^^^^^^^^^^^^^^^^^^^^^^^^^^^^^^^^^^^^
tests/autogen_op/ghostnetv2_100_in1k-train/test_ghostnetv2_100_in1k-train_aten_relu_default.py:8: in <module>
    import ttnn
E   ModuleNotFoundError: No module named 'ttnn'
_ ERROR collecting tests/autogen_op/ghostnetv2_100_in1k-train/test_ghostnetv2_100_in1k-train_aten_sigmoid_backward_default.py _
ImportError while importing test module '/Users/Ajay17/pytorch2.0_ttnn/tests/autogen_op/ghostnetv2_100_in1k-train/test_ghostnetv2_100_in1k-train_aten_sigmoid_backward_default.py'.
Hint: make sure your test modules/packages have valid Python names.
Traceback:
../.pyenv/versions/3.11.10/lib/python3.11/importlib/__init__.py:126: in import_module
    return _bootstrap._gcd_import(name[level:], package, level)
           ^^^^^^^^^^^^^^^^^^^^^^^^^^^^^^^^^^^^^^^^^^^^^^^^^^^^
tests/autogen_op/ghostnetv2_100_in1k-train/test_ghostnetv2_100_in1k-train_aten_sigmoid_backward_default.py:8: in <module>
    import ttnn
E   ModuleNotFoundError: No module named 'ttnn'
_ ERROR collecting tests/autogen_op/ghostnetv2_100_in1k-train/test_ghostnetv2_100_in1k-train_aten_sigmoid_default.py _
ImportError while importing test module '/Users/Ajay17/pytorch2.0_ttnn/tests/autogen_op/ghostnetv2_100_in1k-train/test_ghostnetv2_100_in1k-train_aten_sigmoid_default.py'.
Hint: make sure your test modules/packages have valid Python names.
Traceback:
../.pyenv/versions/3.11.10/lib/python3.11/importlib/__init__.py:126: in import_module
    return _bootstrap._gcd_import(name[level:], package, level)
           ^^^^^^^^^^^^^^^^^^^^^^^^^^^^^^^^^^^^^^^^^^^^^^^^^^^^
tests/autogen_op/ghostnetv2_100_in1k-train/test_ghostnetv2_100_in1k-train_aten_sigmoid_default.py:8: in <module>
    import ttnn
E   ModuleNotFoundError: No module named 'ttnn'
_ ERROR collecting tests/autogen_op/ghostnetv2_100_in1k-train/test_ghostnetv2_100_in1k-train_aten_slice_Tensor.py _
ImportError while importing test module '/Users/Ajay17/pytorch2.0_ttnn/tests/autogen_op/ghostnetv2_100_in1k-train/test_ghostnetv2_100_in1k-train_aten_slice_Tensor.py'.
Hint: make sure your test modules/packages have valid Python names.
Traceback:
../.pyenv/versions/3.11.10/lib/python3.11/importlib/__init__.py:126: in import_module
    return _bootstrap._gcd_import(name[level:], package, level)
           ^^^^^^^^^^^^^^^^^^^^^^^^^^^^^^^^^^^^^^^^^^^^^^^^^^^^
tests/autogen_op/ghostnetv2_100_in1k-train/test_ghostnetv2_100_in1k-train_aten_slice_Tensor.py:8: in <module>
    import ttnn
E   ModuleNotFoundError: No module named 'ttnn'
_ ERROR collecting tests/autogen_op/ghostnetv2_100_in1k-train/test_ghostnetv2_100_in1k-train_aten_slice_backward_default.py _
ImportError while importing test module '/Users/Ajay17/pytorch2.0_ttnn/tests/autogen_op/ghostnetv2_100_in1k-train/test_ghostnetv2_100_in1k-train_aten_slice_backward_default.py'.
Hint: make sure your test modules/packages have valid Python names.
Traceback:
../.pyenv/versions/3.11.10/lib/python3.11/importlib/__init__.py:126: in import_module
    return _bootstrap._gcd_import(name[level:], package, level)
           ^^^^^^^^^^^^^^^^^^^^^^^^^^^^^^^^^^^^^^^^^^^^^^^^^^^^
tests/autogen_op/ghostnetv2_100_in1k-train/test_ghostnetv2_100_in1k-train_aten_slice_backward_default.py:8: in <module>
    import ttnn
E   ModuleNotFoundError: No module named 'ttnn'
_ ERROR collecting tests/autogen_op/ghostnetv2_100_in1k-train/test_ghostnetv2_100_in1k-train_aten_slice_scatter_default.py _
ImportError while importing test module '/Users/Ajay17/pytorch2.0_ttnn/tests/autogen_op/ghostnetv2_100_in1k-train/test_ghostnetv2_100_in1k-train_aten_slice_scatter_default.py'.
Hint: make sure your test modules/packages have valid Python names.
Traceback:
../.pyenv/versions/3.11.10/lib/python3.11/importlib/__init__.py:126: in import_module
    return _bootstrap._gcd_import(name[level:], package, level)
           ^^^^^^^^^^^^^^^^^^^^^^^^^^^^^^^^^^^^^^^^^^^^^^^^^^^^
tests/autogen_op/ghostnetv2_100_in1k-train/test_ghostnetv2_100_in1k-train_aten_slice_scatter_default.py:8: in <module>
    import ttnn
E   ModuleNotFoundError: No module named 'ttnn'
_ ERROR collecting tests/autogen_op/ghostnetv2_100_in1k-train/test_ghostnetv2_100_in1k-train_aten_squeeze_dim.py _
ImportError while importing test module '/Users/Ajay17/pytorch2.0_ttnn/tests/autogen_op/ghostnetv2_100_in1k-train/test_ghostnetv2_100_in1k-train_aten_squeeze_dim.py'.
Hint: make sure your test modules/packages have valid Python names.
Traceback:
../.pyenv/versions/3.11.10/lib/python3.11/importlib/__init__.py:126: in import_module
    return _bootstrap._gcd_import(name[level:], package, level)
           ^^^^^^^^^^^^^^^^^^^^^^^^^^^^^^^^^^^^^^^^^^^^^^^^^^^^
tests/autogen_op/ghostnetv2_100_in1k-train/test_ghostnetv2_100_in1k-train_aten_squeeze_dim.py:8: in <module>
    import ttnn
E   ModuleNotFoundError: No module named 'ttnn'
_ ERROR collecting tests/autogen_op/ghostnetv2_100_in1k-train/test_ghostnetv2_100_in1k-train_aten_sum_dim_IntList.py _
ImportError while importing test module '/Users/Ajay17/pytorch2.0_ttnn/tests/autogen_op/ghostnetv2_100_in1k-train/test_ghostnetv2_100_in1k-train_aten_sum_dim_IntList.py'.
Hint: make sure your test modules/packages have valid Python names.
Traceback:
../.pyenv/versions/3.11.10/lib/python3.11/importlib/__init__.py:126: in import_module
    return _bootstrap._gcd_import(name[level:], package, level)
           ^^^^^^^^^^^^^^^^^^^^^^^^^^^^^^^^^^^^^^^^^^^^^^^^^^^^
tests/autogen_op/ghostnetv2_100_in1k-train/test_ghostnetv2_100_in1k-train_aten_sum_dim_IntList.py:8: in <module>
    import ttnn
E   ModuleNotFoundError: No module named 'ttnn'
_ ERROR collecting tests/autogen_op/ghostnetv2_100_in1k-train/test_ghostnetv2_100_in1k-train_aten_t_default.py _
ImportError while importing test module '/Users/Ajay17/pytorch2.0_ttnn/tests/autogen_op/ghostnetv2_100_in1k-train/test_ghostnetv2_100_in1k-train_aten_t_default.py'.
Hint: make sure your test modules/packages have valid Python names.
Traceback:
../.pyenv/versions/3.11.10/lib/python3.11/importlib/__init__.py:126: in import_module
    return _bootstrap._gcd_import(name[level:], package, level)
           ^^^^^^^^^^^^^^^^^^^^^^^^^^^^^^^^^^^^^^^^^^^^^^^^^^^^
tests/autogen_op/ghostnetv2_100_in1k-train/test_ghostnetv2_100_in1k-train_aten_t_default.py:8: in <module>
    import ttnn
E   ModuleNotFoundError: No module named 'ttnn'
_ ERROR collecting tests/autogen_op/ghostnetv2_100_in1k-train/test_ghostnetv2_100_in1k-train_aten_threshold_backward_default.py _
ImportError while importing test module '/Users/Ajay17/pytorch2.0_ttnn/tests/autogen_op/ghostnetv2_100_in1k-train/test_ghostnetv2_100_in1k-train_aten_threshold_backward_default.py'.
Hint: make sure your test modules/packages have valid Python names.
Traceback:
../.pyenv/versions/3.11.10/lib/python3.11/importlib/__init__.py:126: in import_module
    return _bootstrap._gcd_import(name[level:], package, level)
           ^^^^^^^^^^^^^^^^^^^^^^^^^^^^^^^^^^^^^^^^^^^^^^^^^^^^
tests/autogen_op/ghostnetv2_100_in1k-train/test_ghostnetv2_100_in1k-train_aten_threshold_backward_default.py:8: in <module>
    import ttnn
E   ModuleNotFoundError: No module named 'ttnn'
_ ERROR collecting tests/autogen_op/ghostnetv2_100_in1k-train/test_ghostnetv2_100_in1k-train_aten_view_default.py _
ImportError while importing test module '/Users/Ajay17/pytorch2.0_ttnn/tests/autogen_op/ghostnetv2_100_in1k-train/test_ghostnetv2_100_in1k-train_aten_view_default.py'.
Hint: make sure your test modules/packages have valid Python names.
Traceback:
../.pyenv/versions/3.11.10/lib/python3.11/importlib/__init__.py:126: in import_module
    return _bootstrap._gcd_import(name[level:], package, level)
           ^^^^^^^^^^^^^^^^^^^^^^^^^^^^^^^^^^^^^^^^^^^^^^^^^^^^
tests/autogen_op/ghostnetv2_100_in1k-train/test_ghostnetv2_100_in1k-train_aten_view_default.py:8: in <module>
    import ttnn
E   ModuleNotFoundError: No module named 'ttnn'
_ ERROR collecting tests/autogen_op/googlenet/test_googlenet_aten__native_batch_norm_legit_no_training_default.py _
ImportError while importing test module '/Users/Ajay17/pytorch2.0_ttnn/tests/autogen_op/googlenet/test_googlenet_aten__native_batch_norm_legit_no_training_default.py'.
Hint: make sure your test modules/packages have valid Python names.
Traceback:
../.pyenv/versions/3.11.10/lib/python3.11/importlib/__init__.py:126: in import_module
    return _bootstrap._gcd_import(name[level:], package, level)
           ^^^^^^^^^^^^^^^^^^^^^^^^^^^^^^^^^^^^^^^^^^^^^^^^^^^^
tests/autogen_op/googlenet/test_googlenet_aten__native_batch_norm_legit_no_training_default.py:8: in <module>
    import ttnn
E   ModuleNotFoundError: No module named 'ttnn'
_ ERROR collecting tests/autogen_op/googlenet/test_googlenet_aten_add_Tensor.py _
ImportError while importing test module '/Users/Ajay17/pytorch2.0_ttnn/tests/autogen_op/googlenet/test_googlenet_aten_add_Tensor.py'.
Hint: make sure your test modules/packages have valid Python names.
Traceback:
../.pyenv/versions/3.11.10/lib/python3.11/importlib/__init__.py:126: in import_module
    return _bootstrap._gcd_import(name[level:], package, level)
           ^^^^^^^^^^^^^^^^^^^^^^^^^^^^^^^^^^^^^^^^^^^^^^^^^^^^
tests/autogen_op/googlenet/test_googlenet_aten_add_Tensor.py:8: in <module>
    import ttnn
E   ModuleNotFoundError: No module named 'ttnn'
_ ERROR collecting tests/autogen_op/googlenet/test_googlenet_aten_addmm_default.py _
ImportError while importing test module '/Users/Ajay17/pytorch2.0_ttnn/tests/autogen_op/googlenet/test_googlenet_aten_addmm_default.py'.
Hint: make sure your test modules/packages have valid Python names.
Traceback:
../.pyenv/versions/3.11.10/lib/python3.11/importlib/__init__.py:126: in import_module
    return _bootstrap._gcd_import(name[level:], package, level)
           ^^^^^^^^^^^^^^^^^^^^^^^^^^^^^^^^^^^^^^^^^^^^^^^^^^^^
tests/autogen_op/googlenet/test_googlenet_aten_addmm_default.py:8: in <module>
    import ttnn
E   ModuleNotFoundError: No module named 'ttnn'
_ ERROR collecting tests/autogen_op/googlenet/test_googlenet_aten_cat_default.py _
ImportError while importing test module '/Users/Ajay17/pytorch2.0_ttnn/tests/autogen_op/googlenet/test_googlenet_aten_cat_default.py'.
Hint: make sure your test modules/packages have valid Python names.
Traceback:
../.pyenv/versions/3.11.10/lib/python3.11/importlib/__init__.py:126: in import_module
    return _bootstrap._gcd_import(name[level:], package, level)
           ^^^^^^^^^^^^^^^^^^^^^^^^^^^^^^^^^^^^^^^^^^^^^^^^^^^^
tests/autogen_op/googlenet/test_googlenet_aten_cat_default.py:8: in <module>
    import ttnn
E   ModuleNotFoundError: No module named 'ttnn'
_ ERROR collecting tests/autogen_op/googlenet/test_googlenet_aten_clone_default.py _
ImportError while importing test module '/Users/Ajay17/pytorch2.0_ttnn/tests/autogen_op/googlenet/test_googlenet_aten_clone_default.py'.
Hint: make sure your test modules/packages have valid Python names.
Traceback:
../.pyenv/versions/3.11.10/lib/python3.11/importlib/__init__.py:126: in import_module
    return _bootstrap._gcd_import(name[level:], package, level)
           ^^^^^^^^^^^^^^^^^^^^^^^^^^^^^^^^^^^^^^^^^^^^^^^^^^^^
tests/autogen_op/googlenet/test_googlenet_aten_clone_default.py:8: in <module>
    import ttnn
E   ModuleNotFoundError: No module named 'ttnn'
_ ERROR collecting tests/autogen_op/googlenet/test_googlenet_aten_convolution_default.py _
ImportError while importing test module '/Users/Ajay17/pytorch2.0_ttnn/tests/autogen_op/googlenet/test_googlenet_aten_convolution_default.py'.
Hint: make sure your test modules/packages have valid Python names.
Traceback:
../.pyenv/versions/3.11.10/lib/python3.11/importlib/__init__.py:126: in import_module
    return _bootstrap._gcd_import(name[level:], package, level)
           ^^^^^^^^^^^^^^^^^^^^^^^^^^^^^^^^^^^^^^^^^^^^^^^^^^^^
tests/autogen_op/googlenet/test_googlenet_aten_convolution_default.py:8: in <module>
    import ttnn
E   ModuleNotFoundError: No module named 'ttnn'
_ ERROR collecting tests/autogen_op/googlenet/test_googlenet_aten_max_pool2d_with_indices_default.py _
ImportError while importing test module '/Users/Ajay17/pytorch2.0_ttnn/tests/autogen_op/googlenet/test_googlenet_aten_max_pool2d_with_indices_default.py'.
Hint: make sure your test modules/packages have valid Python names.
Traceback:
../.pyenv/versions/3.11.10/lib/python3.11/importlib/__init__.py:126: in import_module
    return _bootstrap._gcd_import(name[level:], package, level)
           ^^^^^^^^^^^^^^^^^^^^^^^^^^^^^^^^^^^^^^^^^^^^^^^^^^^^
tests/autogen_op/googlenet/test_googlenet_aten_max_pool2d_with_indices_default.py:8: in <module>
    import ttnn
E   ModuleNotFoundError: No module named 'ttnn'
_ ERROR collecting tests/autogen_op/googlenet/test_googlenet_aten_mean_dim.py __
ImportError while importing test module '/Users/Ajay17/pytorch2.0_ttnn/tests/autogen_op/googlenet/test_googlenet_aten_mean_dim.py'.
Hint: make sure your test modules/packages have valid Python names.
Traceback:
../.pyenv/versions/3.11.10/lib/python3.11/importlib/__init__.py:126: in import_module
    return _bootstrap._gcd_import(name[level:], package, level)
           ^^^^^^^^^^^^^^^^^^^^^^^^^^^^^^^^^^^^^^^^^^^^^^^^^^^^
tests/autogen_op/googlenet/test_googlenet_aten_mean_dim.py:8: in <module>
    import ttnn
E   ModuleNotFoundError: No module named 'ttnn'
_ ERROR collecting tests/autogen_op/googlenet/test_googlenet_aten_mul_Tensor.py _
ImportError while importing test module '/Users/Ajay17/pytorch2.0_ttnn/tests/autogen_op/googlenet/test_googlenet_aten_mul_Tensor.py'.
Hint: make sure your test modules/packages have valid Python names.
Traceback:
../.pyenv/versions/3.11.10/lib/python3.11/importlib/__init__.py:126: in import_module
    return _bootstrap._gcd_import(name[level:], package, level)
           ^^^^^^^^^^^^^^^^^^^^^^^^^^^^^^^^^^^^^^^^^^^^^^^^^^^^
tests/autogen_op/googlenet/test_googlenet_aten_mul_Tensor.py:8: in <module>
    import ttnn
E   ModuleNotFoundError: No module named 'ttnn'
_ ERROR collecting tests/autogen_op/googlenet/test_googlenet_aten_relu_default.py _
ImportError while importing test module '/Users/Ajay17/pytorch2.0_ttnn/tests/autogen_op/googlenet/test_googlenet_aten_relu_default.py'.
Hint: make sure your test modules/packages have valid Python names.
Traceback:
../.pyenv/versions/3.11.10/lib/python3.11/importlib/__init__.py:126: in import_module
    return _bootstrap._gcd_import(name[level:], package, level)
           ^^^^^^^^^^^^^^^^^^^^^^^^^^^^^^^^^^^^^^^^^^^^^^^^^^^^
tests/autogen_op/googlenet/test_googlenet_aten_relu_default.py:8: in <module>
    import ttnn
E   ModuleNotFoundError: No module named 'ttnn'
_ ERROR collecting tests/autogen_op/googlenet/test_googlenet_aten_select_int.py _
ImportError while importing test module '/Users/Ajay17/pytorch2.0_ttnn/tests/autogen_op/googlenet/test_googlenet_aten_select_int.py'.
Hint: make sure your test modules/packages have valid Python names.
Traceback:
../.pyenv/versions/3.11.10/lib/python3.11/importlib/__init__.py:126: in import_module
    return _bootstrap._gcd_import(name[level:], package, level)
           ^^^^^^^^^^^^^^^^^^^^^^^^^^^^^^^^^^^^^^^^^^^^^^^^^^^^
tests/autogen_op/googlenet/test_googlenet_aten_select_int.py:8: in <module>
    import ttnn
E   ModuleNotFoundError: No module named 'ttnn'
_ ERROR collecting tests/autogen_op/googlenet/test_googlenet_aten_slice_Tensor.py _
ImportError while importing test module '/Users/Ajay17/pytorch2.0_ttnn/tests/autogen_op/googlenet/test_googlenet_aten_slice_Tensor.py'.
Hint: make sure your test modules/packages have valid Python names.
Traceback:
../.pyenv/versions/3.11.10/lib/python3.11/importlib/__init__.py:126: in import_module
    return _bootstrap._gcd_import(name[level:], package, level)
           ^^^^^^^^^^^^^^^^^^^^^^^^^^^^^^^^^^^^^^^^^^^^^^^^^^^^
tests/autogen_op/googlenet/test_googlenet_aten_slice_Tensor.py:8: in <module>
    import ttnn
E   ModuleNotFoundError: No module named 'ttnn'
_ ERROR collecting tests/autogen_op/googlenet/test_googlenet_aten_t_default.py _
ImportError while importing test module '/Users/Ajay17/pytorch2.0_ttnn/tests/autogen_op/googlenet/test_googlenet_aten_t_default.py'.
Hint: make sure your test modules/packages have valid Python names.
Traceback:
../.pyenv/versions/3.11.10/lib/python3.11/importlib/__init__.py:126: in import_module
    return _bootstrap._gcd_import(name[level:], package, level)
           ^^^^^^^^^^^^^^^^^^^^^^^^^^^^^^^^^^^^^^^^^^^^^^^^^^^^
tests/autogen_op/googlenet/test_googlenet_aten_t_default.py:8: in <module>
    import ttnn
E   ModuleNotFoundError: No module named 'ttnn'
_ ERROR collecting tests/autogen_op/googlenet/test_googlenet_aten_unsqueeze_default.py _
ImportError while importing test module '/Users/Ajay17/pytorch2.0_ttnn/tests/autogen_op/googlenet/test_googlenet_aten_unsqueeze_default.py'.
Hint: make sure your test modules/packages have valid Python names.
Traceback:
../.pyenv/versions/3.11.10/lib/python3.11/importlib/__init__.py:126: in import_module
    return _bootstrap._gcd_import(name[level:], package, level)
           ^^^^^^^^^^^^^^^^^^^^^^^^^^^^^^^^^^^^^^^^^^^^^^^^^^^^
tests/autogen_op/googlenet/test_googlenet_aten_unsqueeze_default.py:8: in <module>
    import ttnn
E   ModuleNotFoundError: No module named 'ttnn'
_ ERROR collecting tests/autogen_op/googlenet/test_googlenet_aten_view_default.py _
ImportError while importing test module '/Users/Ajay17/pytorch2.0_ttnn/tests/autogen_op/googlenet/test_googlenet_aten_view_default.py'.
Hint: make sure your test modules/packages have valid Python names.
Traceback:
../.pyenv/versions/3.11.10/lib/python3.11/importlib/__init__.py:126: in import_module
    return _bootstrap._gcd_import(name[level:], package, level)
           ^^^^^^^^^^^^^^^^^^^^^^^^^^^^^^^^^^^^^^^^^^^^^^^^^^^^
tests/autogen_op/googlenet/test_googlenet_aten_view_default.py:8: in <module>
    import ttnn
E   ModuleNotFoundError: No module named 'ttnn'
_ ERROR collecting tests/autogen_op/hrnet_w18_ms_aug_in1k/test_hrnet_w18_ms_aug_in1k_aten__native_batch_norm_legit_no_training_default.py _
ImportError while importing test module '/Users/Ajay17/pytorch2.0_ttnn/tests/autogen_op/hrnet_w18_ms_aug_in1k/test_hrnet_w18_ms_aug_in1k_aten__native_batch_norm_legit_no_training_default.py'.
Hint: make sure your test modules/packages have valid Python names.
Traceback:
../.pyenv/versions/3.11.10/lib/python3.11/importlib/__init__.py:126: in import_module
    return _bootstrap._gcd_import(name[level:], package, level)
           ^^^^^^^^^^^^^^^^^^^^^^^^^^^^^^^^^^^^^^^^^^^^^^^^^^^^
tests/autogen_op/hrnet_w18_ms_aug_in1k/test_hrnet_w18_ms_aug_in1k_aten__native_batch_norm_legit_no_training_default.py:8: in <module>
    import ttnn
E   ModuleNotFoundError: No module named 'ttnn'
_ ERROR collecting tests/autogen_op/hrnet_w18_ms_aug_in1k/test_hrnet_w18_ms_aug_in1k_aten__to_copy_default.py _
ImportError while importing test module '/Users/Ajay17/pytorch2.0_ttnn/tests/autogen_op/hrnet_w18_ms_aug_in1k/test_hrnet_w18_ms_aug_in1k_aten__to_copy_default.py'.
Hint: make sure your test modules/packages have valid Python names.
Traceback:
../.pyenv/versions/3.11.10/lib/python3.11/importlib/__init__.py:126: in import_module
    return _bootstrap._gcd_import(name[level:], package, level)
           ^^^^^^^^^^^^^^^^^^^^^^^^^^^^^^^^^^^^^^^^^^^^^^^^^^^^
tests/autogen_op/hrnet_w18_ms_aug_in1k/test_hrnet_w18_ms_aug_in1k_aten__to_copy_default.py:8: in <module>
    import ttnn
E   ModuleNotFoundError: No module named 'ttnn'
_ ERROR collecting tests/autogen_op/hrnet_w18_ms_aug_in1k/test_hrnet_w18_ms_aug_in1k_aten__unsafe_index_Tensor.py _
ImportError while importing test module '/Users/Ajay17/pytorch2.0_ttnn/tests/autogen_op/hrnet_w18_ms_aug_in1k/test_hrnet_w18_ms_aug_in1k_aten__unsafe_index_Tensor.py'.
Hint: make sure your test modules/packages have valid Python names.
Traceback:
../.pyenv/versions/3.11.10/lib/python3.11/importlib/__init__.py:126: in import_module
    return _bootstrap._gcd_import(name[level:], package, level)
           ^^^^^^^^^^^^^^^^^^^^^^^^^^^^^^^^^^^^^^^^^^^^^^^^^^^^
tests/autogen_op/hrnet_w18_ms_aug_in1k/test_hrnet_w18_ms_aug_in1k_aten__unsafe_index_Tensor.py:8: in <module>
    import ttnn
E   ModuleNotFoundError: No module named 'ttnn'
_ ERROR collecting tests/autogen_op/hrnet_w18_ms_aug_in1k/test_hrnet_w18_ms_aug_in1k_aten_add_Tensor.py _
ImportError while importing test module '/Users/Ajay17/pytorch2.0_ttnn/tests/autogen_op/hrnet_w18_ms_aug_in1k/test_hrnet_w18_ms_aug_in1k_aten_add_Tensor.py'.
Hint: make sure your test modules/packages have valid Python names.
Traceback:
../.pyenv/versions/3.11.10/lib/python3.11/importlib/__init__.py:126: in import_module
    return _bootstrap._gcd_import(name[level:], package, level)
           ^^^^^^^^^^^^^^^^^^^^^^^^^^^^^^^^^^^^^^^^^^^^^^^^^^^^
tests/autogen_op/hrnet_w18_ms_aug_in1k/test_hrnet_w18_ms_aug_in1k_aten_add_Tensor.py:8: in <module>
    import ttnn
E   ModuleNotFoundError: No module named 'ttnn'
_ ERROR collecting tests/autogen_op/hrnet_w18_ms_aug_in1k/test_hrnet_w18_ms_aug_in1k_aten_addmm_default.py _
ImportError while importing test module '/Users/Ajay17/pytorch2.0_ttnn/tests/autogen_op/hrnet_w18_ms_aug_in1k/test_hrnet_w18_ms_aug_in1k_aten_addmm_default.py'.
Hint: make sure your test modules/packages have valid Python names.
Traceback:
../.pyenv/versions/3.11.10/lib/python3.11/importlib/__init__.py:126: in import_module
    return _bootstrap._gcd_import(name[level:], package, level)
           ^^^^^^^^^^^^^^^^^^^^^^^^^^^^^^^^^^^^^^^^^^^^^^^^^^^^
tests/autogen_op/hrnet_w18_ms_aug_in1k/test_hrnet_w18_ms_aug_in1k_aten_addmm_default.py:8: in <module>
    import ttnn
E   ModuleNotFoundError: No module named 'ttnn'
_ ERROR collecting tests/autogen_op/hrnet_w18_ms_aug_in1k/test_hrnet_w18_ms_aug_in1k_aten_clone_default.py _
ImportError while importing test module '/Users/Ajay17/pytorch2.0_ttnn/tests/autogen_op/hrnet_w18_ms_aug_in1k/test_hrnet_w18_ms_aug_in1k_aten_clone_default.py'.
Hint: make sure your test modules/packages have valid Python names.
Traceback:
../.pyenv/versions/3.11.10/lib/python3.11/importlib/__init__.py:126: in import_module
    return _bootstrap._gcd_import(name[level:], package, level)
           ^^^^^^^^^^^^^^^^^^^^^^^^^^^^^^^^^^^^^^^^^^^^^^^^^^^^
tests/autogen_op/hrnet_w18_ms_aug_in1k/test_hrnet_w18_ms_aug_in1k_aten_clone_default.py:8: in <module>
    import ttnn
E   ModuleNotFoundError: No module named 'ttnn'
_ ERROR collecting tests/autogen_op/hrnet_w18_ms_aug_in1k/test_hrnet_w18_ms_aug_in1k_aten_convolution_default.py _
ImportError while importing test module '/Users/Ajay17/pytorch2.0_ttnn/tests/autogen_op/hrnet_w18_ms_aug_in1k/test_hrnet_w18_ms_aug_in1k_aten_convolution_default.py'.
Hint: make sure your test modules/packages have valid Python names.
Traceback:
../.pyenv/versions/3.11.10/lib/python3.11/importlib/__init__.py:126: in import_module
    return _bootstrap._gcd_import(name[level:], package, level)
           ^^^^^^^^^^^^^^^^^^^^^^^^^^^^^^^^^^^^^^^^^^^^^^^^^^^^
tests/autogen_op/hrnet_w18_ms_aug_in1k/test_hrnet_w18_ms_aug_in1k_aten_convolution_default.py:8: in <module>
    import ttnn
E   ModuleNotFoundError: No module named 'ttnn'
_ ERROR collecting tests/autogen_op/hrnet_w18_ms_aug_in1k/test_hrnet_w18_ms_aug_in1k_aten_mean_dim.py _
ImportError while importing test module '/Users/Ajay17/pytorch2.0_ttnn/tests/autogen_op/hrnet_w18_ms_aug_in1k/test_hrnet_w18_ms_aug_in1k_aten_mean_dim.py'.
Hint: make sure your test modules/packages have valid Python names.
Traceback:
../.pyenv/versions/3.11.10/lib/python3.11/importlib/__init__.py:126: in import_module
    return _bootstrap._gcd_import(name[level:], package, level)
           ^^^^^^^^^^^^^^^^^^^^^^^^^^^^^^^^^^^^^^^^^^^^^^^^^^^^
tests/autogen_op/hrnet_w18_ms_aug_in1k/test_hrnet_w18_ms_aug_in1k_aten_mean_dim.py:8: in <module>
    import ttnn
E   ModuleNotFoundError: No module named 'ttnn'
_ ERROR collecting tests/autogen_op/hrnet_w18_ms_aug_in1k/test_hrnet_w18_ms_aug_in1k_aten_relu_default.py _
ImportError while importing test module '/Users/Ajay17/pytorch2.0_ttnn/tests/autogen_op/hrnet_w18_ms_aug_in1k/test_hrnet_w18_ms_aug_in1k_aten_relu_default.py'.
Hint: make sure your test modules/packages have valid Python names.
Traceback:
../.pyenv/versions/3.11.10/lib/python3.11/importlib/__init__.py:126: in import_module
    return _bootstrap._gcd_import(name[level:], package, level)
           ^^^^^^^^^^^^^^^^^^^^^^^^^^^^^^^^^^^^^^^^^^^^^^^^^^^^
tests/autogen_op/hrnet_w18_ms_aug_in1k/test_hrnet_w18_ms_aug_in1k_aten_relu_default.py:8: in <module>
    import ttnn
E   ModuleNotFoundError: No module named 'ttnn'
_ ERROR collecting tests/autogen_op/hrnet_w18_ms_aug_in1k/test_hrnet_w18_ms_aug_in1k_aten_t_default.py _
ImportError while importing test module '/Users/Ajay17/pytorch2.0_ttnn/tests/autogen_op/hrnet_w18_ms_aug_in1k/test_hrnet_w18_ms_aug_in1k_aten_t_default.py'.
Hint: make sure your test modules/packages have valid Python names.
Traceback:
../.pyenv/versions/3.11.10/lib/python3.11/importlib/__init__.py:126: in import_module
    return _bootstrap._gcd_import(name[level:], package, level)
           ^^^^^^^^^^^^^^^^^^^^^^^^^^^^^^^^^^^^^^^^^^^^^^^^^^^^
tests/autogen_op/hrnet_w18_ms_aug_in1k/test_hrnet_w18_ms_aug_in1k_aten_t_default.py:8: in <module>
    import ttnn
E   ModuleNotFoundError: No module named 'ttnn'
_ ERROR collecting tests/autogen_op/hrnet_w18_ms_aug_in1k/test_hrnet_w18_ms_aug_in1k_aten_view_default.py _
ImportError while importing test module '/Users/Ajay17/pytorch2.0_ttnn/tests/autogen_op/hrnet_w18_ms_aug_in1k/test_hrnet_w18_ms_aug_in1k_aten_view_default.py'.
Hint: make sure your test modules/packages have valid Python names.
Traceback:
../.pyenv/versions/3.11.10/lib/python3.11/importlib/__init__.py:126: in import_module
    return _bootstrap._gcd_import(name[level:], package, level)
           ^^^^^^^^^^^^^^^^^^^^^^^^^^^^^^^^^^^^^^^^^^^^^^^^^^^^
tests/autogen_op/hrnet_w18_ms_aug_in1k/test_hrnet_w18_ms_aug_in1k_aten_view_default.py:8: in <module>
    import ttnn
E   ModuleNotFoundError: No module named 'ttnn'
_ ERROR collecting tests/autogen_op/hrnet_w18_ms_aug_in1k-train/test_hrnet_w18_ms_aug_in1k-train_aten__native_batch_norm_legit_functional_default.py _
ImportError while importing test module '/Users/Ajay17/pytorch2.0_ttnn/tests/autogen_op/hrnet_w18_ms_aug_in1k-train/test_hrnet_w18_ms_aug_in1k-train_aten__native_batch_norm_legit_functional_default.py'.
Hint: make sure your test modules/packages have valid Python names.
Traceback:
../.pyenv/versions/3.11.10/lib/python3.11/importlib/__init__.py:126: in import_module
    return _bootstrap._gcd_import(name[level:], package, level)
           ^^^^^^^^^^^^^^^^^^^^^^^^^^^^^^^^^^^^^^^^^^^^^^^^^^^^
tests/autogen_op/hrnet_w18_ms_aug_in1k-train/test_hrnet_w18_ms_aug_in1k-train_aten__native_batch_norm_legit_functional_default.py:8: in <module>
    import ttnn
E   ModuleNotFoundError: No module named 'ttnn'
_ ERROR collecting tests/autogen_op/hrnet_w18_ms_aug_in1k-train/test_hrnet_w18_ms_aug_in1k-train_aten__to_copy_default.py _
ImportError while importing test module '/Users/Ajay17/pytorch2.0_ttnn/tests/autogen_op/hrnet_w18_ms_aug_in1k-train/test_hrnet_w18_ms_aug_in1k-train_aten__to_copy_default.py'.
Hint: make sure your test modules/packages have valid Python names.
Traceback:
../.pyenv/versions/3.11.10/lib/python3.11/importlib/__init__.py:126: in import_module
    return _bootstrap._gcd_import(name[level:], package, level)
           ^^^^^^^^^^^^^^^^^^^^^^^^^^^^^^^^^^^^^^^^^^^^^^^^^^^^
tests/autogen_op/hrnet_w18_ms_aug_in1k-train/test_hrnet_w18_ms_aug_in1k-train_aten__to_copy_default.py:8: in <module>
    import ttnn
E   ModuleNotFoundError: No module named 'ttnn'
_ ERROR collecting tests/autogen_op/hrnet_w18_ms_aug_in1k-train/test_hrnet_w18_ms_aug_in1k-train_aten__unsafe_index_Tensor.py _
ImportError while importing test module '/Users/Ajay17/pytorch2.0_ttnn/tests/autogen_op/hrnet_w18_ms_aug_in1k-train/test_hrnet_w18_ms_aug_in1k-train_aten__unsafe_index_Tensor.py'.
Hint: make sure your test modules/packages have valid Python names.
Traceback:
../.pyenv/versions/3.11.10/lib/python3.11/importlib/__init__.py:126: in import_module
    return _bootstrap._gcd_import(name[level:], package, level)
           ^^^^^^^^^^^^^^^^^^^^^^^^^^^^^^^^^^^^^^^^^^^^^^^^^^^^
tests/autogen_op/hrnet_w18_ms_aug_in1k-train/test_hrnet_w18_ms_aug_in1k-train_aten__unsafe_index_Tensor.py:8: in <module>
    import ttnn
E   ModuleNotFoundError: No module named 'ttnn'
_ ERROR collecting tests/autogen_op/hrnet_w18_ms_aug_in1k-train/test_hrnet_w18_ms_aug_in1k-train_aten__unsafe_index_put_default.py _
ImportError while importing test module '/Users/Ajay17/pytorch2.0_ttnn/tests/autogen_op/hrnet_w18_ms_aug_in1k-train/test_hrnet_w18_ms_aug_in1k-train_aten__unsafe_index_put_default.py'.
Hint: make sure your test modules/packages have valid Python names.
Traceback:
../.pyenv/versions/3.11.10/lib/python3.11/importlib/__init__.py:126: in import_module
    return _bootstrap._gcd_import(name[level:], package, level)
           ^^^^^^^^^^^^^^^^^^^^^^^^^^^^^^^^^^^^^^^^^^^^^^^^^^^^
tests/autogen_op/hrnet_w18_ms_aug_in1k-train/test_hrnet_w18_ms_aug_in1k-train_aten__unsafe_index_put_default.py:8: in <module>
    import ttnn
E   ModuleNotFoundError: No module named 'ttnn'
_ ERROR collecting tests/autogen_op/hrnet_w18_ms_aug_in1k-train/test_hrnet_w18_ms_aug_in1k-train_aten_add_Tensor.py _
ImportError while importing test module '/Users/Ajay17/pytorch2.0_ttnn/tests/autogen_op/hrnet_w18_ms_aug_in1k-train/test_hrnet_w18_ms_aug_in1k-train_aten_add_Tensor.py'.
Hint: make sure your test modules/packages have valid Python names.
Traceback:
../.pyenv/versions/3.11.10/lib/python3.11/importlib/__init__.py:126: in import_module
    return _bootstrap._gcd_import(name[level:], package, level)
           ^^^^^^^^^^^^^^^^^^^^^^^^^^^^^^^^^^^^^^^^^^^^^^^^^^^^
tests/autogen_op/hrnet_w18_ms_aug_in1k-train/test_hrnet_w18_ms_aug_in1k-train_aten_add_Tensor.py:8: in <module>
    import ttnn
E   ModuleNotFoundError: No module named 'ttnn'
_ ERROR collecting tests/autogen_op/hrnet_w18_ms_aug_in1k-train/test_hrnet_w18_ms_aug_in1k-train_aten_addmm_default.py _
ImportError while importing test module '/Users/Ajay17/pytorch2.0_ttnn/tests/autogen_op/hrnet_w18_ms_aug_in1k-train/test_hrnet_w18_ms_aug_in1k-train_aten_addmm_default.py'.
Hint: make sure your test modules/packages have valid Python names.
Traceback:
../.pyenv/versions/3.11.10/lib/python3.11/importlib/__init__.py:126: in import_module
    return _bootstrap._gcd_import(name[level:], package, level)
           ^^^^^^^^^^^^^^^^^^^^^^^^^^^^^^^^^^^^^^^^^^^^^^^^^^^^
tests/autogen_op/hrnet_w18_ms_aug_in1k-train/test_hrnet_w18_ms_aug_in1k-train_aten_addmm_default.py:8: in <module>
    import ttnn
E   ModuleNotFoundError: No module named 'ttnn'
_ ERROR collecting tests/autogen_op/hrnet_w18_ms_aug_in1k-train/test_hrnet_w18_ms_aug_in1k-train_aten_clone_default.py _
ImportError while importing test module '/Users/Ajay17/pytorch2.0_ttnn/tests/autogen_op/hrnet_w18_ms_aug_in1k-train/test_hrnet_w18_ms_aug_in1k-train_aten_clone_default.py'.
Hint: make sure your test modules/packages have valid Python names.
Traceback:
../.pyenv/versions/3.11.10/lib/python3.11/importlib/__init__.py:126: in import_module
    return _bootstrap._gcd_import(name[level:], package, level)
           ^^^^^^^^^^^^^^^^^^^^^^^^^^^^^^^^^^^^^^^^^^^^^^^^^^^^
tests/autogen_op/hrnet_w18_ms_aug_in1k-train/test_hrnet_w18_ms_aug_in1k-train_aten_clone_default.py:8: in <module>
    import ttnn
E   ModuleNotFoundError: No module named 'ttnn'
_ ERROR collecting tests/autogen_op/hrnet_w18_ms_aug_in1k-train/test_hrnet_w18_ms_aug_in1k-train_aten_convolution_backward_default.py _
ImportError while importing test module '/Users/Ajay17/pytorch2.0_ttnn/tests/autogen_op/hrnet_w18_ms_aug_in1k-train/test_hrnet_w18_ms_aug_in1k-train_aten_convolution_backward_default.py'.
Hint: make sure your test modules/packages have valid Python names.
Traceback:
../.pyenv/versions/3.11.10/lib/python3.11/importlib/__init__.py:126: in import_module
    return _bootstrap._gcd_import(name[level:], package, level)
           ^^^^^^^^^^^^^^^^^^^^^^^^^^^^^^^^^^^^^^^^^^^^^^^^^^^^
tests/autogen_op/hrnet_w18_ms_aug_in1k-train/test_hrnet_w18_ms_aug_in1k-train_aten_convolution_backward_default.py:8: in <module>
    import ttnn
E   ModuleNotFoundError: No module named 'ttnn'
_ ERROR collecting tests/autogen_op/hrnet_w18_ms_aug_in1k-train/test_hrnet_w18_ms_aug_in1k-train_aten_convolution_default.py _
ImportError while importing test module '/Users/Ajay17/pytorch2.0_ttnn/tests/autogen_op/hrnet_w18_ms_aug_in1k-train/test_hrnet_w18_ms_aug_in1k-train_aten_convolution_default.py'.
Hint: make sure your test modules/packages have valid Python names.
Traceback:
../.pyenv/versions/3.11.10/lib/python3.11/importlib/__init__.py:126: in import_module
    return _bootstrap._gcd_import(name[level:], package, level)
           ^^^^^^^^^^^^^^^^^^^^^^^^^^^^^^^^^^^^^^^^^^^^^^^^^^^^
tests/autogen_op/hrnet_w18_ms_aug_in1k-train/test_hrnet_w18_ms_aug_in1k-train_aten_convolution_default.py:8: in <module>
    import ttnn
E   ModuleNotFoundError: No module named 'ttnn'
_ ERROR collecting tests/autogen_op/hrnet_w18_ms_aug_in1k-train/test_hrnet_w18_ms_aug_in1k-train_aten_detach_default.py _
ImportError while importing test module '/Users/Ajay17/pytorch2.0_ttnn/tests/autogen_op/hrnet_w18_ms_aug_in1k-train/test_hrnet_w18_ms_aug_in1k-train_aten_detach_default.py'.
Hint: make sure your test modules/packages have valid Python names.
Traceback:
../.pyenv/versions/3.11.10/lib/python3.11/importlib/__init__.py:126: in import_module
    return _bootstrap._gcd_import(name[level:], package, level)
           ^^^^^^^^^^^^^^^^^^^^^^^^^^^^^^^^^^^^^^^^^^^^^^^^^^^^
tests/autogen_op/hrnet_w18_ms_aug_in1k-train/test_hrnet_w18_ms_aug_in1k-train_aten_detach_default.py:8: in <module>
    import ttnn
E   ModuleNotFoundError: No module named 'ttnn'
_ ERROR collecting tests/autogen_op/hrnet_w18_ms_aug_in1k-train/test_hrnet_w18_ms_aug_in1k-train_aten_div_Scalar.py _
ImportError while importing test module '/Users/Ajay17/pytorch2.0_ttnn/tests/autogen_op/hrnet_w18_ms_aug_in1k-train/test_hrnet_w18_ms_aug_in1k-train_aten_div_Scalar.py'.
Hint: make sure your test modules/packages have valid Python names.
Traceback:
../.pyenv/versions/3.11.10/lib/python3.11/importlib/__init__.py:126: in import_module
    return _bootstrap._gcd_import(name[level:], package, level)
           ^^^^^^^^^^^^^^^^^^^^^^^^^^^^^^^^^^^^^^^^^^^^^^^^^^^^
tests/autogen_op/hrnet_w18_ms_aug_in1k-train/test_hrnet_w18_ms_aug_in1k-train_aten_div_Scalar.py:8: in <module>
    import ttnn
E   ModuleNotFoundError: No module named 'ttnn'
_ ERROR collecting tests/autogen_op/hrnet_w18_ms_aug_in1k-train/test_hrnet_w18_ms_aug_in1k-train_aten_expand_default.py _
ImportError while importing test module '/Users/Ajay17/pytorch2.0_ttnn/tests/autogen_op/hrnet_w18_ms_aug_in1k-train/test_hrnet_w18_ms_aug_in1k-train_aten_expand_default.py'.
Hint: make sure your test modules/packages have valid Python names.
Traceback:
../.pyenv/versions/3.11.10/lib/python3.11/importlib/__init__.py:126: in import_module
    return _bootstrap._gcd_import(name[level:], package, level)
           ^^^^^^^^^^^^^^^^^^^^^^^^^^^^^^^^^^^^^^^^^^^^^^^^^^^^
tests/autogen_op/hrnet_w18_ms_aug_in1k-train/test_hrnet_w18_ms_aug_in1k-train_aten_expand_default.py:8: in <module>
    import ttnn
E   ModuleNotFoundError: No module named 'ttnn'
_ ERROR collecting tests/autogen_op/hrnet_w18_ms_aug_in1k-train/test_hrnet_w18_ms_aug_in1k-train_aten_mean_dim.py _
ImportError while importing test module '/Users/Ajay17/pytorch2.0_ttnn/tests/autogen_op/hrnet_w18_ms_aug_in1k-train/test_hrnet_w18_ms_aug_in1k-train_aten_mean_dim.py'.
Hint: make sure your test modules/packages have valid Python names.
Traceback:
../.pyenv/versions/3.11.10/lib/python3.11/importlib/__init__.py:126: in import_module
    return _bootstrap._gcd_import(name[level:], package, level)
           ^^^^^^^^^^^^^^^^^^^^^^^^^^^^^^^^^^^^^^^^^^^^^^^^^^^^
tests/autogen_op/hrnet_w18_ms_aug_in1k-train/test_hrnet_w18_ms_aug_in1k-train_aten_mean_dim.py:8: in <module>
    import ttnn
E   ModuleNotFoundError: No module named 'ttnn'
_ ERROR collecting tests/autogen_op/hrnet_w18_ms_aug_in1k-train/test_hrnet_w18_ms_aug_in1k-train_aten_mm_default.py _
ImportError while importing test module '/Users/Ajay17/pytorch2.0_ttnn/tests/autogen_op/hrnet_w18_ms_aug_in1k-train/test_hrnet_w18_ms_aug_in1k-train_aten_mm_default.py'.
Hint: make sure your test modules/packages have valid Python names.
Traceback:
../.pyenv/versions/3.11.10/lib/python3.11/importlib/__init__.py:126: in import_module
    return _bootstrap._gcd_import(name[level:], package, level)
           ^^^^^^^^^^^^^^^^^^^^^^^^^^^^^^^^^^^^^^^^^^^^^^^^^^^^
tests/autogen_op/hrnet_w18_ms_aug_in1k-train/test_hrnet_w18_ms_aug_in1k-train_aten_mm_default.py:8: in <module>
    import ttnn
E   ModuleNotFoundError: No module named 'ttnn'
_ ERROR collecting tests/autogen_op/hrnet_w18_ms_aug_in1k-train/test_hrnet_w18_ms_aug_in1k-train_aten_native_batch_norm_backward_default.py _
ImportError while importing test module '/Users/Ajay17/pytorch2.0_ttnn/tests/autogen_op/hrnet_w18_ms_aug_in1k-train/test_hrnet_w18_ms_aug_in1k-train_aten_native_batch_norm_backward_default.py'.
Hint: make sure your test modules/packages have valid Python names.
Traceback:
../.pyenv/versions/3.11.10/lib/python3.11/importlib/__init__.py:126: in import_module
    return _bootstrap._gcd_import(name[level:], package, level)
           ^^^^^^^^^^^^^^^^^^^^^^^^^^^^^^^^^^^^^^^^^^^^^^^^^^^^
tests/autogen_op/hrnet_w18_ms_aug_in1k-train/test_hrnet_w18_ms_aug_in1k-train_aten_native_batch_norm_backward_default.py:8: in <module>
    import ttnn
E   ModuleNotFoundError: No module named 'ttnn'
_ ERROR collecting tests/autogen_op/hrnet_w18_ms_aug_in1k-train/test_hrnet_w18_ms_aug_in1k-train_aten_new_zeros_default.py _
ImportError while importing test module '/Users/Ajay17/pytorch2.0_ttnn/tests/autogen_op/hrnet_w18_ms_aug_in1k-train/test_hrnet_w18_ms_aug_in1k-train_aten_new_zeros_default.py'.
Hint: make sure your test modules/packages have valid Python names.
Traceback:
../.pyenv/versions/3.11.10/lib/python3.11/importlib/__init__.py:126: in import_module
    return _bootstrap._gcd_import(name[level:], package, level)
           ^^^^^^^^^^^^^^^^^^^^^^^^^^^^^^^^^^^^^^^^^^^^^^^^^^^^
tests/autogen_op/hrnet_w18_ms_aug_in1k-train/test_hrnet_w18_ms_aug_in1k-train_aten_new_zeros_default.py:8: in <module>
    import ttnn
E   ModuleNotFoundError: No module named 'ttnn'
_ ERROR collecting tests/autogen_op/hrnet_w18_ms_aug_in1k-train/test_hrnet_w18_ms_aug_in1k-train_aten_relu_default.py _
ImportError while importing test module '/Users/Ajay17/pytorch2.0_ttnn/tests/autogen_op/hrnet_w18_ms_aug_in1k-train/test_hrnet_w18_ms_aug_in1k-train_aten_relu_default.py'.
Hint: make sure your test modules/packages have valid Python names.
Traceback:
../.pyenv/versions/3.11.10/lib/python3.11/importlib/__init__.py:126: in import_module
    return _bootstrap._gcd_import(name[level:], package, level)
           ^^^^^^^^^^^^^^^^^^^^^^^^^^^^^^^^^^^^^^^^^^^^^^^^^^^^
tests/autogen_op/hrnet_w18_ms_aug_in1k-train/test_hrnet_w18_ms_aug_in1k-train_aten_relu_default.py:8: in <module>
    import ttnn
E   ModuleNotFoundError: No module named 'ttnn'
_ ERROR collecting tests/autogen_op/hrnet_w18_ms_aug_in1k-train/test_hrnet_w18_ms_aug_in1k-train_aten_sum_dim_IntList.py _
ImportError while importing test module '/Users/Ajay17/pytorch2.0_ttnn/tests/autogen_op/hrnet_w18_ms_aug_in1k-train/test_hrnet_w18_ms_aug_in1k-train_aten_sum_dim_IntList.py'.
Hint: make sure your test modules/packages have valid Python names.
Traceback:
../.pyenv/versions/3.11.10/lib/python3.11/importlib/__init__.py:126: in import_module
    return _bootstrap._gcd_import(name[level:], package, level)
           ^^^^^^^^^^^^^^^^^^^^^^^^^^^^^^^^^^^^^^^^^^^^^^^^^^^^
tests/autogen_op/hrnet_w18_ms_aug_in1k-train/test_hrnet_w18_ms_aug_in1k-train_aten_sum_dim_IntList.py:8: in <module>
    import ttnn
E   ModuleNotFoundError: No module named 'ttnn'
_ ERROR collecting tests/autogen_op/hrnet_w18_ms_aug_in1k-train/test_hrnet_w18_ms_aug_in1k-train_aten_t_default.py _
ImportError while importing test module '/Users/Ajay17/pytorch2.0_ttnn/tests/autogen_op/hrnet_w18_ms_aug_in1k-train/test_hrnet_w18_ms_aug_in1k-train_aten_t_default.py'.
Hint: make sure your test modules/packages have valid Python names.
Traceback:
../.pyenv/versions/3.11.10/lib/python3.11/importlib/__init__.py:126: in import_module
    return _bootstrap._gcd_import(name[level:], package, level)
           ^^^^^^^^^^^^^^^^^^^^^^^^^^^^^^^^^^^^^^^^^^^^^^^^^^^^
tests/autogen_op/hrnet_w18_ms_aug_in1k-train/test_hrnet_w18_ms_aug_in1k-train_aten_t_default.py:8: in <module>
    import ttnn
E   ModuleNotFoundError: No module named 'ttnn'
_ ERROR collecting tests/autogen_op/hrnet_w18_ms_aug_in1k-train/test_hrnet_w18_ms_aug_in1k-train_aten_threshold_backward_default.py _
ImportError while importing test module '/Users/Ajay17/pytorch2.0_ttnn/tests/autogen_op/hrnet_w18_ms_aug_in1k-train/test_hrnet_w18_ms_aug_in1k-train_aten_threshold_backward_default.py'.
Hint: make sure your test modules/packages have valid Python names.
Traceback:
../.pyenv/versions/3.11.10/lib/python3.11/importlib/__init__.py:126: in import_module
    return _bootstrap._gcd_import(name[level:], package, level)
           ^^^^^^^^^^^^^^^^^^^^^^^^^^^^^^^^^^^^^^^^^^^^^^^^^^^^
tests/autogen_op/hrnet_w18_ms_aug_in1k-train/test_hrnet_w18_ms_aug_in1k-train_aten_threshold_backward_default.py:8: in <module>
    import ttnn
E   ModuleNotFoundError: No module named 'ttnn'
_ ERROR collecting tests/autogen_op/hrnet_w18_ms_aug_in1k-train/test_hrnet_w18_ms_aug_in1k-train_aten_view_default.py _
ImportError while importing test module '/Users/Ajay17/pytorch2.0_ttnn/tests/autogen_op/hrnet_w18_ms_aug_in1k-train/test_hrnet_w18_ms_aug_in1k-train_aten_view_default.py'.
Hint: make sure your test modules/packages have valid Python names.
Traceback:
../.pyenv/versions/3.11.10/lib/python3.11/importlib/__init__.py:126: in import_module
    return _bootstrap._gcd_import(name[level:], package, level)
           ^^^^^^^^^^^^^^^^^^^^^^^^^^^^^^^^^^^^^^^^^^^^^^^^^^^^
tests/autogen_op/hrnet_w18_ms_aug_in1k-train/test_hrnet_w18_ms_aug_in1k-train_aten_view_default.py:8: in <module>
    import ttnn
E   ModuleNotFoundError: No module named 'ttnn'
_ ERROR collecting tests/autogen_op/inception_v4_tf_in1k/test_inception_v4_tf_in1k_aten__native_batch_norm_legit_no_training_default.py _
ImportError while importing test module '/Users/Ajay17/pytorch2.0_ttnn/tests/autogen_op/inception_v4_tf_in1k/test_inception_v4_tf_in1k_aten__native_batch_norm_legit_no_training_default.py'.
Hint: make sure your test modules/packages have valid Python names.
Traceback:
../.pyenv/versions/3.11.10/lib/python3.11/importlib/__init__.py:126: in import_module
    return _bootstrap._gcd_import(name[level:], package, level)
           ^^^^^^^^^^^^^^^^^^^^^^^^^^^^^^^^^^^^^^^^^^^^^^^^^^^^
tests/autogen_op/inception_v4_tf_in1k/test_inception_v4_tf_in1k_aten__native_batch_norm_legit_no_training_default.py:8: in <module>
    import ttnn
E   ModuleNotFoundError: No module named 'ttnn'
_ ERROR collecting tests/autogen_op/inception_v4_tf_in1k/test_inception_v4_tf_in1k_aten_addmm_default.py _
ImportError while importing test module '/Users/Ajay17/pytorch2.0_ttnn/tests/autogen_op/inception_v4_tf_in1k/test_inception_v4_tf_in1k_aten_addmm_default.py'.
Hint: make sure your test modules/packages have valid Python names.
Traceback:
../.pyenv/versions/3.11.10/lib/python3.11/importlib/__init__.py:126: in import_module
    return _bootstrap._gcd_import(name[level:], package, level)
           ^^^^^^^^^^^^^^^^^^^^^^^^^^^^^^^^^^^^^^^^^^^^^^^^^^^^
tests/autogen_op/inception_v4_tf_in1k/test_inception_v4_tf_in1k_aten_addmm_default.py:8: in <module>
    import ttnn
E   ModuleNotFoundError: No module named 'ttnn'
_ ERROR collecting tests/autogen_op/inception_v4_tf_in1k/test_inception_v4_tf_in1k_aten_avg_pool2d_default.py _
ImportError while importing test module '/Users/Ajay17/pytorch2.0_ttnn/tests/autogen_op/inception_v4_tf_in1k/test_inception_v4_tf_in1k_aten_avg_pool2d_default.py'.
Hint: make sure your test modules/packages have valid Python names.
Traceback:
../.pyenv/versions/3.11.10/lib/python3.11/importlib/__init__.py:126: in import_module
    return _bootstrap._gcd_import(name[level:], package, level)
           ^^^^^^^^^^^^^^^^^^^^^^^^^^^^^^^^^^^^^^^^^^^^^^^^^^^^
tests/autogen_op/inception_v4_tf_in1k/test_inception_v4_tf_in1k_aten_avg_pool2d_default.py:8: in <module>
    import ttnn
E   ModuleNotFoundError: No module named 'ttnn'
_ ERROR collecting tests/autogen_op/inception_v4_tf_in1k/test_inception_v4_tf_in1k_aten_cat_default.py _
ImportError while importing test module '/Users/Ajay17/pytorch2.0_ttnn/tests/autogen_op/inception_v4_tf_in1k/test_inception_v4_tf_in1k_aten_cat_default.py'.
Hint: make sure your test modules/packages have valid Python names.
Traceback:
../.pyenv/versions/3.11.10/lib/python3.11/importlib/__init__.py:126: in import_module
    return _bootstrap._gcd_import(name[level:], package, level)
           ^^^^^^^^^^^^^^^^^^^^^^^^^^^^^^^^^^^^^^^^^^^^^^^^^^^^
tests/autogen_op/inception_v4_tf_in1k/test_inception_v4_tf_in1k_aten_cat_default.py:8: in <module>
    import ttnn
E   ModuleNotFoundError: No module named 'ttnn'
_ ERROR collecting tests/autogen_op/inception_v4_tf_in1k/test_inception_v4_tf_in1k_aten_clone_default.py _
ImportError while importing test module '/Users/Ajay17/pytorch2.0_ttnn/tests/autogen_op/inception_v4_tf_in1k/test_inception_v4_tf_in1k_aten_clone_default.py'.
Hint: make sure your test modules/packages have valid Python names.
Traceback:
../.pyenv/versions/3.11.10/lib/python3.11/importlib/__init__.py:126: in import_module
    return _bootstrap._gcd_import(name[level:], package, level)
           ^^^^^^^^^^^^^^^^^^^^^^^^^^^^^^^^^^^^^^^^^^^^^^^^^^^^
tests/autogen_op/inception_v4_tf_in1k/test_inception_v4_tf_in1k_aten_clone_default.py:8: in <module>
    import ttnn
E   ModuleNotFoundError: No module named 'ttnn'
_ ERROR collecting tests/autogen_op/inception_v4_tf_in1k/test_inception_v4_tf_in1k_aten_convolution_default.py _
ImportError while importing test module '/Users/Ajay17/pytorch2.0_ttnn/tests/autogen_op/inception_v4_tf_in1k/test_inception_v4_tf_in1k_aten_convolution_default.py'.
Hint: make sure your test modules/packages have valid Python names.
Traceback:
../.pyenv/versions/3.11.10/lib/python3.11/importlib/__init__.py:126: in import_module
    return _bootstrap._gcd_import(name[level:], package, level)
           ^^^^^^^^^^^^^^^^^^^^^^^^^^^^^^^^^^^^^^^^^^^^^^^^^^^^
tests/autogen_op/inception_v4_tf_in1k/test_inception_v4_tf_in1k_aten_convolution_default.py:8: in <module>
    import ttnn
E   ModuleNotFoundError: No module named 'ttnn'
_ ERROR collecting tests/autogen_op/inception_v4_tf_in1k/test_inception_v4_tf_in1k_aten_max_pool2d_with_indices_default.py _
ImportError while importing test module '/Users/Ajay17/pytorch2.0_ttnn/tests/autogen_op/inception_v4_tf_in1k/test_inception_v4_tf_in1k_aten_max_pool2d_with_indices_default.py'.
Hint: make sure your test modules/packages have valid Python names.
Traceback:
../.pyenv/versions/3.11.10/lib/python3.11/importlib/__init__.py:126: in import_module
    return _bootstrap._gcd_import(name[level:], package, level)
           ^^^^^^^^^^^^^^^^^^^^^^^^^^^^^^^^^^^^^^^^^^^^^^^^^^^^
tests/autogen_op/inception_v4_tf_in1k/test_inception_v4_tf_in1k_aten_max_pool2d_with_indices_default.py:8: in <module>
    import ttnn
E   ModuleNotFoundError: No module named 'ttnn'
_ ERROR collecting tests/autogen_op/inception_v4_tf_in1k/test_inception_v4_tf_in1k_aten_mean_dim.py _
ImportError while importing test module '/Users/Ajay17/pytorch2.0_ttnn/tests/autogen_op/inception_v4_tf_in1k/test_inception_v4_tf_in1k_aten_mean_dim.py'.
Hint: make sure your test modules/packages have valid Python names.
Traceback:
../.pyenv/versions/3.11.10/lib/python3.11/importlib/__init__.py:126: in import_module
    return _bootstrap._gcd_import(name[level:], package, level)
           ^^^^^^^^^^^^^^^^^^^^^^^^^^^^^^^^^^^^^^^^^^^^^^^^^^^^
tests/autogen_op/inception_v4_tf_in1k/test_inception_v4_tf_in1k_aten_mean_dim.py:8: in <module>
    import ttnn
E   ModuleNotFoundError: No module named 'ttnn'
_ ERROR collecting tests/autogen_op/inception_v4_tf_in1k/test_inception_v4_tf_in1k_aten_relu_default.py _
ImportError while importing test module '/Users/Ajay17/pytorch2.0_ttnn/tests/autogen_op/inception_v4_tf_in1k/test_inception_v4_tf_in1k_aten_relu_default.py'.
Hint: make sure your test modules/packages have valid Python names.
Traceback:
../.pyenv/versions/3.11.10/lib/python3.11/importlib/__init__.py:126: in import_module
    return _bootstrap._gcd_import(name[level:], package, level)
           ^^^^^^^^^^^^^^^^^^^^^^^^^^^^^^^^^^^^^^^^^^^^^^^^^^^^
tests/autogen_op/inception_v4_tf_in1k/test_inception_v4_tf_in1k_aten_relu_default.py:8: in <module>
    import ttnn
E   ModuleNotFoundError: No module named 'ttnn'
_ ERROR collecting tests/autogen_op/inception_v4_tf_in1k/test_inception_v4_tf_in1k_aten_t_default.py _
ImportError while importing test module '/Users/Ajay17/pytorch2.0_ttnn/tests/autogen_op/inception_v4_tf_in1k/test_inception_v4_tf_in1k_aten_t_default.py'.
Hint: make sure your test modules/packages have valid Python names.
Traceback:
../.pyenv/versions/3.11.10/lib/python3.11/importlib/__init__.py:126: in import_module
    return _bootstrap._gcd_import(name[level:], package, level)
           ^^^^^^^^^^^^^^^^^^^^^^^^^^^^^^^^^^^^^^^^^^^^^^^^^^^^
tests/autogen_op/inception_v4_tf_in1k/test_inception_v4_tf_in1k_aten_t_default.py:8: in <module>
    import ttnn
E   ModuleNotFoundError: No module named 'ttnn'
_ ERROR collecting tests/autogen_op/inception_v4_tf_in1k/test_inception_v4_tf_in1k_aten_view_default.py _
ImportError while importing test module '/Users/Ajay17/pytorch2.0_ttnn/tests/autogen_op/inception_v4_tf_in1k/test_inception_v4_tf_in1k_aten_view_default.py'.
Hint: make sure your test modules/packages have valid Python names.
Traceback:
../.pyenv/versions/3.11.10/lib/python3.11/importlib/__init__.py:126: in import_module
    return _bootstrap._gcd_import(name[level:], package, level)
           ^^^^^^^^^^^^^^^^^^^^^^^^^^^^^^^^^^^^^^^^^^^^^^^^^^^^
tests/autogen_op/inception_v4_tf_in1k/test_inception_v4_tf_in1k_aten_view_default.py:8: in <module>
    import ttnn
E   ModuleNotFoundError: No module named 'ttnn'
_ ERROR collecting tests/autogen_op/inception_v4_tf_in1k-train/test_inception_v4_tf_in1k-train_aten__native_batch_norm_legit_functional_default.py _
ImportError while importing test module '/Users/Ajay17/pytorch2.0_ttnn/tests/autogen_op/inception_v4_tf_in1k-train/test_inception_v4_tf_in1k-train_aten__native_batch_norm_legit_functional_default.py'.
Hint: make sure your test modules/packages have valid Python names.
Traceback:
../.pyenv/versions/3.11.10/lib/python3.11/importlib/__init__.py:126: in import_module
    return _bootstrap._gcd_import(name[level:], package, level)
           ^^^^^^^^^^^^^^^^^^^^^^^^^^^^^^^^^^^^^^^^^^^^^^^^^^^^
tests/autogen_op/inception_v4_tf_in1k-train/test_inception_v4_tf_in1k-train_aten__native_batch_norm_legit_functional_default.py:8: in <module>
    import ttnn
E   ModuleNotFoundError: No module named 'ttnn'
_ ERROR collecting tests/autogen_op/inception_v4_tf_in1k-train/test_inception_v4_tf_in1k-train_aten__to_copy_default.py _
ImportError while importing test module '/Users/Ajay17/pytorch2.0_ttnn/tests/autogen_op/inception_v4_tf_in1k-train/test_inception_v4_tf_in1k-train_aten__to_copy_default.py'.
Hint: make sure your test modules/packages have valid Python names.
Traceback:
../.pyenv/versions/3.11.10/lib/python3.11/importlib/__init__.py:126: in import_module
    return _bootstrap._gcd_import(name[level:], package, level)
           ^^^^^^^^^^^^^^^^^^^^^^^^^^^^^^^^^^^^^^^^^^^^^^^^^^^^
tests/autogen_op/inception_v4_tf_in1k-train/test_inception_v4_tf_in1k-train_aten__to_copy_default.py:8: in <module>
    import ttnn
E   ModuleNotFoundError: No module named 'ttnn'
_ ERROR collecting tests/autogen_op/inception_v4_tf_in1k-train/test_inception_v4_tf_in1k-train_aten_add_Tensor.py _
ImportError while importing test module '/Users/Ajay17/pytorch2.0_ttnn/tests/autogen_op/inception_v4_tf_in1k-train/test_inception_v4_tf_in1k-train_aten_add_Tensor.py'.
Hint: make sure your test modules/packages have valid Python names.
Traceback:
../.pyenv/versions/3.11.10/lib/python3.11/importlib/__init__.py:126: in import_module
    return _bootstrap._gcd_import(name[level:], package, level)
           ^^^^^^^^^^^^^^^^^^^^^^^^^^^^^^^^^^^^^^^^^^^^^^^^^^^^
tests/autogen_op/inception_v4_tf_in1k-train/test_inception_v4_tf_in1k-train_aten_add_Tensor.py:8: in <module>
    import ttnn
E   ModuleNotFoundError: No module named 'ttnn'
_ ERROR collecting tests/autogen_op/inception_v4_tf_in1k-train/test_inception_v4_tf_in1k-train_aten_addmm_default.py _
ImportError while importing test module '/Users/Ajay17/pytorch2.0_ttnn/tests/autogen_op/inception_v4_tf_in1k-train/test_inception_v4_tf_in1k-train_aten_addmm_default.py'.
Hint: make sure your test modules/packages have valid Python names.
Traceback:
../.pyenv/versions/3.11.10/lib/python3.11/importlib/__init__.py:126: in import_module
    return _bootstrap._gcd_import(name[level:], package, level)
           ^^^^^^^^^^^^^^^^^^^^^^^^^^^^^^^^^^^^^^^^^^^^^^^^^^^^
tests/autogen_op/inception_v4_tf_in1k-train/test_inception_v4_tf_in1k-train_aten_addmm_default.py:8: in <module>
    import ttnn
E   ModuleNotFoundError: No module named 'ttnn'
_ ERROR collecting tests/autogen_op/inception_v4_tf_in1k-train/test_inception_v4_tf_in1k-train_aten_avg_pool2d_backward_default.py _
ImportError while importing test module '/Users/Ajay17/pytorch2.0_ttnn/tests/autogen_op/inception_v4_tf_in1k-train/test_inception_v4_tf_in1k-train_aten_avg_pool2d_backward_default.py'.
Hint: make sure your test modules/packages have valid Python names.
Traceback:
../.pyenv/versions/3.11.10/lib/python3.11/importlib/__init__.py:126: in import_module
    return _bootstrap._gcd_import(name[level:], package, level)
           ^^^^^^^^^^^^^^^^^^^^^^^^^^^^^^^^^^^^^^^^^^^^^^^^^^^^
tests/autogen_op/inception_v4_tf_in1k-train/test_inception_v4_tf_in1k-train_aten_avg_pool2d_backward_default.py:8: in <module>
    import ttnn
E   ModuleNotFoundError: No module named 'ttnn'
_ ERROR collecting tests/autogen_op/inception_v4_tf_in1k-train/test_inception_v4_tf_in1k-train_aten_avg_pool2d_default.py _
ImportError while importing test module '/Users/Ajay17/pytorch2.0_ttnn/tests/autogen_op/inception_v4_tf_in1k-train/test_inception_v4_tf_in1k-train_aten_avg_pool2d_default.py'.
Hint: make sure your test modules/packages have valid Python names.
Traceback:
../.pyenv/versions/3.11.10/lib/python3.11/importlib/__init__.py:126: in import_module
    return _bootstrap._gcd_import(name[level:], package, level)
           ^^^^^^^^^^^^^^^^^^^^^^^^^^^^^^^^^^^^^^^^^^^^^^^^^^^^
tests/autogen_op/inception_v4_tf_in1k-train/test_inception_v4_tf_in1k-train_aten_avg_pool2d_default.py:8: in <module>
    import ttnn
E   ModuleNotFoundError: No module named 'ttnn'
_ ERROR collecting tests/autogen_op/inception_v4_tf_in1k-train/test_inception_v4_tf_in1k-train_aten_cat_default.py _
ImportError while importing test module '/Users/Ajay17/pytorch2.0_ttnn/tests/autogen_op/inception_v4_tf_in1k-train/test_inception_v4_tf_in1k-train_aten_cat_default.py'.
Hint: make sure your test modules/packages have valid Python names.
Traceback:
../.pyenv/versions/3.11.10/lib/python3.11/importlib/__init__.py:126: in import_module
    return _bootstrap._gcd_import(name[level:], package, level)
           ^^^^^^^^^^^^^^^^^^^^^^^^^^^^^^^^^^^^^^^^^^^^^^^^^^^^
tests/autogen_op/inception_v4_tf_in1k-train/test_inception_v4_tf_in1k-train_aten_cat_default.py:8: in <module>
    import ttnn
E   ModuleNotFoundError: No module named 'ttnn'
_ ERROR collecting tests/autogen_op/inception_v4_tf_in1k-train/test_inception_v4_tf_in1k-train_aten_clone_default.py _
ImportError while importing test module '/Users/Ajay17/pytorch2.0_ttnn/tests/autogen_op/inception_v4_tf_in1k-train/test_inception_v4_tf_in1k-train_aten_clone_default.py'.
Hint: make sure your test modules/packages have valid Python names.
Traceback:
../.pyenv/versions/3.11.10/lib/python3.11/importlib/__init__.py:126: in import_module
    return _bootstrap._gcd_import(name[level:], package, level)
           ^^^^^^^^^^^^^^^^^^^^^^^^^^^^^^^^^^^^^^^^^^^^^^^^^^^^
tests/autogen_op/inception_v4_tf_in1k-train/test_inception_v4_tf_in1k-train_aten_clone_default.py:8: in <module>
    import ttnn
E   ModuleNotFoundError: No module named 'ttnn'
_ ERROR collecting tests/autogen_op/inception_v4_tf_in1k-train/test_inception_v4_tf_in1k-train_aten_convolution_backward_default.py _
ImportError while importing test module '/Users/Ajay17/pytorch2.0_ttnn/tests/autogen_op/inception_v4_tf_in1k-train/test_inception_v4_tf_in1k-train_aten_convolution_backward_default.py'.
Hint: make sure your test modules/packages have valid Python names.
Traceback:
../.pyenv/versions/3.11.10/lib/python3.11/importlib/__init__.py:126: in import_module
    return _bootstrap._gcd_import(name[level:], package, level)
           ^^^^^^^^^^^^^^^^^^^^^^^^^^^^^^^^^^^^^^^^^^^^^^^^^^^^
tests/autogen_op/inception_v4_tf_in1k-train/test_inception_v4_tf_in1k-train_aten_convolution_backward_default.py:8: in <module>
    import ttnn
E   ModuleNotFoundError: No module named 'ttnn'
_ ERROR collecting tests/autogen_op/inception_v4_tf_in1k-train/test_inception_v4_tf_in1k-train_aten_convolution_default.py _
ImportError while importing test module '/Users/Ajay17/pytorch2.0_ttnn/tests/autogen_op/inception_v4_tf_in1k-train/test_inception_v4_tf_in1k-train_aten_convolution_default.py'.
Hint: make sure your test modules/packages have valid Python names.
Traceback:
../.pyenv/versions/3.11.10/lib/python3.11/importlib/__init__.py:126: in import_module
    return _bootstrap._gcd_import(name[level:], package, level)
           ^^^^^^^^^^^^^^^^^^^^^^^^^^^^^^^^^^^^^^^^^^^^^^^^^^^^
tests/autogen_op/inception_v4_tf_in1k-train/test_inception_v4_tf_in1k-train_aten_convolution_default.py:8: in <module>
    import ttnn
E   ModuleNotFoundError: No module named 'ttnn'
_ ERROR collecting tests/autogen_op/inception_v4_tf_in1k-train/test_inception_v4_tf_in1k-train_aten_detach_default.py _
ImportError while importing test module '/Users/Ajay17/pytorch2.0_ttnn/tests/autogen_op/inception_v4_tf_in1k-train/test_inception_v4_tf_in1k-train_aten_detach_default.py'.
Hint: make sure your test modules/packages have valid Python names.
Traceback:
../.pyenv/versions/3.11.10/lib/python3.11/importlib/__init__.py:126: in import_module
    return _bootstrap._gcd_import(name[level:], package, level)
           ^^^^^^^^^^^^^^^^^^^^^^^^^^^^^^^^^^^^^^^^^^^^^^^^^^^^
tests/autogen_op/inception_v4_tf_in1k-train/test_inception_v4_tf_in1k-train_aten_detach_default.py:8: in <module>
    import ttnn
E   ModuleNotFoundError: No module named 'ttnn'
_ ERROR collecting tests/autogen_op/inception_v4_tf_in1k-train/test_inception_v4_tf_in1k-train_aten_div_Scalar.py _
ImportError while importing test module '/Users/Ajay17/pytorch2.0_ttnn/tests/autogen_op/inception_v4_tf_in1k-train/test_inception_v4_tf_in1k-train_aten_div_Scalar.py'.
Hint: make sure your test modules/packages have valid Python names.
Traceback:
../.pyenv/versions/3.11.10/lib/python3.11/importlib/__init__.py:126: in import_module
    return _bootstrap._gcd_import(name[level:], package, level)
           ^^^^^^^^^^^^^^^^^^^^^^^^^^^^^^^^^^^^^^^^^^^^^^^^^^^^
tests/autogen_op/inception_v4_tf_in1k-train/test_inception_v4_tf_in1k-train_aten_div_Scalar.py:8: in <module>
    import ttnn
E   ModuleNotFoundError: No module named 'ttnn'
_ ERROR collecting tests/autogen_op/inception_v4_tf_in1k-train/test_inception_v4_tf_in1k-train_aten_expand_default.py _
ImportError while importing test module '/Users/Ajay17/pytorch2.0_ttnn/tests/autogen_op/inception_v4_tf_in1k-train/test_inception_v4_tf_in1k-train_aten_expand_default.py'.
Hint: make sure your test modules/packages have valid Python names.
Traceback:
../.pyenv/versions/3.11.10/lib/python3.11/importlib/__init__.py:126: in import_module
    return _bootstrap._gcd_import(name[level:], package, level)
           ^^^^^^^^^^^^^^^^^^^^^^^^^^^^^^^^^^^^^^^^^^^^^^^^^^^^
tests/autogen_op/inception_v4_tf_in1k-train/test_inception_v4_tf_in1k-train_aten_expand_default.py:8: in <module>
    import ttnn
E   ModuleNotFoundError: No module named 'ttnn'
_ ERROR collecting tests/autogen_op/inception_v4_tf_in1k-train/test_inception_v4_tf_in1k-train_aten_max_pool2d_with_indices_backward_default.py _
ImportError while importing test module '/Users/Ajay17/pytorch2.0_ttnn/tests/autogen_op/inception_v4_tf_in1k-train/test_inception_v4_tf_in1k-train_aten_max_pool2d_with_indices_backward_default.py'.
Hint: make sure your test modules/packages have valid Python names.
Traceback:
../.pyenv/versions/3.11.10/lib/python3.11/importlib/__init__.py:126: in import_module
    return _bootstrap._gcd_import(name[level:], package, level)
           ^^^^^^^^^^^^^^^^^^^^^^^^^^^^^^^^^^^^^^^^^^^^^^^^^^^^
tests/autogen_op/inception_v4_tf_in1k-train/test_inception_v4_tf_in1k-train_aten_max_pool2d_with_indices_backward_default.py:8: in <module>
    import ttnn
E   ModuleNotFoundError: No module named 'ttnn'
_ ERROR collecting tests/autogen_op/inception_v4_tf_in1k-train/test_inception_v4_tf_in1k-train_aten_max_pool2d_with_indices_default.py _
ImportError while importing test module '/Users/Ajay17/pytorch2.0_ttnn/tests/autogen_op/inception_v4_tf_in1k-train/test_inception_v4_tf_in1k-train_aten_max_pool2d_with_indices_default.py'.
Hint: make sure your test modules/packages have valid Python names.
Traceback:
../.pyenv/versions/3.11.10/lib/python3.11/importlib/__init__.py:126: in import_module
    return _bootstrap._gcd_import(name[level:], package, level)
           ^^^^^^^^^^^^^^^^^^^^^^^^^^^^^^^^^^^^^^^^^^^^^^^^^^^^
tests/autogen_op/inception_v4_tf_in1k-train/test_inception_v4_tf_in1k-train_aten_max_pool2d_with_indices_default.py:8: in <module>
    import ttnn
E   ModuleNotFoundError: No module named 'ttnn'
_ ERROR collecting tests/autogen_op/inception_v4_tf_in1k-train/test_inception_v4_tf_in1k-train_aten_mean_dim.py _
ImportError while importing test module '/Users/Ajay17/pytorch2.0_ttnn/tests/autogen_op/inception_v4_tf_in1k-train/test_inception_v4_tf_in1k-train_aten_mean_dim.py'.
Hint: make sure your test modules/packages have valid Python names.
Traceback:
../.pyenv/versions/3.11.10/lib/python3.11/importlib/__init__.py:126: in import_module
    return _bootstrap._gcd_import(name[level:], package, level)
           ^^^^^^^^^^^^^^^^^^^^^^^^^^^^^^^^^^^^^^^^^^^^^^^^^^^^
tests/autogen_op/inception_v4_tf_in1k-train/test_inception_v4_tf_in1k-train_aten_mean_dim.py:8: in <module>
    import ttnn
E   ModuleNotFoundError: No module named 'ttnn'
_ ERROR collecting tests/autogen_op/inception_v4_tf_in1k-train/test_inception_v4_tf_in1k-train_aten_mm_default.py _
ImportError while importing test module '/Users/Ajay17/pytorch2.0_ttnn/tests/autogen_op/inception_v4_tf_in1k-train/test_inception_v4_tf_in1k-train_aten_mm_default.py'.
Hint: make sure your test modules/packages have valid Python names.
Traceback:
../.pyenv/versions/3.11.10/lib/python3.11/importlib/__init__.py:126: in import_module
    return _bootstrap._gcd_import(name[level:], package, level)
           ^^^^^^^^^^^^^^^^^^^^^^^^^^^^^^^^^^^^^^^^^^^^^^^^^^^^
tests/autogen_op/inception_v4_tf_in1k-train/test_inception_v4_tf_in1k-train_aten_mm_default.py:8: in <module>
    import ttnn
E   ModuleNotFoundError: No module named 'ttnn'
_ ERROR collecting tests/autogen_op/inception_v4_tf_in1k-train/test_inception_v4_tf_in1k-train_aten_native_batch_norm_backward_default.py _
ImportError while importing test module '/Users/Ajay17/pytorch2.0_ttnn/tests/autogen_op/inception_v4_tf_in1k-train/test_inception_v4_tf_in1k-train_aten_native_batch_norm_backward_default.py'.
Hint: make sure your test modules/packages have valid Python names.
Traceback:
../.pyenv/versions/3.11.10/lib/python3.11/importlib/__init__.py:126: in import_module
    return _bootstrap._gcd_import(name[level:], package, level)
           ^^^^^^^^^^^^^^^^^^^^^^^^^^^^^^^^^^^^^^^^^^^^^^^^^^^^
tests/autogen_op/inception_v4_tf_in1k-train/test_inception_v4_tf_in1k-train_aten_native_batch_norm_backward_default.py:8: in <module>
    import ttnn
E   ModuleNotFoundError: No module named 'ttnn'
_ ERROR collecting tests/autogen_op/inception_v4_tf_in1k-train/test_inception_v4_tf_in1k-train_aten_relu_default.py _
ImportError while importing test module '/Users/Ajay17/pytorch2.0_ttnn/tests/autogen_op/inception_v4_tf_in1k-train/test_inception_v4_tf_in1k-train_aten_relu_default.py'.
Hint: make sure your test modules/packages have valid Python names.
Traceback:
../.pyenv/versions/3.11.10/lib/python3.11/importlib/__init__.py:126: in import_module
    return _bootstrap._gcd_import(name[level:], package, level)
           ^^^^^^^^^^^^^^^^^^^^^^^^^^^^^^^^^^^^^^^^^^^^^^^^^^^^
tests/autogen_op/inception_v4_tf_in1k-train/test_inception_v4_tf_in1k-train_aten_relu_default.py:8: in <module>
    import ttnn
E   ModuleNotFoundError: No module named 'ttnn'
_ ERROR collecting tests/autogen_op/inception_v4_tf_in1k-train/test_inception_v4_tf_in1k-train_aten_slice_Tensor.py _
ImportError while importing test module '/Users/Ajay17/pytorch2.0_ttnn/tests/autogen_op/inception_v4_tf_in1k-train/test_inception_v4_tf_in1k-train_aten_slice_Tensor.py'.
Hint: make sure your test modules/packages have valid Python names.
Traceback:
../.pyenv/versions/3.11.10/lib/python3.11/importlib/__init__.py:126: in import_module
    return _bootstrap._gcd_import(name[level:], package, level)
           ^^^^^^^^^^^^^^^^^^^^^^^^^^^^^^^^^^^^^^^^^^^^^^^^^^^^
tests/autogen_op/inception_v4_tf_in1k-train/test_inception_v4_tf_in1k-train_aten_slice_Tensor.py:8: in <module>
    import ttnn
E   ModuleNotFoundError: No module named 'ttnn'
_ ERROR collecting tests/autogen_op/inception_v4_tf_in1k-train/test_inception_v4_tf_in1k-train_aten_sum_dim_IntList.py _
ImportError while importing test module '/Users/Ajay17/pytorch2.0_ttnn/tests/autogen_op/inception_v4_tf_in1k-train/test_inception_v4_tf_in1k-train_aten_sum_dim_IntList.py'.
Hint: make sure your test modules/packages have valid Python names.
Traceback:
../.pyenv/versions/3.11.10/lib/python3.11/importlib/__init__.py:126: in import_module
    return _bootstrap._gcd_import(name[level:], package, level)
           ^^^^^^^^^^^^^^^^^^^^^^^^^^^^^^^^^^^^^^^^^^^^^^^^^^^^
tests/autogen_op/inception_v4_tf_in1k-train/test_inception_v4_tf_in1k-train_aten_sum_dim_IntList.py:8: in <module>
    import ttnn
E   ModuleNotFoundError: No module named 'ttnn'
_ ERROR collecting tests/autogen_op/inception_v4_tf_in1k-train/test_inception_v4_tf_in1k-train_aten_t_default.py _
ImportError while importing test module '/Users/Ajay17/pytorch2.0_ttnn/tests/autogen_op/inception_v4_tf_in1k-train/test_inception_v4_tf_in1k-train_aten_t_default.py'.
Hint: make sure your test modules/packages have valid Python names.
Traceback:
../.pyenv/versions/3.11.10/lib/python3.11/importlib/__init__.py:126: in import_module
    return _bootstrap._gcd_import(name[level:], package, level)
           ^^^^^^^^^^^^^^^^^^^^^^^^^^^^^^^^^^^^^^^^^^^^^^^^^^^^
tests/autogen_op/inception_v4_tf_in1k-train/test_inception_v4_tf_in1k-train_aten_t_default.py:8: in <module>
    import ttnn
E   ModuleNotFoundError: No module named 'ttnn'
_ ERROR collecting tests/autogen_op/inception_v4_tf_in1k-train/test_inception_v4_tf_in1k-train_aten_threshold_backward_default.py _
ImportError while importing test module '/Users/Ajay17/pytorch2.0_ttnn/tests/autogen_op/inception_v4_tf_in1k-train/test_inception_v4_tf_in1k-train_aten_threshold_backward_default.py'.
Hint: make sure your test modules/packages have valid Python names.
Traceback:
../.pyenv/versions/3.11.10/lib/python3.11/importlib/__init__.py:126: in import_module
    return _bootstrap._gcd_import(name[level:], package, level)
           ^^^^^^^^^^^^^^^^^^^^^^^^^^^^^^^^^^^^^^^^^^^^^^^^^^^^
tests/autogen_op/inception_v4_tf_in1k-train/test_inception_v4_tf_in1k-train_aten_threshold_backward_default.py:8: in <module>
    import ttnn
E   ModuleNotFoundError: No module named 'ttnn'
_ ERROR collecting tests/autogen_op/inception_v4_tf_in1k-train/test_inception_v4_tf_in1k-train_aten_view_default.py _
ImportError while importing test module '/Users/Ajay17/pytorch2.0_ttnn/tests/autogen_op/inception_v4_tf_in1k-train/test_inception_v4_tf_in1k-train_aten_view_default.py'.
Hint: make sure your test modules/packages have valid Python names.
Traceback:
../.pyenv/versions/3.11.10/lib/python3.11/importlib/__init__.py:126: in import_module
    return _bootstrap._gcd_import(name[level:], package, level)
           ^^^^^^^^^^^^^^^^^^^^^^^^^^^^^^^^^^^^^^^^^^^^^^^^^^^^
tests/autogen_op/inception_v4_tf_in1k-train/test_inception_v4_tf_in1k-train_aten_view_default.py:8: in <module>
    import ttnn
E   ModuleNotFoundError: No module named 'ttnn'
_ ERROR collecting tests/autogen_op/microsoft/beit-base-patch16-224/test_microsoft_beit-base-patch16-224_aten__softmax_default.py _
ImportError while importing test module '/Users/Ajay17/pytorch2.0_ttnn/tests/autogen_op/microsoft/beit-base-patch16-224/test_microsoft_beit-base-patch16-224_aten__softmax_default.py'.
Hint: make sure your test modules/packages have valid Python names.
Traceback:
../.pyenv/versions/3.11.10/lib/python3.11/importlib/__init__.py:126: in import_module
    return _bootstrap._gcd_import(name[level:], package, level)
           ^^^^^^^^^^^^^^^^^^^^^^^^^^^^^^^^^^^^^^^^^^^^^^^^^^^^
tests/autogen_op/microsoft/beit-base-patch16-224/test_microsoft_beit-base-patch16-224_aten__softmax_default.py:8: in <module>
    import ttnn
E   ModuleNotFoundError: No module named 'ttnn'
_ ERROR collecting tests/autogen_op/microsoft/beit-base-patch16-224/test_microsoft_beit-base-patch16-224_aten_add_Tensor.py _
ImportError while importing test module '/Users/Ajay17/pytorch2.0_ttnn/tests/autogen_op/microsoft/beit-base-patch16-224/test_microsoft_beit-base-patch16-224_aten_add_Tensor.py'.
Hint: make sure your test modules/packages have valid Python names.
Traceback:
../.pyenv/versions/3.11.10/lib/python3.11/importlib/__init__.py:126: in import_module
    return _bootstrap._gcd_import(name[level:], package, level)
           ^^^^^^^^^^^^^^^^^^^^^^^^^^^^^^^^^^^^^^^^^^^^^^^^^^^^
tests/autogen_op/microsoft/beit-base-patch16-224/test_microsoft_beit-base-patch16-224_aten_add_Tensor.py:8: in <module>
    import ttnn
E   ModuleNotFoundError: No module named 'ttnn'
_ ERROR collecting tests/autogen_op/microsoft/beit-base-patch16-224/test_microsoft_beit-base-patch16-224_aten_addmm_default.py _
ImportError while importing test module '/Users/Ajay17/pytorch2.0_ttnn/tests/autogen_op/microsoft/beit-base-patch16-224/test_microsoft_beit-base-patch16-224_aten_addmm_default.py'.
Hint: make sure your test modules/packages have valid Python names.
Traceback:
../.pyenv/versions/3.11.10/lib/python3.11/importlib/__init__.py:126: in import_module
    return _bootstrap._gcd_import(name[level:], package, level)
           ^^^^^^^^^^^^^^^^^^^^^^^^^^^^^^^^^^^^^^^^^^^^^^^^^^^^
tests/autogen_op/microsoft/beit-base-patch16-224/test_microsoft_beit-base-patch16-224_aten_addmm_default.py:8: in <module>
    import ttnn
E   ModuleNotFoundError: No module named 'ttnn'
_ ERROR collecting tests/autogen_op/microsoft/beit-base-patch16-224/test_microsoft_beit-base-patch16-224_aten_bmm_default.py _
ImportError while importing test module '/Users/Ajay17/pytorch2.0_ttnn/tests/autogen_op/microsoft/beit-base-patch16-224/test_microsoft_beit-base-patch16-224_aten_bmm_default.py'.
Hint: make sure your test modules/packages have valid Python names.
Traceback:
../.pyenv/versions/3.11.10/lib/python3.11/importlib/__init__.py:126: in import_module
    return _bootstrap._gcd_import(name[level:], package, level)
           ^^^^^^^^^^^^^^^^^^^^^^^^^^^^^^^^^^^^^^^^^^^^^^^^^^^^
tests/autogen_op/microsoft/beit-base-patch16-224/test_microsoft_beit-base-patch16-224_aten_bmm_default.py:8: in <module>
    import ttnn
E   ModuleNotFoundError: No module named 'ttnn'
_ ERROR collecting tests/autogen_op/microsoft/beit-base-patch16-224/test_microsoft_beit-base-patch16-224_aten_cat_default.py _
ImportError while importing test module '/Users/Ajay17/pytorch2.0_ttnn/tests/autogen_op/microsoft/beit-base-patch16-224/test_microsoft_beit-base-patch16-224_aten_cat_default.py'.
Hint: make sure your test modules/packages have valid Python names.
Traceback:
../.pyenv/versions/3.11.10/lib/python3.11/importlib/__init__.py:126: in import_module
    return _bootstrap._gcd_import(name[level:], package, level)
           ^^^^^^^^^^^^^^^^^^^^^^^^^^^^^^^^^^^^^^^^^^^^^^^^^^^^
tests/autogen_op/microsoft/beit-base-patch16-224/test_microsoft_beit-base-patch16-224_aten_cat_default.py:8: in <module>
    import ttnn
E   ModuleNotFoundError: No module named 'ttnn'
_ ERROR collecting tests/autogen_op/microsoft/beit-base-patch16-224/test_microsoft_beit-base-patch16-224_aten_clone_default.py _
ImportError while importing test module '/Users/Ajay17/pytorch2.0_ttnn/tests/autogen_op/microsoft/beit-base-patch16-224/test_microsoft_beit-base-patch16-224_aten_clone_default.py'.
Hint: make sure your test modules/packages have valid Python names.
Traceback:
../.pyenv/versions/3.11.10/lib/python3.11/importlib/__init__.py:126: in import_module
    return _bootstrap._gcd_import(name[level:], package, level)
           ^^^^^^^^^^^^^^^^^^^^^^^^^^^^^^^^^^^^^^^^^^^^^^^^^^^^
tests/autogen_op/microsoft/beit-base-patch16-224/test_microsoft_beit-base-patch16-224_aten_clone_default.py:8: in <module>
    import ttnn
E   ModuleNotFoundError: No module named 'ttnn'
_ ERROR collecting tests/autogen_op/microsoft/beit-base-patch16-224/test_microsoft_beit-base-patch16-224_aten_convolution_default.py _
ImportError while importing test module '/Users/Ajay17/pytorch2.0_ttnn/tests/autogen_op/microsoft/beit-base-patch16-224/test_microsoft_beit-base-patch16-224_aten_convolution_default.py'.
Hint: make sure your test modules/packages have valid Python names.
Traceback:
../.pyenv/versions/3.11.10/lib/python3.11/importlib/__init__.py:126: in import_module
    return _bootstrap._gcd_import(name[level:], package, level)
           ^^^^^^^^^^^^^^^^^^^^^^^^^^^^^^^^^^^^^^^^^^^^^^^^^^^^
tests/autogen_op/microsoft/beit-base-patch16-224/test_microsoft_beit-base-patch16-224_aten_convolution_default.py:8: in <module>
    import ttnn
E   ModuleNotFoundError: No module named 'ttnn'
_ ERROR collecting tests/autogen_op/microsoft/beit-base-patch16-224/test_microsoft_beit-base-patch16-224_aten_div_Tensor.py _
ImportError while importing test module '/Users/Ajay17/pytorch2.0_ttnn/tests/autogen_op/microsoft/beit-base-patch16-224/test_microsoft_beit-base-patch16-224_aten_div_Tensor.py'.
Hint: make sure your test modules/packages have valid Python names.
Traceback:
../.pyenv/versions/3.11.10/lib/python3.11/importlib/__init__.py:126: in import_module
    return _bootstrap._gcd_import(name[level:], package, level)
           ^^^^^^^^^^^^^^^^^^^^^^^^^^^^^^^^^^^^^^^^^^^^^^^^^^^^
tests/autogen_op/microsoft/beit-base-patch16-224/test_microsoft_beit-base-patch16-224_aten_div_Tensor.py:8: in <module>
    import ttnn
E   ModuleNotFoundError: No module named 'ttnn'
_ ERROR collecting tests/autogen_op/microsoft/beit-base-patch16-224/test_microsoft_beit-base-patch16-224_aten_expand_default.py _
ImportError while importing test module '/Users/Ajay17/pytorch2.0_ttnn/tests/autogen_op/microsoft/beit-base-patch16-224/test_microsoft_beit-base-patch16-224_aten_expand_default.py'.
Hint: make sure your test modules/packages have valid Python names.
Traceback:
../.pyenv/versions/3.11.10/lib/python3.11/importlib/__init__.py:126: in import_module
    return _bootstrap._gcd_import(name[level:], package, level)
           ^^^^^^^^^^^^^^^^^^^^^^^^^^^^^^^^^^^^^^^^^^^^^^^^^^^^
tests/autogen_op/microsoft/beit-base-patch16-224/test_microsoft_beit-base-patch16-224_aten_expand_default.py:8: in <module>
    import ttnn
E   ModuleNotFoundError: No module named 'ttnn'
_ ERROR collecting tests/autogen_op/microsoft/beit-base-patch16-224/test_microsoft_beit-base-patch16-224_aten_gelu_default.py _
ImportError while importing test module '/Users/Ajay17/pytorch2.0_ttnn/tests/autogen_op/microsoft/beit-base-patch16-224/test_microsoft_beit-base-patch16-224_aten_gelu_default.py'.
Hint: make sure your test modules/packages have valid Python names.
Traceback:
../.pyenv/versions/3.11.10/lib/python3.11/importlib/__init__.py:126: in import_module
    return _bootstrap._gcd_import(name[level:], package, level)
           ^^^^^^^^^^^^^^^^^^^^^^^^^^^^^^^^^^^^^^^^^^^^^^^^^^^^
tests/autogen_op/microsoft/beit-base-patch16-224/test_microsoft_beit-base-patch16-224_aten_gelu_default.py:8: in <module>
    import ttnn
E   ModuleNotFoundError: No module named 'ttnn'
_ ERROR collecting tests/autogen_op/microsoft/beit-base-patch16-224/test_microsoft_beit-base-patch16-224_aten_index_Tensor.py _
ImportError while importing test module '/Users/Ajay17/pytorch2.0_ttnn/tests/autogen_op/microsoft/beit-base-patch16-224/test_microsoft_beit-base-patch16-224_aten_index_Tensor.py'.
Hint: make sure your test modules/packages have valid Python names.
Traceback:
../.pyenv/versions/3.11.10/lib/python3.11/importlib/__init__.py:126: in import_module
    return _bootstrap._gcd_import(name[level:], package, level)
           ^^^^^^^^^^^^^^^^^^^^^^^^^^^^^^^^^^^^^^^^^^^^^^^^^^^^
tests/autogen_op/microsoft/beit-base-patch16-224/test_microsoft_beit-base-patch16-224_aten_index_Tensor.py:8: in <module>
    import ttnn
E   ModuleNotFoundError: No module named 'ttnn'
_ ERROR collecting tests/autogen_op/microsoft/beit-base-patch16-224/test_microsoft_beit-base-patch16-224_aten_mean_dim.py _
ImportError while importing test module '/Users/Ajay17/pytorch2.0_ttnn/tests/autogen_op/microsoft/beit-base-patch16-224/test_microsoft_beit-base-patch16-224_aten_mean_dim.py'.
Hint: make sure your test modules/packages have valid Python names.
Traceback:
../.pyenv/versions/3.11.10/lib/python3.11/importlib/__init__.py:126: in import_module
    return _bootstrap._gcd_import(name[level:], package, level)
           ^^^^^^^^^^^^^^^^^^^^^^^^^^^^^^^^^^^^^^^^^^^^^^^^^^^^
tests/autogen_op/microsoft/beit-base-patch16-224/test_microsoft_beit-base-patch16-224_aten_mean_dim.py:8: in <module>
    import ttnn
E   ModuleNotFoundError: No module named 'ttnn'
_ ERROR collecting tests/autogen_op/microsoft/beit-base-patch16-224/test_microsoft_beit-base-patch16-224_aten_mm_default.py _
ImportError while importing test module '/Users/Ajay17/pytorch2.0_ttnn/tests/autogen_op/microsoft/beit-base-patch16-224/test_microsoft_beit-base-patch16-224_aten_mm_default.py'.
Hint: make sure your test modules/packages have valid Python names.
Traceback:
../.pyenv/versions/3.11.10/lib/python3.11/importlib/__init__.py:126: in import_module
    return _bootstrap._gcd_import(name[level:], package, level)
           ^^^^^^^^^^^^^^^^^^^^^^^^^^^^^^^^^^^^^^^^^^^^^^^^^^^^
tests/autogen_op/microsoft/beit-base-patch16-224/test_microsoft_beit-base-patch16-224_aten_mm_default.py:8: in <module>
    import ttnn
E   ModuleNotFoundError: No module named 'ttnn'
_ ERROR collecting tests/autogen_op/microsoft/beit-base-patch16-224/test_microsoft_beit-base-patch16-224_aten_mul_Tensor.py _
ImportError while importing test module '/Users/Ajay17/pytorch2.0_ttnn/tests/autogen_op/microsoft/beit-base-patch16-224/test_microsoft_beit-base-patch16-224_aten_mul_Tensor.py'.
Hint: make sure your test modules/packages have valid Python names.
Traceback:
../.pyenv/versions/3.11.10/lib/python3.11/importlib/__init__.py:126: in import_module
    return _bootstrap._gcd_import(name[level:], package, level)
           ^^^^^^^^^^^^^^^^^^^^^^^^^^^^^^^^^^^^^^^^^^^^^^^^^^^^
tests/autogen_op/microsoft/beit-base-patch16-224/test_microsoft_beit-base-patch16-224_aten_mul_Tensor.py:8: in <module>
    import ttnn
E   ModuleNotFoundError: No module named 'ttnn'
_ ERROR collecting tests/autogen_op/microsoft/beit-base-patch16-224/test_microsoft_beit-base-patch16-224_aten_native_layer_norm_default.py _
ImportError while importing test module '/Users/Ajay17/pytorch2.0_ttnn/tests/autogen_op/microsoft/beit-base-patch16-224/test_microsoft_beit-base-patch16-224_aten_native_layer_norm_default.py'.
Hint: make sure your test modules/packages have valid Python names.
Traceback:
../.pyenv/versions/3.11.10/lib/python3.11/importlib/__init__.py:126: in import_module
    return _bootstrap._gcd_import(name[level:], package, level)
           ^^^^^^^^^^^^^^^^^^^^^^^^^^^^^^^^^^^^^^^^^^^^^^^^^^^^
tests/autogen_op/microsoft/beit-base-patch16-224/test_microsoft_beit-base-patch16-224_aten_native_layer_norm_default.py:8: in <module>
    import ttnn
E   ModuleNotFoundError: No module named 'ttnn'
_ ERROR collecting tests/autogen_op/microsoft/beit-base-patch16-224/test_microsoft_beit-base-patch16-224_aten_permute_default.py _
ImportError while importing test module '/Users/Ajay17/pytorch2.0_ttnn/tests/autogen_op/microsoft/beit-base-patch16-224/test_microsoft_beit-base-patch16-224_aten_permute_default.py'.
Hint: make sure your test modules/packages have valid Python names.
Traceback:
../.pyenv/versions/3.11.10/lib/python3.11/importlib/__init__.py:126: in import_module
    return _bootstrap._gcd_import(name[level:], package, level)
           ^^^^^^^^^^^^^^^^^^^^^^^^^^^^^^^^^^^^^^^^^^^^^^^^^^^^
tests/autogen_op/microsoft/beit-base-patch16-224/test_microsoft_beit-base-patch16-224_aten_permute_default.py:8: in <module>
    import ttnn
E   ModuleNotFoundError: No module named 'ttnn'
_ ERROR collecting tests/autogen_op/microsoft/beit-base-patch16-224/test_microsoft_beit-base-patch16-224_aten_slice_Tensor.py _
ImportError while importing test module '/Users/Ajay17/pytorch2.0_ttnn/tests/autogen_op/microsoft/beit-base-patch16-224/test_microsoft_beit-base-patch16-224_aten_slice_Tensor.py'.
Hint: make sure your test modules/packages have valid Python names.
Traceback:
../.pyenv/versions/3.11.10/lib/python3.11/importlib/__init__.py:126: in import_module
    return _bootstrap._gcd_import(name[level:], package, level)
           ^^^^^^^^^^^^^^^^^^^^^^^^^^^^^^^^^^^^^^^^^^^^^^^^^^^^
tests/autogen_op/microsoft/beit-base-patch16-224/test_microsoft_beit-base-patch16-224_aten_slice_Tensor.py:8: in <module>
    import ttnn
E   ModuleNotFoundError: No module named 'ttnn'
_ ERROR collecting tests/autogen_op/microsoft/beit-base-patch16-224/test_microsoft_beit-base-patch16-224_aten_t_default.py _
ImportError while importing test module '/Users/Ajay17/pytorch2.0_ttnn/tests/autogen_op/microsoft/beit-base-patch16-224/test_microsoft_beit-base-patch16-224_aten_t_default.py'.
Hint: make sure your test modules/packages have valid Python names.
Traceback:
../.pyenv/versions/3.11.10/lib/python3.11/importlib/__init__.py:126: in import_module
    return _bootstrap._gcd_import(name[level:], package, level)
           ^^^^^^^^^^^^^^^^^^^^^^^^^^^^^^^^^^^^^^^^^^^^^^^^^^^^
tests/autogen_op/microsoft/beit-base-patch16-224/test_microsoft_beit-base-patch16-224_aten_t_default.py:8: in <module>
    import ttnn
E   ModuleNotFoundError: No module named 'ttnn'
_ ERROR collecting tests/autogen_op/microsoft/beit-base-patch16-224/test_microsoft_beit-base-patch16-224_aten_transpose_int.py _
ImportError while importing test module '/Users/Ajay17/pytorch2.0_ttnn/tests/autogen_op/microsoft/beit-base-patch16-224/test_microsoft_beit-base-patch16-224_aten_transpose_int.py'.
Hint: make sure your test modules/packages have valid Python names.
Traceback:
../.pyenv/versions/3.11.10/lib/python3.11/importlib/__init__.py:126: in import_module
    return _bootstrap._gcd_import(name[level:], package, level)
           ^^^^^^^^^^^^^^^^^^^^^^^^^^^^^^^^^^^^^^^^^^^^^^^^^^^^
tests/autogen_op/microsoft/beit-base-patch16-224/test_microsoft_beit-base-patch16-224_aten_transpose_int.py:8: in <module>
    import ttnn
E   ModuleNotFoundError: No module named 'ttnn'
_ ERROR collecting tests/autogen_op/microsoft/beit-base-patch16-224/test_microsoft_beit-base-patch16-224_aten_unsqueeze_default.py _
ImportError while importing test module '/Users/Ajay17/pytorch2.0_ttnn/tests/autogen_op/microsoft/beit-base-patch16-224/test_microsoft_beit-base-patch16-224_aten_unsqueeze_default.py'.
Hint: make sure your test modules/packages have valid Python names.
Traceback:
../.pyenv/versions/3.11.10/lib/python3.11/importlib/__init__.py:126: in import_module
    return _bootstrap._gcd_import(name[level:], package, level)
           ^^^^^^^^^^^^^^^^^^^^^^^^^^^^^^^^^^^^^^^^^^^^^^^^^^^^
tests/autogen_op/microsoft/beit-base-patch16-224/test_microsoft_beit-base-patch16-224_aten_unsqueeze_default.py:8: in <module>
    import ttnn
E   ModuleNotFoundError: No module named 'ttnn'
_ ERROR collecting tests/autogen_op/microsoft/beit-base-patch16-224/test_microsoft_beit-base-patch16-224_aten_view_default.py _
ImportError while importing test module '/Users/Ajay17/pytorch2.0_ttnn/tests/autogen_op/microsoft/beit-base-patch16-224/test_microsoft_beit-base-patch16-224_aten_view_default.py'.
Hint: make sure your test modules/packages have valid Python names.
Traceback:
../.pyenv/versions/3.11.10/lib/python3.11/importlib/__init__.py:126: in import_module
    return _bootstrap._gcd_import(name[level:], package, level)
           ^^^^^^^^^^^^^^^^^^^^^^^^^^^^^^^^^^^^^^^^^^^^^^^^^^^^
tests/autogen_op/microsoft/beit-base-patch16-224/test_microsoft_beit-base-patch16-224_aten_view_default.py:8: in <module>
    import ttnn
E   ModuleNotFoundError: No module named 'ttnn'
_ ERROR collecting tests/autogen_op/microsoft/beit-base-patch16-224-train/test_microsoft_beit-base-patch16-224-train_aten__softmax_backward_data_default.py _
ImportError while importing test module '/Users/Ajay17/pytorch2.0_ttnn/tests/autogen_op/microsoft/beit-base-patch16-224-train/test_microsoft_beit-base-patch16-224-train_aten__softmax_backward_data_default.py'.
Hint: make sure your test modules/packages have valid Python names.
Traceback:
../.pyenv/versions/3.11.10/lib/python3.11/importlib/__init__.py:126: in import_module
    return _bootstrap._gcd_import(name[level:], package, level)
           ^^^^^^^^^^^^^^^^^^^^^^^^^^^^^^^^^^^^^^^^^^^^^^^^^^^^
tests/autogen_op/microsoft/beit-base-patch16-224-train/test_microsoft_beit-base-patch16-224-train_aten__softmax_backward_data_default.py:8: in <module>
    import ttnn
E   ModuleNotFoundError: No module named 'ttnn'
_ ERROR collecting tests/autogen_op/microsoft/beit-base-patch16-224-train/test_microsoft_beit-base-patch16-224-train_aten__softmax_default.py _
ImportError while importing test module '/Users/Ajay17/pytorch2.0_ttnn/tests/autogen_op/microsoft/beit-base-patch16-224-train/test_microsoft_beit-base-patch16-224-train_aten__softmax_default.py'.
Hint: make sure your test modules/packages have valid Python names.
Traceback:
../.pyenv/versions/3.11.10/lib/python3.11/importlib/__init__.py:126: in import_module
    return _bootstrap._gcd_import(name[level:], package, level)
           ^^^^^^^^^^^^^^^^^^^^^^^^^^^^^^^^^^^^^^^^^^^^^^^^^^^^
tests/autogen_op/microsoft/beit-base-patch16-224-train/test_microsoft_beit-base-patch16-224-train_aten__softmax_default.py:8: in <module>
    import ttnn
E   ModuleNotFoundError: No module named 'ttnn'
_ ERROR collecting tests/autogen_op/microsoft/beit-base-patch16-224-train/test_microsoft_beit-base-patch16-224-train_aten__unsafe_view_default.py _
ImportError while importing test module '/Users/Ajay17/pytorch2.0_ttnn/tests/autogen_op/microsoft/beit-base-patch16-224-train/test_microsoft_beit-base-patch16-224-train_aten__unsafe_view_default.py'.
Hint: make sure your test modules/packages have valid Python names.
Traceback:
../.pyenv/versions/3.11.10/lib/python3.11/importlib/__init__.py:126: in import_module
    return _bootstrap._gcd_import(name[level:], package, level)
           ^^^^^^^^^^^^^^^^^^^^^^^^^^^^^^^^^^^^^^^^^^^^^^^^^^^^
tests/autogen_op/microsoft/beit-base-patch16-224-train/test_microsoft_beit-base-patch16-224-train_aten__unsafe_view_default.py:8: in <module>
    import ttnn
E   ModuleNotFoundError: No module named 'ttnn'
_ ERROR collecting tests/autogen_op/microsoft/beit-base-patch16-224-train/test_microsoft_beit-base-patch16-224-train_aten_add_Tensor.py _
ImportError while importing test module '/Users/Ajay17/pytorch2.0_ttnn/tests/autogen_op/microsoft/beit-base-patch16-224-train/test_microsoft_beit-base-patch16-224-train_aten_add_Tensor.py'.
Hint: make sure your test modules/packages have valid Python names.
Traceback:
../.pyenv/versions/3.11.10/lib/python3.11/importlib/__init__.py:126: in import_module
    return _bootstrap._gcd_import(name[level:], package, level)
           ^^^^^^^^^^^^^^^^^^^^^^^^^^^^^^^^^^^^^^^^^^^^^^^^^^^^
tests/autogen_op/microsoft/beit-base-patch16-224-train/test_microsoft_beit-base-patch16-224-train_aten_add_Tensor.py:8: in <module>
    import ttnn
E   ModuleNotFoundError: No module named 'ttnn'
_ ERROR collecting tests/autogen_op/microsoft/beit-base-patch16-224-train/test_microsoft_beit-base-patch16-224-train_aten_addmm_default.py _
ImportError while importing test module '/Users/Ajay17/pytorch2.0_ttnn/tests/autogen_op/microsoft/beit-base-patch16-224-train/test_microsoft_beit-base-patch16-224-train_aten_addmm_default.py'.
Hint: make sure your test modules/packages have valid Python names.
Traceback:
../.pyenv/versions/3.11.10/lib/python3.11/importlib/__init__.py:126: in import_module
    return _bootstrap._gcd_import(name[level:], package, level)
           ^^^^^^^^^^^^^^^^^^^^^^^^^^^^^^^^^^^^^^^^^^^^^^^^^^^^
tests/autogen_op/microsoft/beit-base-patch16-224-train/test_microsoft_beit-base-patch16-224-train_aten_addmm_default.py:8: in <module>
    import ttnn
E   ModuleNotFoundError: No module named 'ttnn'
_ ERROR collecting tests/autogen_op/microsoft/beit-base-patch16-224-train/test_microsoft_beit-base-patch16-224-train_aten_bmm_default.py _
ImportError while importing test module '/Users/Ajay17/pytorch2.0_ttnn/tests/autogen_op/microsoft/beit-base-patch16-224-train/test_microsoft_beit-base-patch16-224-train_aten_bmm_default.py'.
Hint: make sure your test modules/packages have valid Python names.
Traceback:
../.pyenv/versions/3.11.10/lib/python3.11/importlib/__init__.py:126: in import_module
    return _bootstrap._gcd_import(name[level:], package, level)
           ^^^^^^^^^^^^^^^^^^^^^^^^^^^^^^^^^^^^^^^^^^^^^^^^^^^^
tests/autogen_op/microsoft/beit-base-patch16-224-train/test_microsoft_beit-base-patch16-224-train_aten_bmm_default.py:8: in <module>
    import ttnn
E   ModuleNotFoundError: No module named 'ttnn'
_ ERROR collecting tests/autogen_op/microsoft/beit-base-patch16-224-train/test_microsoft_beit-base-patch16-224-train_aten_cat_default.py _
ImportError while importing test module '/Users/Ajay17/pytorch2.0_ttnn/tests/autogen_op/microsoft/beit-base-patch16-224-train/test_microsoft_beit-base-patch16-224-train_aten_cat_default.py'.
Hint: make sure your test modules/packages have valid Python names.
Traceback:
../.pyenv/versions/3.11.10/lib/python3.11/importlib/__init__.py:126: in import_module
    return _bootstrap._gcd_import(name[level:], package, level)
           ^^^^^^^^^^^^^^^^^^^^^^^^^^^^^^^^^^^^^^^^^^^^^^^^^^^^
tests/autogen_op/microsoft/beit-base-patch16-224-train/test_microsoft_beit-base-patch16-224-train_aten_cat_default.py:8: in <module>
    import ttnn
E   ModuleNotFoundError: No module named 'ttnn'
_ ERROR collecting tests/autogen_op/microsoft/beit-base-patch16-224-train/test_microsoft_beit-base-patch16-224-train_aten_clone_default.py _
ImportError while importing test module '/Users/Ajay17/pytorch2.0_ttnn/tests/autogen_op/microsoft/beit-base-patch16-224-train/test_microsoft_beit-base-patch16-224-train_aten_clone_default.py'.
Hint: make sure your test modules/packages have valid Python names.
Traceback:
../.pyenv/versions/3.11.10/lib/python3.11/importlib/__init__.py:126: in import_module
    return _bootstrap._gcd_import(name[level:], package, level)
           ^^^^^^^^^^^^^^^^^^^^^^^^^^^^^^^^^^^^^^^^^^^^^^^^^^^^
tests/autogen_op/microsoft/beit-base-patch16-224-train/test_microsoft_beit-base-patch16-224-train_aten_clone_default.py:8: in <module>
    import ttnn
E   ModuleNotFoundError: No module named 'ttnn'
_ ERROR collecting tests/autogen_op/microsoft/beit-base-patch16-224-train/test_microsoft_beit-base-patch16-224-train_aten_convolution_backward_default.py _
ImportError while importing test module '/Users/Ajay17/pytorch2.0_ttnn/tests/autogen_op/microsoft/beit-base-patch16-224-train/test_microsoft_beit-base-patch16-224-train_aten_convolution_backward_default.py'.
Hint: make sure your test modules/packages have valid Python names.
Traceback:
../.pyenv/versions/3.11.10/lib/python3.11/importlib/__init__.py:126: in import_module
    return _bootstrap._gcd_import(name[level:], package, level)
           ^^^^^^^^^^^^^^^^^^^^^^^^^^^^^^^^^^^^^^^^^^^^^^^^^^^^
tests/autogen_op/microsoft/beit-base-patch16-224-train/test_microsoft_beit-base-patch16-224-train_aten_convolution_backward_default.py:8: in <module>
    import ttnn
E   ModuleNotFoundError: No module named 'ttnn'
_ ERROR collecting tests/autogen_op/microsoft/beit-base-patch16-224-train/test_microsoft_beit-base-patch16-224-train_aten_convolution_default.py _
ImportError while importing test module '/Users/Ajay17/pytorch2.0_ttnn/tests/autogen_op/microsoft/beit-base-patch16-224-train/test_microsoft_beit-base-patch16-224-train_aten_convolution_default.py'.
Hint: make sure your test modules/packages have valid Python names.
Traceback:
../.pyenv/versions/3.11.10/lib/python3.11/importlib/__init__.py:126: in import_module
    return _bootstrap._gcd_import(name[level:], package, level)
           ^^^^^^^^^^^^^^^^^^^^^^^^^^^^^^^^^^^^^^^^^^^^^^^^^^^^
tests/autogen_op/microsoft/beit-base-patch16-224-train/test_microsoft_beit-base-patch16-224-train_aten_convolution_default.py:8: in <module>
    import ttnn
E   ModuleNotFoundError: No module named 'ttnn'
_ ERROR collecting tests/autogen_op/microsoft/beit-base-patch16-224-train/test_microsoft_beit-base-patch16-224-train_aten_detach_default.py _
ImportError while importing test module '/Users/Ajay17/pytorch2.0_ttnn/tests/autogen_op/microsoft/beit-base-patch16-224-train/test_microsoft_beit-base-patch16-224-train_aten_detach_default.py'.
Hint: make sure your test modules/packages have valid Python names.
Traceback:
../.pyenv/versions/3.11.10/lib/python3.11/importlib/__init__.py:126: in import_module
    return _bootstrap._gcd_import(name[level:], package, level)
           ^^^^^^^^^^^^^^^^^^^^^^^^^^^^^^^^^^^^^^^^^^^^^^^^^^^^
tests/autogen_op/microsoft/beit-base-patch16-224-train/test_microsoft_beit-base-patch16-224-train_aten_detach_default.py:8: in <module>
    import ttnn
E   ModuleNotFoundError: No module named 'ttnn'
_ ERROR collecting tests/autogen_op/microsoft/beit-base-patch16-224-train/test_microsoft_beit-base-patch16-224-train_aten_div_Scalar.py _
ImportError while importing test module '/Users/Ajay17/pytorch2.0_ttnn/tests/autogen_op/microsoft/beit-base-patch16-224-train/test_microsoft_beit-base-patch16-224-train_aten_div_Scalar.py'.
Hint: make sure your test modules/packages have valid Python names.
Traceback:
../.pyenv/versions/3.11.10/lib/python3.11/importlib/__init__.py:126: in import_module
    return _bootstrap._gcd_import(name[level:], package, level)
           ^^^^^^^^^^^^^^^^^^^^^^^^^^^^^^^^^^^^^^^^^^^^^^^^^^^^
tests/autogen_op/microsoft/beit-base-patch16-224-train/test_microsoft_beit-base-patch16-224-train_aten_div_Scalar.py:8: in <module>
    import ttnn
E   ModuleNotFoundError: No module named 'ttnn'
_ ERROR collecting tests/autogen_op/microsoft/beit-base-patch16-224-train/test_microsoft_beit-base-patch16-224-train_aten_div_Tensor.py _
ImportError while importing test module '/Users/Ajay17/pytorch2.0_ttnn/tests/autogen_op/microsoft/beit-base-patch16-224-train/test_microsoft_beit-base-patch16-224-train_aten_div_Tensor.py'.
Hint: make sure your test modules/packages have valid Python names.
Traceback:
../.pyenv/versions/3.11.10/lib/python3.11/importlib/__init__.py:126: in import_module
    return _bootstrap._gcd_import(name[level:], package, level)
           ^^^^^^^^^^^^^^^^^^^^^^^^^^^^^^^^^^^^^^^^^^^^^^^^^^^^
tests/autogen_op/microsoft/beit-base-patch16-224-train/test_microsoft_beit-base-patch16-224-train_aten_div_Tensor.py:8: in <module>
    import ttnn
E   ModuleNotFoundError: No module named 'ttnn'
_ ERROR collecting tests/autogen_op/microsoft/beit-base-patch16-224-train/test_microsoft_beit-base-patch16-224-train_aten_expand_default.py _
ImportError while importing test module '/Users/Ajay17/pytorch2.0_ttnn/tests/autogen_op/microsoft/beit-base-patch16-224-train/test_microsoft_beit-base-patch16-224-train_aten_expand_default.py'.
Hint: make sure your test modules/packages have valid Python names.
Traceback:
../.pyenv/versions/3.11.10/lib/python3.11/importlib/__init__.py:126: in import_module
    return _bootstrap._gcd_import(name[level:], package, level)
           ^^^^^^^^^^^^^^^^^^^^^^^^^^^^^^^^^^^^^^^^^^^^^^^^^^^^
tests/autogen_op/microsoft/beit-base-patch16-224-train/test_microsoft_beit-base-patch16-224-train_aten_expand_default.py:8: in <module>
    import ttnn
E   ModuleNotFoundError: No module named 'ttnn'
_ ERROR collecting tests/autogen_op/microsoft/beit-base-patch16-224-train/test_microsoft_beit-base-patch16-224-train_aten_gelu_backward_default.py _
ImportError while importing test module '/Users/Ajay17/pytorch2.0_ttnn/tests/autogen_op/microsoft/beit-base-patch16-224-train/test_microsoft_beit-base-patch16-224-train_aten_gelu_backward_default.py'.
Hint: make sure your test modules/packages have valid Python names.
Traceback:
../.pyenv/versions/3.11.10/lib/python3.11/importlib/__init__.py:126: in import_module
    return _bootstrap._gcd_import(name[level:], package, level)
           ^^^^^^^^^^^^^^^^^^^^^^^^^^^^^^^^^^^^^^^^^^^^^^^^^^^^
tests/autogen_op/microsoft/beit-base-patch16-224-train/test_microsoft_beit-base-patch16-224-train_aten_gelu_backward_default.py:8: in <module>
    import ttnn
E   ModuleNotFoundError: No module named 'ttnn'
_ ERROR collecting tests/autogen_op/microsoft/beit-base-patch16-224-train/test_microsoft_beit-base-patch16-224-train_aten_gelu_default.py _
ImportError while importing test module '/Users/Ajay17/pytorch2.0_ttnn/tests/autogen_op/microsoft/beit-base-patch16-224-train/test_microsoft_beit-base-patch16-224-train_aten_gelu_default.py'.
Hint: make sure your test modules/packages have valid Python names.
Traceback:
../.pyenv/versions/3.11.10/lib/python3.11/importlib/__init__.py:126: in import_module
    return _bootstrap._gcd_import(name[level:], package, level)
           ^^^^^^^^^^^^^^^^^^^^^^^^^^^^^^^^^^^^^^^^^^^^^^^^^^^^
tests/autogen_op/microsoft/beit-base-patch16-224-train/test_microsoft_beit-base-patch16-224-train_aten_gelu_default.py:8: in <module>
    import ttnn
E   ModuleNotFoundError: No module named 'ttnn'
_ ERROR collecting tests/autogen_op/microsoft/beit-base-patch16-224-train/test_microsoft_beit-base-patch16-224-train_aten_index_Tensor.py _
ImportError while importing test module '/Users/Ajay17/pytorch2.0_ttnn/tests/autogen_op/microsoft/beit-base-patch16-224-train/test_microsoft_beit-base-patch16-224-train_aten_index_Tensor.py'.
Hint: make sure your test modules/packages have valid Python names.
Traceback:
../.pyenv/versions/3.11.10/lib/python3.11/importlib/__init__.py:126: in import_module
    return _bootstrap._gcd_import(name[level:], package, level)
           ^^^^^^^^^^^^^^^^^^^^^^^^^^^^^^^^^^^^^^^^^^^^^^^^^^^^
tests/autogen_op/microsoft/beit-base-patch16-224-train/test_microsoft_beit-base-patch16-224-train_aten_index_Tensor.py:8: in <module>
    import ttnn
E   ModuleNotFoundError: No module named 'ttnn'
_ ERROR collecting tests/autogen_op/microsoft/beit-base-patch16-224-train/test_microsoft_beit-base-patch16-224-train_aten_index_put_default.py _
ImportError while importing test module '/Users/Ajay17/pytorch2.0_ttnn/tests/autogen_op/microsoft/beit-base-patch16-224-train/test_microsoft_beit-base-patch16-224-train_aten_index_put_default.py'.
Hint: make sure your test modules/packages have valid Python names.
Traceback:
../.pyenv/versions/3.11.10/lib/python3.11/importlib/__init__.py:126: in import_module
    return _bootstrap._gcd_import(name[level:], package, level)
           ^^^^^^^^^^^^^^^^^^^^^^^^^^^^^^^^^^^^^^^^^^^^^^^^^^^^
tests/autogen_op/microsoft/beit-base-patch16-224-train/test_microsoft_beit-base-patch16-224-train_aten_index_put_default.py:8: in <module>
    import ttnn
E   ModuleNotFoundError: No module named 'ttnn'
_ ERROR collecting tests/autogen_op/microsoft/beit-base-patch16-224-train/test_microsoft_beit-base-patch16-224-train_aten_mean_dim.py _
ImportError while importing test module '/Users/Ajay17/pytorch2.0_ttnn/tests/autogen_op/microsoft/beit-base-patch16-224-train/test_microsoft_beit-base-patch16-224-train_aten_mean_dim.py'.
Hint: make sure your test modules/packages have valid Python names.
Traceback:
../.pyenv/versions/3.11.10/lib/python3.11/importlib/__init__.py:126: in import_module
    return _bootstrap._gcd_import(name[level:], package, level)
           ^^^^^^^^^^^^^^^^^^^^^^^^^^^^^^^^^^^^^^^^^^^^^^^^^^^^
tests/autogen_op/microsoft/beit-base-patch16-224-train/test_microsoft_beit-base-patch16-224-train_aten_mean_dim.py:8: in <module>
    import ttnn
E   ModuleNotFoundError: No module named 'ttnn'
_ ERROR collecting tests/autogen_op/microsoft/beit-base-patch16-224-train/test_microsoft_beit-base-patch16-224-train_aten_mm_default.py _
ImportError while importing test module '/Users/Ajay17/pytorch2.0_ttnn/tests/autogen_op/microsoft/beit-base-patch16-224-train/test_microsoft_beit-base-patch16-224-train_aten_mm_default.py'.
Hint: make sure your test modules/packages have valid Python names.
Traceback:
../.pyenv/versions/3.11.10/lib/python3.11/importlib/__init__.py:126: in import_module
    return _bootstrap._gcd_import(name[level:], package, level)
           ^^^^^^^^^^^^^^^^^^^^^^^^^^^^^^^^^^^^^^^^^^^^^^^^^^^^
tests/autogen_op/microsoft/beit-base-patch16-224-train/test_microsoft_beit-base-patch16-224-train_aten_mm_default.py:8: in <module>
    import ttnn
E   ModuleNotFoundError: No module named 'ttnn'
_ ERROR collecting tests/autogen_op/microsoft/beit-base-patch16-224-train/test_microsoft_beit-base-patch16-224-train_aten_mul_Tensor.py _
ImportError while importing test module '/Users/Ajay17/pytorch2.0_ttnn/tests/autogen_op/microsoft/beit-base-patch16-224-train/test_microsoft_beit-base-patch16-224-train_aten_mul_Tensor.py'.
Hint: make sure your test modules/packages have valid Python names.
Traceback:
../.pyenv/versions/3.11.10/lib/python3.11/importlib/__init__.py:126: in import_module
    return _bootstrap._gcd_import(name[level:], package, level)
           ^^^^^^^^^^^^^^^^^^^^^^^^^^^^^^^^^^^^^^^^^^^^^^^^^^^^
tests/autogen_op/microsoft/beit-base-patch16-224-train/test_microsoft_beit-base-patch16-224-train_aten_mul_Tensor.py:8: in <module>
    import ttnn
E   ModuleNotFoundError: No module named 'ttnn'
_ ERROR collecting tests/autogen_op/microsoft/beit-base-patch16-224-train/test_microsoft_beit-base-patch16-224-train_aten_native_layer_norm_backward_default.py _
ImportError while importing test module '/Users/Ajay17/pytorch2.0_ttnn/tests/autogen_op/microsoft/beit-base-patch16-224-train/test_microsoft_beit-base-patch16-224-train_aten_native_layer_norm_backward_default.py'.
Hint: make sure your test modules/packages have valid Python names.
Traceback:
../.pyenv/versions/3.11.10/lib/python3.11/importlib/__init__.py:126: in import_module
    return _bootstrap._gcd_import(name[level:], package, level)
           ^^^^^^^^^^^^^^^^^^^^^^^^^^^^^^^^^^^^^^^^^^^^^^^^^^^^
tests/autogen_op/microsoft/beit-base-patch16-224-train/test_microsoft_beit-base-patch16-224-train_aten_native_layer_norm_backward_default.py:8: in <module>
    import ttnn
E   ModuleNotFoundError: No module named 'ttnn'
_ ERROR collecting tests/autogen_op/microsoft/beit-base-patch16-224-train/test_microsoft_beit-base-patch16-224-train_aten_native_layer_norm_default.py _
ImportError while importing test module '/Users/Ajay17/pytorch2.0_ttnn/tests/autogen_op/microsoft/beit-base-patch16-224-train/test_microsoft_beit-base-patch16-224-train_aten_native_layer_norm_default.py'.
Hint: make sure your test modules/packages have valid Python names.
Traceback:
../.pyenv/versions/3.11.10/lib/python3.11/importlib/__init__.py:126: in import_module
    return _bootstrap._gcd_import(name[level:], package, level)
           ^^^^^^^^^^^^^^^^^^^^^^^^^^^^^^^^^^^^^^^^^^^^^^^^^^^^
tests/autogen_op/microsoft/beit-base-patch16-224-train/test_microsoft_beit-base-patch16-224-train_aten_native_layer_norm_default.py:8: in <module>
    import ttnn
E   ModuleNotFoundError: No module named 'ttnn'
_ ERROR collecting tests/autogen_op/microsoft/beit-base-patch16-224-train/test_microsoft_beit-base-patch16-224-train_aten_new_zeros_default.py _
ImportError while importing test module '/Users/Ajay17/pytorch2.0_ttnn/tests/autogen_op/microsoft/beit-base-patch16-224-train/test_microsoft_beit-base-patch16-224-train_aten_new_zeros_default.py'.
Hint: make sure your test modules/packages have valid Python names.
Traceback:
../.pyenv/versions/3.11.10/lib/python3.11/importlib/__init__.py:126: in import_module
    return _bootstrap._gcd_import(name[level:], package, level)
           ^^^^^^^^^^^^^^^^^^^^^^^^^^^^^^^^^^^^^^^^^^^^^^^^^^^^
tests/autogen_op/microsoft/beit-base-patch16-224-train/test_microsoft_beit-base-patch16-224-train_aten_new_zeros_default.py:8: in <module>
    import ttnn
E   ModuleNotFoundError: No module named 'ttnn'
_ ERROR collecting tests/autogen_op/microsoft/beit-base-patch16-224-train/test_microsoft_beit-base-patch16-224-train_aten_permute_default.py _
ImportError while importing test module '/Users/Ajay17/pytorch2.0_ttnn/tests/autogen_op/microsoft/beit-base-patch16-224-train/test_microsoft_beit-base-patch16-224-train_aten_permute_default.py'.
Hint: make sure your test modules/packages have valid Python names.
Traceback:
../.pyenv/versions/3.11.10/lib/python3.11/importlib/__init__.py:126: in import_module
    return _bootstrap._gcd_import(name[level:], package, level)
           ^^^^^^^^^^^^^^^^^^^^^^^^^^^^^^^^^^^^^^^^^^^^^^^^^^^^
tests/autogen_op/microsoft/beit-base-patch16-224-train/test_microsoft_beit-base-patch16-224-train_aten_permute_default.py:8: in <module>
    import ttnn
E   ModuleNotFoundError: No module named 'ttnn'
_ ERROR collecting tests/autogen_op/microsoft/beit-base-patch16-224-train/test_microsoft_beit-base-patch16-224-train_aten_rand_default.py _
ImportError while importing test module '/Users/Ajay17/pytorch2.0_ttnn/tests/autogen_op/microsoft/beit-base-patch16-224-train/test_microsoft_beit-base-patch16-224-train_aten_rand_default.py'.
Hint: make sure your test modules/packages have valid Python names.
Traceback:
../.pyenv/versions/3.11.10/lib/python3.11/importlib/__init__.py:126: in import_module
    return _bootstrap._gcd_import(name[level:], package, level)
           ^^^^^^^^^^^^^^^^^^^^^^^^^^^^^^^^^^^^^^^^^^^^^^^^^^^^
tests/autogen_op/microsoft/beit-base-patch16-224-train/test_microsoft_beit-base-patch16-224-train_aten_rand_default.py:8: in <module>
    import ttnn
E   ModuleNotFoundError: No module named 'ttnn'
_ ERROR collecting tests/autogen_op/microsoft/beit-base-patch16-224-train/test_microsoft_beit-base-patch16-224-train_aten_slice_Tensor.py _
ImportError while importing test module '/Users/Ajay17/pytorch2.0_ttnn/tests/autogen_op/microsoft/beit-base-patch16-224-train/test_microsoft_beit-base-patch16-224-train_aten_slice_Tensor.py'.
Hint: make sure your test modules/packages have valid Python names.
Traceback:
../.pyenv/versions/3.11.10/lib/python3.11/importlib/__init__.py:126: in import_module
    return _bootstrap._gcd_import(name[level:], package, level)
           ^^^^^^^^^^^^^^^^^^^^^^^^^^^^^^^^^^^^^^^^^^^^^^^^^^^^
tests/autogen_op/microsoft/beit-base-patch16-224-train/test_microsoft_beit-base-patch16-224-train_aten_slice_Tensor.py:8: in <module>
    import ttnn
E   ModuleNotFoundError: No module named 'ttnn'
_ ERROR collecting tests/autogen_op/microsoft/beit-base-patch16-224-train/test_microsoft_beit-base-patch16-224-train_aten_slice_backward_default.py _
ImportError while importing test module '/Users/Ajay17/pytorch2.0_ttnn/tests/autogen_op/microsoft/beit-base-patch16-224-train/test_microsoft_beit-base-patch16-224-train_aten_slice_backward_default.py'.
Hint: make sure your test modules/packages have valid Python names.
Traceback:
../.pyenv/versions/3.11.10/lib/python3.11/importlib/__init__.py:126: in import_module
    return _bootstrap._gcd_import(name[level:], package, level)
           ^^^^^^^^^^^^^^^^^^^^^^^^^^^^^^^^^^^^^^^^^^^^^^^^^^^^
tests/autogen_op/microsoft/beit-base-patch16-224-train/test_microsoft_beit-base-patch16-224-train_aten_slice_backward_default.py:8: in <module>
    import ttnn
E   ModuleNotFoundError: No module named 'ttnn'
_ ERROR collecting tests/autogen_op/microsoft/beit-base-patch16-224-train/test_microsoft_beit-base-patch16-224-train_aten_squeeze_dim.py _
ImportError while importing test module '/Users/Ajay17/pytorch2.0_ttnn/tests/autogen_op/microsoft/beit-base-patch16-224-train/test_microsoft_beit-base-patch16-224-train_aten_squeeze_dim.py'.
Hint: make sure your test modules/packages have valid Python names.
Traceback:
../.pyenv/versions/3.11.10/lib/python3.11/importlib/__init__.py:126: in import_module
    return _bootstrap._gcd_import(name[level:], package, level)
           ^^^^^^^^^^^^^^^^^^^^^^^^^^^^^^^^^^^^^^^^^^^^^^^^^^^^
tests/autogen_op/microsoft/beit-base-patch16-224-train/test_microsoft_beit-base-patch16-224-train_aten_squeeze_dim.py:8: in <module>
    import ttnn
E   ModuleNotFoundError: No module named 'ttnn'
_ ERROR collecting tests/autogen_op/microsoft/beit-base-patch16-224-train/test_microsoft_beit-base-patch16-224-train_aten_sum_dim_IntList.py _
ImportError while importing test module '/Users/Ajay17/pytorch2.0_ttnn/tests/autogen_op/microsoft/beit-base-patch16-224-train/test_microsoft_beit-base-patch16-224-train_aten_sum_dim_IntList.py'.
Hint: make sure your test modules/packages have valid Python names.
Traceback:
../.pyenv/versions/3.11.10/lib/python3.11/importlib/__init__.py:126: in import_module
    return _bootstrap._gcd_import(name[level:], package, level)
           ^^^^^^^^^^^^^^^^^^^^^^^^^^^^^^^^^^^^^^^^^^^^^^^^^^^^
tests/autogen_op/microsoft/beit-base-patch16-224-train/test_microsoft_beit-base-patch16-224-train_aten_sum_dim_IntList.py:8: in <module>
    import ttnn
E   ModuleNotFoundError: No module named 'ttnn'
_ ERROR collecting tests/autogen_op/microsoft/beit-base-patch16-224-train/test_microsoft_beit-base-patch16-224-train_aten_t_default.py _
ImportError while importing test module '/Users/Ajay17/pytorch2.0_ttnn/tests/autogen_op/microsoft/beit-base-patch16-224-train/test_microsoft_beit-base-patch16-224-train_aten_t_default.py'.
Hint: make sure your test modules/packages have valid Python names.
Traceback:
../.pyenv/versions/3.11.10/lib/python3.11/importlib/__init__.py:126: in import_module
    return _bootstrap._gcd_import(name[level:], package, level)
           ^^^^^^^^^^^^^^^^^^^^^^^^^^^^^^^^^^^^^^^^^^^^^^^^^^^^
tests/autogen_op/microsoft/beit-base-patch16-224-train/test_microsoft_beit-base-patch16-224-train_aten_t_default.py:8: in <module>
    import ttnn
E   ModuleNotFoundError: No module named 'ttnn'
_ ERROR collecting tests/autogen_op/microsoft/beit-base-patch16-224-train/test_microsoft_beit-base-patch16-224-train_aten_transpose_int.py _
ImportError while importing test module '/Users/Ajay17/pytorch2.0_ttnn/tests/autogen_op/microsoft/beit-base-patch16-224-train/test_microsoft_beit-base-patch16-224-train_aten_transpose_int.py'.
Hint: make sure your test modules/packages have valid Python names.
Traceback:
../.pyenv/versions/3.11.10/lib/python3.11/importlib/__init__.py:126: in import_module
    return _bootstrap._gcd_import(name[level:], package, level)
           ^^^^^^^^^^^^^^^^^^^^^^^^^^^^^^^^^^^^^^^^^^^^^^^^^^^^
tests/autogen_op/microsoft/beit-base-patch16-224-train/test_microsoft_beit-base-patch16-224-train_aten_transpose_int.py:8: in <module>
    import ttnn
E   ModuleNotFoundError: No module named 'ttnn'
_ ERROR collecting tests/autogen_op/microsoft/beit-base-patch16-224-train/test_microsoft_beit-base-patch16-224-train_aten_unsqueeze_default.py _
ImportError while importing test module '/Users/Ajay17/pytorch2.0_ttnn/tests/autogen_op/microsoft/beit-base-patch16-224-train/test_microsoft_beit-base-patch16-224-train_aten_unsqueeze_default.py'.
Hint: make sure your test modules/packages have valid Python names.
Traceback:
../.pyenv/versions/3.11.10/lib/python3.11/importlib/__init__.py:126: in import_module
    return _bootstrap._gcd_import(name[level:], package, level)
           ^^^^^^^^^^^^^^^^^^^^^^^^^^^^^^^^^^^^^^^^^^^^^^^^^^^^
tests/autogen_op/microsoft/beit-base-patch16-224-train/test_microsoft_beit-base-patch16-224-train_aten_unsqueeze_default.py:8: in <module>
    import ttnn
E   ModuleNotFoundError: No module named 'ttnn'
_ ERROR collecting tests/autogen_op/microsoft/beit-base-patch16-224-train/test_microsoft_beit-base-patch16-224-train_aten_view_default.py _
ImportError while importing test module '/Users/Ajay17/pytorch2.0_ttnn/tests/autogen_op/microsoft/beit-base-patch16-224-train/test_microsoft_beit-base-patch16-224-train_aten_view_default.py'.
Hint: make sure your test modules/packages have valid Python names.
Traceback:
../.pyenv/versions/3.11.10/lib/python3.11/importlib/__init__.py:126: in import_module
    return _bootstrap._gcd_import(name[level:], package, level)
           ^^^^^^^^^^^^^^^^^^^^^^^^^^^^^^^^^^^^^^^^^^^^^^^^^^^^
tests/autogen_op/microsoft/beit-base-patch16-224-train/test_microsoft_beit-base-patch16-224-train_aten_view_default.py:8: in <module>
    import ttnn
E   ModuleNotFoundError: No module named 'ttnn'
_ ERROR collecting tests/autogen_op/microsoft/beit-large-patch16-224/test_microsoft_beit-large-patch16-224_aten__softmax_default.py _
ImportError while importing test module '/Users/Ajay17/pytorch2.0_ttnn/tests/autogen_op/microsoft/beit-large-patch16-224/test_microsoft_beit-large-patch16-224_aten__softmax_default.py'.
Hint: make sure your test modules/packages have valid Python names.
Traceback:
../.pyenv/versions/3.11.10/lib/python3.11/importlib/__init__.py:126: in import_module
    return _bootstrap._gcd_import(name[level:], package, level)
           ^^^^^^^^^^^^^^^^^^^^^^^^^^^^^^^^^^^^^^^^^^^^^^^^^^^^
tests/autogen_op/microsoft/beit-large-patch16-224/test_microsoft_beit-large-patch16-224_aten__softmax_default.py:8: in <module>
    import ttnn
E   ModuleNotFoundError: No module named 'ttnn'
_ ERROR collecting tests/autogen_op/microsoft/beit-large-patch16-224/test_microsoft_beit-large-patch16-224_aten_add_Tensor.py _
ImportError while importing test module '/Users/Ajay17/pytorch2.0_ttnn/tests/autogen_op/microsoft/beit-large-patch16-224/test_microsoft_beit-large-patch16-224_aten_add_Tensor.py'.
Hint: make sure your test modules/packages have valid Python names.
Traceback:
../.pyenv/versions/3.11.10/lib/python3.11/importlib/__init__.py:126: in import_module
    return _bootstrap._gcd_import(name[level:], package, level)
           ^^^^^^^^^^^^^^^^^^^^^^^^^^^^^^^^^^^^^^^^^^^^^^^^^^^^
tests/autogen_op/microsoft/beit-large-patch16-224/test_microsoft_beit-large-patch16-224_aten_add_Tensor.py:8: in <module>
    import ttnn
E   ModuleNotFoundError: No module named 'ttnn'
_ ERROR collecting tests/autogen_op/microsoft/beit-large-patch16-224/test_microsoft_beit-large-patch16-224_aten_addmm_default.py _
ImportError while importing test module '/Users/Ajay17/pytorch2.0_ttnn/tests/autogen_op/microsoft/beit-large-patch16-224/test_microsoft_beit-large-patch16-224_aten_addmm_default.py'.
Hint: make sure your test modules/packages have valid Python names.
Traceback:
../.pyenv/versions/3.11.10/lib/python3.11/importlib/__init__.py:126: in import_module
    return _bootstrap._gcd_import(name[level:], package, level)
           ^^^^^^^^^^^^^^^^^^^^^^^^^^^^^^^^^^^^^^^^^^^^^^^^^^^^
tests/autogen_op/microsoft/beit-large-patch16-224/test_microsoft_beit-large-patch16-224_aten_addmm_default.py:8: in <module>
    import ttnn
E   ModuleNotFoundError: No module named 'ttnn'
_ ERROR collecting tests/autogen_op/microsoft/beit-large-patch16-224/test_microsoft_beit-large-patch16-224_aten_bmm_default.py _
ImportError while importing test module '/Users/Ajay17/pytorch2.0_ttnn/tests/autogen_op/microsoft/beit-large-patch16-224/test_microsoft_beit-large-patch16-224_aten_bmm_default.py'.
Hint: make sure your test modules/packages have valid Python names.
Traceback:
../.pyenv/versions/3.11.10/lib/python3.11/importlib/__init__.py:126: in import_module
    return _bootstrap._gcd_import(name[level:], package, level)
           ^^^^^^^^^^^^^^^^^^^^^^^^^^^^^^^^^^^^^^^^^^^^^^^^^^^^
tests/autogen_op/microsoft/beit-large-patch16-224/test_microsoft_beit-large-patch16-224_aten_bmm_default.py:8: in <module>
    import ttnn
E   ModuleNotFoundError: No module named 'ttnn'
_ ERROR collecting tests/autogen_op/microsoft/beit-large-patch16-224/test_microsoft_beit-large-patch16-224_aten_cat_default.py _
ImportError while importing test module '/Users/Ajay17/pytorch2.0_ttnn/tests/autogen_op/microsoft/beit-large-patch16-224/test_microsoft_beit-large-patch16-224_aten_cat_default.py'.
Hint: make sure your test modules/packages have valid Python names.
Traceback:
../.pyenv/versions/3.11.10/lib/python3.11/importlib/__init__.py:126: in import_module
    return _bootstrap._gcd_import(name[level:], package, level)
           ^^^^^^^^^^^^^^^^^^^^^^^^^^^^^^^^^^^^^^^^^^^^^^^^^^^^
tests/autogen_op/microsoft/beit-large-patch16-224/test_microsoft_beit-large-patch16-224_aten_cat_default.py:8: in <module>
    import ttnn
E   ModuleNotFoundError: No module named 'ttnn'
_ ERROR collecting tests/autogen_op/microsoft/beit-large-patch16-224/test_microsoft_beit-large-patch16-224_aten_clone_default.py _
ImportError while importing test module '/Users/Ajay17/pytorch2.0_ttnn/tests/autogen_op/microsoft/beit-large-patch16-224/test_microsoft_beit-large-patch16-224_aten_clone_default.py'.
Hint: make sure your test modules/packages have valid Python names.
Traceback:
../.pyenv/versions/3.11.10/lib/python3.11/importlib/__init__.py:126: in import_module
    return _bootstrap._gcd_import(name[level:], package, level)
           ^^^^^^^^^^^^^^^^^^^^^^^^^^^^^^^^^^^^^^^^^^^^^^^^^^^^
tests/autogen_op/microsoft/beit-large-patch16-224/test_microsoft_beit-large-patch16-224_aten_clone_default.py:8: in <module>
    import ttnn
E   ModuleNotFoundError: No module named 'ttnn'
_ ERROR collecting tests/autogen_op/microsoft/beit-large-patch16-224/test_microsoft_beit-large-patch16-224_aten_convolution_default.py _
ImportError while importing test module '/Users/Ajay17/pytorch2.0_ttnn/tests/autogen_op/microsoft/beit-large-patch16-224/test_microsoft_beit-large-patch16-224_aten_convolution_default.py'.
Hint: make sure your test modules/packages have valid Python names.
Traceback:
../.pyenv/versions/3.11.10/lib/python3.11/importlib/__init__.py:126: in import_module
    return _bootstrap._gcd_import(name[level:], package, level)
           ^^^^^^^^^^^^^^^^^^^^^^^^^^^^^^^^^^^^^^^^^^^^^^^^^^^^
tests/autogen_op/microsoft/beit-large-patch16-224/test_microsoft_beit-large-patch16-224_aten_convolution_default.py:8: in <module>
    import ttnn
E   ModuleNotFoundError: No module named 'ttnn'
_ ERROR collecting tests/autogen_op/microsoft/beit-large-patch16-224/test_microsoft_beit-large-patch16-224_aten_div_Tensor.py _
ImportError while importing test module '/Users/Ajay17/pytorch2.0_ttnn/tests/autogen_op/microsoft/beit-large-patch16-224/test_microsoft_beit-large-patch16-224_aten_div_Tensor.py'.
Hint: make sure your test modules/packages have valid Python names.
Traceback:
../.pyenv/versions/3.11.10/lib/python3.11/importlib/__init__.py:126: in import_module
    return _bootstrap._gcd_import(name[level:], package, level)
           ^^^^^^^^^^^^^^^^^^^^^^^^^^^^^^^^^^^^^^^^^^^^^^^^^^^^
tests/autogen_op/microsoft/beit-large-patch16-224/test_microsoft_beit-large-patch16-224_aten_div_Tensor.py:8: in <module>
    import ttnn
E   ModuleNotFoundError: No module named 'ttnn'
_ ERROR collecting tests/autogen_op/microsoft/beit-large-patch16-224/test_microsoft_beit-large-patch16-224_aten_expand_default.py _
ImportError while importing test module '/Users/Ajay17/pytorch2.0_ttnn/tests/autogen_op/microsoft/beit-large-patch16-224/test_microsoft_beit-large-patch16-224_aten_expand_default.py'.
Hint: make sure your test modules/packages have valid Python names.
Traceback:
../.pyenv/versions/3.11.10/lib/python3.11/importlib/__init__.py:126: in import_module
    return _bootstrap._gcd_import(name[level:], package, level)
           ^^^^^^^^^^^^^^^^^^^^^^^^^^^^^^^^^^^^^^^^^^^^^^^^^^^^
tests/autogen_op/microsoft/beit-large-patch16-224/test_microsoft_beit-large-patch16-224_aten_expand_default.py:8: in <module>
    import ttnn
E   ModuleNotFoundError: No module named 'ttnn'
_ ERROR collecting tests/autogen_op/microsoft/beit-large-patch16-224/test_microsoft_beit-large-patch16-224_aten_gelu_default.py _
ImportError while importing test module '/Users/Ajay17/pytorch2.0_ttnn/tests/autogen_op/microsoft/beit-large-patch16-224/test_microsoft_beit-large-patch16-224_aten_gelu_default.py'.
Hint: make sure your test modules/packages have valid Python names.
Traceback:
../.pyenv/versions/3.11.10/lib/python3.11/importlib/__init__.py:126: in import_module
    return _bootstrap._gcd_import(name[level:], package, level)
           ^^^^^^^^^^^^^^^^^^^^^^^^^^^^^^^^^^^^^^^^^^^^^^^^^^^^
tests/autogen_op/microsoft/beit-large-patch16-224/test_microsoft_beit-large-patch16-224_aten_gelu_default.py:8: in <module>
    import ttnn
E   ModuleNotFoundError: No module named 'ttnn'
_ ERROR collecting tests/autogen_op/microsoft/beit-large-patch16-224/test_microsoft_beit-large-patch16-224_aten_index_Tensor.py _
ImportError while importing test module '/Users/Ajay17/pytorch2.0_ttnn/tests/autogen_op/microsoft/beit-large-patch16-224/test_microsoft_beit-large-patch16-224_aten_index_Tensor.py'.
Hint: make sure your test modules/packages have valid Python names.
Traceback:
../.pyenv/versions/3.11.10/lib/python3.11/importlib/__init__.py:126: in import_module
    return _bootstrap._gcd_import(name[level:], package, level)
           ^^^^^^^^^^^^^^^^^^^^^^^^^^^^^^^^^^^^^^^^^^^^^^^^^^^^
tests/autogen_op/microsoft/beit-large-patch16-224/test_microsoft_beit-large-patch16-224_aten_index_Tensor.py:8: in <module>
    import ttnn
E   ModuleNotFoundError: No module named 'ttnn'
_ ERROR collecting tests/autogen_op/microsoft/beit-large-patch16-224/test_microsoft_beit-large-patch16-224_aten_mean_dim.py _
ImportError while importing test module '/Users/Ajay17/pytorch2.0_ttnn/tests/autogen_op/microsoft/beit-large-patch16-224/test_microsoft_beit-large-patch16-224_aten_mean_dim.py'.
Hint: make sure your test modules/packages have valid Python names.
Traceback:
../.pyenv/versions/3.11.10/lib/python3.11/importlib/__init__.py:126: in import_module
    return _bootstrap._gcd_import(name[level:], package, level)
           ^^^^^^^^^^^^^^^^^^^^^^^^^^^^^^^^^^^^^^^^^^^^^^^^^^^^
tests/autogen_op/microsoft/beit-large-patch16-224/test_microsoft_beit-large-patch16-224_aten_mean_dim.py:8: in <module>
    import ttnn
E   ModuleNotFoundError: No module named 'ttnn'
_ ERROR collecting tests/autogen_op/microsoft/beit-large-patch16-224/test_microsoft_beit-large-patch16-224_aten_mm_default.py _
ImportError while importing test module '/Users/Ajay17/pytorch2.0_ttnn/tests/autogen_op/microsoft/beit-large-patch16-224/test_microsoft_beit-large-patch16-224_aten_mm_default.py'.
Hint: make sure your test modules/packages have valid Python names.
Traceback:
../.pyenv/versions/3.11.10/lib/python3.11/importlib/__init__.py:126: in import_module
    return _bootstrap._gcd_import(name[level:], package, level)
           ^^^^^^^^^^^^^^^^^^^^^^^^^^^^^^^^^^^^^^^^^^^^^^^^^^^^
tests/autogen_op/microsoft/beit-large-patch16-224/test_microsoft_beit-large-patch16-224_aten_mm_default.py:8: in <module>
    import ttnn
E   ModuleNotFoundError: No module named 'ttnn'
_ ERROR collecting tests/autogen_op/microsoft/beit-large-patch16-224/test_microsoft_beit-large-patch16-224_aten_mul_Tensor.py _
ImportError while importing test module '/Users/Ajay17/pytorch2.0_ttnn/tests/autogen_op/microsoft/beit-large-patch16-224/test_microsoft_beit-large-patch16-224_aten_mul_Tensor.py'.
Hint: make sure your test modules/packages have valid Python names.
Traceback:
../.pyenv/versions/3.11.10/lib/python3.11/importlib/__init__.py:126: in import_module
    return _bootstrap._gcd_import(name[level:], package, level)
           ^^^^^^^^^^^^^^^^^^^^^^^^^^^^^^^^^^^^^^^^^^^^^^^^^^^^
tests/autogen_op/microsoft/beit-large-patch16-224/test_microsoft_beit-large-patch16-224_aten_mul_Tensor.py:8: in <module>
    import ttnn
E   ModuleNotFoundError: No module named 'ttnn'
_ ERROR collecting tests/autogen_op/microsoft/beit-large-patch16-224/test_microsoft_beit-large-patch16-224_aten_native_layer_norm_default.py _
ImportError while importing test module '/Users/Ajay17/pytorch2.0_ttnn/tests/autogen_op/microsoft/beit-large-patch16-224/test_microsoft_beit-large-patch16-224_aten_native_layer_norm_default.py'.
Hint: make sure your test modules/packages have valid Python names.
Traceback:
../.pyenv/versions/3.11.10/lib/python3.11/importlib/__init__.py:126: in import_module
    return _bootstrap._gcd_import(name[level:], package, level)
           ^^^^^^^^^^^^^^^^^^^^^^^^^^^^^^^^^^^^^^^^^^^^^^^^^^^^
tests/autogen_op/microsoft/beit-large-patch16-224/test_microsoft_beit-large-patch16-224_aten_native_layer_norm_default.py:8: in <module>
    import ttnn
E   ModuleNotFoundError: No module named 'ttnn'
_ ERROR collecting tests/autogen_op/microsoft/beit-large-patch16-224/test_microsoft_beit-large-patch16-224_aten_permute_default.py _
ImportError while importing test module '/Users/Ajay17/pytorch2.0_ttnn/tests/autogen_op/microsoft/beit-large-patch16-224/test_microsoft_beit-large-patch16-224_aten_permute_default.py'.
Hint: make sure your test modules/packages have valid Python names.
Traceback:
../.pyenv/versions/3.11.10/lib/python3.11/importlib/__init__.py:126: in import_module
    return _bootstrap._gcd_import(name[level:], package, level)
           ^^^^^^^^^^^^^^^^^^^^^^^^^^^^^^^^^^^^^^^^^^^^^^^^^^^^
tests/autogen_op/microsoft/beit-large-patch16-224/test_microsoft_beit-large-patch16-224_aten_permute_default.py:8: in <module>
    import ttnn
E   ModuleNotFoundError: No module named 'ttnn'
_ ERROR collecting tests/autogen_op/microsoft/beit-large-patch16-224/test_microsoft_beit-large-patch16-224_aten_slice_Tensor.py _
ImportError while importing test module '/Users/Ajay17/pytorch2.0_ttnn/tests/autogen_op/microsoft/beit-large-patch16-224/test_microsoft_beit-large-patch16-224_aten_slice_Tensor.py'.
Hint: make sure your test modules/packages have valid Python names.
Traceback:
../.pyenv/versions/3.11.10/lib/python3.11/importlib/__init__.py:126: in import_module
    return _bootstrap._gcd_import(name[level:], package, level)
           ^^^^^^^^^^^^^^^^^^^^^^^^^^^^^^^^^^^^^^^^^^^^^^^^^^^^
tests/autogen_op/microsoft/beit-large-patch16-224/test_microsoft_beit-large-patch16-224_aten_slice_Tensor.py:8: in <module>
    import ttnn
E   ModuleNotFoundError: No module named 'ttnn'
_ ERROR collecting tests/autogen_op/microsoft/beit-large-patch16-224/test_microsoft_beit-large-patch16-224_aten_t_default.py _
ImportError while importing test module '/Users/Ajay17/pytorch2.0_ttnn/tests/autogen_op/microsoft/beit-large-patch16-224/test_microsoft_beit-large-patch16-224_aten_t_default.py'.
Hint: make sure your test modules/packages have valid Python names.
Traceback:
../.pyenv/versions/3.11.10/lib/python3.11/importlib/__init__.py:126: in import_module
    return _bootstrap._gcd_import(name[level:], package, level)
           ^^^^^^^^^^^^^^^^^^^^^^^^^^^^^^^^^^^^^^^^^^^^^^^^^^^^
tests/autogen_op/microsoft/beit-large-patch16-224/test_microsoft_beit-large-patch16-224_aten_t_default.py:8: in <module>
    import ttnn
E   ModuleNotFoundError: No module named 'ttnn'
_ ERROR collecting tests/autogen_op/microsoft/beit-large-patch16-224/test_microsoft_beit-large-patch16-224_aten_transpose_int.py _
ImportError while importing test module '/Users/Ajay17/pytorch2.0_ttnn/tests/autogen_op/microsoft/beit-large-patch16-224/test_microsoft_beit-large-patch16-224_aten_transpose_int.py'.
Hint: make sure your test modules/packages have valid Python names.
Traceback:
../.pyenv/versions/3.11.10/lib/python3.11/importlib/__init__.py:126: in import_module
    return _bootstrap._gcd_import(name[level:], package, level)
           ^^^^^^^^^^^^^^^^^^^^^^^^^^^^^^^^^^^^^^^^^^^^^^^^^^^^
tests/autogen_op/microsoft/beit-large-patch16-224/test_microsoft_beit-large-patch16-224_aten_transpose_int.py:8: in <module>
    import ttnn
E   ModuleNotFoundError: No module named 'ttnn'
_ ERROR collecting tests/autogen_op/microsoft/beit-large-patch16-224/test_microsoft_beit-large-patch16-224_aten_unsqueeze_default.py _
ImportError while importing test module '/Users/Ajay17/pytorch2.0_ttnn/tests/autogen_op/microsoft/beit-large-patch16-224/test_microsoft_beit-large-patch16-224_aten_unsqueeze_default.py'.
Hint: make sure your test modules/packages have valid Python names.
Traceback:
../.pyenv/versions/3.11.10/lib/python3.11/importlib/__init__.py:126: in import_module
    return _bootstrap._gcd_import(name[level:], package, level)
           ^^^^^^^^^^^^^^^^^^^^^^^^^^^^^^^^^^^^^^^^^^^^^^^^^^^^
tests/autogen_op/microsoft/beit-large-patch16-224/test_microsoft_beit-large-patch16-224_aten_unsqueeze_default.py:8: in <module>
    import ttnn
E   ModuleNotFoundError: No module named 'ttnn'
_ ERROR collecting tests/autogen_op/microsoft/beit-large-patch16-224/test_microsoft_beit-large-patch16-224_aten_view_default.py _
ImportError while importing test module '/Users/Ajay17/pytorch2.0_ttnn/tests/autogen_op/microsoft/beit-large-patch16-224/test_microsoft_beit-large-patch16-224_aten_view_default.py'.
Hint: make sure your test modules/packages have valid Python names.
Traceback:
../.pyenv/versions/3.11.10/lib/python3.11/importlib/__init__.py:126: in import_module
    return _bootstrap._gcd_import(name[level:], package, level)
           ^^^^^^^^^^^^^^^^^^^^^^^^^^^^^^^^^^^^^^^^^^^^^^^^^^^^
tests/autogen_op/microsoft/beit-large-patch16-224/test_microsoft_beit-large-patch16-224_aten_view_default.py:8: in <module>
    import ttnn
E   ModuleNotFoundError: No module named 'ttnn'
_ ERROR collecting tests/autogen_op/microsoft/beit-large-patch16-224-train/test_microsoft_beit-large-patch16-224-train_aten__softmax_backward_data_default.py _
ImportError while importing test module '/Users/Ajay17/pytorch2.0_ttnn/tests/autogen_op/microsoft/beit-large-patch16-224-train/test_microsoft_beit-large-patch16-224-train_aten__softmax_backward_data_default.py'.
Hint: make sure your test modules/packages have valid Python names.
Traceback:
../.pyenv/versions/3.11.10/lib/python3.11/importlib/__init__.py:126: in import_module
    return _bootstrap._gcd_import(name[level:], package, level)
           ^^^^^^^^^^^^^^^^^^^^^^^^^^^^^^^^^^^^^^^^^^^^^^^^^^^^
tests/autogen_op/microsoft/beit-large-patch16-224-train/test_microsoft_beit-large-patch16-224-train_aten__softmax_backward_data_default.py:8: in <module>
    import ttnn
E   ModuleNotFoundError: No module named 'ttnn'
_ ERROR collecting tests/autogen_op/microsoft/beit-large-patch16-224-train/test_microsoft_beit-large-patch16-224-train_aten__softmax_default.py _
ImportError while importing test module '/Users/Ajay17/pytorch2.0_ttnn/tests/autogen_op/microsoft/beit-large-patch16-224-train/test_microsoft_beit-large-patch16-224-train_aten__softmax_default.py'.
Hint: make sure your test modules/packages have valid Python names.
Traceback:
../.pyenv/versions/3.11.10/lib/python3.11/importlib/__init__.py:126: in import_module
    return _bootstrap._gcd_import(name[level:], package, level)
           ^^^^^^^^^^^^^^^^^^^^^^^^^^^^^^^^^^^^^^^^^^^^^^^^^^^^
tests/autogen_op/microsoft/beit-large-patch16-224-train/test_microsoft_beit-large-patch16-224-train_aten__softmax_default.py:8: in <module>
    import ttnn
E   ModuleNotFoundError: No module named 'ttnn'
_ ERROR collecting tests/autogen_op/microsoft/beit-large-patch16-224-train/test_microsoft_beit-large-patch16-224-train_aten__unsafe_view_default.py _
ImportError while importing test module '/Users/Ajay17/pytorch2.0_ttnn/tests/autogen_op/microsoft/beit-large-patch16-224-train/test_microsoft_beit-large-patch16-224-train_aten__unsafe_view_default.py'.
Hint: make sure your test modules/packages have valid Python names.
Traceback:
../.pyenv/versions/3.11.10/lib/python3.11/importlib/__init__.py:126: in import_module
    return _bootstrap._gcd_import(name[level:], package, level)
           ^^^^^^^^^^^^^^^^^^^^^^^^^^^^^^^^^^^^^^^^^^^^^^^^^^^^
tests/autogen_op/microsoft/beit-large-patch16-224-train/test_microsoft_beit-large-patch16-224-train_aten__unsafe_view_default.py:8: in <module>
    import ttnn
E   ModuleNotFoundError: No module named 'ttnn'
_ ERROR collecting tests/autogen_op/microsoft/beit-large-patch16-224-train/test_microsoft_beit-large-patch16-224-train_aten_add_Tensor.py _
ImportError while importing test module '/Users/Ajay17/pytorch2.0_ttnn/tests/autogen_op/microsoft/beit-large-patch16-224-train/test_microsoft_beit-large-patch16-224-train_aten_add_Tensor.py'.
Hint: make sure your test modules/packages have valid Python names.
Traceback:
../.pyenv/versions/3.11.10/lib/python3.11/importlib/__init__.py:126: in import_module
    return _bootstrap._gcd_import(name[level:], package, level)
           ^^^^^^^^^^^^^^^^^^^^^^^^^^^^^^^^^^^^^^^^^^^^^^^^^^^^
tests/autogen_op/microsoft/beit-large-patch16-224-train/test_microsoft_beit-large-patch16-224-train_aten_add_Tensor.py:8: in <module>
    import ttnn
E   ModuleNotFoundError: No module named 'ttnn'
_ ERROR collecting tests/autogen_op/microsoft/beit-large-patch16-224-train/test_microsoft_beit-large-patch16-224-train_aten_addmm_default.py _
ImportError while importing test module '/Users/Ajay17/pytorch2.0_ttnn/tests/autogen_op/microsoft/beit-large-patch16-224-train/test_microsoft_beit-large-patch16-224-train_aten_addmm_default.py'.
Hint: make sure your test modules/packages have valid Python names.
Traceback:
../.pyenv/versions/3.11.10/lib/python3.11/importlib/__init__.py:126: in import_module
    return _bootstrap._gcd_import(name[level:], package, level)
           ^^^^^^^^^^^^^^^^^^^^^^^^^^^^^^^^^^^^^^^^^^^^^^^^^^^^
tests/autogen_op/microsoft/beit-large-patch16-224-train/test_microsoft_beit-large-patch16-224-train_aten_addmm_default.py:8: in <module>
    import ttnn
E   ModuleNotFoundError: No module named 'ttnn'
_ ERROR collecting tests/autogen_op/microsoft/beit-large-patch16-224-train/test_microsoft_beit-large-patch16-224-train_aten_bmm_default.py _
ImportError while importing test module '/Users/Ajay17/pytorch2.0_ttnn/tests/autogen_op/microsoft/beit-large-patch16-224-train/test_microsoft_beit-large-patch16-224-train_aten_bmm_default.py'.
Hint: make sure your test modules/packages have valid Python names.
Traceback:
../.pyenv/versions/3.11.10/lib/python3.11/importlib/__init__.py:126: in import_module
    return _bootstrap._gcd_import(name[level:], package, level)
           ^^^^^^^^^^^^^^^^^^^^^^^^^^^^^^^^^^^^^^^^^^^^^^^^^^^^
tests/autogen_op/microsoft/beit-large-patch16-224-train/test_microsoft_beit-large-patch16-224-train_aten_bmm_default.py:8: in <module>
    import ttnn
E   ModuleNotFoundError: No module named 'ttnn'
_ ERROR collecting tests/autogen_op/microsoft/beit-large-patch16-224-train/test_microsoft_beit-large-patch16-224-train_aten_cat_default.py _
ImportError while importing test module '/Users/Ajay17/pytorch2.0_ttnn/tests/autogen_op/microsoft/beit-large-patch16-224-train/test_microsoft_beit-large-patch16-224-train_aten_cat_default.py'.
Hint: make sure your test modules/packages have valid Python names.
Traceback:
../.pyenv/versions/3.11.10/lib/python3.11/importlib/__init__.py:126: in import_module
    return _bootstrap._gcd_import(name[level:], package, level)
           ^^^^^^^^^^^^^^^^^^^^^^^^^^^^^^^^^^^^^^^^^^^^^^^^^^^^
tests/autogen_op/microsoft/beit-large-patch16-224-train/test_microsoft_beit-large-patch16-224-train_aten_cat_default.py:8: in <module>
    import ttnn
E   ModuleNotFoundError: No module named 'ttnn'
_ ERROR collecting tests/autogen_op/microsoft/beit-large-patch16-224-train/test_microsoft_beit-large-patch16-224-train_aten_clone_default.py _
ImportError while importing test module '/Users/Ajay17/pytorch2.0_ttnn/tests/autogen_op/microsoft/beit-large-patch16-224-train/test_microsoft_beit-large-patch16-224-train_aten_clone_default.py'.
Hint: make sure your test modules/packages have valid Python names.
Traceback:
../.pyenv/versions/3.11.10/lib/python3.11/importlib/__init__.py:126: in import_module
    return _bootstrap._gcd_import(name[level:], package, level)
           ^^^^^^^^^^^^^^^^^^^^^^^^^^^^^^^^^^^^^^^^^^^^^^^^^^^^
tests/autogen_op/microsoft/beit-large-patch16-224-train/test_microsoft_beit-large-patch16-224-train_aten_clone_default.py:8: in <module>
    import ttnn
E   ModuleNotFoundError: No module named 'ttnn'
_ ERROR collecting tests/autogen_op/microsoft/beit-large-patch16-224-train/test_microsoft_beit-large-patch16-224-train_aten_convolution_backward_default.py _
ImportError while importing test module '/Users/Ajay17/pytorch2.0_ttnn/tests/autogen_op/microsoft/beit-large-patch16-224-train/test_microsoft_beit-large-patch16-224-train_aten_convolution_backward_default.py'.
Hint: make sure your test modules/packages have valid Python names.
Traceback:
../.pyenv/versions/3.11.10/lib/python3.11/importlib/__init__.py:126: in import_module
    return _bootstrap._gcd_import(name[level:], package, level)
           ^^^^^^^^^^^^^^^^^^^^^^^^^^^^^^^^^^^^^^^^^^^^^^^^^^^^
tests/autogen_op/microsoft/beit-large-patch16-224-train/test_microsoft_beit-large-patch16-224-train_aten_convolution_backward_default.py:8: in <module>
    import ttnn
E   ModuleNotFoundError: No module named 'ttnn'
_ ERROR collecting tests/autogen_op/microsoft/beit-large-patch16-224-train/test_microsoft_beit-large-patch16-224-train_aten_convolution_default.py _
ImportError while importing test module '/Users/Ajay17/pytorch2.0_ttnn/tests/autogen_op/microsoft/beit-large-patch16-224-train/test_microsoft_beit-large-patch16-224-train_aten_convolution_default.py'.
Hint: make sure your test modules/packages have valid Python names.
Traceback:
../.pyenv/versions/3.11.10/lib/python3.11/importlib/__init__.py:126: in import_module
    return _bootstrap._gcd_import(name[level:], package, level)
           ^^^^^^^^^^^^^^^^^^^^^^^^^^^^^^^^^^^^^^^^^^^^^^^^^^^^
tests/autogen_op/microsoft/beit-large-patch16-224-train/test_microsoft_beit-large-patch16-224-train_aten_convolution_default.py:8: in <module>
    import ttnn
E   ModuleNotFoundError: No module named 'ttnn'
_ ERROR collecting tests/autogen_op/microsoft/beit-large-patch16-224-train/test_microsoft_beit-large-patch16-224-train_aten_detach_default.py _
ImportError while importing test module '/Users/Ajay17/pytorch2.0_ttnn/tests/autogen_op/microsoft/beit-large-patch16-224-train/test_microsoft_beit-large-patch16-224-train_aten_detach_default.py'.
Hint: make sure your test modules/packages have valid Python names.
Traceback:
../.pyenv/versions/3.11.10/lib/python3.11/importlib/__init__.py:126: in import_module
    return _bootstrap._gcd_import(name[level:], package, level)
           ^^^^^^^^^^^^^^^^^^^^^^^^^^^^^^^^^^^^^^^^^^^^^^^^^^^^
tests/autogen_op/microsoft/beit-large-patch16-224-train/test_microsoft_beit-large-patch16-224-train_aten_detach_default.py:8: in <module>
    import ttnn
E   ModuleNotFoundError: No module named 'ttnn'
_ ERROR collecting tests/autogen_op/microsoft/beit-large-patch16-224-train/test_microsoft_beit-large-patch16-224-train_aten_div_Scalar.py _
ImportError while importing test module '/Users/Ajay17/pytorch2.0_ttnn/tests/autogen_op/microsoft/beit-large-patch16-224-train/test_microsoft_beit-large-patch16-224-train_aten_div_Scalar.py'.
Hint: make sure your test modules/packages have valid Python names.
Traceback:
../.pyenv/versions/3.11.10/lib/python3.11/importlib/__init__.py:126: in import_module
    return _bootstrap._gcd_import(name[level:], package, level)
           ^^^^^^^^^^^^^^^^^^^^^^^^^^^^^^^^^^^^^^^^^^^^^^^^^^^^
tests/autogen_op/microsoft/beit-large-patch16-224-train/test_microsoft_beit-large-patch16-224-train_aten_div_Scalar.py:8: in <module>
    import ttnn
E   ModuleNotFoundError: No module named 'ttnn'
_ ERROR collecting tests/autogen_op/microsoft/beit-large-patch16-224-train/test_microsoft_beit-large-patch16-224-train_aten_div_Tensor.py _
ImportError while importing test module '/Users/Ajay17/pytorch2.0_ttnn/tests/autogen_op/microsoft/beit-large-patch16-224-train/test_microsoft_beit-large-patch16-224-train_aten_div_Tensor.py'.
Hint: make sure your test modules/packages have valid Python names.
Traceback:
../.pyenv/versions/3.11.10/lib/python3.11/importlib/__init__.py:126: in import_module
    return _bootstrap._gcd_import(name[level:], package, level)
           ^^^^^^^^^^^^^^^^^^^^^^^^^^^^^^^^^^^^^^^^^^^^^^^^^^^^
tests/autogen_op/microsoft/beit-large-patch16-224-train/test_microsoft_beit-large-patch16-224-train_aten_div_Tensor.py:8: in <module>
    import ttnn
E   ModuleNotFoundError: No module named 'ttnn'
_ ERROR collecting tests/autogen_op/microsoft/beit-large-patch16-224-train/test_microsoft_beit-large-patch16-224-train_aten_expand_default.py _
ImportError while importing test module '/Users/Ajay17/pytorch2.0_ttnn/tests/autogen_op/microsoft/beit-large-patch16-224-train/test_microsoft_beit-large-patch16-224-train_aten_expand_default.py'.
Hint: make sure your test modules/packages have valid Python names.
Traceback:
../.pyenv/versions/3.11.10/lib/python3.11/importlib/__init__.py:126: in import_module
    return _bootstrap._gcd_import(name[level:], package, level)
           ^^^^^^^^^^^^^^^^^^^^^^^^^^^^^^^^^^^^^^^^^^^^^^^^^^^^
tests/autogen_op/microsoft/beit-large-patch16-224-train/test_microsoft_beit-large-patch16-224-train_aten_expand_default.py:8: in <module>
    import ttnn
E   ModuleNotFoundError: No module named 'ttnn'
_ ERROR collecting tests/autogen_op/microsoft/beit-large-patch16-224-train/test_microsoft_beit-large-patch16-224-train_aten_gelu_backward_default.py _
ImportError while importing test module '/Users/Ajay17/pytorch2.0_ttnn/tests/autogen_op/microsoft/beit-large-patch16-224-train/test_microsoft_beit-large-patch16-224-train_aten_gelu_backward_default.py'.
Hint: make sure your test modules/packages have valid Python names.
Traceback:
../.pyenv/versions/3.11.10/lib/python3.11/importlib/__init__.py:126: in import_module
    return _bootstrap._gcd_import(name[level:], package, level)
           ^^^^^^^^^^^^^^^^^^^^^^^^^^^^^^^^^^^^^^^^^^^^^^^^^^^^
tests/autogen_op/microsoft/beit-large-patch16-224-train/test_microsoft_beit-large-patch16-224-train_aten_gelu_backward_default.py:8: in <module>
    import ttnn
E   ModuleNotFoundError: No module named 'ttnn'
_ ERROR collecting tests/autogen_op/microsoft/beit-large-patch16-224-train/test_microsoft_beit-large-patch16-224-train_aten_gelu_default.py _
ImportError while importing test module '/Users/Ajay17/pytorch2.0_ttnn/tests/autogen_op/microsoft/beit-large-patch16-224-train/test_microsoft_beit-large-patch16-224-train_aten_gelu_default.py'.
Hint: make sure your test modules/packages have valid Python names.
Traceback:
../.pyenv/versions/3.11.10/lib/python3.11/importlib/__init__.py:126: in import_module
    return _bootstrap._gcd_import(name[level:], package, level)
           ^^^^^^^^^^^^^^^^^^^^^^^^^^^^^^^^^^^^^^^^^^^^^^^^^^^^
tests/autogen_op/microsoft/beit-large-patch16-224-train/test_microsoft_beit-large-patch16-224-train_aten_gelu_default.py:8: in <module>
    import ttnn
E   ModuleNotFoundError: No module named 'ttnn'
_ ERROR collecting tests/autogen_op/microsoft/beit-large-patch16-224-train/test_microsoft_beit-large-patch16-224-train_aten_index_Tensor.py _
ImportError while importing test module '/Users/Ajay17/pytorch2.0_ttnn/tests/autogen_op/microsoft/beit-large-patch16-224-train/test_microsoft_beit-large-patch16-224-train_aten_index_Tensor.py'.
Hint: make sure your test modules/packages have valid Python names.
Traceback:
../.pyenv/versions/3.11.10/lib/python3.11/importlib/__init__.py:126: in import_module
    return _bootstrap._gcd_import(name[level:], package, level)
           ^^^^^^^^^^^^^^^^^^^^^^^^^^^^^^^^^^^^^^^^^^^^^^^^^^^^
tests/autogen_op/microsoft/beit-large-patch16-224-train/test_microsoft_beit-large-patch16-224-train_aten_index_Tensor.py:8: in <module>
    import ttnn
E   ModuleNotFoundError: No module named 'ttnn'
_ ERROR collecting tests/autogen_op/microsoft/beit-large-patch16-224-train/test_microsoft_beit-large-patch16-224-train_aten_index_put_default.py _
ImportError while importing test module '/Users/Ajay17/pytorch2.0_ttnn/tests/autogen_op/microsoft/beit-large-patch16-224-train/test_microsoft_beit-large-patch16-224-train_aten_index_put_default.py'.
Hint: make sure your test modules/packages have valid Python names.
Traceback:
../.pyenv/versions/3.11.10/lib/python3.11/importlib/__init__.py:126: in import_module
    return _bootstrap._gcd_import(name[level:], package, level)
           ^^^^^^^^^^^^^^^^^^^^^^^^^^^^^^^^^^^^^^^^^^^^^^^^^^^^
tests/autogen_op/microsoft/beit-large-patch16-224-train/test_microsoft_beit-large-patch16-224-train_aten_index_put_default.py:8: in <module>
    import ttnn
E   ModuleNotFoundError: No module named 'ttnn'
_ ERROR collecting tests/autogen_op/microsoft/beit-large-patch16-224-train/test_microsoft_beit-large-patch16-224-train_aten_mean_dim.py _
ImportError while importing test module '/Users/Ajay17/pytorch2.0_ttnn/tests/autogen_op/microsoft/beit-large-patch16-224-train/test_microsoft_beit-large-patch16-224-train_aten_mean_dim.py'.
Hint: make sure your test modules/packages have valid Python names.
Traceback:
../.pyenv/versions/3.11.10/lib/python3.11/importlib/__init__.py:126: in import_module
    return _bootstrap._gcd_import(name[level:], package, level)
           ^^^^^^^^^^^^^^^^^^^^^^^^^^^^^^^^^^^^^^^^^^^^^^^^^^^^
tests/autogen_op/microsoft/beit-large-patch16-224-train/test_microsoft_beit-large-patch16-224-train_aten_mean_dim.py:8: in <module>
    import ttnn
E   ModuleNotFoundError: No module named 'ttnn'
_ ERROR collecting tests/autogen_op/microsoft/beit-large-patch16-224-train/test_microsoft_beit-large-patch16-224-train_aten_mm_default.py _
ImportError while importing test module '/Users/Ajay17/pytorch2.0_ttnn/tests/autogen_op/microsoft/beit-large-patch16-224-train/test_microsoft_beit-large-patch16-224-train_aten_mm_default.py'.
Hint: make sure your test modules/packages have valid Python names.
Traceback:
../.pyenv/versions/3.11.10/lib/python3.11/importlib/__init__.py:126: in import_module
    return _bootstrap._gcd_import(name[level:], package, level)
           ^^^^^^^^^^^^^^^^^^^^^^^^^^^^^^^^^^^^^^^^^^^^^^^^^^^^
tests/autogen_op/microsoft/beit-large-patch16-224-train/test_microsoft_beit-large-patch16-224-train_aten_mm_default.py:8: in <module>
    import ttnn
E   ModuleNotFoundError: No module named 'ttnn'
_ ERROR collecting tests/autogen_op/microsoft/beit-large-patch16-224-train/test_microsoft_beit-large-patch16-224-train_aten_mul_Tensor.py _
ImportError while importing test module '/Users/Ajay17/pytorch2.0_ttnn/tests/autogen_op/microsoft/beit-large-patch16-224-train/test_microsoft_beit-large-patch16-224-train_aten_mul_Tensor.py'.
Hint: make sure your test modules/packages have valid Python names.
Traceback:
../.pyenv/versions/3.11.10/lib/python3.11/importlib/__init__.py:126: in import_module
    return _bootstrap._gcd_import(name[level:], package, level)
           ^^^^^^^^^^^^^^^^^^^^^^^^^^^^^^^^^^^^^^^^^^^^^^^^^^^^
tests/autogen_op/microsoft/beit-large-patch16-224-train/test_microsoft_beit-large-patch16-224-train_aten_mul_Tensor.py:8: in <module>
    import ttnn
E   ModuleNotFoundError: No module named 'ttnn'
_ ERROR collecting tests/autogen_op/microsoft/beit-large-patch16-224-train/test_microsoft_beit-large-patch16-224-train_aten_native_layer_norm_backward_default.py _
ImportError while importing test module '/Users/Ajay17/pytorch2.0_ttnn/tests/autogen_op/microsoft/beit-large-patch16-224-train/test_microsoft_beit-large-patch16-224-train_aten_native_layer_norm_backward_default.py'.
Hint: make sure your test modules/packages have valid Python names.
Traceback:
../.pyenv/versions/3.11.10/lib/python3.11/importlib/__init__.py:126: in import_module
    return _bootstrap._gcd_import(name[level:], package, level)
           ^^^^^^^^^^^^^^^^^^^^^^^^^^^^^^^^^^^^^^^^^^^^^^^^^^^^
tests/autogen_op/microsoft/beit-large-patch16-224-train/test_microsoft_beit-large-patch16-224-train_aten_native_layer_norm_backward_default.py:8: in <module>
    import ttnn
E   ModuleNotFoundError: No module named 'ttnn'
_ ERROR collecting tests/autogen_op/microsoft/beit-large-patch16-224-train/test_microsoft_beit-large-patch16-224-train_aten_native_layer_norm_default.py _
ImportError while importing test module '/Users/Ajay17/pytorch2.0_ttnn/tests/autogen_op/microsoft/beit-large-patch16-224-train/test_microsoft_beit-large-patch16-224-train_aten_native_layer_norm_default.py'.
Hint: make sure your test modules/packages have valid Python names.
Traceback:
../.pyenv/versions/3.11.10/lib/python3.11/importlib/__init__.py:126: in import_module
    return _bootstrap._gcd_import(name[level:], package, level)
           ^^^^^^^^^^^^^^^^^^^^^^^^^^^^^^^^^^^^^^^^^^^^^^^^^^^^
tests/autogen_op/microsoft/beit-large-patch16-224-train/test_microsoft_beit-large-patch16-224-train_aten_native_layer_norm_default.py:8: in <module>
    import ttnn
E   ModuleNotFoundError: No module named 'ttnn'
_ ERROR collecting tests/autogen_op/microsoft/beit-large-patch16-224-train/test_microsoft_beit-large-patch16-224-train_aten_new_zeros_default.py _
ImportError while importing test module '/Users/Ajay17/pytorch2.0_ttnn/tests/autogen_op/microsoft/beit-large-patch16-224-train/test_microsoft_beit-large-patch16-224-train_aten_new_zeros_default.py'.
Hint: make sure your test modules/packages have valid Python names.
Traceback:
../.pyenv/versions/3.11.10/lib/python3.11/importlib/__init__.py:126: in import_module
    return _bootstrap._gcd_import(name[level:], package, level)
           ^^^^^^^^^^^^^^^^^^^^^^^^^^^^^^^^^^^^^^^^^^^^^^^^^^^^
tests/autogen_op/microsoft/beit-large-patch16-224-train/test_microsoft_beit-large-patch16-224-train_aten_new_zeros_default.py:8: in <module>
    import ttnn
E   ModuleNotFoundError: No module named 'ttnn'
_ ERROR collecting tests/autogen_op/microsoft/beit-large-patch16-224-train/test_microsoft_beit-large-patch16-224-train_aten_permute_default.py _
ImportError while importing test module '/Users/Ajay17/pytorch2.0_ttnn/tests/autogen_op/microsoft/beit-large-patch16-224-train/test_microsoft_beit-large-patch16-224-train_aten_permute_default.py'.
Hint: make sure your test modules/packages have valid Python names.
Traceback:
../.pyenv/versions/3.11.10/lib/python3.11/importlib/__init__.py:126: in import_module
    return _bootstrap._gcd_import(name[level:], package, level)
           ^^^^^^^^^^^^^^^^^^^^^^^^^^^^^^^^^^^^^^^^^^^^^^^^^^^^
tests/autogen_op/microsoft/beit-large-patch16-224-train/test_microsoft_beit-large-patch16-224-train_aten_permute_default.py:8: in <module>
    import ttnn
E   ModuleNotFoundError: No module named 'ttnn'
_ ERROR collecting tests/autogen_op/microsoft/beit-large-patch16-224-train/test_microsoft_beit-large-patch16-224-train_aten_rand_default.py _
ImportError while importing test module '/Users/Ajay17/pytorch2.0_ttnn/tests/autogen_op/microsoft/beit-large-patch16-224-train/test_microsoft_beit-large-patch16-224-train_aten_rand_default.py'.
Hint: make sure your test modules/packages have valid Python names.
Traceback:
../.pyenv/versions/3.11.10/lib/python3.11/importlib/__init__.py:126: in import_module
    return _bootstrap._gcd_import(name[level:], package, level)
           ^^^^^^^^^^^^^^^^^^^^^^^^^^^^^^^^^^^^^^^^^^^^^^^^^^^^
tests/autogen_op/microsoft/beit-large-patch16-224-train/test_microsoft_beit-large-patch16-224-train_aten_rand_default.py:8: in <module>
    import ttnn
E   ModuleNotFoundError: No module named 'ttnn'
_ ERROR collecting tests/autogen_op/microsoft/beit-large-patch16-224-train/test_microsoft_beit-large-patch16-224-train_aten_slice_Tensor.py _
ImportError while importing test module '/Users/Ajay17/pytorch2.0_ttnn/tests/autogen_op/microsoft/beit-large-patch16-224-train/test_microsoft_beit-large-patch16-224-train_aten_slice_Tensor.py'.
Hint: make sure your test modules/packages have valid Python names.
Traceback:
../.pyenv/versions/3.11.10/lib/python3.11/importlib/__init__.py:126: in import_module
    return _bootstrap._gcd_import(name[level:], package, level)
           ^^^^^^^^^^^^^^^^^^^^^^^^^^^^^^^^^^^^^^^^^^^^^^^^^^^^
tests/autogen_op/microsoft/beit-large-patch16-224-train/test_microsoft_beit-large-patch16-224-train_aten_slice_Tensor.py:8: in <module>
    import ttnn
E   ModuleNotFoundError: No module named 'ttnn'
_ ERROR collecting tests/autogen_op/microsoft/beit-large-patch16-224-train/test_microsoft_beit-large-patch16-224-train_aten_slice_backward_default.py _
ImportError while importing test module '/Users/Ajay17/pytorch2.0_ttnn/tests/autogen_op/microsoft/beit-large-patch16-224-train/test_microsoft_beit-large-patch16-224-train_aten_slice_backward_default.py'.
Hint: make sure your test modules/packages have valid Python names.
Traceback:
../.pyenv/versions/3.11.10/lib/python3.11/importlib/__init__.py:126: in import_module
    return _bootstrap._gcd_import(name[level:], package, level)
           ^^^^^^^^^^^^^^^^^^^^^^^^^^^^^^^^^^^^^^^^^^^^^^^^^^^^
tests/autogen_op/microsoft/beit-large-patch16-224-train/test_microsoft_beit-large-patch16-224-train_aten_slice_backward_default.py:8: in <module>
    import ttnn
E   ModuleNotFoundError: No module named 'ttnn'
_ ERROR collecting tests/autogen_op/microsoft/beit-large-patch16-224-train/test_microsoft_beit-large-patch16-224-train_aten_squeeze_dim.py _
ImportError while importing test module '/Users/Ajay17/pytorch2.0_ttnn/tests/autogen_op/microsoft/beit-large-patch16-224-train/test_microsoft_beit-large-patch16-224-train_aten_squeeze_dim.py'.
Hint: make sure your test modules/packages have valid Python names.
Traceback:
../.pyenv/versions/3.11.10/lib/python3.11/importlib/__init__.py:126: in import_module
    return _bootstrap._gcd_import(name[level:], package, level)
           ^^^^^^^^^^^^^^^^^^^^^^^^^^^^^^^^^^^^^^^^^^^^^^^^^^^^
tests/autogen_op/microsoft/beit-large-patch16-224-train/test_microsoft_beit-large-patch16-224-train_aten_squeeze_dim.py:8: in <module>
    import ttnn
E   ModuleNotFoundError: No module named 'ttnn'
_ ERROR collecting tests/autogen_op/microsoft/beit-large-patch16-224-train/test_microsoft_beit-large-patch16-224-train_aten_sum_dim_IntList.py _
ImportError while importing test module '/Users/Ajay17/pytorch2.0_ttnn/tests/autogen_op/microsoft/beit-large-patch16-224-train/test_microsoft_beit-large-patch16-224-train_aten_sum_dim_IntList.py'.
Hint: make sure your test modules/packages have valid Python names.
Traceback:
../.pyenv/versions/3.11.10/lib/python3.11/importlib/__init__.py:126: in import_module
    return _bootstrap._gcd_import(name[level:], package, level)
           ^^^^^^^^^^^^^^^^^^^^^^^^^^^^^^^^^^^^^^^^^^^^^^^^^^^^
tests/autogen_op/microsoft/beit-large-patch16-224-train/test_microsoft_beit-large-patch16-224-train_aten_sum_dim_IntList.py:8: in <module>
    import ttnn
E   ModuleNotFoundError: No module named 'ttnn'
_ ERROR collecting tests/autogen_op/microsoft/beit-large-patch16-224-train/test_microsoft_beit-large-patch16-224-train_aten_t_default.py _
ImportError while importing test module '/Users/Ajay17/pytorch2.0_ttnn/tests/autogen_op/microsoft/beit-large-patch16-224-train/test_microsoft_beit-large-patch16-224-train_aten_t_default.py'.
Hint: make sure your test modules/packages have valid Python names.
Traceback:
../.pyenv/versions/3.11.10/lib/python3.11/importlib/__init__.py:126: in import_module
    return _bootstrap._gcd_import(name[level:], package, level)
           ^^^^^^^^^^^^^^^^^^^^^^^^^^^^^^^^^^^^^^^^^^^^^^^^^^^^
tests/autogen_op/microsoft/beit-large-patch16-224-train/test_microsoft_beit-large-patch16-224-train_aten_t_default.py:8: in <module>
    import ttnn
E   ModuleNotFoundError: No module named 'ttnn'
_ ERROR collecting tests/autogen_op/microsoft/beit-large-patch16-224-train/test_microsoft_beit-large-patch16-224-train_aten_transpose_int.py _
ImportError while importing test module '/Users/Ajay17/pytorch2.0_ttnn/tests/autogen_op/microsoft/beit-large-patch16-224-train/test_microsoft_beit-large-patch16-224-train_aten_transpose_int.py'.
Hint: make sure your test modules/packages have valid Python names.
Traceback:
../.pyenv/versions/3.11.10/lib/python3.11/importlib/__init__.py:126: in import_module
    return _bootstrap._gcd_import(name[level:], package, level)
           ^^^^^^^^^^^^^^^^^^^^^^^^^^^^^^^^^^^^^^^^^^^^^^^^^^^^
tests/autogen_op/microsoft/beit-large-patch16-224-train/test_microsoft_beit-large-patch16-224-train_aten_transpose_int.py:8: in <module>
    import ttnn
E   ModuleNotFoundError: No module named 'ttnn'
_ ERROR collecting tests/autogen_op/microsoft/beit-large-patch16-224-train/test_microsoft_beit-large-patch16-224-train_aten_unsqueeze_default.py _
ImportError while importing test module '/Users/Ajay17/pytorch2.0_ttnn/tests/autogen_op/microsoft/beit-large-patch16-224-train/test_microsoft_beit-large-patch16-224-train_aten_unsqueeze_default.py'.
Hint: make sure your test modules/packages have valid Python names.
Traceback:
../.pyenv/versions/3.11.10/lib/python3.11/importlib/__init__.py:126: in import_module
    return _bootstrap._gcd_import(name[level:], package, level)
           ^^^^^^^^^^^^^^^^^^^^^^^^^^^^^^^^^^^^^^^^^^^^^^^^^^^^
tests/autogen_op/microsoft/beit-large-patch16-224-train/test_microsoft_beit-large-patch16-224-train_aten_unsqueeze_default.py:8: in <module>
    import ttnn
E   ModuleNotFoundError: No module named 'ttnn'
_ ERROR collecting tests/autogen_op/microsoft/beit-large-patch16-224-train/test_microsoft_beit-large-patch16-224-train_aten_view_default.py _
ImportError while importing test module '/Users/Ajay17/pytorch2.0_ttnn/tests/autogen_op/microsoft/beit-large-patch16-224-train/test_microsoft_beit-large-patch16-224-train_aten_view_default.py'.
Hint: make sure your test modules/packages have valid Python names.
Traceback:
../.pyenv/versions/3.11.10/lib/python3.11/importlib/__init__.py:126: in import_module
    return _bootstrap._gcd_import(name[level:], package, level)
           ^^^^^^^^^^^^^^^^^^^^^^^^^^^^^^^^^^^^^^^^^^^^^^^^^^^^
tests/autogen_op/microsoft/beit-large-patch16-224-train/test_microsoft_beit-large-patch16-224-train_aten_view_default.py:8: in <module>
    import ttnn
E   ModuleNotFoundError: No module named 'ttnn'
_ ERROR collecting tests/autogen_op/mixer_b16_224_goog_in21k/test_mixer_b16_224_goog_in21k_aten_add_Tensor.py _
ImportError while importing test module '/Users/Ajay17/pytorch2.0_ttnn/tests/autogen_op/mixer_b16_224_goog_in21k/test_mixer_b16_224_goog_in21k_aten_add_Tensor.py'.
Hint: make sure your test modules/packages have valid Python names.
Traceback:
../.pyenv/versions/3.11.10/lib/python3.11/importlib/__init__.py:126: in import_module
    return _bootstrap._gcd_import(name[level:], package, level)
           ^^^^^^^^^^^^^^^^^^^^^^^^^^^^^^^^^^^^^^^^^^^^^^^^^^^^
tests/autogen_op/mixer_b16_224_goog_in21k/test_mixer_b16_224_goog_in21k_aten_add_Tensor.py:8: in <module>
    import ttnn
E   ModuleNotFoundError: No module named 'ttnn'
_ ERROR collecting tests/autogen_op/mixer_b16_224_goog_in21k/test_mixer_b16_224_goog_in21k_aten_addmm_default.py _
ImportError while importing test module '/Users/Ajay17/pytorch2.0_ttnn/tests/autogen_op/mixer_b16_224_goog_in21k/test_mixer_b16_224_goog_in21k_aten_addmm_default.py'.
Hint: make sure your test modules/packages have valid Python names.
Traceback:
../.pyenv/versions/3.11.10/lib/python3.11/importlib/__init__.py:126: in import_module
    return _bootstrap._gcd_import(name[level:], package, level)
           ^^^^^^^^^^^^^^^^^^^^^^^^^^^^^^^^^^^^^^^^^^^^^^^^^^^^
tests/autogen_op/mixer_b16_224_goog_in21k/test_mixer_b16_224_goog_in21k_aten_addmm_default.py:8: in <module>
    import ttnn
E   ModuleNotFoundError: No module named 'ttnn'
_ ERROR collecting tests/autogen_op/mixer_b16_224_goog_in21k/test_mixer_b16_224_goog_in21k_aten_clone_default.py _
ImportError while importing test module '/Users/Ajay17/pytorch2.0_ttnn/tests/autogen_op/mixer_b16_224_goog_in21k/test_mixer_b16_224_goog_in21k_aten_clone_default.py'.
Hint: make sure your test modules/packages have valid Python names.
Traceback:
../.pyenv/versions/3.11.10/lib/python3.11/importlib/__init__.py:126: in import_module
    return _bootstrap._gcd_import(name[level:], package, level)
           ^^^^^^^^^^^^^^^^^^^^^^^^^^^^^^^^^^^^^^^^^^^^^^^^^^^^
tests/autogen_op/mixer_b16_224_goog_in21k/test_mixer_b16_224_goog_in21k_aten_clone_default.py:8: in <module>
    import ttnn
E   ModuleNotFoundError: No module named 'ttnn'
_ ERROR collecting tests/autogen_op/mixer_b16_224_goog_in21k/test_mixer_b16_224_goog_in21k_aten_convolution_default.py _
ImportError while importing test module '/Users/Ajay17/pytorch2.0_ttnn/tests/autogen_op/mixer_b16_224_goog_in21k/test_mixer_b16_224_goog_in21k_aten_convolution_default.py'.
Hint: make sure your test modules/packages have valid Python names.
Traceback:
../.pyenv/versions/3.11.10/lib/python3.11/importlib/__init__.py:126: in import_module
    return _bootstrap._gcd_import(name[level:], package, level)
           ^^^^^^^^^^^^^^^^^^^^^^^^^^^^^^^^^^^^^^^^^^^^^^^^^^^^
tests/autogen_op/mixer_b16_224_goog_in21k/test_mixer_b16_224_goog_in21k_aten_convolution_default.py:8: in <module>
    import ttnn
E   ModuleNotFoundError: No module named 'ttnn'
_ ERROR collecting tests/autogen_op/mixer_b16_224_goog_in21k/test_mixer_b16_224_goog_in21k_aten_gelu_default.py _
ImportError while importing test module '/Users/Ajay17/pytorch2.0_ttnn/tests/autogen_op/mixer_b16_224_goog_in21k/test_mixer_b16_224_goog_in21k_aten_gelu_default.py'.
Hint: make sure your test modules/packages have valid Python names.
Traceback:
../.pyenv/versions/3.11.10/lib/python3.11/importlib/__init__.py:126: in import_module
    return _bootstrap._gcd_import(name[level:], package, level)
           ^^^^^^^^^^^^^^^^^^^^^^^^^^^^^^^^^^^^^^^^^^^^^^^^^^^^
tests/autogen_op/mixer_b16_224_goog_in21k/test_mixer_b16_224_goog_in21k_aten_gelu_default.py:8: in <module>
    import ttnn
E   ModuleNotFoundError: No module named 'ttnn'
_ ERROR collecting tests/autogen_op/mixer_b16_224_goog_in21k/test_mixer_b16_224_goog_in21k_aten_mean_dim.py _
ImportError while importing test module '/Users/Ajay17/pytorch2.0_ttnn/tests/autogen_op/mixer_b16_224_goog_in21k/test_mixer_b16_224_goog_in21k_aten_mean_dim.py'.
Hint: make sure your test modules/packages have valid Python names.
Traceback:
../.pyenv/versions/3.11.10/lib/python3.11/importlib/__init__.py:126: in import_module
    return _bootstrap._gcd_import(name[level:], package, level)
           ^^^^^^^^^^^^^^^^^^^^^^^^^^^^^^^^^^^^^^^^^^^^^^^^^^^^
tests/autogen_op/mixer_b16_224_goog_in21k/test_mixer_b16_224_goog_in21k_aten_mean_dim.py:8: in <module>
    import ttnn
E   ModuleNotFoundError: No module named 'ttnn'
_ ERROR collecting tests/autogen_op/mixer_b16_224_goog_in21k/test_mixer_b16_224_goog_in21k_aten_mm_default.py _
ImportError while importing test module '/Users/Ajay17/pytorch2.0_ttnn/tests/autogen_op/mixer_b16_224_goog_in21k/test_mixer_b16_224_goog_in21k_aten_mm_default.py'.
Hint: make sure your test modules/packages have valid Python names.
Traceback:
../.pyenv/versions/3.11.10/lib/python3.11/importlib/__init__.py:126: in import_module
    return _bootstrap._gcd_import(name[level:], package, level)
           ^^^^^^^^^^^^^^^^^^^^^^^^^^^^^^^^^^^^^^^^^^^^^^^^^^^^
tests/autogen_op/mixer_b16_224_goog_in21k/test_mixer_b16_224_goog_in21k_aten_mm_default.py:8: in <module>
    import ttnn
E   ModuleNotFoundError: No module named 'ttnn'
_ ERROR collecting tests/autogen_op/mixer_b16_224_goog_in21k/test_mixer_b16_224_goog_in21k_aten_native_layer_norm_default.py _
ImportError while importing test module '/Users/Ajay17/pytorch2.0_ttnn/tests/autogen_op/mixer_b16_224_goog_in21k/test_mixer_b16_224_goog_in21k_aten_native_layer_norm_default.py'.
Hint: make sure your test modules/packages have valid Python names.
Traceback:
../.pyenv/versions/3.11.10/lib/python3.11/importlib/__init__.py:126: in import_module
    return _bootstrap._gcd_import(name[level:], package, level)
           ^^^^^^^^^^^^^^^^^^^^^^^^^^^^^^^^^^^^^^^^^^^^^^^^^^^^
tests/autogen_op/mixer_b16_224_goog_in21k/test_mixer_b16_224_goog_in21k_aten_native_layer_norm_default.py:8: in <module>
    import ttnn
E   ModuleNotFoundError: No module named 'ttnn'
_ ERROR collecting tests/autogen_op/mixer_b16_224_goog_in21k/test_mixer_b16_224_goog_in21k_aten_t_default.py _
ImportError while importing test module '/Users/Ajay17/pytorch2.0_ttnn/tests/autogen_op/mixer_b16_224_goog_in21k/test_mixer_b16_224_goog_in21k_aten_t_default.py'.
Hint: make sure your test modules/packages have valid Python names.
Traceback:
../.pyenv/versions/3.11.10/lib/python3.11/importlib/__init__.py:126: in import_module
    return _bootstrap._gcd_import(name[level:], package, level)
           ^^^^^^^^^^^^^^^^^^^^^^^^^^^^^^^^^^^^^^^^^^^^^^^^^^^^
tests/autogen_op/mixer_b16_224_goog_in21k/test_mixer_b16_224_goog_in21k_aten_t_default.py:8: in <module>
    import ttnn
E   ModuleNotFoundError: No module named 'ttnn'
_ ERROR collecting tests/autogen_op/mixer_b16_224_goog_in21k/test_mixer_b16_224_goog_in21k_aten_transpose_int.py _
ImportError while importing test module '/Users/Ajay17/pytorch2.0_ttnn/tests/autogen_op/mixer_b16_224_goog_in21k/test_mixer_b16_224_goog_in21k_aten_transpose_int.py'.
Hint: make sure your test modules/packages have valid Python names.
Traceback:
../.pyenv/versions/3.11.10/lib/python3.11/importlib/__init__.py:126: in import_module
    return _bootstrap._gcd_import(name[level:], package, level)
           ^^^^^^^^^^^^^^^^^^^^^^^^^^^^^^^^^^^^^^^^^^^^^^^^^^^^
tests/autogen_op/mixer_b16_224_goog_in21k/test_mixer_b16_224_goog_in21k_aten_transpose_int.py:8: in <module>
    import ttnn
E   ModuleNotFoundError: No module named 'ttnn'
_ ERROR collecting tests/autogen_op/mixer_b16_224_goog_in21k/test_mixer_b16_224_goog_in21k_aten_view_default.py _
ImportError while importing test module '/Users/Ajay17/pytorch2.0_ttnn/tests/autogen_op/mixer_b16_224_goog_in21k/test_mixer_b16_224_goog_in21k_aten_view_default.py'.
Hint: make sure your test modules/packages have valid Python names.
Traceback:
../.pyenv/versions/3.11.10/lib/python3.11/importlib/__init__.py:126: in import_module
    return _bootstrap._gcd_import(name[level:], package, level)
           ^^^^^^^^^^^^^^^^^^^^^^^^^^^^^^^^^^^^^^^^^^^^^^^^^^^^
tests/autogen_op/mixer_b16_224_goog_in21k/test_mixer_b16_224_goog_in21k_aten_view_default.py:8: in <module>
    import ttnn
E   ModuleNotFoundError: No module named 'ttnn'
_ ERROR collecting tests/autogen_op/mixer_b16_224_goog_in21k-train/test_mixer_b16_224_goog_in21k-train_aten_add_Tensor.py _
ImportError while importing test module '/Users/Ajay17/pytorch2.0_ttnn/tests/autogen_op/mixer_b16_224_goog_in21k-train/test_mixer_b16_224_goog_in21k-train_aten_add_Tensor.py'.
Hint: make sure your test modules/packages have valid Python names.
Traceback:
../.pyenv/versions/3.11.10/lib/python3.11/importlib/__init__.py:126: in import_module
    return _bootstrap._gcd_import(name[level:], package, level)
           ^^^^^^^^^^^^^^^^^^^^^^^^^^^^^^^^^^^^^^^^^^^^^^^^^^^^
tests/autogen_op/mixer_b16_224_goog_in21k-train/test_mixer_b16_224_goog_in21k-train_aten_add_Tensor.py:8: in <module>
    import ttnn
E   ModuleNotFoundError: No module named 'ttnn'
_ ERROR collecting tests/autogen_op/mixer_b16_224_goog_in21k-train/test_mixer_b16_224_goog_in21k-train_aten_addmm_default.py _
ImportError while importing test module '/Users/Ajay17/pytorch2.0_ttnn/tests/autogen_op/mixer_b16_224_goog_in21k-train/test_mixer_b16_224_goog_in21k-train_aten_addmm_default.py'.
Hint: make sure your test modules/packages have valid Python names.
Traceback:
../.pyenv/versions/3.11.10/lib/python3.11/importlib/__init__.py:126: in import_module
    return _bootstrap._gcd_import(name[level:], package, level)
           ^^^^^^^^^^^^^^^^^^^^^^^^^^^^^^^^^^^^^^^^^^^^^^^^^^^^
tests/autogen_op/mixer_b16_224_goog_in21k-train/test_mixer_b16_224_goog_in21k-train_aten_addmm_default.py:8: in <module>
    import ttnn
E   ModuleNotFoundError: No module named 'ttnn'
_ ERROR collecting tests/autogen_op/mixer_b16_224_goog_in21k-train/test_mixer_b16_224_goog_in21k-train_aten_clone_default.py _
ImportError while importing test module '/Users/Ajay17/pytorch2.0_ttnn/tests/autogen_op/mixer_b16_224_goog_in21k-train/test_mixer_b16_224_goog_in21k-train_aten_clone_default.py'.
Hint: make sure your test modules/packages have valid Python names.
Traceback:
../.pyenv/versions/3.11.10/lib/python3.11/importlib/__init__.py:126: in import_module
    return _bootstrap._gcd_import(name[level:], package, level)
           ^^^^^^^^^^^^^^^^^^^^^^^^^^^^^^^^^^^^^^^^^^^^^^^^^^^^
tests/autogen_op/mixer_b16_224_goog_in21k-train/test_mixer_b16_224_goog_in21k-train_aten_clone_default.py:8: in <module>
    import ttnn
E   ModuleNotFoundError: No module named 'ttnn'
_ ERROR collecting tests/autogen_op/mixer_b16_224_goog_in21k-train/test_mixer_b16_224_goog_in21k-train_aten_convolution_backward_default.py _
ImportError while importing test module '/Users/Ajay17/pytorch2.0_ttnn/tests/autogen_op/mixer_b16_224_goog_in21k-train/test_mixer_b16_224_goog_in21k-train_aten_convolution_backward_default.py'.
Hint: make sure your test modules/packages have valid Python names.
Traceback:
../.pyenv/versions/3.11.10/lib/python3.11/importlib/__init__.py:126: in import_module
    return _bootstrap._gcd_import(name[level:], package, level)
           ^^^^^^^^^^^^^^^^^^^^^^^^^^^^^^^^^^^^^^^^^^^^^^^^^^^^
tests/autogen_op/mixer_b16_224_goog_in21k-train/test_mixer_b16_224_goog_in21k-train_aten_convolution_backward_default.py:8: in <module>
    import ttnn
E   ModuleNotFoundError: No module named 'ttnn'
_ ERROR collecting tests/autogen_op/mixer_b16_224_goog_in21k-train/test_mixer_b16_224_goog_in21k-train_aten_convolution_default.py _
ImportError while importing test module '/Users/Ajay17/pytorch2.0_ttnn/tests/autogen_op/mixer_b16_224_goog_in21k-train/test_mixer_b16_224_goog_in21k-train_aten_convolution_default.py'.
Hint: make sure your test modules/packages have valid Python names.
Traceback:
../.pyenv/versions/3.11.10/lib/python3.11/importlib/__init__.py:126: in import_module
    return _bootstrap._gcd_import(name[level:], package, level)
           ^^^^^^^^^^^^^^^^^^^^^^^^^^^^^^^^^^^^^^^^^^^^^^^^^^^^
tests/autogen_op/mixer_b16_224_goog_in21k-train/test_mixer_b16_224_goog_in21k-train_aten_convolution_default.py:8: in <module>
    import ttnn
E   ModuleNotFoundError: No module named 'ttnn'
_ ERROR collecting tests/autogen_op/mixer_b16_224_goog_in21k-train/test_mixer_b16_224_goog_in21k-train_aten_div_Scalar.py _
ImportError while importing test module '/Users/Ajay17/pytorch2.0_ttnn/tests/autogen_op/mixer_b16_224_goog_in21k-train/test_mixer_b16_224_goog_in21k-train_aten_div_Scalar.py'.
Hint: make sure your test modules/packages have valid Python names.
Traceback:
../.pyenv/versions/3.11.10/lib/python3.11/importlib/__init__.py:126: in import_module
    return _bootstrap._gcd_import(name[level:], package, level)
           ^^^^^^^^^^^^^^^^^^^^^^^^^^^^^^^^^^^^^^^^^^^^^^^^^^^^
tests/autogen_op/mixer_b16_224_goog_in21k-train/test_mixer_b16_224_goog_in21k-train_aten_div_Scalar.py:8: in <module>
    import ttnn
E   ModuleNotFoundError: No module named 'ttnn'
_ ERROR collecting tests/autogen_op/mixer_b16_224_goog_in21k-train/test_mixer_b16_224_goog_in21k-train_aten_expand_default.py _
ImportError while importing test module '/Users/Ajay17/pytorch2.0_ttnn/tests/autogen_op/mixer_b16_224_goog_in21k-train/test_mixer_b16_224_goog_in21k-train_aten_expand_default.py'.
Hint: make sure your test modules/packages have valid Python names.
Traceback:
../.pyenv/versions/3.11.10/lib/python3.11/importlib/__init__.py:126: in import_module
    return _bootstrap._gcd_import(name[level:], package, level)
           ^^^^^^^^^^^^^^^^^^^^^^^^^^^^^^^^^^^^^^^^^^^^^^^^^^^^
tests/autogen_op/mixer_b16_224_goog_in21k-train/test_mixer_b16_224_goog_in21k-train_aten_expand_default.py:8: in <module>
    import ttnn
E   ModuleNotFoundError: No module named 'ttnn'
_ ERROR collecting tests/autogen_op/mixer_b16_224_goog_in21k-train/test_mixer_b16_224_goog_in21k-train_aten_gelu_backward_default.py _
ImportError while importing test module '/Users/Ajay17/pytorch2.0_ttnn/tests/autogen_op/mixer_b16_224_goog_in21k-train/test_mixer_b16_224_goog_in21k-train_aten_gelu_backward_default.py'.
Hint: make sure your test modules/packages have valid Python names.
Traceback:
../.pyenv/versions/3.11.10/lib/python3.11/importlib/__init__.py:126: in import_module
    return _bootstrap._gcd_import(name[level:], package, level)
           ^^^^^^^^^^^^^^^^^^^^^^^^^^^^^^^^^^^^^^^^^^^^^^^^^^^^
tests/autogen_op/mixer_b16_224_goog_in21k-train/test_mixer_b16_224_goog_in21k-train_aten_gelu_backward_default.py:8: in <module>
    import ttnn
E   ModuleNotFoundError: No module named 'ttnn'
_ ERROR collecting tests/autogen_op/mixer_b16_224_goog_in21k-train/test_mixer_b16_224_goog_in21k-train_aten_gelu_default.py _
ImportError while importing test module '/Users/Ajay17/pytorch2.0_ttnn/tests/autogen_op/mixer_b16_224_goog_in21k-train/test_mixer_b16_224_goog_in21k-train_aten_gelu_default.py'.
Hint: make sure your test modules/packages have valid Python names.
Traceback:
../.pyenv/versions/3.11.10/lib/python3.11/importlib/__init__.py:126: in import_module
    return _bootstrap._gcd_import(name[level:], package, level)
           ^^^^^^^^^^^^^^^^^^^^^^^^^^^^^^^^^^^^^^^^^^^^^^^^^^^^
tests/autogen_op/mixer_b16_224_goog_in21k-train/test_mixer_b16_224_goog_in21k-train_aten_gelu_default.py:8: in <module>
    import ttnn
E   ModuleNotFoundError: No module named 'ttnn'
_ ERROR collecting tests/autogen_op/mixer_b16_224_goog_in21k-train/test_mixer_b16_224_goog_in21k-train_aten_mean_dim.py _
ImportError while importing test module '/Users/Ajay17/pytorch2.0_ttnn/tests/autogen_op/mixer_b16_224_goog_in21k-train/test_mixer_b16_224_goog_in21k-train_aten_mean_dim.py'.
Hint: make sure your test modules/packages have valid Python names.
Traceback:
../.pyenv/versions/3.11.10/lib/python3.11/importlib/__init__.py:126: in import_module
    return _bootstrap._gcd_import(name[level:], package, level)
           ^^^^^^^^^^^^^^^^^^^^^^^^^^^^^^^^^^^^^^^^^^^^^^^^^^^^
tests/autogen_op/mixer_b16_224_goog_in21k-train/test_mixer_b16_224_goog_in21k-train_aten_mean_dim.py:8: in <module>
    import ttnn
E   ModuleNotFoundError: No module named 'ttnn'
_ ERROR collecting tests/autogen_op/mixer_b16_224_goog_in21k-train/test_mixer_b16_224_goog_in21k-train_aten_mm_default.py _
ImportError while importing test module '/Users/Ajay17/pytorch2.0_ttnn/tests/autogen_op/mixer_b16_224_goog_in21k-train/test_mixer_b16_224_goog_in21k-train_aten_mm_default.py'.
Hint: make sure your test modules/packages have valid Python names.
Traceback:
../.pyenv/versions/3.11.10/lib/python3.11/importlib/__init__.py:126: in import_module
    return _bootstrap._gcd_import(name[level:], package, level)
           ^^^^^^^^^^^^^^^^^^^^^^^^^^^^^^^^^^^^^^^^^^^^^^^^^^^^
tests/autogen_op/mixer_b16_224_goog_in21k-train/test_mixer_b16_224_goog_in21k-train_aten_mm_default.py:8: in <module>
    import ttnn
E   ModuleNotFoundError: No module named 'ttnn'
_ ERROR collecting tests/autogen_op/mixer_b16_224_goog_in21k-train/test_mixer_b16_224_goog_in21k-train_aten_native_layer_norm_backward_default.py _
ImportError while importing test module '/Users/Ajay17/pytorch2.0_ttnn/tests/autogen_op/mixer_b16_224_goog_in21k-train/test_mixer_b16_224_goog_in21k-train_aten_native_layer_norm_backward_default.py'.
Hint: make sure your test modules/packages have valid Python names.
Traceback:
../.pyenv/versions/3.11.10/lib/python3.11/importlib/__init__.py:126: in import_module
    return _bootstrap._gcd_import(name[level:], package, level)
           ^^^^^^^^^^^^^^^^^^^^^^^^^^^^^^^^^^^^^^^^^^^^^^^^^^^^
tests/autogen_op/mixer_b16_224_goog_in21k-train/test_mixer_b16_224_goog_in21k-train_aten_native_layer_norm_backward_default.py:8: in <module>
    import ttnn
E   ModuleNotFoundError: No module named 'ttnn'
_ ERROR collecting tests/autogen_op/mixer_b16_224_goog_in21k-train/test_mixer_b16_224_goog_in21k-train_aten_native_layer_norm_default.py _
ImportError while importing test module '/Users/Ajay17/pytorch2.0_ttnn/tests/autogen_op/mixer_b16_224_goog_in21k-train/test_mixer_b16_224_goog_in21k-train_aten_native_layer_norm_default.py'.
Hint: make sure your test modules/packages have valid Python names.
Traceback:
../.pyenv/versions/3.11.10/lib/python3.11/importlib/__init__.py:126: in import_module
    return _bootstrap._gcd_import(name[level:], package, level)
           ^^^^^^^^^^^^^^^^^^^^^^^^^^^^^^^^^^^^^^^^^^^^^^^^^^^^
tests/autogen_op/mixer_b16_224_goog_in21k-train/test_mixer_b16_224_goog_in21k-train_aten_native_layer_norm_default.py:8: in <module>
    import ttnn
E   ModuleNotFoundError: No module named 'ttnn'
_ ERROR collecting tests/autogen_op/mixer_b16_224_goog_in21k-train/test_mixer_b16_224_goog_in21k-train_aten_sum_dim_IntList.py _
ImportError while importing test module '/Users/Ajay17/pytorch2.0_ttnn/tests/autogen_op/mixer_b16_224_goog_in21k-train/test_mixer_b16_224_goog_in21k-train_aten_sum_dim_IntList.py'.
Hint: make sure your test modules/packages have valid Python names.
Traceback:
../.pyenv/versions/3.11.10/lib/python3.11/importlib/__init__.py:126: in import_module
    return _bootstrap._gcd_import(name[level:], package, level)
           ^^^^^^^^^^^^^^^^^^^^^^^^^^^^^^^^^^^^^^^^^^^^^^^^^^^^
tests/autogen_op/mixer_b16_224_goog_in21k-train/test_mixer_b16_224_goog_in21k-train_aten_sum_dim_IntList.py:8: in <module>
    import ttnn
E   ModuleNotFoundError: No module named 'ttnn'
_ ERROR collecting tests/autogen_op/mixer_b16_224_goog_in21k-train/test_mixer_b16_224_goog_in21k-train_aten_t_default.py _
ImportError while importing test module '/Users/Ajay17/pytorch2.0_ttnn/tests/autogen_op/mixer_b16_224_goog_in21k-train/test_mixer_b16_224_goog_in21k-train_aten_t_default.py'.
Hint: make sure your test modules/packages have valid Python names.
Traceback:
../.pyenv/versions/3.11.10/lib/python3.11/importlib/__init__.py:126: in import_module
    return _bootstrap._gcd_import(name[level:], package, level)
           ^^^^^^^^^^^^^^^^^^^^^^^^^^^^^^^^^^^^^^^^^^^^^^^^^^^^
tests/autogen_op/mixer_b16_224_goog_in21k-train/test_mixer_b16_224_goog_in21k-train_aten_t_default.py:8: in <module>
    import ttnn
E   ModuleNotFoundError: No module named 'ttnn'
_ ERROR collecting tests/autogen_op/mixer_b16_224_goog_in21k-train/test_mixer_b16_224_goog_in21k-train_aten_transpose_int.py _
ImportError while importing test module '/Users/Ajay17/pytorch2.0_ttnn/tests/autogen_op/mixer_b16_224_goog_in21k-train/test_mixer_b16_224_goog_in21k-train_aten_transpose_int.py'.
Hint: make sure your test modules/packages have valid Python names.
Traceback:
../.pyenv/versions/3.11.10/lib/python3.11/importlib/__init__.py:126: in import_module
    return _bootstrap._gcd_import(name[level:], package, level)
           ^^^^^^^^^^^^^^^^^^^^^^^^^^^^^^^^^^^^^^^^^^^^^^^^^^^^
tests/autogen_op/mixer_b16_224_goog_in21k-train/test_mixer_b16_224_goog_in21k-train_aten_transpose_int.py:8: in <module>
    import ttnn
E   ModuleNotFoundError: No module named 'ttnn'
_ ERROR collecting tests/autogen_op/mixer_b16_224_goog_in21k-train/test_mixer_b16_224_goog_in21k-train_aten_unsqueeze_default.py _
ImportError while importing test module '/Users/Ajay17/pytorch2.0_ttnn/tests/autogen_op/mixer_b16_224_goog_in21k-train/test_mixer_b16_224_goog_in21k-train_aten_unsqueeze_default.py'.
Hint: make sure your test modules/packages have valid Python names.
Traceback:
../.pyenv/versions/3.11.10/lib/python3.11/importlib/__init__.py:126: in import_module
    return _bootstrap._gcd_import(name[level:], package, level)
           ^^^^^^^^^^^^^^^^^^^^^^^^^^^^^^^^^^^^^^^^^^^^^^^^^^^^
tests/autogen_op/mixer_b16_224_goog_in21k-train/test_mixer_b16_224_goog_in21k-train_aten_unsqueeze_default.py:8: in <module>
    import ttnn
E   ModuleNotFoundError: No module named 'ttnn'
_ ERROR collecting tests/autogen_op/mixer_b16_224_goog_in21k-train/test_mixer_b16_224_goog_in21k-train_aten_view_default.py _
ImportError while importing test module '/Users/Ajay17/pytorch2.0_ttnn/tests/autogen_op/mixer_b16_224_goog_in21k-train/test_mixer_b16_224_goog_in21k-train_aten_view_default.py'.
Hint: make sure your test modules/packages have valid Python names.
Traceback:
../.pyenv/versions/3.11.10/lib/python3.11/importlib/__init__.py:126: in import_module
    return _bootstrap._gcd_import(name[level:], package, level)
           ^^^^^^^^^^^^^^^^^^^^^^^^^^^^^^^^^^^^^^^^^^^^^^^^^^^^
tests/autogen_op/mixer_b16_224_goog_in21k-train/test_mixer_b16_224_goog_in21k-train_aten_view_default.py:8: in <module>
    import ttnn
E   ModuleNotFoundError: No module named 'ttnn'
_ ERROR collecting tests/autogen_op/mobilenet_v2/test_mobilenet_v2_aten__native_batch_norm_legit_no_training_default.py _
ImportError while importing test module '/Users/Ajay17/pytorch2.0_ttnn/tests/autogen_op/mobilenet_v2/test_mobilenet_v2_aten__native_batch_norm_legit_no_training_default.py'.
Hint: make sure your test modules/packages have valid Python names.
Traceback:
../.pyenv/versions/3.11.10/lib/python3.11/importlib/__init__.py:126: in import_module
    return _bootstrap._gcd_import(name[level:], package, level)
           ^^^^^^^^^^^^^^^^^^^^^^^^^^^^^^^^^^^^^^^^^^^^^^^^^^^^
tests/autogen_op/mobilenet_v2/test_mobilenet_v2_aten__native_batch_norm_legit_no_training_default.py:8: in <module>
    import ttnn
E   ModuleNotFoundError: No module named 'ttnn'
_ ERROR collecting tests/autogen_op/mobilenet_v2/test_mobilenet_v2_aten_add_Tensor.py _
ImportError while importing test module '/Users/Ajay17/pytorch2.0_ttnn/tests/autogen_op/mobilenet_v2/test_mobilenet_v2_aten_add_Tensor.py'.
Hint: make sure your test modules/packages have valid Python names.
Traceback:
../.pyenv/versions/3.11.10/lib/python3.11/importlib/__init__.py:126: in import_module
    return _bootstrap._gcd_import(name[level:], package, level)
           ^^^^^^^^^^^^^^^^^^^^^^^^^^^^^^^^^^^^^^^^^^^^^^^^^^^^
tests/autogen_op/mobilenet_v2/test_mobilenet_v2_aten_add_Tensor.py:8: in <module>
    import ttnn
E   ModuleNotFoundError: No module named 'ttnn'
_ ERROR collecting tests/autogen_op/mobilenet_v2/test_mobilenet_v2_aten_addmm_default.py _
ImportError while importing test module '/Users/Ajay17/pytorch2.0_ttnn/tests/autogen_op/mobilenet_v2/test_mobilenet_v2_aten_addmm_default.py'.
Hint: make sure your test modules/packages have valid Python names.
Traceback:
../.pyenv/versions/3.11.10/lib/python3.11/importlib/__init__.py:126: in import_module
    return _bootstrap._gcd_import(name[level:], package, level)
           ^^^^^^^^^^^^^^^^^^^^^^^^^^^^^^^^^^^^^^^^^^^^^^^^^^^^
tests/autogen_op/mobilenet_v2/test_mobilenet_v2_aten_addmm_default.py:8: in <module>
    import ttnn
E   ModuleNotFoundError: No module named 'ttnn'
_ ERROR collecting tests/autogen_op/mobilenet_v2/test_mobilenet_v2_aten_clone_default.py _
ImportError while importing test module '/Users/Ajay17/pytorch2.0_ttnn/tests/autogen_op/mobilenet_v2/test_mobilenet_v2_aten_clone_default.py'.
Hint: make sure your test modules/packages have valid Python names.
Traceback:
../.pyenv/versions/3.11.10/lib/python3.11/importlib/__init__.py:126: in import_module
    return _bootstrap._gcd_import(name[level:], package, level)
           ^^^^^^^^^^^^^^^^^^^^^^^^^^^^^^^^^^^^^^^^^^^^^^^^^^^^
tests/autogen_op/mobilenet_v2/test_mobilenet_v2_aten_clone_default.py:8: in <module>
    import ttnn
E   ModuleNotFoundError: No module named 'ttnn'
_ ERROR collecting tests/autogen_op/mobilenet_v2/test_mobilenet_v2_aten_convolution_default.py _
ImportError while importing test module '/Users/Ajay17/pytorch2.0_ttnn/tests/autogen_op/mobilenet_v2/test_mobilenet_v2_aten_convolution_default.py'.
Hint: make sure your test modules/packages have valid Python names.
Traceback:
../.pyenv/versions/3.11.10/lib/python3.11/importlib/__init__.py:126: in import_module
    return _bootstrap._gcd_import(name[level:], package, level)
           ^^^^^^^^^^^^^^^^^^^^^^^^^^^^^^^^^^^^^^^^^^^^^^^^^^^^
tests/autogen_op/mobilenet_v2/test_mobilenet_v2_aten_convolution_default.py:8: in <module>
    import ttnn
E   ModuleNotFoundError: No module named 'ttnn'
_ ERROR collecting tests/autogen_op/mobilenet_v2/test_mobilenet_v2_aten_hardtanh_default.py _
ImportError while importing test module '/Users/Ajay17/pytorch2.0_ttnn/tests/autogen_op/mobilenet_v2/test_mobilenet_v2_aten_hardtanh_default.py'.
Hint: make sure your test modules/packages have valid Python names.
Traceback:
../.pyenv/versions/3.11.10/lib/python3.11/importlib/__init__.py:126: in import_module
    return _bootstrap._gcd_import(name[level:], package, level)
           ^^^^^^^^^^^^^^^^^^^^^^^^^^^^^^^^^^^^^^^^^^^^^^^^^^^^
tests/autogen_op/mobilenet_v2/test_mobilenet_v2_aten_hardtanh_default.py:8: in <module>
    import ttnn
E   ModuleNotFoundError: No module named 'ttnn'
_ ERROR collecting tests/autogen_op/mobilenet_v2/test_mobilenet_v2_aten_mean_dim.py _
ImportError while importing test module '/Users/Ajay17/pytorch2.0_ttnn/tests/autogen_op/mobilenet_v2/test_mobilenet_v2_aten_mean_dim.py'.
Hint: make sure your test modules/packages have valid Python names.
Traceback:
../.pyenv/versions/3.11.10/lib/python3.11/importlib/__init__.py:126: in import_module
    return _bootstrap._gcd_import(name[level:], package, level)
           ^^^^^^^^^^^^^^^^^^^^^^^^^^^^^^^^^^^^^^^^^^^^^^^^^^^^
tests/autogen_op/mobilenet_v2/test_mobilenet_v2_aten_mean_dim.py:8: in <module>
    import ttnn
E   ModuleNotFoundError: No module named 'ttnn'
_ ERROR collecting tests/autogen_op/mobilenet_v2/test_mobilenet_v2_aten_t_default.py _
ImportError while importing test module '/Users/Ajay17/pytorch2.0_ttnn/tests/autogen_op/mobilenet_v2/test_mobilenet_v2_aten_t_default.py'.
Hint: make sure your test modules/packages have valid Python names.
Traceback:
../.pyenv/versions/3.11.10/lib/python3.11/importlib/__init__.py:126: in import_module
    return _bootstrap._gcd_import(name[level:], package, level)
           ^^^^^^^^^^^^^^^^^^^^^^^^^^^^^^^^^^^^^^^^^^^^^^^^^^^^
tests/autogen_op/mobilenet_v2/test_mobilenet_v2_aten_t_default.py:8: in <module>
    import ttnn
E   ModuleNotFoundError: No module named 'ttnn'
_ ERROR collecting tests/autogen_op/mobilenet_v2/test_mobilenet_v2_aten_view_default.py _
ImportError while importing test module '/Users/Ajay17/pytorch2.0_ttnn/tests/autogen_op/mobilenet_v2/test_mobilenet_v2_aten_view_default.py'.
Hint: make sure your test modules/packages have valid Python names.
Traceback:
../.pyenv/versions/3.11.10/lib/python3.11/importlib/__init__.py:126: in import_module
    return _bootstrap._gcd_import(name[level:], package, level)
           ^^^^^^^^^^^^^^^^^^^^^^^^^^^^^^^^^^^^^^^^^^^^^^^^^^^^
tests/autogen_op/mobilenet_v2/test_mobilenet_v2_aten_view_default.py:8: in <module>
    import ttnn
E   ModuleNotFoundError: No module named 'ttnn'
_ ERROR collecting tests/autogen_op/mobilenet_v3_large/test_mobilenet_v3_large_aten__native_batch_norm_legit_no_training_default.py _
ImportError while importing test module '/Users/Ajay17/pytorch2.0_ttnn/tests/autogen_op/mobilenet_v3_large/test_mobilenet_v3_large_aten__native_batch_norm_legit_no_training_default.py'.
Hint: make sure your test modules/packages have valid Python names.
Traceback:
../.pyenv/versions/3.11.10/lib/python3.11/importlib/__init__.py:126: in import_module
    return _bootstrap._gcd_import(name[level:], package, level)
           ^^^^^^^^^^^^^^^^^^^^^^^^^^^^^^^^^^^^^^^^^^^^^^^^^^^^
tests/autogen_op/mobilenet_v3_large/test_mobilenet_v3_large_aten__native_batch_norm_legit_no_training_default.py:8: in <module>
    import ttnn
E   ModuleNotFoundError: No module named 'ttnn'
_ ERROR collecting tests/autogen_op/mobilenet_v3_large/test_mobilenet_v3_large_aten_add_Tensor.py _
ImportError while importing test module '/Users/Ajay17/pytorch2.0_ttnn/tests/autogen_op/mobilenet_v3_large/test_mobilenet_v3_large_aten_add_Tensor.py'.
Hint: make sure your test modules/packages have valid Python names.
Traceback:
../.pyenv/versions/3.11.10/lib/python3.11/importlib/__init__.py:126: in import_module
    return _bootstrap._gcd_import(name[level:], package, level)
           ^^^^^^^^^^^^^^^^^^^^^^^^^^^^^^^^^^^^^^^^^^^^^^^^^^^^
tests/autogen_op/mobilenet_v3_large/test_mobilenet_v3_large_aten_add_Tensor.py:8: in <module>
    import ttnn
E   ModuleNotFoundError: No module named 'ttnn'
_ ERROR collecting tests/autogen_op/mobilenet_v3_large/test_mobilenet_v3_large_aten_addmm_default.py _
ImportError while importing test module '/Users/Ajay17/pytorch2.0_ttnn/tests/autogen_op/mobilenet_v3_large/test_mobilenet_v3_large_aten_addmm_default.py'.
Hint: make sure your test modules/packages have valid Python names.
Traceback:
../.pyenv/versions/3.11.10/lib/python3.11/importlib/__init__.py:126: in import_module
    return _bootstrap._gcd_import(name[level:], package, level)
           ^^^^^^^^^^^^^^^^^^^^^^^^^^^^^^^^^^^^^^^^^^^^^^^^^^^^
tests/autogen_op/mobilenet_v3_large/test_mobilenet_v3_large_aten_addmm_default.py:8: in <module>
    import ttnn
E   ModuleNotFoundError: No module named 'ttnn'
_ ERROR collecting tests/autogen_op/mobilenet_v3_large/test_mobilenet_v3_large_aten_convolution_default.py _
ImportError while importing test module '/Users/Ajay17/pytorch2.0_ttnn/tests/autogen_op/mobilenet_v3_large/test_mobilenet_v3_large_aten_convolution_default.py'.
Hint: make sure your test modules/packages have valid Python names.
Traceback:
../.pyenv/versions/3.11.10/lib/python3.11/importlib/__init__.py:126: in import_module
    return _bootstrap._gcd_import(name[level:], package, level)
           ^^^^^^^^^^^^^^^^^^^^^^^^^^^^^^^^^^^^^^^^^^^^^^^^^^^^
tests/autogen_op/mobilenet_v3_large/test_mobilenet_v3_large_aten_convolution_default.py:8: in <module>
    import ttnn
E   ModuleNotFoundError: No module named 'ttnn'
_ ERROR collecting tests/autogen_op/mobilenet_v3_large/test_mobilenet_v3_large_aten_hardsigmoid_default.py _
ImportError while importing test module '/Users/Ajay17/pytorch2.0_ttnn/tests/autogen_op/mobilenet_v3_large/test_mobilenet_v3_large_aten_hardsigmoid_default.py'.
Hint: make sure your test modules/packages have valid Python names.
Traceback:
../.pyenv/versions/3.11.10/lib/python3.11/importlib/__init__.py:126: in import_module
    return _bootstrap._gcd_import(name[level:], package, level)
           ^^^^^^^^^^^^^^^^^^^^^^^^^^^^^^^^^^^^^^^^^^^^^^^^^^^^
tests/autogen_op/mobilenet_v3_large/test_mobilenet_v3_large_aten_hardsigmoid_default.py:8: in <module>
    import ttnn
E   ModuleNotFoundError: No module named 'ttnn'
_ ERROR collecting tests/autogen_op/mobilenet_v3_large/test_mobilenet_v3_large_aten_hardswish_default.py _
ImportError while importing test module '/Users/Ajay17/pytorch2.0_ttnn/tests/autogen_op/mobilenet_v3_large/test_mobilenet_v3_large_aten_hardswish_default.py'.
Hint: make sure your test modules/packages have valid Python names.
Traceback:
../.pyenv/versions/3.11.10/lib/python3.11/importlib/__init__.py:126: in import_module
    return _bootstrap._gcd_import(name[level:], package, level)
           ^^^^^^^^^^^^^^^^^^^^^^^^^^^^^^^^^^^^^^^^^^^^^^^^^^^^
tests/autogen_op/mobilenet_v3_large/test_mobilenet_v3_large_aten_hardswish_default.py:8: in <module>
    import ttnn
E   ModuleNotFoundError: No module named 'ttnn'
_ ERROR collecting tests/autogen_op/mobilenet_v3_large/test_mobilenet_v3_large_aten_mean_dim.py _
ImportError while importing test module '/Users/Ajay17/pytorch2.0_ttnn/tests/autogen_op/mobilenet_v3_large/test_mobilenet_v3_large_aten_mean_dim.py'.
Hint: make sure your test modules/packages have valid Python names.
Traceback:
../.pyenv/versions/3.11.10/lib/python3.11/importlib/__init__.py:126: in import_module
    return _bootstrap._gcd_import(name[level:], package, level)
           ^^^^^^^^^^^^^^^^^^^^^^^^^^^^^^^^^^^^^^^^^^^^^^^^^^^^
tests/autogen_op/mobilenet_v3_large/test_mobilenet_v3_large_aten_mean_dim.py:8: in <module>
    import ttnn
E   ModuleNotFoundError: No module named 'ttnn'
_ ERROR collecting tests/autogen_op/mobilenet_v3_large/test_mobilenet_v3_large_aten_mul_Tensor.py _
ImportError while importing test module '/Users/Ajay17/pytorch2.0_ttnn/tests/autogen_op/mobilenet_v3_large/test_mobilenet_v3_large_aten_mul_Tensor.py'.
Hint: make sure your test modules/packages have valid Python names.
Traceback:
../.pyenv/versions/3.11.10/lib/python3.11/importlib/__init__.py:126: in import_module
    return _bootstrap._gcd_import(name[level:], package, level)
           ^^^^^^^^^^^^^^^^^^^^^^^^^^^^^^^^^^^^^^^^^^^^^^^^^^^^
tests/autogen_op/mobilenet_v3_large/test_mobilenet_v3_large_aten_mul_Tensor.py:8: in <module>
    import ttnn
E   ModuleNotFoundError: No module named 'ttnn'
_ ERROR collecting tests/autogen_op/mobilenet_v3_large/test_mobilenet_v3_large_aten_relu_default.py _
ImportError while importing test module '/Users/Ajay17/pytorch2.0_ttnn/tests/autogen_op/mobilenet_v3_large/test_mobilenet_v3_large_aten_relu_default.py'.
Hint: make sure your test modules/packages have valid Python names.
Traceback:
../.pyenv/versions/3.11.10/lib/python3.11/importlib/__init__.py:126: in import_module
    return _bootstrap._gcd_import(name[level:], package, level)
           ^^^^^^^^^^^^^^^^^^^^^^^^^^^^^^^^^^^^^^^^^^^^^^^^^^^^
tests/autogen_op/mobilenet_v3_large/test_mobilenet_v3_large_aten_relu_default.py:8: in <module>
    import ttnn
E   ModuleNotFoundError: No module named 'ttnn'
_ ERROR collecting tests/autogen_op/mobilenet_v3_large/test_mobilenet_v3_large_aten_t_default.py _
ImportError while importing test module '/Users/Ajay17/pytorch2.0_ttnn/tests/autogen_op/mobilenet_v3_large/test_mobilenet_v3_large_aten_t_default.py'.
Hint: make sure your test modules/packages have valid Python names.
Traceback:
../.pyenv/versions/3.11.10/lib/python3.11/importlib/__init__.py:126: in import_module
    return _bootstrap._gcd_import(name[level:], package, level)
           ^^^^^^^^^^^^^^^^^^^^^^^^^^^^^^^^^^^^^^^^^^^^^^^^^^^^
tests/autogen_op/mobilenet_v3_large/test_mobilenet_v3_large_aten_t_default.py:8: in <module>
    import ttnn
E   ModuleNotFoundError: No module named 'ttnn'
_ ERROR collecting tests/autogen_op/mobilenet_v3_large/test_mobilenet_v3_large_aten_view_default.py _
ImportError while importing test module '/Users/Ajay17/pytorch2.0_ttnn/tests/autogen_op/mobilenet_v3_large/test_mobilenet_v3_large_aten_view_default.py'.
Hint: make sure your test modules/packages have valid Python names.
Traceback:
../.pyenv/versions/3.11.10/lib/python3.11/importlib/__init__.py:126: in import_module
    return _bootstrap._gcd_import(name[level:], package, level)
           ^^^^^^^^^^^^^^^^^^^^^^^^^^^^^^^^^^^^^^^^^^^^^^^^^^^^
tests/autogen_op/mobilenet_v3_large/test_mobilenet_v3_large_aten_view_default.py:8: in <module>
    import ttnn
E   ModuleNotFoundError: No module named 'ttnn'
_ ERROR collecting tests/autogen_op/mobilenet_v3_small/test_mobilenet_v3_small_aten__native_batch_norm_legit_no_training_default.py _
ImportError while importing test module '/Users/Ajay17/pytorch2.0_ttnn/tests/autogen_op/mobilenet_v3_small/test_mobilenet_v3_small_aten__native_batch_norm_legit_no_training_default.py'.
Hint: make sure your test modules/packages have valid Python names.
Traceback:
../.pyenv/versions/3.11.10/lib/python3.11/importlib/__init__.py:126: in import_module
    return _bootstrap._gcd_import(name[level:], package, level)
           ^^^^^^^^^^^^^^^^^^^^^^^^^^^^^^^^^^^^^^^^^^^^^^^^^^^^
tests/autogen_op/mobilenet_v3_small/test_mobilenet_v3_small_aten__native_batch_norm_legit_no_training_default.py:8: in <module>
    import ttnn
E   ModuleNotFoundError: No module named 'ttnn'
_ ERROR collecting tests/autogen_op/mobilenet_v3_small/test_mobilenet_v3_small_aten_add_Tensor.py _
ImportError while importing test module '/Users/Ajay17/pytorch2.0_ttnn/tests/autogen_op/mobilenet_v3_small/test_mobilenet_v3_small_aten_add_Tensor.py'.
Hint: make sure your test modules/packages have valid Python names.
Traceback:
../.pyenv/versions/3.11.10/lib/python3.11/importlib/__init__.py:126: in import_module
    return _bootstrap._gcd_import(name[level:], package, level)
           ^^^^^^^^^^^^^^^^^^^^^^^^^^^^^^^^^^^^^^^^^^^^^^^^^^^^
tests/autogen_op/mobilenet_v3_small/test_mobilenet_v3_small_aten_add_Tensor.py:8: in <module>
    import ttnn
E   ModuleNotFoundError: No module named 'ttnn'
_ ERROR collecting tests/autogen_op/mobilenet_v3_small/test_mobilenet_v3_small_aten_addmm_default.py _
ImportError while importing test module '/Users/Ajay17/pytorch2.0_ttnn/tests/autogen_op/mobilenet_v3_small/test_mobilenet_v3_small_aten_addmm_default.py'.
Hint: make sure your test modules/packages have valid Python names.
Traceback:
../.pyenv/versions/3.11.10/lib/python3.11/importlib/__init__.py:126: in import_module
    return _bootstrap._gcd_import(name[level:], package, level)
           ^^^^^^^^^^^^^^^^^^^^^^^^^^^^^^^^^^^^^^^^^^^^^^^^^^^^
tests/autogen_op/mobilenet_v3_small/test_mobilenet_v3_small_aten_addmm_default.py:8: in <module>
    import ttnn
E   ModuleNotFoundError: No module named 'ttnn'
_ ERROR collecting tests/autogen_op/mobilenet_v3_small/test_mobilenet_v3_small_aten_convolution_default.py _
ImportError while importing test module '/Users/Ajay17/pytorch2.0_ttnn/tests/autogen_op/mobilenet_v3_small/test_mobilenet_v3_small_aten_convolution_default.py'.
Hint: make sure your test modules/packages have valid Python names.
Traceback:
../.pyenv/versions/3.11.10/lib/python3.11/importlib/__init__.py:126: in import_module
    return _bootstrap._gcd_import(name[level:], package, level)
           ^^^^^^^^^^^^^^^^^^^^^^^^^^^^^^^^^^^^^^^^^^^^^^^^^^^^
tests/autogen_op/mobilenet_v3_small/test_mobilenet_v3_small_aten_convolution_default.py:8: in <module>
    import ttnn
E   ModuleNotFoundError: No module named 'ttnn'
_ ERROR collecting tests/autogen_op/mobilenet_v3_small/test_mobilenet_v3_small_aten_hardsigmoid_default.py _
ImportError while importing test module '/Users/Ajay17/pytorch2.0_ttnn/tests/autogen_op/mobilenet_v3_small/test_mobilenet_v3_small_aten_hardsigmoid_default.py'.
Hint: make sure your test modules/packages have valid Python names.
Traceback:
../.pyenv/versions/3.11.10/lib/python3.11/importlib/__init__.py:126: in import_module
    return _bootstrap._gcd_import(name[level:], package, level)
           ^^^^^^^^^^^^^^^^^^^^^^^^^^^^^^^^^^^^^^^^^^^^^^^^^^^^
tests/autogen_op/mobilenet_v3_small/test_mobilenet_v3_small_aten_hardsigmoid_default.py:8: in <module>
    import ttnn
E   ModuleNotFoundError: No module named 'ttnn'
_ ERROR collecting tests/autogen_op/mobilenet_v3_small/test_mobilenet_v3_small_aten_hardswish_default.py _
ImportError while importing test module '/Users/Ajay17/pytorch2.0_ttnn/tests/autogen_op/mobilenet_v3_small/test_mobilenet_v3_small_aten_hardswish_default.py'.
Hint: make sure your test modules/packages have valid Python names.
Traceback:
../.pyenv/versions/3.11.10/lib/python3.11/importlib/__init__.py:126: in import_module
    return _bootstrap._gcd_import(name[level:], package, level)
           ^^^^^^^^^^^^^^^^^^^^^^^^^^^^^^^^^^^^^^^^^^^^^^^^^^^^
tests/autogen_op/mobilenet_v3_small/test_mobilenet_v3_small_aten_hardswish_default.py:8: in <module>
    import ttnn
E   ModuleNotFoundError: No module named 'ttnn'
_ ERROR collecting tests/autogen_op/mobilenet_v3_small/test_mobilenet_v3_small_aten_mean_dim.py _
ImportError while importing test module '/Users/Ajay17/pytorch2.0_ttnn/tests/autogen_op/mobilenet_v3_small/test_mobilenet_v3_small_aten_mean_dim.py'.
Hint: make sure your test modules/packages have valid Python names.
Traceback:
../.pyenv/versions/3.11.10/lib/python3.11/importlib/__init__.py:126: in import_module
    return _bootstrap._gcd_import(name[level:], package, level)
           ^^^^^^^^^^^^^^^^^^^^^^^^^^^^^^^^^^^^^^^^^^^^^^^^^^^^
tests/autogen_op/mobilenet_v3_small/test_mobilenet_v3_small_aten_mean_dim.py:8: in <module>
    import ttnn
E   ModuleNotFoundError: No module named 'ttnn'
_ ERROR collecting tests/autogen_op/mobilenet_v3_small/test_mobilenet_v3_small_aten_mul_Tensor.py _
ImportError while importing test module '/Users/Ajay17/pytorch2.0_ttnn/tests/autogen_op/mobilenet_v3_small/test_mobilenet_v3_small_aten_mul_Tensor.py'.
Hint: make sure your test modules/packages have valid Python names.
Traceback:
../.pyenv/versions/3.11.10/lib/python3.11/importlib/__init__.py:126: in import_module
    return _bootstrap._gcd_import(name[level:], package, level)
           ^^^^^^^^^^^^^^^^^^^^^^^^^^^^^^^^^^^^^^^^^^^^^^^^^^^^
tests/autogen_op/mobilenet_v3_small/test_mobilenet_v3_small_aten_mul_Tensor.py:8: in <module>
    import ttnn
E   ModuleNotFoundError: No module named 'ttnn'
_ ERROR collecting tests/autogen_op/mobilenet_v3_small/test_mobilenet_v3_small_aten_relu_default.py _
ImportError while importing test module '/Users/Ajay17/pytorch2.0_ttnn/tests/autogen_op/mobilenet_v3_small/test_mobilenet_v3_small_aten_relu_default.py'.
Hint: make sure your test modules/packages have valid Python names.
Traceback:
../.pyenv/versions/3.11.10/lib/python3.11/importlib/__init__.py:126: in import_module
    return _bootstrap._gcd_import(name[level:], package, level)
           ^^^^^^^^^^^^^^^^^^^^^^^^^^^^^^^^^^^^^^^^^^^^^^^^^^^^
tests/autogen_op/mobilenet_v3_small/test_mobilenet_v3_small_aten_relu_default.py:8: in <module>
    import ttnn
E   ModuleNotFoundError: No module named 'ttnn'
_ ERROR collecting tests/autogen_op/mobilenet_v3_small/test_mobilenet_v3_small_aten_t_default.py _
ImportError while importing test module '/Users/Ajay17/pytorch2.0_ttnn/tests/autogen_op/mobilenet_v3_small/test_mobilenet_v3_small_aten_t_default.py'.
Hint: make sure your test modules/packages have valid Python names.
Traceback:
../.pyenv/versions/3.11.10/lib/python3.11/importlib/__init__.py:126: in import_module
    return _bootstrap._gcd_import(name[level:], package, level)
           ^^^^^^^^^^^^^^^^^^^^^^^^^^^^^^^^^^^^^^^^^^^^^^^^^^^^
tests/autogen_op/mobilenet_v3_small/test_mobilenet_v3_small_aten_t_default.py:8: in <module>
    import ttnn
E   ModuleNotFoundError: No module named 'ttnn'
_ ERROR collecting tests/autogen_op/mobilenet_v3_small/test_mobilenet_v3_small_aten_view_default.py _
ImportError while importing test module '/Users/Ajay17/pytorch2.0_ttnn/tests/autogen_op/mobilenet_v3_small/test_mobilenet_v3_small_aten_view_default.py'.
Hint: make sure your test modules/packages have valid Python names.
Traceback:
../.pyenv/versions/3.11.10/lib/python3.11/importlib/__init__.py:126: in import_module
    return _bootstrap._gcd_import(name[level:], package, level)
           ^^^^^^^^^^^^^^^^^^^^^^^^^^^^^^^^^^^^^^^^^^^^^^^^^^^^
tests/autogen_op/mobilenet_v3_small/test_mobilenet_v3_small_aten_view_default.py:8: in <module>
    import ttnn
E   ModuleNotFoundError: No module named 'ttnn'
_ ERROR collecting tests/autogen_op/mobilenetv1_100_ra4_e3600_r224_in1k/test_mobilenetv1_100_ra4_e3600_r224_in1k_aten__native_batch_norm_legit_no_training_default.py _
ImportError while importing test module '/Users/Ajay17/pytorch2.0_ttnn/tests/autogen_op/mobilenetv1_100_ra4_e3600_r224_in1k/test_mobilenetv1_100_ra4_e3600_r224_in1k_aten__native_batch_norm_legit_no_training_default.py'.
Hint: make sure your test modules/packages have valid Python names.
Traceback:
../.pyenv/versions/3.11.10/lib/python3.11/importlib/__init__.py:126: in import_module
    return _bootstrap._gcd_import(name[level:], package, level)
           ^^^^^^^^^^^^^^^^^^^^^^^^^^^^^^^^^^^^^^^^^^^^^^^^^^^^
tests/autogen_op/mobilenetv1_100_ra4_e3600_r224_in1k/test_mobilenetv1_100_ra4_e3600_r224_in1k_aten__native_batch_norm_legit_no_training_default.py:8: in <module>
    import ttnn
E   ModuleNotFoundError: No module named 'ttnn'
_ ERROR collecting tests/autogen_op/mobilenetv1_100_ra4_e3600_r224_in1k/test_mobilenetv1_100_ra4_e3600_r224_in1k_aten_addmm_default.py _
ImportError while importing test module '/Users/Ajay17/pytorch2.0_ttnn/tests/autogen_op/mobilenetv1_100_ra4_e3600_r224_in1k/test_mobilenetv1_100_ra4_e3600_r224_in1k_aten_addmm_default.py'.
Hint: make sure your test modules/packages have valid Python names.
Traceback:
../.pyenv/versions/3.11.10/lib/python3.11/importlib/__init__.py:126: in import_module
    return _bootstrap._gcd_import(name[level:], package, level)
           ^^^^^^^^^^^^^^^^^^^^^^^^^^^^^^^^^^^^^^^^^^^^^^^^^^^^
tests/autogen_op/mobilenetv1_100_ra4_e3600_r224_in1k/test_mobilenetv1_100_ra4_e3600_r224_in1k_aten_addmm_default.py:8: in <module>
    import ttnn
E   ModuleNotFoundError: No module named 'ttnn'
_ ERROR collecting tests/autogen_op/mobilenetv1_100_ra4_e3600_r224_in1k/test_mobilenetv1_100_ra4_e3600_r224_in1k_aten_convolution_default.py _
ImportError while importing test module '/Users/Ajay17/pytorch2.0_ttnn/tests/autogen_op/mobilenetv1_100_ra4_e3600_r224_in1k/test_mobilenetv1_100_ra4_e3600_r224_in1k_aten_convolution_default.py'.
Hint: make sure your test modules/packages have valid Python names.
Traceback:
../.pyenv/versions/3.11.10/lib/python3.11/importlib/__init__.py:126: in import_module
    return _bootstrap._gcd_import(name[level:], package, level)
           ^^^^^^^^^^^^^^^^^^^^^^^^^^^^^^^^^^^^^^^^^^^^^^^^^^^^
tests/autogen_op/mobilenetv1_100_ra4_e3600_r224_in1k/test_mobilenetv1_100_ra4_e3600_r224_in1k_aten_convolution_default.py:8: in <module>
    import ttnn
E   ModuleNotFoundError: No module named 'ttnn'
_ ERROR collecting tests/autogen_op/mobilenetv1_100_ra4_e3600_r224_in1k/test_mobilenetv1_100_ra4_e3600_r224_in1k_aten_hardtanh_default.py _
ImportError while importing test module '/Users/Ajay17/pytorch2.0_ttnn/tests/autogen_op/mobilenetv1_100_ra4_e3600_r224_in1k/test_mobilenetv1_100_ra4_e3600_r224_in1k_aten_hardtanh_default.py'.
Hint: make sure your test modules/packages have valid Python names.
Traceback:
../.pyenv/versions/3.11.10/lib/python3.11/importlib/__init__.py:126: in import_module
    return _bootstrap._gcd_import(name[level:], package, level)
           ^^^^^^^^^^^^^^^^^^^^^^^^^^^^^^^^^^^^^^^^^^^^^^^^^^^^
tests/autogen_op/mobilenetv1_100_ra4_e3600_r224_in1k/test_mobilenetv1_100_ra4_e3600_r224_in1k_aten_hardtanh_default.py:8: in <module>
    import ttnn
E   ModuleNotFoundError: No module named 'ttnn'
_ ERROR collecting tests/autogen_op/mobilenetv1_100_ra4_e3600_r224_in1k/test_mobilenetv1_100_ra4_e3600_r224_in1k_aten_mean_dim.py _
ImportError while importing test module '/Users/Ajay17/pytorch2.0_ttnn/tests/autogen_op/mobilenetv1_100_ra4_e3600_r224_in1k/test_mobilenetv1_100_ra4_e3600_r224_in1k_aten_mean_dim.py'.
Hint: make sure your test modules/packages have valid Python names.
Traceback:
../.pyenv/versions/3.11.10/lib/python3.11/importlib/__init__.py:126: in import_module
    return _bootstrap._gcd_import(name[level:], package, level)
           ^^^^^^^^^^^^^^^^^^^^^^^^^^^^^^^^^^^^^^^^^^^^^^^^^^^^
tests/autogen_op/mobilenetv1_100_ra4_e3600_r224_in1k/test_mobilenetv1_100_ra4_e3600_r224_in1k_aten_mean_dim.py:8: in <module>
    import ttnn
E   ModuleNotFoundError: No module named 'ttnn'
_ ERROR collecting tests/autogen_op/mobilenetv1_100_ra4_e3600_r224_in1k/test_mobilenetv1_100_ra4_e3600_r224_in1k_aten_t_default.py _
ImportError while importing test module '/Users/Ajay17/pytorch2.0_ttnn/tests/autogen_op/mobilenetv1_100_ra4_e3600_r224_in1k/test_mobilenetv1_100_ra4_e3600_r224_in1k_aten_t_default.py'.
Hint: make sure your test modules/packages have valid Python names.
Traceback:
../.pyenv/versions/3.11.10/lib/python3.11/importlib/__init__.py:126: in import_module
    return _bootstrap._gcd_import(name[level:], package, level)
           ^^^^^^^^^^^^^^^^^^^^^^^^^^^^^^^^^^^^^^^^^^^^^^^^^^^^
tests/autogen_op/mobilenetv1_100_ra4_e3600_r224_in1k/test_mobilenetv1_100_ra4_e3600_r224_in1k_aten_t_default.py:8: in <module>
    import ttnn
E   ModuleNotFoundError: No module named 'ttnn'
_ ERROR collecting tests/autogen_op/mobilenetv1_100_ra4_e3600_r224_in1k/test_mobilenetv1_100_ra4_e3600_r224_in1k_aten_view_default.py _
ImportError while importing test module '/Users/Ajay17/pytorch2.0_ttnn/tests/autogen_op/mobilenetv1_100_ra4_e3600_r224_in1k/test_mobilenetv1_100_ra4_e3600_r224_in1k_aten_view_default.py'.
Hint: make sure your test modules/packages have valid Python names.
Traceback:
../.pyenv/versions/3.11.10/lib/python3.11/importlib/__init__.py:126: in import_module
    return _bootstrap._gcd_import(name[level:], package, level)
           ^^^^^^^^^^^^^^^^^^^^^^^^^^^^^^^^^^^^^^^^^^^^^^^^^^^^
tests/autogen_op/mobilenetv1_100_ra4_e3600_r224_in1k/test_mobilenetv1_100_ra4_e3600_r224_in1k_aten_view_default.py:8: in <module>
    import ttnn
E   ModuleNotFoundError: No module named 'ttnn'
_ ERROR collecting tests/autogen_op/mobilenetv1_100_ra4_e3600_r224_in1k-train/test_mobilenetv1_100_ra4_e3600_r224_in1k-train_aten__native_batch_norm_legit_functional_default.py _
ImportError while importing test module '/Users/Ajay17/pytorch2.0_ttnn/tests/autogen_op/mobilenetv1_100_ra4_e3600_r224_in1k-train/test_mobilenetv1_100_ra4_e3600_r224_in1k-train_aten__native_batch_norm_legit_functional_default.py'.
Hint: make sure your test modules/packages have valid Python names.
Traceback:
../.pyenv/versions/3.11.10/lib/python3.11/importlib/__init__.py:126: in import_module
    return _bootstrap._gcd_import(name[level:], package, level)
           ^^^^^^^^^^^^^^^^^^^^^^^^^^^^^^^^^^^^^^^^^^^^^^^^^^^^
tests/autogen_op/mobilenetv1_100_ra4_e3600_r224_in1k-train/test_mobilenetv1_100_ra4_e3600_r224_in1k-train_aten__native_batch_norm_legit_functional_default.py:8: in <module>
    import ttnn
E   ModuleNotFoundError: No module named 'ttnn'
_ ERROR collecting tests/autogen_op/mobilenetv1_100_ra4_e3600_r224_in1k-train/test_mobilenetv1_100_ra4_e3600_r224_in1k-train_aten__to_copy_default.py _
ImportError while importing test module '/Users/Ajay17/pytorch2.0_ttnn/tests/autogen_op/mobilenetv1_100_ra4_e3600_r224_in1k-train/test_mobilenetv1_100_ra4_e3600_r224_in1k-train_aten__to_copy_default.py'.
Hint: make sure your test modules/packages have valid Python names.
Traceback:
../.pyenv/versions/3.11.10/lib/python3.11/importlib/__init__.py:126: in import_module
    return _bootstrap._gcd_import(name[level:], package, level)
           ^^^^^^^^^^^^^^^^^^^^^^^^^^^^^^^^^^^^^^^^^^^^^^^^^^^^
tests/autogen_op/mobilenetv1_100_ra4_e3600_r224_in1k-train/test_mobilenetv1_100_ra4_e3600_r224_in1k-train_aten__to_copy_default.py:8: in <module>
    import ttnn
E   ModuleNotFoundError: No module named 'ttnn'
_ ERROR collecting tests/autogen_op/mobilenetv1_100_ra4_e3600_r224_in1k-train/test_mobilenetv1_100_ra4_e3600_r224_in1k-train_aten_addmm_default.py _
ImportError while importing test module '/Users/Ajay17/pytorch2.0_ttnn/tests/autogen_op/mobilenetv1_100_ra4_e3600_r224_in1k-train/test_mobilenetv1_100_ra4_e3600_r224_in1k-train_aten_addmm_default.py'.
Hint: make sure your test modules/packages have valid Python names.
Traceback:
../.pyenv/versions/3.11.10/lib/python3.11/importlib/__init__.py:126: in import_module
    return _bootstrap._gcd_import(name[level:], package, level)
           ^^^^^^^^^^^^^^^^^^^^^^^^^^^^^^^^^^^^^^^^^^^^^^^^^^^^
tests/autogen_op/mobilenetv1_100_ra4_e3600_r224_in1k-train/test_mobilenetv1_100_ra4_e3600_r224_in1k-train_aten_addmm_default.py:8: in <module>
    import ttnn
E   ModuleNotFoundError: No module named 'ttnn'
_ ERROR collecting tests/autogen_op/mobilenetv1_100_ra4_e3600_r224_in1k-train/test_mobilenetv1_100_ra4_e3600_r224_in1k-train_aten_convolution_backward_default.py _
ImportError while importing test module '/Users/Ajay17/pytorch2.0_ttnn/tests/autogen_op/mobilenetv1_100_ra4_e3600_r224_in1k-train/test_mobilenetv1_100_ra4_e3600_r224_in1k-train_aten_convolution_backward_default.py'.
Hint: make sure your test modules/packages have valid Python names.
Traceback:
../.pyenv/versions/3.11.10/lib/python3.11/importlib/__init__.py:126: in import_module
    return _bootstrap._gcd_import(name[level:], package, level)
           ^^^^^^^^^^^^^^^^^^^^^^^^^^^^^^^^^^^^^^^^^^^^^^^^^^^^
tests/autogen_op/mobilenetv1_100_ra4_e3600_r224_in1k-train/test_mobilenetv1_100_ra4_e3600_r224_in1k-train_aten_convolution_backward_default.py:8: in <module>
    import ttnn
E   ModuleNotFoundError: No module named 'ttnn'
_ ERROR collecting tests/autogen_op/mobilenetv1_100_ra4_e3600_r224_in1k-train/test_mobilenetv1_100_ra4_e3600_r224_in1k-train_aten_convolution_default.py _
ImportError while importing test module '/Users/Ajay17/pytorch2.0_ttnn/tests/autogen_op/mobilenetv1_100_ra4_e3600_r224_in1k-train/test_mobilenetv1_100_ra4_e3600_r224_in1k-train_aten_convolution_default.py'.
Hint: make sure your test modules/packages have valid Python names.
Traceback:
../.pyenv/versions/3.11.10/lib/python3.11/importlib/__init__.py:126: in import_module
    return _bootstrap._gcd_import(name[level:], package, level)
           ^^^^^^^^^^^^^^^^^^^^^^^^^^^^^^^^^^^^^^^^^^^^^^^^^^^^
tests/autogen_op/mobilenetv1_100_ra4_e3600_r224_in1k-train/test_mobilenetv1_100_ra4_e3600_r224_in1k-train_aten_convolution_default.py:8: in <module>
    import ttnn
E   ModuleNotFoundError: No module named 'ttnn'
_ ERROR collecting tests/autogen_op/mobilenetv1_100_ra4_e3600_r224_in1k-train/test_mobilenetv1_100_ra4_e3600_r224_in1k-train_aten_div_Scalar.py _
ImportError while importing test module '/Users/Ajay17/pytorch2.0_ttnn/tests/autogen_op/mobilenetv1_100_ra4_e3600_r224_in1k-train/test_mobilenetv1_100_ra4_e3600_r224_in1k-train_aten_div_Scalar.py'.
Hint: make sure your test modules/packages have valid Python names.
Traceback:
../.pyenv/versions/3.11.10/lib/python3.11/importlib/__init__.py:126: in import_module
    return _bootstrap._gcd_import(name[level:], package, level)
           ^^^^^^^^^^^^^^^^^^^^^^^^^^^^^^^^^^^^^^^^^^^^^^^^^^^^
tests/autogen_op/mobilenetv1_100_ra4_e3600_r224_in1k-train/test_mobilenetv1_100_ra4_e3600_r224_in1k-train_aten_div_Scalar.py:8: in <module>
    import ttnn
E   ModuleNotFoundError: No module named 'ttnn'
_ ERROR collecting tests/autogen_op/mobilenetv1_100_ra4_e3600_r224_in1k-train/test_mobilenetv1_100_ra4_e3600_r224_in1k-train_aten_expand_default.py _
ImportError while importing test module '/Users/Ajay17/pytorch2.0_ttnn/tests/autogen_op/mobilenetv1_100_ra4_e3600_r224_in1k-train/test_mobilenetv1_100_ra4_e3600_r224_in1k-train_aten_expand_default.py'.
Hint: make sure your test modules/packages have valid Python names.
Traceback:
../.pyenv/versions/3.11.10/lib/python3.11/importlib/__init__.py:126: in import_module
    return _bootstrap._gcd_import(name[level:], package, level)
           ^^^^^^^^^^^^^^^^^^^^^^^^^^^^^^^^^^^^^^^^^^^^^^^^^^^^
tests/autogen_op/mobilenetv1_100_ra4_e3600_r224_in1k-train/test_mobilenetv1_100_ra4_e3600_r224_in1k-train_aten_expand_default.py:8: in <module>
    import ttnn
E   ModuleNotFoundError: No module named 'ttnn'
_ ERROR collecting tests/autogen_op/mobilenetv1_100_ra4_e3600_r224_in1k-train/test_mobilenetv1_100_ra4_e3600_r224_in1k-train_aten_hardtanh_backward_default.py _
ImportError while importing test module '/Users/Ajay17/pytorch2.0_ttnn/tests/autogen_op/mobilenetv1_100_ra4_e3600_r224_in1k-train/test_mobilenetv1_100_ra4_e3600_r224_in1k-train_aten_hardtanh_backward_default.py'.
Hint: make sure your test modules/packages have valid Python names.
Traceback:
../.pyenv/versions/3.11.10/lib/python3.11/importlib/__init__.py:126: in import_module
    return _bootstrap._gcd_import(name[level:], package, level)
           ^^^^^^^^^^^^^^^^^^^^^^^^^^^^^^^^^^^^^^^^^^^^^^^^^^^^
tests/autogen_op/mobilenetv1_100_ra4_e3600_r224_in1k-train/test_mobilenetv1_100_ra4_e3600_r224_in1k-train_aten_hardtanh_backward_default.py:8: in <module>
    import ttnn
E   ModuleNotFoundError: No module named 'ttnn'
_ ERROR collecting tests/autogen_op/mobilenetv1_100_ra4_e3600_r224_in1k-train/test_mobilenetv1_100_ra4_e3600_r224_in1k-train_aten_hardtanh_default.py _
ImportError while importing test module '/Users/Ajay17/pytorch2.0_ttnn/tests/autogen_op/mobilenetv1_100_ra4_e3600_r224_in1k-train/test_mobilenetv1_100_ra4_e3600_r224_in1k-train_aten_hardtanh_default.py'.
Hint: make sure your test modules/packages have valid Python names.
Traceback:
../.pyenv/versions/3.11.10/lib/python3.11/importlib/__init__.py:126: in import_module
    return _bootstrap._gcd_import(name[level:], package, level)
           ^^^^^^^^^^^^^^^^^^^^^^^^^^^^^^^^^^^^^^^^^^^^^^^^^^^^
tests/autogen_op/mobilenetv1_100_ra4_e3600_r224_in1k-train/test_mobilenetv1_100_ra4_e3600_r224_in1k-train_aten_hardtanh_default.py:8: in <module>
    import ttnn
E   ModuleNotFoundError: No module named 'ttnn'
_ ERROR collecting tests/autogen_op/mobilenetv1_100_ra4_e3600_r224_in1k-train/test_mobilenetv1_100_ra4_e3600_r224_in1k-train_aten_mean_dim.py _
ImportError while importing test module '/Users/Ajay17/pytorch2.0_ttnn/tests/autogen_op/mobilenetv1_100_ra4_e3600_r224_in1k-train/test_mobilenetv1_100_ra4_e3600_r224_in1k-train_aten_mean_dim.py'.
Hint: make sure your test modules/packages have valid Python names.
Traceback:
../.pyenv/versions/3.11.10/lib/python3.11/importlib/__init__.py:126: in import_module
    return _bootstrap._gcd_import(name[level:], package, level)
           ^^^^^^^^^^^^^^^^^^^^^^^^^^^^^^^^^^^^^^^^^^^^^^^^^^^^
tests/autogen_op/mobilenetv1_100_ra4_e3600_r224_in1k-train/test_mobilenetv1_100_ra4_e3600_r224_in1k-train_aten_mean_dim.py:8: in <module>
    import ttnn
E   ModuleNotFoundError: No module named 'ttnn'
_ ERROR collecting tests/autogen_op/mobilenetv1_100_ra4_e3600_r224_in1k-train/test_mobilenetv1_100_ra4_e3600_r224_in1k-train_aten_mm_default.py _
ImportError while importing test module '/Users/Ajay17/pytorch2.0_ttnn/tests/autogen_op/mobilenetv1_100_ra4_e3600_r224_in1k-train/test_mobilenetv1_100_ra4_e3600_r224_in1k-train_aten_mm_default.py'.
Hint: make sure your test modules/packages have valid Python names.
Traceback:
../.pyenv/versions/3.11.10/lib/python3.11/importlib/__init__.py:126: in import_module
    return _bootstrap._gcd_import(name[level:], package, level)
           ^^^^^^^^^^^^^^^^^^^^^^^^^^^^^^^^^^^^^^^^^^^^^^^^^^^^
tests/autogen_op/mobilenetv1_100_ra4_e3600_r224_in1k-train/test_mobilenetv1_100_ra4_e3600_r224_in1k-train_aten_mm_default.py:8: in <module>
    import ttnn
E   ModuleNotFoundError: No module named 'ttnn'
_ ERROR collecting tests/autogen_op/mobilenetv1_100_ra4_e3600_r224_in1k-train/test_mobilenetv1_100_ra4_e3600_r224_in1k-train_aten_native_batch_norm_backward_default.py _
ImportError while importing test module '/Users/Ajay17/pytorch2.0_ttnn/tests/autogen_op/mobilenetv1_100_ra4_e3600_r224_in1k-train/test_mobilenetv1_100_ra4_e3600_r224_in1k-train_aten_native_batch_norm_backward_default.py'.
Hint: make sure your test modules/packages have valid Python names.
Traceback:
../.pyenv/versions/3.11.10/lib/python3.11/importlib/__init__.py:126: in import_module
    return _bootstrap._gcd_import(name[level:], package, level)
           ^^^^^^^^^^^^^^^^^^^^^^^^^^^^^^^^^^^^^^^^^^^^^^^^^^^^
tests/autogen_op/mobilenetv1_100_ra4_e3600_r224_in1k-train/test_mobilenetv1_100_ra4_e3600_r224_in1k-train_aten_native_batch_norm_backward_default.py:8: in <module>
    import ttnn
E   ModuleNotFoundError: No module named 'ttnn'
_ ERROR collecting tests/autogen_op/mobilenetv1_100_ra4_e3600_r224_in1k-train/test_mobilenetv1_100_ra4_e3600_r224_in1k-train_aten_sum_dim_IntList.py _
ImportError while importing test module '/Users/Ajay17/pytorch2.0_ttnn/tests/autogen_op/mobilenetv1_100_ra4_e3600_r224_in1k-train/test_mobilenetv1_100_ra4_e3600_r224_in1k-train_aten_sum_dim_IntList.py'.
Hint: make sure your test modules/packages have valid Python names.
Traceback:
../.pyenv/versions/3.11.10/lib/python3.11/importlib/__init__.py:126: in import_module
    return _bootstrap._gcd_import(name[level:], package, level)
           ^^^^^^^^^^^^^^^^^^^^^^^^^^^^^^^^^^^^^^^^^^^^^^^^^^^^
tests/autogen_op/mobilenetv1_100_ra4_e3600_r224_in1k-train/test_mobilenetv1_100_ra4_e3600_r224_in1k-train_aten_sum_dim_IntList.py:8: in <module>
    import ttnn
E   ModuleNotFoundError: No module named 'ttnn'
_ ERROR collecting tests/autogen_op/mobilenetv1_100_ra4_e3600_r224_in1k-train/test_mobilenetv1_100_ra4_e3600_r224_in1k-train_aten_t_default.py _
ImportError while importing test module '/Users/Ajay17/pytorch2.0_ttnn/tests/autogen_op/mobilenetv1_100_ra4_e3600_r224_in1k-train/test_mobilenetv1_100_ra4_e3600_r224_in1k-train_aten_t_default.py'.
Hint: make sure your test modules/packages have valid Python names.
Traceback:
../.pyenv/versions/3.11.10/lib/python3.11/importlib/__init__.py:126: in import_module
    return _bootstrap._gcd_import(name[level:], package, level)
           ^^^^^^^^^^^^^^^^^^^^^^^^^^^^^^^^^^^^^^^^^^^^^^^^^^^^
tests/autogen_op/mobilenetv1_100_ra4_e3600_r224_in1k-train/test_mobilenetv1_100_ra4_e3600_r224_in1k-train_aten_t_default.py:8: in <module>
    import ttnn
E   ModuleNotFoundError: No module named 'ttnn'
_ ERROR collecting tests/autogen_op/mobilenetv1_100_ra4_e3600_r224_in1k-train/test_mobilenetv1_100_ra4_e3600_r224_in1k-train_aten_view_default.py _
ImportError while importing test module '/Users/Ajay17/pytorch2.0_ttnn/tests/autogen_op/mobilenetv1_100_ra4_e3600_r224_in1k-train/test_mobilenetv1_100_ra4_e3600_r224_in1k-train_aten_view_default.py'.
Hint: make sure your test modules/packages have valid Python names.
Traceback:
../.pyenv/versions/3.11.10/lib/python3.11/importlib/__init__.py:126: in import_module
    return _bootstrap._gcd_import(name[level:], package, level)
           ^^^^^^^^^^^^^^^^^^^^^^^^^^^^^^^^^^^^^^^^^^^^^^^^^^^^
tests/autogen_op/mobilenetv1_100_ra4_e3600_r224_in1k-train/test_mobilenetv1_100_ra4_e3600_r224_in1k-train_aten_view_default.py:8: in <module>
    import ttnn
E   ModuleNotFoundError: No module named 'ttnn'
_ ERROR collecting tests/autogen_op/regnet_x_16gf/test_regnet_x_16gf_aten__native_batch_norm_legit_no_training_default.py _
ImportError while importing test module '/Users/Ajay17/pytorch2.0_ttnn/tests/autogen_op/regnet_x_16gf/test_regnet_x_16gf_aten__native_batch_norm_legit_no_training_default.py'.
Hint: make sure your test modules/packages have valid Python names.
Traceback:
../.pyenv/versions/3.11.10/lib/python3.11/importlib/__init__.py:126: in import_module
    return _bootstrap._gcd_import(name[level:], package, level)
           ^^^^^^^^^^^^^^^^^^^^^^^^^^^^^^^^^^^^^^^^^^^^^^^^^^^^
tests/autogen_op/regnet_x_16gf/test_regnet_x_16gf_aten__native_batch_norm_legit_no_training_default.py:8: in <module>
    import ttnn
E   ModuleNotFoundError: No module named 'ttnn'
_ ERROR collecting tests/autogen_op/regnet_x_16gf/test_regnet_x_16gf_aten_add_Tensor.py _
ImportError while importing test module '/Users/Ajay17/pytorch2.0_ttnn/tests/autogen_op/regnet_x_16gf/test_regnet_x_16gf_aten_add_Tensor.py'.
Hint: make sure your test modules/packages have valid Python names.
Traceback:
../.pyenv/versions/3.11.10/lib/python3.11/importlib/__init__.py:126: in import_module
    return _bootstrap._gcd_import(name[level:], package, level)
           ^^^^^^^^^^^^^^^^^^^^^^^^^^^^^^^^^^^^^^^^^^^^^^^^^^^^
tests/autogen_op/regnet_x_16gf/test_regnet_x_16gf_aten_add_Tensor.py:8: in <module>
    import ttnn
E   ModuleNotFoundError: No module named 'ttnn'
_ ERROR collecting tests/autogen_op/regnet_x_16gf/test_regnet_x_16gf_aten_addmm_default.py _
ImportError while importing test module '/Users/Ajay17/pytorch2.0_ttnn/tests/autogen_op/regnet_x_16gf/test_regnet_x_16gf_aten_addmm_default.py'.
Hint: make sure your test modules/packages have valid Python names.
Traceback:
../.pyenv/versions/3.11.10/lib/python3.11/importlib/__init__.py:126: in import_module
    return _bootstrap._gcd_import(name[level:], package, level)
           ^^^^^^^^^^^^^^^^^^^^^^^^^^^^^^^^^^^^^^^^^^^^^^^^^^^^
tests/autogen_op/regnet_x_16gf/test_regnet_x_16gf_aten_addmm_default.py:8: in <module>
    import ttnn
E   ModuleNotFoundError: No module named 'ttnn'
_ ERROR collecting tests/autogen_op/regnet_x_16gf/test_regnet_x_16gf_aten_convolution_default.py _
ImportError while importing test module '/Users/Ajay17/pytorch2.0_ttnn/tests/autogen_op/regnet_x_16gf/test_regnet_x_16gf_aten_convolution_default.py'.
Hint: make sure your test modules/packages have valid Python names.
Traceback:
../.pyenv/versions/3.11.10/lib/python3.11/importlib/__init__.py:126: in import_module
    return _bootstrap._gcd_import(name[level:], package, level)
           ^^^^^^^^^^^^^^^^^^^^^^^^^^^^^^^^^^^^^^^^^^^^^^^^^^^^
tests/autogen_op/regnet_x_16gf/test_regnet_x_16gf_aten_convolution_default.py:8: in <module>
    import ttnn
E   ModuleNotFoundError: No module named 'ttnn'
_ ERROR collecting tests/autogen_op/regnet_x_16gf/test_regnet_x_16gf_aten_mean_dim.py _
ImportError while importing test module '/Users/Ajay17/pytorch2.0_ttnn/tests/autogen_op/regnet_x_16gf/test_regnet_x_16gf_aten_mean_dim.py'.
Hint: make sure your test modules/packages have valid Python names.
Traceback:
../.pyenv/versions/3.11.10/lib/python3.11/importlib/__init__.py:126: in import_module
    return _bootstrap._gcd_import(name[level:], package, level)
           ^^^^^^^^^^^^^^^^^^^^^^^^^^^^^^^^^^^^^^^^^^^^^^^^^^^^
tests/autogen_op/regnet_x_16gf/test_regnet_x_16gf_aten_mean_dim.py:8: in <module>
    import ttnn
E   ModuleNotFoundError: No module named 'ttnn'
_ ERROR collecting tests/autogen_op/regnet_x_16gf/test_regnet_x_16gf_aten_relu_default.py _
ImportError while importing test module '/Users/Ajay17/pytorch2.0_ttnn/tests/autogen_op/regnet_x_16gf/test_regnet_x_16gf_aten_relu_default.py'.
Hint: make sure your test modules/packages have valid Python names.
Traceback:
../.pyenv/versions/3.11.10/lib/python3.11/importlib/__init__.py:126: in import_module
    return _bootstrap._gcd_import(name[level:], package, level)
           ^^^^^^^^^^^^^^^^^^^^^^^^^^^^^^^^^^^^^^^^^^^^^^^^^^^^
tests/autogen_op/regnet_x_16gf/test_regnet_x_16gf_aten_relu_default.py:8: in <module>
    import ttnn
E   ModuleNotFoundError: No module named 'ttnn'
_ ERROR collecting tests/autogen_op/regnet_x_16gf/test_regnet_x_16gf_aten_t_default.py _
ImportError while importing test module '/Users/Ajay17/pytorch2.0_ttnn/tests/autogen_op/regnet_x_16gf/test_regnet_x_16gf_aten_t_default.py'.
Hint: make sure your test modules/packages have valid Python names.
Traceback:
../.pyenv/versions/3.11.10/lib/python3.11/importlib/__init__.py:126: in import_module
    return _bootstrap._gcd_import(name[level:], package, level)
           ^^^^^^^^^^^^^^^^^^^^^^^^^^^^^^^^^^^^^^^^^^^^^^^^^^^^
tests/autogen_op/regnet_x_16gf/test_regnet_x_16gf_aten_t_default.py:8: in <module>
    import ttnn
E   ModuleNotFoundError: No module named 'ttnn'
_ ERROR collecting tests/autogen_op/regnet_x_16gf/test_regnet_x_16gf_aten_view_default.py _
ImportError while importing test module '/Users/Ajay17/pytorch2.0_ttnn/tests/autogen_op/regnet_x_16gf/test_regnet_x_16gf_aten_view_default.py'.
Hint: make sure your test modules/packages have valid Python names.
Traceback:
../.pyenv/versions/3.11.10/lib/python3.11/importlib/__init__.py:126: in import_module
    return _bootstrap._gcd_import(name[level:], package, level)
           ^^^^^^^^^^^^^^^^^^^^^^^^^^^^^^^^^^^^^^^^^^^^^^^^^^^^
tests/autogen_op/regnet_x_16gf/test_regnet_x_16gf_aten_view_default.py:8: in <module>
    import ttnn
E   ModuleNotFoundError: No module named 'ttnn'
_ ERROR collecting tests/autogen_op/regnet_x_1_6gf/test_regnet_x_1_6gf_aten__native_batch_norm_legit_no_training_default.py _
ImportError while importing test module '/Users/Ajay17/pytorch2.0_ttnn/tests/autogen_op/regnet_x_1_6gf/test_regnet_x_1_6gf_aten__native_batch_norm_legit_no_training_default.py'.
Hint: make sure your test modules/packages have valid Python names.
Traceback:
../.pyenv/versions/3.11.10/lib/python3.11/importlib/__init__.py:126: in import_module
    return _bootstrap._gcd_import(name[level:], package, level)
           ^^^^^^^^^^^^^^^^^^^^^^^^^^^^^^^^^^^^^^^^^^^^^^^^^^^^
tests/autogen_op/regnet_x_1_6gf/test_regnet_x_1_6gf_aten__native_batch_norm_legit_no_training_default.py:8: in <module>
    import ttnn
E   ModuleNotFoundError: No module named 'ttnn'
_ ERROR collecting tests/autogen_op/regnet_x_1_6gf/test_regnet_x_1_6gf_aten_add_Tensor.py _
ImportError while importing test module '/Users/Ajay17/pytorch2.0_ttnn/tests/autogen_op/regnet_x_1_6gf/test_regnet_x_1_6gf_aten_add_Tensor.py'.
Hint: make sure your test modules/packages have valid Python names.
Traceback:
../.pyenv/versions/3.11.10/lib/python3.11/importlib/__init__.py:126: in import_module
    return _bootstrap._gcd_import(name[level:], package, level)
           ^^^^^^^^^^^^^^^^^^^^^^^^^^^^^^^^^^^^^^^^^^^^^^^^^^^^
tests/autogen_op/regnet_x_1_6gf/test_regnet_x_1_6gf_aten_add_Tensor.py:8: in <module>
    import ttnn
E   ModuleNotFoundError: No module named 'ttnn'
_ ERROR collecting tests/autogen_op/regnet_x_1_6gf/test_regnet_x_1_6gf_aten_addmm_default.py _
ImportError while importing test module '/Users/Ajay17/pytorch2.0_ttnn/tests/autogen_op/regnet_x_1_6gf/test_regnet_x_1_6gf_aten_addmm_default.py'.
Hint: make sure your test modules/packages have valid Python names.
Traceback:
../.pyenv/versions/3.11.10/lib/python3.11/importlib/__init__.py:126: in import_module
    return _bootstrap._gcd_import(name[level:], package, level)
           ^^^^^^^^^^^^^^^^^^^^^^^^^^^^^^^^^^^^^^^^^^^^^^^^^^^^
tests/autogen_op/regnet_x_1_6gf/test_regnet_x_1_6gf_aten_addmm_default.py:8: in <module>
    import ttnn
E   ModuleNotFoundError: No module named 'ttnn'
_ ERROR collecting tests/autogen_op/regnet_x_1_6gf/test_regnet_x_1_6gf_aten_convolution_default.py _
ImportError while importing test module '/Users/Ajay17/pytorch2.0_ttnn/tests/autogen_op/regnet_x_1_6gf/test_regnet_x_1_6gf_aten_convolution_default.py'.
Hint: make sure your test modules/packages have valid Python names.
Traceback:
../.pyenv/versions/3.11.10/lib/python3.11/importlib/__init__.py:126: in import_module
    return _bootstrap._gcd_import(name[level:], package, level)
           ^^^^^^^^^^^^^^^^^^^^^^^^^^^^^^^^^^^^^^^^^^^^^^^^^^^^
tests/autogen_op/regnet_x_1_6gf/test_regnet_x_1_6gf_aten_convolution_default.py:8: in <module>
    import ttnn
E   ModuleNotFoundError: No module named 'ttnn'
_ ERROR collecting tests/autogen_op/regnet_x_1_6gf/test_regnet_x_1_6gf_aten_mean_dim.py _
ImportError while importing test module '/Users/Ajay17/pytorch2.0_ttnn/tests/autogen_op/regnet_x_1_6gf/test_regnet_x_1_6gf_aten_mean_dim.py'.
Hint: make sure your test modules/packages have valid Python names.
Traceback:
../.pyenv/versions/3.11.10/lib/python3.11/importlib/__init__.py:126: in import_module
    return _bootstrap._gcd_import(name[level:], package, level)
           ^^^^^^^^^^^^^^^^^^^^^^^^^^^^^^^^^^^^^^^^^^^^^^^^^^^^
tests/autogen_op/regnet_x_1_6gf/test_regnet_x_1_6gf_aten_mean_dim.py:8: in <module>
    import ttnn
E   ModuleNotFoundError: No module named 'ttnn'
_ ERROR collecting tests/autogen_op/regnet_x_1_6gf/test_regnet_x_1_6gf_aten_relu_default.py _
ImportError while importing test module '/Users/Ajay17/pytorch2.0_ttnn/tests/autogen_op/regnet_x_1_6gf/test_regnet_x_1_6gf_aten_relu_default.py'.
Hint: make sure your test modules/packages have valid Python names.
Traceback:
../.pyenv/versions/3.11.10/lib/python3.11/importlib/__init__.py:126: in import_module
    return _bootstrap._gcd_import(name[level:], package, level)
           ^^^^^^^^^^^^^^^^^^^^^^^^^^^^^^^^^^^^^^^^^^^^^^^^^^^^
tests/autogen_op/regnet_x_1_6gf/test_regnet_x_1_6gf_aten_relu_default.py:8: in <module>
    import ttnn
E   ModuleNotFoundError: No module named 'ttnn'
_ ERROR collecting tests/autogen_op/regnet_x_1_6gf/test_regnet_x_1_6gf_aten_t_default.py _
ImportError while importing test module '/Users/Ajay17/pytorch2.0_ttnn/tests/autogen_op/regnet_x_1_6gf/test_regnet_x_1_6gf_aten_t_default.py'.
Hint: make sure your test modules/packages have valid Python names.
Traceback:
../.pyenv/versions/3.11.10/lib/python3.11/importlib/__init__.py:126: in import_module
    return _bootstrap._gcd_import(name[level:], package, level)
           ^^^^^^^^^^^^^^^^^^^^^^^^^^^^^^^^^^^^^^^^^^^^^^^^^^^^
tests/autogen_op/regnet_x_1_6gf/test_regnet_x_1_6gf_aten_t_default.py:8: in <module>
    import ttnn
E   ModuleNotFoundError: No module named 'ttnn'
_ ERROR collecting tests/autogen_op/regnet_x_1_6gf/test_regnet_x_1_6gf_aten_view_default.py _
ImportError while importing test module '/Users/Ajay17/pytorch2.0_ttnn/tests/autogen_op/regnet_x_1_6gf/test_regnet_x_1_6gf_aten_view_default.py'.
Hint: make sure your test modules/packages have valid Python names.
Traceback:
../.pyenv/versions/3.11.10/lib/python3.11/importlib/__init__.py:126: in import_module
    return _bootstrap._gcd_import(name[level:], package, level)
           ^^^^^^^^^^^^^^^^^^^^^^^^^^^^^^^^^^^^^^^^^^^^^^^^^^^^
tests/autogen_op/regnet_x_1_6gf/test_regnet_x_1_6gf_aten_view_default.py:8: in <module>
    import ttnn
E   ModuleNotFoundError: No module named 'ttnn'
_ ERROR collecting tests/autogen_op/regnet_x_32gf/test_regnet_x_32gf_aten__native_batch_norm_legit_no_training_default.py _
ImportError while importing test module '/Users/Ajay17/pytorch2.0_ttnn/tests/autogen_op/regnet_x_32gf/test_regnet_x_32gf_aten__native_batch_norm_legit_no_training_default.py'.
Hint: make sure your test modules/packages have valid Python names.
Traceback:
../.pyenv/versions/3.11.10/lib/python3.11/importlib/__init__.py:126: in import_module
    return _bootstrap._gcd_import(name[level:], package, level)
           ^^^^^^^^^^^^^^^^^^^^^^^^^^^^^^^^^^^^^^^^^^^^^^^^^^^^
tests/autogen_op/regnet_x_32gf/test_regnet_x_32gf_aten__native_batch_norm_legit_no_training_default.py:8: in <module>
    import ttnn
E   ModuleNotFoundError: No module named 'ttnn'
_ ERROR collecting tests/autogen_op/regnet_x_32gf/test_regnet_x_32gf_aten_add_Tensor.py _
ImportError while importing test module '/Users/Ajay17/pytorch2.0_ttnn/tests/autogen_op/regnet_x_32gf/test_regnet_x_32gf_aten_add_Tensor.py'.
Hint: make sure your test modules/packages have valid Python names.
Traceback:
../.pyenv/versions/3.11.10/lib/python3.11/importlib/__init__.py:126: in import_module
    return _bootstrap._gcd_import(name[level:], package, level)
           ^^^^^^^^^^^^^^^^^^^^^^^^^^^^^^^^^^^^^^^^^^^^^^^^^^^^
tests/autogen_op/regnet_x_32gf/test_regnet_x_32gf_aten_add_Tensor.py:8: in <module>
    import ttnn
E   ModuleNotFoundError: No module named 'ttnn'
_ ERROR collecting tests/autogen_op/regnet_x_32gf/test_regnet_x_32gf_aten_addmm_default.py _
ImportError while importing test module '/Users/Ajay17/pytorch2.0_ttnn/tests/autogen_op/regnet_x_32gf/test_regnet_x_32gf_aten_addmm_default.py'.
Hint: make sure your test modules/packages have valid Python names.
Traceback:
../.pyenv/versions/3.11.10/lib/python3.11/importlib/__init__.py:126: in import_module
    return _bootstrap._gcd_import(name[level:], package, level)
           ^^^^^^^^^^^^^^^^^^^^^^^^^^^^^^^^^^^^^^^^^^^^^^^^^^^^
tests/autogen_op/regnet_x_32gf/test_regnet_x_32gf_aten_addmm_default.py:8: in <module>
    import ttnn
E   ModuleNotFoundError: No module named 'ttnn'
_ ERROR collecting tests/autogen_op/regnet_x_32gf/test_regnet_x_32gf_aten_convolution_default.py _
ImportError while importing test module '/Users/Ajay17/pytorch2.0_ttnn/tests/autogen_op/regnet_x_32gf/test_regnet_x_32gf_aten_convolution_default.py'.
Hint: make sure your test modules/packages have valid Python names.
Traceback:
../.pyenv/versions/3.11.10/lib/python3.11/importlib/__init__.py:126: in import_module
    return _bootstrap._gcd_import(name[level:], package, level)
           ^^^^^^^^^^^^^^^^^^^^^^^^^^^^^^^^^^^^^^^^^^^^^^^^^^^^
tests/autogen_op/regnet_x_32gf/test_regnet_x_32gf_aten_convolution_default.py:8: in <module>
    import ttnn
E   ModuleNotFoundError: No module named 'ttnn'
_ ERROR collecting tests/autogen_op/regnet_x_32gf/test_regnet_x_32gf_aten_mean_dim.py _
ImportError while importing test module '/Users/Ajay17/pytorch2.0_ttnn/tests/autogen_op/regnet_x_32gf/test_regnet_x_32gf_aten_mean_dim.py'.
Hint: make sure your test modules/packages have valid Python names.
Traceback:
../.pyenv/versions/3.11.10/lib/python3.11/importlib/__init__.py:126: in import_module
    return _bootstrap._gcd_import(name[level:], package, level)
           ^^^^^^^^^^^^^^^^^^^^^^^^^^^^^^^^^^^^^^^^^^^^^^^^^^^^
tests/autogen_op/regnet_x_32gf/test_regnet_x_32gf_aten_mean_dim.py:8: in <module>
    import ttnn
E   ModuleNotFoundError: No module named 'ttnn'
_ ERROR collecting tests/autogen_op/regnet_x_32gf/test_regnet_x_32gf_aten_relu_default.py _
ImportError while importing test module '/Users/Ajay17/pytorch2.0_ttnn/tests/autogen_op/regnet_x_32gf/test_regnet_x_32gf_aten_relu_default.py'.
Hint: make sure your test modules/packages have valid Python names.
Traceback:
../.pyenv/versions/3.11.10/lib/python3.11/importlib/__init__.py:126: in import_module
    return _bootstrap._gcd_import(name[level:], package, level)
           ^^^^^^^^^^^^^^^^^^^^^^^^^^^^^^^^^^^^^^^^^^^^^^^^^^^^
tests/autogen_op/regnet_x_32gf/test_regnet_x_32gf_aten_relu_default.py:8: in <module>
    import ttnn
E   ModuleNotFoundError: No module named 'ttnn'
_ ERROR collecting tests/autogen_op/regnet_x_32gf/test_regnet_x_32gf_aten_t_default.py _
ImportError while importing test module '/Users/Ajay17/pytorch2.0_ttnn/tests/autogen_op/regnet_x_32gf/test_regnet_x_32gf_aten_t_default.py'.
Hint: make sure your test modules/packages have valid Python names.
Traceback:
../.pyenv/versions/3.11.10/lib/python3.11/importlib/__init__.py:126: in import_module
    return _bootstrap._gcd_import(name[level:], package, level)
           ^^^^^^^^^^^^^^^^^^^^^^^^^^^^^^^^^^^^^^^^^^^^^^^^^^^^
tests/autogen_op/regnet_x_32gf/test_regnet_x_32gf_aten_t_default.py:8: in <module>
    import ttnn
E   ModuleNotFoundError: No module named 'ttnn'
_ ERROR collecting tests/autogen_op/regnet_x_32gf/test_regnet_x_32gf_aten_view_default.py _
ImportError while importing test module '/Users/Ajay17/pytorch2.0_ttnn/tests/autogen_op/regnet_x_32gf/test_regnet_x_32gf_aten_view_default.py'.
Hint: make sure your test modules/packages have valid Python names.
Traceback:
../.pyenv/versions/3.11.10/lib/python3.11/importlib/__init__.py:126: in import_module
    return _bootstrap._gcd_import(name[level:], package, level)
           ^^^^^^^^^^^^^^^^^^^^^^^^^^^^^^^^^^^^^^^^^^^^^^^^^^^^
tests/autogen_op/regnet_x_32gf/test_regnet_x_32gf_aten_view_default.py:8: in <module>
    import ttnn
E   ModuleNotFoundError: No module named 'ttnn'
_ ERROR collecting tests/autogen_op/regnet_x_3_2gf/test_regnet_x_3_2gf_aten__native_batch_norm_legit_no_training_default.py _
ImportError while importing test module '/Users/Ajay17/pytorch2.0_ttnn/tests/autogen_op/regnet_x_3_2gf/test_regnet_x_3_2gf_aten__native_batch_norm_legit_no_training_default.py'.
Hint: make sure your test modules/packages have valid Python names.
Traceback:
../.pyenv/versions/3.11.10/lib/python3.11/importlib/__init__.py:126: in import_module
    return _bootstrap._gcd_import(name[level:], package, level)
           ^^^^^^^^^^^^^^^^^^^^^^^^^^^^^^^^^^^^^^^^^^^^^^^^^^^^
tests/autogen_op/regnet_x_3_2gf/test_regnet_x_3_2gf_aten__native_batch_norm_legit_no_training_default.py:8: in <module>
    import ttnn
E   ModuleNotFoundError: No module named 'ttnn'
_ ERROR collecting tests/autogen_op/regnet_x_3_2gf/test_regnet_x_3_2gf_aten_add_Tensor.py _
ImportError while importing test module '/Users/Ajay17/pytorch2.0_ttnn/tests/autogen_op/regnet_x_3_2gf/test_regnet_x_3_2gf_aten_add_Tensor.py'.
Hint: make sure your test modules/packages have valid Python names.
Traceback:
../.pyenv/versions/3.11.10/lib/python3.11/importlib/__init__.py:126: in import_module
    return _bootstrap._gcd_import(name[level:], package, level)
           ^^^^^^^^^^^^^^^^^^^^^^^^^^^^^^^^^^^^^^^^^^^^^^^^^^^^
tests/autogen_op/regnet_x_3_2gf/test_regnet_x_3_2gf_aten_add_Tensor.py:8: in <module>
    import ttnn
E   ModuleNotFoundError: No module named 'ttnn'
_ ERROR collecting tests/autogen_op/regnet_x_3_2gf/test_regnet_x_3_2gf_aten_addmm_default.py _
ImportError while importing test module '/Users/Ajay17/pytorch2.0_ttnn/tests/autogen_op/regnet_x_3_2gf/test_regnet_x_3_2gf_aten_addmm_default.py'.
Hint: make sure your test modules/packages have valid Python names.
Traceback:
../.pyenv/versions/3.11.10/lib/python3.11/importlib/__init__.py:126: in import_module
    return _bootstrap._gcd_import(name[level:], package, level)
           ^^^^^^^^^^^^^^^^^^^^^^^^^^^^^^^^^^^^^^^^^^^^^^^^^^^^
tests/autogen_op/regnet_x_3_2gf/test_regnet_x_3_2gf_aten_addmm_default.py:8: in <module>
    import ttnn
E   ModuleNotFoundError: No module named 'ttnn'
_ ERROR collecting tests/autogen_op/regnet_x_3_2gf/test_regnet_x_3_2gf_aten_convolution_default.py _
ImportError while importing test module '/Users/Ajay17/pytorch2.0_ttnn/tests/autogen_op/regnet_x_3_2gf/test_regnet_x_3_2gf_aten_convolution_default.py'.
Hint: make sure your test modules/packages have valid Python names.
Traceback:
../.pyenv/versions/3.11.10/lib/python3.11/importlib/__init__.py:126: in import_module
    return _bootstrap._gcd_import(name[level:], package, level)
           ^^^^^^^^^^^^^^^^^^^^^^^^^^^^^^^^^^^^^^^^^^^^^^^^^^^^
tests/autogen_op/regnet_x_3_2gf/test_regnet_x_3_2gf_aten_convolution_default.py:8: in <module>
    import ttnn
E   ModuleNotFoundError: No module named 'ttnn'
_ ERROR collecting tests/autogen_op/regnet_x_3_2gf/test_regnet_x_3_2gf_aten_mean_dim.py _
ImportError while importing test module '/Users/Ajay17/pytorch2.0_ttnn/tests/autogen_op/regnet_x_3_2gf/test_regnet_x_3_2gf_aten_mean_dim.py'.
Hint: make sure your test modules/packages have valid Python names.
Traceback:
../.pyenv/versions/3.11.10/lib/python3.11/importlib/__init__.py:126: in import_module
    return _bootstrap._gcd_import(name[level:], package, level)
           ^^^^^^^^^^^^^^^^^^^^^^^^^^^^^^^^^^^^^^^^^^^^^^^^^^^^
tests/autogen_op/regnet_x_3_2gf/test_regnet_x_3_2gf_aten_mean_dim.py:8: in <module>
    import ttnn
E   ModuleNotFoundError: No module named 'ttnn'
_ ERROR collecting tests/autogen_op/regnet_x_3_2gf/test_regnet_x_3_2gf_aten_relu_default.py _
ImportError while importing test module '/Users/Ajay17/pytorch2.0_ttnn/tests/autogen_op/regnet_x_3_2gf/test_regnet_x_3_2gf_aten_relu_default.py'.
Hint: make sure your test modules/packages have valid Python names.
Traceback:
../.pyenv/versions/3.11.10/lib/python3.11/importlib/__init__.py:126: in import_module
    return _bootstrap._gcd_import(name[level:], package, level)
           ^^^^^^^^^^^^^^^^^^^^^^^^^^^^^^^^^^^^^^^^^^^^^^^^^^^^
tests/autogen_op/regnet_x_3_2gf/test_regnet_x_3_2gf_aten_relu_default.py:8: in <module>
    import ttnn
E   ModuleNotFoundError: No module named 'ttnn'
_ ERROR collecting tests/autogen_op/regnet_x_3_2gf/test_regnet_x_3_2gf_aten_t_default.py _
ImportError while importing test module '/Users/Ajay17/pytorch2.0_ttnn/tests/autogen_op/regnet_x_3_2gf/test_regnet_x_3_2gf_aten_t_default.py'.
Hint: make sure your test modules/packages have valid Python names.
Traceback:
../.pyenv/versions/3.11.10/lib/python3.11/importlib/__init__.py:126: in import_module
    return _bootstrap._gcd_import(name[level:], package, level)
           ^^^^^^^^^^^^^^^^^^^^^^^^^^^^^^^^^^^^^^^^^^^^^^^^^^^^
tests/autogen_op/regnet_x_3_2gf/test_regnet_x_3_2gf_aten_t_default.py:8: in <module>
    import ttnn
E   ModuleNotFoundError: No module named 'ttnn'
_ ERROR collecting tests/autogen_op/regnet_x_3_2gf/test_regnet_x_3_2gf_aten_view_default.py _
ImportError while importing test module '/Users/Ajay17/pytorch2.0_ttnn/tests/autogen_op/regnet_x_3_2gf/test_regnet_x_3_2gf_aten_view_default.py'.
Hint: make sure your test modules/packages have valid Python names.
Traceback:
../.pyenv/versions/3.11.10/lib/python3.11/importlib/__init__.py:126: in import_module
    return _bootstrap._gcd_import(name[level:], package, level)
           ^^^^^^^^^^^^^^^^^^^^^^^^^^^^^^^^^^^^^^^^^^^^^^^^^^^^
tests/autogen_op/regnet_x_3_2gf/test_regnet_x_3_2gf_aten_view_default.py:8: in <module>
    import ttnn
E   ModuleNotFoundError: No module named 'ttnn'
_ ERROR collecting tests/autogen_op/regnet_x_400mf/test_regnet_x_400mf_aten__native_batch_norm_legit_no_training_default.py _
ImportError while importing test module '/Users/Ajay17/pytorch2.0_ttnn/tests/autogen_op/regnet_x_400mf/test_regnet_x_400mf_aten__native_batch_norm_legit_no_training_default.py'.
Hint: make sure your test modules/packages have valid Python names.
Traceback:
../.pyenv/versions/3.11.10/lib/python3.11/importlib/__init__.py:126: in import_module
    return _bootstrap._gcd_import(name[level:], package, level)
           ^^^^^^^^^^^^^^^^^^^^^^^^^^^^^^^^^^^^^^^^^^^^^^^^^^^^
tests/autogen_op/regnet_x_400mf/test_regnet_x_400mf_aten__native_batch_norm_legit_no_training_default.py:8: in <module>
    import ttnn
E   ModuleNotFoundError: No module named 'ttnn'
_ ERROR collecting tests/autogen_op/regnet_x_400mf/test_regnet_x_400mf_aten_add_Tensor.py _
ImportError while importing test module '/Users/Ajay17/pytorch2.0_ttnn/tests/autogen_op/regnet_x_400mf/test_regnet_x_400mf_aten_add_Tensor.py'.
Hint: make sure your test modules/packages have valid Python names.
Traceback:
../.pyenv/versions/3.11.10/lib/python3.11/importlib/__init__.py:126: in import_module
    return _bootstrap._gcd_import(name[level:], package, level)
           ^^^^^^^^^^^^^^^^^^^^^^^^^^^^^^^^^^^^^^^^^^^^^^^^^^^^
tests/autogen_op/regnet_x_400mf/test_regnet_x_400mf_aten_add_Tensor.py:8: in <module>
    import ttnn
E   ModuleNotFoundError: No module named 'ttnn'
_ ERROR collecting tests/autogen_op/regnet_x_400mf/test_regnet_x_400mf_aten_addmm_default.py _
ImportError while importing test module '/Users/Ajay17/pytorch2.0_ttnn/tests/autogen_op/regnet_x_400mf/test_regnet_x_400mf_aten_addmm_default.py'.
Hint: make sure your test modules/packages have valid Python names.
Traceback:
../.pyenv/versions/3.11.10/lib/python3.11/importlib/__init__.py:126: in import_module
    return _bootstrap._gcd_import(name[level:], package, level)
           ^^^^^^^^^^^^^^^^^^^^^^^^^^^^^^^^^^^^^^^^^^^^^^^^^^^^
tests/autogen_op/regnet_x_400mf/test_regnet_x_400mf_aten_addmm_default.py:8: in <module>
    import ttnn
E   ModuleNotFoundError: No module named 'ttnn'
_ ERROR collecting tests/autogen_op/regnet_x_400mf/test_regnet_x_400mf_aten_convolution_default.py _
ImportError while importing test module '/Users/Ajay17/pytorch2.0_ttnn/tests/autogen_op/regnet_x_400mf/test_regnet_x_400mf_aten_convolution_default.py'.
Hint: make sure your test modules/packages have valid Python names.
Traceback:
../.pyenv/versions/3.11.10/lib/python3.11/importlib/__init__.py:126: in import_module
    return _bootstrap._gcd_import(name[level:], package, level)
           ^^^^^^^^^^^^^^^^^^^^^^^^^^^^^^^^^^^^^^^^^^^^^^^^^^^^
tests/autogen_op/regnet_x_400mf/test_regnet_x_400mf_aten_convolution_default.py:8: in <module>
    import ttnn
E   ModuleNotFoundError: No module named 'ttnn'
_ ERROR collecting tests/autogen_op/regnet_x_400mf/test_regnet_x_400mf_aten_mean_dim.py _
ImportError while importing test module '/Users/Ajay17/pytorch2.0_ttnn/tests/autogen_op/regnet_x_400mf/test_regnet_x_400mf_aten_mean_dim.py'.
Hint: make sure your test modules/packages have valid Python names.
Traceback:
../.pyenv/versions/3.11.10/lib/python3.11/importlib/__init__.py:126: in import_module
    return _bootstrap._gcd_import(name[level:], package, level)
           ^^^^^^^^^^^^^^^^^^^^^^^^^^^^^^^^^^^^^^^^^^^^^^^^^^^^
tests/autogen_op/regnet_x_400mf/test_regnet_x_400mf_aten_mean_dim.py:8: in <module>
    import ttnn
E   ModuleNotFoundError: No module named 'ttnn'
_ ERROR collecting tests/autogen_op/regnet_x_400mf/test_regnet_x_400mf_aten_relu_default.py _
ImportError while importing test module '/Users/Ajay17/pytorch2.0_ttnn/tests/autogen_op/regnet_x_400mf/test_regnet_x_400mf_aten_relu_default.py'.
Hint: make sure your test modules/packages have valid Python names.
Traceback:
../.pyenv/versions/3.11.10/lib/python3.11/importlib/__init__.py:126: in import_module
    return _bootstrap._gcd_import(name[level:], package, level)
           ^^^^^^^^^^^^^^^^^^^^^^^^^^^^^^^^^^^^^^^^^^^^^^^^^^^^
tests/autogen_op/regnet_x_400mf/test_regnet_x_400mf_aten_relu_default.py:8: in <module>
    import ttnn
E   ModuleNotFoundError: No module named 'ttnn'
_ ERROR collecting tests/autogen_op/regnet_x_400mf/test_regnet_x_400mf_aten_t_default.py _
ImportError while importing test module '/Users/Ajay17/pytorch2.0_ttnn/tests/autogen_op/regnet_x_400mf/test_regnet_x_400mf_aten_t_default.py'.
Hint: make sure your test modules/packages have valid Python names.
Traceback:
../.pyenv/versions/3.11.10/lib/python3.11/importlib/__init__.py:126: in import_module
    return _bootstrap._gcd_import(name[level:], package, level)
           ^^^^^^^^^^^^^^^^^^^^^^^^^^^^^^^^^^^^^^^^^^^^^^^^^^^^
tests/autogen_op/regnet_x_400mf/test_regnet_x_400mf_aten_t_default.py:8: in <module>
    import ttnn
E   ModuleNotFoundError: No module named 'ttnn'
_ ERROR collecting tests/autogen_op/regnet_x_400mf/test_regnet_x_400mf_aten_view_default.py _
ImportError while importing test module '/Users/Ajay17/pytorch2.0_ttnn/tests/autogen_op/regnet_x_400mf/test_regnet_x_400mf_aten_view_default.py'.
Hint: make sure your test modules/packages have valid Python names.
Traceback:
../.pyenv/versions/3.11.10/lib/python3.11/importlib/__init__.py:126: in import_module
    return _bootstrap._gcd_import(name[level:], package, level)
           ^^^^^^^^^^^^^^^^^^^^^^^^^^^^^^^^^^^^^^^^^^^^^^^^^^^^
tests/autogen_op/regnet_x_400mf/test_regnet_x_400mf_aten_view_default.py:8: in <module>
    import ttnn
E   ModuleNotFoundError: No module named 'ttnn'
_ ERROR collecting tests/autogen_op/regnet_x_800mf/test_regnet_x_800mf_aten__native_batch_norm_legit_no_training_default.py _
ImportError while importing test module '/Users/Ajay17/pytorch2.0_ttnn/tests/autogen_op/regnet_x_800mf/test_regnet_x_800mf_aten__native_batch_norm_legit_no_training_default.py'.
Hint: make sure your test modules/packages have valid Python names.
Traceback:
../.pyenv/versions/3.11.10/lib/python3.11/importlib/__init__.py:126: in import_module
    return _bootstrap._gcd_import(name[level:], package, level)
           ^^^^^^^^^^^^^^^^^^^^^^^^^^^^^^^^^^^^^^^^^^^^^^^^^^^^
tests/autogen_op/regnet_x_800mf/test_regnet_x_800mf_aten__native_batch_norm_legit_no_training_default.py:8: in <module>
    import ttnn
E   ModuleNotFoundError: No module named 'ttnn'
_ ERROR collecting tests/autogen_op/regnet_x_800mf/test_regnet_x_800mf_aten_add_Tensor.py _
ImportError while importing test module '/Users/Ajay17/pytorch2.0_ttnn/tests/autogen_op/regnet_x_800mf/test_regnet_x_800mf_aten_add_Tensor.py'.
Hint: make sure your test modules/packages have valid Python names.
Traceback:
../.pyenv/versions/3.11.10/lib/python3.11/importlib/__init__.py:126: in import_module
    return _bootstrap._gcd_import(name[level:], package, level)
           ^^^^^^^^^^^^^^^^^^^^^^^^^^^^^^^^^^^^^^^^^^^^^^^^^^^^
tests/autogen_op/regnet_x_800mf/test_regnet_x_800mf_aten_add_Tensor.py:8: in <module>
    import ttnn
E   ModuleNotFoundError: No module named 'ttnn'
_ ERROR collecting tests/autogen_op/regnet_x_800mf/test_regnet_x_800mf_aten_addmm_default.py _
ImportError while importing test module '/Users/Ajay17/pytorch2.0_ttnn/tests/autogen_op/regnet_x_800mf/test_regnet_x_800mf_aten_addmm_default.py'.
Hint: make sure your test modules/packages have valid Python names.
Traceback:
../.pyenv/versions/3.11.10/lib/python3.11/importlib/__init__.py:126: in import_module
    return _bootstrap._gcd_import(name[level:], package, level)
           ^^^^^^^^^^^^^^^^^^^^^^^^^^^^^^^^^^^^^^^^^^^^^^^^^^^^
tests/autogen_op/regnet_x_800mf/test_regnet_x_800mf_aten_addmm_default.py:8: in <module>
    import ttnn
E   ModuleNotFoundError: No module named 'ttnn'
_ ERROR collecting tests/autogen_op/regnet_x_800mf/test_regnet_x_800mf_aten_convolution_default.py _
ImportError while importing test module '/Users/Ajay17/pytorch2.0_ttnn/tests/autogen_op/regnet_x_800mf/test_regnet_x_800mf_aten_convolution_default.py'.
Hint: make sure your test modules/packages have valid Python names.
Traceback:
../.pyenv/versions/3.11.10/lib/python3.11/importlib/__init__.py:126: in import_module
    return _bootstrap._gcd_import(name[level:], package, level)
           ^^^^^^^^^^^^^^^^^^^^^^^^^^^^^^^^^^^^^^^^^^^^^^^^^^^^
tests/autogen_op/regnet_x_800mf/test_regnet_x_800mf_aten_convolution_default.py:8: in <module>
    import ttnn
E   ModuleNotFoundError: No module named 'ttnn'
_ ERROR collecting tests/autogen_op/regnet_x_800mf/test_regnet_x_800mf_aten_mean_dim.py _
ImportError while importing test module '/Users/Ajay17/pytorch2.0_ttnn/tests/autogen_op/regnet_x_800mf/test_regnet_x_800mf_aten_mean_dim.py'.
Hint: make sure your test modules/packages have valid Python names.
Traceback:
../.pyenv/versions/3.11.10/lib/python3.11/importlib/__init__.py:126: in import_module
    return _bootstrap._gcd_import(name[level:], package, level)
           ^^^^^^^^^^^^^^^^^^^^^^^^^^^^^^^^^^^^^^^^^^^^^^^^^^^^
tests/autogen_op/regnet_x_800mf/test_regnet_x_800mf_aten_mean_dim.py:8: in <module>
    import ttnn
E   ModuleNotFoundError: No module named 'ttnn'
_ ERROR collecting tests/autogen_op/regnet_x_800mf/test_regnet_x_800mf_aten_relu_default.py _
ImportError while importing test module '/Users/Ajay17/pytorch2.0_ttnn/tests/autogen_op/regnet_x_800mf/test_regnet_x_800mf_aten_relu_default.py'.
Hint: make sure your test modules/packages have valid Python names.
Traceback:
../.pyenv/versions/3.11.10/lib/python3.11/importlib/__init__.py:126: in import_module
    return _bootstrap._gcd_import(name[level:], package, level)
           ^^^^^^^^^^^^^^^^^^^^^^^^^^^^^^^^^^^^^^^^^^^^^^^^^^^^
tests/autogen_op/regnet_x_800mf/test_regnet_x_800mf_aten_relu_default.py:8: in <module>
    import ttnn
E   ModuleNotFoundError: No module named 'ttnn'
_ ERROR collecting tests/autogen_op/regnet_x_800mf/test_regnet_x_800mf_aten_t_default.py _
ImportError while importing test module '/Users/Ajay17/pytorch2.0_ttnn/tests/autogen_op/regnet_x_800mf/test_regnet_x_800mf_aten_t_default.py'.
Hint: make sure your test modules/packages have valid Python names.
Traceback:
../.pyenv/versions/3.11.10/lib/python3.11/importlib/__init__.py:126: in import_module
    return _bootstrap._gcd_import(name[level:], package, level)
           ^^^^^^^^^^^^^^^^^^^^^^^^^^^^^^^^^^^^^^^^^^^^^^^^^^^^
tests/autogen_op/regnet_x_800mf/test_regnet_x_800mf_aten_t_default.py:8: in <module>
    import ttnn
E   ModuleNotFoundError: No module named 'ttnn'
_ ERROR collecting tests/autogen_op/regnet_x_800mf/test_regnet_x_800mf_aten_view_default.py _
ImportError while importing test module '/Users/Ajay17/pytorch2.0_ttnn/tests/autogen_op/regnet_x_800mf/test_regnet_x_800mf_aten_view_default.py'.
Hint: make sure your test modules/packages have valid Python names.
Traceback:
../.pyenv/versions/3.11.10/lib/python3.11/importlib/__init__.py:126: in import_module
    return _bootstrap._gcd_import(name[level:], package, level)
           ^^^^^^^^^^^^^^^^^^^^^^^^^^^^^^^^^^^^^^^^^^^^^^^^^^^^
tests/autogen_op/regnet_x_800mf/test_regnet_x_800mf_aten_view_default.py:8: in <module>
    import ttnn
E   ModuleNotFoundError: No module named 'ttnn'
_ ERROR collecting tests/autogen_op/regnet_x_8gf/test_regnet_x_8gf_aten__native_batch_norm_legit_no_training_default.py _
ImportError while importing test module '/Users/Ajay17/pytorch2.0_ttnn/tests/autogen_op/regnet_x_8gf/test_regnet_x_8gf_aten__native_batch_norm_legit_no_training_default.py'.
Hint: make sure your test modules/packages have valid Python names.
Traceback:
../.pyenv/versions/3.11.10/lib/python3.11/importlib/__init__.py:126: in import_module
    return _bootstrap._gcd_import(name[level:], package, level)
           ^^^^^^^^^^^^^^^^^^^^^^^^^^^^^^^^^^^^^^^^^^^^^^^^^^^^
tests/autogen_op/regnet_x_8gf/test_regnet_x_8gf_aten__native_batch_norm_legit_no_training_default.py:8: in <module>
    import ttnn
E   ModuleNotFoundError: No module named 'ttnn'
_ ERROR collecting tests/autogen_op/regnet_x_8gf/test_regnet_x_8gf_aten_add_Tensor.py _
ImportError while importing test module '/Users/Ajay17/pytorch2.0_ttnn/tests/autogen_op/regnet_x_8gf/test_regnet_x_8gf_aten_add_Tensor.py'.
Hint: make sure your test modules/packages have valid Python names.
Traceback:
../.pyenv/versions/3.11.10/lib/python3.11/importlib/__init__.py:126: in import_module
    return _bootstrap._gcd_import(name[level:], package, level)
           ^^^^^^^^^^^^^^^^^^^^^^^^^^^^^^^^^^^^^^^^^^^^^^^^^^^^
tests/autogen_op/regnet_x_8gf/test_regnet_x_8gf_aten_add_Tensor.py:8: in <module>
    import ttnn
E   ModuleNotFoundError: No module named 'ttnn'
_ ERROR collecting tests/autogen_op/regnet_x_8gf/test_regnet_x_8gf_aten_addmm_default.py _
ImportError while importing test module '/Users/Ajay17/pytorch2.0_ttnn/tests/autogen_op/regnet_x_8gf/test_regnet_x_8gf_aten_addmm_default.py'.
Hint: make sure your test modules/packages have valid Python names.
Traceback:
../.pyenv/versions/3.11.10/lib/python3.11/importlib/__init__.py:126: in import_module
    return _bootstrap._gcd_import(name[level:], package, level)
           ^^^^^^^^^^^^^^^^^^^^^^^^^^^^^^^^^^^^^^^^^^^^^^^^^^^^
tests/autogen_op/regnet_x_8gf/test_regnet_x_8gf_aten_addmm_default.py:8: in <module>
    import ttnn
E   ModuleNotFoundError: No module named 'ttnn'
_ ERROR collecting tests/autogen_op/regnet_x_8gf/test_regnet_x_8gf_aten_convolution_default.py _
ImportError while importing test module '/Users/Ajay17/pytorch2.0_ttnn/tests/autogen_op/regnet_x_8gf/test_regnet_x_8gf_aten_convolution_default.py'.
Hint: make sure your test modules/packages have valid Python names.
Traceback:
../.pyenv/versions/3.11.10/lib/python3.11/importlib/__init__.py:126: in import_module
    return _bootstrap._gcd_import(name[level:], package, level)
           ^^^^^^^^^^^^^^^^^^^^^^^^^^^^^^^^^^^^^^^^^^^^^^^^^^^^
tests/autogen_op/regnet_x_8gf/test_regnet_x_8gf_aten_convolution_default.py:8: in <module>
    import ttnn
E   ModuleNotFoundError: No module named 'ttnn'
_ ERROR collecting tests/autogen_op/regnet_x_8gf/test_regnet_x_8gf_aten_mean_dim.py _
ImportError while importing test module '/Users/Ajay17/pytorch2.0_ttnn/tests/autogen_op/regnet_x_8gf/test_regnet_x_8gf_aten_mean_dim.py'.
Hint: make sure your test modules/packages have valid Python names.
Traceback:
../.pyenv/versions/3.11.10/lib/python3.11/importlib/__init__.py:126: in import_module
    return _bootstrap._gcd_import(name[level:], package, level)
           ^^^^^^^^^^^^^^^^^^^^^^^^^^^^^^^^^^^^^^^^^^^^^^^^^^^^
tests/autogen_op/regnet_x_8gf/test_regnet_x_8gf_aten_mean_dim.py:8: in <module>
    import ttnn
E   ModuleNotFoundError: No module named 'ttnn'
_ ERROR collecting tests/autogen_op/regnet_x_8gf/test_regnet_x_8gf_aten_relu_default.py _
ImportError while importing test module '/Users/Ajay17/pytorch2.0_ttnn/tests/autogen_op/regnet_x_8gf/test_regnet_x_8gf_aten_relu_default.py'.
Hint: make sure your test modules/packages have valid Python names.
Traceback:
../.pyenv/versions/3.11.10/lib/python3.11/importlib/__init__.py:126: in import_module
    return _bootstrap._gcd_import(name[level:], package, level)
           ^^^^^^^^^^^^^^^^^^^^^^^^^^^^^^^^^^^^^^^^^^^^^^^^^^^^
tests/autogen_op/regnet_x_8gf/test_regnet_x_8gf_aten_relu_default.py:8: in <module>
    import ttnn
E   ModuleNotFoundError: No module named 'ttnn'
_ ERROR collecting tests/autogen_op/regnet_x_8gf/test_regnet_x_8gf_aten_t_default.py _
ImportError while importing test module '/Users/Ajay17/pytorch2.0_ttnn/tests/autogen_op/regnet_x_8gf/test_regnet_x_8gf_aten_t_default.py'.
Hint: make sure your test modules/packages have valid Python names.
Traceback:
../.pyenv/versions/3.11.10/lib/python3.11/importlib/__init__.py:126: in import_module
    return _bootstrap._gcd_import(name[level:], package, level)
           ^^^^^^^^^^^^^^^^^^^^^^^^^^^^^^^^^^^^^^^^^^^^^^^^^^^^
tests/autogen_op/regnet_x_8gf/test_regnet_x_8gf_aten_t_default.py:8: in <module>
    import ttnn
E   ModuleNotFoundError: No module named 'ttnn'
_ ERROR collecting tests/autogen_op/regnet_x_8gf/test_regnet_x_8gf_aten_view_default.py _
ImportError while importing test module '/Users/Ajay17/pytorch2.0_ttnn/tests/autogen_op/regnet_x_8gf/test_regnet_x_8gf_aten_view_default.py'.
Hint: make sure your test modules/packages have valid Python names.
Traceback:
../.pyenv/versions/3.11.10/lib/python3.11/importlib/__init__.py:126: in import_module
    return _bootstrap._gcd_import(name[level:], package, level)
           ^^^^^^^^^^^^^^^^^^^^^^^^^^^^^^^^^^^^^^^^^^^^^^^^^^^^
tests/autogen_op/regnet_x_8gf/test_regnet_x_8gf_aten_view_default.py:8: in <module>
    import ttnn
E   ModuleNotFoundError: No module named 'ttnn'
_ ERROR collecting tests/autogen_op/regnet_y_128gf/test_regnet_y_128gf_aten__native_batch_norm_legit_no_training_default.py _
ImportError while importing test module '/Users/Ajay17/pytorch2.0_ttnn/tests/autogen_op/regnet_y_128gf/test_regnet_y_128gf_aten__native_batch_norm_legit_no_training_default.py'.
Hint: make sure your test modules/packages have valid Python names.
Traceback:
../.pyenv/versions/3.11.10/lib/python3.11/importlib/__init__.py:126: in import_module
    return _bootstrap._gcd_import(name[level:], package, level)
           ^^^^^^^^^^^^^^^^^^^^^^^^^^^^^^^^^^^^^^^^^^^^^^^^^^^^
tests/autogen_op/regnet_y_128gf/test_regnet_y_128gf_aten__native_batch_norm_legit_no_training_default.py:8: in <module>
    import ttnn
E   ModuleNotFoundError: No module named 'ttnn'
_ ERROR collecting tests/autogen_op/regnet_y_128gf/test_regnet_y_128gf_aten_add_Tensor.py _
ImportError while importing test module '/Users/Ajay17/pytorch2.0_ttnn/tests/autogen_op/regnet_y_128gf/test_regnet_y_128gf_aten_add_Tensor.py'.
Hint: make sure your test modules/packages have valid Python names.
Traceback:
../.pyenv/versions/3.11.10/lib/python3.11/importlib/__init__.py:126: in import_module
    return _bootstrap._gcd_import(name[level:], package, level)
           ^^^^^^^^^^^^^^^^^^^^^^^^^^^^^^^^^^^^^^^^^^^^^^^^^^^^
tests/autogen_op/regnet_y_128gf/test_regnet_y_128gf_aten_add_Tensor.py:8: in <module>
    import ttnn
E   ModuleNotFoundError: No module named 'ttnn'
_ ERROR collecting tests/autogen_op/regnet_y_128gf/test_regnet_y_128gf_aten_addmm_default.py _
ImportError while importing test module '/Users/Ajay17/pytorch2.0_ttnn/tests/autogen_op/regnet_y_128gf/test_regnet_y_128gf_aten_addmm_default.py'.
Hint: make sure your test modules/packages have valid Python names.
Traceback:
../.pyenv/versions/3.11.10/lib/python3.11/importlib/__init__.py:126: in import_module
    return _bootstrap._gcd_import(name[level:], package, level)
           ^^^^^^^^^^^^^^^^^^^^^^^^^^^^^^^^^^^^^^^^^^^^^^^^^^^^
tests/autogen_op/regnet_y_128gf/test_regnet_y_128gf_aten_addmm_default.py:8: in <module>
    import ttnn
E   ModuleNotFoundError: No module named 'ttnn'
_ ERROR collecting tests/autogen_op/regnet_y_128gf/test_regnet_y_128gf_aten_convolution_default.py _
ImportError while importing test module '/Users/Ajay17/pytorch2.0_ttnn/tests/autogen_op/regnet_y_128gf/test_regnet_y_128gf_aten_convolution_default.py'.
Hint: make sure your test modules/packages have valid Python names.
Traceback:
../.pyenv/versions/3.11.10/lib/python3.11/importlib/__init__.py:126: in import_module
    return _bootstrap._gcd_import(name[level:], package, level)
           ^^^^^^^^^^^^^^^^^^^^^^^^^^^^^^^^^^^^^^^^^^^^^^^^^^^^
tests/autogen_op/regnet_y_128gf/test_regnet_y_128gf_aten_convolution_default.py:8: in <module>
    import ttnn
E   ModuleNotFoundError: No module named 'ttnn'
_ ERROR collecting tests/autogen_op/regnet_y_128gf/test_regnet_y_128gf_aten_mean_dim.py _
ImportError while importing test module '/Users/Ajay17/pytorch2.0_ttnn/tests/autogen_op/regnet_y_128gf/test_regnet_y_128gf_aten_mean_dim.py'.
Hint: make sure your test modules/packages have valid Python names.
Traceback:
../.pyenv/versions/3.11.10/lib/python3.11/importlib/__init__.py:126: in import_module
    return _bootstrap._gcd_import(name[level:], package, level)
           ^^^^^^^^^^^^^^^^^^^^^^^^^^^^^^^^^^^^^^^^^^^^^^^^^^^^
tests/autogen_op/regnet_y_128gf/test_regnet_y_128gf_aten_mean_dim.py:8: in <module>
    import ttnn
E   ModuleNotFoundError: No module named 'ttnn'
_ ERROR collecting tests/autogen_op/regnet_y_128gf/test_regnet_y_128gf_aten_mul_Tensor.py _
ImportError while importing test module '/Users/Ajay17/pytorch2.0_ttnn/tests/autogen_op/regnet_y_128gf/test_regnet_y_128gf_aten_mul_Tensor.py'.
Hint: make sure your test modules/packages have valid Python names.
Traceback:
../.pyenv/versions/3.11.10/lib/python3.11/importlib/__init__.py:126: in import_module
    return _bootstrap._gcd_import(name[level:], package, level)
           ^^^^^^^^^^^^^^^^^^^^^^^^^^^^^^^^^^^^^^^^^^^^^^^^^^^^
tests/autogen_op/regnet_y_128gf/test_regnet_y_128gf_aten_mul_Tensor.py:8: in <module>
    import ttnn
E   ModuleNotFoundError: No module named 'ttnn'
_ ERROR collecting tests/autogen_op/regnet_y_128gf/test_regnet_y_128gf_aten_relu_default.py _
ImportError while importing test module '/Users/Ajay17/pytorch2.0_ttnn/tests/autogen_op/regnet_y_128gf/test_regnet_y_128gf_aten_relu_default.py'.
Hint: make sure your test modules/packages have valid Python names.
Traceback:
../.pyenv/versions/3.11.10/lib/python3.11/importlib/__init__.py:126: in import_module
    return _bootstrap._gcd_import(name[level:], package, level)
           ^^^^^^^^^^^^^^^^^^^^^^^^^^^^^^^^^^^^^^^^^^^^^^^^^^^^
tests/autogen_op/regnet_y_128gf/test_regnet_y_128gf_aten_relu_default.py:8: in <module>
    import ttnn
E   ModuleNotFoundError: No module named 'ttnn'
_ ERROR collecting tests/autogen_op/regnet_y_128gf/test_regnet_y_128gf_aten_sigmoid_default.py _
ImportError while importing test module '/Users/Ajay17/pytorch2.0_ttnn/tests/autogen_op/regnet_y_128gf/test_regnet_y_128gf_aten_sigmoid_default.py'.
Hint: make sure your test modules/packages have valid Python names.
Traceback:
../.pyenv/versions/3.11.10/lib/python3.11/importlib/__init__.py:126: in import_module
    return _bootstrap._gcd_import(name[level:], package, level)
           ^^^^^^^^^^^^^^^^^^^^^^^^^^^^^^^^^^^^^^^^^^^^^^^^^^^^
tests/autogen_op/regnet_y_128gf/test_regnet_y_128gf_aten_sigmoid_default.py:8: in <module>
    import ttnn
E   ModuleNotFoundError: No module named 'ttnn'
_ ERROR collecting tests/autogen_op/regnet_y_128gf/test_regnet_y_128gf_aten_t_default.py _
ImportError while importing test module '/Users/Ajay17/pytorch2.0_ttnn/tests/autogen_op/regnet_y_128gf/test_regnet_y_128gf_aten_t_default.py'.
Hint: make sure your test modules/packages have valid Python names.
Traceback:
../.pyenv/versions/3.11.10/lib/python3.11/importlib/__init__.py:126: in import_module
    return _bootstrap._gcd_import(name[level:], package, level)
           ^^^^^^^^^^^^^^^^^^^^^^^^^^^^^^^^^^^^^^^^^^^^^^^^^^^^
tests/autogen_op/regnet_y_128gf/test_regnet_y_128gf_aten_t_default.py:8: in <module>
    import ttnn
E   ModuleNotFoundError: No module named 'ttnn'
_ ERROR collecting tests/autogen_op/regnet_y_128gf/test_regnet_y_128gf_aten_view_default.py _
ImportError while importing test module '/Users/Ajay17/pytorch2.0_ttnn/tests/autogen_op/regnet_y_128gf/test_regnet_y_128gf_aten_view_default.py'.
Hint: make sure your test modules/packages have valid Python names.
Traceback:
../.pyenv/versions/3.11.10/lib/python3.11/importlib/__init__.py:126: in import_module
    return _bootstrap._gcd_import(name[level:], package, level)
           ^^^^^^^^^^^^^^^^^^^^^^^^^^^^^^^^^^^^^^^^^^^^^^^^^^^^
tests/autogen_op/regnet_y_128gf/test_regnet_y_128gf_aten_view_default.py:8: in <module>
    import ttnn
E   ModuleNotFoundError: No module named 'ttnn'
_ ERROR collecting tests/autogen_op/regnet_y_16gf/test_regnet_y_16gf_aten__native_batch_norm_legit_no_training_default.py _
ImportError while importing test module '/Users/Ajay17/pytorch2.0_ttnn/tests/autogen_op/regnet_y_16gf/test_regnet_y_16gf_aten__native_batch_norm_legit_no_training_default.py'.
Hint: make sure your test modules/packages have valid Python names.
Traceback:
../.pyenv/versions/3.11.10/lib/python3.11/importlib/__init__.py:126: in import_module
    return _bootstrap._gcd_import(name[level:], package, level)
           ^^^^^^^^^^^^^^^^^^^^^^^^^^^^^^^^^^^^^^^^^^^^^^^^^^^^
tests/autogen_op/regnet_y_16gf/test_regnet_y_16gf_aten__native_batch_norm_legit_no_training_default.py:8: in <module>
    import ttnn
E   ModuleNotFoundError: No module named 'ttnn'
_ ERROR collecting tests/autogen_op/regnet_y_16gf/test_regnet_y_16gf_aten_add_Tensor.py _
ImportError while importing test module '/Users/Ajay17/pytorch2.0_ttnn/tests/autogen_op/regnet_y_16gf/test_regnet_y_16gf_aten_add_Tensor.py'.
Hint: make sure your test modules/packages have valid Python names.
Traceback:
../.pyenv/versions/3.11.10/lib/python3.11/importlib/__init__.py:126: in import_module
    return _bootstrap._gcd_import(name[level:], package, level)
           ^^^^^^^^^^^^^^^^^^^^^^^^^^^^^^^^^^^^^^^^^^^^^^^^^^^^
tests/autogen_op/regnet_y_16gf/test_regnet_y_16gf_aten_add_Tensor.py:8: in <module>
    import ttnn
E   ModuleNotFoundError: No module named 'ttnn'
_ ERROR collecting tests/autogen_op/regnet_y_16gf/test_regnet_y_16gf_aten_addmm_default.py _
ImportError while importing test module '/Users/Ajay17/pytorch2.0_ttnn/tests/autogen_op/regnet_y_16gf/test_regnet_y_16gf_aten_addmm_default.py'.
Hint: make sure your test modules/packages have valid Python names.
Traceback:
../.pyenv/versions/3.11.10/lib/python3.11/importlib/__init__.py:126: in import_module
    return _bootstrap._gcd_import(name[level:], package, level)
           ^^^^^^^^^^^^^^^^^^^^^^^^^^^^^^^^^^^^^^^^^^^^^^^^^^^^
tests/autogen_op/regnet_y_16gf/test_regnet_y_16gf_aten_addmm_default.py:8: in <module>
    import ttnn
E   ModuleNotFoundError: No module named 'ttnn'
_ ERROR collecting tests/autogen_op/regnet_y_16gf/test_regnet_y_16gf_aten_convolution_default.py _
ImportError while importing test module '/Users/Ajay17/pytorch2.0_ttnn/tests/autogen_op/regnet_y_16gf/test_regnet_y_16gf_aten_convolution_default.py'.
Hint: make sure your test modules/packages have valid Python names.
Traceback:
../.pyenv/versions/3.11.10/lib/python3.11/importlib/__init__.py:126: in import_module
    return _bootstrap._gcd_import(name[level:], package, level)
           ^^^^^^^^^^^^^^^^^^^^^^^^^^^^^^^^^^^^^^^^^^^^^^^^^^^^
tests/autogen_op/regnet_y_16gf/test_regnet_y_16gf_aten_convolution_default.py:8: in <module>
    import ttnn
E   ModuleNotFoundError: No module named 'ttnn'
_ ERROR collecting tests/autogen_op/regnet_y_16gf/test_regnet_y_16gf_aten_mean_dim.py _
ImportError while importing test module '/Users/Ajay17/pytorch2.0_ttnn/tests/autogen_op/regnet_y_16gf/test_regnet_y_16gf_aten_mean_dim.py'.
Hint: make sure your test modules/packages have valid Python names.
Traceback:
../.pyenv/versions/3.11.10/lib/python3.11/importlib/__init__.py:126: in import_module
    return _bootstrap._gcd_import(name[level:], package, level)
           ^^^^^^^^^^^^^^^^^^^^^^^^^^^^^^^^^^^^^^^^^^^^^^^^^^^^
tests/autogen_op/regnet_y_16gf/test_regnet_y_16gf_aten_mean_dim.py:8: in <module>
    import ttnn
E   ModuleNotFoundError: No module named 'ttnn'
_ ERROR collecting tests/autogen_op/regnet_y_16gf/test_regnet_y_16gf_aten_mul_Tensor.py _
ImportError while importing test module '/Users/Ajay17/pytorch2.0_ttnn/tests/autogen_op/regnet_y_16gf/test_regnet_y_16gf_aten_mul_Tensor.py'.
Hint: make sure your test modules/packages have valid Python names.
Traceback:
../.pyenv/versions/3.11.10/lib/python3.11/importlib/__init__.py:126: in import_module
    return _bootstrap._gcd_import(name[level:], package, level)
           ^^^^^^^^^^^^^^^^^^^^^^^^^^^^^^^^^^^^^^^^^^^^^^^^^^^^
tests/autogen_op/regnet_y_16gf/test_regnet_y_16gf_aten_mul_Tensor.py:8: in <module>
    import ttnn
E   ModuleNotFoundError: No module named 'ttnn'
_ ERROR collecting tests/autogen_op/regnet_y_16gf/test_regnet_y_16gf_aten_relu_default.py _
ImportError while importing test module '/Users/Ajay17/pytorch2.0_ttnn/tests/autogen_op/regnet_y_16gf/test_regnet_y_16gf_aten_relu_default.py'.
Hint: make sure your test modules/packages have valid Python names.
Traceback:
../.pyenv/versions/3.11.10/lib/python3.11/importlib/__init__.py:126: in import_module
    return _bootstrap._gcd_import(name[level:], package, level)
           ^^^^^^^^^^^^^^^^^^^^^^^^^^^^^^^^^^^^^^^^^^^^^^^^^^^^
tests/autogen_op/regnet_y_16gf/test_regnet_y_16gf_aten_relu_default.py:8: in <module>
    import ttnn
E   ModuleNotFoundError: No module named 'ttnn'
_ ERROR collecting tests/autogen_op/regnet_y_16gf/test_regnet_y_16gf_aten_sigmoid_default.py _
ImportError while importing test module '/Users/Ajay17/pytorch2.0_ttnn/tests/autogen_op/regnet_y_16gf/test_regnet_y_16gf_aten_sigmoid_default.py'.
Hint: make sure your test modules/packages have valid Python names.
Traceback:
../.pyenv/versions/3.11.10/lib/python3.11/importlib/__init__.py:126: in import_module
    return _bootstrap._gcd_import(name[level:], package, level)
           ^^^^^^^^^^^^^^^^^^^^^^^^^^^^^^^^^^^^^^^^^^^^^^^^^^^^
tests/autogen_op/regnet_y_16gf/test_regnet_y_16gf_aten_sigmoid_default.py:8: in <module>
    import ttnn
E   ModuleNotFoundError: No module named 'ttnn'
_ ERROR collecting tests/autogen_op/regnet_y_16gf/test_regnet_y_16gf_aten_t_default.py _
ImportError while importing test module '/Users/Ajay17/pytorch2.0_ttnn/tests/autogen_op/regnet_y_16gf/test_regnet_y_16gf_aten_t_default.py'.
Hint: make sure your test modules/packages have valid Python names.
Traceback:
../.pyenv/versions/3.11.10/lib/python3.11/importlib/__init__.py:126: in import_module
    return _bootstrap._gcd_import(name[level:], package, level)
           ^^^^^^^^^^^^^^^^^^^^^^^^^^^^^^^^^^^^^^^^^^^^^^^^^^^^
tests/autogen_op/regnet_y_16gf/test_regnet_y_16gf_aten_t_default.py:8: in <module>
    import ttnn
E   ModuleNotFoundError: No module named 'ttnn'
_ ERROR collecting tests/autogen_op/regnet_y_16gf/test_regnet_y_16gf_aten_view_default.py _
ImportError while importing test module '/Users/Ajay17/pytorch2.0_ttnn/tests/autogen_op/regnet_y_16gf/test_regnet_y_16gf_aten_view_default.py'.
Hint: make sure your test modules/packages have valid Python names.
Traceback:
../.pyenv/versions/3.11.10/lib/python3.11/importlib/__init__.py:126: in import_module
    return _bootstrap._gcd_import(name[level:], package, level)
           ^^^^^^^^^^^^^^^^^^^^^^^^^^^^^^^^^^^^^^^^^^^^^^^^^^^^
tests/autogen_op/regnet_y_16gf/test_regnet_y_16gf_aten_view_default.py:8: in <module>
    import ttnn
E   ModuleNotFoundError: No module named 'ttnn'
_ ERROR collecting tests/autogen_op/regnet_y_1_6gf/test_regnet_y_1_6gf_aten__native_batch_norm_legit_no_training_default.py _
ImportError while importing test module '/Users/Ajay17/pytorch2.0_ttnn/tests/autogen_op/regnet_y_1_6gf/test_regnet_y_1_6gf_aten__native_batch_norm_legit_no_training_default.py'.
Hint: make sure your test modules/packages have valid Python names.
Traceback:
../.pyenv/versions/3.11.10/lib/python3.11/importlib/__init__.py:126: in import_module
    return _bootstrap._gcd_import(name[level:], package, level)
           ^^^^^^^^^^^^^^^^^^^^^^^^^^^^^^^^^^^^^^^^^^^^^^^^^^^^
tests/autogen_op/regnet_y_1_6gf/test_regnet_y_1_6gf_aten__native_batch_norm_legit_no_training_default.py:8: in <module>
    import ttnn
E   ModuleNotFoundError: No module named 'ttnn'
_ ERROR collecting tests/autogen_op/regnet_y_1_6gf/test_regnet_y_1_6gf_aten_add_Tensor.py _
ImportError while importing test module '/Users/Ajay17/pytorch2.0_ttnn/tests/autogen_op/regnet_y_1_6gf/test_regnet_y_1_6gf_aten_add_Tensor.py'.
Hint: make sure your test modules/packages have valid Python names.
Traceback:
../.pyenv/versions/3.11.10/lib/python3.11/importlib/__init__.py:126: in import_module
    return _bootstrap._gcd_import(name[level:], package, level)
           ^^^^^^^^^^^^^^^^^^^^^^^^^^^^^^^^^^^^^^^^^^^^^^^^^^^^
tests/autogen_op/regnet_y_1_6gf/test_regnet_y_1_6gf_aten_add_Tensor.py:8: in <module>
    import ttnn
E   ModuleNotFoundError: No module named 'ttnn'
_ ERROR collecting tests/autogen_op/regnet_y_1_6gf/test_regnet_y_1_6gf_aten_addmm_default.py _
ImportError while importing test module '/Users/Ajay17/pytorch2.0_ttnn/tests/autogen_op/regnet_y_1_6gf/test_regnet_y_1_6gf_aten_addmm_default.py'.
Hint: make sure your test modules/packages have valid Python names.
Traceback:
../.pyenv/versions/3.11.10/lib/python3.11/importlib/__init__.py:126: in import_module
    return _bootstrap._gcd_import(name[level:], package, level)
           ^^^^^^^^^^^^^^^^^^^^^^^^^^^^^^^^^^^^^^^^^^^^^^^^^^^^
tests/autogen_op/regnet_y_1_6gf/test_regnet_y_1_6gf_aten_addmm_default.py:8: in <module>
    import ttnn
E   ModuleNotFoundError: No module named 'ttnn'
_ ERROR collecting tests/autogen_op/regnet_y_1_6gf/test_regnet_y_1_6gf_aten_convolution_default.py _
ImportError while importing test module '/Users/Ajay17/pytorch2.0_ttnn/tests/autogen_op/regnet_y_1_6gf/test_regnet_y_1_6gf_aten_convolution_default.py'.
Hint: make sure your test modules/packages have valid Python names.
Traceback:
../.pyenv/versions/3.11.10/lib/python3.11/importlib/__init__.py:126: in import_module
    return _bootstrap._gcd_import(name[level:], package, level)
           ^^^^^^^^^^^^^^^^^^^^^^^^^^^^^^^^^^^^^^^^^^^^^^^^^^^^
tests/autogen_op/regnet_y_1_6gf/test_regnet_y_1_6gf_aten_convolution_default.py:8: in <module>
    import ttnn
E   ModuleNotFoundError: No module named 'ttnn'
_ ERROR collecting tests/autogen_op/regnet_y_1_6gf/test_regnet_y_1_6gf_aten_mean_dim.py _
ImportError while importing test module '/Users/Ajay17/pytorch2.0_ttnn/tests/autogen_op/regnet_y_1_6gf/test_regnet_y_1_6gf_aten_mean_dim.py'.
Hint: make sure your test modules/packages have valid Python names.
Traceback:
../.pyenv/versions/3.11.10/lib/python3.11/importlib/__init__.py:126: in import_module
    return _bootstrap._gcd_import(name[level:], package, level)
           ^^^^^^^^^^^^^^^^^^^^^^^^^^^^^^^^^^^^^^^^^^^^^^^^^^^^
tests/autogen_op/regnet_y_1_6gf/test_regnet_y_1_6gf_aten_mean_dim.py:8: in <module>
    import ttnn
E   ModuleNotFoundError: No module named 'ttnn'
_ ERROR collecting tests/autogen_op/regnet_y_1_6gf/test_regnet_y_1_6gf_aten_mul_Tensor.py _
ImportError while importing test module '/Users/Ajay17/pytorch2.0_ttnn/tests/autogen_op/regnet_y_1_6gf/test_regnet_y_1_6gf_aten_mul_Tensor.py'.
Hint: make sure your test modules/packages have valid Python names.
Traceback:
../.pyenv/versions/3.11.10/lib/python3.11/importlib/__init__.py:126: in import_module
    return _bootstrap._gcd_import(name[level:], package, level)
           ^^^^^^^^^^^^^^^^^^^^^^^^^^^^^^^^^^^^^^^^^^^^^^^^^^^^
tests/autogen_op/regnet_y_1_6gf/test_regnet_y_1_6gf_aten_mul_Tensor.py:8: in <module>
    import ttnn
E   ModuleNotFoundError: No module named 'ttnn'
_ ERROR collecting tests/autogen_op/regnet_y_1_6gf/test_regnet_y_1_6gf_aten_relu_default.py _
ImportError while importing test module '/Users/Ajay17/pytorch2.0_ttnn/tests/autogen_op/regnet_y_1_6gf/test_regnet_y_1_6gf_aten_relu_default.py'.
Hint: make sure your test modules/packages have valid Python names.
Traceback:
../.pyenv/versions/3.11.10/lib/python3.11/importlib/__init__.py:126: in import_module
    return _bootstrap._gcd_import(name[level:], package, level)
           ^^^^^^^^^^^^^^^^^^^^^^^^^^^^^^^^^^^^^^^^^^^^^^^^^^^^
tests/autogen_op/regnet_y_1_6gf/test_regnet_y_1_6gf_aten_relu_default.py:8: in <module>
    import ttnn
E   ModuleNotFoundError: No module named 'ttnn'
_ ERROR collecting tests/autogen_op/regnet_y_1_6gf/test_regnet_y_1_6gf_aten_sigmoid_default.py _
ImportError while importing test module '/Users/Ajay17/pytorch2.0_ttnn/tests/autogen_op/regnet_y_1_6gf/test_regnet_y_1_6gf_aten_sigmoid_default.py'.
Hint: make sure your test modules/packages have valid Python names.
Traceback:
../.pyenv/versions/3.11.10/lib/python3.11/importlib/__init__.py:126: in import_module
    return _bootstrap._gcd_import(name[level:], package, level)
           ^^^^^^^^^^^^^^^^^^^^^^^^^^^^^^^^^^^^^^^^^^^^^^^^^^^^
tests/autogen_op/regnet_y_1_6gf/test_regnet_y_1_6gf_aten_sigmoid_default.py:8: in <module>
    import ttnn
E   ModuleNotFoundError: No module named 'ttnn'
_ ERROR collecting tests/autogen_op/regnet_y_1_6gf/test_regnet_y_1_6gf_aten_t_default.py _
ImportError while importing test module '/Users/Ajay17/pytorch2.0_ttnn/tests/autogen_op/regnet_y_1_6gf/test_regnet_y_1_6gf_aten_t_default.py'.
Hint: make sure your test modules/packages have valid Python names.
Traceback:
../.pyenv/versions/3.11.10/lib/python3.11/importlib/__init__.py:126: in import_module
    return _bootstrap._gcd_import(name[level:], package, level)
           ^^^^^^^^^^^^^^^^^^^^^^^^^^^^^^^^^^^^^^^^^^^^^^^^^^^^
tests/autogen_op/regnet_y_1_6gf/test_regnet_y_1_6gf_aten_t_default.py:8: in <module>
    import ttnn
E   ModuleNotFoundError: No module named 'ttnn'
_ ERROR collecting tests/autogen_op/regnet_y_1_6gf/test_regnet_y_1_6gf_aten_view_default.py _
ImportError while importing test module '/Users/Ajay17/pytorch2.0_ttnn/tests/autogen_op/regnet_y_1_6gf/test_regnet_y_1_6gf_aten_view_default.py'.
Hint: make sure your test modules/packages have valid Python names.
Traceback:
../.pyenv/versions/3.11.10/lib/python3.11/importlib/__init__.py:126: in import_module
    return _bootstrap._gcd_import(name[level:], package, level)
           ^^^^^^^^^^^^^^^^^^^^^^^^^^^^^^^^^^^^^^^^^^^^^^^^^^^^
tests/autogen_op/regnet_y_1_6gf/test_regnet_y_1_6gf_aten_view_default.py:8: in <module>
    import ttnn
E   ModuleNotFoundError: No module named 'ttnn'
_ ERROR collecting tests/autogen_op/regnet_y_32gf/test_regnet_y_32gf_aten__native_batch_norm_legit_no_training_default.py _
ImportError while importing test module '/Users/Ajay17/pytorch2.0_ttnn/tests/autogen_op/regnet_y_32gf/test_regnet_y_32gf_aten__native_batch_norm_legit_no_training_default.py'.
Hint: make sure your test modules/packages have valid Python names.
Traceback:
../.pyenv/versions/3.11.10/lib/python3.11/importlib/__init__.py:126: in import_module
    return _bootstrap._gcd_import(name[level:], package, level)
           ^^^^^^^^^^^^^^^^^^^^^^^^^^^^^^^^^^^^^^^^^^^^^^^^^^^^
tests/autogen_op/regnet_y_32gf/test_regnet_y_32gf_aten__native_batch_norm_legit_no_training_default.py:8: in <module>
    import ttnn
E   ModuleNotFoundError: No module named 'ttnn'
_ ERROR collecting tests/autogen_op/regnet_y_32gf/test_regnet_y_32gf_aten_add_Tensor.py _
ImportError while importing test module '/Users/Ajay17/pytorch2.0_ttnn/tests/autogen_op/regnet_y_32gf/test_regnet_y_32gf_aten_add_Tensor.py'.
Hint: make sure your test modules/packages have valid Python names.
Traceback:
../.pyenv/versions/3.11.10/lib/python3.11/importlib/__init__.py:126: in import_module
    return _bootstrap._gcd_import(name[level:], package, level)
           ^^^^^^^^^^^^^^^^^^^^^^^^^^^^^^^^^^^^^^^^^^^^^^^^^^^^
tests/autogen_op/regnet_y_32gf/test_regnet_y_32gf_aten_add_Tensor.py:8: in <module>
    import ttnn
E   ModuleNotFoundError: No module named 'ttnn'
_ ERROR collecting tests/autogen_op/regnet_y_32gf/test_regnet_y_32gf_aten_addmm_default.py _
ImportError while importing test module '/Users/Ajay17/pytorch2.0_ttnn/tests/autogen_op/regnet_y_32gf/test_regnet_y_32gf_aten_addmm_default.py'.
Hint: make sure your test modules/packages have valid Python names.
Traceback:
../.pyenv/versions/3.11.10/lib/python3.11/importlib/__init__.py:126: in import_module
    return _bootstrap._gcd_import(name[level:], package, level)
           ^^^^^^^^^^^^^^^^^^^^^^^^^^^^^^^^^^^^^^^^^^^^^^^^^^^^
tests/autogen_op/regnet_y_32gf/test_regnet_y_32gf_aten_addmm_default.py:8: in <module>
    import ttnn
E   ModuleNotFoundError: No module named 'ttnn'
_ ERROR collecting tests/autogen_op/regnet_y_32gf/test_regnet_y_32gf_aten_convolution_default.py _
ImportError while importing test module '/Users/Ajay17/pytorch2.0_ttnn/tests/autogen_op/regnet_y_32gf/test_regnet_y_32gf_aten_convolution_default.py'.
Hint: make sure your test modules/packages have valid Python names.
Traceback:
../.pyenv/versions/3.11.10/lib/python3.11/importlib/__init__.py:126: in import_module
    return _bootstrap._gcd_import(name[level:], package, level)
           ^^^^^^^^^^^^^^^^^^^^^^^^^^^^^^^^^^^^^^^^^^^^^^^^^^^^
tests/autogen_op/regnet_y_32gf/test_regnet_y_32gf_aten_convolution_default.py:8: in <module>
    import ttnn
E   ModuleNotFoundError: No module named 'ttnn'
_ ERROR collecting tests/autogen_op/regnet_y_32gf/test_regnet_y_32gf_aten_mean_dim.py _
ImportError while importing test module '/Users/Ajay17/pytorch2.0_ttnn/tests/autogen_op/regnet_y_32gf/test_regnet_y_32gf_aten_mean_dim.py'.
Hint: make sure your test modules/packages have valid Python names.
Traceback:
../.pyenv/versions/3.11.10/lib/python3.11/importlib/__init__.py:126: in import_module
    return _bootstrap._gcd_import(name[level:], package, level)
           ^^^^^^^^^^^^^^^^^^^^^^^^^^^^^^^^^^^^^^^^^^^^^^^^^^^^
tests/autogen_op/regnet_y_32gf/test_regnet_y_32gf_aten_mean_dim.py:8: in <module>
    import ttnn
E   ModuleNotFoundError: No module named 'ttnn'
_ ERROR collecting tests/autogen_op/regnet_y_32gf/test_regnet_y_32gf_aten_mul_Tensor.py _
ImportError while importing test module '/Users/Ajay17/pytorch2.0_ttnn/tests/autogen_op/regnet_y_32gf/test_regnet_y_32gf_aten_mul_Tensor.py'.
Hint: make sure your test modules/packages have valid Python names.
Traceback:
../.pyenv/versions/3.11.10/lib/python3.11/importlib/__init__.py:126: in import_module
    return _bootstrap._gcd_import(name[level:], package, level)
           ^^^^^^^^^^^^^^^^^^^^^^^^^^^^^^^^^^^^^^^^^^^^^^^^^^^^
tests/autogen_op/regnet_y_32gf/test_regnet_y_32gf_aten_mul_Tensor.py:8: in <module>
    import ttnn
E   ModuleNotFoundError: No module named 'ttnn'
_ ERROR collecting tests/autogen_op/regnet_y_32gf/test_regnet_y_32gf_aten_relu_default.py _
ImportError while importing test module '/Users/Ajay17/pytorch2.0_ttnn/tests/autogen_op/regnet_y_32gf/test_regnet_y_32gf_aten_relu_default.py'.
Hint: make sure your test modules/packages have valid Python names.
Traceback:
../.pyenv/versions/3.11.10/lib/python3.11/importlib/__init__.py:126: in import_module
    return _bootstrap._gcd_import(name[level:], package, level)
           ^^^^^^^^^^^^^^^^^^^^^^^^^^^^^^^^^^^^^^^^^^^^^^^^^^^^
tests/autogen_op/regnet_y_32gf/test_regnet_y_32gf_aten_relu_default.py:8: in <module>
    import ttnn
E   ModuleNotFoundError: No module named 'ttnn'
_ ERROR collecting tests/autogen_op/regnet_y_32gf/test_regnet_y_32gf_aten_sigmoid_default.py _
ImportError while importing test module '/Users/Ajay17/pytorch2.0_ttnn/tests/autogen_op/regnet_y_32gf/test_regnet_y_32gf_aten_sigmoid_default.py'.
Hint: make sure your test modules/packages have valid Python names.
Traceback:
../.pyenv/versions/3.11.10/lib/python3.11/importlib/__init__.py:126: in import_module
    return _bootstrap._gcd_import(name[level:], package, level)
           ^^^^^^^^^^^^^^^^^^^^^^^^^^^^^^^^^^^^^^^^^^^^^^^^^^^^
tests/autogen_op/regnet_y_32gf/test_regnet_y_32gf_aten_sigmoid_default.py:8: in <module>
    import ttnn
E   ModuleNotFoundError: No module named 'ttnn'
_ ERROR collecting tests/autogen_op/regnet_y_32gf/test_regnet_y_32gf_aten_t_default.py _
ImportError while importing test module '/Users/Ajay17/pytorch2.0_ttnn/tests/autogen_op/regnet_y_32gf/test_regnet_y_32gf_aten_t_default.py'.
Hint: make sure your test modules/packages have valid Python names.
Traceback:
../.pyenv/versions/3.11.10/lib/python3.11/importlib/__init__.py:126: in import_module
    return _bootstrap._gcd_import(name[level:], package, level)
           ^^^^^^^^^^^^^^^^^^^^^^^^^^^^^^^^^^^^^^^^^^^^^^^^^^^^
tests/autogen_op/regnet_y_32gf/test_regnet_y_32gf_aten_t_default.py:8: in <module>
    import ttnn
E   ModuleNotFoundError: No module named 'ttnn'
_ ERROR collecting tests/autogen_op/regnet_y_32gf/test_regnet_y_32gf_aten_view_default.py _
ImportError while importing test module '/Users/Ajay17/pytorch2.0_ttnn/tests/autogen_op/regnet_y_32gf/test_regnet_y_32gf_aten_view_default.py'.
Hint: make sure your test modules/packages have valid Python names.
Traceback:
../.pyenv/versions/3.11.10/lib/python3.11/importlib/__init__.py:126: in import_module
    return _bootstrap._gcd_import(name[level:], package, level)
           ^^^^^^^^^^^^^^^^^^^^^^^^^^^^^^^^^^^^^^^^^^^^^^^^^^^^
tests/autogen_op/regnet_y_32gf/test_regnet_y_32gf_aten_view_default.py:8: in <module>
    import ttnn
E   ModuleNotFoundError: No module named 'ttnn'
_ ERROR collecting tests/autogen_op/regnet_y_3_2gf/test_regnet_y_3_2gf_aten__native_batch_norm_legit_no_training_default.py _
ImportError while importing test module '/Users/Ajay17/pytorch2.0_ttnn/tests/autogen_op/regnet_y_3_2gf/test_regnet_y_3_2gf_aten__native_batch_norm_legit_no_training_default.py'.
Hint: make sure your test modules/packages have valid Python names.
Traceback:
../.pyenv/versions/3.11.10/lib/python3.11/importlib/__init__.py:126: in import_module
    return _bootstrap._gcd_import(name[level:], package, level)
           ^^^^^^^^^^^^^^^^^^^^^^^^^^^^^^^^^^^^^^^^^^^^^^^^^^^^
tests/autogen_op/regnet_y_3_2gf/test_regnet_y_3_2gf_aten__native_batch_norm_legit_no_training_default.py:8: in <module>
    import ttnn
E   ModuleNotFoundError: No module named 'ttnn'
_ ERROR collecting tests/autogen_op/regnet_y_3_2gf/test_regnet_y_3_2gf_aten_add_Tensor.py _
ImportError while importing test module '/Users/Ajay17/pytorch2.0_ttnn/tests/autogen_op/regnet_y_3_2gf/test_regnet_y_3_2gf_aten_add_Tensor.py'.
Hint: make sure your test modules/packages have valid Python names.
Traceback:
../.pyenv/versions/3.11.10/lib/python3.11/importlib/__init__.py:126: in import_module
    return _bootstrap._gcd_import(name[level:], package, level)
           ^^^^^^^^^^^^^^^^^^^^^^^^^^^^^^^^^^^^^^^^^^^^^^^^^^^^
tests/autogen_op/regnet_y_3_2gf/test_regnet_y_3_2gf_aten_add_Tensor.py:8: in <module>
    import ttnn
E   ModuleNotFoundError: No module named 'ttnn'
_ ERROR collecting tests/autogen_op/regnet_y_3_2gf/test_regnet_y_3_2gf_aten_addmm_default.py _
ImportError while importing test module '/Users/Ajay17/pytorch2.0_ttnn/tests/autogen_op/regnet_y_3_2gf/test_regnet_y_3_2gf_aten_addmm_default.py'.
Hint: make sure your test modules/packages have valid Python names.
Traceback:
../.pyenv/versions/3.11.10/lib/python3.11/importlib/__init__.py:126: in import_module
    return _bootstrap._gcd_import(name[level:], package, level)
           ^^^^^^^^^^^^^^^^^^^^^^^^^^^^^^^^^^^^^^^^^^^^^^^^^^^^
tests/autogen_op/regnet_y_3_2gf/test_regnet_y_3_2gf_aten_addmm_default.py:8: in <module>
    import ttnn
E   ModuleNotFoundError: No module named 'ttnn'
_ ERROR collecting tests/autogen_op/regnet_y_3_2gf/test_regnet_y_3_2gf_aten_convolution_default.py _
ImportError while importing test module '/Users/Ajay17/pytorch2.0_ttnn/tests/autogen_op/regnet_y_3_2gf/test_regnet_y_3_2gf_aten_convolution_default.py'.
Hint: make sure your test modules/packages have valid Python names.
Traceback:
../.pyenv/versions/3.11.10/lib/python3.11/importlib/__init__.py:126: in import_module
    return _bootstrap._gcd_import(name[level:], package, level)
           ^^^^^^^^^^^^^^^^^^^^^^^^^^^^^^^^^^^^^^^^^^^^^^^^^^^^
tests/autogen_op/regnet_y_3_2gf/test_regnet_y_3_2gf_aten_convolution_default.py:8: in <module>
    import ttnn
E   ModuleNotFoundError: No module named 'ttnn'
_ ERROR collecting tests/autogen_op/regnet_y_3_2gf/test_regnet_y_3_2gf_aten_mean_dim.py _
ImportError while importing test module '/Users/Ajay17/pytorch2.0_ttnn/tests/autogen_op/regnet_y_3_2gf/test_regnet_y_3_2gf_aten_mean_dim.py'.
Hint: make sure your test modules/packages have valid Python names.
Traceback:
../.pyenv/versions/3.11.10/lib/python3.11/importlib/__init__.py:126: in import_module
    return _bootstrap._gcd_import(name[level:], package, level)
           ^^^^^^^^^^^^^^^^^^^^^^^^^^^^^^^^^^^^^^^^^^^^^^^^^^^^
tests/autogen_op/regnet_y_3_2gf/test_regnet_y_3_2gf_aten_mean_dim.py:8: in <module>
    import ttnn
E   ModuleNotFoundError: No module named 'ttnn'
_ ERROR collecting tests/autogen_op/regnet_y_3_2gf/test_regnet_y_3_2gf_aten_mul_Tensor.py _
ImportError while importing test module '/Users/Ajay17/pytorch2.0_ttnn/tests/autogen_op/regnet_y_3_2gf/test_regnet_y_3_2gf_aten_mul_Tensor.py'.
Hint: make sure your test modules/packages have valid Python names.
Traceback:
../.pyenv/versions/3.11.10/lib/python3.11/importlib/__init__.py:126: in import_module
    return _bootstrap._gcd_import(name[level:], package, level)
           ^^^^^^^^^^^^^^^^^^^^^^^^^^^^^^^^^^^^^^^^^^^^^^^^^^^^
tests/autogen_op/regnet_y_3_2gf/test_regnet_y_3_2gf_aten_mul_Tensor.py:8: in <module>
    import ttnn
E   ModuleNotFoundError: No module named 'ttnn'
_ ERROR collecting tests/autogen_op/regnet_y_3_2gf/test_regnet_y_3_2gf_aten_relu_default.py _
ImportError while importing test module '/Users/Ajay17/pytorch2.0_ttnn/tests/autogen_op/regnet_y_3_2gf/test_regnet_y_3_2gf_aten_relu_default.py'.
Hint: make sure your test modules/packages have valid Python names.
Traceback:
../.pyenv/versions/3.11.10/lib/python3.11/importlib/__init__.py:126: in import_module
    return _bootstrap._gcd_import(name[level:], package, level)
           ^^^^^^^^^^^^^^^^^^^^^^^^^^^^^^^^^^^^^^^^^^^^^^^^^^^^
tests/autogen_op/regnet_y_3_2gf/test_regnet_y_3_2gf_aten_relu_default.py:8: in <module>
    import ttnn
E   ModuleNotFoundError: No module named 'ttnn'
_ ERROR collecting tests/autogen_op/regnet_y_3_2gf/test_regnet_y_3_2gf_aten_sigmoid_default.py _
ImportError while importing test module '/Users/Ajay17/pytorch2.0_ttnn/tests/autogen_op/regnet_y_3_2gf/test_regnet_y_3_2gf_aten_sigmoid_default.py'.
Hint: make sure your test modules/packages have valid Python names.
Traceback:
../.pyenv/versions/3.11.10/lib/python3.11/importlib/__init__.py:126: in import_module
    return _bootstrap._gcd_import(name[level:], package, level)
           ^^^^^^^^^^^^^^^^^^^^^^^^^^^^^^^^^^^^^^^^^^^^^^^^^^^^
tests/autogen_op/regnet_y_3_2gf/test_regnet_y_3_2gf_aten_sigmoid_default.py:8: in <module>
    import ttnn
E   ModuleNotFoundError: No module named 'ttnn'
_ ERROR collecting tests/autogen_op/regnet_y_3_2gf/test_regnet_y_3_2gf_aten_t_default.py _
ImportError while importing test module '/Users/Ajay17/pytorch2.0_ttnn/tests/autogen_op/regnet_y_3_2gf/test_regnet_y_3_2gf_aten_t_default.py'.
Hint: make sure your test modules/packages have valid Python names.
Traceback:
../.pyenv/versions/3.11.10/lib/python3.11/importlib/__init__.py:126: in import_module
    return _bootstrap._gcd_import(name[level:], package, level)
           ^^^^^^^^^^^^^^^^^^^^^^^^^^^^^^^^^^^^^^^^^^^^^^^^^^^^
tests/autogen_op/regnet_y_3_2gf/test_regnet_y_3_2gf_aten_t_default.py:8: in <module>
    import ttnn
E   ModuleNotFoundError: No module named 'ttnn'
_ ERROR collecting tests/autogen_op/regnet_y_3_2gf/test_regnet_y_3_2gf_aten_view_default.py _
ImportError while importing test module '/Users/Ajay17/pytorch2.0_ttnn/tests/autogen_op/regnet_y_3_2gf/test_regnet_y_3_2gf_aten_view_default.py'.
Hint: make sure your test modules/packages have valid Python names.
Traceback:
../.pyenv/versions/3.11.10/lib/python3.11/importlib/__init__.py:126: in import_module
    return _bootstrap._gcd_import(name[level:], package, level)
           ^^^^^^^^^^^^^^^^^^^^^^^^^^^^^^^^^^^^^^^^^^^^^^^^^^^^
tests/autogen_op/regnet_y_3_2gf/test_regnet_y_3_2gf_aten_view_default.py:8: in <module>
    import ttnn
E   ModuleNotFoundError: No module named 'ttnn'
_ ERROR collecting tests/autogen_op/regnet_y_400mf/test_regnet_y_400mf_aten__native_batch_norm_legit_no_training_default.py _
ImportError while importing test module '/Users/Ajay17/pytorch2.0_ttnn/tests/autogen_op/regnet_y_400mf/test_regnet_y_400mf_aten__native_batch_norm_legit_no_training_default.py'.
Hint: make sure your test modules/packages have valid Python names.
Traceback:
../.pyenv/versions/3.11.10/lib/python3.11/importlib/__init__.py:126: in import_module
    return _bootstrap._gcd_import(name[level:], package, level)
           ^^^^^^^^^^^^^^^^^^^^^^^^^^^^^^^^^^^^^^^^^^^^^^^^^^^^
tests/autogen_op/regnet_y_400mf/test_regnet_y_400mf_aten__native_batch_norm_legit_no_training_default.py:8: in <module>
    import ttnn
E   ModuleNotFoundError: No module named 'ttnn'
_ ERROR collecting tests/autogen_op/regnet_y_400mf/test_regnet_y_400mf_aten_add_Tensor.py _
ImportError while importing test module '/Users/Ajay17/pytorch2.0_ttnn/tests/autogen_op/regnet_y_400mf/test_regnet_y_400mf_aten_add_Tensor.py'.
Hint: make sure your test modules/packages have valid Python names.
Traceback:
../.pyenv/versions/3.11.10/lib/python3.11/importlib/__init__.py:126: in import_module
    return _bootstrap._gcd_import(name[level:], package, level)
           ^^^^^^^^^^^^^^^^^^^^^^^^^^^^^^^^^^^^^^^^^^^^^^^^^^^^
tests/autogen_op/regnet_y_400mf/test_regnet_y_400mf_aten_add_Tensor.py:8: in <module>
    import ttnn
E   ModuleNotFoundError: No module named 'ttnn'
_ ERROR collecting tests/autogen_op/regnet_y_400mf/test_regnet_y_400mf_aten_addmm_default.py _
ImportError while importing test module '/Users/Ajay17/pytorch2.0_ttnn/tests/autogen_op/regnet_y_400mf/test_regnet_y_400mf_aten_addmm_default.py'.
Hint: make sure your test modules/packages have valid Python names.
Traceback:
../.pyenv/versions/3.11.10/lib/python3.11/importlib/__init__.py:126: in import_module
    return _bootstrap._gcd_import(name[level:], package, level)
           ^^^^^^^^^^^^^^^^^^^^^^^^^^^^^^^^^^^^^^^^^^^^^^^^^^^^
tests/autogen_op/regnet_y_400mf/test_regnet_y_400mf_aten_addmm_default.py:8: in <module>
    import ttnn
E   ModuleNotFoundError: No module named 'ttnn'
_ ERROR collecting tests/autogen_op/regnet_y_400mf/test_regnet_y_400mf_aten_convolution_default.py _
ImportError while importing test module '/Users/Ajay17/pytorch2.0_ttnn/tests/autogen_op/regnet_y_400mf/test_regnet_y_400mf_aten_convolution_default.py'.
Hint: make sure your test modules/packages have valid Python names.
Traceback:
../.pyenv/versions/3.11.10/lib/python3.11/importlib/__init__.py:126: in import_module
    return _bootstrap._gcd_import(name[level:], package, level)
           ^^^^^^^^^^^^^^^^^^^^^^^^^^^^^^^^^^^^^^^^^^^^^^^^^^^^
tests/autogen_op/regnet_y_400mf/test_regnet_y_400mf_aten_convolution_default.py:8: in <module>
    import ttnn
E   ModuleNotFoundError: No module named 'ttnn'
_ ERROR collecting tests/autogen_op/regnet_y_400mf/test_regnet_y_400mf_aten_mean_dim.py _
ImportError while importing test module '/Users/Ajay17/pytorch2.0_ttnn/tests/autogen_op/regnet_y_400mf/test_regnet_y_400mf_aten_mean_dim.py'.
Hint: make sure your test modules/packages have valid Python names.
Traceback:
../.pyenv/versions/3.11.10/lib/python3.11/importlib/__init__.py:126: in import_module
    return _bootstrap._gcd_import(name[level:], package, level)
           ^^^^^^^^^^^^^^^^^^^^^^^^^^^^^^^^^^^^^^^^^^^^^^^^^^^^
tests/autogen_op/regnet_y_400mf/test_regnet_y_400mf_aten_mean_dim.py:8: in <module>
    import ttnn
E   ModuleNotFoundError: No module named 'ttnn'
_ ERROR collecting tests/autogen_op/regnet_y_400mf/test_regnet_y_400mf_aten_mul_Tensor.py _
ImportError while importing test module '/Users/Ajay17/pytorch2.0_ttnn/tests/autogen_op/regnet_y_400mf/test_regnet_y_400mf_aten_mul_Tensor.py'.
Hint: make sure your test modules/packages have valid Python names.
Traceback:
../.pyenv/versions/3.11.10/lib/python3.11/importlib/__init__.py:126: in import_module
    return _bootstrap._gcd_import(name[level:], package, level)
           ^^^^^^^^^^^^^^^^^^^^^^^^^^^^^^^^^^^^^^^^^^^^^^^^^^^^
tests/autogen_op/regnet_y_400mf/test_regnet_y_400mf_aten_mul_Tensor.py:8: in <module>
    import ttnn
E   ModuleNotFoundError: No module named 'ttnn'
_ ERROR collecting tests/autogen_op/regnet_y_400mf/test_regnet_y_400mf_aten_relu_default.py _
ImportError while importing test module '/Users/Ajay17/pytorch2.0_ttnn/tests/autogen_op/regnet_y_400mf/test_regnet_y_400mf_aten_relu_default.py'.
Hint: make sure your test modules/packages have valid Python names.
Traceback:
../.pyenv/versions/3.11.10/lib/python3.11/importlib/__init__.py:126: in import_module
    return _bootstrap._gcd_import(name[level:], package, level)
           ^^^^^^^^^^^^^^^^^^^^^^^^^^^^^^^^^^^^^^^^^^^^^^^^^^^^
tests/autogen_op/regnet_y_400mf/test_regnet_y_400mf_aten_relu_default.py:8: in <module>
    import ttnn
E   ModuleNotFoundError: No module named 'ttnn'
_ ERROR collecting tests/autogen_op/regnet_y_400mf/test_regnet_y_400mf_aten_sigmoid_default.py _
ImportError while importing test module '/Users/Ajay17/pytorch2.0_ttnn/tests/autogen_op/regnet_y_400mf/test_regnet_y_400mf_aten_sigmoid_default.py'.
Hint: make sure your test modules/packages have valid Python names.
Traceback:
../.pyenv/versions/3.11.10/lib/python3.11/importlib/__init__.py:126: in import_module
    return _bootstrap._gcd_import(name[level:], package, level)
           ^^^^^^^^^^^^^^^^^^^^^^^^^^^^^^^^^^^^^^^^^^^^^^^^^^^^
tests/autogen_op/regnet_y_400mf/test_regnet_y_400mf_aten_sigmoid_default.py:8: in <module>
    import ttnn
E   ModuleNotFoundError: No module named 'ttnn'
_ ERROR collecting tests/autogen_op/regnet_y_400mf/test_regnet_y_400mf_aten_t_default.py _
ImportError while importing test module '/Users/Ajay17/pytorch2.0_ttnn/tests/autogen_op/regnet_y_400mf/test_regnet_y_400mf_aten_t_default.py'.
Hint: make sure your test modules/packages have valid Python names.
Traceback:
../.pyenv/versions/3.11.10/lib/python3.11/importlib/__init__.py:126: in import_module
    return _bootstrap._gcd_import(name[level:], package, level)
           ^^^^^^^^^^^^^^^^^^^^^^^^^^^^^^^^^^^^^^^^^^^^^^^^^^^^
tests/autogen_op/regnet_y_400mf/test_regnet_y_400mf_aten_t_default.py:8: in <module>
    import ttnn
E   ModuleNotFoundError: No module named 'ttnn'
_ ERROR collecting tests/autogen_op/regnet_y_400mf/test_regnet_y_400mf_aten_view_default.py _
ImportError while importing test module '/Users/Ajay17/pytorch2.0_ttnn/tests/autogen_op/regnet_y_400mf/test_regnet_y_400mf_aten_view_default.py'.
Hint: make sure your test modules/packages have valid Python names.
Traceback:
../.pyenv/versions/3.11.10/lib/python3.11/importlib/__init__.py:126: in import_module
    return _bootstrap._gcd_import(name[level:], package, level)
           ^^^^^^^^^^^^^^^^^^^^^^^^^^^^^^^^^^^^^^^^^^^^^^^^^^^^
tests/autogen_op/regnet_y_400mf/test_regnet_y_400mf_aten_view_default.py:8: in <module>
    import ttnn
E   ModuleNotFoundError: No module named 'ttnn'
_ ERROR collecting tests/autogen_op/regnet_y_800mf/test_regnet_y_800mf_aten__native_batch_norm_legit_no_training_default.py _
ImportError while importing test module '/Users/Ajay17/pytorch2.0_ttnn/tests/autogen_op/regnet_y_800mf/test_regnet_y_800mf_aten__native_batch_norm_legit_no_training_default.py'.
Hint: make sure your test modules/packages have valid Python names.
Traceback:
../.pyenv/versions/3.11.10/lib/python3.11/importlib/__init__.py:126: in import_module
    return _bootstrap._gcd_import(name[level:], package, level)
           ^^^^^^^^^^^^^^^^^^^^^^^^^^^^^^^^^^^^^^^^^^^^^^^^^^^^
tests/autogen_op/regnet_y_800mf/test_regnet_y_800mf_aten__native_batch_norm_legit_no_training_default.py:8: in <module>
    import ttnn
E   ModuleNotFoundError: No module named 'ttnn'
_ ERROR collecting tests/autogen_op/regnet_y_800mf/test_regnet_y_800mf_aten_add_Tensor.py _
ImportError while importing test module '/Users/Ajay17/pytorch2.0_ttnn/tests/autogen_op/regnet_y_800mf/test_regnet_y_800mf_aten_add_Tensor.py'.
Hint: make sure your test modules/packages have valid Python names.
Traceback:
../.pyenv/versions/3.11.10/lib/python3.11/importlib/__init__.py:126: in import_module
    return _bootstrap._gcd_import(name[level:], package, level)
           ^^^^^^^^^^^^^^^^^^^^^^^^^^^^^^^^^^^^^^^^^^^^^^^^^^^^
tests/autogen_op/regnet_y_800mf/test_regnet_y_800mf_aten_add_Tensor.py:8: in <module>
    import ttnn
E   ModuleNotFoundError: No module named 'ttnn'
_ ERROR collecting tests/autogen_op/regnet_y_800mf/test_regnet_y_800mf_aten_addmm_default.py _
ImportError while importing test module '/Users/Ajay17/pytorch2.0_ttnn/tests/autogen_op/regnet_y_800mf/test_regnet_y_800mf_aten_addmm_default.py'.
Hint: make sure your test modules/packages have valid Python names.
Traceback:
../.pyenv/versions/3.11.10/lib/python3.11/importlib/__init__.py:126: in import_module
    return _bootstrap._gcd_import(name[level:], package, level)
           ^^^^^^^^^^^^^^^^^^^^^^^^^^^^^^^^^^^^^^^^^^^^^^^^^^^^
tests/autogen_op/regnet_y_800mf/test_regnet_y_800mf_aten_addmm_default.py:8: in <module>
    import ttnn
E   ModuleNotFoundError: No module named 'ttnn'
_ ERROR collecting tests/autogen_op/regnet_y_800mf/test_regnet_y_800mf_aten_convolution_default.py _
ImportError while importing test module '/Users/Ajay17/pytorch2.0_ttnn/tests/autogen_op/regnet_y_800mf/test_regnet_y_800mf_aten_convolution_default.py'.
Hint: make sure your test modules/packages have valid Python names.
Traceback:
../.pyenv/versions/3.11.10/lib/python3.11/importlib/__init__.py:126: in import_module
    return _bootstrap._gcd_import(name[level:], package, level)
           ^^^^^^^^^^^^^^^^^^^^^^^^^^^^^^^^^^^^^^^^^^^^^^^^^^^^
tests/autogen_op/regnet_y_800mf/test_regnet_y_800mf_aten_convolution_default.py:8: in <module>
    import ttnn
E   ModuleNotFoundError: No module named 'ttnn'
_ ERROR collecting tests/autogen_op/regnet_y_800mf/test_regnet_y_800mf_aten_mean_dim.py _
ImportError while importing test module '/Users/Ajay17/pytorch2.0_ttnn/tests/autogen_op/regnet_y_800mf/test_regnet_y_800mf_aten_mean_dim.py'.
Hint: make sure your test modules/packages have valid Python names.
Traceback:
../.pyenv/versions/3.11.10/lib/python3.11/importlib/__init__.py:126: in import_module
    return _bootstrap._gcd_import(name[level:], package, level)
           ^^^^^^^^^^^^^^^^^^^^^^^^^^^^^^^^^^^^^^^^^^^^^^^^^^^^
tests/autogen_op/regnet_y_800mf/test_regnet_y_800mf_aten_mean_dim.py:8: in <module>
    import ttnn
E   ModuleNotFoundError: No module named 'ttnn'
_ ERROR collecting tests/autogen_op/regnet_y_800mf/test_regnet_y_800mf_aten_mul_Tensor.py _
ImportError while importing test module '/Users/Ajay17/pytorch2.0_ttnn/tests/autogen_op/regnet_y_800mf/test_regnet_y_800mf_aten_mul_Tensor.py'.
Hint: make sure your test modules/packages have valid Python names.
Traceback:
../.pyenv/versions/3.11.10/lib/python3.11/importlib/__init__.py:126: in import_module
    return _bootstrap._gcd_import(name[level:], package, level)
           ^^^^^^^^^^^^^^^^^^^^^^^^^^^^^^^^^^^^^^^^^^^^^^^^^^^^
tests/autogen_op/regnet_y_800mf/test_regnet_y_800mf_aten_mul_Tensor.py:8: in <module>
    import ttnn
E   ModuleNotFoundError: No module named 'ttnn'
_ ERROR collecting tests/autogen_op/regnet_y_800mf/test_regnet_y_800mf_aten_relu_default.py _
ImportError while importing test module '/Users/Ajay17/pytorch2.0_ttnn/tests/autogen_op/regnet_y_800mf/test_regnet_y_800mf_aten_relu_default.py'.
Hint: make sure your test modules/packages have valid Python names.
Traceback:
../.pyenv/versions/3.11.10/lib/python3.11/importlib/__init__.py:126: in import_module
    return _bootstrap._gcd_import(name[level:], package, level)
           ^^^^^^^^^^^^^^^^^^^^^^^^^^^^^^^^^^^^^^^^^^^^^^^^^^^^
tests/autogen_op/regnet_y_800mf/test_regnet_y_800mf_aten_relu_default.py:8: in <module>
    import ttnn
E   ModuleNotFoundError: No module named 'ttnn'
_ ERROR collecting tests/autogen_op/regnet_y_800mf/test_regnet_y_800mf_aten_sigmoid_default.py _
ImportError while importing test module '/Users/Ajay17/pytorch2.0_ttnn/tests/autogen_op/regnet_y_800mf/test_regnet_y_800mf_aten_sigmoid_default.py'.
Hint: make sure your test modules/packages have valid Python names.
Traceback:
../.pyenv/versions/3.11.10/lib/python3.11/importlib/__init__.py:126: in import_module
    return _bootstrap._gcd_import(name[level:], package, level)
           ^^^^^^^^^^^^^^^^^^^^^^^^^^^^^^^^^^^^^^^^^^^^^^^^^^^^
tests/autogen_op/regnet_y_800mf/test_regnet_y_800mf_aten_sigmoid_default.py:8: in <module>
    import ttnn
E   ModuleNotFoundError: No module named 'ttnn'
_ ERROR collecting tests/autogen_op/regnet_y_800mf/test_regnet_y_800mf_aten_t_default.py _
ImportError while importing test module '/Users/Ajay17/pytorch2.0_ttnn/tests/autogen_op/regnet_y_800mf/test_regnet_y_800mf_aten_t_default.py'.
Hint: make sure your test modules/packages have valid Python names.
Traceback:
../.pyenv/versions/3.11.10/lib/python3.11/importlib/__init__.py:126: in import_module
    return _bootstrap._gcd_import(name[level:], package, level)
           ^^^^^^^^^^^^^^^^^^^^^^^^^^^^^^^^^^^^^^^^^^^^^^^^^^^^
tests/autogen_op/regnet_y_800mf/test_regnet_y_800mf_aten_t_default.py:8: in <module>
    import ttnn
E   ModuleNotFoundError: No module named 'ttnn'
_ ERROR collecting tests/autogen_op/regnet_y_800mf/test_regnet_y_800mf_aten_view_default.py _
ImportError while importing test module '/Users/Ajay17/pytorch2.0_ttnn/tests/autogen_op/regnet_y_800mf/test_regnet_y_800mf_aten_view_default.py'.
Hint: make sure your test modules/packages have valid Python names.
Traceback:
../.pyenv/versions/3.11.10/lib/python3.11/importlib/__init__.py:126: in import_module
    return _bootstrap._gcd_import(name[level:], package, level)
           ^^^^^^^^^^^^^^^^^^^^^^^^^^^^^^^^^^^^^^^^^^^^^^^^^^^^
tests/autogen_op/regnet_y_800mf/test_regnet_y_800mf_aten_view_default.py:8: in <module>
    import ttnn
E   ModuleNotFoundError: No module named 'ttnn'
_ ERROR collecting tests/autogen_op/regnet_y_8gf/test_regnet_y_8gf_aten__native_batch_norm_legit_no_training_default.py _
ImportError while importing test module '/Users/Ajay17/pytorch2.0_ttnn/tests/autogen_op/regnet_y_8gf/test_regnet_y_8gf_aten__native_batch_norm_legit_no_training_default.py'.
Hint: make sure your test modules/packages have valid Python names.
Traceback:
../.pyenv/versions/3.11.10/lib/python3.11/importlib/__init__.py:126: in import_module
    return _bootstrap._gcd_import(name[level:], package, level)
           ^^^^^^^^^^^^^^^^^^^^^^^^^^^^^^^^^^^^^^^^^^^^^^^^^^^^
tests/autogen_op/regnet_y_8gf/test_regnet_y_8gf_aten__native_batch_norm_legit_no_training_default.py:8: in <module>
    import ttnn
E   ModuleNotFoundError: No module named 'ttnn'
_ ERROR collecting tests/autogen_op/regnet_y_8gf/test_regnet_y_8gf_aten_add_Tensor.py _
ImportError while importing test module '/Users/Ajay17/pytorch2.0_ttnn/tests/autogen_op/regnet_y_8gf/test_regnet_y_8gf_aten_add_Tensor.py'.
Hint: make sure your test modules/packages have valid Python names.
Traceback:
../.pyenv/versions/3.11.10/lib/python3.11/importlib/__init__.py:126: in import_module
    return _bootstrap._gcd_import(name[level:], package, level)
           ^^^^^^^^^^^^^^^^^^^^^^^^^^^^^^^^^^^^^^^^^^^^^^^^^^^^
tests/autogen_op/regnet_y_8gf/test_regnet_y_8gf_aten_add_Tensor.py:8: in <module>
    import ttnn
E   ModuleNotFoundError: No module named 'ttnn'
_ ERROR collecting tests/autogen_op/regnet_y_8gf/test_regnet_y_8gf_aten_addmm_default.py _
ImportError while importing test module '/Users/Ajay17/pytorch2.0_ttnn/tests/autogen_op/regnet_y_8gf/test_regnet_y_8gf_aten_addmm_default.py'.
Hint: make sure your test modules/packages have valid Python names.
Traceback:
../.pyenv/versions/3.11.10/lib/python3.11/importlib/__init__.py:126: in import_module
    return _bootstrap._gcd_import(name[level:], package, level)
           ^^^^^^^^^^^^^^^^^^^^^^^^^^^^^^^^^^^^^^^^^^^^^^^^^^^^
tests/autogen_op/regnet_y_8gf/test_regnet_y_8gf_aten_addmm_default.py:8: in <module>
    import ttnn
E   ModuleNotFoundError: No module named 'ttnn'
_ ERROR collecting tests/autogen_op/regnet_y_8gf/test_regnet_y_8gf_aten_convolution_default.py _
ImportError while importing test module '/Users/Ajay17/pytorch2.0_ttnn/tests/autogen_op/regnet_y_8gf/test_regnet_y_8gf_aten_convolution_default.py'.
Hint: make sure your test modules/packages have valid Python names.
Traceback:
../.pyenv/versions/3.11.10/lib/python3.11/importlib/__init__.py:126: in import_module
    return _bootstrap._gcd_import(name[level:], package, level)
           ^^^^^^^^^^^^^^^^^^^^^^^^^^^^^^^^^^^^^^^^^^^^^^^^^^^^
tests/autogen_op/regnet_y_8gf/test_regnet_y_8gf_aten_convolution_default.py:8: in <module>
    import ttnn
E   ModuleNotFoundError: No module named 'ttnn'
_ ERROR collecting tests/autogen_op/regnet_y_8gf/test_regnet_y_8gf_aten_mean_dim.py _
ImportError while importing test module '/Users/Ajay17/pytorch2.0_ttnn/tests/autogen_op/regnet_y_8gf/test_regnet_y_8gf_aten_mean_dim.py'.
Hint: make sure your test modules/packages have valid Python names.
Traceback:
../.pyenv/versions/3.11.10/lib/python3.11/importlib/__init__.py:126: in import_module
    return _bootstrap._gcd_import(name[level:], package, level)
           ^^^^^^^^^^^^^^^^^^^^^^^^^^^^^^^^^^^^^^^^^^^^^^^^^^^^
tests/autogen_op/regnet_y_8gf/test_regnet_y_8gf_aten_mean_dim.py:8: in <module>
    import ttnn
E   ModuleNotFoundError: No module named 'ttnn'
_ ERROR collecting tests/autogen_op/regnet_y_8gf/test_regnet_y_8gf_aten_mul_Tensor.py _
ImportError while importing test module '/Users/Ajay17/pytorch2.0_ttnn/tests/autogen_op/regnet_y_8gf/test_regnet_y_8gf_aten_mul_Tensor.py'.
Hint: make sure your test modules/packages have valid Python names.
Traceback:
../.pyenv/versions/3.11.10/lib/python3.11/importlib/__init__.py:126: in import_module
    return _bootstrap._gcd_import(name[level:], package, level)
           ^^^^^^^^^^^^^^^^^^^^^^^^^^^^^^^^^^^^^^^^^^^^^^^^^^^^
tests/autogen_op/regnet_y_8gf/test_regnet_y_8gf_aten_mul_Tensor.py:8: in <module>
    import ttnn
E   ModuleNotFoundError: No module named 'ttnn'
_ ERROR collecting tests/autogen_op/regnet_y_8gf/test_regnet_y_8gf_aten_relu_default.py _
ImportError while importing test module '/Users/Ajay17/pytorch2.0_ttnn/tests/autogen_op/regnet_y_8gf/test_regnet_y_8gf_aten_relu_default.py'.
Hint: make sure your test modules/packages have valid Python names.
Traceback:
../.pyenv/versions/3.11.10/lib/python3.11/importlib/__init__.py:126: in import_module
    return _bootstrap._gcd_import(name[level:], package, level)
           ^^^^^^^^^^^^^^^^^^^^^^^^^^^^^^^^^^^^^^^^^^^^^^^^^^^^
tests/autogen_op/regnet_y_8gf/test_regnet_y_8gf_aten_relu_default.py:8: in <module>
    import ttnn
E   ModuleNotFoundError: No module named 'ttnn'
_ ERROR collecting tests/autogen_op/regnet_y_8gf/test_regnet_y_8gf_aten_sigmoid_default.py _
ImportError while importing test module '/Users/Ajay17/pytorch2.0_ttnn/tests/autogen_op/regnet_y_8gf/test_regnet_y_8gf_aten_sigmoid_default.py'.
Hint: make sure your test modules/packages have valid Python names.
Traceback:
../.pyenv/versions/3.11.10/lib/python3.11/importlib/__init__.py:126: in import_module
    return _bootstrap._gcd_import(name[level:], package, level)
           ^^^^^^^^^^^^^^^^^^^^^^^^^^^^^^^^^^^^^^^^^^^^^^^^^^^^
tests/autogen_op/regnet_y_8gf/test_regnet_y_8gf_aten_sigmoid_default.py:8: in <module>
    import ttnn
E   ModuleNotFoundError: No module named 'ttnn'
_ ERROR collecting tests/autogen_op/regnet_y_8gf/test_regnet_y_8gf_aten_t_default.py _
ImportError while importing test module '/Users/Ajay17/pytorch2.0_ttnn/tests/autogen_op/regnet_y_8gf/test_regnet_y_8gf_aten_t_default.py'.
Hint: make sure your test modules/packages have valid Python names.
Traceback:
../.pyenv/versions/3.11.10/lib/python3.11/importlib/__init__.py:126: in import_module
    return _bootstrap._gcd_import(name[level:], package, level)
           ^^^^^^^^^^^^^^^^^^^^^^^^^^^^^^^^^^^^^^^^^^^^^^^^^^^^
tests/autogen_op/regnet_y_8gf/test_regnet_y_8gf_aten_t_default.py:8: in <module>
    import ttnn
E   ModuleNotFoundError: No module named 'ttnn'
_ ERROR collecting tests/autogen_op/regnet_y_8gf/test_regnet_y_8gf_aten_view_default.py _
ImportError while importing test module '/Users/Ajay17/pytorch2.0_ttnn/tests/autogen_op/regnet_y_8gf/test_regnet_y_8gf_aten_view_default.py'.
Hint: make sure your test modules/packages have valid Python names.
Traceback:
../.pyenv/versions/3.11.10/lib/python3.11/importlib/__init__.py:126: in import_module
    return _bootstrap._gcd_import(name[level:], package, level)
           ^^^^^^^^^^^^^^^^^^^^^^^^^^^^^^^^^^^^^^^^^^^^^^^^^^^^
tests/autogen_op/regnet_y_8gf/test_regnet_y_8gf_aten_view_default.py:8: in <module>
    import ttnn
E   ModuleNotFoundError: No module named 'ttnn'
_ ERROR collecting tests/autogen_op/resnet101/test_resnet101_aten__native_batch_norm_legit_no_training_default.py _
ImportError while importing test module '/Users/Ajay17/pytorch2.0_ttnn/tests/autogen_op/resnet101/test_resnet101_aten__native_batch_norm_legit_no_training_default.py'.
Hint: make sure your test modules/packages have valid Python names.
Traceback:
../.pyenv/versions/3.11.10/lib/python3.11/importlib/__init__.py:126: in import_module
    return _bootstrap._gcd_import(name[level:], package, level)
           ^^^^^^^^^^^^^^^^^^^^^^^^^^^^^^^^^^^^^^^^^^^^^^^^^^^^
tests/autogen_op/resnet101/test_resnet101_aten__native_batch_norm_legit_no_training_default.py:8: in <module>
    import ttnn
E   ModuleNotFoundError: No module named 'ttnn'
_ ERROR collecting tests/autogen_op/resnet101/test_resnet101_aten_add_Tensor.py _
ImportError while importing test module '/Users/Ajay17/pytorch2.0_ttnn/tests/autogen_op/resnet101/test_resnet101_aten_add_Tensor.py'.
Hint: make sure your test modules/packages have valid Python names.
Traceback:
../.pyenv/versions/3.11.10/lib/python3.11/importlib/__init__.py:126: in import_module
    return _bootstrap._gcd_import(name[level:], package, level)
           ^^^^^^^^^^^^^^^^^^^^^^^^^^^^^^^^^^^^^^^^^^^^^^^^^^^^
tests/autogen_op/resnet101/test_resnet101_aten_add_Tensor.py:8: in <module>
    import ttnn
E   ModuleNotFoundError: No module named 'ttnn'
_ ERROR collecting tests/autogen_op/resnet101/test_resnet101_aten_addmm_default.py _
ImportError while importing test module '/Users/Ajay17/pytorch2.0_ttnn/tests/autogen_op/resnet101/test_resnet101_aten_addmm_default.py'.
Hint: make sure your test modules/packages have valid Python names.
Traceback:
../.pyenv/versions/3.11.10/lib/python3.11/importlib/__init__.py:126: in import_module
    return _bootstrap._gcd_import(name[level:], package, level)
           ^^^^^^^^^^^^^^^^^^^^^^^^^^^^^^^^^^^^^^^^^^^^^^^^^^^^
tests/autogen_op/resnet101/test_resnet101_aten_addmm_default.py:8: in <module>
    import ttnn
E   ModuleNotFoundError: No module named 'ttnn'
_ ERROR collecting tests/autogen_op/resnet101/test_resnet101_aten_convolution_default.py _
ImportError while importing test module '/Users/Ajay17/pytorch2.0_ttnn/tests/autogen_op/resnet101/test_resnet101_aten_convolution_default.py'.
Hint: make sure your test modules/packages have valid Python names.
Traceback:
../.pyenv/versions/3.11.10/lib/python3.11/importlib/__init__.py:126: in import_module
    return _bootstrap._gcd_import(name[level:], package, level)
           ^^^^^^^^^^^^^^^^^^^^^^^^^^^^^^^^^^^^^^^^^^^^^^^^^^^^
tests/autogen_op/resnet101/test_resnet101_aten_convolution_default.py:8: in <module>
    import ttnn
E   ModuleNotFoundError: No module named 'ttnn'
_ ERROR collecting tests/autogen_op/resnet101/test_resnet101_aten_max_pool2d_with_indices_default.py _
ImportError while importing test module '/Users/Ajay17/pytorch2.0_ttnn/tests/autogen_op/resnet101/test_resnet101_aten_max_pool2d_with_indices_default.py'.
Hint: make sure your test modules/packages have valid Python names.
Traceback:
../.pyenv/versions/3.11.10/lib/python3.11/importlib/__init__.py:126: in import_module
    return _bootstrap._gcd_import(name[level:], package, level)
           ^^^^^^^^^^^^^^^^^^^^^^^^^^^^^^^^^^^^^^^^^^^^^^^^^^^^
tests/autogen_op/resnet101/test_resnet101_aten_max_pool2d_with_indices_default.py:8: in <module>
    import ttnn
E   ModuleNotFoundError: No module named 'ttnn'
_ ERROR collecting tests/autogen_op/resnet101/test_resnet101_aten_mean_dim.py __
ImportError while importing test module '/Users/Ajay17/pytorch2.0_ttnn/tests/autogen_op/resnet101/test_resnet101_aten_mean_dim.py'.
Hint: make sure your test modules/packages have valid Python names.
Traceback:
../.pyenv/versions/3.11.10/lib/python3.11/importlib/__init__.py:126: in import_module
    return _bootstrap._gcd_import(name[level:], package, level)
           ^^^^^^^^^^^^^^^^^^^^^^^^^^^^^^^^^^^^^^^^^^^^^^^^^^^^
tests/autogen_op/resnet101/test_resnet101_aten_mean_dim.py:8: in <module>
    import ttnn
E   ModuleNotFoundError: No module named 'ttnn'
_ ERROR collecting tests/autogen_op/resnet101/test_resnet101_aten_relu_default.py _
ImportError while importing test module '/Users/Ajay17/pytorch2.0_ttnn/tests/autogen_op/resnet101/test_resnet101_aten_relu_default.py'.
Hint: make sure your test modules/packages have valid Python names.
Traceback:
../.pyenv/versions/3.11.10/lib/python3.11/importlib/__init__.py:126: in import_module
    return _bootstrap._gcd_import(name[level:], package, level)
           ^^^^^^^^^^^^^^^^^^^^^^^^^^^^^^^^^^^^^^^^^^^^^^^^^^^^
tests/autogen_op/resnet101/test_resnet101_aten_relu_default.py:8: in <module>
    import ttnn
E   ModuleNotFoundError: No module named 'ttnn'
_ ERROR collecting tests/autogen_op/resnet101/test_resnet101_aten_t_default.py _
ImportError while importing test module '/Users/Ajay17/pytorch2.0_ttnn/tests/autogen_op/resnet101/test_resnet101_aten_t_default.py'.
Hint: make sure your test modules/packages have valid Python names.
Traceback:
../.pyenv/versions/3.11.10/lib/python3.11/importlib/__init__.py:126: in import_module
    return _bootstrap._gcd_import(name[level:], package, level)
           ^^^^^^^^^^^^^^^^^^^^^^^^^^^^^^^^^^^^^^^^^^^^^^^^^^^^
tests/autogen_op/resnet101/test_resnet101_aten_t_default.py:8: in <module>
    import ttnn
E   ModuleNotFoundError: No module named 'ttnn'
_ ERROR collecting tests/autogen_op/resnet101/test_resnet101_aten_view_default.py _
ImportError while importing test module '/Users/Ajay17/pytorch2.0_ttnn/tests/autogen_op/resnet101/test_resnet101_aten_view_default.py'.
Hint: make sure your test modules/packages have valid Python names.
Traceback:
../.pyenv/versions/3.11.10/lib/python3.11/importlib/__init__.py:126: in import_module
    return _bootstrap._gcd_import(name[level:], package, level)
           ^^^^^^^^^^^^^^^^^^^^^^^^^^^^^^^^^^^^^^^^^^^^^^^^^^^^
tests/autogen_op/resnet101/test_resnet101_aten_view_default.py:8: in <module>
    import ttnn
E   ModuleNotFoundError: No module named 'ttnn'
_ ERROR collecting tests/autogen_op/resnet152/test_resnet152_aten__native_batch_norm_legit_no_training_default.py _
ImportError while importing test module '/Users/Ajay17/pytorch2.0_ttnn/tests/autogen_op/resnet152/test_resnet152_aten__native_batch_norm_legit_no_training_default.py'.
Hint: make sure your test modules/packages have valid Python names.
Traceback:
../.pyenv/versions/3.11.10/lib/python3.11/importlib/__init__.py:126: in import_module
    return _bootstrap._gcd_import(name[level:], package, level)
           ^^^^^^^^^^^^^^^^^^^^^^^^^^^^^^^^^^^^^^^^^^^^^^^^^^^^
tests/autogen_op/resnet152/test_resnet152_aten__native_batch_norm_legit_no_training_default.py:8: in <module>
    import ttnn
E   ModuleNotFoundError: No module named 'ttnn'
_ ERROR collecting tests/autogen_op/resnet152/test_resnet152_aten_add_Tensor.py _
ImportError while importing test module '/Users/Ajay17/pytorch2.0_ttnn/tests/autogen_op/resnet152/test_resnet152_aten_add_Tensor.py'.
Hint: make sure your test modules/packages have valid Python names.
Traceback:
../.pyenv/versions/3.11.10/lib/python3.11/importlib/__init__.py:126: in import_module
    return _bootstrap._gcd_import(name[level:], package, level)
           ^^^^^^^^^^^^^^^^^^^^^^^^^^^^^^^^^^^^^^^^^^^^^^^^^^^^
tests/autogen_op/resnet152/test_resnet152_aten_add_Tensor.py:8: in <module>
    import ttnn
E   ModuleNotFoundError: No module named 'ttnn'
_ ERROR collecting tests/autogen_op/resnet152/test_resnet152_aten_addmm_default.py _
ImportError while importing test module '/Users/Ajay17/pytorch2.0_ttnn/tests/autogen_op/resnet152/test_resnet152_aten_addmm_default.py'.
Hint: make sure your test modules/packages have valid Python names.
Traceback:
../.pyenv/versions/3.11.10/lib/python3.11/importlib/__init__.py:126: in import_module
    return _bootstrap._gcd_import(name[level:], package, level)
           ^^^^^^^^^^^^^^^^^^^^^^^^^^^^^^^^^^^^^^^^^^^^^^^^^^^^
tests/autogen_op/resnet152/test_resnet152_aten_addmm_default.py:8: in <module>
    import ttnn
E   ModuleNotFoundError: No module named 'ttnn'
_ ERROR collecting tests/autogen_op/resnet152/test_resnet152_aten_convolution_default.py _
ImportError while importing test module '/Users/Ajay17/pytorch2.0_ttnn/tests/autogen_op/resnet152/test_resnet152_aten_convolution_default.py'.
Hint: make sure your test modules/packages have valid Python names.
Traceback:
../.pyenv/versions/3.11.10/lib/python3.11/importlib/__init__.py:126: in import_module
    return _bootstrap._gcd_import(name[level:], package, level)
           ^^^^^^^^^^^^^^^^^^^^^^^^^^^^^^^^^^^^^^^^^^^^^^^^^^^^
tests/autogen_op/resnet152/test_resnet152_aten_convolution_default.py:8: in <module>
    import ttnn
E   ModuleNotFoundError: No module named 'ttnn'
_ ERROR collecting tests/autogen_op/resnet152/test_resnet152_aten_max_pool2d_with_indices_default.py _
ImportError while importing test module '/Users/Ajay17/pytorch2.0_ttnn/tests/autogen_op/resnet152/test_resnet152_aten_max_pool2d_with_indices_default.py'.
Hint: make sure your test modules/packages have valid Python names.
Traceback:
../.pyenv/versions/3.11.10/lib/python3.11/importlib/__init__.py:126: in import_module
    return _bootstrap._gcd_import(name[level:], package, level)
           ^^^^^^^^^^^^^^^^^^^^^^^^^^^^^^^^^^^^^^^^^^^^^^^^^^^^
tests/autogen_op/resnet152/test_resnet152_aten_max_pool2d_with_indices_default.py:8: in <module>
    import ttnn
E   ModuleNotFoundError: No module named 'ttnn'
_ ERROR collecting tests/autogen_op/resnet152/test_resnet152_aten_mean_dim.py __
ImportError while importing test module '/Users/Ajay17/pytorch2.0_ttnn/tests/autogen_op/resnet152/test_resnet152_aten_mean_dim.py'.
Hint: make sure your test modules/packages have valid Python names.
Traceback:
../.pyenv/versions/3.11.10/lib/python3.11/importlib/__init__.py:126: in import_module
    return _bootstrap._gcd_import(name[level:], package, level)
           ^^^^^^^^^^^^^^^^^^^^^^^^^^^^^^^^^^^^^^^^^^^^^^^^^^^^
tests/autogen_op/resnet152/test_resnet152_aten_mean_dim.py:8: in <module>
    import ttnn
E   ModuleNotFoundError: No module named 'ttnn'
_ ERROR collecting tests/autogen_op/resnet152/test_resnet152_aten_relu_default.py _
ImportError while importing test module '/Users/Ajay17/pytorch2.0_ttnn/tests/autogen_op/resnet152/test_resnet152_aten_relu_default.py'.
Hint: make sure your test modules/packages have valid Python names.
Traceback:
../.pyenv/versions/3.11.10/lib/python3.11/importlib/__init__.py:126: in import_module
    return _bootstrap._gcd_import(name[level:], package, level)
           ^^^^^^^^^^^^^^^^^^^^^^^^^^^^^^^^^^^^^^^^^^^^^^^^^^^^
tests/autogen_op/resnet152/test_resnet152_aten_relu_default.py:8: in <module>
    import ttnn
E   ModuleNotFoundError: No module named 'ttnn'
_ ERROR collecting tests/autogen_op/resnet152/test_resnet152_aten_t_default.py _
ImportError while importing test module '/Users/Ajay17/pytorch2.0_ttnn/tests/autogen_op/resnet152/test_resnet152_aten_t_default.py'.
Hint: make sure your test modules/packages have valid Python names.
Traceback:
../.pyenv/versions/3.11.10/lib/python3.11/importlib/__init__.py:126: in import_module
    return _bootstrap._gcd_import(name[level:], package, level)
           ^^^^^^^^^^^^^^^^^^^^^^^^^^^^^^^^^^^^^^^^^^^^^^^^^^^^
tests/autogen_op/resnet152/test_resnet152_aten_t_default.py:8: in <module>
    import ttnn
E   ModuleNotFoundError: No module named 'ttnn'
_ ERROR collecting tests/autogen_op/resnet152/test_resnet152_aten_view_default.py _
ImportError while importing test module '/Users/Ajay17/pytorch2.0_ttnn/tests/autogen_op/resnet152/test_resnet152_aten_view_default.py'.
Hint: make sure your test modules/packages have valid Python names.
Traceback:
../.pyenv/versions/3.11.10/lib/python3.11/importlib/__init__.py:126: in import_module
    return _bootstrap._gcd_import(name[level:], package, level)
           ^^^^^^^^^^^^^^^^^^^^^^^^^^^^^^^^^^^^^^^^^^^^^^^^^^^^
tests/autogen_op/resnet152/test_resnet152_aten_view_default.py:8: in <module>
    import ttnn
E   ModuleNotFoundError: No module named 'ttnn'
_ ERROR collecting tests/autogen_op/resnet18/test_resnet18_aten__native_batch_norm_legit_no_training_default.py _
ImportError while importing test module '/Users/Ajay17/pytorch2.0_ttnn/tests/autogen_op/resnet18/test_resnet18_aten__native_batch_norm_legit_no_training_default.py'.
Hint: make sure your test modules/packages have valid Python names.
Traceback:
../.pyenv/versions/3.11.10/lib/python3.11/importlib/__init__.py:126: in import_module
    return _bootstrap._gcd_import(name[level:], package, level)
           ^^^^^^^^^^^^^^^^^^^^^^^^^^^^^^^^^^^^^^^^^^^^^^^^^^^^
tests/autogen_op/resnet18/test_resnet18_aten__native_batch_norm_legit_no_training_default.py:8: in <module>
    import ttnn
E   ModuleNotFoundError: No module named 'ttnn'
_ ERROR collecting tests/autogen_op/resnet18/test_resnet18_aten_add_Tensor.py __
ImportError while importing test module '/Users/Ajay17/pytorch2.0_ttnn/tests/autogen_op/resnet18/test_resnet18_aten_add_Tensor.py'.
Hint: make sure your test modules/packages have valid Python names.
Traceback:
../.pyenv/versions/3.11.10/lib/python3.11/importlib/__init__.py:126: in import_module
    return _bootstrap._gcd_import(name[level:], package, level)
           ^^^^^^^^^^^^^^^^^^^^^^^^^^^^^^^^^^^^^^^^^^^^^^^^^^^^
tests/autogen_op/resnet18/test_resnet18_aten_add_Tensor.py:8: in <module>
    import ttnn
E   ModuleNotFoundError: No module named 'ttnn'
_ ERROR collecting tests/autogen_op/resnet18/test_resnet18_aten_addmm_default.py _
ImportError while importing test module '/Users/Ajay17/pytorch2.0_ttnn/tests/autogen_op/resnet18/test_resnet18_aten_addmm_default.py'.
Hint: make sure your test modules/packages have valid Python names.
Traceback:
../.pyenv/versions/3.11.10/lib/python3.11/importlib/__init__.py:126: in import_module
    return _bootstrap._gcd_import(name[level:], package, level)
           ^^^^^^^^^^^^^^^^^^^^^^^^^^^^^^^^^^^^^^^^^^^^^^^^^^^^
tests/autogen_op/resnet18/test_resnet18_aten_addmm_default.py:8: in <module>
    import ttnn
E   ModuleNotFoundError: No module named 'ttnn'
_ ERROR collecting tests/autogen_op/resnet18/test_resnet18_aten_convolution_default.py _
ImportError while importing test module '/Users/Ajay17/pytorch2.0_ttnn/tests/autogen_op/resnet18/test_resnet18_aten_convolution_default.py'.
Hint: make sure your test modules/packages have valid Python names.
Traceback:
../.pyenv/versions/3.11.10/lib/python3.11/importlib/__init__.py:126: in import_module
    return _bootstrap._gcd_import(name[level:], package, level)
           ^^^^^^^^^^^^^^^^^^^^^^^^^^^^^^^^^^^^^^^^^^^^^^^^^^^^
tests/autogen_op/resnet18/test_resnet18_aten_convolution_default.py:8: in <module>
    import ttnn
E   ModuleNotFoundError: No module named 'ttnn'
_ ERROR collecting tests/autogen_op/resnet18/test_resnet18_aten_max_pool2d_with_indices_default.py _
ImportError while importing test module '/Users/Ajay17/pytorch2.0_ttnn/tests/autogen_op/resnet18/test_resnet18_aten_max_pool2d_with_indices_default.py'.
Hint: make sure your test modules/packages have valid Python names.
Traceback:
../.pyenv/versions/3.11.10/lib/python3.11/importlib/__init__.py:126: in import_module
    return _bootstrap._gcd_import(name[level:], package, level)
           ^^^^^^^^^^^^^^^^^^^^^^^^^^^^^^^^^^^^^^^^^^^^^^^^^^^^
tests/autogen_op/resnet18/test_resnet18_aten_max_pool2d_with_indices_default.py:8: in <module>
    import ttnn
E   ModuleNotFoundError: No module named 'ttnn'
__ ERROR collecting tests/autogen_op/resnet18/test_resnet18_aten_mean_dim.py ___
ImportError while importing test module '/Users/Ajay17/pytorch2.0_ttnn/tests/autogen_op/resnet18/test_resnet18_aten_mean_dim.py'.
Hint: make sure your test modules/packages have valid Python names.
Traceback:
../.pyenv/versions/3.11.10/lib/python3.11/importlib/__init__.py:126: in import_module
    return _bootstrap._gcd_import(name[level:], package, level)
           ^^^^^^^^^^^^^^^^^^^^^^^^^^^^^^^^^^^^^^^^^^^^^^^^^^^^
tests/autogen_op/resnet18/test_resnet18_aten_mean_dim.py:8: in <module>
    import ttnn
E   ModuleNotFoundError: No module named 'ttnn'
_ ERROR collecting tests/autogen_op/resnet18/test_resnet18_aten_relu_default.py _
ImportError while importing test module '/Users/Ajay17/pytorch2.0_ttnn/tests/autogen_op/resnet18/test_resnet18_aten_relu_default.py'.
Hint: make sure your test modules/packages have valid Python names.
Traceback:
../.pyenv/versions/3.11.10/lib/python3.11/importlib/__init__.py:126: in import_module
    return _bootstrap._gcd_import(name[level:], package, level)
           ^^^^^^^^^^^^^^^^^^^^^^^^^^^^^^^^^^^^^^^^^^^^^^^^^^^^
tests/autogen_op/resnet18/test_resnet18_aten_relu_default.py:8: in <module>
    import ttnn
E   ModuleNotFoundError: No module named 'ttnn'
__ ERROR collecting tests/autogen_op/resnet18/test_resnet18_aten_t_default.py __
ImportError while importing test module '/Users/Ajay17/pytorch2.0_ttnn/tests/autogen_op/resnet18/test_resnet18_aten_t_default.py'.
Hint: make sure your test modules/packages have valid Python names.
Traceback:
../.pyenv/versions/3.11.10/lib/python3.11/importlib/__init__.py:126: in import_module
    return _bootstrap._gcd_import(name[level:], package, level)
           ^^^^^^^^^^^^^^^^^^^^^^^^^^^^^^^^^^^^^^^^^^^^^^^^^^^^
tests/autogen_op/resnet18/test_resnet18_aten_t_default.py:8: in <module>
    import ttnn
E   ModuleNotFoundError: No module named 'ttnn'
_ ERROR collecting tests/autogen_op/resnet18/test_resnet18_aten_view_default.py _
ImportError while importing test module '/Users/Ajay17/pytorch2.0_ttnn/tests/autogen_op/resnet18/test_resnet18_aten_view_default.py'.
Hint: make sure your test modules/packages have valid Python names.
Traceback:
../.pyenv/versions/3.11.10/lib/python3.11/importlib/__init__.py:126: in import_module
    return _bootstrap._gcd_import(name[level:], package, level)
           ^^^^^^^^^^^^^^^^^^^^^^^^^^^^^^^^^^^^^^^^^^^^^^^^^^^^
tests/autogen_op/resnet18/test_resnet18_aten_view_default.py:8: in <module>
    import ttnn
E   ModuleNotFoundError: No module named 'ttnn'
_ ERROR collecting tests/autogen_op/resnet34/test_resnet34_aten__native_batch_norm_legit_no_training_default.py _
ImportError while importing test module '/Users/Ajay17/pytorch2.0_ttnn/tests/autogen_op/resnet34/test_resnet34_aten__native_batch_norm_legit_no_training_default.py'.
Hint: make sure your test modules/packages have valid Python names.
Traceback:
../.pyenv/versions/3.11.10/lib/python3.11/importlib/__init__.py:126: in import_module
    return _bootstrap._gcd_import(name[level:], package, level)
           ^^^^^^^^^^^^^^^^^^^^^^^^^^^^^^^^^^^^^^^^^^^^^^^^^^^^
tests/autogen_op/resnet34/test_resnet34_aten__native_batch_norm_legit_no_training_default.py:8: in <module>
    import ttnn
E   ModuleNotFoundError: No module named 'ttnn'
_ ERROR collecting tests/autogen_op/resnet34/test_resnet34_aten_add_Tensor.py __
ImportError while importing test module '/Users/Ajay17/pytorch2.0_ttnn/tests/autogen_op/resnet34/test_resnet34_aten_add_Tensor.py'.
Hint: make sure your test modules/packages have valid Python names.
Traceback:
../.pyenv/versions/3.11.10/lib/python3.11/importlib/__init__.py:126: in import_module
    return _bootstrap._gcd_import(name[level:], package, level)
           ^^^^^^^^^^^^^^^^^^^^^^^^^^^^^^^^^^^^^^^^^^^^^^^^^^^^
tests/autogen_op/resnet34/test_resnet34_aten_add_Tensor.py:8: in <module>
    import ttnn
E   ModuleNotFoundError: No module named 'ttnn'
_ ERROR collecting tests/autogen_op/resnet34/test_resnet34_aten_addmm_default.py _
ImportError while importing test module '/Users/Ajay17/pytorch2.0_ttnn/tests/autogen_op/resnet34/test_resnet34_aten_addmm_default.py'.
Hint: make sure your test modules/packages have valid Python names.
Traceback:
../.pyenv/versions/3.11.10/lib/python3.11/importlib/__init__.py:126: in import_module
    return _bootstrap._gcd_import(name[level:], package, level)
           ^^^^^^^^^^^^^^^^^^^^^^^^^^^^^^^^^^^^^^^^^^^^^^^^^^^^
tests/autogen_op/resnet34/test_resnet34_aten_addmm_default.py:8: in <module>
    import ttnn
E   ModuleNotFoundError: No module named 'ttnn'
_ ERROR collecting tests/autogen_op/resnet34/test_resnet34_aten_convolution_default.py _
ImportError while importing test module '/Users/Ajay17/pytorch2.0_ttnn/tests/autogen_op/resnet34/test_resnet34_aten_convolution_default.py'.
Hint: make sure your test modules/packages have valid Python names.
Traceback:
../.pyenv/versions/3.11.10/lib/python3.11/importlib/__init__.py:126: in import_module
    return _bootstrap._gcd_import(name[level:], package, level)
           ^^^^^^^^^^^^^^^^^^^^^^^^^^^^^^^^^^^^^^^^^^^^^^^^^^^^
tests/autogen_op/resnet34/test_resnet34_aten_convolution_default.py:8: in <module>
    import ttnn
E   ModuleNotFoundError: No module named 'ttnn'
_ ERROR collecting tests/autogen_op/resnet34/test_resnet34_aten_max_pool2d_with_indices_default.py _
ImportError while importing test module '/Users/Ajay17/pytorch2.0_ttnn/tests/autogen_op/resnet34/test_resnet34_aten_max_pool2d_with_indices_default.py'.
Hint: make sure your test modules/packages have valid Python names.
Traceback:
../.pyenv/versions/3.11.10/lib/python3.11/importlib/__init__.py:126: in import_module
    return _bootstrap._gcd_import(name[level:], package, level)
           ^^^^^^^^^^^^^^^^^^^^^^^^^^^^^^^^^^^^^^^^^^^^^^^^^^^^
tests/autogen_op/resnet34/test_resnet34_aten_max_pool2d_with_indices_default.py:8: in <module>
    import ttnn
E   ModuleNotFoundError: No module named 'ttnn'
__ ERROR collecting tests/autogen_op/resnet34/test_resnet34_aten_mean_dim.py ___
ImportError while importing test module '/Users/Ajay17/pytorch2.0_ttnn/tests/autogen_op/resnet34/test_resnet34_aten_mean_dim.py'.
Hint: make sure your test modules/packages have valid Python names.
Traceback:
../.pyenv/versions/3.11.10/lib/python3.11/importlib/__init__.py:126: in import_module
    return _bootstrap._gcd_import(name[level:], package, level)
           ^^^^^^^^^^^^^^^^^^^^^^^^^^^^^^^^^^^^^^^^^^^^^^^^^^^^
tests/autogen_op/resnet34/test_resnet34_aten_mean_dim.py:8: in <module>
    import ttnn
E   ModuleNotFoundError: No module named 'ttnn'
_ ERROR collecting tests/autogen_op/resnet34/test_resnet34_aten_relu_default.py _
ImportError while importing test module '/Users/Ajay17/pytorch2.0_ttnn/tests/autogen_op/resnet34/test_resnet34_aten_relu_default.py'.
Hint: make sure your test modules/packages have valid Python names.
Traceback:
../.pyenv/versions/3.11.10/lib/python3.11/importlib/__init__.py:126: in import_module
    return _bootstrap._gcd_import(name[level:], package, level)
           ^^^^^^^^^^^^^^^^^^^^^^^^^^^^^^^^^^^^^^^^^^^^^^^^^^^^
tests/autogen_op/resnet34/test_resnet34_aten_relu_default.py:8: in <module>
    import ttnn
E   ModuleNotFoundError: No module named 'ttnn'
__ ERROR collecting tests/autogen_op/resnet34/test_resnet34_aten_t_default.py __
ImportError while importing test module '/Users/Ajay17/pytorch2.0_ttnn/tests/autogen_op/resnet34/test_resnet34_aten_t_default.py'.
Hint: make sure your test modules/packages have valid Python names.
Traceback:
../.pyenv/versions/3.11.10/lib/python3.11/importlib/__init__.py:126: in import_module
    return _bootstrap._gcd_import(name[level:], package, level)
           ^^^^^^^^^^^^^^^^^^^^^^^^^^^^^^^^^^^^^^^^^^^^^^^^^^^^
tests/autogen_op/resnet34/test_resnet34_aten_t_default.py:8: in <module>
    import ttnn
E   ModuleNotFoundError: No module named 'ttnn'
_ ERROR collecting tests/autogen_op/resnet34/test_resnet34_aten_view_default.py _
ImportError while importing test module '/Users/Ajay17/pytorch2.0_ttnn/tests/autogen_op/resnet34/test_resnet34_aten_view_default.py'.
Hint: make sure your test modules/packages have valid Python names.
Traceback:
../.pyenv/versions/3.11.10/lib/python3.11/importlib/__init__.py:126: in import_module
    return _bootstrap._gcd_import(name[level:], package, level)
           ^^^^^^^^^^^^^^^^^^^^^^^^^^^^^^^^^^^^^^^^^^^^^^^^^^^^
tests/autogen_op/resnet34/test_resnet34_aten_view_default.py:8: in <module>
    import ttnn
E   ModuleNotFoundError: No module named 'ttnn'
_ ERROR collecting tests/autogen_op/resnet50/test_resnet50_aten__native_batch_norm_legit_no_training_default.py _
ImportError while importing test module '/Users/Ajay17/pytorch2.0_ttnn/tests/autogen_op/resnet50/test_resnet50_aten__native_batch_norm_legit_no_training_default.py'.
Hint: make sure your test modules/packages have valid Python names.
Traceback:
../.pyenv/versions/3.11.10/lib/python3.11/importlib/__init__.py:126: in import_module
    return _bootstrap._gcd_import(name[level:], package, level)
           ^^^^^^^^^^^^^^^^^^^^^^^^^^^^^^^^^^^^^^^^^^^^^^^^^^^^
tests/autogen_op/resnet50/test_resnet50_aten__native_batch_norm_legit_no_training_default.py:8: in <module>
    import ttnn
E   ModuleNotFoundError: No module named 'ttnn'
_ ERROR collecting tests/autogen_op/resnet50/test_resnet50_aten_add_Tensor.py __
ImportError while importing test module '/Users/Ajay17/pytorch2.0_ttnn/tests/autogen_op/resnet50/test_resnet50_aten_add_Tensor.py'.
Hint: make sure your test modules/packages have valid Python names.
Traceback:
../.pyenv/versions/3.11.10/lib/python3.11/importlib/__init__.py:126: in import_module
    return _bootstrap._gcd_import(name[level:], package, level)
           ^^^^^^^^^^^^^^^^^^^^^^^^^^^^^^^^^^^^^^^^^^^^^^^^^^^^
tests/autogen_op/resnet50/test_resnet50_aten_add_Tensor.py:8: in <module>
    import ttnn
E   ModuleNotFoundError: No module named 'ttnn'
_ ERROR collecting tests/autogen_op/resnet50/test_resnet50_aten_addmm_default.py _
ImportError while importing test module '/Users/Ajay17/pytorch2.0_ttnn/tests/autogen_op/resnet50/test_resnet50_aten_addmm_default.py'.
Hint: make sure your test modules/packages have valid Python names.
Traceback:
../.pyenv/versions/3.11.10/lib/python3.11/importlib/__init__.py:126: in import_module
    return _bootstrap._gcd_import(name[level:], package, level)
           ^^^^^^^^^^^^^^^^^^^^^^^^^^^^^^^^^^^^^^^^^^^^^^^^^^^^
tests/autogen_op/resnet50/test_resnet50_aten_addmm_default.py:8: in <module>
    import ttnn
E   ModuleNotFoundError: No module named 'ttnn'
_ ERROR collecting tests/autogen_op/resnet50/test_resnet50_aten_convolution_default.py _
ImportError while importing test module '/Users/Ajay17/pytorch2.0_ttnn/tests/autogen_op/resnet50/test_resnet50_aten_convolution_default.py'.
Hint: make sure your test modules/packages have valid Python names.
Traceback:
../.pyenv/versions/3.11.10/lib/python3.11/importlib/__init__.py:126: in import_module
    return _bootstrap._gcd_import(name[level:], package, level)
           ^^^^^^^^^^^^^^^^^^^^^^^^^^^^^^^^^^^^^^^^^^^^^^^^^^^^
tests/autogen_op/resnet50/test_resnet50_aten_convolution_default.py:8: in <module>
    import ttnn
E   ModuleNotFoundError: No module named 'ttnn'
_ ERROR collecting tests/autogen_op/resnet50/test_resnet50_aten_max_pool2d_with_indices_default.py _
ImportError while importing test module '/Users/Ajay17/pytorch2.0_ttnn/tests/autogen_op/resnet50/test_resnet50_aten_max_pool2d_with_indices_default.py'.
Hint: make sure your test modules/packages have valid Python names.
Traceback:
../.pyenv/versions/3.11.10/lib/python3.11/importlib/__init__.py:126: in import_module
    return _bootstrap._gcd_import(name[level:], package, level)
           ^^^^^^^^^^^^^^^^^^^^^^^^^^^^^^^^^^^^^^^^^^^^^^^^^^^^
tests/autogen_op/resnet50/test_resnet50_aten_max_pool2d_with_indices_default.py:8: in <module>
    import ttnn
E   ModuleNotFoundError: No module named 'ttnn'
__ ERROR collecting tests/autogen_op/resnet50/test_resnet50_aten_mean_dim.py ___
ImportError while importing test module '/Users/Ajay17/pytorch2.0_ttnn/tests/autogen_op/resnet50/test_resnet50_aten_mean_dim.py'.
Hint: make sure your test modules/packages have valid Python names.
Traceback:
../.pyenv/versions/3.11.10/lib/python3.11/importlib/__init__.py:126: in import_module
    return _bootstrap._gcd_import(name[level:], package, level)
           ^^^^^^^^^^^^^^^^^^^^^^^^^^^^^^^^^^^^^^^^^^^^^^^^^^^^
tests/autogen_op/resnet50/test_resnet50_aten_mean_dim.py:8: in <module>
    import ttnn
E   ModuleNotFoundError: No module named 'ttnn'
_ ERROR collecting tests/autogen_op/resnet50/test_resnet50_aten_relu_default.py _
ImportError while importing test module '/Users/Ajay17/pytorch2.0_ttnn/tests/autogen_op/resnet50/test_resnet50_aten_relu_default.py'.
Hint: make sure your test modules/packages have valid Python names.
Traceback:
../.pyenv/versions/3.11.10/lib/python3.11/importlib/__init__.py:126: in import_module
    return _bootstrap._gcd_import(name[level:], package, level)
           ^^^^^^^^^^^^^^^^^^^^^^^^^^^^^^^^^^^^^^^^^^^^^^^^^^^^
tests/autogen_op/resnet50/test_resnet50_aten_relu_default.py:8: in <module>
    import ttnn
E   ModuleNotFoundError: No module named 'ttnn'
__ ERROR collecting tests/autogen_op/resnet50/test_resnet50_aten_t_default.py __
ImportError while importing test module '/Users/Ajay17/pytorch2.0_ttnn/tests/autogen_op/resnet50/test_resnet50_aten_t_default.py'.
Hint: make sure your test modules/packages have valid Python names.
Traceback:
../.pyenv/versions/3.11.10/lib/python3.11/importlib/__init__.py:126: in import_module
    return _bootstrap._gcd_import(name[level:], package, level)
           ^^^^^^^^^^^^^^^^^^^^^^^^^^^^^^^^^^^^^^^^^^^^^^^^^^^^
tests/autogen_op/resnet50/test_resnet50_aten_t_default.py:8: in <module>
    import ttnn
E   ModuleNotFoundError: No module named 'ttnn'
_ ERROR collecting tests/autogen_op/resnet50/test_resnet50_aten_view_default.py _
ImportError while importing test module '/Users/Ajay17/pytorch2.0_ttnn/tests/autogen_op/resnet50/test_resnet50_aten_view_default.py'.
Hint: make sure your test modules/packages have valid Python names.
Traceback:
../.pyenv/versions/3.11.10/lib/python3.11/importlib/__init__.py:126: in import_module
    return _bootstrap._gcd_import(name[level:], package, level)
           ^^^^^^^^^^^^^^^^^^^^^^^^^^^^^^^^^^^^^^^^^^^^^^^^^^^^
tests/autogen_op/resnet50/test_resnet50_aten_view_default.py:8: in <module>
    import ttnn
E   ModuleNotFoundError: No module named 'ttnn'
_ ERROR collecting tests/autogen_op/resnext101_32x8d/test_resnext101_32x8d_aten__native_batch_norm_legit_no_training_default.py _
ImportError while importing test module '/Users/Ajay17/pytorch2.0_ttnn/tests/autogen_op/resnext101_32x8d/test_resnext101_32x8d_aten__native_batch_norm_legit_no_training_default.py'.
Hint: make sure your test modules/packages have valid Python names.
Traceback:
../.pyenv/versions/3.11.10/lib/python3.11/importlib/__init__.py:126: in import_module
    return _bootstrap._gcd_import(name[level:], package, level)
           ^^^^^^^^^^^^^^^^^^^^^^^^^^^^^^^^^^^^^^^^^^^^^^^^^^^^
tests/autogen_op/resnext101_32x8d/test_resnext101_32x8d_aten__native_batch_norm_legit_no_training_default.py:8: in <module>
    import ttnn
E   ModuleNotFoundError: No module named 'ttnn'
_ ERROR collecting tests/autogen_op/resnext101_32x8d/test_resnext101_32x8d_aten_add_Tensor.py _
ImportError while importing test module '/Users/Ajay17/pytorch2.0_ttnn/tests/autogen_op/resnext101_32x8d/test_resnext101_32x8d_aten_add_Tensor.py'.
Hint: make sure your test modules/packages have valid Python names.
Traceback:
../.pyenv/versions/3.11.10/lib/python3.11/importlib/__init__.py:126: in import_module
    return _bootstrap._gcd_import(name[level:], package, level)
           ^^^^^^^^^^^^^^^^^^^^^^^^^^^^^^^^^^^^^^^^^^^^^^^^^^^^
tests/autogen_op/resnext101_32x8d/test_resnext101_32x8d_aten_add_Tensor.py:8: in <module>
    import ttnn
E   ModuleNotFoundError: No module named 'ttnn'
_ ERROR collecting tests/autogen_op/resnext101_32x8d/test_resnext101_32x8d_aten_addmm_default.py _
ImportError while importing test module '/Users/Ajay17/pytorch2.0_ttnn/tests/autogen_op/resnext101_32x8d/test_resnext101_32x8d_aten_addmm_default.py'.
Hint: make sure your test modules/packages have valid Python names.
Traceback:
../.pyenv/versions/3.11.10/lib/python3.11/importlib/__init__.py:126: in import_module
    return _bootstrap._gcd_import(name[level:], package, level)
           ^^^^^^^^^^^^^^^^^^^^^^^^^^^^^^^^^^^^^^^^^^^^^^^^^^^^
tests/autogen_op/resnext101_32x8d/test_resnext101_32x8d_aten_addmm_default.py:8: in <module>
    import ttnn
E   ModuleNotFoundError: No module named 'ttnn'
_ ERROR collecting tests/autogen_op/resnext101_32x8d/test_resnext101_32x8d_aten_convolution_default.py _
ImportError while importing test module '/Users/Ajay17/pytorch2.0_ttnn/tests/autogen_op/resnext101_32x8d/test_resnext101_32x8d_aten_convolution_default.py'.
Hint: make sure your test modules/packages have valid Python names.
Traceback:
../.pyenv/versions/3.11.10/lib/python3.11/importlib/__init__.py:126: in import_module
    return _bootstrap._gcd_import(name[level:], package, level)
           ^^^^^^^^^^^^^^^^^^^^^^^^^^^^^^^^^^^^^^^^^^^^^^^^^^^^
tests/autogen_op/resnext101_32x8d/test_resnext101_32x8d_aten_convolution_default.py:8: in <module>
    import ttnn
E   ModuleNotFoundError: No module named 'ttnn'
_ ERROR collecting tests/autogen_op/resnext101_32x8d/test_resnext101_32x8d_aten_max_pool2d_with_indices_default.py _
ImportError while importing test module '/Users/Ajay17/pytorch2.0_ttnn/tests/autogen_op/resnext101_32x8d/test_resnext101_32x8d_aten_max_pool2d_with_indices_default.py'.
Hint: make sure your test modules/packages have valid Python names.
Traceback:
../.pyenv/versions/3.11.10/lib/python3.11/importlib/__init__.py:126: in import_module
    return _bootstrap._gcd_import(name[level:], package, level)
           ^^^^^^^^^^^^^^^^^^^^^^^^^^^^^^^^^^^^^^^^^^^^^^^^^^^^
tests/autogen_op/resnext101_32x8d/test_resnext101_32x8d_aten_max_pool2d_with_indices_default.py:8: in <module>
    import ttnn
E   ModuleNotFoundError: No module named 'ttnn'
_ ERROR collecting tests/autogen_op/resnext101_32x8d/test_resnext101_32x8d_aten_mean_dim.py _
ImportError while importing test module '/Users/Ajay17/pytorch2.0_ttnn/tests/autogen_op/resnext101_32x8d/test_resnext101_32x8d_aten_mean_dim.py'.
Hint: make sure your test modules/packages have valid Python names.
Traceback:
../.pyenv/versions/3.11.10/lib/python3.11/importlib/__init__.py:126: in import_module
    return _bootstrap._gcd_import(name[level:], package, level)
           ^^^^^^^^^^^^^^^^^^^^^^^^^^^^^^^^^^^^^^^^^^^^^^^^^^^^
tests/autogen_op/resnext101_32x8d/test_resnext101_32x8d_aten_mean_dim.py:8: in <module>
    import ttnn
E   ModuleNotFoundError: No module named 'ttnn'
_ ERROR collecting tests/autogen_op/resnext101_32x8d/test_resnext101_32x8d_aten_relu_default.py _
ImportError while importing test module '/Users/Ajay17/pytorch2.0_ttnn/tests/autogen_op/resnext101_32x8d/test_resnext101_32x8d_aten_relu_default.py'.
Hint: make sure your test modules/packages have valid Python names.
Traceback:
../.pyenv/versions/3.11.10/lib/python3.11/importlib/__init__.py:126: in import_module
    return _bootstrap._gcd_import(name[level:], package, level)
           ^^^^^^^^^^^^^^^^^^^^^^^^^^^^^^^^^^^^^^^^^^^^^^^^^^^^
tests/autogen_op/resnext101_32x8d/test_resnext101_32x8d_aten_relu_default.py:8: in <module>
    import ttnn
E   ModuleNotFoundError: No module named 'ttnn'
_ ERROR collecting tests/autogen_op/resnext101_32x8d/test_resnext101_32x8d_aten_t_default.py _
ImportError while importing test module '/Users/Ajay17/pytorch2.0_ttnn/tests/autogen_op/resnext101_32x8d/test_resnext101_32x8d_aten_t_default.py'.
Hint: make sure your test modules/packages have valid Python names.
Traceback:
../.pyenv/versions/3.11.10/lib/python3.11/importlib/__init__.py:126: in import_module
    return _bootstrap._gcd_import(name[level:], package, level)
           ^^^^^^^^^^^^^^^^^^^^^^^^^^^^^^^^^^^^^^^^^^^^^^^^^^^^
tests/autogen_op/resnext101_32x8d/test_resnext101_32x8d_aten_t_default.py:8: in <module>
    import ttnn
E   ModuleNotFoundError: No module named 'ttnn'
_ ERROR collecting tests/autogen_op/resnext101_32x8d/test_resnext101_32x8d_aten_view_default.py _
ImportError while importing test module '/Users/Ajay17/pytorch2.0_ttnn/tests/autogen_op/resnext101_32x8d/test_resnext101_32x8d_aten_view_default.py'.
Hint: make sure your test modules/packages have valid Python names.
Traceback:
../.pyenv/versions/3.11.10/lib/python3.11/importlib/__init__.py:126: in import_module
    return _bootstrap._gcd_import(name[level:], package, level)
           ^^^^^^^^^^^^^^^^^^^^^^^^^^^^^^^^^^^^^^^^^^^^^^^^^^^^
tests/autogen_op/resnext101_32x8d/test_resnext101_32x8d_aten_view_default.py:8: in <module>
    import ttnn
E   ModuleNotFoundError: No module named 'ttnn'
_ ERROR collecting tests/autogen_op/resnext101_64x4d/test_resnext101_64x4d_aten__native_batch_norm_legit_no_training_default.py _
ImportError while importing test module '/Users/Ajay17/pytorch2.0_ttnn/tests/autogen_op/resnext101_64x4d/test_resnext101_64x4d_aten__native_batch_norm_legit_no_training_default.py'.
Hint: make sure your test modules/packages have valid Python names.
Traceback:
../.pyenv/versions/3.11.10/lib/python3.11/importlib/__init__.py:126: in import_module
    return _bootstrap._gcd_import(name[level:], package, level)
           ^^^^^^^^^^^^^^^^^^^^^^^^^^^^^^^^^^^^^^^^^^^^^^^^^^^^
tests/autogen_op/resnext101_64x4d/test_resnext101_64x4d_aten__native_batch_norm_legit_no_training_default.py:8: in <module>
    import ttnn
E   ModuleNotFoundError: No module named 'ttnn'
_ ERROR collecting tests/autogen_op/resnext101_64x4d/test_resnext101_64x4d_aten_add_Tensor.py _
ImportError while importing test module '/Users/Ajay17/pytorch2.0_ttnn/tests/autogen_op/resnext101_64x4d/test_resnext101_64x4d_aten_add_Tensor.py'.
Hint: make sure your test modules/packages have valid Python names.
Traceback:
../.pyenv/versions/3.11.10/lib/python3.11/importlib/__init__.py:126: in import_module
    return _bootstrap._gcd_import(name[level:], package, level)
           ^^^^^^^^^^^^^^^^^^^^^^^^^^^^^^^^^^^^^^^^^^^^^^^^^^^^
tests/autogen_op/resnext101_64x4d/test_resnext101_64x4d_aten_add_Tensor.py:8: in <module>
    import ttnn
E   ModuleNotFoundError: No module named 'ttnn'
_ ERROR collecting tests/autogen_op/resnext101_64x4d/test_resnext101_64x4d_aten_addmm_default.py _
ImportError while importing test module '/Users/Ajay17/pytorch2.0_ttnn/tests/autogen_op/resnext101_64x4d/test_resnext101_64x4d_aten_addmm_default.py'.
Hint: make sure your test modules/packages have valid Python names.
Traceback:
../.pyenv/versions/3.11.10/lib/python3.11/importlib/__init__.py:126: in import_module
    return _bootstrap._gcd_import(name[level:], package, level)
           ^^^^^^^^^^^^^^^^^^^^^^^^^^^^^^^^^^^^^^^^^^^^^^^^^^^^
tests/autogen_op/resnext101_64x4d/test_resnext101_64x4d_aten_addmm_default.py:8: in <module>
    import ttnn
E   ModuleNotFoundError: No module named 'ttnn'
_ ERROR collecting tests/autogen_op/resnext101_64x4d/test_resnext101_64x4d_aten_convolution_default.py _
ImportError while importing test module '/Users/Ajay17/pytorch2.0_ttnn/tests/autogen_op/resnext101_64x4d/test_resnext101_64x4d_aten_convolution_default.py'.
Hint: make sure your test modules/packages have valid Python names.
Traceback:
../.pyenv/versions/3.11.10/lib/python3.11/importlib/__init__.py:126: in import_module
    return _bootstrap._gcd_import(name[level:], package, level)
           ^^^^^^^^^^^^^^^^^^^^^^^^^^^^^^^^^^^^^^^^^^^^^^^^^^^^
tests/autogen_op/resnext101_64x4d/test_resnext101_64x4d_aten_convolution_default.py:8: in <module>
    import ttnn
E   ModuleNotFoundError: No module named 'ttnn'
_ ERROR collecting tests/autogen_op/resnext101_64x4d/test_resnext101_64x4d_aten_max_pool2d_with_indices_default.py _
ImportError while importing test module '/Users/Ajay17/pytorch2.0_ttnn/tests/autogen_op/resnext101_64x4d/test_resnext101_64x4d_aten_max_pool2d_with_indices_default.py'.
Hint: make sure your test modules/packages have valid Python names.
Traceback:
../.pyenv/versions/3.11.10/lib/python3.11/importlib/__init__.py:126: in import_module
    return _bootstrap._gcd_import(name[level:], package, level)
           ^^^^^^^^^^^^^^^^^^^^^^^^^^^^^^^^^^^^^^^^^^^^^^^^^^^^
tests/autogen_op/resnext101_64x4d/test_resnext101_64x4d_aten_max_pool2d_with_indices_default.py:8: in <module>
    import ttnn
E   ModuleNotFoundError: No module named 'ttnn'
_ ERROR collecting tests/autogen_op/resnext101_64x4d/test_resnext101_64x4d_aten_mean_dim.py _
ImportError while importing test module '/Users/Ajay17/pytorch2.0_ttnn/tests/autogen_op/resnext101_64x4d/test_resnext101_64x4d_aten_mean_dim.py'.
Hint: make sure your test modules/packages have valid Python names.
Traceback:
../.pyenv/versions/3.11.10/lib/python3.11/importlib/__init__.py:126: in import_module
    return _bootstrap._gcd_import(name[level:], package, level)
           ^^^^^^^^^^^^^^^^^^^^^^^^^^^^^^^^^^^^^^^^^^^^^^^^^^^^
tests/autogen_op/resnext101_64x4d/test_resnext101_64x4d_aten_mean_dim.py:8: in <module>
    import ttnn
E   ModuleNotFoundError: No module named 'ttnn'
_ ERROR collecting tests/autogen_op/resnext101_64x4d/test_resnext101_64x4d_aten_relu_default.py _
ImportError while importing test module '/Users/Ajay17/pytorch2.0_ttnn/tests/autogen_op/resnext101_64x4d/test_resnext101_64x4d_aten_relu_default.py'.
Hint: make sure your test modules/packages have valid Python names.
Traceback:
../.pyenv/versions/3.11.10/lib/python3.11/importlib/__init__.py:126: in import_module
    return _bootstrap._gcd_import(name[level:], package, level)
           ^^^^^^^^^^^^^^^^^^^^^^^^^^^^^^^^^^^^^^^^^^^^^^^^^^^^
tests/autogen_op/resnext101_64x4d/test_resnext101_64x4d_aten_relu_default.py:8: in <module>
    import ttnn
E   ModuleNotFoundError: No module named 'ttnn'
_ ERROR collecting tests/autogen_op/resnext101_64x4d/test_resnext101_64x4d_aten_t_default.py _
ImportError while importing test module '/Users/Ajay17/pytorch2.0_ttnn/tests/autogen_op/resnext101_64x4d/test_resnext101_64x4d_aten_t_default.py'.
Hint: make sure your test modules/packages have valid Python names.
Traceback:
../.pyenv/versions/3.11.10/lib/python3.11/importlib/__init__.py:126: in import_module
    return _bootstrap._gcd_import(name[level:], package, level)
           ^^^^^^^^^^^^^^^^^^^^^^^^^^^^^^^^^^^^^^^^^^^^^^^^^^^^
tests/autogen_op/resnext101_64x4d/test_resnext101_64x4d_aten_t_default.py:8: in <module>
    import ttnn
E   ModuleNotFoundError: No module named 'ttnn'
_ ERROR collecting tests/autogen_op/resnext101_64x4d/test_resnext101_64x4d_aten_view_default.py _
ImportError while importing test module '/Users/Ajay17/pytorch2.0_ttnn/tests/autogen_op/resnext101_64x4d/test_resnext101_64x4d_aten_view_default.py'.
Hint: make sure your test modules/packages have valid Python names.
Traceback:
../.pyenv/versions/3.11.10/lib/python3.11/importlib/__init__.py:126: in import_module
    return _bootstrap._gcd_import(name[level:], package, level)
           ^^^^^^^^^^^^^^^^^^^^^^^^^^^^^^^^^^^^^^^^^^^^^^^^^^^^
tests/autogen_op/resnext101_64x4d/test_resnext101_64x4d_aten_view_default.py:8: in <module>
    import ttnn
E   ModuleNotFoundError: No module named 'ttnn'
_ ERROR collecting tests/autogen_op/resnext50_32x4d/test_resnext50_32x4d_aten__native_batch_norm_legit_no_training_default.py _
ImportError while importing test module '/Users/Ajay17/pytorch2.0_ttnn/tests/autogen_op/resnext50_32x4d/test_resnext50_32x4d_aten__native_batch_norm_legit_no_training_default.py'.
Hint: make sure your test modules/packages have valid Python names.
Traceback:
../.pyenv/versions/3.11.10/lib/python3.11/importlib/__init__.py:126: in import_module
    return _bootstrap._gcd_import(name[level:], package, level)
           ^^^^^^^^^^^^^^^^^^^^^^^^^^^^^^^^^^^^^^^^^^^^^^^^^^^^
tests/autogen_op/resnext50_32x4d/test_resnext50_32x4d_aten__native_batch_norm_legit_no_training_default.py:8: in <module>
    import ttnn
E   ModuleNotFoundError: No module named 'ttnn'
_ ERROR collecting tests/autogen_op/resnext50_32x4d/test_resnext50_32x4d_aten_add_Tensor.py _
ImportError while importing test module '/Users/Ajay17/pytorch2.0_ttnn/tests/autogen_op/resnext50_32x4d/test_resnext50_32x4d_aten_add_Tensor.py'.
Hint: make sure your test modules/packages have valid Python names.
Traceback:
../.pyenv/versions/3.11.10/lib/python3.11/importlib/__init__.py:126: in import_module
    return _bootstrap._gcd_import(name[level:], package, level)
           ^^^^^^^^^^^^^^^^^^^^^^^^^^^^^^^^^^^^^^^^^^^^^^^^^^^^
tests/autogen_op/resnext50_32x4d/test_resnext50_32x4d_aten_add_Tensor.py:8: in <module>
    import ttnn
E   ModuleNotFoundError: No module named 'ttnn'
_ ERROR collecting tests/autogen_op/resnext50_32x4d/test_resnext50_32x4d_aten_addmm_default.py _
ImportError while importing test module '/Users/Ajay17/pytorch2.0_ttnn/tests/autogen_op/resnext50_32x4d/test_resnext50_32x4d_aten_addmm_default.py'.
Hint: make sure your test modules/packages have valid Python names.
Traceback:
../.pyenv/versions/3.11.10/lib/python3.11/importlib/__init__.py:126: in import_module
    return _bootstrap._gcd_import(name[level:], package, level)
           ^^^^^^^^^^^^^^^^^^^^^^^^^^^^^^^^^^^^^^^^^^^^^^^^^^^^
tests/autogen_op/resnext50_32x4d/test_resnext50_32x4d_aten_addmm_default.py:8: in <module>
    import ttnn
E   ModuleNotFoundError: No module named 'ttnn'
_ ERROR collecting tests/autogen_op/resnext50_32x4d/test_resnext50_32x4d_aten_convolution_default.py _
ImportError while importing test module '/Users/Ajay17/pytorch2.0_ttnn/tests/autogen_op/resnext50_32x4d/test_resnext50_32x4d_aten_convolution_default.py'.
Hint: make sure your test modules/packages have valid Python names.
Traceback:
../.pyenv/versions/3.11.10/lib/python3.11/importlib/__init__.py:126: in import_module
    return _bootstrap._gcd_import(name[level:], package, level)
           ^^^^^^^^^^^^^^^^^^^^^^^^^^^^^^^^^^^^^^^^^^^^^^^^^^^^
tests/autogen_op/resnext50_32x4d/test_resnext50_32x4d_aten_convolution_default.py:8: in <module>
    import ttnn
E   ModuleNotFoundError: No module named 'ttnn'
_ ERROR collecting tests/autogen_op/resnext50_32x4d/test_resnext50_32x4d_aten_max_pool2d_with_indices_default.py _
ImportError while importing test module '/Users/Ajay17/pytorch2.0_ttnn/tests/autogen_op/resnext50_32x4d/test_resnext50_32x4d_aten_max_pool2d_with_indices_default.py'.
Hint: make sure your test modules/packages have valid Python names.
Traceback:
../.pyenv/versions/3.11.10/lib/python3.11/importlib/__init__.py:126: in import_module
    return _bootstrap._gcd_import(name[level:], package, level)
           ^^^^^^^^^^^^^^^^^^^^^^^^^^^^^^^^^^^^^^^^^^^^^^^^^^^^
tests/autogen_op/resnext50_32x4d/test_resnext50_32x4d_aten_max_pool2d_with_indices_default.py:8: in <module>
    import ttnn
E   ModuleNotFoundError: No module named 'ttnn'
_ ERROR collecting tests/autogen_op/resnext50_32x4d/test_resnext50_32x4d_aten_mean_dim.py _
ImportError while importing test module '/Users/Ajay17/pytorch2.0_ttnn/tests/autogen_op/resnext50_32x4d/test_resnext50_32x4d_aten_mean_dim.py'.
Hint: make sure your test modules/packages have valid Python names.
Traceback:
../.pyenv/versions/3.11.10/lib/python3.11/importlib/__init__.py:126: in import_module
    return _bootstrap._gcd_import(name[level:], package, level)
           ^^^^^^^^^^^^^^^^^^^^^^^^^^^^^^^^^^^^^^^^^^^^^^^^^^^^
tests/autogen_op/resnext50_32x4d/test_resnext50_32x4d_aten_mean_dim.py:8: in <module>
    import ttnn
E   ModuleNotFoundError: No module named 'ttnn'
_ ERROR collecting tests/autogen_op/resnext50_32x4d/test_resnext50_32x4d_aten_relu_default.py _
ImportError while importing test module '/Users/Ajay17/pytorch2.0_ttnn/tests/autogen_op/resnext50_32x4d/test_resnext50_32x4d_aten_relu_default.py'.
Hint: make sure your test modules/packages have valid Python names.
Traceback:
../.pyenv/versions/3.11.10/lib/python3.11/importlib/__init__.py:126: in import_module
    return _bootstrap._gcd_import(name[level:], package, level)
           ^^^^^^^^^^^^^^^^^^^^^^^^^^^^^^^^^^^^^^^^^^^^^^^^^^^^
tests/autogen_op/resnext50_32x4d/test_resnext50_32x4d_aten_relu_default.py:8: in <module>
    import ttnn
E   ModuleNotFoundError: No module named 'ttnn'
_ ERROR collecting tests/autogen_op/resnext50_32x4d/test_resnext50_32x4d_aten_t_default.py _
ImportError while importing test module '/Users/Ajay17/pytorch2.0_ttnn/tests/autogen_op/resnext50_32x4d/test_resnext50_32x4d_aten_t_default.py'.
Hint: make sure your test modules/packages have valid Python names.
Traceback:
../.pyenv/versions/3.11.10/lib/python3.11/importlib/__init__.py:126: in import_module
    return _bootstrap._gcd_import(name[level:], package, level)
           ^^^^^^^^^^^^^^^^^^^^^^^^^^^^^^^^^^^^^^^^^^^^^^^^^^^^
tests/autogen_op/resnext50_32x4d/test_resnext50_32x4d_aten_t_default.py:8: in <module>
    import ttnn
E   ModuleNotFoundError: No module named 'ttnn'
_ ERROR collecting tests/autogen_op/resnext50_32x4d/test_resnext50_32x4d_aten_view_default.py _
ImportError while importing test module '/Users/Ajay17/pytorch2.0_ttnn/tests/autogen_op/resnext50_32x4d/test_resnext50_32x4d_aten_view_default.py'.
Hint: make sure your test modules/packages have valid Python names.
Traceback:
../.pyenv/versions/3.11.10/lib/python3.11/importlib/__init__.py:126: in import_module
    return _bootstrap._gcd_import(name[level:], package, level)
           ^^^^^^^^^^^^^^^^^^^^^^^^^^^^^^^^^^^^^^^^^^^^^^^^^^^^
tests/autogen_op/resnext50_32x4d/test_resnext50_32x4d_aten_view_default.py:8: in <module>
    import ttnn
E   ModuleNotFoundError: No module named 'ttnn'
_ ERROR collecting tests/autogen_op/retinanet_resnet50_fpn/test_retinanet_resnet50_fpn_aten__unsafe_index_Tensor.py _
ImportError while importing test module '/Users/Ajay17/pytorch2.0_ttnn/tests/autogen_op/retinanet_resnet50_fpn/test_retinanet_resnet50_fpn_aten__unsafe_index_Tensor.py'.
Hint: make sure your test modules/packages have valid Python names.
Traceback:
../.pyenv/versions/3.11.10/lib/python3.11/importlib/__init__.py:126: in import_module
    return _bootstrap._gcd_import(name[level:], package, level)
           ^^^^^^^^^^^^^^^^^^^^^^^^^^^^^^^^^^^^^^^^^^^^^^^^^^^^
tests/autogen_op/retinanet_resnet50_fpn/test_retinanet_resnet50_fpn_aten__unsafe_index_Tensor.py:8: in <module>
    import ttnn
E   ModuleNotFoundError: No module named 'ttnn'
_ ERROR collecting tests/autogen_op/retinanet_resnet50_fpn/test_retinanet_resnet50_fpn_aten__unsafe_view_default.py _
ImportError while importing test module '/Users/Ajay17/pytorch2.0_ttnn/tests/autogen_op/retinanet_resnet50_fpn/test_retinanet_resnet50_fpn_aten__unsafe_view_default.py'.
Hint: make sure your test modules/packages have valid Python names.
Traceback:
../.pyenv/versions/3.11.10/lib/python3.11/importlib/__init__.py:126: in import_module
    return _bootstrap._gcd_import(name[level:], package, level)
           ^^^^^^^^^^^^^^^^^^^^^^^^^^^^^^^^^^^^^^^^^^^^^^^^^^^^
tests/autogen_op/retinanet_resnet50_fpn/test_retinanet_resnet50_fpn_aten__unsafe_view_default.py:8: in <module>
    import ttnn
E   ModuleNotFoundError: No module named 'ttnn'
_ ERROR collecting tests/autogen_op/retinanet_resnet50_fpn/test_retinanet_resnet50_fpn_aten_add_Tensor.py _
ImportError while importing test module '/Users/Ajay17/pytorch2.0_ttnn/tests/autogen_op/retinanet_resnet50_fpn/test_retinanet_resnet50_fpn_aten_add_Tensor.py'.
Hint: make sure your test modules/packages have valid Python names.
Traceback:
../.pyenv/versions/3.11.10/lib/python3.11/importlib/__init__.py:126: in import_module
    return _bootstrap._gcd_import(name[level:], package, level)
           ^^^^^^^^^^^^^^^^^^^^^^^^^^^^^^^^^^^^^^^^^^^^^^^^^^^^
tests/autogen_op/retinanet_resnet50_fpn/test_retinanet_resnet50_fpn_aten_add_Tensor.py:8: in <module>
    import ttnn
E   ModuleNotFoundError: No module named 'ttnn'
_ ERROR collecting tests/autogen_op/retinanet_resnet50_fpn/test_retinanet_resnet50_fpn_aten_cat_default.py _
ImportError while importing test module '/Users/Ajay17/pytorch2.0_ttnn/tests/autogen_op/retinanet_resnet50_fpn/test_retinanet_resnet50_fpn_aten_cat_default.py'.
Hint: make sure your test modules/packages have valid Python names.
Traceback:
../.pyenv/versions/3.11.10/lib/python3.11/importlib/__init__.py:126: in import_module
    return _bootstrap._gcd_import(name[level:], package, level)
           ^^^^^^^^^^^^^^^^^^^^^^^^^^^^^^^^^^^^^^^^^^^^^^^^^^^^
tests/autogen_op/retinanet_resnet50_fpn/test_retinanet_resnet50_fpn_aten_cat_default.py:8: in <module>
    import ttnn
E   ModuleNotFoundError: No module named 'ttnn'
_ ERROR collecting tests/autogen_op/retinanet_resnet50_fpn/test_retinanet_resnet50_fpn_aten_clone_default.py _
ImportError while importing test module '/Users/Ajay17/pytorch2.0_ttnn/tests/autogen_op/retinanet_resnet50_fpn/test_retinanet_resnet50_fpn_aten_clone_default.py'.
Hint: make sure your test modules/packages have valid Python names.
Traceback:
../.pyenv/versions/3.11.10/lib/python3.11/importlib/__init__.py:126: in import_module
    return _bootstrap._gcd_import(name[level:], package, level)
           ^^^^^^^^^^^^^^^^^^^^^^^^^^^^^^^^^^^^^^^^^^^^^^^^^^^^
tests/autogen_op/retinanet_resnet50_fpn/test_retinanet_resnet50_fpn_aten_clone_default.py:8: in <module>
    import ttnn
E   ModuleNotFoundError: No module named 'ttnn'
_ ERROR collecting tests/autogen_op/retinanet_resnet50_fpn/test_retinanet_resnet50_fpn_aten_convolution_default.py _
ImportError while importing test module '/Users/Ajay17/pytorch2.0_ttnn/tests/autogen_op/retinanet_resnet50_fpn/test_retinanet_resnet50_fpn_aten_convolution_default.py'.
Hint: make sure your test modules/packages have valid Python names.
Traceback:
../.pyenv/versions/3.11.10/lib/python3.11/importlib/__init__.py:126: in import_module
    return _bootstrap._gcd_import(name[level:], package, level)
           ^^^^^^^^^^^^^^^^^^^^^^^^^^^^^^^^^^^^^^^^^^^^^^^^^^^^
tests/autogen_op/retinanet_resnet50_fpn/test_retinanet_resnet50_fpn_aten_convolution_default.py:8: in <module>
    import ttnn
E   ModuleNotFoundError: No module named 'ttnn'
_ ERROR collecting tests/autogen_op/retinanet_resnet50_fpn/test_retinanet_resnet50_fpn_aten_div_Tensor.py _
ImportError while importing test module '/Users/Ajay17/pytorch2.0_ttnn/tests/autogen_op/retinanet_resnet50_fpn/test_retinanet_resnet50_fpn_aten_div_Tensor.py'.
Hint: make sure your test modules/packages have valid Python names.
Traceback:
../.pyenv/versions/3.11.10/lib/python3.11/importlib/__init__.py:126: in import_module
    return _bootstrap._gcd_import(name[level:], package, level)
           ^^^^^^^^^^^^^^^^^^^^^^^^^^^^^^^^^^^^^^^^^^^^^^^^^^^^
tests/autogen_op/retinanet_resnet50_fpn/test_retinanet_resnet50_fpn_aten_div_Tensor.py:8: in <module>
    import ttnn
E   ModuleNotFoundError: No module named 'ttnn'
_ ERROR collecting tests/autogen_op/retinanet_resnet50_fpn/test_retinanet_resnet50_fpn_aten_empty_memory_format.py _
ImportError while importing test module '/Users/Ajay17/pytorch2.0_ttnn/tests/autogen_op/retinanet_resnet50_fpn/test_retinanet_resnet50_fpn_aten_empty_memory_format.py'.
Hint: make sure your test modules/packages have valid Python names.
Traceback:
../.pyenv/versions/3.11.10/lib/python3.11/importlib/__init__.py:126: in import_module
    return _bootstrap._gcd_import(name[level:], package, level)
           ^^^^^^^^^^^^^^^^^^^^^^^^^^^^^^^^^^^^^^^^^^^^^^^^^^^^
tests/autogen_op/retinanet_resnet50_fpn/test_retinanet_resnet50_fpn_aten_empty_memory_format.py:8: in <module>
    import ttnn
E   ModuleNotFoundError: No module named 'ttnn'
_ ERROR collecting tests/autogen_op/retinanet_resnet50_fpn/test_retinanet_resnet50_fpn_aten_expand_default.py _
ImportError while importing test module '/Users/Ajay17/pytorch2.0_ttnn/tests/autogen_op/retinanet_resnet50_fpn/test_retinanet_resnet50_fpn_aten_expand_default.py'.
Hint: make sure your test modules/packages have valid Python names.
Traceback:
../.pyenv/versions/3.11.10/lib/python3.11/importlib/__init__.py:126: in import_module
    return _bootstrap._gcd_import(name[level:], package, level)
           ^^^^^^^^^^^^^^^^^^^^^^^^^^^^^^^^^^^^^^^^^^^^^^^^^^^^
tests/autogen_op/retinanet_resnet50_fpn/test_retinanet_resnet50_fpn_aten_expand_default.py:8: in <module>
    import ttnn
E   ModuleNotFoundError: No module named 'ttnn'
_ ERROR collecting tests/autogen_op/retinanet_resnet50_fpn/test_retinanet_resnet50_fpn_aten_fill_Scalar.py _
ImportError while importing test module '/Users/Ajay17/pytorch2.0_ttnn/tests/autogen_op/retinanet_resnet50_fpn/test_retinanet_resnet50_fpn_aten_fill_Scalar.py'.
Hint: make sure your test modules/packages have valid Python names.
Traceback:
../.pyenv/versions/3.11.10/lib/python3.11/importlib/__init__.py:126: in import_module
    return _bootstrap._gcd_import(name[level:], package, level)
           ^^^^^^^^^^^^^^^^^^^^^^^^^^^^^^^^^^^^^^^^^^^^^^^^^^^^
tests/autogen_op/retinanet_resnet50_fpn/test_retinanet_resnet50_fpn_aten_fill_Scalar.py:8: in <module>
    import ttnn
E   ModuleNotFoundError: No module named 'ttnn'
_ ERROR collecting tests/autogen_op/retinanet_resnet50_fpn/test_retinanet_resnet50_fpn_aten_max_pool2d_with_indices_default.py _
ImportError while importing test module '/Users/Ajay17/pytorch2.0_ttnn/tests/autogen_op/retinanet_resnet50_fpn/test_retinanet_resnet50_fpn_aten_max_pool2d_with_indices_default.py'.
Hint: make sure your test modules/packages have valid Python names.
Traceback:
../.pyenv/versions/3.11.10/lib/python3.11/importlib/__init__.py:126: in import_module
    return _bootstrap._gcd_import(name[level:], package, level)
           ^^^^^^^^^^^^^^^^^^^^^^^^^^^^^^^^^^^^^^^^^^^^^^^^^^^^
tests/autogen_op/retinanet_resnet50_fpn/test_retinanet_resnet50_fpn_aten_max_pool2d_with_indices_default.py:8: in <module>
    import ttnn
E   ModuleNotFoundError: No module named 'ttnn'
_ ERROR collecting tests/autogen_op/retinanet_resnet50_fpn/test_retinanet_resnet50_fpn_aten_mul_Tensor.py _
ImportError while importing test module '/Users/Ajay17/pytorch2.0_ttnn/tests/autogen_op/retinanet_resnet50_fpn/test_retinanet_resnet50_fpn_aten_mul_Tensor.py'.
Hint: make sure your test modules/packages have valid Python names.
Traceback:
../.pyenv/versions/3.11.10/lib/python3.11/importlib/__init__.py:126: in import_module
    return _bootstrap._gcd_import(name[level:], package, level)
           ^^^^^^^^^^^^^^^^^^^^^^^^^^^^^^^^^^^^^^^^^^^^^^^^^^^^
tests/autogen_op/retinanet_resnet50_fpn/test_retinanet_resnet50_fpn_aten_mul_Tensor.py:8: in <module>
    import ttnn
E   ModuleNotFoundError: No module named 'ttnn'
_ ERROR collecting tests/autogen_op/retinanet_resnet50_fpn/test_retinanet_resnet50_fpn_aten_new_full_default.py _
ImportError while importing test module '/Users/Ajay17/pytorch2.0_ttnn/tests/autogen_op/retinanet_resnet50_fpn/test_retinanet_resnet50_fpn_aten_new_full_default.py'.
Hint: make sure your test modules/packages have valid Python names.
Traceback:
../.pyenv/versions/3.11.10/lib/python3.11/importlib/__init__.py:126: in import_module
    return _bootstrap._gcd_import(name[level:], package, level)
           ^^^^^^^^^^^^^^^^^^^^^^^^^^^^^^^^^^^^^^^^^^^^^^^^^^^^
tests/autogen_op/retinanet_resnet50_fpn/test_retinanet_resnet50_fpn_aten_new_full_default.py:8: in <module>
    import ttnn
E   ModuleNotFoundError: No module named 'ttnn'
_ ERROR collecting tests/autogen_op/retinanet_resnet50_fpn/test_retinanet_resnet50_fpn_aten_permute_default.py _
ImportError while importing test module '/Users/Ajay17/pytorch2.0_ttnn/tests/autogen_op/retinanet_resnet50_fpn/test_retinanet_resnet50_fpn_aten_permute_default.py'.
Hint: make sure your test modules/packages have valid Python names.
Traceback:
../.pyenv/versions/3.11.10/lib/python3.11/importlib/__init__.py:126: in import_module
    return _bootstrap._gcd_import(name[level:], package, level)
           ^^^^^^^^^^^^^^^^^^^^^^^^^^^^^^^^^^^^^^^^^^^^^^^^^^^^
tests/autogen_op/retinanet_resnet50_fpn/test_retinanet_resnet50_fpn_aten_permute_default.py:8: in <module>
    import ttnn
E   ModuleNotFoundError: No module named 'ttnn'
_ ERROR collecting tests/autogen_op/retinanet_resnet50_fpn/test_retinanet_resnet50_fpn_aten_relu_default.py _
ImportError while importing test module '/Users/Ajay17/pytorch2.0_ttnn/tests/autogen_op/retinanet_resnet50_fpn/test_retinanet_resnet50_fpn_aten_relu_default.py'.
Hint: make sure your test modules/packages have valid Python names.
Traceback:
../.pyenv/versions/3.11.10/lib/python3.11/importlib/__init__.py:126: in import_module
    return _bootstrap._gcd_import(name[level:], package, level)
           ^^^^^^^^^^^^^^^^^^^^^^^^^^^^^^^^^^^^^^^^^^^^^^^^^^^^
tests/autogen_op/retinanet_resnet50_fpn/test_retinanet_resnet50_fpn_aten_relu_default.py:8: in <module>
    import ttnn
E   ModuleNotFoundError: No module named 'ttnn'
_ ERROR collecting tests/autogen_op/retinanet_resnet50_fpn/test_retinanet_resnet50_fpn_aten_rsqrt_default.py _
ImportError while importing test module '/Users/Ajay17/pytorch2.0_ttnn/tests/autogen_op/retinanet_resnet50_fpn/test_retinanet_resnet50_fpn_aten_rsqrt_default.py'.
Hint: make sure your test modules/packages have valid Python names.
Traceback:
../.pyenv/versions/3.11.10/lib/python3.11/importlib/__init__.py:126: in import_module
    return _bootstrap._gcd_import(name[level:], package, level)
           ^^^^^^^^^^^^^^^^^^^^^^^^^^^^^^^^^^^^^^^^^^^^^^^^^^^^
tests/autogen_op/retinanet_resnet50_fpn/test_retinanet_resnet50_fpn_aten_rsqrt_default.py:8: in <module>
    import ttnn
E   ModuleNotFoundError: No module named 'ttnn'
_ ERROR collecting tests/autogen_op/retinanet_resnet50_fpn/test_retinanet_resnet50_fpn_aten_rsub_Scalar.py _
ImportError while importing test module '/Users/Ajay17/pytorch2.0_ttnn/tests/autogen_op/retinanet_resnet50_fpn/test_retinanet_resnet50_fpn_aten_rsub_Scalar.py'.
Hint: make sure your test modules/packages have valid Python names.
Traceback:
../.pyenv/versions/3.11.10/lib/python3.11/importlib/__init__.py:126: in import_module
    return _bootstrap._gcd_import(name[level:], package, level)
           ^^^^^^^^^^^^^^^^^^^^^^^^^^^^^^^^^^^^^^^^^^^^^^^^^^^^
tests/autogen_op/retinanet_resnet50_fpn/test_retinanet_resnet50_fpn_aten_rsub_Scalar.py:8: in <module>
    import ttnn
E   ModuleNotFoundError: No module named 'ttnn'
_ ERROR collecting tests/autogen_op/retinanet_resnet50_fpn/test_retinanet_resnet50_fpn_aten_select_int.py _
ImportError while importing test module '/Users/Ajay17/pytorch2.0_ttnn/tests/autogen_op/retinanet_resnet50_fpn/test_retinanet_resnet50_fpn_aten_select_int.py'.
Hint: make sure your test modules/packages have valid Python names.
Traceback:
../.pyenv/versions/3.11.10/lib/python3.11/importlib/__init__.py:126: in import_module
    return _bootstrap._gcd_import(name[level:], package, level)
           ^^^^^^^^^^^^^^^^^^^^^^^^^^^^^^^^^^^^^^^^^^^^^^^^^^^^
tests/autogen_op/retinanet_resnet50_fpn/test_retinanet_resnet50_fpn_aten_select_int.py:8: in <module>
    import ttnn
E   ModuleNotFoundError: No module named 'ttnn'
_ ERROR collecting tests/autogen_op/retinanet_resnet50_fpn/test_retinanet_resnet50_fpn_aten_slice_Tensor.py _
ImportError while importing test module '/Users/Ajay17/pytorch2.0_ttnn/tests/autogen_op/retinanet_resnet50_fpn/test_retinanet_resnet50_fpn_aten_slice_Tensor.py'.
Hint: make sure your test modules/packages have valid Python names.
Traceback:
../.pyenv/versions/3.11.10/lib/python3.11/importlib/__init__.py:126: in import_module
    return _bootstrap._gcd_import(name[level:], package, level)
           ^^^^^^^^^^^^^^^^^^^^^^^^^^^^^^^^^^^^^^^^^^^^^^^^^^^^
tests/autogen_op/retinanet_resnet50_fpn/test_retinanet_resnet50_fpn_aten_slice_Tensor.py:8: in <module>
    import ttnn
E   ModuleNotFoundError: No module named 'ttnn'
_ ERROR collecting tests/autogen_op/retinanet_resnet50_fpn/test_retinanet_resnet50_fpn_aten_split_with_sizes_default.py _
ImportError while importing test module '/Users/Ajay17/pytorch2.0_ttnn/tests/autogen_op/retinanet_resnet50_fpn/test_retinanet_resnet50_fpn_aten_split_with_sizes_default.py'.
Hint: make sure your test modules/packages have valid Python names.
Traceback:
../.pyenv/versions/3.11.10/lib/python3.11/importlib/__init__.py:126: in import_module
    return _bootstrap._gcd_import(name[level:], package, level)
           ^^^^^^^^^^^^^^^^^^^^^^^^^^^^^^^^^^^^^^^^^^^^^^^^^^^^
tests/autogen_op/retinanet_resnet50_fpn/test_retinanet_resnet50_fpn_aten_split_with_sizes_default.py:8: in <module>
    import ttnn
E   ModuleNotFoundError: No module named 'ttnn'
_ ERROR collecting tests/autogen_op/retinanet_resnet50_fpn/test_retinanet_resnet50_fpn_aten_stack_default.py _
ImportError while importing test module '/Users/Ajay17/pytorch2.0_ttnn/tests/autogen_op/retinanet_resnet50_fpn/test_retinanet_resnet50_fpn_aten_stack_default.py'.
Hint: make sure your test modules/packages have valid Python names.
Traceback:
../.pyenv/versions/3.11.10/lib/python3.11/importlib/__init__.py:126: in import_module
    return _bootstrap._gcd_import(name[level:], package, level)
           ^^^^^^^^^^^^^^^^^^^^^^^^^^^^^^^^^^^^^^^^^^^^^^^^^^^^
tests/autogen_op/retinanet_resnet50_fpn/test_retinanet_resnet50_fpn_aten_stack_default.py:8: in <module>
    import ttnn
E   ModuleNotFoundError: No module named 'ttnn'
_ ERROR collecting tests/autogen_op/retinanet_resnet50_fpn/test_retinanet_resnet50_fpn_aten_sub_Tensor.py _
ImportError while importing test module '/Users/Ajay17/pytorch2.0_ttnn/tests/autogen_op/retinanet_resnet50_fpn/test_retinanet_resnet50_fpn_aten_sub_Tensor.py'.
Hint: make sure your test modules/packages have valid Python names.
Traceback:
../.pyenv/versions/3.11.10/lib/python3.11/importlib/__init__.py:126: in import_module
    return _bootstrap._gcd_import(name[level:], package, level)
           ^^^^^^^^^^^^^^^^^^^^^^^^^^^^^^^^^^^^^^^^^^^^^^^^^^^^
tests/autogen_op/retinanet_resnet50_fpn/test_retinanet_resnet50_fpn_aten_sub_Tensor.py:8: in <module>
    import ttnn
E   ModuleNotFoundError: No module named 'ttnn'
_ ERROR collecting tests/autogen_op/retinanet_resnet50_fpn/test_retinanet_resnet50_fpn_aten_unsqueeze_default.py _
ImportError while importing test module '/Users/Ajay17/pytorch2.0_ttnn/tests/autogen_op/retinanet_resnet50_fpn/test_retinanet_resnet50_fpn_aten_unsqueeze_default.py'.
Hint: make sure your test modules/packages have valid Python names.
Traceback:
../.pyenv/versions/3.11.10/lib/python3.11/importlib/__init__.py:126: in import_module
    return _bootstrap._gcd_import(name[level:], package, level)
           ^^^^^^^^^^^^^^^^^^^^^^^^^^^^^^^^^^^^^^^^^^^^^^^^^^^^
tests/autogen_op/retinanet_resnet50_fpn/test_retinanet_resnet50_fpn_aten_unsqueeze_default.py:8: in <module>
    import ttnn
E   ModuleNotFoundError: No module named 'ttnn'
_ ERROR collecting tests/autogen_op/retinanet_resnet50_fpn/test_retinanet_resnet50_fpn_aten_view_default.py _
ImportError while importing test module '/Users/Ajay17/pytorch2.0_ttnn/tests/autogen_op/retinanet_resnet50_fpn/test_retinanet_resnet50_fpn_aten_view_default.py'.
Hint: make sure your test modules/packages have valid Python names.
Traceback:
../.pyenv/versions/3.11.10/lib/python3.11/importlib/__init__.py:126: in import_module
    return _bootstrap._gcd_import(name[level:], package, level)
           ^^^^^^^^^^^^^^^^^^^^^^^^^^^^^^^^^^^^^^^^^^^^^^^^^^^^
tests/autogen_op/retinanet_resnet50_fpn/test_retinanet_resnet50_fpn_aten_view_default.py:8: in <module>
    import ttnn
E   ModuleNotFoundError: No module named 'ttnn'
_ ERROR collecting tests/autogen_op/retinanet_resnet50_fpn_v2/test_retinanet_resnet50_fpn_v2_aten__native_batch_norm_legit_no_training_default.py _
ImportError while importing test module '/Users/Ajay17/pytorch2.0_ttnn/tests/autogen_op/retinanet_resnet50_fpn_v2/test_retinanet_resnet50_fpn_v2_aten__native_batch_norm_legit_no_training_default.py'.
Hint: make sure your test modules/packages have valid Python names.
Traceback:
../.pyenv/versions/3.11.10/lib/python3.11/importlib/__init__.py:126: in import_module
    return _bootstrap._gcd_import(name[level:], package, level)
           ^^^^^^^^^^^^^^^^^^^^^^^^^^^^^^^^^^^^^^^^^^^^^^^^^^^^
tests/autogen_op/retinanet_resnet50_fpn_v2/test_retinanet_resnet50_fpn_v2_aten__native_batch_norm_legit_no_training_default.py:8: in <module>
    import ttnn
E   ModuleNotFoundError: No module named 'ttnn'
_ ERROR collecting tests/autogen_op/retinanet_resnet50_fpn_v2/test_retinanet_resnet50_fpn_v2_aten__unsafe_index_Tensor.py _
ImportError while importing test module '/Users/Ajay17/pytorch2.0_ttnn/tests/autogen_op/retinanet_resnet50_fpn_v2/test_retinanet_resnet50_fpn_v2_aten__unsafe_index_Tensor.py'.
Hint: make sure your test modules/packages have valid Python names.
Traceback:
../.pyenv/versions/3.11.10/lib/python3.11/importlib/__init__.py:126: in import_module
    return _bootstrap._gcd_import(name[level:], package, level)
           ^^^^^^^^^^^^^^^^^^^^^^^^^^^^^^^^^^^^^^^^^^^^^^^^^^^^
tests/autogen_op/retinanet_resnet50_fpn_v2/test_retinanet_resnet50_fpn_v2_aten__unsafe_index_Tensor.py:8: in <module>
    import ttnn
E   ModuleNotFoundError: No module named 'ttnn'
_ ERROR collecting tests/autogen_op/retinanet_resnet50_fpn_v2/test_retinanet_resnet50_fpn_v2_aten__unsafe_view_default.py _
ImportError while importing test module '/Users/Ajay17/pytorch2.0_ttnn/tests/autogen_op/retinanet_resnet50_fpn_v2/test_retinanet_resnet50_fpn_v2_aten__unsafe_view_default.py'.
Hint: make sure your test modules/packages have valid Python names.
Traceback:
../.pyenv/versions/3.11.10/lib/python3.11/importlib/__init__.py:126: in import_module
    return _bootstrap._gcd_import(name[level:], package, level)
           ^^^^^^^^^^^^^^^^^^^^^^^^^^^^^^^^^^^^^^^^^^^^^^^^^^^^
tests/autogen_op/retinanet_resnet50_fpn_v2/test_retinanet_resnet50_fpn_v2_aten__unsafe_view_default.py:8: in <module>
    import ttnn
E   ModuleNotFoundError: No module named 'ttnn'
_ ERROR collecting tests/autogen_op/retinanet_resnet50_fpn_v2/test_retinanet_resnet50_fpn_v2_aten_add_Tensor.py _
ImportError while importing test module '/Users/Ajay17/pytorch2.0_ttnn/tests/autogen_op/retinanet_resnet50_fpn_v2/test_retinanet_resnet50_fpn_v2_aten_add_Tensor.py'.
Hint: make sure your test modules/packages have valid Python names.
Traceback:
../.pyenv/versions/3.11.10/lib/python3.11/importlib/__init__.py:126: in import_module
    return _bootstrap._gcd_import(name[level:], package, level)
           ^^^^^^^^^^^^^^^^^^^^^^^^^^^^^^^^^^^^^^^^^^^^^^^^^^^^
tests/autogen_op/retinanet_resnet50_fpn_v2/test_retinanet_resnet50_fpn_v2_aten_add_Tensor.py:8: in <module>
    import ttnn
E   ModuleNotFoundError: No module named 'ttnn'
_ ERROR collecting tests/autogen_op/retinanet_resnet50_fpn_v2/test_retinanet_resnet50_fpn_v2_aten_cat_default.py _
ImportError while importing test module '/Users/Ajay17/pytorch2.0_ttnn/tests/autogen_op/retinanet_resnet50_fpn_v2/test_retinanet_resnet50_fpn_v2_aten_cat_default.py'.
Hint: make sure your test modules/packages have valid Python names.
Traceback:
../.pyenv/versions/3.11.10/lib/python3.11/importlib/__init__.py:126: in import_module
    return _bootstrap._gcd_import(name[level:], package, level)
           ^^^^^^^^^^^^^^^^^^^^^^^^^^^^^^^^^^^^^^^^^^^^^^^^^^^^
tests/autogen_op/retinanet_resnet50_fpn_v2/test_retinanet_resnet50_fpn_v2_aten_cat_default.py:8: in <module>
    import ttnn
E   ModuleNotFoundError: No module named 'ttnn'
_ ERROR collecting tests/autogen_op/retinanet_resnet50_fpn_v2/test_retinanet_resnet50_fpn_v2_aten_clone_default.py _
ImportError while importing test module '/Users/Ajay17/pytorch2.0_ttnn/tests/autogen_op/retinanet_resnet50_fpn_v2/test_retinanet_resnet50_fpn_v2_aten_clone_default.py'.
Hint: make sure your test modules/packages have valid Python names.
Traceback:
../.pyenv/versions/3.11.10/lib/python3.11/importlib/__init__.py:126: in import_module
    return _bootstrap._gcd_import(name[level:], package, level)
           ^^^^^^^^^^^^^^^^^^^^^^^^^^^^^^^^^^^^^^^^^^^^^^^^^^^^
tests/autogen_op/retinanet_resnet50_fpn_v2/test_retinanet_resnet50_fpn_v2_aten_clone_default.py:8: in <module>
    import ttnn
E   ModuleNotFoundError: No module named 'ttnn'
_ ERROR collecting tests/autogen_op/retinanet_resnet50_fpn_v2/test_retinanet_resnet50_fpn_v2_aten_convolution_default.py _
ImportError while importing test module '/Users/Ajay17/pytorch2.0_ttnn/tests/autogen_op/retinanet_resnet50_fpn_v2/test_retinanet_resnet50_fpn_v2_aten_convolution_default.py'.
Hint: make sure your test modules/packages have valid Python names.
Traceback:
../.pyenv/versions/3.11.10/lib/python3.11/importlib/__init__.py:126: in import_module
    return _bootstrap._gcd_import(name[level:], package, level)
           ^^^^^^^^^^^^^^^^^^^^^^^^^^^^^^^^^^^^^^^^^^^^^^^^^^^^
tests/autogen_op/retinanet_resnet50_fpn_v2/test_retinanet_resnet50_fpn_v2_aten_convolution_default.py:8: in <module>
    import ttnn
E   ModuleNotFoundError: No module named 'ttnn'
_ ERROR collecting tests/autogen_op/retinanet_resnet50_fpn_v2/test_retinanet_resnet50_fpn_v2_aten_div_Tensor.py _
ImportError while importing test module '/Users/Ajay17/pytorch2.0_ttnn/tests/autogen_op/retinanet_resnet50_fpn_v2/test_retinanet_resnet50_fpn_v2_aten_div_Tensor.py'.
Hint: make sure your test modules/packages have valid Python names.
Traceback:
../.pyenv/versions/3.11.10/lib/python3.11/importlib/__init__.py:126: in import_module
    return _bootstrap._gcd_import(name[level:], package, level)
           ^^^^^^^^^^^^^^^^^^^^^^^^^^^^^^^^^^^^^^^^^^^^^^^^^^^^
tests/autogen_op/retinanet_resnet50_fpn_v2/test_retinanet_resnet50_fpn_v2_aten_div_Tensor.py:8: in <module>
    import ttnn
E   ModuleNotFoundError: No module named 'ttnn'
_ ERROR collecting tests/autogen_op/retinanet_resnet50_fpn_v2/test_retinanet_resnet50_fpn_v2_aten_empty_memory_format.py _
ImportError while importing test module '/Users/Ajay17/pytorch2.0_ttnn/tests/autogen_op/retinanet_resnet50_fpn_v2/test_retinanet_resnet50_fpn_v2_aten_empty_memory_format.py'.
Hint: make sure your test modules/packages have valid Python names.
Traceback:
../.pyenv/versions/3.11.10/lib/python3.11/importlib/__init__.py:126: in import_module
    return _bootstrap._gcd_import(name[level:], package, level)
           ^^^^^^^^^^^^^^^^^^^^^^^^^^^^^^^^^^^^^^^^^^^^^^^^^^^^
tests/autogen_op/retinanet_resnet50_fpn_v2/test_retinanet_resnet50_fpn_v2_aten_empty_memory_format.py:8: in <module>
    import ttnn
E   ModuleNotFoundError: No module named 'ttnn'
_ ERROR collecting tests/autogen_op/retinanet_resnet50_fpn_v2/test_retinanet_resnet50_fpn_v2_aten_expand_default.py _
ImportError while importing test module '/Users/Ajay17/pytorch2.0_ttnn/tests/autogen_op/retinanet_resnet50_fpn_v2/test_retinanet_resnet50_fpn_v2_aten_expand_default.py'.
Hint: make sure your test modules/packages have valid Python names.
Traceback:
../.pyenv/versions/3.11.10/lib/python3.11/importlib/__init__.py:126: in import_module
    return _bootstrap._gcd_import(name[level:], package, level)
           ^^^^^^^^^^^^^^^^^^^^^^^^^^^^^^^^^^^^^^^^^^^^^^^^^^^^
tests/autogen_op/retinanet_resnet50_fpn_v2/test_retinanet_resnet50_fpn_v2_aten_expand_default.py:8: in <module>
    import ttnn
E   ModuleNotFoundError: No module named 'ttnn'
_ ERROR collecting tests/autogen_op/retinanet_resnet50_fpn_v2/test_retinanet_resnet50_fpn_v2_aten_fill_Scalar.py _
ImportError while importing test module '/Users/Ajay17/pytorch2.0_ttnn/tests/autogen_op/retinanet_resnet50_fpn_v2/test_retinanet_resnet50_fpn_v2_aten_fill_Scalar.py'.
Hint: make sure your test modules/packages have valid Python names.
Traceback:
../.pyenv/versions/3.11.10/lib/python3.11/importlib/__init__.py:126: in import_module
    return _bootstrap._gcd_import(name[level:], package, level)
           ^^^^^^^^^^^^^^^^^^^^^^^^^^^^^^^^^^^^^^^^^^^^^^^^^^^^
tests/autogen_op/retinanet_resnet50_fpn_v2/test_retinanet_resnet50_fpn_v2_aten_fill_Scalar.py:8: in <module>
    import ttnn
E   ModuleNotFoundError: No module named 'ttnn'
_ ERROR collecting tests/autogen_op/retinanet_resnet50_fpn_v2/test_retinanet_resnet50_fpn_v2_aten_max_pool2d_with_indices_default.py _
ImportError while importing test module '/Users/Ajay17/pytorch2.0_ttnn/tests/autogen_op/retinanet_resnet50_fpn_v2/test_retinanet_resnet50_fpn_v2_aten_max_pool2d_with_indices_default.py'.
Hint: make sure your test modules/packages have valid Python names.
Traceback:
../.pyenv/versions/3.11.10/lib/python3.11/importlib/__init__.py:126: in import_module
    return _bootstrap._gcd_import(name[level:], package, level)
           ^^^^^^^^^^^^^^^^^^^^^^^^^^^^^^^^^^^^^^^^^^^^^^^^^^^^
tests/autogen_op/retinanet_resnet50_fpn_v2/test_retinanet_resnet50_fpn_v2_aten_max_pool2d_with_indices_default.py:8: in <module>
    import ttnn
E   ModuleNotFoundError: No module named 'ttnn'
_ ERROR collecting tests/autogen_op/retinanet_resnet50_fpn_v2/test_retinanet_resnet50_fpn_v2_aten_mul_Tensor.py _
ImportError while importing test module '/Users/Ajay17/pytorch2.0_ttnn/tests/autogen_op/retinanet_resnet50_fpn_v2/test_retinanet_resnet50_fpn_v2_aten_mul_Tensor.py'.
Hint: make sure your test modules/packages have valid Python names.
Traceback:
../.pyenv/versions/3.11.10/lib/python3.11/importlib/__init__.py:126: in import_module
    return _bootstrap._gcd_import(name[level:], package, level)
           ^^^^^^^^^^^^^^^^^^^^^^^^^^^^^^^^^^^^^^^^^^^^^^^^^^^^
tests/autogen_op/retinanet_resnet50_fpn_v2/test_retinanet_resnet50_fpn_v2_aten_mul_Tensor.py:8: in <module>
    import ttnn
E   ModuleNotFoundError: No module named 'ttnn'
_ ERROR collecting tests/autogen_op/retinanet_resnet50_fpn_v2/test_retinanet_resnet50_fpn_v2_aten_native_group_norm_default.py _
ImportError while importing test module '/Users/Ajay17/pytorch2.0_ttnn/tests/autogen_op/retinanet_resnet50_fpn_v2/test_retinanet_resnet50_fpn_v2_aten_native_group_norm_default.py'.
Hint: make sure your test modules/packages have valid Python names.
Traceback:
../.pyenv/versions/3.11.10/lib/python3.11/importlib/__init__.py:126: in import_module
    return _bootstrap._gcd_import(name[level:], package, level)
           ^^^^^^^^^^^^^^^^^^^^^^^^^^^^^^^^^^^^^^^^^^^^^^^^^^^^
tests/autogen_op/retinanet_resnet50_fpn_v2/test_retinanet_resnet50_fpn_v2_aten_native_group_norm_default.py:8: in <module>
    import ttnn
E   ModuleNotFoundError: No module named 'ttnn'
_ ERROR collecting tests/autogen_op/retinanet_resnet50_fpn_v2/test_retinanet_resnet50_fpn_v2_aten_new_full_default.py _
ImportError while importing test module '/Users/Ajay17/pytorch2.0_ttnn/tests/autogen_op/retinanet_resnet50_fpn_v2/test_retinanet_resnet50_fpn_v2_aten_new_full_default.py'.
Hint: make sure your test modules/packages have valid Python names.
Traceback:
../.pyenv/versions/3.11.10/lib/python3.11/importlib/__init__.py:126: in import_module
    return _bootstrap._gcd_import(name[level:], package, level)
           ^^^^^^^^^^^^^^^^^^^^^^^^^^^^^^^^^^^^^^^^^^^^^^^^^^^^
tests/autogen_op/retinanet_resnet50_fpn_v2/test_retinanet_resnet50_fpn_v2_aten_new_full_default.py:8: in <module>
    import ttnn
E   ModuleNotFoundError: No module named 'ttnn'
_ ERROR collecting tests/autogen_op/retinanet_resnet50_fpn_v2/test_retinanet_resnet50_fpn_v2_aten_permute_default.py _
ImportError while importing test module '/Users/Ajay17/pytorch2.0_ttnn/tests/autogen_op/retinanet_resnet50_fpn_v2/test_retinanet_resnet50_fpn_v2_aten_permute_default.py'.
Hint: make sure your test modules/packages have valid Python names.
Traceback:
../.pyenv/versions/3.11.10/lib/python3.11/importlib/__init__.py:126: in import_module
    return _bootstrap._gcd_import(name[level:], package, level)
           ^^^^^^^^^^^^^^^^^^^^^^^^^^^^^^^^^^^^^^^^^^^^^^^^^^^^
tests/autogen_op/retinanet_resnet50_fpn_v2/test_retinanet_resnet50_fpn_v2_aten_permute_default.py:8: in <module>
    import ttnn
E   ModuleNotFoundError: No module named 'ttnn'
_ ERROR collecting tests/autogen_op/retinanet_resnet50_fpn_v2/test_retinanet_resnet50_fpn_v2_aten_relu_default.py _
ImportError while importing test module '/Users/Ajay17/pytorch2.0_ttnn/tests/autogen_op/retinanet_resnet50_fpn_v2/test_retinanet_resnet50_fpn_v2_aten_relu_default.py'.
Hint: make sure your test modules/packages have valid Python names.
Traceback:
../.pyenv/versions/3.11.10/lib/python3.11/importlib/__init__.py:126: in import_module
    return _bootstrap._gcd_import(name[level:], package, level)
           ^^^^^^^^^^^^^^^^^^^^^^^^^^^^^^^^^^^^^^^^^^^^^^^^^^^^
tests/autogen_op/retinanet_resnet50_fpn_v2/test_retinanet_resnet50_fpn_v2_aten_relu_default.py:8: in <module>
    import ttnn
E   ModuleNotFoundError: No module named 'ttnn'
_ ERROR collecting tests/autogen_op/retinanet_resnet50_fpn_v2/test_retinanet_resnet50_fpn_v2_aten_rsub_Scalar.py _
ImportError while importing test module '/Users/Ajay17/pytorch2.0_ttnn/tests/autogen_op/retinanet_resnet50_fpn_v2/test_retinanet_resnet50_fpn_v2_aten_rsub_Scalar.py'.
Hint: make sure your test modules/packages have valid Python names.
Traceback:
../.pyenv/versions/3.11.10/lib/python3.11/importlib/__init__.py:126: in import_module
    return _bootstrap._gcd_import(name[level:], package, level)
           ^^^^^^^^^^^^^^^^^^^^^^^^^^^^^^^^^^^^^^^^^^^^^^^^^^^^
tests/autogen_op/retinanet_resnet50_fpn_v2/test_retinanet_resnet50_fpn_v2_aten_rsub_Scalar.py:8: in <module>
    import ttnn
E   ModuleNotFoundError: No module named 'ttnn'
_ ERROR collecting tests/autogen_op/retinanet_resnet50_fpn_v2/test_retinanet_resnet50_fpn_v2_aten_select_int.py _
ImportError while importing test module '/Users/Ajay17/pytorch2.0_ttnn/tests/autogen_op/retinanet_resnet50_fpn_v2/test_retinanet_resnet50_fpn_v2_aten_select_int.py'.
Hint: make sure your test modules/packages have valid Python names.
Traceback:
../.pyenv/versions/3.11.10/lib/python3.11/importlib/__init__.py:126: in import_module
    return _bootstrap._gcd_import(name[level:], package, level)
           ^^^^^^^^^^^^^^^^^^^^^^^^^^^^^^^^^^^^^^^^^^^^^^^^^^^^
tests/autogen_op/retinanet_resnet50_fpn_v2/test_retinanet_resnet50_fpn_v2_aten_select_int.py:8: in <module>
    import ttnn
E   ModuleNotFoundError: No module named 'ttnn'
_ ERROR collecting tests/autogen_op/retinanet_resnet50_fpn_v2/test_retinanet_resnet50_fpn_v2_aten_slice_Tensor.py _
ImportError while importing test module '/Users/Ajay17/pytorch2.0_ttnn/tests/autogen_op/retinanet_resnet50_fpn_v2/test_retinanet_resnet50_fpn_v2_aten_slice_Tensor.py'.
Hint: make sure your test modules/packages have valid Python names.
Traceback:
../.pyenv/versions/3.11.10/lib/python3.11/importlib/__init__.py:126: in import_module
    return _bootstrap._gcd_import(name[level:], package, level)
           ^^^^^^^^^^^^^^^^^^^^^^^^^^^^^^^^^^^^^^^^^^^^^^^^^^^^
tests/autogen_op/retinanet_resnet50_fpn_v2/test_retinanet_resnet50_fpn_v2_aten_slice_Tensor.py:8: in <module>
    import ttnn
E   ModuleNotFoundError: No module named 'ttnn'
_ ERROR collecting tests/autogen_op/retinanet_resnet50_fpn_v2/test_retinanet_resnet50_fpn_v2_aten_split_with_sizes_default.py _
ImportError while importing test module '/Users/Ajay17/pytorch2.0_ttnn/tests/autogen_op/retinanet_resnet50_fpn_v2/test_retinanet_resnet50_fpn_v2_aten_split_with_sizes_default.py'.
Hint: make sure your test modules/packages have valid Python names.
Traceback:
../.pyenv/versions/3.11.10/lib/python3.11/importlib/__init__.py:126: in import_module
    return _bootstrap._gcd_import(name[level:], package, level)
           ^^^^^^^^^^^^^^^^^^^^^^^^^^^^^^^^^^^^^^^^^^^^^^^^^^^^
tests/autogen_op/retinanet_resnet50_fpn_v2/test_retinanet_resnet50_fpn_v2_aten_split_with_sizes_default.py:8: in <module>
    import ttnn
E   ModuleNotFoundError: No module named 'ttnn'
_ ERROR collecting tests/autogen_op/retinanet_resnet50_fpn_v2/test_retinanet_resnet50_fpn_v2_aten_stack_default.py _
ImportError while importing test module '/Users/Ajay17/pytorch2.0_ttnn/tests/autogen_op/retinanet_resnet50_fpn_v2/test_retinanet_resnet50_fpn_v2_aten_stack_default.py'.
Hint: make sure your test modules/packages have valid Python names.
Traceback:
../.pyenv/versions/3.11.10/lib/python3.11/importlib/__init__.py:126: in import_module
    return _bootstrap._gcd_import(name[level:], package, level)
           ^^^^^^^^^^^^^^^^^^^^^^^^^^^^^^^^^^^^^^^^^^^^^^^^^^^^
tests/autogen_op/retinanet_resnet50_fpn_v2/test_retinanet_resnet50_fpn_v2_aten_stack_default.py:8: in <module>
    import ttnn
E   ModuleNotFoundError: No module named 'ttnn'
_ ERROR collecting tests/autogen_op/retinanet_resnet50_fpn_v2/test_retinanet_resnet50_fpn_v2_aten_sub_Tensor.py _
ImportError while importing test module '/Users/Ajay17/pytorch2.0_ttnn/tests/autogen_op/retinanet_resnet50_fpn_v2/test_retinanet_resnet50_fpn_v2_aten_sub_Tensor.py'.
Hint: make sure your test modules/packages have valid Python names.
Traceback:
../.pyenv/versions/3.11.10/lib/python3.11/importlib/__init__.py:126: in import_module
    return _bootstrap._gcd_import(name[level:], package, level)
           ^^^^^^^^^^^^^^^^^^^^^^^^^^^^^^^^^^^^^^^^^^^^^^^^^^^^
tests/autogen_op/retinanet_resnet50_fpn_v2/test_retinanet_resnet50_fpn_v2_aten_sub_Tensor.py:8: in <module>
    import ttnn
E   ModuleNotFoundError: No module named 'ttnn'
_ ERROR collecting tests/autogen_op/retinanet_resnet50_fpn_v2/test_retinanet_resnet50_fpn_v2_aten_unsqueeze_default.py _
ImportError while importing test module '/Users/Ajay17/pytorch2.0_ttnn/tests/autogen_op/retinanet_resnet50_fpn_v2/test_retinanet_resnet50_fpn_v2_aten_unsqueeze_default.py'.
Hint: make sure your test modules/packages have valid Python names.
Traceback:
../.pyenv/versions/3.11.10/lib/python3.11/importlib/__init__.py:126: in import_module
    return _bootstrap._gcd_import(name[level:], package, level)
           ^^^^^^^^^^^^^^^^^^^^^^^^^^^^^^^^^^^^^^^^^^^^^^^^^^^^
tests/autogen_op/retinanet_resnet50_fpn_v2/test_retinanet_resnet50_fpn_v2_aten_unsqueeze_default.py:8: in <module>
    import ttnn
E   ModuleNotFoundError: No module named 'ttnn'
_ ERROR collecting tests/autogen_op/retinanet_resnet50_fpn_v2/test_retinanet_resnet50_fpn_v2_aten_view_default.py _
ImportError while importing test module '/Users/Ajay17/pytorch2.0_ttnn/tests/autogen_op/retinanet_resnet50_fpn_v2/test_retinanet_resnet50_fpn_v2_aten_view_default.py'.
Hint: make sure your test modules/packages have valid Python names.
Traceback:
../.pyenv/versions/3.11.10/lib/python3.11/importlib/__init__.py:126: in import_module
    return _bootstrap._gcd_import(name[level:], package, level)
           ^^^^^^^^^^^^^^^^^^^^^^^^^^^^^^^^^^^^^^^^^^^^^^^^^^^^
tests/autogen_op/retinanet_resnet50_fpn_v2/test_retinanet_resnet50_fpn_v2_aten_view_default.py:8: in <module>
    import ttnn
E   ModuleNotFoundError: No module named 'ttnn'
_ ERROR collecting tests/autogen_op/speecht5-tts/test_speecht5-tts_aten__softmax_default.py _
ImportError while importing test module '/Users/Ajay17/pytorch2.0_ttnn/tests/autogen_op/speecht5-tts/test_speecht5-tts_aten__softmax_default.py'.
Hint: make sure your test modules/packages have valid Python names.
Traceback:
../.pyenv/versions/3.11.10/lib/python3.11/importlib/__init__.py:126: in import_module
    return _bootstrap._gcd_import(name[level:], package, level)
           ^^^^^^^^^^^^^^^^^^^^^^^^^^^^^^^^^^^^^^^^^^^^^^^^^^^^
tests/autogen_op/speecht5-tts/test_speecht5-tts_aten__softmax_default.py:8: in <module>
    import ttnn
E   ModuleNotFoundError: No module named 'ttnn'
_ ERROR collecting tests/autogen_op/speecht5-tts/test_speecht5-tts_aten__to_copy_default.py _
ImportError while importing test module '/Users/Ajay17/pytorch2.0_ttnn/tests/autogen_op/speecht5-tts/test_speecht5-tts_aten__to_copy_default.py'.
Hint: make sure your test modules/packages have valid Python names.
Traceback:
../.pyenv/versions/3.11.10/lib/python3.11/importlib/__init__.py:126: in import_module
    return _bootstrap._gcd_import(name[level:], package, level)
           ^^^^^^^^^^^^^^^^^^^^^^^^^^^^^^^^^^^^^^^^^^^^^^^^^^^^
tests/autogen_op/speecht5-tts/test_speecht5-tts_aten__to_copy_default.py:8: in <module>
    import ttnn
E   ModuleNotFoundError: No module named 'ttnn'
_ ERROR collecting tests/autogen_op/speecht5-tts/test_speecht5-tts_aten__unsafe_view_default.py _
ImportError while importing test module '/Users/Ajay17/pytorch2.0_ttnn/tests/autogen_op/speecht5-tts/test_speecht5-tts_aten__unsafe_view_default.py'.
Hint: make sure your test modules/packages have valid Python names.
Traceback:
../.pyenv/versions/3.11.10/lib/python3.11/importlib/__init__.py:126: in import_module
    return _bootstrap._gcd_import(name[level:], package, level)
           ^^^^^^^^^^^^^^^^^^^^^^^^^^^^^^^^^^^^^^^^^^^^^^^^^^^^
tests/autogen_op/speecht5-tts/test_speecht5-tts_aten__unsafe_view_default.py:8: in <module>
    import ttnn
E   ModuleNotFoundError: No module named 'ttnn'
_ ERROR collecting tests/autogen_op/speecht5-tts/test_speecht5-tts_aten_add_Tensor.py _
ImportError while importing test module '/Users/Ajay17/pytorch2.0_ttnn/tests/autogen_op/speecht5-tts/test_speecht5-tts_aten_add_Tensor.py'.
Hint: make sure your test modules/packages have valid Python names.
Traceback:
../.pyenv/versions/3.11.10/lib/python3.11/importlib/__init__.py:126: in import_module
    return _bootstrap._gcd_import(name[level:], package, level)
           ^^^^^^^^^^^^^^^^^^^^^^^^^^^^^^^^^^^^^^^^^^^^^^^^^^^^
tests/autogen_op/speecht5-tts/test_speecht5-tts_aten_add_Tensor.py:8: in <module>
    import ttnn
E   ModuleNotFoundError: No module named 'ttnn'
_ ERROR collecting tests/autogen_op/speecht5-tts/test_speecht5-tts_aten_addmm_default.py _
ImportError while importing test module '/Users/Ajay17/pytorch2.0_ttnn/tests/autogen_op/speecht5-tts/test_speecht5-tts_aten_addmm_default.py'.
Hint: make sure your test modules/packages have valid Python names.
Traceback:
../.pyenv/versions/3.11.10/lib/python3.11/importlib/__init__.py:126: in import_module
    return _bootstrap._gcd_import(name[level:], package, level)
           ^^^^^^^^^^^^^^^^^^^^^^^^^^^^^^^^^^^^^^^^^^^^^^^^^^^^
tests/autogen_op/speecht5-tts/test_speecht5-tts_aten_addmm_default.py:8: in <module>
    import ttnn
E   ModuleNotFoundError: No module named 'ttnn'
_ ERROR collecting tests/autogen_op/speecht5-tts/test_speecht5-tts_aten_bmm_default.py _
ImportError while importing test module '/Users/Ajay17/pytorch2.0_ttnn/tests/autogen_op/speecht5-tts/test_speecht5-tts_aten_bmm_default.py'.
Hint: make sure your test modules/packages have valid Python names.
Traceback:
../.pyenv/versions/3.11.10/lib/python3.11/importlib/__init__.py:126: in import_module
    return _bootstrap._gcd_import(name[level:], package, level)
           ^^^^^^^^^^^^^^^^^^^^^^^^^^^^^^^^^^^^^^^^^^^^^^^^^^^^
tests/autogen_op/speecht5-tts/test_speecht5-tts_aten_bmm_default.py:8: in <module>
    import ttnn
E   ModuleNotFoundError: No module named 'ttnn'
_ ERROR collecting tests/autogen_op/speecht5-tts/test_speecht5-tts_aten_clone_default.py _
ImportError while importing test module '/Users/Ajay17/pytorch2.0_ttnn/tests/autogen_op/speecht5-tts/test_speecht5-tts_aten_clone_default.py'.
Hint: make sure your test modules/packages have valid Python names.
Traceback:
../.pyenv/versions/3.11.10/lib/python3.11/importlib/__init__.py:126: in import_module
    return _bootstrap._gcd_import(name[level:], package, level)
           ^^^^^^^^^^^^^^^^^^^^^^^^^^^^^^^^^^^^^^^^^^^^^^^^^^^^
tests/autogen_op/speecht5-tts/test_speecht5-tts_aten_clone_default.py:8: in <module>
    import ttnn
E   ModuleNotFoundError: No module named 'ttnn'
_ ERROR collecting tests/autogen_op/speecht5-tts/test_speecht5-tts_aten_embedding_default.py _
ImportError while importing test module '/Users/Ajay17/pytorch2.0_ttnn/tests/autogen_op/speecht5-tts/test_speecht5-tts_aten_embedding_default.py'.
Hint: make sure your test modules/packages have valid Python names.
Traceback:
../.pyenv/versions/3.11.10/lib/python3.11/importlib/__init__.py:126: in import_module
    return _bootstrap._gcd_import(name[level:], package, level)
           ^^^^^^^^^^^^^^^^^^^^^^^^^^^^^^^^^^^^^^^^^^^^^^^^^^^^
tests/autogen_op/speecht5-tts/test_speecht5-tts_aten_embedding_default.py:8: in <module>
    import ttnn
E   ModuleNotFoundError: No module named 'ttnn'
_ ERROR collecting tests/autogen_op/speecht5-tts/test_speecht5-tts_aten_expand_default.py _
ImportError while importing test module '/Users/Ajay17/pytorch2.0_ttnn/tests/autogen_op/speecht5-tts/test_speecht5-tts_aten_expand_default.py'.
Hint: make sure your test modules/packages have valid Python names.
Traceback:
../.pyenv/versions/3.11.10/lib/python3.11/importlib/__init__.py:126: in import_module
    return _bootstrap._gcd_import(name[level:], package, level)
           ^^^^^^^^^^^^^^^^^^^^^^^^^^^^^^^^^^^^^^^^^^^^^^^^^^^^
tests/autogen_op/speecht5-tts/test_speecht5-tts_aten_expand_default.py:8: in <module>
    import ttnn
E   ModuleNotFoundError: No module named 'ttnn'
_ ERROR collecting tests/autogen_op/speecht5-tts/test_speecht5-tts_aten_gelu_default.py _
ImportError while importing test module '/Users/Ajay17/pytorch2.0_ttnn/tests/autogen_op/speecht5-tts/test_speecht5-tts_aten_gelu_default.py'.
Hint: make sure your test modules/packages have valid Python names.
Traceback:
../.pyenv/versions/3.11.10/lib/python3.11/importlib/__init__.py:126: in import_module
    return _bootstrap._gcd_import(name[level:], package, level)
           ^^^^^^^^^^^^^^^^^^^^^^^^^^^^^^^^^^^^^^^^^^^^^^^^^^^^
tests/autogen_op/speecht5-tts/test_speecht5-tts_aten_gelu_default.py:8: in <module>
    import ttnn
E   ModuleNotFoundError: No module named 'ttnn'
_ ERROR collecting tests/autogen_op/speecht5-tts/test_speecht5-tts_aten_masked_fill_Scalar.py _
ImportError while importing test module '/Users/Ajay17/pytorch2.0_ttnn/tests/autogen_op/speecht5-tts/test_speecht5-tts_aten_masked_fill_Scalar.py'.
Hint: make sure your test modules/packages have valid Python names.
Traceback:
../.pyenv/versions/3.11.10/lib/python3.11/importlib/__init__.py:126: in import_module
    return _bootstrap._gcd_import(name[level:], package, level)
           ^^^^^^^^^^^^^^^^^^^^^^^^^^^^^^^^^^^^^^^^^^^^^^^^^^^^
tests/autogen_op/speecht5-tts/test_speecht5-tts_aten_masked_fill_Scalar.py:8: in <module>
    import ttnn
E   ModuleNotFoundError: No module named 'ttnn'
_ ERROR collecting tests/autogen_op/speecht5-tts/test_speecht5-tts_aten_mul_Tensor.py _
ImportError while importing test module '/Users/Ajay17/pytorch2.0_ttnn/tests/autogen_op/speecht5-tts/test_speecht5-tts_aten_mul_Tensor.py'.
Hint: make sure your test modules/packages have valid Python names.
Traceback:
../.pyenv/versions/3.11.10/lib/python3.11/importlib/__init__.py:126: in import_module
    return _bootstrap._gcd_import(name[level:], package, level)
           ^^^^^^^^^^^^^^^^^^^^^^^^^^^^^^^^^^^^^^^^^^^^^^^^^^^^
tests/autogen_op/speecht5-tts/test_speecht5-tts_aten_mul_Tensor.py:8: in <module>
    import ttnn
E   ModuleNotFoundError: No module named 'ttnn'
_ ERROR collecting tests/autogen_op/speecht5-tts/test_speecht5-tts_aten_native_layer_norm_default.py _
ImportError while importing test module '/Users/Ajay17/pytorch2.0_ttnn/tests/autogen_op/speecht5-tts/test_speecht5-tts_aten_native_layer_norm_default.py'.
Hint: make sure your test modules/packages have valid Python names.
Traceback:
../.pyenv/versions/3.11.10/lib/python3.11/importlib/__init__.py:126: in import_module
    return _bootstrap._gcd_import(name[level:], package, level)
           ^^^^^^^^^^^^^^^^^^^^^^^^^^^^^^^^^^^^^^^^^^^^^^^^^^^^
tests/autogen_op/speecht5-tts/test_speecht5-tts_aten_native_layer_norm_default.py:8: in <module>
    import ttnn
E   ModuleNotFoundError: No module named 'ttnn'
_ ERROR collecting tests/autogen_op/speecht5-tts/test_speecht5-tts_aten_rsub_Scalar.py _
ImportError while importing test module '/Users/Ajay17/pytorch2.0_ttnn/tests/autogen_op/speecht5-tts/test_speecht5-tts_aten_rsub_Scalar.py'.
Hint: make sure your test modules/packages have valid Python names.
Traceback:
../.pyenv/versions/3.11.10/lib/python3.11/importlib/__init__.py:126: in import_module
    return _bootstrap._gcd_import(name[level:], package, level)
           ^^^^^^^^^^^^^^^^^^^^^^^^^^^^^^^^^^^^^^^^^^^^^^^^^^^^
tests/autogen_op/speecht5-tts/test_speecht5-tts_aten_rsub_Scalar.py:8: in <module>
    import ttnn
E   ModuleNotFoundError: No module named 'ttnn'
_ ERROR collecting tests/autogen_op/speecht5-tts/test_speecht5-tts_aten_slice_Tensor.py _
ImportError while importing test module '/Users/Ajay17/pytorch2.0_ttnn/tests/autogen_op/speecht5-tts/test_speecht5-tts_aten_slice_Tensor.py'.
Hint: make sure your test modules/packages have valid Python names.
Traceback:
../.pyenv/versions/3.11.10/lib/python3.11/importlib/__init__.py:126: in import_module
    return _bootstrap._gcd_import(name[level:], package, level)
           ^^^^^^^^^^^^^^^^^^^^^^^^^^^^^^^^^^^^^^^^^^^^^^^^^^^^
tests/autogen_op/speecht5-tts/test_speecht5-tts_aten_slice_Tensor.py:8: in <module>
    import ttnn
E   ModuleNotFoundError: No module named 'ttnn'
_ ERROR collecting tests/autogen_op/speecht5-tts/test_speecht5-tts_aten_sub_Tensor.py _
ImportError while importing test module '/Users/Ajay17/pytorch2.0_ttnn/tests/autogen_op/speecht5-tts/test_speecht5-tts_aten_sub_Tensor.py'.
Hint: make sure your test modules/packages have valid Python names.
Traceback:
../.pyenv/versions/3.11.10/lib/python3.11/importlib/__init__.py:126: in import_module
    return _bootstrap._gcd_import(name[level:], package, level)
           ^^^^^^^^^^^^^^^^^^^^^^^^^^^^^^^^^^^^^^^^^^^^^^^^^^^^
tests/autogen_op/speecht5-tts/test_speecht5-tts_aten_sub_Tensor.py:8: in <module>
    import ttnn
E   ModuleNotFoundError: No module named 'ttnn'
_ ERROR collecting tests/autogen_op/speecht5-tts/test_speecht5-tts_aten_t_default.py _
ImportError while importing test module '/Users/Ajay17/pytorch2.0_ttnn/tests/autogen_op/speecht5-tts/test_speecht5-tts_aten_t_default.py'.
Hint: make sure your test modules/packages have valid Python names.
Traceback:
../.pyenv/versions/3.11.10/lib/python3.11/importlib/__init__.py:126: in import_module
    return _bootstrap._gcd_import(name[level:], package, level)
           ^^^^^^^^^^^^^^^^^^^^^^^^^^^^^^^^^^^^^^^^^^^^^^^^^^^^
tests/autogen_op/speecht5-tts/test_speecht5-tts_aten_t_default.py:8: in <module>
    import ttnn
E   ModuleNotFoundError: No module named 'ttnn'
_ ERROR collecting tests/autogen_op/speecht5-tts/test_speecht5-tts_aten_transpose_int.py _
ImportError while importing test module '/Users/Ajay17/pytorch2.0_ttnn/tests/autogen_op/speecht5-tts/test_speecht5-tts_aten_transpose_int.py'.
Hint: make sure your test modules/packages have valid Python names.
Traceback:
../.pyenv/versions/3.11.10/lib/python3.11/importlib/__init__.py:126: in import_module
    return _bootstrap._gcd_import(name[level:], package, level)
           ^^^^^^^^^^^^^^^^^^^^^^^^^^^^^^^^^^^^^^^^^^^^^^^^^^^^
tests/autogen_op/speecht5-tts/test_speecht5-tts_aten_transpose_int.py:8: in <module>
    import ttnn
E   ModuleNotFoundError: No module named 'ttnn'
_ ERROR collecting tests/autogen_op/speecht5-tts/test_speecht5-tts_aten_unsqueeze_default.py _
ImportError while importing test module '/Users/Ajay17/pytorch2.0_ttnn/tests/autogen_op/speecht5-tts/test_speecht5-tts_aten_unsqueeze_default.py'.
Hint: make sure your test modules/packages have valid Python names.
Traceback:
../.pyenv/versions/3.11.10/lib/python3.11/importlib/__init__.py:126: in import_module
    return _bootstrap._gcd_import(name[level:], package, level)
           ^^^^^^^^^^^^^^^^^^^^^^^^^^^^^^^^^^^^^^^^^^^^^^^^^^^^
tests/autogen_op/speecht5-tts/test_speecht5-tts_aten_unsqueeze_default.py:8: in <module>
    import ttnn
E   ModuleNotFoundError: No module named 'ttnn'
_ ERROR collecting tests/autogen_op/speecht5-tts/test_speecht5-tts_aten_view_default.py _
ImportError while importing test module '/Users/Ajay17/pytorch2.0_ttnn/tests/autogen_op/speecht5-tts/test_speecht5-tts_aten_view_default.py'.
Hint: make sure your test modules/packages have valid Python names.
Traceback:
../.pyenv/versions/3.11.10/lib/python3.11/importlib/__init__.py:126: in import_module
    return _bootstrap._gcd_import(name[level:], package, level)
           ^^^^^^^^^^^^^^^^^^^^^^^^^^^^^^^^^^^^^^^^^^^^^^^^^^^^
tests/autogen_op/speecht5-tts/test_speecht5-tts_aten_view_default.py:8: in <module>
    import ttnn
E   ModuleNotFoundError: No module named 'ttnn'
_ ERROR collecting tests/autogen_op/ssd300_vgg16/test_ssd300_vgg16_aten__unsafe_index_Tensor.py _
ImportError while importing test module '/Users/Ajay17/pytorch2.0_ttnn/tests/autogen_op/ssd300_vgg16/test_ssd300_vgg16_aten__unsafe_index_Tensor.py'.
Hint: make sure your test modules/packages have valid Python names.
Traceback:
../.pyenv/versions/3.11.10/lib/python3.11/importlib/__init__.py:126: in import_module
    return _bootstrap._gcd_import(name[level:], package, level)
           ^^^^^^^^^^^^^^^^^^^^^^^^^^^^^^^^^^^^^^^^^^^^^^^^^^^^
tests/autogen_op/ssd300_vgg16/test_ssd300_vgg16_aten__unsafe_index_Tensor.py:8: in <module>
    import ttnn
E   ModuleNotFoundError: No module named 'ttnn'
_ ERROR collecting tests/autogen_op/ssd300_vgg16/test_ssd300_vgg16_aten__unsafe_view_default.py _
ImportError while importing test module '/Users/Ajay17/pytorch2.0_ttnn/tests/autogen_op/ssd300_vgg16/test_ssd300_vgg16_aten__unsafe_view_default.py'.
Hint: make sure your test modules/packages have valid Python names.
Traceback:
../.pyenv/versions/3.11.10/lib/python3.11/importlib/__init__.py:126: in import_module
    return _bootstrap._gcd_import(name[level:], package, level)
           ^^^^^^^^^^^^^^^^^^^^^^^^^^^^^^^^^^^^^^^^^^^^^^^^^^^^
tests/autogen_op/ssd300_vgg16/test_ssd300_vgg16_aten__unsafe_view_default.py:8: in <module>
    import ttnn
E   ModuleNotFoundError: No module named 'ttnn'
_ ERROR collecting tests/autogen_op/ssd300_vgg16/test_ssd300_vgg16_aten_add_Tensor.py _
ImportError while importing test module '/Users/Ajay17/pytorch2.0_ttnn/tests/autogen_op/ssd300_vgg16/test_ssd300_vgg16_aten_add_Tensor.py'.
Hint: make sure your test modules/packages have valid Python names.
Traceback:
../.pyenv/versions/3.11.10/lib/python3.11/importlib/__init__.py:126: in import_module
    return _bootstrap._gcd_import(name[level:], package, level)
           ^^^^^^^^^^^^^^^^^^^^^^^^^^^^^^^^^^^^^^^^^^^^^^^^^^^^
tests/autogen_op/ssd300_vgg16/test_ssd300_vgg16_aten_add_Tensor.py:8: in <module>
    import ttnn
E   ModuleNotFoundError: No module named 'ttnn'
_ ERROR collecting tests/autogen_op/ssd300_vgg16/test_ssd300_vgg16_aten_cat_default.py _
ImportError while importing test module '/Users/Ajay17/pytorch2.0_ttnn/tests/autogen_op/ssd300_vgg16/test_ssd300_vgg16_aten_cat_default.py'.
Hint: make sure your test modules/packages have valid Python names.
Traceback:
../.pyenv/versions/3.11.10/lib/python3.11/importlib/__init__.py:126: in import_module
    return _bootstrap._gcd_import(name[level:], package, level)
           ^^^^^^^^^^^^^^^^^^^^^^^^^^^^^^^^^^^^^^^^^^^^^^^^^^^^
tests/autogen_op/ssd300_vgg16/test_ssd300_vgg16_aten_cat_default.py:8: in <module>
    import ttnn
E   ModuleNotFoundError: No module named 'ttnn'
_ ERROR collecting tests/autogen_op/ssd300_vgg16/test_ssd300_vgg16_aten_clamp_default.py _
ImportError while importing test module '/Users/Ajay17/pytorch2.0_ttnn/tests/autogen_op/ssd300_vgg16/test_ssd300_vgg16_aten_clamp_default.py'.
Hint: make sure your test modules/packages have valid Python names.
Traceback:
../.pyenv/versions/3.11.10/lib/python3.11/importlib/__init__.py:126: in import_module
    return _bootstrap._gcd_import(name[level:], package, level)
           ^^^^^^^^^^^^^^^^^^^^^^^^^^^^^^^^^^^^^^^^^^^^^^^^^^^^
tests/autogen_op/ssd300_vgg16/test_ssd300_vgg16_aten_clamp_default.py:8: in <module>
    import ttnn
E   ModuleNotFoundError: No module named 'ttnn'
_ ERROR collecting tests/autogen_op/ssd300_vgg16/test_ssd300_vgg16_aten_clamp_min_default.py _
ImportError while importing test module '/Users/Ajay17/pytorch2.0_ttnn/tests/autogen_op/ssd300_vgg16/test_ssd300_vgg16_aten_clamp_min_default.py'.
Hint: make sure your test modules/packages have valid Python names.
Traceback:
../.pyenv/versions/3.11.10/lib/python3.11/importlib/__init__.py:126: in import_module
    return _bootstrap._gcd_import(name[level:], package, level)
           ^^^^^^^^^^^^^^^^^^^^^^^^^^^^^^^^^^^^^^^^^^^^^^^^^^^^
tests/autogen_op/ssd300_vgg16/test_ssd300_vgg16_aten_clamp_min_default.py:8: in <module>
    import ttnn
E   ModuleNotFoundError: No module named 'ttnn'
_ ERROR collecting tests/autogen_op/ssd300_vgg16/test_ssd300_vgg16_aten_clone_default.py _
ImportError while importing test module '/Users/Ajay17/pytorch2.0_ttnn/tests/autogen_op/ssd300_vgg16/test_ssd300_vgg16_aten_clone_default.py'.
Hint: make sure your test modules/packages have valid Python names.
Traceback:
../.pyenv/versions/3.11.10/lib/python3.11/importlib/__init__.py:126: in import_module
    return _bootstrap._gcd_import(name[level:], package, level)
           ^^^^^^^^^^^^^^^^^^^^^^^^^^^^^^^^^^^^^^^^^^^^^^^^^^^^
tests/autogen_op/ssd300_vgg16/test_ssd300_vgg16_aten_clone_default.py:8: in <module>
    import ttnn
E   ModuleNotFoundError: No module named 'ttnn'
_ ERROR collecting tests/autogen_op/ssd300_vgg16/test_ssd300_vgg16_aten_convolution_default.py _
ImportError while importing test module '/Users/Ajay17/pytorch2.0_ttnn/tests/autogen_op/ssd300_vgg16/test_ssd300_vgg16_aten_convolution_default.py'.
Hint: make sure your test modules/packages have valid Python names.
Traceback:
../.pyenv/versions/3.11.10/lib/python3.11/importlib/__init__.py:126: in import_module
    return _bootstrap._gcd_import(name[level:], package, level)
           ^^^^^^^^^^^^^^^^^^^^^^^^^^^^^^^^^^^^^^^^^^^^^^^^^^^^
tests/autogen_op/ssd300_vgg16/test_ssd300_vgg16_aten_convolution_default.py:8: in <module>
    import ttnn
E   ModuleNotFoundError: No module named 'ttnn'
_ ERROR collecting tests/autogen_op/ssd300_vgg16/test_ssd300_vgg16_aten_div_Tensor.py _
ImportError while importing test module '/Users/Ajay17/pytorch2.0_ttnn/tests/autogen_op/ssd300_vgg16/test_ssd300_vgg16_aten_div_Tensor.py'.
Hint: make sure your test modules/packages have valid Python names.
Traceback:
../.pyenv/versions/3.11.10/lib/python3.11/importlib/__init__.py:126: in import_module
    return _bootstrap._gcd_import(name[level:], package, level)
           ^^^^^^^^^^^^^^^^^^^^^^^^^^^^^^^^^^^^^^^^^^^^^^^^^^^^
tests/autogen_op/ssd300_vgg16/test_ssd300_vgg16_aten_div_Tensor.py:8: in <module>
    import ttnn
E   ModuleNotFoundError: No module named 'ttnn'
_ ERROR collecting tests/autogen_op/ssd300_vgg16/test_ssd300_vgg16_aten_expand_default.py _
ImportError while importing test module '/Users/Ajay17/pytorch2.0_ttnn/tests/autogen_op/ssd300_vgg16/test_ssd300_vgg16_aten_expand_default.py'.
Hint: make sure your test modules/packages have valid Python names.
Traceback:
../.pyenv/versions/3.11.10/lib/python3.11/importlib/__init__.py:126: in import_module
    return _bootstrap._gcd_import(name[level:], package, level)
           ^^^^^^^^^^^^^^^^^^^^^^^^^^^^^^^^^^^^^^^^^^^^^^^^^^^^
tests/autogen_op/ssd300_vgg16/test_ssd300_vgg16_aten_expand_default.py:8: in <module>
    import ttnn
E   ModuleNotFoundError: No module named 'ttnn'
_ ERROR collecting tests/autogen_op/ssd300_vgg16/test_ssd300_vgg16_aten_linalg_vector_norm_default.py _
ImportError while importing test module '/Users/Ajay17/pytorch2.0_ttnn/tests/autogen_op/ssd300_vgg16/test_ssd300_vgg16_aten_linalg_vector_norm_default.py'.
Hint: make sure your test modules/packages have valid Python names.
Traceback:
../.pyenv/versions/3.11.10/lib/python3.11/importlib/__init__.py:126: in import_module
    return _bootstrap._gcd_import(name[level:], package, level)
           ^^^^^^^^^^^^^^^^^^^^^^^^^^^^^^^^^^^^^^^^^^^^^^^^^^^^
tests/autogen_op/ssd300_vgg16/test_ssd300_vgg16_aten_linalg_vector_norm_default.py:8: in <module>
    import ttnn
E   ModuleNotFoundError: No module named 'ttnn'
_ ERROR collecting tests/autogen_op/ssd300_vgg16/test_ssd300_vgg16_aten_max_pool2d_with_indices_default.py _
ImportError while importing test module '/Users/Ajay17/pytorch2.0_ttnn/tests/autogen_op/ssd300_vgg16/test_ssd300_vgg16_aten_max_pool2d_with_indices_default.py'.
Hint: make sure your test modules/packages have valid Python names.
Traceback:
../.pyenv/versions/3.11.10/lib/python3.11/importlib/__init__.py:126: in import_module
    return _bootstrap._gcd_import(name[level:], package, level)
           ^^^^^^^^^^^^^^^^^^^^^^^^^^^^^^^^^^^^^^^^^^^^^^^^^^^^
tests/autogen_op/ssd300_vgg16/test_ssd300_vgg16_aten_max_pool2d_with_indices_default.py:8: in <module>
    import ttnn
E   ModuleNotFoundError: No module named 'ttnn'
_ ERROR collecting tests/autogen_op/ssd300_vgg16/test_ssd300_vgg16_aten_mul_Tensor.py _
ImportError while importing test module '/Users/Ajay17/pytorch2.0_ttnn/tests/autogen_op/ssd300_vgg16/test_ssd300_vgg16_aten_mul_Tensor.py'.
Hint: make sure your test modules/packages have valid Python names.
Traceback:
../.pyenv/versions/3.11.10/lib/python3.11/importlib/__init__.py:126: in import_module
    return _bootstrap._gcd_import(name[level:], package, level)
           ^^^^^^^^^^^^^^^^^^^^^^^^^^^^^^^^^^^^^^^^^^^^^^^^^^^^
tests/autogen_op/ssd300_vgg16/test_ssd300_vgg16_aten_mul_Tensor.py:8: in <module>
    import ttnn
E   ModuleNotFoundError: No module named 'ttnn'
_ ERROR collecting tests/autogen_op/ssd300_vgg16/test_ssd300_vgg16_aten_new_full_default.py _
ImportError while importing test module '/Users/Ajay17/pytorch2.0_ttnn/tests/autogen_op/ssd300_vgg16/test_ssd300_vgg16_aten_new_full_default.py'.
Hint: make sure your test modules/packages have valid Python names.
Traceback:
../.pyenv/versions/3.11.10/lib/python3.11/importlib/__init__.py:126: in import_module
    return _bootstrap._gcd_import(name[level:], package, level)
           ^^^^^^^^^^^^^^^^^^^^^^^^^^^^^^^^^^^^^^^^^^^^^^^^^^^^
tests/autogen_op/ssd300_vgg16/test_ssd300_vgg16_aten_new_full_default.py:8: in <module>
    import ttnn
E   ModuleNotFoundError: No module named 'ttnn'
_ ERROR collecting tests/autogen_op/ssd300_vgg16/test_ssd300_vgg16_aten_permute_default.py _
ImportError while importing test module '/Users/Ajay17/pytorch2.0_ttnn/tests/autogen_op/ssd300_vgg16/test_ssd300_vgg16_aten_permute_default.py'.
Hint: make sure your test modules/packages have valid Python names.
Traceback:
../.pyenv/versions/3.11.10/lib/python3.11/importlib/__init__.py:126: in import_module
    return _bootstrap._gcd_import(name[level:], package, level)
           ^^^^^^^^^^^^^^^^^^^^^^^^^^^^^^^^^^^^^^^^^^^^^^^^^^^^
tests/autogen_op/ssd300_vgg16/test_ssd300_vgg16_aten_permute_default.py:8: in <module>
    import ttnn
E   ModuleNotFoundError: No module named 'ttnn'
_ ERROR collecting tests/autogen_op/ssd300_vgg16/test_ssd300_vgg16_aten_relu_default.py _
ImportError while importing test module '/Users/Ajay17/pytorch2.0_ttnn/tests/autogen_op/ssd300_vgg16/test_ssd300_vgg16_aten_relu_default.py'.
Hint: make sure your test modules/packages have valid Python names.
Traceback:
../.pyenv/versions/3.11.10/lib/python3.11/importlib/__init__.py:126: in import_module
    return _bootstrap._gcd_import(name[level:], package, level)
           ^^^^^^^^^^^^^^^^^^^^^^^^^^^^^^^^^^^^^^^^^^^^^^^^^^^^
tests/autogen_op/ssd300_vgg16/test_ssd300_vgg16_aten_relu_default.py:8: in <module>
    import ttnn
E   ModuleNotFoundError: No module named 'ttnn'
_ ERROR collecting tests/autogen_op/ssd300_vgg16/test_ssd300_vgg16_aten_repeat_default.py _
ImportError while importing test module '/Users/Ajay17/pytorch2.0_ttnn/tests/autogen_op/ssd300_vgg16/test_ssd300_vgg16_aten_repeat_default.py'.
Hint: make sure your test modules/packages have valid Python names.
Traceback:
../.pyenv/versions/3.11.10/lib/python3.11/importlib/__init__.py:126: in import_module
    return _bootstrap._gcd_import(name[level:], package, level)
           ^^^^^^^^^^^^^^^^^^^^^^^^^^^^^^^^^^^^^^^^^^^^^^^^^^^^
tests/autogen_op/ssd300_vgg16/test_ssd300_vgg16_aten_repeat_default.py:8: in <module>
    import ttnn
E   ModuleNotFoundError: No module named 'ttnn'
_ ERROR collecting tests/autogen_op/ssd300_vgg16/test_ssd300_vgg16_aten_rsub_Scalar.py _
ImportError while importing test module '/Users/Ajay17/pytorch2.0_ttnn/tests/autogen_op/ssd300_vgg16/test_ssd300_vgg16_aten_rsub_Scalar.py'.
Hint: make sure your test modules/packages have valid Python names.
Traceback:
../.pyenv/versions/3.11.10/lib/python3.11/importlib/__init__.py:126: in import_module
    return _bootstrap._gcd_import(name[level:], package, level)
           ^^^^^^^^^^^^^^^^^^^^^^^^^^^^^^^^^^^^^^^^^^^^^^^^^^^^
tests/autogen_op/ssd300_vgg16/test_ssd300_vgg16_aten_rsub_Scalar.py:8: in <module>
    import ttnn
E   ModuleNotFoundError: No module named 'ttnn'
_ ERROR collecting tests/autogen_op/ssd300_vgg16/test_ssd300_vgg16_aten_select_int.py _
ImportError while importing test module '/Users/Ajay17/pytorch2.0_ttnn/tests/autogen_op/ssd300_vgg16/test_ssd300_vgg16_aten_select_int.py'.
Hint: make sure your test modules/packages have valid Python names.
Traceback:
../.pyenv/versions/3.11.10/lib/python3.11/importlib/__init__.py:126: in import_module
    return _bootstrap._gcd_import(name[level:], package, level)
           ^^^^^^^^^^^^^^^^^^^^^^^^^^^^^^^^^^^^^^^^^^^^^^^^^^^^
tests/autogen_op/ssd300_vgg16/test_ssd300_vgg16_aten_select_int.py:8: in <module>
    import ttnn
E   ModuleNotFoundError: No module named 'ttnn'
_ ERROR collecting tests/autogen_op/ssd300_vgg16/test_ssd300_vgg16_aten_slice_Tensor.py _
ImportError while importing test module '/Users/Ajay17/pytorch2.0_ttnn/tests/autogen_op/ssd300_vgg16/test_ssd300_vgg16_aten_slice_Tensor.py'.
Hint: make sure your test modules/packages have valid Python names.
Traceback:
../.pyenv/versions/3.11.10/lib/python3.11/importlib/__init__.py:126: in import_module
    return _bootstrap._gcd_import(name[level:], package, level)
           ^^^^^^^^^^^^^^^^^^^^^^^^^^^^^^^^^^^^^^^^^^^^^^^^^^^^
tests/autogen_op/ssd300_vgg16/test_ssd300_vgg16_aten_slice_Tensor.py:8: in <module>
    import ttnn
E   ModuleNotFoundError: No module named 'ttnn'
_ ERROR collecting tests/autogen_op/ssd300_vgg16/test_ssd300_vgg16_aten_stack_default.py _
ImportError while importing test module '/Users/Ajay17/pytorch2.0_ttnn/tests/autogen_op/ssd300_vgg16/test_ssd300_vgg16_aten_stack_default.py'.
Hint: make sure your test modules/packages have valid Python names.
Traceback:
../.pyenv/versions/3.11.10/lib/python3.11/importlib/__init__.py:126: in import_module
    return _bootstrap._gcd_import(name[level:], package, level)
           ^^^^^^^^^^^^^^^^^^^^^^^^^^^^^^^^^^^^^^^^^^^^^^^^^^^^
tests/autogen_op/ssd300_vgg16/test_ssd300_vgg16_aten_stack_default.py:8: in <module>
    import ttnn
E   ModuleNotFoundError: No module named 'ttnn'
_ ERROR collecting tests/autogen_op/ssd300_vgg16/test_ssd300_vgg16_aten_sub_Tensor.py _
ImportError while importing test module '/Users/Ajay17/pytorch2.0_ttnn/tests/autogen_op/ssd300_vgg16/test_ssd300_vgg16_aten_sub_Tensor.py'.
Hint: make sure your test modules/packages have valid Python names.
Traceback:
../.pyenv/versions/3.11.10/lib/python3.11/importlib/__init__.py:126: in import_module
    return _bootstrap._gcd_import(name[level:], package, level)
           ^^^^^^^^^^^^^^^^^^^^^^^^^^^^^^^^^^^^^^^^^^^^^^^^^^^^
tests/autogen_op/ssd300_vgg16/test_ssd300_vgg16_aten_sub_Tensor.py:8: in <module>
    import ttnn
E   ModuleNotFoundError: No module named 'ttnn'
_ ERROR collecting tests/autogen_op/ssd300_vgg16/test_ssd300_vgg16_aten_unsqueeze_default.py _
ImportError while importing test module '/Users/Ajay17/pytorch2.0_ttnn/tests/autogen_op/ssd300_vgg16/test_ssd300_vgg16_aten_unsqueeze_default.py'.
Hint: make sure your test modules/packages have valid Python names.
Traceback:
../.pyenv/versions/3.11.10/lib/python3.11/importlib/__init__.py:126: in import_module
    return _bootstrap._gcd_import(name[level:], package, level)
           ^^^^^^^^^^^^^^^^^^^^^^^^^^^^^^^^^^^^^^^^^^^^^^^^^^^^
tests/autogen_op/ssd300_vgg16/test_ssd300_vgg16_aten_unsqueeze_default.py:8: in <module>
    import ttnn
E   ModuleNotFoundError: No module named 'ttnn'
_ ERROR collecting tests/autogen_op/ssd300_vgg16/test_ssd300_vgg16_aten_view_default.py _
ImportError while importing test module '/Users/Ajay17/pytorch2.0_ttnn/tests/autogen_op/ssd300_vgg16/test_ssd300_vgg16_aten_view_default.py'.
Hint: make sure your test modules/packages have valid Python names.
Traceback:
../.pyenv/versions/3.11.10/lib/python3.11/importlib/__init__.py:126: in import_module
    return _bootstrap._gcd_import(name[level:], package, level)
           ^^^^^^^^^^^^^^^^^^^^^^^^^^^^^^^^^^^^^^^^^^^^^^^^^^^^
tests/autogen_op/ssd300_vgg16/test_ssd300_vgg16_aten_view_default.py:8: in <module>
    import ttnn
E   ModuleNotFoundError: No module named 'ttnn'
_ ERROR collecting tests/autogen_op/ssdlite320_mobilenet_v3_large/test_ssdlite320_mobilenet_v3_large_aten__native_batch_norm_legit_no_training_default.py _
ImportError while importing test module '/Users/Ajay17/pytorch2.0_ttnn/tests/autogen_op/ssdlite320_mobilenet_v3_large/test_ssdlite320_mobilenet_v3_large_aten__native_batch_norm_legit_no_training_default.py'.
Hint: make sure your test modules/packages have valid Python names.
Traceback:
../.pyenv/versions/3.11.10/lib/python3.11/importlib/__init__.py:126: in import_module
    return _bootstrap._gcd_import(name[level:], package, level)
           ^^^^^^^^^^^^^^^^^^^^^^^^^^^^^^^^^^^^^^^^^^^^^^^^^^^^
tests/autogen_op/ssdlite320_mobilenet_v3_large/test_ssdlite320_mobilenet_v3_large_aten__native_batch_norm_legit_no_training_default.py:8: in <module>
    import ttnn
E   ModuleNotFoundError: No module named 'ttnn'
_ ERROR collecting tests/autogen_op/ssdlite320_mobilenet_v3_large/test_ssdlite320_mobilenet_v3_large_aten__unsafe_index_Tensor.py _
ImportError while importing test module '/Users/Ajay17/pytorch2.0_ttnn/tests/autogen_op/ssdlite320_mobilenet_v3_large/test_ssdlite320_mobilenet_v3_large_aten__unsafe_index_Tensor.py'.
Hint: make sure your test modules/packages have valid Python names.
Traceback:
../.pyenv/versions/3.11.10/lib/python3.11/importlib/__init__.py:126: in import_module
    return _bootstrap._gcd_import(name[level:], package, level)
           ^^^^^^^^^^^^^^^^^^^^^^^^^^^^^^^^^^^^^^^^^^^^^^^^^^^^
tests/autogen_op/ssdlite320_mobilenet_v3_large/test_ssdlite320_mobilenet_v3_large_aten__unsafe_index_Tensor.py:8: in <module>
    import ttnn
E   ModuleNotFoundError: No module named 'ttnn'
_ ERROR collecting tests/autogen_op/ssdlite320_mobilenet_v3_large/test_ssdlite320_mobilenet_v3_large_aten__unsafe_view_default.py _
ImportError while importing test module '/Users/Ajay17/pytorch2.0_ttnn/tests/autogen_op/ssdlite320_mobilenet_v3_large/test_ssdlite320_mobilenet_v3_large_aten__unsafe_view_default.py'.
Hint: make sure your test modules/packages have valid Python names.
Traceback:
../.pyenv/versions/3.11.10/lib/python3.11/importlib/__init__.py:126: in import_module
    return _bootstrap._gcd_import(name[level:], package, level)
           ^^^^^^^^^^^^^^^^^^^^^^^^^^^^^^^^^^^^^^^^^^^^^^^^^^^^
tests/autogen_op/ssdlite320_mobilenet_v3_large/test_ssdlite320_mobilenet_v3_large_aten__unsafe_view_default.py:8: in <module>
    import ttnn
E   ModuleNotFoundError: No module named 'ttnn'
_ ERROR collecting tests/autogen_op/ssdlite320_mobilenet_v3_large/test_ssdlite320_mobilenet_v3_large_aten_add_Tensor.py _
ImportError while importing test module '/Users/Ajay17/pytorch2.0_ttnn/tests/autogen_op/ssdlite320_mobilenet_v3_large/test_ssdlite320_mobilenet_v3_large_aten_add_Tensor.py'.
Hint: make sure your test modules/packages have valid Python names.
Traceback:
../.pyenv/versions/3.11.10/lib/python3.11/importlib/__init__.py:126: in import_module
    return _bootstrap._gcd_import(name[level:], package, level)
           ^^^^^^^^^^^^^^^^^^^^^^^^^^^^^^^^^^^^^^^^^^^^^^^^^^^^
tests/autogen_op/ssdlite320_mobilenet_v3_large/test_ssdlite320_mobilenet_v3_large_aten_add_Tensor.py:8: in <module>
    import ttnn
E   ModuleNotFoundError: No module named 'ttnn'
_ ERROR collecting tests/autogen_op/ssdlite320_mobilenet_v3_large/test_ssdlite320_mobilenet_v3_large_aten_cat_default.py _
ImportError while importing test module '/Users/Ajay17/pytorch2.0_ttnn/tests/autogen_op/ssdlite320_mobilenet_v3_large/test_ssdlite320_mobilenet_v3_large_aten_cat_default.py'.
Hint: make sure your test modules/packages have valid Python names.
Traceback:
../.pyenv/versions/3.11.10/lib/python3.11/importlib/__init__.py:126: in import_module
    return _bootstrap._gcd_import(name[level:], package, level)
           ^^^^^^^^^^^^^^^^^^^^^^^^^^^^^^^^^^^^^^^^^^^^^^^^^^^^
tests/autogen_op/ssdlite320_mobilenet_v3_large/test_ssdlite320_mobilenet_v3_large_aten_cat_default.py:8: in <module>
    import ttnn
E   ModuleNotFoundError: No module named 'ttnn'
_ ERROR collecting tests/autogen_op/ssdlite320_mobilenet_v3_large/test_ssdlite320_mobilenet_v3_large_aten_clamp_default.py _
ImportError while importing test module '/Users/Ajay17/pytorch2.0_ttnn/tests/autogen_op/ssdlite320_mobilenet_v3_large/test_ssdlite320_mobilenet_v3_large_aten_clamp_default.py'.
Hint: make sure your test modules/packages have valid Python names.
Traceback:
../.pyenv/versions/3.11.10/lib/python3.11/importlib/__init__.py:126: in import_module
    return _bootstrap._gcd_import(name[level:], package, level)
           ^^^^^^^^^^^^^^^^^^^^^^^^^^^^^^^^^^^^^^^^^^^^^^^^^^^^
tests/autogen_op/ssdlite320_mobilenet_v3_large/test_ssdlite320_mobilenet_v3_large_aten_clamp_default.py:8: in <module>
    import ttnn
E   ModuleNotFoundError: No module named 'ttnn'
_ ERROR collecting tests/autogen_op/ssdlite320_mobilenet_v3_large/test_ssdlite320_mobilenet_v3_large_aten_clone_default.py _
ImportError while importing test module '/Users/Ajay17/pytorch2.0_ttnn/tests/autogen_op/ssdlite320_mobilenet_v3_large/test_ssdlite320_mobilenet_v3_large_aten_clone_default.py'.
Hint: make sure your test modules/packages have valid Python names.
Traceback:
../.pyenv/versions/3.11.10/lib/python3.11/importlib/__init__.py:126: in import_module
    return _bootstrap._gcd_import(name[level:], package, level)
           ^^^^^^^^^^^^^^^^^^^^^^^^^^^^^^^^^^^^^^^^^^^^^^^^^^^^
tests/autogen_op/ssdlite320_mobilenet_v3_large/test_ssdlite320_mobilenet_v3_large_aten_clone_default.py:8: in <module>
    import ttnn
E   ModuleNotFoundError: No module named 'ttnn'
_ ERROR collecting tests/autogen_op/ssdlite320_mobilenet_v3_large/test_ssdlite320_mobilenet_v3_large_aten_convolution_default.py _
ImportError while importing test module '/Users/Ajay17/pytorch2.0_ttnn/tests/autogen_op/ssdlite320_mobilenet_v3_large/test_ssdlite320_mobilenet_v3_large_aten_convolution_default.py'.
Hint: make sure your test modules/packages have valid Python names.
Traceback:
../.pyenv/versions/3.11.10/lib/python3.11/importlib/__init__.py:126: in import_module
    return _bootstrap._gcd_import(name[level:], package, level)
           ^^^^^^^^^^^^^^^^^^^^^^^^^^^^^^^^^^^^^^^^^^^^^^^^^^^^
tests/autogen_op/ssdlite320_mobilenet_v3_large/test_ssdlite320_mobilenet_v3_large_aten_convolution_default.py:8: in <module>
    import ttnn
E   ModuleNotFoundError: No module named 'ttnn'
_ ERROR collecting tests/autogen_op/ssdlite320_mobilenet_v3_large/test_ssdlite320_mobilenet_v3_large_aten_div_Tensor.py _
ImportError while importing test module '/Users/Ajay17/pytorch2.0_ttnn/tests/autogen_op/ssdlite320_mobilenet_v3_large/test_ssdlite320_mobilenet_v3_large_aten_div_Tensor.py'.
Hint: make sure your test modules/packages have valid Python names.
Traceback:
../.pyenv/versions/3.11.10/lib/python3.11/importlib/__init__.py:126: in import_module
    return _bootstrap._gcd_import(name[level:], package, level)
           ^^^^^^^^^^^^^^^^^^^^^^^^^^^^^^^^^^^^^^^^^^^^^^^^^^^^
tests/autogen_op/ssdlite320_mobilenet_v3_large/test_ssdlite320_mobilenet_v3_large_aten_div_Tensor.py:8: in <module>
    import ttnn
E   ModuleNotFoundError: No module named 'ttnn'
_ ERROR collecting tests/autogen_op/ssdlite320_mobilenet_v3_large/test_ssdlite320_mobilenet_v3_large_aten_expand_default.py _
ImportError while importing test module '/Users/Ajay17/pytorch2.0_ttnn/tests/autogen_op/ssdlite320_mobilenet_v3_large/test_ssdlite320_mobilenet_v3_large_aten_expand_default.py'.
Hint: make sure your test modules/packages have valid Python names.
Traceback:
../.pyenv/versions/3.11.10/lib/python3.11/importlib/__init__.py:126: in import_module
    return _bootstrap._gcd_import(name[level:], package, level)
           ^^^^^^^^^^^^^^^^^^^^^^^^^^^^^^^^^^^^^^^^^^^^^^^^^^^^
tests/autogen_op/ssdlite320_mobilenet_v3_large/test_ssdlite320_mobilenet_v3_large_aten_expand_default.py:8: in <module>
    import ttnn
E   ModuleNotFoundError: No module named 'ttnn'
_ ERROR collecting tests/autogen_op/ssdlite320_mobilenet_v3_large/test_ssdlite320_mobilenet_v3_large_aten_hardsigmoid_default.py _
ImportError while importing test module '/Users/Ajay17/pytorch2.0_ttnn/tests/autogen_op/ssdlite320_mobilenet_v3_large/test_ssdlite320_mobilenet_v3_large_aten_hardsigmoid_default.py'.
Hint: make sure your test modules/packages have valid Python names.
Traceback:
../.pyenv/versions/3.11.10/lib/python3.11/importlib/__init__.py:126: in import_module
    return _bootstrap._gcd_import(name[level:], package, level)
           ^^^^^^^^^^^^^^^^^^^^^^^^^^^^^^^^^^^^^^^^^^^^^^^^^^^^
tests/autogen_op/ssdlite320_mobilenet_v3_large/test_ssdlite320_mobilenet_v3_large_aten_hardsigmoid_default.py:8: in <module>
    import ttnn
E   ModuleNotFoundError: No module named 'ttnn'
_ ERROR collecting tests/autogen_op/ssdlite320_mobilenet_v3_large/test_ssdlite320_mobilenet_v3_large_aten_hardswish_default.py _
ImportError while importing test module '/Users/Ajay17/pytorch2.0_ttnn/tests/autogen_op/ssdlite320_mobilenet_v3_large/test_ssdlite320_mobilenet_v3_large_aten_hardswish_default.py'.
Hint: make sure your test modules/packages have valid Python names.
Traceback:
../.pyenv/versions/3.11.10/lib/python3.11/importlib/__init__.py:126: in import_module
    return _bootstrap._gcd_import(name[level:], package, level)
           ^^^^^^^^^^^^^^^^^^^^^^^^^^^^^^^^^^^^^^^^^^^^^^^^^^^^
tests/autogen_op/ssdlite320_mobilenet_v3_large/test_ssdlite320_mobilenet_v3_large_aten_hardswish_default.py:8: in <module>
    import ttnn
E   ModuleNotFoundError: No module named 'ttnn'
_ ERROR collecting tests/autogen_op/ssdlite320_mobilenet_v3_large/test_ssdlite320_mobilenet_v3_large_aten_hardtanh_default.py _
ImportError while importing test module '/Users/Ajay17/pytorch2.0_ttnn/tests/autogen_op/ssdlite320_mobilenet_v3_large/test_ssdlite320_mobilenet_v3_large_aten_hardtanh_default.py'.
Hint: make sure your test modules/packages have valid Python names.
Traceback:
../.pyenv/versions/3.11.10/lib/python3.11/importlib/__init__.py:126: in import_module
    return _bootstrap._gcd_import(name[level:], package, level)
           ^^^^^^^^^^^^^^^^^^^^^^^^^^^^^^^^^^^^^^^^^^^^^^^^^^^^
tests/autogen_op/ssdlite320_mobilenet_v3_large/test_ssdlite320_mobilenet_v3_large_aten_hardtanh_default.py:8: in <module>
    import ttnn
E   ModuleNotFoundError: No module named 'ttnn'
_ ERROR collecting tests/autogen_op/ssdlite320_mobilenet_v3_large/test_ssdlite320_mobilenet_v3_large_aten_mean_dim.py _
ImportError while importing test module '/Users/Ajay17/pytorch2.0_ttnn/tests/autogen_op/ssdlite320_mobilenet_v3_large/test_ssdlite320_mobilenet_v3_large_aten_mean_dim.py'.
Hint: make sure your test modules/packages have valid Python names.
Traceback:
../.pyenv/versions/3.11.10/lib/python3.11/importlib/__init__.py:126: in import_module
    return _bootstrap._gcd_import(name[level:], package, level)
           ^^^^^^^^^^^^^^^^^^^^^^^^^^^^^^^^^^^^^^^^^^^^^^^^^^^^
tests/autogen_op/ssdlite320_mobilenet_v3_large/test_ssdlite320_mobilenet_v3_large_aten_mean_dim.py:8: in <module>
    import ttnn
E   ModuleNotFoundError: No module named 'ttnn'
_ ERROR collecting tests/autogen_op/ssdlite320_mobilenet_v3_large/test_ssdlite320_mobilenet_v3_large_aten_mul_Tensor.py _
ImportError while importing test module '/Users/Ajay17/pytorch2.0_ttnn/tests/autogen_op/ssdlite320_mobilenet_v3_large/test_ssdlite320_mobilenet_v3_large_aten_mul_Tensor.py'.
Hint: make sure your test modules/packages have valid Python names.
Traceback:
../.pyenv/versions/3.11.10/lib/python3.11/importlib/__init__.py:126: in import_module
    return _bootstrap._gcd_import(name[level:], package, level)
           ^^^^^^^^^^^^^^^^^^^^^^^^^^^^^^^^^^^^^^^^^^^^^^^^^^^^
tests/autogen_op/ssdlite320_mobilenet_v3_large/test_ssdlite320_mobilenet_v3_large_aten_mul_Tensor.py:8: in <module>
    import ttnn
E   ModuleNotFoundError: No module named 'ttnn'
_ ERROR collecting tests/autogen_op/ssdlite320_mobilenet_v3_large/test_ssdlite320_mobilenet_v3_large_aten_new_full_default.py _
ImportError while importing test module '/Users/Ajay17/pytorch2.0_ttnn/tests/autogen_op/ssdlite320_mobilenet_v3_large/test_ssdlite320_mobilenet_v3_large_aten_new_full_default.py'.
Hint: make sure your test modules/packages have valid Python names.
Traceback:
../.pyenv/versions/3.11.10/lib/python3.11/importlib/__init__.py:126: in import_module
    return _bootstrap._gcd_import(name[level:], package, level)
           ^^^^^^^^^^^^^^^^^^^^^^^^^^^^^^^^^^^^^^^^^^^^^^^^^^^^
tests/autogen_op/ssdlite320_mobilenet_v3_large/test_ssdlite320_mobilenet_v3_large_aten_new_full_default.py:8: in <module>
    import ttnn
E   ModuleNotFoundError: No module named 'ttnn'
_ ERROR collecting tests/autogen_op/ssdlite320_mobilenet_v3_large/test_ssdlite320_mobilenet_v3_large_aten_permute_default.py _
ImportError while importing test module '/Users/Ajay17/pytorch2.0_ttnn/tests/autogen_op/ssdlite320_mobilenet_v3_large/test_ssdlite320_mobilenet_v3_large_aten_permute_default.py'.
Hint: make sure your test modules/packages have valid Python names.
Traceback:
../.pyenv/versions/3.11.10/lib/python3.11/importlib/__init__.py:126: in import_module
    return _bootstrap._gcd_import(name[level:], package, level)
           ^^^^^^^^^^^^^^^^^^^^^^^^^^^^^^^^^^^^^^^^^^^^^^^^^^^^
tests/autogen_op/ssdlite320_mobilenet_v3_large/test_ssdlite320_mobilenet_v3_large_aten_permute_default.py:8: in <module>
    import ttnn
E   ModuleNotFoundError: No module named 'ttnn'
_ ERROR collecting tests/autogen_op/ssdlite320_mobilenet_v3_large/test_ssdlite320_mobilenet_v3_large_aten_relu_default.py _
ImportError while importing test module '/Users/Ajay17/pytorch2.0_ttnn/tests/autogen_op/ssdlite320_mobilenet_v3_large/test_ssdlite320_mobilenet_v3_large_aten_relu_default.py'.
Hint: make sure your test modules/packages have valid Python names.
Traceback:
../.pyenv/versions/3.11.10/lib/python3.11/importlib/__init__.py:126: in import_module
    return _bootstrap._gcd_import(name[level:], package, level)
           ^^^^^^^^^^^^^^^^^^^^^^^^^^^^^^^^^^^^^^^^^^^^^^^^^^^^
tests/autogen_op/ssdlite320_mobilenet_v3_large/test_ssdlite320_mobilenet_v3_large_aten_relu_default.py:8: in <module>
    import ttnn
E   ModuleNotFoundError: No module named 'ttnn'
_ ERROR collecting tests/autogen_op/ssdlite320_mobilenet_v3_large/test_ssdlite320_mobilenet_v3_large_aten_repeat_default.py _
ImportError while importing test module '/Users/Ajay17/pytorch2.0_ttnn/tests/autogen_op/ssdlite320_mobilenet_v3_large/test_ssdlite320_mobilenet_v3_large_aten_repeat_default.py'.
Hint: make sure your test modules/packages have valid Python names.
Traceback:
../.pyenv/versions/3.11.10/lib/python3.11/importlib/__init__.py:126: in import_module
    return _bootstrap._gcd_import(name[level:], package, level)
           ^^^^^^^^^^^^^^^^^^^^^^^^^^^^^^^^^^^^^^^^^^^^^^^^^^^^
tests/autogen_op/ssdlite320_mobilenet_v3_large/test_ssdlite320_mobilenet_v3_large_aten_repeat_default.py:8: in <module>
    import ttnn
E   ModuleNotFoundError: No module named 'ttnn'
_ ERROR collecting tests/autogen_op/ssdlite320_mobilenet_v3_large/test_ssdlite320_mobilenet_v3_large_aten_rsub_Scalar.py _
ImportError while importing test module '/Users/Ajay17/pytorch2.0_ttnn/tests/autogen_op/ssdlite320_mobilenet_v3_large/test_ssdlite320_mobilenet_v3_large_aten_rsub_Scalar.py'.
Hint: make sure your test modules/packages have valid Python names.
Traceback:
../.pyenv/versions/3.11.10/lib/python3.11/importlib/__init__.py:126: in import_module
    return _bootstrap._gcd_import(name[level:], package, level)
           ^^^^^^^^^^^^^^^^^^^^^^^^^^^^^^^^^^^^^^^^^^^^^^^^^^^^
tests/autogen_op/ssdlite320_mobilenet_v3_large/test_ssdlite320_mobilenet_v3_large_aten_rsub_Scalar.py:8: in <module>
    import ttnn
E   ModuleNotFoundError: No module named 'ttnn'
_ ERROR collecting tests/autogen_op/ssdlite320_mobilenet_v3_large/test_ssdlite320_mobilenet_v3_large_aten_select_int.py _
ImportError while importing test module '/Users/Ajay17/pytorch2.0_ttnn/tests/autogen_op/ssdlite320_mobilenet_v3_large/test_ssdlite320_mobilenet_v3_large_aten_select_int.py'.
Hint: make sure your test modules/packages have valid Python names.
Traceback:
../.pyenv/versions/3.11.10/lib/python3.11/importlib/__init__.py:126: in import_module
    return _bootstrap._gcd_import(name[level:], package, level)
           ^^^^^^^^^^^^^^^^^^^^^^^^^^^^^^^^^^^^^^^^^^^^^^^^^^^^
tests/autogen_op/ssdlite320_mobilenet_v3_large/test_ssdlite320_mobilenet_v3_large_aten_select_int.py:8: in <module>
    import ttnn
E   ModuleNotFoundError: No module named 'ttnn'
_ ERROR collecting tests/autogen_op/ssdlite320_mobilenet_v3_large/test_ssdlite320_mobilenet_v3_large_aten_slice_Tensor.py _
ImportError while importing test module '/Users/Ajay17/pytorch2.0_ttnn/tests/autogen_op/ssdlite320_mobilenet_v3_large/test_ssdlite320_mobilenet_v3_large_aten_slice_Tensor.py'.
Hint: make sure your test modules/packages have valid Python names.
Traceback:
../.pyenv/versions/3.11.10/lib/python3.11/importlib/__init__.py:126: in import_module
    return _bootstrap._gcd_import(name[level:], package, level)
           ^^^^^^^^^^^^^^^^^^^^^^^^^^^^^^^^^^^^^^^^^^^^^^^^^^^^
tests/autogen_op/ssdlite320_mobilenet_v3_large/test_ssdlite320_mobilenet_v3_large_aten_slice_Tensor.py:8: in <module>
    import ttnn
E   ModuleNotFoundError: No module named 'ttnn'
_ ERROR collecting tests/autogen_op/ssdlite320_mobilenet_v3_large/test_ssdlite320_mobilenet_v3_large_aten_stack_default.py _
ImportError while importing test module '/Users/Ajay17/pytorch2.0_ttnn/tests/autogen_op/ssdlite320_mobilenet_v3_large/test_ssdlite320_mobilenet_v3_large_aten_stack_default.py'.
Hint: make sure your test modules/packages have valid Python names.
Traceback:
../.pyenv/versions/3.11.10/lib/python3.11/importlib/__init__.py:126: in import_module
    return _bootstrap._gcd_import(name[level:], package, level)
           ^^^^^^^^^^^^^^^^^^^^^^^^^^^^^^^^^^^^^^^^^^^^^^^^^^^^
tests/autogen_op/ssdlite320_mobilenet_v3_large/test_ssdlite320_mobilenet_v3_large_aten_stack_default.py:8: in <module>
    import ttnn
E   ModuleNotFoundError: No module named 'ttnn'
_ ERROR collecting tests/autogen_op/ssdlite320_mobilenet_v3_large/test_ssdlite320_mobilenet_v3_large_aten_sub_Tensor.py _
ImportError while importing test module '/Users/Ajay17/pytorch2.0_ttnn/tests/autogen_op/ssdlite320_mobilenet_v3_large/test_ssdlite320_mobilenet_v3_large_aten_sub_Tensor.py'.
Hint: make sure your test modules/packages have valid Python names.
Traceback:
../.pyenv/versions/3.11.10/lib/python3.11/importlib/__init__.py:126: in import_module
    return _bootstrap._gcd_import(name[level:], package, level)
           ^^^^^^^^^^^^^^^^^^^^^^^^^^^^^^^^^^^^^^^^^^^^^^^^^^^^
tests/autogen_op/ssdlite320_mobilenet_v3_large/test_ssdlite320_mobilenet_v3_large_aten_sub_Tensor.py:8: in <module>
    import ttnn
E   ModuleNotFoundError: No module named 'ttnn'
_ ERROR collecting tests/autogen_op/ssdlite320_mobilenet_v3_large/test_ssdlite320_mobilenet_v3_large_aten_unsqueeze_default.py _
ImportError while importing test module '/Users/Ajay17/pytorch2.0_ttnn/tests/autogen_op/ssdlite320_mobilenet_v3_large/test_ssdlite320_mobilenet_v3_large_aten_unsqueeze_default.py'.
Hint: make sure your test modules/packages have valid Python names.
Traceback:
../.pyenv/versions/3.11.10/lib/python3.11/importlib/__init__.py:126: in import_module
    return _bootstrap._gcd_import(name[level:], package, level)
           ^^^^^^^^^^^^^^^^^^^^^^^^^^^^^^^^^^^^^^^^^^^^^^^^^^^^
tests/autogen_op/ssdlite320_mobilenet_v3_large/test_ssdlite320_mobilenet_v3_large_aten_unsqueeze_default.py:8: in <module>
    import ttnn
E   ModuleNotFoundError: No module named 'ttnn'
_ ERROR collecting tests/autogen_op/ssdlite320_mobilenet_v3_large/test_ssdlite320_mobilenet_v3_large_aten_view_default.py _
ImportError while importing test module '/Users/Ajay17/pytorch2.0_ttnn/tests/autogen_op/ssdlite320_mobilenet_v3_large/test_ssdlite320_mobilenet_v3_large_aten_view_default.py'.
Hint: make sure your test modules/packages have valid Python names.
Traceback:
../.pyenv/versions/3.11.10/lib/python3.11/importlib/__init__.py:126: in import_module
    return _bootstrap._gcd_import(name[level:], package, level)
           ^^^^^^^^^^^^^^^^^^^^^^^^^^^^^^^^^^^^^^^^^^^^^^^^^^^^
tests/autogen_op/ssdlite320_mobilenet_v3_large/test_ssdlite320_mobilenet_v3_large_aten_view_default.py:8: in <module>
    import ttnn
E   ModuleNotFoundError: No module named 'ttnn'
_ ERROR collecting tests/autogen_op/swin_b/test_swin_b_aten__softmax_default.py _
ImportError while importing test module '/Users/Ajay17/pytorch2.0_ttnn/tests/autogen_op/swin_b/test_swin_b_aten__softmax_default.py'.
Hint: make sure your test modules/packages have valid Python names.
Traceback:
../.pyenv/versions/3.11.10/lib/python3.11/importlib/__init__.py:126: in import_module
    return _bootstrap._gcd_import(name[level:], package, level)
           ^^^^^^^^^^^^^^^^^^^^^^^^^^^^^^^^^^^^^^^^^^^^^^^^^^^^
tests/autogen_op/swin_b/test_swin_b_aten__softmax_default.py:8: in <module>
    import ttnn
E   ModuleNotFoundError: No module named 'ttnn'
_ ERROR collecting tests/autogen_op/swin_b/test_swin_b_aten__unsafe_view_default.py _
ImportError while importing test module '/Users/Ajay17/pytorch2.0_ttnn/tests/autogen_op/swin_b/test_swin_b_aten__unsafe_view_default.py'.
Hint: make sure your test modules/packages have valid Python names.
Traceback:
../.pyenv/versions/3.11.10/lib/python3.11/importlib/__init__.py:126: in import_module
    return _bootstrap._gcd_import(name[level:], package, level)
           ^^^^^^^^^^^^^^^^^^^^^^^^^^^^^^^^^^^^^^^^^^^^^^^^^^^^
tests/autogen_op/swin_b/test_swin_b_aten__unsafe_view_default.py:8: in <module>
    import ttnn
E   ModuleNotFoundError: No module named 'ttnn'
___ ERROR collecting tests/autogen_op/swin_b/test_swin_b_aten_add_Tensor.py ____
ImportError while importing test module '/Users/Ajay17/pytorch2.0_ttnn/tests/autogen_op/swin_b/test_swin_b_aten_add_Tensor.py'.
Hint: make sure your test modules/packages have valid Python names.
Traceback:
../.pyenv/versions/3.11.10/lib/python3.11/importlib/__init__.py:126: in import_module
    return _bootstrap._gcd_import(name[level:], package, level)
           ^^^^^^^^^^^^^^^^^^^^^^^^^^^^^^^^^^^^^^^^^^^^^^^^^^^^
tests/autogen_op/swin_b/test_swin_b_aten_add_Tensor.py:8: in <module>
    import ttnn
E   ModuleNotFoundError: No module named 'ttnn'
__ ERROR collecting tests/autogen_op/swin_b/test_swin_b_aten_addmm_default.py __
ImportError while importing test module '/Users/Ajay17/pytorch2.0_ttnn/tests/autogen_op/swin_b/test_swin_b_aten_addmm_default.py'.
Hint: make sure your test modules/packages have valid Python names.
Traceback:
../.pyenv/versions/3.11.10/lib/python3.11/importlib/__init__.py:126: in import_module
    return _bootstrap._gcd_import(name[level:], package, level)
           ^^^^^^^^^^^^^^^^^^^^^^^^^^^^^^^^^^^^^^^^^^^^^^^^^^^^
tests/autogen_op/swin_b/test_swin_b_aten_addmm_default.py:8: in <module>
    import ttnn
E   ModuleNotFoundError: No module named 'ttnn'
_ ERROR collecting tests/autogen_op/swin_b/test_swin_b_aten_as_strided_default.py _
ImportError while importing test module '/Users/Ajay17/pytorch2.0_ttnn/tests/autogen_op/swin_b/test_swin_b_aten_as_strided_default.py'.
Hint: make sure your test modules/packages have valid Python names.
Traceback:
../.pyenv/versions/3.11.10/lib/python3.11/importlib/__init__.py:126: in import_module
    return _bootstrap._gcd_import(name[level:], package, level)
           ^^^^^^^^^^^^^^^^^^^^^^^^^^^^^^^^^^^^^^^^^^^^^^^^^^^^
tests/autogen_op/swin_b/test_swin_b_aten_as_strided_default.py:8: in <module>
    import ttnn
E   ModuleNotFoundError: No module named 'ttnn'
___ ERROR collecting tests/autogen_op/swin_b/test_swin_b_aten_bmm_default.py ___
ImportError while importing test module '/Users/Ajay17/pytorch2.0_ttnn/tests/autogen_op/swin_b/test_swin_b_aten_bmm_default.py'.
Hint: make sure your test modules/packages have valid Python names.
Traceback:
../.pyenv/versions/3.11.10/lib/python3.11/importlib/__init__.py:126: in import_module
    return _bootstrap._gcd_import(name[level:], package, level)
           ^^^^^^^^^^^^^^^^^^^^^^^^^^^^^^^^^^^^^^^^^^^^^^^^^^^^
tests/autogen_op/swin_b/test_swin_b_aten_bmm_default.py:8: in <module>
    import ttnn
E   ModuleNotFoundError: No module named 'ttnn'
___ ERROR collecting tests/autogen_op/swin_b/test_swin_b_aten_cat_default.py ___
ImportError while importing test module '/Users/Ajay17/pytorch2.0_ttnn/tests/autogen_op/swin_b/test_swin_b_aten_cat_default.py'.
Hint: make sure your test modules/packages have valid Python names.
Traceback:
../.pyenv/versions/3.11.10/lib/python3.11/importlib/__init__.py:126: in import_module
    return _bootstrap._gcd_import(name[level:], package, level)
           ^^^^^^^^^^^^^^^^^^^^^^^^^^^^^^^^^^^^^^^^^^^^^^^^^^^^
tests/autogen_op/swin_b/test_swin_b_aten_cat_default.py:8: in <module>
    import ttnn
E   ModuleNotFoundError: No module named 'ttnn'
__ ERROR collecting tests/autogen_op/swin_b/test_swin_b_aten_clone_default.py __
ImportError while importing test module '/Users/Ajay17/pytorch2.0_ttnn/tests/autogen_op/swin_b/test_swin_b_aten_clone_default.py'.
Hint: make sure your test modules/packages have valid Python names.
Traceback:
../.pyenv/versions/3.11.10/lib/python3.11/importlib/__init__.py:126: in import_module
    return _bootstrap._gcd_import(name[level:], package, level)
           ^^^^^^^^^^^^^^^^^^^^^^^^^^^^^^^^^^^^^^^^^^^^^^^^^^^^
tests/autogen_op/swin_b/test_swin_b_aten_clone_default.py:8: in <module>
    import ttnn
E   ModuleNotFoundError: No module named 'ttnn'
_ ERROR collecting tests/autogen_op/swin_b/test_swin_b_aten_constant_pad_nd_default.py _
ImportError while importing test module '/Users/Ajay17/pytorch2.0_ttnn/tests/autogen_op/swin_b/test_swin_b_aten_constant_pad_nd_default.py'.
Hint: make sure your test modules/packages have valid Python names.
Traceback:
../.pyenv/versions/3.11.10/lib/python3.11/importlib/__init__.py:126: in import_module
    return _bootstrap._gcd_import(name[level:], package, level)
           ^^^^^^^^^^^^^^^^^^^^^^^^^^^^^^^^^^^^^^^^^^^^^^^^^^^^
tests/autogen_op/swin_b/test_swin_b_aten_constant_pad_nd_default.py:8: in <module>
    import ttnn
E   ModuleNotFoundError: No module named 'ttnn'
_ ERROR collecting tests/autogen_op/swin_b/test_swin_b_aten_convolution_default.py _
ImportError while importing test module '/Users/Ajay17/pytorch2.0_ttnn/tests/autogen_op/swin_b/test_swin_b_aten_convolution_default.py'.
Hint: make sure your test modules/packages have valid Python names.
Traceback:
../.pyenv/versions/3.11.10/lib/python3.11/importlib/__init__.py:126: in import_module
    return _bootstrap._gcd_import(name[level:], package, level)
           ^^^^^^^^^^^^^^^^^^^^^^^^^^^^^^^^^^^^^^^^^^^^^^^^^^^^
tests/autogen_op/swin_b/test_swin_b_aten_convolution_default.py:8: in <module>
    import ttnn
E   ModuleNotFoundError: No module named 'ttnn'
____ ERROR collecting tests/autogen_op/swin_b/test_swin_b_aten_eq_Scalar.py ____
ImportError while importing test module '/Users/Ajay17/pytorch2.0_ttnn/tests/autogen_op/swin_b/test_swin_b_aten_eq_Scalar.py'.
Hint: make sure your test modules/packages have valid Python names.
Traceback:
../.pyenv/versions/3.11.10/lib/python3.11/importlib/__init__.py:126: in import_module
    return _bootstrap._gcd_import(name[level:], package, level)
           ^^^^^^^^^^^^^^^^^^^^^^^^^^^^^^^^^^^^^^^^^^^^^^^^^^^^
tests/autogen_op/swin_b/test_swin_b_aten_eq_Scalar.py:8: in <module>
    import ttnn
E   ModuleNotFoundError: No module named 'ttnn'
_ ERROR collecting tests/autogen_op/swin_b/test_swin_b_aten_expand_default.py __
ImportError while importing test module '/Users/Ajay17/pytorch2.0_ttnn/tests/autogen_op/swin_b/test_swin_b_aten_expand_default.py'.
Hint: make sure your test modules/packages have valid Python names.
Traceback:
../.pyenv/versions/3.11.10/lib/python3.11/importlib/__init__.py:126: in import_module
    return _bootstrap._gcd_import(name[level:], package, level)
           ^^^^^^^^^^^^^^^^^^^^^^^^^^^^^^^^^^^^^^^^^^^^^^^^^^^^
tests/autogen_op/swin_b/test_swin_b_aten_expand_default.py:8: in <module>
    import ttnn
E   ModuleNotFoundError: No module named 'ttnn'
__ ERROR collecting tests/autogen_op/swin_b/test_swin_b_aten_gelu_default.py ___
ImportError while importing test module '/Users/Ajay17/pytorch2.0_ttnn/tests/autogen_op/swin_b/test_swin_b_aten_gelu_default.py'.
Hint: make sure your test modules/packages have valid Python names.
Traceback:
../.pyenv/versions/3.11.10/lib/python3.11/importlib/__init__.py:126: in import_module
    return _bootstrap._gcd_import(name[level:], package, level)
           ^^^^^^^^^^^^^^^^^^^^^^^^^^^^^^^^^^^^^^^^^^^^^^^^^^^^
tests/autogen_op/swin_b/test_swin_b_aten_gelu_default.py:8: in <module>
    import ttnn
E   ModuleNotFoundError: No module named 'ttnn'
__ ERROR collecting tests/autogen_op/swin_b/test_swin_b_aten_index_Tensor.py ___
ImportError while importing test module '/Users/Ajay17/pytorch2.0_ttnn/tests/autogen_op/swin_b/test_swin_b_aten_index_Tensor.py'.
Hint: make sure your test modules/packages have valid Python names.
Traceback:
../.pyenv/versions/3.11.10/lib/python3.11/importlib/__init__.py:126: in import_module
    return _bootstrap._gcd_import(name[level:], package, level)
           ^^^^^^^^^^^^^^^^^^^^^^^^^^^^^^^^^^^^^^^^^^^^^^^^^^^^
tests/autogen_op/swin_b/test_swin_b_aten_index_Tensor.py:8: in <module>
    import ttnn
E   ModuleNotFoundError: No module named 'ttnn'
_ ERROR collecting tests/autogen_op/swin_b/test_swin_b_aten_masked_fill_Scalar.py _
ImportError while importing test module '/Users/Ajay17/pytorch2.0_ttnn/tests/autogen_op/swin_b/test_swin_b_aten_masked_fill_Scalar.py'.
Hint: make sure your test modules/packages have valid Python names.
Traceback:
../.pyenv/versions/3.11.10/lib/python3.11/importlib/__init__.py:126: in import_module
    return _bootstrap._gcd_import(name[level:], package, level)
           ^^^^^^^^^^^^^^^^^^^^^^^^^^^^^^^^^^^^^^^^^^^^^^^^^^^^
tests/autogen_op/swin_b/test_swin_b_aten_masked_fill_Scalar.py:8: in <module>
    import ttnn
E   ModuleNotFoundError: No module named 'ttnn'
____ ERROR collecting tests/autogen_op/swin_b/test_swin_b_aten_mean_dim.py _____
ImportError while importing test module '/Users/Ajay17/pytorch2.0_ttnn/tests/autogen_op/swin_b/test_swin_b_aten_mean_dim.py'.
Hint: make sure your test modules/packages have valid Python names.
Traceback:
../.pyenv/versions/3.11.10/lib/python3.11/importlib/__init__.py:126: in import_module
    return _bootstrap._gcd_import(name[level:], package, level)
           ^^^^^^^^^^^^^^^^^^^^^^^^^^^^^^^^^^^^^^^^^^^^^^^^^^^^
tests/autogen_op/swin_b/test_swin_b_aten_mean_dim.py:8: in <module>
    import ttnn
E   ModuleNotFoundError: No module named 'ttnn'
___ ERROR collecting tests/autogen_op/swin_b/test_swin_b_aten_mm_default.py ____
ImportError while importing test module '/Users/Ajay17/pytorch2.0_ttnn/tests/autogen_op/swin_b/test_swin_b_aten_mm_default.py'.
Hint: make sure your test modules/packages have valid Python names.
Traceback:
../.pyenv/versions/3.11.10/lib/python3.11/importlib/__init__.py:126: in import_module
    return _bootstrap._gcd_import(name[level:], package, level)
           ^^^^^^^^^^^^^^^^^^^^^^^^^^^^^^^^^^^^^^^^^^^^^^^^^^^^
tests/autogen_op/swin_b/test_swin_b_aten_mm_default.py:8: in <module>
    import ttnn
E   ModuleNotFoundError: No module named 'ttnn'
___ ERROR collecting tests/autogen_op/swin_b/test_swin_b_aten_mul_Tensor.py ____
ImportError while importing test module '/Users/Ajay17/pytorch2.0_ttnn/tests/autogen_op/swin_b/test_swin_b_aten_mul_Tensor.py'.
Hint: make sure your test modules/packages have valid Python names.
Traceback:
../.pyenv/versions/3.11.10/lib/python3.11/importlib/__init__.py:126: in import_module
    return _bootstrap._gcd_import(name[level:], package, level)
           ^^^^^^^^^^^^^^^^^^^^^^^^^^^^^^^^^^^^^^^^^^^^^^^^^^^^
tests/autogen_op/swin_b/test_swin_b_aten_mul_Tensor.py:8: in <module>
    import ttnn
E   ModuleNotFoundError: No module named 'ttnn'
_ ERROR collecting tests/autogen_op/swin_b/test_swin_b_aten_native_layer_norm_default.py _
ImportError while importing test module '/Users/Ajay17/pytorch2.0_ttnn/tests/autogen_op/swin_b/test_swin_b_aten_native_layer_norm_default.py'.
Hint: make sure your test modules/packages have valid Python names.
Traceback:
../.pyenv/versions/3.11.10/lib/python3.11/importlib/__init__.py:126: in import_module
    return _bootstrap._gcd_import(name[level:], package, level)
           ^^^^^^^^^^^^^^^^^^^^^^^^^^^^^^^^^^^^^^^^^^^^^^^^^^^^
tests/autogen_op/swin_b/test_swin_b_aten_native_layer_norm_default.py:8: in <module>
    import ttnn
E   ModuleNotFoundError: No module named 'ttnn'
____ ERROR collecting tests/autogen_op/swin_b/test_swin_b_aten_ne_Scalar.py ____
ImportError while importing test module '/Users/Ajay17/pytorch2.0_ttnn/tests/autogen_op/swin_b/test_swin_b_aten_ne_Scalar.py'.
Hint: make sure your test modules/packages have valid Python names.
Traceback:
../.pyenv/versions/3.11.10/lib/python3.11/importlib/__init__.py:126: in import_module
    return _bootstrap._gcd_import(name[level:], package, level)
           ^^^^^^^^^^^^^^^^^^^^^^^^^^^^^^^^^^^^^^^^^^^^^^^^^^^^
tests/autogen_op/swin_b/test_swin_b_aten_ne_Scalar.py:8: in <module>
    import ttnn
E   ModuleNotFoundError: No module named 'ttnn'
_ ERROR collecting tests/autogen_op/swin_b/test_swin_b_aten_new_zeros_default.py _
ImportError while importing test module '/Users/Ajay17/pytorch2.0_ttnn/tests/autogen_op/swin_b/test_swin_b_aten_new_zeros_default.py'.
Hint: make sure your test modules/packages have valid Python names.
Traceback:
../.pyenv/versions/3.11.10/lib/python3.11/importlib/__init__.py:126: in import_module
    return _bootstrap._gcd_import(name[level:], package, level)
           ^^^^^^^^^^^^^^^^^^^^^^^^^^^^^^^^^^^^^^^^^^^^^^^^^^^^
tests/autogen_op/swin_b/test_swin_b_aten_new_zeros_default.py:8: in <module>
    import ttnn
E   ModuleNotFoundError: No module named 'ttnn'
_ ERROR collecting tests/autogen_op/swin_b/test_swin_b_aten_permute_default.py _
ImportError while importing test module '/Users/Ajay17/pytorch2.0_ttnn/tests/autogen_op/swin_b/test_swin_b_aten_permute_default.py'.
Hint: make sure your test modules/packages have valid Python names.
Traceback:
../.pyenv/versions/3.11.10/lib/python3.11/importlib/__init__.py:126: in import_module
    return _bootstrap._gcd_import(name[level:], package, level)
           ^^^^^^^^^^^^^^^^^^^^^^^^^^^^^^^^^^^^^^^^^^^^^^^^^^^^
tests/autogen_op/swin_b/test_swin_b_aten_permute_default.py:8: in <module>
    import ttnn
E   ModuleNotFoundError: No module named 'ttnn'
__ ERROR collecting tests/autogen_op/swin_b/test_swin_b_aten_roll_default.py ___
ImportError while importing test module '/Users/Ajay17/pytorch2.0_ttnn/tests/autogen_op/swin_b/test_swin_b_aten_roll_default.py'.
Hint: make sure your test modules/packages have valid Python names.
Traceback:
../.pyenv/versions/3.11.10/lib/python3.11/importlib/__init__.py:126: in import_module
    return _bootstrap._gcd_import(name[level:], package, level)
           ^^^^^^^^^^^^^^^^^^^^^^^^^^^^^^^^^^^^^^^^^^^^^^^^^^^^
tests/autogen_op/swin_b/test_swin_b_aten_roll_default.py:8: in <module>
    import ttnn
E   ModuleNotFoundError: No module named 'ttnn'
___ ERROR collecting tests/autogen_op/swin_b/test_swin_b_aten_select_int.py ____
ImportError while importing test module '/Users/Ajay17/pytorch2.0_ttnn/tests/autogen_op/swin_b/test_swin_b_aten_select_int.py'.
Hint: make sure your test modules/packages have valid Python names.
Traceback:
../.pyenv/versions/3.11.10/lib/python3.11/importlib/__init__.py:126: in import_module
    return _bootstrap._gcd_import(name[level:], package, level)
           ^^^^^^^^^^^^^^^^^^^^^^^^^^^^^^^^^^^^^^^^^^^^^^^^^^^^
tests/autogen_op/swin_b/test_swin_b_aten_select_int.py:8: in <module>
    import ttnn
E   ModuleNotFoundError: No module named 'ttnn'
__ ERROR collecting tests/autogen_op/swin_b/test_swin_b_aten_slice_Tensor.py ___
ImportError while importing test module '/Users/Ajay17/pytorch2.0_ttnn/tests/autogen_op/swin_b/test_swin_b_aten_slice_Tensor.py'.
Hint: make sure your test modules/packages have valid Python names.
Traceback:
../.pyenv/versions/3.11.10/lib/python3.11/importlib/__init__.py:126: in import_module
    return _bootstrap._gcd_import(name[level:], package, level)
           ^^^^^^^^^^^^^^^^^^^^^^^^^^^^^^^^^^^^^^^^^^^^^^^^^^^^
tests/autogen_op/swin_b/test_swin_b_aten_slice_Tensor.py:8: in <module>
    import ttnn
E   ModuleNotFoundError: No module named 'ttnn'
___ ERROR collecting tests/autogen_op/swin_b/test_swin_b_aten_sub_Tensor.py ____
ImportError while importing test module '/Users/Ajay17/pytorch2.0_ttnn/tests/autogen_op/swin_b/test_swin_b_aten_sub_Tensor.py'.
Hint: make sure your test modules/packages have valid Python names.
Traceback:
../.pyenv/versions/3.11.10/lib/python3.11/importlib/__init__.py:126: in import_module
    return _bootstrap._gcd_import(name[level:], package, level)
           ^^^^^^^^^^^^^^^^^^^^^^^^^^^^^^^^^^^^^^^^^^^^^^^^^^^^
tests/autogen_op/swin_b/test_swin_b_aten_sub_Tensor.py:8: in <module>
    import ttnn
E   ModuleNotFoundError: No module named 'ttnn'
____ ERROR collecting tests/autogen_op/swin_b/test_swin_b_aten_t_default.py ____
ImportError while importing test module '/Users/Ajay17/pytorch2.0_ttnn/tests/autogen_op/swin_b/test_swin_b_aten_t_default.py'.
Hint: make sure your test modules/packages have valid Python names.
Traceback:
../.pyenv/versions/3.11.10/lib/python3.11/importlib/__init__.py:126: in import_module
    return _bootstrap._gcd_import(name[level:], package, level)
           ^^^^^^^^^^^^^^^^^^^^^^^^^^^^^^^^^^^^^^^^^^^^^^^^^^^^
tests/autogen_op/swin_b/test_swin_b_aten_t_default.py:8: in <module>
    import ttnn
E   ModuleNotFoundError: No module named 'ttnn'
__ ERROR collecting tests/autogen_op/swin_b/test_swin_b_aten_transpose_int.py __
ImportError while importing test module '/Users/Ajay17/pytorch2.0_ttnn/tests/autogen_op/swin_b/test_swin_b_aten_transpose_int.py'.
Hint: make sure your test modules/packages have valid Python names.
Traceback:
../.pyenv/versions/3.11.10/lib/python3.11/importlib/__init__.py:126: in import_module
    return _bootstrap._gcd_import(name[level:], package, level)
           ^^^^^^^^^^^^^^^^^^^^^^^^^^^^^^^^^^^^^^^^^^^^^^^^^^^^
tests/autogen_op/swin_b/test_swin_b_aten_transpose_int.py:8: in <module>
    import ttnn
E   ModuleNotFoundError: No module named 'ttnn'
_ ERROR collecting tests/autogen_op/swin_b/test_swin_b_aten_unsqueeze_default.py _
ImportError while importing test module '/Users/Ajay17/pytorch2.0_ttnn/tests/autogen_op/swin_b/test_swin_b_aten_unsqueeze_default.py'.
Hint: make sure your test modules/packages have valid Python names.
Traceback:
../.pyenv/versions/3.11.10/lib/python3.11/importlib/__init__.py:126: in import_module
    return _bootstrap._gcd_import(name[level:], package, level)
           ^^^^^^^^^^^^^^^^^^^^^^^^^^^^^^^^^^^^^^^^^^^^^^^^^^^^
tests/autogen_op/swin_b/test_swin_b_aten_unsqueeze_default.py:8: in <module>
    import ttnn
E   ModuleNotFoundError: No module named 'ttnn'
__ ERROR collecting tests/autogen_op/swin_b/test_swin_b_aten_view_default.py ___
ImportError while importing test module '/Users/Ajay17/pytorch2.0_ttnn/tests/autogen_op/swin_b/test_swin_b_aten_view_default.py'.
Hint: make sure your test modules/packages have valid Python names.
Traceback:
../.pyenv/versions/3.11.10/lib/python3.11/importlib/__init__.py:126: in import_module
    return _bootstrap._gcd_import(name[level:], package, level)
           ^^^^^^^^^^^^^^^^^^^^^^^^^^^^^^^^^^^^^^^^^^^^^^^^^^^^
tests/autogen_op/swin_b/test_swin_b_aten_view_default.py:8: in <module>
    import ttnn
E   ModuleNotFoundError: No module named 'ttnn'
_ ERROR collecting tests/autogen_op/swin_s/test_swin_s_aten__softmax_default.py _
ImportError while importing test module '/Users/Ajay17/pytorch2.0_ttnn/tests/autogen_op/swin_s/test_swin_s_aten__softmax_default.py'.
Hint: make sure your test modules/packages have valid Python names.
Traceback:
../.pyenv/versions/3.11.10/lib/python3.11/importlib/__init__.py:126: in import_module
    return _bootstrap._gcd_import(name[level:], package, level)
           ^^^^^^^^^^^^^^^^^^^^^^^^^^^^^^^^^^^^^^^^^^^^^^^^^^^^
tests/autogen_op/swin_s/test_swin_s_aten__softmax_default.py:8: in <module>
    import ttnn
E   ModuleNotFoundError: No module named 'ttnn'
_ ERROR collecting tests/autogen_op/swin_s/test_swin_s_aten__unsafe_view_default.py _
ImportError while importing test module '/Users/Ajay17/pytorch2.0_ttnn/tests/autogen_op/swin_s/test_swin_s_aten__unsafe_view_default.py'.
Hint: make sure your test modules/packages have valid Python names.
Traceback:
../.pyenv/versions/3.11.10/lib/python3.11/importlib/__init__.py:126: in import_module
    return _bootstrap._gcd_import(name[level:], package, level)
           ^^^^^^^^^^^^^^^^^^^^^^^^^^^^^^^^^^^^^^^^^^^^^^^^^^^^
tests/autogen_op/swin_s/test_swin_s_aten__unsafe_view_default.py:8: in <module>
    import ttnn
E   ModuleNotFoundError: No module named 'ttnn'
___ ERROR collecting tests/autogen_op/swin_s/test_swin_s_aten_add_Tensor.py ____
ImportError while importing test module '/Users/Ajay17/pytorch2.0_ttnn/tests/autogen_op/swin_s/test_swin_s_aten_add_Tensor.py'.
Hint: make sure your test modules/packages have valid Python names.
Traceback:
../.pyenv/versions/3.11.10/lib/python3.11/importlib/__init__.py:126: in import_module
    return _bootstrap._gcd_import(name[level:], package, level)
           ^^^^^^^^^^^^^^^^^^^^^^^^^^^^^^^^^^^^^^^^^^^^^^^^^^^^
tests/autogen_op/swin_s/test_swin_s_aten_add_Tensor.py:8: in <module>
    import ttnn
E   ModuleNotFoundError: No module named 'ttnn'
__ ERROR collecting tests/autogen_op/swin_s/test_swin_s_aten_addmm_default.py __
ImportError while importing test module '/Users/Ajay17/pytorch2.0_ttnn/tests/autogen_op/swin_s/test_swin_s_aten_addmm_default.py'.
Hint: make sure your test modules/packages have valid Python names.
Traceback:
../.pyenv/versions/3.11.10/lib/python3.11/importlib/__init__.py:126: in import_module
    return _bootstrap._gcd_import(name[level:], package, level)
           ^^^^^^^^^^^^^^^^^^^^^^^^^^^^^^^^^^^^^^^^^^^^^^^^^^^^
tests/autogen_op/swin_s/test_swin_s_aten_addmm_default.py:8: in <module>
    import ttnn
E   ModuleNotFoundError: No module named 'ttnn'
_ ERROR collecting tests/autogen_op/swin_s/test_swin_s_aten_as_strided_default.py _
ImportError while importing test module '/Users/Ajay17/pytorch2.0_ttnn/tests/autogen_op/swin_s/test_swin_s_aten_as_strided_default.py'.
Hint: make sure your test modules/packages have valid Python names.
Traceback:
../.pyenv/versions/3.11.10/lib/python3.11/importlib/__init__.py:126: in import_module
    return _bootstrap._gcd_import(name[level:], package, level)
           ^^^^^^^^^^^^^^^^^^^^^^^^^^^^^^^^^^^^^^^^^^^^^^^^^^^^
tests/autogen_op/swin_s/test_swin_s_aten_as_strided_default.py:8: in <module>
    import ttnn
E   ModuleNotFoundError: No module named 'ttnn'
___ ERROR collecting tests/autogen_op/swin_s/test_swin_s_aten_bmm_default.py ___
ImportError while importing test module '/Users/Ajay17/pytorch2.0_ttnn/tests/autogen_op/swin_s/test_swin_s_aten_bmm_default.py'.
Hint: make sure your test modules/packages have valid Python names.
Traceback:
../.pyenv/versions/3.11.10/lib/python3.11/importlib/__init__.py:126: in import_module
    return _bootstrap._gcd_import(name[level:], package, level)
           ^^^^^^^^^^^^^^^^^^^^^^^^^^^^^^^^^^^^^^^^^^^^^^^^^^^^
tests/autogen_op/swin_s/test_swin_s_aten_bmm_default.py:8: in <module>
    import ttnn
E   ModuleNotFoundError: No module named 'ttnn'
___ ERROR collecting tests/autogen_op/swin_s/test_swin_s_aten_cat_default.py ___
ImportError while importing test module '/Users/Ajay17/pytorch2.0_ttnn/tests/autogen_op/swin_s/test_swin_s_aten_cat_default.py'.
Hint: make sure your test modules/packages have valid Python names.
Traceback:
../.pyenv/versions/3.11.10/lib/python3.11/importlib/__init__.py:126: in import_module
    return _bootstrap._gcd_import(name[level:], package, level)
           ^^^^^^^^^^^^^^^^^^^^^^^^^^^^^^^^^^^^^^^^^^^^^^^^^^^^
tests/autogen_op/swin_s/test_swin_s_aten_cat_default.py:8: in <module>
    import ttnn
E   ModuleNotFoundError: No module named 'ttnn'
__ ERROR collecting tests/autogen_op/swin_s/test_swin_s_aten_clone_default.py __
ImportError while importing test module '/Users/Ajay17/pytorch2.0_ttnn/tests/autogen_op/swin_s/test_swin_s_aten_clone_default.py'.
Hint: make sure your test modules/packages have valid Python names.
Traceback:
../.pyenv/versions/3.11.10/lib/python3.11/importlib/__init__.py:126: in import_module
    return _bootstrap._gcd_import(name[level:], package, level)
           ^^^^^^^^^^^^^^^^^^^^^^^^^^^^^^^^^^^^^^^^^^^^^^^^^^^^
tests/autogen_op/swin_s/test_swin_s_aten_clone_default.py:8: in <module>
    import ttnn
E   ModuleNotFoundError: No module named 'ttnn'
_ ERROR collecting tests/autogen_op/swin_s/test_swin_s_aten_constant_pad_nd_default.py _
ImportError while importing test module '/Users/Ajay17/pytorch2.0_ttnn/tests/autogen_op/swin_s/test_swin_s_aten_constant_pad_nd_default.py'.
Hint: make sure your test modules/packages have valid Python names.
Traceback:
../.pyenv/versions/3.11.10/lib/python3.11/importlib/__init__.py:126: in import_module
    return _bootstrap._gcd_import(name[level:], package, level)
           ^^^^^^^^^^^^^^^^^^^^^^^^^^^^^^^^^^^^^^^^^^^^^^^^^^^^
tests/autogen_op/swin_s/test_swin_s_aten_constant_pad_nd_default.py:8: in <module>
    import ttnn
E   ModuleNotFoundError: No module named 'ttnn'
_ ERROR collecting tests/autogen_op/swin_s/test_swin_s_aten_convolution_default.py _
ImportError while importing test module '/Users/Ajay17/pytorch2.0_ttnn/tests/autogen_op/swin_s/test_swin_s_aten_convolution_default.py'.
Hint: make sure your test modules/packages have valid Python names.
Traceback:
../.pyenv/versions/3.11.10/lib/python3.11/importlib/__init__.py:126: in import_module
    return _bootstrap._gcd_import(name[level:], package, level)
           ^^^^^^^^^^^^^^^^^^^^^^^^^^^^^^^^^^^^^^^^^^^^^^^^^^^^
tests/autogen_op/swin_s/test_swin_s_aten_convolution_default.py:8: in <module>
    import ttnn
E   ModuleNotFoundError: No module named 'ttnn'
____ ERROR collecting tests/autogen_op/swin_s/test_swin_s_aten_eq_Scalar.py ____
ImportError while importing test module '/Users/Ajay17/pytorch2.0_ttnn/tests/autogen_op/swin_s/test_swin_s_aten_eq_Scalar.py'.
Hint: make sure your test modules/packages have valid Python names.
Traceback:
../.pyenv/versions/3.11.10/lib/python3.11/importlib/__init__.py:126: in import_module
    return _bootstrap._gcd_import(name[level:], package, level)
           ^^^^^^^^^^^^^^^^^^^^^^^^^^^^^^^^^^^^^^^^^^^^^^^^^^^^
tests/autogen_op/swin_s/test_swin_s_aten_eq_Scalar.py:8: in <module>
    import ttnn
E   ModuleNotFoundError: No module named 'ttnn'
_ ERROR collecting tests/autogen_op/swin_s/test_swin_s_aten_expand_default.py __
ImportError while importing test module '/Users/Ajay17/pytorch2.0_ttnn/tests/autogen_op/swin_s/test_swin_s_aten_expand_default.py'.
Hint: make sure your test modules/packages have valid Python names.
Traceback:
../.pyenv/versions/3.11.10/lib/python3.11/importlib/__init__.py:126: in import_module
    return _bootstrap._gcd_import(name[level:], package, level)
           ^^^^^^^^^^^^^^^^^^^^^^^^^^^^^^^^^^^^^^^^^^^^^^^^^^^^
tests/autogen_op/swin_s/test_swin_s_aten_expand_default.py:8: in <module>
    import ttnn
E   ModuleNotFoundError: No module named 'ttnn'
__ ERROR collecting tests/autogen_op/swin_s/test_swin_s_aten_gelu_default.py ___
ImportError while importing test module '/Users/Ajay17/pytorch2.0_ttnn/tests/autogen_op/swin_s/test_swin_s_aten_gelu_default.py'.
Hint: make sure your test modules/packages have valid Python names.
Traceback:
../.pyenv/versions/3.11.10/lib/python3.11/importlib/__init__.py:126: in import_module
    return _bootstrap._gcd_import(name[level:], package, level)
           ^^^^^^^^^^^^^^^^^^^^^^^^^^^^^^^^^^^^^^^^^^^^^^^^^^^^
tests/autogen_op/swin_s/test_swin_s_aten_gelu_default.py:8: in <module>
    import ttnn
E   ModuleNotFoundError: No module named 'ttnn'
__ ERROR collecting tests/autogen_op/swin_s/test_swin_s_aten_index_Tensor.py ___
ImportError while importing test module '/Users/Ajay17/pytorch2.0_ttnn/tests/autogen_op/swin_s/test_swin_s_aten_index_Tensor.py'.
Hint: make sure your test modules/packages have valid Python names.
Traceback:
../.pyenv/versions/3.11.10/lib/python3.11/importlib/__init__.py:126: in import_module
    return _bootstrap._gcd_import(name[level:], package, level)
           ^^^^^^^^^^^^^^^^^^^^^^^^^^^^^^^^^^^^^^^^^^^^^^^^^^^^
tests/autogen_op/swin_s/test_swin_s_aten_index_Tensor.py:8: in <module>
    import ttnn
E   ModuleNotFoundError: No module named 'ttnn'
_ ERROR collecting tests/autogen_op/swin_s/test_swin_s_aten_masked_fill_Scalar.py _
ImportError while importing test module '/Users/Ajay17/pytorch2.0_ttnn/tests/autogen_op/swin_s/test_swin_s_aten_masked_fill_Scalar.py'.
Hint: make sure your test modules/packages have valid Python names.
Traceback:
../.pyenv/versions/3.11.10/lib/python3.11/importlib/__init__.py:126: in import_module
    return _bootstrap._gcd_import(name[level:], package, level)
           ^^^^^^^^^^^^^^^^^^^^^^^^^^^^^^^^^^^^^^^^^^^^^^^^^^^^
tests/autogen_op/swin_s/test_swin_s_aten_masked_fill_Scalar.py:8: in <module>
    import ttnn
E   ModuleNotFoundError: No module named 'ttnn'
____ ERROR collecting tests/autogen_op/swin_s/test_swin_s_aten_mean_dim.py _____
ImportError while importing test module '/Users/Ajay17/pytorch2.0_ttnn/tests/autogen_op/swin_s/test_swin_s_aten_mean_dim.py'.
Hint: make sure your test modules/packages have valid Python names.
Traceback:
../.pyenv/versions/3.11.10/lib/python3.11/importlib/__init__.py:126: in import_module
    return _bootstrap._gcd_import(name[level:], package, level)
           ^^^^^^^^^^^^^^^^^^^^^^^^^^^^^^^^^^^^^^^^^^^^^^^^^^^^
tests/autogen_op/swin_s/test_swin_s_aten_mean_dim.py:8: in <module>
    import ttnn
E   ModuleNotFoundError: No module named 'ttnn'
___ ERROR collecting tests/autogen_op/swin_s/test_swin_s_aten_mm_default.py ____
ImportError while importing test module '/Users/Ajay17/pytorch2.0_ttnn/tests/autogen_op/swin_s/test_swin_s_aten_mm_default.py'.
Hint: make sure your test modules/packages have valid Python names.
Traceback:
../.pyenv/versions/3.11.10/lib/python3.11/importlib/__init__.py:126: in import_module
    return _bootstrap._gcd_import(name[level:], package, level)
           ^^^^^^^^^^^^^^^^^^^^^^^^^^^^^^^^^^^^^^^^^^^^^^^^^^^^
tests/autogen_op/swin_s/test_swin_s_aten_mm_default.py:8: in <module>
    import ttnn
E   ModuleNotFoundError: No module named 'ttnn'
___ ERROR collecting tests/autogen_op/swin_s/test_swin_s_aten_mul_Tensor.py ____
ImportError while importing test module '/Users/Ajay17/pytorch2.0_ttnn/tests/autogen_op/swin_s/test_swin_s_aten_mul_Tensor.py'.
Hint: make sure your test modules/packages have valid Python names.
Traceback:
../.pyenv/versions/3.11.10/lib/python3.11/importlib/__init__.py:126: in import_module
    return _bootstrap._gcd_import(name[level:], package, level)
           ^^^^^^^^^^^^^^^^^^^^^^^^^^^^^^^^^^^^^^^^^^^^^^^^^^^^
tests/autogen_op/swin_s/test_swin_s_aten_mul_Tensor.py:8: in <module>
    import ttnn
E   ModuleNotFoundError: No module named 'ttnn'
_ ERROR collecting tests/autogen_op/swin_s/test_swin_s_aten_native_layer_norm_default.py _
ImportError while importing test module '/Users/Ajay17/pytorch2.0_ttnn/tests/autogen_op/swin_s/test_swin_s_aten_native_layer_norm_default.py'.
Hint: make sure your test modules/packages have valid Python names.
Traceback:
../.pyenv/versions/3.11.10/lib/python3.11/importlib/__init__.py:126: in import_module
    return _bootstrap._gcd_import(name[level:], package, level)
           ^^^^^^^^^^^^^^^^^^^^^^^^^^^^^^^^^^^^^^^^^^^^^^^^^^^^
tests/autogen_op/swin_s/test_swin_s_aten_native_layer_norm_default.py:8: in <module>
    import ttnn
E   ModuleNotFoundError: No module named 'ttnn'
____ ERROR collecting tests/autogen_op/swin_s/test_swin_s_aten_ne_Scalar.py ____
ImportError while importing test module '/Users/Ajay17/pytorch2.0_ttnn/tests/autogen_op/swin_s/test_swin_s_aten_ne_Scalar.py'.
Hint: make sure your test modules/packages have valid Python names.
Traceback:
../.pyenv/versions/3.11.10/lib/python3.11/importlib/__init__.py:126: in import_module
    return _bootstrap._gcd_import(name[level:], package, level)
           ^^^^^^^^^^^^^^^^^^^^^^^^^^^^^^^^^^^^^^^^^^^^^^^^^^^^
tests/autogen_op/swin_s/test_swin_s_aten_ne_Scalar.py:8: in <module>
    import ttnn
E   ModuleNotFoundError: No module named 'ttnn'
_ ERROR collecting tests/autogen_op/swin_s/test_swin_s_aten_new_zeros_default.py _
ImportError while importing test module '/Users/Ajay17/pytorch2.0_ttnn/tests/autogen_op/swin_s/test_swin_s_aten_new_zeros_default.py'.
Hint: make sure your test modules/packages have valid Python names.
Traceback:
../.pyenv/versions/3.11.10/lib/python3.11/importlib/__init__.py:126: in import_module
    return _bootstrap._gcd_import(name[level:], package, level)
           ^^^^^^^^^^^^^^^^^^^^^^^^^^^^^^^^^^^^^^^^^^^^^^^^^^^^
tests/autogen_op/swin_s/test_swin_s_aten_new_zeros_default.py:8: in <module>
    import ttnn
E   ModuleNotFoundError: No module named 'ttnn'
_ ERROR collecting tests/autogen_op/swin_s/test_swin_s_aten_permute_default.py _
ImportError while importing test module '/Users/Ajay17/pytorch2.0_ttnn/tests/autogen_op/swin_s/test_swin_s_aten_permute_default.py'.
Hint: make sure your test modules/packages have valid Python names.
Traceback:
../.pyenv/versions/3.11.10/lib/python3.11/importlib/__init__.py:126: in import_module
    return _bootstrap._gcd_import(name[level:], package, level)
           ^^^^^^^^^^^^^^^^^^^^^^^^^^^^^^^^^^^^^^^^^^^^^^^^^^^^
tests/autogen_op/swin_s/test_swin_s_aten_permute_default.py:8: in <module>
    import ttnn
E   ModuleNotFoundError: No module named 'ttnn'
__ ERROR collecting tests/autogen_op/swin_s/test_swin_s_aten_roll_default.py ___
ImportError while importing test module '/Users/Ajay17/pytorch2.0_ttnn/tests/autogen_op/swin_s/test_swin_s_aten_roll_default.py'.
Hint: make sure your test modules/packages have valid Python names.
Traceback:
../.pyenv/versions/3.11.10/lib/python3.11/importlib/__init__.py:126: in import_module
    return _bootstrap._gcd_import(name[level:], package, level)
           ^^^^^^^^^^^^^^^^^^^^^^^^^^^^^^^^^^^^^^^^^^^^^^^^^^^^
tests/autogen_op/swin_s/test_swin_s_aten_roll_default.py:8: in <module>
    import ttnn
E   ModuleNotFoundError: No module named 'ttnn'
___ ERROR collecting tests/autogen_op/swin_s/test_swin_s_aten_select_int.py ____
ImportError while importing test module '/Users/Ajay17/pytorch2.0_ttnn/tests/autogen_op/swin_s/test_swin_s_aten_select_int.py'.
Hint: make sure your test modules/packages have valid Python names.
Traceback:
../.pyenv/versions/3.11.10/lib/python3.11/importlib/__init__.py:126: in import_module
    return _bootstrap._gcd_import(name[level:], package, level)
           ^^^^^^^^^^^^^^^^^^^^^^^^^^^^^^^^^^^^^^^^^^^^^^^^^^^^
tests/autogen_op/swin_s/test_swin_s_aten_select_int.py:8: in <module>
    import ttnn
E   ModuleNotFoundError: No module named 'ttnn'
__ ERROR collecting tests/autogen_op/swin_s/test_swin_s_aten_slice_Tensor.py ___
ImportError while importing test module '/Users/Ajay17/pytorch2.0_ttnn/tests/autogen_op/swin_s/test_swin_s_aten_slice_Tensor.py'.
Hint: make sure your test modules/packages have valid Python names.
Traceback:
../.pyenv/versions/3.11.10/lib/python3.11/importlib/__init__.py:126: in import_module
    return _bootstrap._gcd_import(name[level:], package, level)
           ^^^^^^^^^^^^^^^^^^^^^^^^^^^^^^^^^^^^^^^^^^^^^^^^^^^^
tests/autogen_op/swin_s/test_swin_s_aten_slice_Tensor.py:8: in <module>
    import ttnn
E   ModuleNotFoundError: No module named 'ttnn'
___ ERROR collecting tests/autogen_op/swin_s/test_swin_s_aten_sub_Tensor.py ____
ImportError while importing test module '/Users/Ajay17/pytorch2.0_ttnn/tests/autogen_op/swin_s/test_swin_s_aten_sub_Tensor.py'.
Hint: make sure your test modules/packages have valid Python names.
Traceback:
../.pyenv/versions/3.11.10/lib/python3.11/importlib/__init__.py:126: in import_module
    return _bootstrap._gcd_import(name[level:], package, level)
           ^^^^^^^^^^^^^^^^^^^^^^^^^^^^^^^^^^^^^^^^^^^^^^^^^^^^
tests/autogen_op/swin_s/test_swin_s_aten_sub_Tensor.py:8: in <module>
    import ttnn
E   ModuleNotFoundError: No module named 'ttnn'
____ ERROR collecting tests/autogen_op/swin_s/test_swin_s_aten_t_default.py ____
ImportError while importing test module '/Users/Ajay17/pytorch2.0_ttnn/tests/autogen_op/swin_s/test_swin_s_aten_t_default.py'.
Hint: make sure your test modules/packages have valid Python names.
Traceback:
../.pyenv/versions/3.11.10/lib/python3.11/importlib/__init__.py:126: in import_module
    return _bootstrap._gcd_import(name[level:], package, level)
           ^^^^^^^^^^^^^^^^^^^^^^^^^^^^^^^^^^^^^^^^^^^^^^^^^^^^
tests/autogen_op/swin_s/test_swin_s_aten_t_default.py:8: in <module>
    import ttnn
E   ModuleNotFoundError: No module named 'ttnn'
__ ERROR collecting tests/autogen_op/swin_s/test_swin_s_aten_transpose_int.py __
ImportError while importing test module '/Users/Ajay17/pytorch2.0_ttnn/tests/autogen_op/swin_s/test_swin_s_aten_transpose_int.py'.
Hint: make sure your test modules/packages have valid Python names.
Traceback:
../.pyenv/versions/3.11.10/lib/python3.11/importlib/__init__.py:126: in import_module
    return _bootstrap._gcd_import(name[level:], package, level)
           ^^^^^^^^^^^^^^^^^^^^^^^^^^^^^^^^^^^^^^^^^^^^^^^^^^^^
tests/autogen_op/swin_s/test_swin_s_aten_transpose_int.py:8: in <module>
    import ttnn
E   ModuleNotFoundError: No module named 'ttnn'
_ ERROR collecting tests/autogen_op/swin_s/test_swin_s_aten_unsqueeze_default.py _
ImportError while importing test module '/Users/Ajay17/pytorch2.0_ttnn/tests/autogen_op/swin_s/test_swin_s_aten_unsqueeze_default.py'.
Hint: make sure your test modules/packages have valid Python names.
Traceback:
../.pyenv/versions/3.11.10/lib/python3.11/importlib/__init__.py:126: in import_module
    return _bootstrap._gcd_import(name[level:], package, level)
           ^^^^^^^^^^^^^^^^^^^^^^^^^^^^^^^^^^^^^^^^^^^^^^^^^^^^
tests/autogen_op/swin_s/test_swin_s_aten_unsqueeze_default.py:8: in <module>
    import ttnn
E   ModuleNotFoundError: No module named 'ttnn'
__ ERROR collecting tests/autogen_op/swin_s/test_swin_s_aten_view_default.py ___
ImportError while importing test module '/Users/Ajay17/pytorch2.0_ttnn/tests/autogen_op/swin_s/test_swin_s_aten_view_default.py'.
Hint: make sure your test modules/packages have valid Python names.
Traceback:
../.pyenv/versions/3.11.10/lib/python3.11/importlib/__init__.py:126: in import_module
    return _bootstrap._gcd_import(name[level:], package, level)
           ^^^^^^^^^^^^^^^^^^^^^^^^^^^^^^^^^^^^^^^^^^^^^^^^^^^^
tests/autogen_op/swin_s/test_swin_s_aten_view_default.py:8: in <module>
    import ttnn
E   ModuleNotFoundError: No module named 'ttnn'
_ ERROR collecting tests/autogen_op/swin_t/test_swin_t_aten__softmax_default.py _
ImportError while importing test module '/Users/Ajay17/pytorch2.0_ttnn/tests/autogen_op/swin_t/test_swin_t_aten__softmax_default.py'.
Hint: make sure your test modules/packages have valid Python names.
Traceback:
../.pyenv/versions/3.11.10/lib/python3.11/importlib/__init__.py:126: in import_module
    return _bootstrap._gcd_import(name[level:], package, level)
           ^^^^^^^^^^^^^^^^^^^^^^^^^^^^^^^^^^^^^^^^^^^^^^^^^^^^
tests/autogen_op/swin_t/test_swin_t_aten__softmax_default.py:8: in <module>
    import ttnn
E   ModuleNotFoundError: No module named 'ttnn'
_ ERROR collecting tests/autogen_op/swin_t/test_swin_t_aten__unsafe_view_default.py _
ImportError while importing test module '/Users/Ajay17/pytorch2.0_ttnn/tests/autogen_op/swin_t/test_swin_t_aten__unsafe_view_default.py'.
Hint: make sure your test modules/packages have valid Python names.
Traceback:
../.pyenv/versions/3.11.10/lib/python3.11/importlib/__init__.py:126: in import_module
    return _bootstrap._gcd_import(name[level:], package, level)
           ^^^^^^^^^^^^^^^^^^^^^^^^^^^^^^^^^^^^^^^^^^^^^^^^^^^^
tests/autogen_op/swin_t/test_swin_t_aten__unsafe_view_default.py:8: in <module>
    import ttnn
E   ModuleNotFoundError: No module named 'ttnn'
___ ERROR collecting tests/autogen_op/swin_t/test_swin_t_aten_add_Tensor.py ____
ImportError while importing test module '/Users/Ajay17/pytorch2.0_ttnn/tests/autogen_op/swin_t/test_swin_t_aten_add_Tensor.py'.
Hint: make sure your test modules/packages have valid Python names.
Traceback:
../.pyenv/versions/3.11.10/lib/python3.11/importlib/__init__.py:126: in import_module
    return _bootstrap._gcd_import(name[level:], package, level)
           ^^^^^^^^^^^^^^^^^^^^^^^^^^^^^^^^^^^^^^^^^^^^^^^^^^^^
tests/autogen_op/swin_t/test_swin_t_aten_add_Tensor.py:8: in <module>
    import ttnn
E   ModuleNotFoundError: No module named 'ttnn'
__ ERROR collecting tests/autogen_op/swin_t/test_swin_t_aten_addmm_default.py __
ImportError while importing test module '/Users/Ajay17/pytorch2.0_ttnn/tests/autogen_op/swin_t/test_swin_t_aten_addmm_default.py'.
Hint: make sure your test modules/packages have valid Python names.
Traceback:
../.pyenv/versions/3.11.10/lib/python3.11/importlib/__init__.py:126: in import_module
    return _bootstrap._gcd_import(name[level:], package, level)
           ^^^^^^^^^^^^^^^^^^^^^^^^^^^^^^^^^^^^^^^^^^^^^^^^^^^^
tests/autogen_op/swin_t/test_swin_t_aten_addmm_default.py:8: in <module>
    import ttnn
E   ModuleNotFoundError: No module named 'ttnn'
_ ERROR collecting tests/autogen_op/swin_t/test_swin_t_aten_as_strided_default.py _
ImportError while importing test module '/Users/Ajay17/pytorch2.0_ttnn/tests/autogen_op/swin_t/test_swin_t_aten_as_strided_default.py'.
Hint: make sure your test modules/packages have valid Python names.
Traceback:
../.pyenv/versions/3.11.10/lib/python3.11/importlib/__init__.py:126: in import_module
    return _bootstrap._gcd_import(name[level:], package, level)
           ^^^^^^^^^^^^^^^^^^^^^^^^^^^^^^^^^^^^^^^^^^^^^^^^^^^^
tests/autogen_op/swin_t/test_swin_t_aten_as_strided_default.py:8: in <module>
    import ttnn
E   ModuleNotFoundError: No module named 'ttnn'
___ ERROR collecting tests/autogen_op/swin_t/test_swin_t_aten_bmm_default.py ___
ImportError while importing test module '/Users/Ajay17/pytorch2.0_ttnn/tests/autogen_op/swin_t/test_swin_t_aten_bmm_default.py'.
Hint: make sure your test modules/packages have valid Python names.
Traceback:
../.pyenv/versions/3.11.10/lib/python3.11/importlib/__init__.py:126: in import_module
    return _bootstrap._gcd_import(name[level:], package, level)
           ^^^^^^^^^^^^^^^^^^^^^^^^^^^^^^^^^^^^^^^^^^^^^^^^^^^^
tests/autogen_op/swin_t/test_swin_t_aten_bmm_default.py:8: in <module>
    import ttnn
E   ModuleNotFoundError: No module named 'ttnn'
___ ERROR collecting tests/autogen_op/swin_t/test_swin_t_aten_cat_default.py ___
ImportError while importing test module '/Users/Ajay17/pytorch2.0_ttnn/tests/autogen_op/swin_t/test_swin_t_aten_cat_default.py'.
Hint: make sure your test modules/packages have valid Python names.
Traceback:
../.pyenv/versions/3.11.10/lib/python3.11/importlib/__init__.py:126: in import_module
    return _bootstrap._gcd_import(name[level:], package, level)
           ^^^^^^^^^^^^^^^^^^^^^^^^^^^^^^^^^^^^^^^^^^^^^^^^^^^^
tests/autogen_op/swin_t/test_swin_t_aten_cat_default.py:8: in <module>
    import ttnn
E   ModuleNotFoundError: No module named 'ttnn'
__ ERROR collecting tests/autogen_op/swin_t/test_swin_t_aten_clone_default.py __
ImportError while importing test module '/Users/Ajay17/pytorch2.0_ttnn/tests/autogen_op/swin_t/test_swin_t_aten_clone_default.py'.
Hint: make sure your test modules/packages have valid Python names.
Traceback:
../.pyenv/versions/3.11.10/lib/python3.11/importlib/__init__.py:126: in import_module
    return _bootstrap._gcd_import(name[level:], package, level)
           ^^^^^^^^^^^^^^^^^^^^^^^^^^^^^^^^^^^^^^^^^^^^^^^^^^^^
tests/autogen_op/swin_t/test_swin_t_aten_clone_default.py:8: in <module>
    import ttnn
E   ModuleNotFoundError: No module named 'ttnn'
_ ERROR collecting tests/autogen_op/swin_t/test_swin_t_aten_constant_pad_nd_default.py _
ImportError while importing test module '/Users/Ajay17/pytorch2.0_ttnn/tests/autogen_op/swin_t/test_swin_t_aten_constant_pad_nd_default.py'.
Hint: make sure your test modules/packages have valid Python names.
Traceback:
../.pyenv/versions/3.11.10/lib/python3.11/importlib/__init__.py:126: in import_module
    return _bootstrap._gcd_import(name[level:], package, level)
           ^^^^^^^^^^^^^^^^^^^^^^^^^^^^^^^^^^^^^^^^^^^^^^^^^^^^
tests/autogen_op/swin_t/test_swin_t_aten_constant_pad_nd_default.py:8: in <module>
    import ttnn
E   ModuleNotFoundError: No module named 'ttnn'
_ ERROR collecting tests/autogen_op/swin_t/test_swin_t_aten_convolution_default.py _
ImportError while importing test module '/Users/Ajay17/pytorch2.0_ttnn/tests/autogen_op/swin_t/test_swin_t_aten_convolution_default.py'.
Hint: make sure your test modules/packages have valid Python names.
Traceback:
../.pyenv/versions/3.11.10/lib/python3.11/importlib/__init__.py:126: in import_module
    return _bootstrap._gcd_import(name[level:], package, level)
           ^^^^^^^^^^^^^^^^^^^^^^^^^^^^^^^^^^^^^^^^^^^^^^^^^^^^
tests/autogen_op/swin_t/test_swin_t_aten_convolution_default.py:8: in <module>
    import ttnn
E   ModuleNotFoundError: No module named 'ttnn'
____ ERROR collecting tests/autogen_op/swin_t/test_swin_t_aten_eq_Scalar.py ____
ImportError while importing test module '/Users/Ajay17/pytorch2.0_ttnn/tests/autogen_op/swin_t/test_swin_t_aten_eq_Scalar.py'.
Hint: make sure your test modules/packages have valid Python names.
Traceback:
../.pyenv/versions/3.11.10/lib/python3.11/importlib/__init__.py:126: in import_module
    return _bootstrap._gcd_import(name[level:], package, level)
           ^^^^^^^^^^^^^^^^^^^^^^^^^^^^^^^^^^^^^^^^^^^^^^^^^^^^
tests/autogen_op/swin_t/test_swin_t_aten_eq_Scalar.py:8: in <module>
    import ttnn
E   ModuleNotFoundError: No module named 'ttnn'
_ ERROR collecting tests/autogen_op/swin_t/test_swin_t_aten_expand_default.py __
ImportError while importing test module '/Users/Ajay17/pytorch2.0_ttnn/tests/autogen_op/swin_t/test_swin_t_aten_expand_default.py'.
Hint: make sure your test modules/packages have valid Python names.
Traceback:
../.pyenv/versions/3.11.10/lib/python3.11/importlib/__init__.py:126: in import_module
    return _bootstrap._gcd_import(name[level:], package, level)
           ^^^^^^^^^^^^^^^^^^^^^^^^^^^^^^^^^^^^^^^^^^^^^^^^^^^^
tests/autogen_op/swin_t/test_swin_t_aten_expand_default.py:8: in <module>
    import ttnn
E   ModuleNotFoundError: No module named 'ttnn'
__ ERROR collecting tests/autogen_op/swin_t/test_swin_t_aten_gelu_default.py ___
ImportError while importing test module '/Users/Ajay17/pytorch2.0_ttnn/tests/autogen_op/swin_t/test_swin_t_aten_gelu_default.py'.
Hint: make sure your test modules/packages have valid Python names.
Traceback:
../.pyenv/versions/3.11.10/lib/python3.11/importlib/__init__.py:126: in import_module
    return _bootstrap._gcd_import(name[level:], package, level)
           ^^^^^^^^^^^^^^^^^^^^^^^^^^^^^^^^^^^^^^^^^^^^^^^^^^^^
tests/autogen_op/swin_t/test_swin_t_aten_gelu_default.py:8: in <module>
    import ttnn
E   ModuleNotFoundError: No module named 'ttnn'
__ ERROR collecting tests/autogen_op/swin_t/test_swin_t_aten_index_Tensor.py ___
ImportError while importing test module '/Users/Ajay17/pytorch2.0_ttnn/tests/autogen_op/swin_t/test_swin_t_aten_index_Tensor.py'.
Hint: make sure your test modules/packages have valid Python names.
Traceback:
../.pyenv/versions/3.11.10/lib/python3.11/importlib/__init__.py:126: in import_module
    return _bootstrap._gcd_import(name[level:], package, level)
           ^^^^^^^^^^^^^^^^^^^^^^^^^^^^^^^^^^^^^^^^^^^^^^^^^^^^
tests/autogen_op/swin_t/test_swin_t_aten_index_Tensor.py:8: in <module>
    import ttnn
E   ModuleNotFoundError: No module named 'ttnn'
_ ERROR collecting tests/autogen_op/swin_t/test_swin_t_aten_masked_fill_Scalar.py _
ImportError while importing test module '/Users/Ajay17/pytorch2.0_ttnn/tests/autogen_op/swin_t/test_swin_t_aten_masked_fill_Scalar.py'.
Hint: make sure your test modules/packages have valid Python names.
Traceback:
../.pyenv/versions/3.11.10/lib/python3.11/importlib/__init__.py:126: in import_module
    return _bootstrap._gcd_import(name[level:], package, level)
           ^^^^^^^^^^^^^^^^^^^^^^^^^^^^^^^^^^^^^^^^^^^^^^^^^^^^
tests/autogen_op/swin_t/test_swin_t_aten_masked_fill_Scalar.py:8: in <module>
    import ttnn
E   ModuleNotFoundError: No module named 'ttnn'
____ ERROR collecting tests/autogen_op/swin_t/test_swin_t_aten_mean_dim.py _____
ImportError while importing test module '/Users/Ajay17/pytorch2.0_ttnn/tests/autogen_op/swin_t/test_swin_t_aten_mean_dim.py'.
Hint: make sure your test modules/packages have valid Python names.
Traceback:
../.pyenv/versions/3.11.10/lib/python3.11/importlib/__init__.py:126: in import_module
    return _bootstrap._gcd_import(name[level:], package, level)
           ^^^^^^^^^^^^^^^^^^^^^^^^^^^^^^^^^^^^^^^^^^^^^^^^^^^^
tests/autogen_op/swin_t/test_swin_t_aten_mean_dim.py:8: in <module>
    import ttnn
E   ModuleNotFoundError: No module named 'ttnn'
___ ERROR collecting tests/autogen_op/swin_t/test_swin_t_aten_mm_default.py ____
ImportError while importing test module '/Users/Ajay17/pytorch2.0_ttnn/tests/autogen_op/swin_t/test_swin_t_aten_mm_default.py'.
Hint: make sure your test modules/packages have valid Python names.
Traceback:
../.pyenv/versions/3.11.10/lib/python3.11/importlib/__init__.py:126: in import_module
    return _bootstrap._gcd_import(name[level:], package, level)
           ^^^^^^^^^^^^^^^^^^^^^^^^^^^^^^^^^^^^^^^^^^^^^^^^^^^^
tests/autogen_op/swin_t/test_swin_t_aten_mm_default.py:8: in <module>
    import ttnn
E   ModuleNotFoundError: No module named 'ttnn'
___ ERROR collecting tests/autogen_op/swin_t/test_swin_t_aten_mul_Tensor.py ____
ImportError while importing test module '/Users/Ajay17/pytorch2.0_ttnn/tests/autogen_op/swin_t/test_swin_t_aten_mul_Tensor.py'.
Hint: make sure your test modules/packages have valid Python names.
Traceback:
../.pyenv/versions/3.11.10/lib/python3.11/importlib/__init__.py:126: in import_module
    return _bootstrap._gcd_import(name[level:], package, level)
           ^^^^^^^^^^^^^^^^^^^^^^^^^^^^^^^^^^^^^^^^^^^^^^^^^^^^
tests/autogen_op/swin_t/test_swin_t_aten_mul_Tensor.py:8: in <module>
    import ttnn
E   ModuleNotFoundError: No module named 'ttnn'
_ ERROR collecting tests/autogen_op/swin_t/test_swin_t_aten_native_layer_norm_default.py _
ImportError while importing test module '/Users/Ajay17/pytorch2.0_ttnn/tests/autogen_op/swin_t/test_swin_t_aten_native_layer_norm_default.py'.
Hint: make sure your test modules/packages have valid Python names.
Traceback:
../.pyenv/versions/3.11.10/lib/python3.11/importlib/__init__.py:126: in import_module
    return _bootstrap._gcd_import(name[level:], package, level)
           ^^^^^^^^^^^^^^^^^^^^^^^^^^^^^^^^^^^^^^^^^^^^^^^^^^^^
tests/autogen_op/swin_t/test_swin_t_aten_native_layer_norm_default.py:8: in <module>
    import ttnn
E   ModuleNotFoundError: No module named 'ttnn'
____ ERROR collecting tests/autogen_op/swin_t/test_swin_t_aten_ne_Scalar.py ____
ImportError while importing test module '/Users/Ajay17/pytorch2.0_ttnn/tests/autogen_op/swin_t/test_swin_t_aten_ne_Scalar.py'.
Hint: make sure your test modules/packages have valid Python names.
Traceback:
../.pyenv/versions/3.11.10/lib/python3.11/importlib/__init__.py:126: in import_module
    return _bootstrap._gcd_import(name[level:], package, level)
           ^^^^^^^^^^^^^^^^^^^^^^^^^^^^^^^^^^^^^^^^^^^^^^^^^^^^
tests/autogen_op/swin_t/test_swin_t_aten_ne_Scalar.py:8: in <module>
    import ttnn
E   ModuleNotFoundError: No module named 'ttnn'
_ ERROR collecting tests/autogen_op/swin_t/test_swin_t_aten_new_zeros_default.py _
ImportError while importing test module '/Users/Ajay17/pytorch2.0_ttnn/tests/autogen_op/swin_t/test_swin_t_aten_new_zeros_default.py'.
Hint: make sure your test modules/packages have valid Python names.
Traceback:
../.pyenv/versions/3.11.10/lib/python3.11/importlib/__init__.py:126: in import_module
    return _bootstrap._gcd_import(name[level:], package, level)
           ^^^^^^^^^^^^^^^^^^^^^^^^^^^^^^^^^^^^^^^^^^^^^^^^^^^^
tests/autogen_op/swin_t/test_swin_t_aten_new_zeros_default.py:8: in <module>
    import ttnn
E   ModuleNotFoundError: No module named 'ttnn'
_ ERROR collecting tests/autogen_op/swin_t/test_swin_t_aten_permute_default.py _
ImportError while importing test module '/Users/Ajay17/pytorch2.0_ttnn/tests/autogen_op/swin_t/test_swin_t_aten_permute_default.py'.
Hint: make sure your test modules/packages have valid Python names.
Traceback:
../.pyenv/versions/3.11.10/lib/python3.11/importlib/__init__.py:126: in import_module
    return _bootstrap._gcd_import(name[level:], package, level)
           ^^^^^^^^^^^^^^^^^^^^^^^^^^^^^^^^^^^^^^^^^^^^^^^^^^^^
tests/autogen_op/swin_t/test_swin_t_aten_permute_default.py:8: in <module>
    import ttnn
E   ModuleNotFoundError: No module named 'ttnn'
__ ERROR collecting tests/autogen_op/swin_t/test_swin_t_aten_roll_default.py ___
ImportError while importing test module '/Users/Ajay17/pytorch2.0_ttnn/tests/autogen_op/swin_t/test_swin_t_aten_roll_default.py'.
Hint: make sure your test modules/packages have valid Python names.
Traceback:
../.pyenv/versions/3.11.10/lib/python3.11/importlib/__init__.py:126: in import_module
    return _bootstrap._gcd_import(name[level:], package, level)
           ^^^^^^^^^^^^^^^^^^^^^^^^^^^^^^^^^^^^^^^^^^^^^^^^^^^^
tests/autogen_op/swin_t/test_swin_t_aten_roll_default.py:8: in <module>
    import ttnn
E   ModuleNotFoundError: No module named 'ttnn'
___ ERROR collecting tests/autogen_op/swin_t/test_swin_t_aten_select_int.py ____
ImportError while importing test module '/Users/Ajay17/pytorch2.0_ttnn/tests/autogen_op/swin_t/test_swin_t_aten_select_int.py'.
Hint: make sure your test modules/packages have valid Python names.
Traceback:
../.pyenv/versions/3.11.10/lib/python3.11/importlib/__init__.py:126: in import_module
    return _bootstrap._gcd_import(name[level:], package, level)
           ^^^^^^^^^^^^^^^^^^^^^^^^^^^^^^^^^^^^^^^^^^^^^^^^^^^^
tests/autogen_op/swin_t/test_swin_t_aten_select_int.py:8: in <module>
    import ttnn
E   ModuleNotFoundError: No module named 'ttnn'
__ ERROR collecting tests/autogen_op/swin_t/test_swin_t_aten_slice_Tensor.py ___
ImportError while importing test module '/Users/Ajay17/pytorch2.0_ttnn/tests/autogen_op/swin_t/test_swin_t_aten_slice_Tensor.py'.
Hint: make sure your test modules/packages have valid Python names.
Traceback:
../.pyenv/versions/3.11.10/lib/python3.11/importlib/__init__.py:126: in import_module
    return _bootstrap._gcd_import(name[level:], package, level)
           ^^^^^^^^^^^^^^^^^^^^^^^^^^^^^^^^^^^^^^^^^^^^^^^^^^^^
tests/autogen_op/swin_t/test_swin_t_aten_slice_Tensor.py:8: in <module>
    import ttnn
E   ModuleNotFoundError: No module named 'ttnn'
___ ERROR collecting tests/autogen_op/swin_t/test_swin_t_aten_sub_Tensor.py ____
ImportError while importing test module '/Users/Ajay17/pytorch2.0_ttnn/tests/autogen_op/swin_t/test_swin_t_aten_sub_Tensor.py'.
Hint: make sure your test modules/packages have valid Python names.
Traceback:
../.pyenv/versions/3.11.10/lib/python3.11/importlib/__init__.py:126: in import_module
    return _bootstrap._gcd_import(name[level:], package, level)
           ^^^^^^^^^^^^^^^^^^^^^^^^^^^^^^^^^^^^^^^^^^^^^^^^^^^^
tests/autogen_op/swin_t/test_swin_t_aten_sub_Tensor.py:8: in <module>
    import ttnn
E   ModuleNotFoundError: No module named 'ttnn'
____ ERROR collecting tests/autogen_op/swin_t/test_swin_t_aten_t_default.py ____
ImportError while importing test module '/Users/Ajay17/pytorch2.0_ttnn/tests/autogen_op/swin_t/test_swin_t_aten_t_default.py'.
Hint: make sure your test modules/packages have valid Python names.
Traceback:
../.pyenv/versions/3.11.10/lib/python3.11/importlib/__init__.py:126: in import_module
    return _bootstrap._gcd_import(name[level:], package, level)
           ^^^^^^^^^^^^^^^^^^^^^^^^^^^^^^^^^^^^^^^^^^^^^^^^^^^^
tests/autogen_op/swin_t/test_swin_t_aten_t_default.py:8: in <module>
    import ttnn
E   ModuleNotFoundError: No module named 'ttnn'
__ ERROR collecting tests/autogen_op/swin_t/test_swin_t_aten_transpose_int.py __
ImportError while importing test module '/Users/Ajay17/pytorch2.0_ttnn/tests/autogen_op/swin_t/test_swin_t_aten_transpose_int.py'.
Hint: make sure your test modules/packages have valid Python names.
Traceback:
../.pyenv/versions/3.11.10/lib/python3.11/importlib/__init__.py:126: in import_module
    return _bootstrap._gcd_import(name[level:], package, level)
           ^^^^^^^^^^^^^^^^^^^^^^^^^^^^^^^^^^^^^^^^^^^^^^^^^^^^
tests/autogen_op/swin_t/test_swin_t_aten_transpose_int.py:8: in <module>
    import ttnn
E   ModuleNotFoundError: No module named 'ttnn'
_ ERROR collecting tests/autogen_op/swin_t/test_swin_t_aten_unsqueeze_default.py _
ImportError while importing test module '/Users/Ajay17/pytorch2.0_ttnn/tests/autogen_op/swin_t/test_swin_t_aten_unsqueeze_default.py'.
Hint: make sure your test modules/packages have valid Python names.
Traceback:
../.pyenv/versions/3.11.10/lib/python3.11/importlib/__init__.py:126: in import_module
    return _bootstrap._gcd_import(name[level:], package, level)
           ^^^^^^^^^^^^^^^^^^^^^^^^^^^^^^^^^^^^^^^^^^^^^^^^^^^^
tests/autogen_op/swin_t/test_swin_t_aten_unsqueeze_default.py:8: in <module>
    import ttnn
E   ModuleNotFoundError: No module named 'ttnn'
__ ERROR collecting tests/autogen_op/swin_t/test_swin_t_aten_view_default.py ___
ImportError while importing test module '/Users/Ajay17/pytorch2.0_ttnn/tests/autogen_op/swin_t/test_swin_t_aten_view_default.py'.
Hint: make sure your test modules/packages have valid Python names.
Traceback:
../.pyenv/versions/3.11.10/lib/python3.11/importlib/__init__.py:126: in import_module
    return _bootstrap._gcd_import(name[level:], package, level)
           ^^^^^^^^^^^^^^^^^^^^^^^^^^^^^^^^^^^^^^^^^^^^^^^^^^^^
tests/autogen_op/swin_t/test_swin_t_aten_view_default.py:8: in <module>
    import ttnn
E   ModuleNotFoundError: No module named 'ttnn'
_ ERROR collecting tests/autogen_op/swin_v2_b/test_swin_v2_b_aten__softmax_default.py _
ImportError while importing test module '/Users/Ajay17/pytorch2.0_ttnn/tests/autogen_op/swin_v2_b/test_swin_v2_b_aten__softmax_default.py'.
Hint: make sure your test modules/packages have valid Python names.
Traceback:
../.pyenv/versions/3.11.10/lib/python3.11/importlib/__init__.py:126: in import_module
    return _bootstrap._gcd_import(name[level:], package, level)
           ^^^^^^^^^^^^^^^^^^^^^^^^^^^^^^^^^^^^^^^^^^^^^^^^^^^^
tests/autogen_op/swin_v2_b/test_swin_v2_b_aten__softmax_default.py:8: in <module>
    import ttnn
E   ModuleNotFoundError: No module named 'ttnn'
_ ERROR collecting tests/autogen_op/swin_v2_b/test_swin_v2_b_aten__unsafe_view_default.py _
ImportError while importing test module '/Users/Ajay17/pytorch2.0_ttnn/tests/autogen_op/swin_v2_b/test_swin_v2_b_aten__unsafe_view_default.py'.
Hint: make sure your test modules/packages have valid Python names.
Traceback:
../.pyenv/versions/3.11.10/lib/python3.11/importlib/__init__.py:126: in import_module
    return _bootstrap._gcd_import(name[level:], package, level)
           ^^^^^^^^^^^^^^^^^^^^^^^^^^^^^^^^^^^^^^^^^^^^^^^^^^^^
tests/autogen_op/swin_v2_b/test_swin_v2_b_aten__unsafe_view_default.py:8: in <module>
    import ttnn
E   ModuleNotFoundError: No module named 'ttnn'
_ ERROR collecting tests/autogen_op/swin_v2_b/test_swin_v2_b_aten_add_Tensor.py _
ImportError while importing test module '/Users/Ajay17/pytorch2.0_ttnn/tests/autogen_op/swin_v2_b/test_swin_v2_b_aten_add_Tensor.py'.
Hint: make sure your test modules/packages have valid Python names.
Traceback:
../.pyenv/versions/3.11.10/lib/python3.11/importlib/__init__.py:126: in import_module
    return _bootstrap._gcd_import(name[level:], package, level)
           ^^^^^^^^^^^^^^^^^^^^^^^^^^^^^^^^^^^^^^^^^^^^^^^^^^^^
tests/autogen_op/swin_v2_b/test_swin_v2_b_aten_add_Tensor.py:8: in <module>
    import ttnn
E   ModuleNotFoundError: No module named 'ttnn'
_ ERROR collecting tests/autogen_op/swin_v2_b/test_swin_v2_b_aten_addmm_default.py _
ImportError while importing test module '/Users/Ajay17/pytorch2.0_ttnn/tests/autogen_op/swin_v2_b/test_swin_v2_b_aten_addmm_default.py'.
Hint: make sure your test modules/packages have valid Python names.
Traceback:
../.pyenv/versions/3.11.10/lib/python3.11/importlib/__init__.py:126: in import_module
    return _bootstrap._gcd_import(name[level:], package, level)
           ^^^^^^^^^^^^^^^^^^^^^^^^^^^^^^^^^^^^^^^^^^^^^^^^^^^^
tests/autogen_op/swin_v2_b/test_swin_v2_b_aten_addmm_default.py:8: in <module>
    import ttnn
E   ModuleNotFoundError: No module named 'ttnn'
_ ERROR collecting tests/autogen_op/swin_v2_b/test_swin_v2_b_aten_as_strided_default.py _
ImportError while importing test module '/Users/Ajay17/pytorch2.0_ttnn/tests/autogen_op/swin_v2_b/test_swin_v2_b_aten_as_strided_default.py'.
Hint: make sure your test modules/packages have valid Python names.
Traceback:
../.pyenv/versions/3.11.10/lib/python3.11/importlib/__init__.py:126: in import_module
    return _bootstrap._gcd_import(name[level:], package, level)
           ^^^^^^^^^^^^^^^^^^^^^^^^^^^^^^^^^^^^^^^^^^^^^^^^^^^^
tests/autogen_op/swin_v2_b/test_swin_v2_b_aten_as_strided_default.py:8: in <module>
    import ttnn
E   ModuleNotFoundError: No module named 'ttnn'
_ ERROR collecting tests/autogen_op/swin_v2_b/test_swin_v2_b_aten_bmm_default.py _
ImportError while importing test module '/Users/Ajay17/pytorch2.0_ttnn/tests/autogen_op/swin_v2_b/test_swin_v2_b_aten_bmm_default.py'.
Hint: make sure your test modules/packages have valid Python names.
Traceback:
../.pyenv/versions/3.11.10/lib/python3.11/importlib/__init__.py:126: in import_module
    return _bootstrap._gcd_import(name[level:], package, level)
           ^^^^^^^^^^^^^^^^^^^^^^^^^^^^^^^^^^^^^^^^^^^^^^^^^^^^
tests/autogen_op/swin_v2_b/test_swin_v2_b_aten_bmm_default.py:8: in <module>
    import ttnn
E   ModuleNotFoundError: No module named 'ttnn'
_ ERROR collecting tests/autogen_op/swin_v2_b/test_swin_v2_b_aten_cat_default.py _
ImportError while importing test module '/Users/Ajay17/pytorch2.0_ttnn/tests/autogen_op/swin_v2_b/test_swin_v2_b_aten_cat_default.py'.
Hint: make sure your test modules/packages have valid Python names.
Traceback:
../.pyenv/versions/3.11.10/lib/python3.11/importlib/__init__.py:126: in import_module
    return _bootstrap._gcd_import(name[level:], package, level)
           ^^^^^^^^^^^^^^^^^^^^^^^^^^^^^^^^^^^^^^^^^^^^^^^^^^^^
tests/autogen_op/swin_v2_b/test_swin_v2_b_aten_cat_default.py:8: in <module>
    import ttnn
E   ModuleNotFoundError: No module named 'ttnn'
_ ERROR collecting tests/autogen_op/swin_v2_b/test_swin_v2_b_aten_clamp_default.py _
ImportError while importing test module '/Users/Ajay17/pytorch2.0_ttnn/tests/autogen_op/swin_v2_b/test_swin_v2_b_aten_clamp_default.py'.
Hint: make sure your test modules/packages have valid Python names.
Traceback:
../.pyenv/versions/3.11.10/lib/python3.11/importlib/__init__.py:126: in import_module
    return _bootstrap._gcd_import(name[level:], package, level)
           ^^^^^^^^^^^^^^^^^^^^^^^^^^^^^^^^^^^^^^^^^^^^^^^^^^^^
tests/autogen_op/swin_v2_b/test_swin_v2_b_aten_clamp_default.py:8: in <module>
    import ttnn
E   ModuleNotFoundError: No module named 'ttnn'
_ ERROR collecting tests/autogen_op/swin_v2_b/test_swin_v2_b_aten_clamp_min_default.py _
ImportError while importing test module '/Users/Ajay17/pytorch2.0_ttnn/tests/autogen_op/swin_v2_b/test_swin_v2_b_aten_clamp_min_default.py'.
Hint: make sure your test modules/packages have valid Python names.
Traceback:
../.pyenv/versions/3.11.10/lib/python3.11/importlib/__init__.py:126: in import_module
    return _bootstrap._gcd_import(name[level:], package, level)
           ^^^^^^^^^^^^^^^^^^^^^^^^^^^^^^^^^^^^^^^^^^^^^^^^^^^^
tests/autogen_op/swin_v2_b/test_swin_v2_b_aten_clamp_min_default.py:8: in <module>
    import ttnn
E   ModuleNotFoundError: No module named 'ttnn'
_ ERROR collecting tests/autogen_op/swin_v2_b/test_swin_v2_b_aten_clone_default.py _
ImportError while importing test module '/Users/Ajay17/pytorch2.0_ttnn/tests/autogen_op/swin_v2_b/test_swin_v2_b_aten_clone_default.py'.
Hint: make sure your test modules/packages have valid Python names.
Traceback:
../.pyenv/versions/3.11.10/lib/python3.11/importlib/__init__.py:126: in import_module
    return _bootstrap._gcd_import(name[level:], package, level)
           ^^^^^^^^^^^^^^^^^^^^^^^^^^^^^^^^^^^^^^^^^^^^^^^^^^^^
tests/autogen_op/swin_v2_b/test_swin_v2_b_aten_clone_default.py:8: in <module>
    import ttnn
E   ModuleNotFoundError: No module named 'ttnn'
_ ERROR collecting tests/autogen_op/swin_v2_b/test_swin_v2_b_aten_constant_pad_nd_default.py _
ImportError while importing test module '/Users/Ajay17/pytorch2.0_ttnn/tests/autogen_op/swin_v2_b/test_swin_v2_b_aten_constant_pad_nd_default.py'.
Hint: make sure your test modules/packages have valid Python names.
Traceback:
../.pyenv/versions/3.11.10/lib/python3.11/importlib/__init__.py:126: in import_module
    return _bootstrap._gcd_import(name[level:], package, level)
           ^^^^^^^^^^^^^^^^^^^^^^^^^^^^^^^^^^^^^^^^^^^^^^^^^^^^
tests/autogen_op/swin_v2_b/test_swin_v2_b_aten_constant_pad_nd_default.py:8: in <module>
    import ttnn
E   ModuleNotFoundError: No module named 'ttnn'
_ ERROR collecting tests/autogen_op/swin_v2_b/test_swin_v2_b_aten_convolution_default.py _
ImportError while importing test module '/Users/Ajay17/pytorch2.0_ttnn/tests/autogen_op/swin_v2_b/test_swin_v2_b_aten_convolution_default.py'.
Hint: make sure your test modules/packages have valid Python names.
Traceback:
../.pyenv/versions/3.11.10/lib/python3.11/importlib/__init__.py:126: in import_module
    return _bootstrap._gcd_import(name[level:], package, level)
           ^^^^^^^^^^^^^^^^^^^^^^^^^^^^^^^^^^^^^^^^^^^^^^^^^^^^
tests/autogen_op/swin_v2_b/test_swin_v2_b_aten_convolution_default.py:8: in <module>
    import ttnn
E   ModuleNotFoundError: No module named 'ttnn'
_ ERROR collecting tests/autogen_op/swin_v2_b/test_swin_v2_b_aten_div_Tensor.py _
ImportError while importing test module '/Users/Ajay17/pytorch2.0_ttnn/tests/autogen_op/swin_v2_b/test_swin_v2_b_aten_div_Tensor.py'.
Hint: make sure your test modules/packages have valid Python names.
Traceback:
../.pyenv/versions/3.11.10/lib/python3.11/importlib/__init__.py:126: in import_module
    return _bootstrap._gcd_import(name[level:], package, level)
           ^^^^^^^^^^^^^^^^^^^^^^^^^^^^^^^^^^^^^^^^^^^^^^^^^^^^
tests/autogen_op/swin_v2_b/test_swin_v2_b_aten_div_Tensor.py:8: in <module>
    import ttnn
E   ModuleNotFoundError: No module named 'ttnn'
_ ERROR collecting tests/autogen_op/swin_v2_b/test_swin_v2_b_aten_eq_Scalar.py _
ImportError while importing test module '/Users/Ajay17/pytorch2.0_ttnn/tests/autogen_op/swin_v2_b/test_swin_v2_b_aten_eq_Scalar.py'.
Hint: make sure your test modules/packages have valid Python names.
Traceback:
../.pyenv/versions/3.11.10/lib/python3.11/importlib/__init__.py:126: in import_module
    return _bootstrap._gcd_import(name[level:], package, level)
           ^^^^^^^^^^^^^^^^^^^^^^^^^^^^^^^^^^^^^^^^^^^^^^^^^^^^
tests/autogen_op/swin_v2_b/test_swin_v2_b_aten_eq_Scalar.py:8: in <module>
    import ttnn
E   ModuleNotFoundError: No module named 'ttnn'
_ ERROR collecting tests/autogen_op/swin_v2_b/test_swin_v2_b_aten_exp_default.py _
ImportError while importing test module '/Users/Ajay17/pytorch2.0_ttnn/tests/autogen_op/swin_v2_b/test_swin_v2_b_aten_exp_default.py'.
Hint: make sure your test modules/packages have valid Python names.
Traceback:
../.pyenv/versions/3.11.10/lib/python3.11/importlib/__init__.py:126: in import_module
    return _bootstrap._gcd_import(name[level:], package, level)
           ^^^^^^^^^^^^^^^^^^^^^^^^^^^^^^^^^^^^^^^^^^^^^^^^^^^^
tests/autogen_op/swin_v2_b/test_swin_v2_b_aten_exp_default.py:8: in <module>
    import ttnn
E   ModuleNotFoundError: No module named 'ttnn'
_ ERROR collecting tests/autogen_op/swin_v2_b/test_swin_v2_b_aten_expand_default.py _
ImportError while importing test module '/Users/Ajay17/pytorch2.0_ttnn/tests/autogen_op/swin_v2_b/test_swin_v2_b_aten_expand_default.py'.
Hint: make sure your test modules/packages have valid Python names.
Traceback:
../.pyenv/versions/3.11.10/lib/python3.11/importlib/__init__.py:126: in import_module
    return _bootstrap._gcd_import(name[level:], package, level)
           ^^^^^^^^^^^^^^^^^^^^^^^^^^^^^^^^^^^^^^^^^^^^^^^^^^^^
tests/autogen_op/swin_v2_b/test_swin_v2_b_aten_expand_default.py:8: in <module>
    import ttnn
E   ModuleNotFoundError: No module named 'ttnn'
_ ERROR collecting tests/autogen_op/swin_v2_b/test_swin_v2_b_aten_gelu_default.py _
ImportError while importing test module '/Users/Ajay17/pytorch2.0_ttnn/tests/autogen_op/swin_v2_b/test_swin_v2_b_aten_gelu_default.py'.
Hint: make sure your test modules/packages have valid Python names.
Traceback:
../.pyenv/versions/3.11.10/lib/python3.11/importlib/__init__.py:126: in import_module
    return _bootstrap._gcd_import(name[level:], package, level)
           ^^^^^^^^^^^^^^^^^^^^^^^^^^^^^^^^^^^^^^^^^^^^^^^^^^^^
tests/autogen_op/swin_v2_b/test_swin_v2_b_aten_gelu_default.py:8: in <module>
    import ttnn
E   ModuleNotFoundError: No module named 'ttnn'
_ ERROR collecting tests/autogen_op/swin_v2_b/test_swin_v2_b_aten_index_Tensor.py _
ImportError while importing test module '/Users/Ajay17/pytorch2.0_ttnn/tests/autogen_op/swin_v2_b/test_swin_v2_b_aten_index_Tensor.py'.
Hint: make sure your test modules/packages have valid Python names.
Traceback:
../.pyenv/versions/3.11.10/lib/python3.11/importlib/__init__.py:126: in import_module
    return _bootstrap._gcd_import(name[level:], package, level)
           ^^^^^^^^^^^^^^^^^^^^^^^^^^^^^^^^^^^^^^^^^^^^^^^^^^^^
tests/autogen_op/swin_v2_b/test_swin_v2_b_aten_index_Tensor.py:8: in <module>
    import ttnn
E   ModuleNotFoundError: No module named 'ttnn'
_ ERROR collecting tests/autogen_op/swin_v2_b/test_swin_v2_b_aten_linalg_vector_norm_default.py _
ImportError while importing test module '/Users/Ajay17/pytorch2.0_ttnn/tests/autogen_op/swin_v2_b/test_swin_v2_b_aten_linalg_vector_norm_default.py'.
Hint: make sure your test modules/packages have valid Python names.
Traceback:
../.pyenv/versions/3.11.10/lib/python3.11/importlib/__init__.py:126: in import_module
    return _bootstrap._gcd_import(name[level:], package, level)
           ^^^^^^^^^^^^^^^^^^^^^^^^^^^^^^^^^^^^^^^^^^^^^^^^^^^^
tests/autogen_op/swin_v2_b/test_swin_v2_b_aten_linalg_vector_norm_default.py:8: in <module>
    import ttnn
E   ModuleNotFoundError: No module named 'ttnn'
_ ERROR collecting tests/autogen_op/swin_v2_b/test_swin_v2_b_aten_masked_fill_Scalar.py _
ImportError while importing test module '/Users/Ajay17/pytorch2.0_ttnn/tests/autogen_op/swin_v2_b/test_swin_v2_b_aten_masked_fill_Scalar.py'.
Hint: make sure your test modules/packages have valid Python names.
Traceback:
../.pyenv/versions/3.11.10/lib/python3.11/importlib/__init__.py:126: in import_module
    return _bootstrap._gcd_import(name[level:], package, level)
           ^^^^^^^^^^^^^^^^^^^^^^^^^^^^^^^^^^^^^^^^^^^^^^^^^^^^
tests/autogen_op/swin_v2_b/test_swin_v2_b_aten_masked_fill_Scalar.py:8: in <module>
    import ttnn
E   ModuleNotFoundError: No module named 'ttnn'
_ ERROR collecting tests/autogen_op/swin_v2_b/test_swin_v2_b_aten_mean_dim.py __
ImportError while importing test module '/Users/Ajay17/pytorch2.0_ttnn/tests/autogen_op/swin_v2_b/test_swin_v2_b_aten_mean_dim.py'.
Hint: make sure your test modules/packages have valid Python names.
Traceback:
../.pyenv/versions/3.11.10/lib/python3.11/importlib/__init__.py:126: in import_module
    return _bootstrap._gcd_import(name[level:], package, level)
           ^^^^^^^^^^^^^^^^^^^^^^^^^^^^^^^^^^^^^^^^^^^^^^^^^^^^
tests/autogen_op/swin_v2_b/test_swin_v2_b_aten_mean_dim.py:8: in <module>
    import ttnn
E   ModuleNotFoundError: No module named 'ttnn'
_ ERROR collecting tests/autogen_op/swin_v2_b/test_swin_v2_b_aten_mm_default.py _
ImportError while importing test module '/Users/Ajay17/pytorch2.0_ttnn/tests/autogen_op/swin_v2_b/test_swin_v2_b_aten_mm_default.py'.
Hint: make sure your test modules/packages have valid Python names.
Traceback:
../.pyenv/versions/3.11.10/lib/python3.11/importlib/__init__.py:126: in import_module
    return _bootstrap._gcd_import(name[level:], package, level)
           ^^^^^^^^^^^^^^^^^^^^^^^^^^^^^^^^^^^^^^^^^^^^^^^^^^^^
tests/autogen_op/swin_v2_b/test_swin_v2_b_aten_mm_default.py:8: in <module>
    import ttnn
E   ModuleNotFoundError: No module named 'ttnn'
_ ERROR collecting tests/autogen_op/swin_v2_b/test_swin_v2_b_aten_mul_Tensor.py _
ImportError while importing test module '/Users/Ajay17/pytorch2.0_ttnn/tests/autogen_op/swin_v2_b/test_swin_v2_b_aten_mul_Tensor.py'.
Hint: make sure your test modules/packages have valid Python names.
Traceback:
../.pyenv/versions/3.11.10/lib/python3.11/importlib/__init__.py:126: in import_module
    return _bootstrap._gcd_import(name[level:], package, level)
           ^^^^^^^^^^^^^^^^^^^^^^^^^^^^^^^^^^^^^^^^^^^^^^^^^^^^
tests/autogen_op/swin_v2_b/test_swin_v2_b_aten_mul_Tensor.py:8: in <module>
    import ttnn
E   ModuleNotFoundError: No module named 'ttnn'
_ ERROR collecting tests/autogen_op/swin_v2_b/test_swin_v2_b_aten_native_layer_norm_default.py _
ImportError while importing test module '/Users/Ajay17/pytorch2.0_ttnn/tests/autogen_op/swin_v2_b/test_swin_v2_b_aten_native_layer_norm_default.py'.
Hint: make sure your test modules/packages have valid Python names.
Traceback:
../.pyenv/versions/3.11.10/lib/python3.11/importlib/__init__.py:126: in import_module
    return _bootstrap._gcd_import(name[level:], package, level)
           ^^^^^^^^^^^^^^^^^^^^^^^^^^^^^^^^^^^^^^^^^^^^^^^^^^^^
tests/autogen_op/swin_v2_b/test_swin_v2_b_aten_native_layer_norm_default.py:8: in <module>
    import ttnn
E   ModuleNotFoundError: No module named 'ttnn'
_ ERROR collecting tests/autogen_op/swin_v2_b/test_swin_v2_b_aten_ne_Scalar.py _
ImportError while importing test module '/Users/Ajay17/pytorch2.0_ttnn/tests/autogen_op/swin_v2_b/test_swin_v2_b_aten_ne_Scalar.py'.
Hint: make sure your test modules/packages have valid Python names.
Traceback:
../.pyenv/versions/3.11.10/lib/python3.11/importlib/__init__.py:126: in import_module
    return _bootstrap._gcd_import(name[level:], package, level)
           ^^^^^^^^^^^^^^^^^^^^^^^^^^^^^^^^^^^^^^^^^^^^^^^^^^^^
tests/autogen_op/swin_v2_b/test_swin_v2_b_aten_ne_Scalar.py:8: in <module>
    import ttnn
E   ModuleNotFoundError: No module named 'ttnn'
_ ERROR collecting tests/autogen_op/swin_v2_b/test_swin_v2_b_aten_new_zeros_default.py _
ImportError while importing test module '/Users/Ajay17/pytorch2.0_ttnn/tests/autogen_op/swin_v2_b/test_swin_v2_b_aten_new_zeros_default.py'.
Hint: make sure your test modules/packages have valid Python names.
Traceback:
../.pyenv/versions/3.11.10/lib/python3.11/importlib/__init__.py:126: in import_module
    return _bootstrap._gcd_import(name[level:], package, level)
           ^^^^^^^^^^^^^^^^^^^^^^^^^^^^^^^^^^^^^^^^^^^^^^^^^^^^
tests/autogen_op/swin_v2_b/test_swin_v2_b_aten_new_zeros_default.py:8: in <module>
    import ttnn
E   ModuleNotFoundError: No module named 'ttnn'
_ ERROR collecting tests/autogen_op/swin_v2_b/test_swin_v2_b_aten_permute_default.py _
ImportError while importing test module '/Users/Ajay17/pytorch2.0_ttnn/tests/autogen_op/swin_v2_b/test_swin_v2_b_aten_permute_default.py'.
Hint: make sure your test modules/packages have valid Python names.
Traceback:
../.pyenv/versions/3.11.10/lib/python3.11/importlib/__init__.py:126: in import_module
    return _bootstrap._gcd_import(name[level:], package, level)
           ^^^^^^^^^^^^^^^^^^^^^^^^^^^^^^^^^^^^^^^^^^^^^^^^^^^^
tests/autogen_op/swin_v2_b/test_swin_v2_b_aten_permute_default.py:8: in <module>
    import ttnn
E   ModuleNotFoundError: No module named 'ttnn'
_ ERROR collecting tests/autogen_op/swin_v2_b/test_swin_v2_b_aten_relu_default.py _
ImportError while importing test module '/Users/Ajay17/pytorch2.0_ttnn/tests/autogen_op/swin_v2_b/test_swin_v2_b_aten_relu_default.py'.
Hint: make sure your test modules/packages have valid Python names.
Traceback:
../.pyenv/versions/3.11.10/lib/python3.11/importlib/__init__.py:126: in import_module
    return _bootstrap._gcd_import(name[level:], package, level)
           ^^^^^^^^^^^^^^^^^^^^^^^^^^^^^^^^^^^^^^^^^^^^^^^^^^^^
tests/autogen_op/swin_v2_b/test_swin_v2_b_aten_relu_default.py:8: in <module>
    import ttnn
E   ModuleNotFoundError: No module named 'ttnn'
_ ERROR collecting tests/autogen_op/swin_v2_b/test_swin_v2_b_aten_roll_default.py _
ImportError while importing test module '/Users/Ajay17/pytorch2.0_ttnn/tests/autogen_op/swin_v2_b/test_swin_v2_b_aten_roll_default.py'.
Hint: make sure your test modules/packages have valid Python names.
Traceback:
../.pyenv/versions/3.11.10/lib/python3.11/importlib/__init__.py:126: in import_module
    return _bootstrap._gcd_import(name[level:], package, level)
           ^^^^^^^^^^^^^^^^^^^^^^^^^^^^^^^^^^^^^^^^^^^^^^^^^^^^
tests/autogen_op/swin_v2_b/test_swin_v2_b_aten_roll_default.py:8: in <module>
    import ttnn
E   ModuleNotFoundError: No module named 'ttnn'
_ ERROR collecting tests/autogen_op/swin_v2_b/test_swin_v2_b_aten_select_int.py _
ImportError while importing test module '/Users/Ajay17/pytorch2.0_ttnn/tests/autogen_op/swin_v2_b/test_swin_v2_b_aten_select_int.py'.
Hint: make sure your test modules/packages have valid Python names.
Traceback:
../.pyenv/versions/3.11.10/lib/python3.11/importlib/__init__.py:126: in import_module
    return _bootstrap._gcd_import(name[level:], package, level)
           ^^^^^^^^^^^^^^^^^^^^^^^^^^^^^^^^^^^^^^^^^^^^^^^^^^^^
tests/autogen_op/swin_v2_b/test_swin_v2_b_aten_select_int.py:8: in <module>
    import ttnn
E   ModuleNotFoundError: No module named 'ttnn'
_ ERROR collecting tests/autogen_op/swin_v2_b/test_swin_v2_b_aten_sigmoid_default.py _
ImportError while importing test module '/Users/Ajay17/pytorch2.0_ttnn/tests/autogen_op/swin_v2_b/test_swin_v2_b_aten_sigmoid_default.py'.
Hint: make sure your test modules/packages have valid Python names.
Traceback:
../.pyenv/versions/3.11.10/lib/python3.11/importlib/__init__.py:126: in import_module
    return _bootstrap._gcd_import(name[level:], package, level)
           ^^^^^^^^^^^^^^^^^^^^^^^^^^^^^^^^^^^^^^^^^^^^^^^^^^^^
tests/autogen_op/swin_v2_b/test_swin_v2_b_aten_sigmoid_default.py:8: in <module>
    import ttnn
E   ModuleNotFoundError: No module named 'ttnn'
_ ERROR collecting tests/autogen_op/swin_v2_b/test_swin_v2_b_aten_slice_Tensor.py _
ImportError while importing test module '/Users/Ajay17/pytorch2.0_ttnn/tests/autogen_op/swin_v2_b/test_swin_v2_b_aten_slice_Tensor.py'.
Hint: make sure your test modules/packages have valid Python names.
Traceback:
../.pyenv/versions/3.11.10/lib/python3.11/importlib/__init__.py:126: in import_module
    return _bootstrap._gcd_import(name[level:], package, level)
           ^^^^^^^^^^^^^^^^^^^^^^^^^^^^^^^^^^^^^^^^^^^^^^^^^^^^
tests/autogen_op/swin_v2_b/test_swin_v2_b_aten_slice_Tensor.py:8: in <module>
    import ttnn
E   ModuleNotFoundError: No module named 'ttnn'
_ ERROR collecting tests/autogen_op/swin_v2_b/test_swin_v2_b_aten_sub_Tensor.py _
ImportError while importing test module '/Users/Ajay17/pytorch2.0_ttnn/tests/autogen_op/swin_v2_b/test_swin_v2_b_aten_sub_Tensor.py'.
Hint: make sure your test modules/packages have valid Python names.
Traceback:
../.pyenv/versions/3.11.10/lib/python3.11/importlib/__init__.py:126: in import_module
    return _bootstrap._gcd_import(name[level:], package, level)
           ^^^^^^^^^^^^^^^^^^^^^^^^^^^^^^^^^^^^^^^^^^^^^^^^^^^^
tests/autogen_op/swin_v2_b/test_swin_v2_b_aten_sub_Tensor.py:8: in <module>
    import ttnn
E   ModuleNotFoundError: No module named 'ttnn'
_ ERROR collecting tests/autogen_op/swin_v2_b/test_swin_v2_b_aten_t_default.py _
ImportError while importing test module '/Users/Ajay17/pytorch2.0_ttnn/tests/autogen_op/swin_v2_b/test_swin_v2_b_aten_t_default.py'.
Hint: make sure your test modules/packages have valid Python names.
Traceback:
../.pyenv/versions/3.11.10/lib/python3.11/importlib/__init__.py:126: in import_module
    return _bootstrap._gcd_import(name[level:], package, level)
           ^^^^^^^^^^^^^^^^^^^^^^^^^^^^^^^^^^^^^^^^^^^^^^^^^^^^
tests/autogen_op/swin_v2_b/test_swin_v2_b_aten_t_default.py:8: in <module>
    import ttnn
E   ModuleNotFoundError: No module named 'ttnn'
_ ERROR collecting tests/autogen_op/swin_v2_b/test_swin_v2_b_aten_transpose_int.py _
ImportError while importing test module '/Users/Ajay17/pytorch2.0_ttnn/tests/autogen_op/swin_v2_b/test_swin_v2_b_aten_transpose_int.py'.
Hint: make sure your test modules/packages have valid Python names.
Traceback:
../.pyenv/versions/3.11.10/lib/python3.11/importlib/__init__.py:126: in import_module
    return _bootstrap._gcd_import(name[level:], package, level)
           ^^^^^^^^^^^^^^^^^^^^^^^^^^^^^^^^^^^^^^^^^^^^^^^^^^^^
tests/autogen_op/swin_v2_b/test_swin_v2_b_aten_transpose_int.py:8: in <module>
    import ttnn
E   ModuleNotFoundError: No module named 'ttnn'
_ ERROR collecting tests/autogen_op/swin_v2_b/test_swin_v2_b_aten_unsqueeze_default.py _
ImportError while importing test module '/Users/Ajay17/pytorch2.0_ttnn/tests/autogen_op/swin_v2_b/test_swin_v2_b_aten_unsqueeze_default.py'.
Hint: make sure your test modules/packages have valid Python names.
Traceback:
../.pyenv/versions/3.11.10/lib/python3.11/importlib/__init__.py:126: in import_module
    return _bootstrap._gcd_import(name[level:], package, level)
           ^^^^^^^^^^^^^^^^^^^^^^^^^^^^^^^^^^^^^^^^^^^^^^^^^^^^
tests/autogen_op/swin_v2_b/test_swin_v2_b_aten_unsqueeze_default.py:8: in <module>
    import ttnn
E   ModuleNotFoundError: No module named 'ttnn'
_ ERROR collecting tests/autogen_op/swin_v2_b/test_swin_v2_b_aten_view_default.py _
ImportError while importing test module '/Users/Ajay17/pytorch2.0_ttnn/tests/autogen_op/swin_v2_b/test_swin_v2_b_aten_view_default.py'.
Hint: make sure your test modules/packages have valid Python names.
Traceback:
../.pyenv/versions/3.11.10/lib/python3.11/importlib/__init__.py:126: in import_module
    return _bootstrap._gcd_import(name[level:], package, level)
           ^^^^^^^^^^^^^^^^^^^^^^^^^^^^^^^^^^^^^^^^^^^^^^^^^^^^
tests/autogen_op/swin_v2_b/test_swin_v2_b_aten_view_default.py:8: in <module>
    import ttnn
E   ModuleNotFoundError: No module named 'ttnn'
_ ERROR collecting tests/autogen_op/swin_v2_s/test_swin_v2_s_aten__softmax_default.py _
ImportError while importing test module '/Users/Ajay17/pytorch2.0_ttnn/tests/autogen_op/swin_v2_s/test_swin_v2_s_aten__softmax_default.py'.
Hint: make sure your test modules/packages have valid Python names.
Traceback:
../.pyenv/versions/3.11.10/lib/python3.11/importlib/__init__.py:126: in import_module
    return _bootstrap._gcd_import(name[level:], package, level)
           ^^^^^^^^^^^^^^^^^^^^^^^^^^^^^^^^^^^^^^^^^^^^^^^^^^^^
tests/autogen_op/swin_v2_s/test_swin_v2_s_aten__softmax_default.py:8: in <module>
    import ttnn
E   ModuleNotFoundError: No module named 'ttnn'
_ ERROR collecting tests/autogen_op/swin_v2_s/test_swin_v2_s_aten__unsafe_view_default.py _
ImportError while importing test module '/Users/Ajay17/pytorch2.0_ttnn/tests/autogen_op/swin_v2_s/test_swin_v2_s_aten__unsafe_view_default.py'.
Hint: make sure your test modules/packages have valid Python names.
Traceback:
../.pyenv/versions/3.11.10/lib/python3.11/importlib/__init__.py:126: in import_module
    return _bootstrap._gcd_import(name[level:], package, level)
           ^^^^^^^^^^^^^^^^^^^^^^^^^^^^^^^^^^^^^^^^^^^^^^^^^^^^
tests/autogen_op/swin_v2_s/test_swin_v2_s_aten__unsafe_view_default.py:8: in <module>
    import ttnn
E   ModuleNotFoundError: No module named 'ttnn'
_ ERROR collecting tests/autogen_op/swin_v2_s/test_swin_v2_s_aten_add_Tensor.py _
ImportError while importing test module '/Users/Ajay17/pytorch2.0_ttnn/tests/autogen_op/swin_v2_s/test_swin_v2_s_aten_add_Tensor.py'.
Hint: make sure your test modules/packages have valid Python names.
Traceback:
../.pyenv/versions/3.11.10/lib/python3.11/importlib/__init__.py:126: in import_module
    return _bootstrap._gcd_import(name[level:], package, level)
           ^^^^^^^^^^^^^^^^^^^^^^^^^^^^^^^^^^^^^^^^^^^^^^^^^^^^
tests/autogen_op/swin_v2_s/test_swin_v2_s_aten_add_Tensor.py:8: in <module>
    import ttnn
E   ModuleNotFoundError: No module named 'ttnn'
_ ERROR collecting tests/autogen_op/swin_v2_s/test_swin_v2_s_aten_addmm_default.py _
ImportError while importing test module '/Users/Ajay17/pytorch2.0_ttnn/tests/autogen_op/swin_v2_s/test_swin_v2_s_aten_addmm_default.py'.
Hint: make sure your test modules/packages have valid Python names.
Traceback:
../.pyenv/versions/3.11.10/lib/python3.11/importlib/__init__.py:126: in import_module
    return _bootstrap._gcd_import(name[level:], package, level)
           ^^^^^^^^^^^^^^^^^^^^^^^^^^^^^^^^^^^^^^^^^^^^^^^^^^^^
tests/autogen_op/swin_v2_s/test_swin_v2_s_aten_addmm_default.py:8: in <module>
    import ttnn
E   ModuleNotFoundError: No module named 'ttnn'
_ ERROR collecting tests/autogen_op/swin_v2_s/test_swin_v2_s_aten_as_strided_default.py _
ImportError while importing test module '/Users/Ajay17/pytorch2.0_ttnn/tests/autogen_op/swin_v2_s/test_swin_v2_s_aten_as_strided_default.py'.
Hint: make sure your test modules/packages have valid Python names.
Traceback:
../.pyenv/versions/3.11.10/lib/python3.11/importlib/__init__.py:126: in import_module
    return _bootstrap._gcd_import(name[level:], package, level)
           ^^^^^^^^^^^^^^^^^^^^^^^^^^^^^^^^^^^^^^^^^^^^^^^^^^^^
tests/autogen_op/swin_v2_s/test_swin_v2_s_aten_as_strided_default.py:8: in <module>
    import ttnn
E   ModuleNotFoundError: No module named 'ttnn'
_ ERROR collecting tests/autogen_op/swin_v2_s/test_swin_v2_s_aten_bmm_default.py _
ImportError while importing test module '/Users/Ajay17/pytorch2.0_ttnn/tests/autogen_op/swin_v2_s/test_swin_v2_s_aten_bmm_default.py'.
Hint: make sure your test modules/packages have valid Python names.
Traceback:
../.pyenv/versions/3.11.10/lib/python3.11/importlib/__init__.py:126: in import_module
    return _bootstrap._gcd_import(name[level:], package, level)
           ^^^^^^^^^^^^^^^^^^^^^^^^^^^^^^^^^^^^^^^^^^^^^^^^^^^^
tests/autogen_op/swin_v2_s/test_swin_v2_s_aten_bmm_default.py:8: in <module>
    import ttnn
E   ModuleNotFoundError: No module named 'ttnn'
_ ERROR collecting tests/autogen_op/swin_v2_s/test_swin_v2_s_aten_cat_default.py _
ImportError while importing test module '/Users/Ajay17/pytorch2.0_ttnn/tests/autogen_op/swin_v2_s/test_swin_v2_s_aten_cat_default.py'.
Hint: make sure your test modules/packages have valid Python names.
Traceback:
../.pyenv/versions/3.11.10/lib/python3.11/importlib/__init__.py:126: in import_module
    return _bootstrap._gcd_import(name[level:], package, level)
           ^^^^^^^^^^^^^^^^^^^^^^^^^^^^^^^^^^^^^^^^^^^^^^^^^^^^
tests/autogen_op/swin_v2_s/test_swin_v2_s_aten_cat_default.py:8: in <module>
    import ttnn
E   ModuleNotFoundError: No module named 'ttnn'
_ ERROR collecting tests/autogen_op/swin_v2_s/test_swin_v2_s_aten_clamp_default.py _
ImportError while importing test module '/Users/Ajay17/pytorch2.0_ttnn/tests/autogen_op/swin_v2_s/test_swin_v2_s_aten_clamp_default.py'.
Hint: make sure your test modules/packages have valid Python names.
Traceback:
../.pyenv/versions/3.11.10/lib/python3.11/importlib/__init__.py:126: in import_module
    return _bootstrap._gcd_import(name[level:], package, level)
           ^^^^^^^^^^^^^^^^^^^^^^^^^^^^^^^^^^^^^^^^^^^^^^^^^^^^
tests/autogen_op/swin_v2_s/test_swin_v2_s_aten_clamp_default.py:8: in <module>
    import ttnn
E   ModuleNotFoundError: No module named 'ttnn'
_ ERROR collecting tests/autogen_op/swin_v2_s/test_swin_v2_s_aten_clamp_min_default.py _
ImportError while importing test module '/Users/Ajay17/pytorch2.0_ttnn/tests/autogen_op/swin_v2_s/test_swin_v2_s_aten_clamp_min_default.py'.
Hint: make sure your test modules/packages have valid Python names.
Traceback:
../.pyenv/versions/3.11.10/lib/python3.11/importlib/__init__.py:126: in import_module
    return _bootstrap._gcd_import(name[level:], package, level)
           ^^^^^^^^^^^^^^^^^^^^^^^^^^^^^^^^^^^^^^^^^^^^^^^^^^^^
tests/autogen_op/swin_v2_s/test_swin_v2_s_aten_clamp_min_default.py:8: in <module>
    import ttnn
E   ModuleNotFoundError: No module named 'ttnn'
_ ERROR collecting tests/autogen_op/swin_v2_s/test_swin_v2_s_aten_clone_default.py _
ImportError while importing test module '/Users/Ajay17/pytorch2.0_ttnn/tests/autogen_op/swin_v2_s/test_swin_v2_s_aten_clone_default.py'.
Hint: make sure your test modules/packages have valid Python names.
Traceback:
../.pyenv/versions/3.11.10/lib/python3.11/importlib/__init__.py:126: in import_module
    return _bootstrap._gcd_import(name[level:], package, level)
           ^^^^^^^^^^^^^^^^^^^^^^^^^^^^^^^^^^^^^^^^^^^^^^^^^^^^
tests/autogen_op/swin_v2_s/test_swin_v2_s_aten_clone_default.py:8: in <module>
    import ttnn
E   ModuleNotFoundError: No module named 'ttnn'
_ ERROR collecting tests/autogen_op/swin_v2_s/test_swin_v2_s_aten_constant_pad_nd_default.py _
ImportError while importing test module '/Users/Ajay17/pytorch2.0_ttnn/tests/autogen_op/swin_v2_s/test_swin_v2_s_aten_constant_pad_nd_default.py'.
Hint: make sure your test modules/packages have valid Python names.
Traceback:
../.pyenv/versions/3.11.10/lib/python3.11/importlib/__init__.py:126: in import_module
    return _bootstrap._gcd_import(name[level:], package, level)
           ^^^^^^^^^^^^^^^^^^^^^^^^^^^^^^^^^^^^^^^^^^^^^^^^^^^^
tests/autogen_op/swin_v2_s/test_swin_v2_s_aten_constant_pad_nd_default.py:8: in <module>
    import ttnn
E   ModuleNotFoundError: No module named 'ttnn'
_ ERROR collecting tests/autogen_op/swin_v2_s/test_swin_v2_s_aten_convolution_default.py _
ImportError while importing test module '/Users/Ajay17/pytorch2.0_ttnn/tests/autogen_op/swin_v2_s/test_swin_v2_s_aten_convolution_default.py'.
Hint: make sure your test modules/packages have valid Python names.
Traceback:
../.pyenv/versions/3.11.10/lib/python3.11/importlib/__init__.py:126: in import_module
    return _bootstrap._gcd_import(name[level:], package, level)
           ^^^^^^^^^^^^^^^^^^^^^^^^^^^^^^^^^^^^^^^^^^^^^^^^^^^^
tests/autogen_op/swin_v2_s/test_swin_v2_s_aten_convolution_default.py:8: in <module>
    import ttnn
E   ModuleNotFoundError: No module named 'ttnn'
_ ERROR collecting tests/autogen_op/swin_v2_s/test_swin_v2_s_aten_div_Tensor.py _
ImportError while importing test module '/Users/Ajay17/pytorch2.0_ttnn/tests/autogen_op/swin_v2_s/test_swin_v2_s_aten_div_Tensor.py'.
Hint: make sure your test modules/packages have valid Python names.
Traceback:
../.pyenv/versions/3.11.10/lib/python3.11/importlib/__init__.py:126: in import_module
    return _bootstrap._gcd_import(name[level:], package, level)
           ^^^^^^^^^^^^^^^^^^^^^^^^^^^^^^^^^^^^^^^^^^^^^^^^^^^^
tests/autogen_op/swin_v2_s/test_swin_v2_s_aten_div_Tensor.py:8: in <module>
    import ttnn
E   ModuleNotFoundError: No module named 'ttnn'
_ ERROR collecting tests/autogen_op/swin_v2_s/test_swin_v2_s_aten_eq_Scalar.py _
ImportError while importing test module '/Users/Ajay17/pytorch2.0_ttnn/tests/autogen_op/swin_v2_s/test_swin_v2_s_aten_eq_Scalar.py'.
Hint: make sure your test modules/packages have valid Python names.
Traceback:
../.pyenv/versions/3.11.10/lib/python3.11/importlib/__init__.py:126: in import_module
    return _bootstrap._gcd_import(name[level:], package, level)
           ^^^^^^^^^^^^^^^^^^^^^^^^^^^^^^^^^^^^^^^^^^^^^^^^^^^^
tests/autogen_op/swin_v2_s/test_swin_v2_s_aten_eq_Scalar.py:8: in <module>
    import ttnn
E   ModuleNotFoundError: No module named 'ttnn'
_ ERROR collecting tests/autogen_op/swin_v2_s/test_swin_v2_s_aten_exp_default.py _
ImportError while importing test module '/Users/Ajay17/pytorch2.0_ttnn/tests/autogen_op/swin_v2_s/test_swin_v2_s_aten_exp_default.py'.
Hint: make sure your test modules/packages have valid Python names.
Traceback:
../.pyenv/versions/3.11.10/lib/python3.11/importlib/__init__.py:126: in import_module
    return _bootstrap._gcd_import(name[level:], package, level)
           ^^^^^^^^^^^^^^^^^^^^^^^^^^^^^^^^^^^^^^^^^^^^^^^^^^^^
tests/autogen_op/swin_v2_s/test_swin_v2_s_aten_exp_default.py:8: in <module>
    import ttnn
E   ModuleNotFoundError: No module named 'ttnn'
_ ERROR collecting tests/autogen_op/swin_v2_s/test_swin_v2_s_aten_expand_default.py _
ImportError while importing test module '/Users/Ajay17/pytorch2.0_ttnn/tests/autogen_op/swin_v2_s/test_swin_v2_s_aten_expand_default.py'.
Hint: make sure your test modules/packages have valid Python names.
Traceback:
../.pyenv/versions/3.11.10/lib/python3.11/importlib/__init__.py:126: in import_module
    return _bootstrap._gcd_import(name[level:], package, level)
           ^^^^^^^^^^^^^^^^^^^^^^^^^^^^^^^^^^^^^^^^^^^^^^^^^^^^
tests/autogen_op/swin_v2_s/test_swin_v2_s_aten_expand_default.py:8: in <module>
    import ttnn
E   ModuleNotFoundError: No module named 'ttnn'
_ ERROR collecting tests/autogen_op/swin_v2_s/test_swin_v2_s_aten_gelu_default.py _
ImportError while importing test module '/Users/Ajay17/pytorch2.0_ttnn/tests/autogen_op/swin_v2_s/test_swin_v2_s_aten_gelu_default.py'.
Hint: make sure your test modules/packages have valid Python names.
Traceback:
../.pyenv/versions/3.11.10/lib/python3.11/importlib/__init__.py:126: in import_module
    return _bootstrap._gcd_import(name[level:], package, level)
           ^^^^^^^^^^^^^^^^^^^^^^^^^^^^^^^^^^^^^^^^^^^^^^^^^^^^
tests/autogen_op/swin_v2_s/test_swin_v2_s_aten_gelu_default.py:8: in <module>
    import ttnn
E   ModuleNotFoundError: No module named 'ttnn'
_ ERROR collecting tests/autogen_op/swin_v2_s/test_swin_v2_s_aten_index_Tensor.py _
ImportError while importing test module '/Users/Ajay17/pytorch2.0_ttnn/tests/autogen_op/swin_v2_s/test_swin_v2_s_aten_index_Tensor.py'.
Hint: make sure your test modules/packages have valid Python names.
Traceback:
../.pyenv/versions/3.11.10/lib/python3.11/importlib/__init__.py:126: in import_module
    return _bootstrap._gcd_import(name[level:], package, level)
           ^^^^^^^^^^^^^^^^^^^^^^^^^^^^^^^^^^^^^^^^^^^^^^^^^^^^
tests/autogen_op/swin_v2_s/test_swin_v2_s_aten_index_Tensor.py:8: in <module>
    import ttnn
E   ModuleNotFoundError: No module named 'ttnn'
_ ERROR collecting tests/autogen_op/swin_v2_s/test_swin_v2_s_aten_linalg_vector_norm_default.py _
ImportError while importing test module '/Users/Ajay17/pytorch2.0_ttnn/tests/autogen_op/swin_v2_s/test_swin_v2_s_aten_linalg_vector_norm_default.py'.
Hint: make sure your test modules/packages have valid Python names.
Traceback:
../.pyenv/versions/3.11.10/lib/python3.11/importlib/__init__.py:126: in import_module
    return _bootstrap._gcd_import(name[level:], package, level)
           ^^^^^^^^^^^^^^^^^^^^^^^^^^^^^^^^^^^^^^^^^^^^^^^^^^^^
tests/autogen_op/swin_v2_s/test_swin_v2_s_aten_linalg_vector_norm_default.py:8: in <module>
    import ttnn
E   ModuleNotFoundError: No module named 'ttnn'
_ ERROR collecting tests/autogen_op/swin_v2_s/test_swin_v2_s_aten_masked_fill_Scalar.py _
ImportError while importing test module '/Users/Ajay17/pytorch2.0_ttnn/tests/autogen_op/swin_v2_s/test_swin_v2_s_aten_masked_fill_Scalar.py'.
Hint: make sure your test modules/packages have valid Python names.
Traceback:
../.pyenv/versions/3.11.10/lib/python3.11/importlib/__init__.py:126: in import_module
    return _bootstrap._gcd_import(name[level:], package, level)
           ^^^^^^^^^^^^^^^^^^^^^^^^^^^^^^^^^^^^^^^^^^^^^^^^^^^^
tests/autogen_op/swin_v2_s/test_swin_v2_s_aten_masked_fill_Scalar.py:8: in <module>
    import ttnn
E   ModuleNotFoundError: No module named 'ttnn'
_ ERROR collecting tests/autogen_op/swin_v2_s/test_swin_v2_s_aten_mean_dim.py __
ImportError while importing test module '/Users/Ajay17/pytorch2.0_ttnn/tests/autogen_op/swin_v2_s/test_swin_v2_s_aten_mean_dim.py'.
Hint: make sure your test modules/packages have valid Python names.
Traceback:
../.pyenv/versions/3.11.10/lib/python3.11/importlib/__init__.py:126: in import_module
    return _bootstrap._gcd_import(name[level:], package, level)
           ^^^^^^^^^^^^^^^^^^^^^^^^^^^^^^^^^^^^^^^^^^^^^^^^^^^^
tests/autogen_op/swin_v2_s/test_swin_v2_s_aten_mean_dim.py:8: in <module>
    import ttnn
E   ModuleNotFoundError: No module named 'ttnn'
_ ERROR collecting tests/autogen_op/swin_v2_s/test_swin_v2_s_aten_mm_default.py _
ImportError while importing test module '/Users/Ajay17/pytorch2.0_ttnn/tests/autogen_op/swin_v2_s/test_swin_v2_s_aten_mm_default.py'.
Hint: make sure your test modules/packages have valid Python names.
Traceback:
../.pyenv/versions/3.11.10/lib/python3.11/importlib/__init__.py:126: in import_module
    return _bootstrap._gcd_import(name[level:], package, level)
           ^^^^^^^^^^^^^^^^^^^^^^^^^^^^^^^^^^^^^^^^^^^^^^^^^^^^
tests/autogen_op/swin_v2_s/test_swin_v2_s_aten_mm_default.py:8: in <module>
    import ttnn
E   ModuleNotFoundError: No module named 'ttnn'
_ ERROR collecting tests/autogen_op/swin_v2_s/test_swin_v2_s_aten_mul_Tensor.py _
ImportError while importing test module '/Users/Ajay17/pytorch2.0_ttnn/tests/autogen_op/swin_v2_s/test_swin_v2_s_aten_mul_Tensor.py'.
Hint: make sure your test modules/packages have valid Python names.
Traceback:
../.pyenv/versions/3.11.10/lib/python3.11/importlib/__init__.py:126: in import_module
    return _bootstrap._gcd_import(name[level:], package, level)
           ^^^^^^^^^^^^^^^^^^^^^^^^^^^^^^^^^^^^^^^^^^^^^^^^^^^^
tests/autogen_op/swin_v2_s/test_swin_v2_s_aten_mul_Tensor.py:8: in <module>
    import ttnn
E   ModuleNotFoundError: No module named 'ttnn'
_ ERROR collecting tests/autogen_op/swin_v2_s/test_swin_v2_s_aten_native_layer_norm_default.py _
ImportError while importing test module '/Users/Ajay17/pytorch2.0_ttnn/tests/autogen_op/swin_v2_s/test_swin_v2_s_aten_native_layer_norm_default.py'.
Hint: make sure your test modules/packages have valid Python names.
Traceback:
../.pyenv/versions/3.11.10/lib/python3.11/importlib/__init__.py:126: in import_module
    return _bootstrap._gcd_import(name[level:], package, level)
           ^^^^^^^^^^^^^^^^^^^^^^^^^^^^^^^^^^^^^^^^^^^^^^^^^^^^
tests/autogen_op/swin_v2_s/test_swin_v2_s_aten_native_layer_norm_default.py:8: in <module>
    import ttnn
E   ModuleNotFoundError: No module named 'ttnn'
_ ERROR collecting tests/autogen_op/swin_v2_s/test_swin_v2_s_aten_ne_Scalar.py _
ImportError while importing test module '/Users/Ajay17/pytorch2.0_ttnn/tests/autogen_op/swin_v2_s/test_swin_v2_s_aten_ne_Scalar.py'.
Hint: make sure your test modules/packages have valid Python names.
Traceback:
../.pyenv/versions/3.11.10/lib/python3.11/importlib/__init__.py:126: in import_module
    return _bootstrap._gcd_import(name[level:], package, level)
           ^^^^^^^^^^^^^^^^^^^^^^^^^^^^^^^^^^^^^^^^^^^^^^^^^^^^
tests/autogen_op/swin_v2_s/test_swin_v2_s_aten_ne_Scalar.py:8: in <module>
    import ttnn
E   ModuleNotFoundError: No module named 'ttnn'
_ ERROR collecting tests/autogen_op/swin_v2_s/test_swin_v2_s_aten_new_zeros_default.py _
ImportError while importing test module '/Users/Ajay17/pytorch2.0_ttnn/tests/autogen_op/swin_v2_s/test_swin_v2_s_aten_new_zeros_default.py'.
Hint: make sure your test modules/packages have valid Python names.
Traceback:
../.pyenv/versions/3.11.10/lib/python3.11/importlib/__init__.py:126: in import_module
    return _bootstrap._gcd_import(name[level:], package, level)
           ^^^^^^^^^^^^^^^^^^^^^^^^^^^^^^^^^^^^^^^^^^^^^^^^^^^^
tests/autogen_op/swin_v2_s/test_swin_v2_s_aten_new_zeros_default.py:8: in <module>
    import ttnn
E   ModuleNotFoundError: No module named 'ttnn'
_ ERROR collecting tests/autogen_op/swin_v2_s/test_swin_v2_s_aten_permute_default.py _
ImportError while importing test module '/Users/Ajay17/pytorch2.0_ttnn/tests/autogen_op/swin_v2_s/test_swin_v2_s_aten_permute_default.py'.
Hint: make sure your test modules/packages have valid Python names.
Traceback:
../.pyenv/versions/3.11.10/lib/python3.11/importlib/__init__.py:126: in import_module
    return _bootstrap._gcd_import(name[level:], package, level)
           ^^^^^^^^^^^^^^^^^^^^^^^^^^^^^^^^^^^^^^^^^^^^^^^^^^^^
tests/autogen_op/swin_v2_s/test_swin_v2_s_aten_permute_default.py:8: in <module>
    import ttnn
E   ModuleNotFoundError: No module named 'ttnn'
_ ERROR collecting tests/autogen_op/swin_v2_s/test_swin_v2_s_aten_relu_default.py _
ImportError while importing test module '/Users/Ajay17/pytorch2.0_ttnn/tests/autogen_op/swin_v2_s/test_swin_v2_s_aten_relu_default.py'.
Hint: make sure your test modules/packages have valid Python names.
Traceback:
../.pyenv/versions/3.11.10/lib/python3.11/importlib/__init__.py:126: in import_module
    return _bootstrap._gcd_import(name[level:], package, level)
           ^^^^^^^^^^^^^^^^^^^^^^^^^^^^^^^^^^^^^^^^^^^^^^^^^^^^
tests/autogen_op/swin_v2_s/test_swin_v2_s_aten_relu_default.py:8: in <module>
    import ttnn
E   ModuleNotFoundError: No module named 'ttnn'
_ ERROR collecting tests/autogen_op/swin_v2_s/test_swin_v2_s_aten_roll_default.py _
ImportError while importing test module '/Users/Ajay17/pytorch2.0_ttnn/tests/autogen_op/swin_v2_s/test_swin_v2_s_aten_roll_default.py'.
Hint: make sure your test modules/packages have valid Python names.
Traceback:
../.pyenv/versions/3.11.10/lib/python3.11/importlib/__init__.py:126: in import_module
    return _bootstrap._gcd_import(name[level:], package, level)
           ^^^^^^^^^^^^^^^^^^^^^^^^^^^^^^^^^^^^^^^^^^^^^^^^^^^^
tests/autogen_op/swin_v2_s/test_swin_v2_s_aten_roll_default.py:8: in <module>
    import ttnn
E   ModuleNotFoundError: No module named 'ttnn'
_ ERROR collecting tests/autogen_op/swin_v2_s/test_swin_v2_s_aten_select_int.py _
ImportError while importing test module '/Users/Ajay17/pytorch2.0_ttnn/tests/autogen_op/swin_v2_s/test_swin_v2_s_aten_select_int.py'.
Hint: make sure your test modules/packages have valid Python names.
Traceback:
../.pyenv/versions/3.11.10/lib/python3.11/importlib/__init__.py:126: in import_module
    return _bootstrap._gcd_import(name[level:], package, level)
           ^^^^^^^^^^^^^^^^^^^^^^^^^^^^^^^^^^^^^^^^^^^^^^^^^^^^
tests/autogen_op/swin_v2_s/test_swin_v2_s_aten_select_int.py:8: in <module>
    import ttnn
E   ModuleNotFoundError: No module named 'ttnn'
_ ERROR collecting tests/autogen_op/swin_v2_s/test_swin_v2_s_aten_sigmoid_default.py _
ImportError while importing test module '/Users/Ajay17/pytorch2.0_ttnn/tests/autogen_op/swin_v2_s/test_swin_v2_s_aten_sigmoid_default.py'.
Hint: make sure your test modules/packages have valid Python names.
Traceback:
../.pyenv/versions/3.11.10/lib/python3.11/importlib/__init__.py:126: in import_module
    return _bootstrap._gcd_import(name[level:], package, level)
           ^^^^^^^^^^^^^^^^^^^^^^^^^^^^^^^^^^^^^^^^^^^^^^^^^^^^
tests/autogen_op/swin_v2_s/test_swin_v2_s_aten_sigmoid_default.py:8: in <module>
    import ttnn
E   ModuleNotFoundError: No module named 'ttnn'
_ ERROR collecting tests/autogen_op/swin_v2_s/test_swin_v2_s_aten_slice_Tensor.py _
ImportError while importing test module '/Users/Ajay17/pytorch2.0_ttnn/tests/autogen_op/swin_v2_s/test_swin_v2_s_aten_slice_Tensor.py'.
Hint: make sure your test modules/packages have valid Python names.
Traceback:
../.pyenv/versions/3.11.10/lib/python3.11/importlib/__init__.py:126: in import_module
    return _bootstrap._gcd_import(name[level:], package, level)
           ^^^^^^^^^^^^^^^^^^^^^^^^^^^^^^^^^^^^^^^^^^^^^^^^^^^^
tests/autogen_op/swin_v2_s/test_swin_v2_s_aten_slice_Tensor.py:8: in <module>
    import ttnn
E   ModuleNotFoundError: No module named 'ttnn'
_ ERROR collecting tests/autogen_op/swin_v2_s/test_swin_v2_s_aten_sub_Tensor.py _
ImportError while importing test module '/Users/Ajay17/pytorch2.0_ttnn/tests/autogen_op/swin_v2_s/test_swin_v2_s_aten_sub_Tensor.py'.
Hint: make sure your test modules/packages have valid Python names.
Traceback:
../.pyenv/versions/3.11.10/lib/python3.11/importlib/__init__.py:126: in import_module
    return _bootstrap._gcd_import(name[level:], package, level)
           ^^^^^^^^^^^^^^^^^^^^^^^^^^^^^^^^^^^^^^^^^^^^^^^^^^^^
tests/autogen_op/swin_v2_s/test_swin_v2_s_aten_sub_Tensor.py:8: in <module>
    import ttnn
E   ModuleNotFoundError: No module named 'ttnn'
_ ERROR collecting tests/autogen_op/swin_v2_s/test_swin_v2_s_aten_t_default.py _
ImportError while importing test module '/Users/Ajay17/pytorch2.0_ttnn/tests/autogen_op/swin_v2_s/test_swin_v2_s_aten_t_default.py'.
Hint: make sure your test modules/packages have valid Python names.
Traceback:
../.pyenv/versions/3.11.10/lib/python3.11/importlib/__init__.py:126: in import_module
    return _bootstrap._gcd_import(name[level:], package, level)
           ^^^^^^^^^^^^^^^^^^^^^^^^^^^^^^^^^^^^^^^^^^^^^^^^^^^^
tests/autogen_op/swin_v2_s/test_swin_v2_s_aten_t_default.py:8: in <module>
    import ttnn
E   ModuleNotFoundError: No module named 'ttnn'
_ ERROR collecting tests/autogen_op/swin_v2_s/test_swin_v2_s_aten_transpose_int.py _
ImportError while importing test module '/Users/Ajay17/pytorch2.0_ttnn/tests/autogen_op/swin_v2_s/test_swin_v2_s_aten_transpose_int.py'.
Hint: make sure your test modules/packages have valid Python names.
Traceback:
../.pyenv/versions/3.11.10/lib/python3.11/importlib/__init__.py:126: in import_module
    return _bootstrap._gcd_import(name[level:], package, level)
           ^^^^^^^^^^^^^^^^^^^^^^^^^^^^^^^^^^^^^^^^^^^^^^^^^^^^
tests/autogen_op/swin_v2_s/test_swin_v2_s_aten_transpose_int.py:8: in <module>
    import ttnn
E   ModuleNotFoundError: No module named 'ttnn'
_ ERROR collecting tests/autogen_op/swin_v2_s/test_swin_v2_s_aten_unsqueeze_default.py _
ImportError while importing test module '/Users/Ajay17/pytorch2.0_ttnn/tests/autogen_op/swin_v2_s/test_swin_v2_s_aten_unsqueeze_default.py'.
Hint: make sure your test modules/packages have valid Python names.
Traceback:
../.pyenv/versions/3.11.10/lib/python3.11/importlib/__init__.py:126: in import_module
    return _bootstrap._gcd_import(name[level:], package, level)
           ^^^^^^^^^^^^^^^^^^^^^^^^^^^^^^^^^^^^^^^^^^^^^^^^^^^^
tests/autogen_op/swin_v2_s/test_swin_v2_s_aten_unsqueeze_default.py:8: in <module>
    import ttnn
E   ModuleNotFoundError: No module named 'ttnn'
_ ERROR collecting tests/autogen_op/swin_v2_s/test_swin_v2_s_aten_view_default.py _
ImportError while importing test module '/Users/Ajay17/pytorch2.0_ttnn/tests/autogen_op/swin_v2_s/test_swin_v2_s_aten_view_default.py'.
Hint: make sure your test modules/packages have valid Python names.
Traceback:
../.pyenv/versions/3.11.10/lib/python3.11/importlib/__init__.py:126: in import_module
    return _bootstrap._gcd_import(name[level:], package, level)
           ^^^^^^^^^^^^^^^^^^^^^^^^^^^^^^^^^^^^^^^^^^^^^^^^^^^^
tests/autogen_op/swin_v2_s/test_swin_v2_s_aten_view_default.py:8: in <module>
    import ttnn
E   ModuleNotFoundError: No module named 'ttnn'
_ ERROR collecting tests/autogen_op/swin_v2_t/test_swin_v2_t_aten__softmax_default.py _
ImportError while importing test module '/Users/Ajay17/pytorch2.0_ttnn/tests/autogen_op/swin_v2_t/test_swin_v2_t_aten__softmax_default.py'.
Hint: make sure your test modules/packages have valid Python names.
Traceback:
../.pyenv/versions/3.11.10/lib/python3.11/importlib/__init__.py:126: in import_module
    return _bootstrap._gcd_import(name[level:], package, level)
           ^^^^^^^^^^^^^^^^^^^^^^^^^^^^^^^^^^^^^^^^^^^^^^^^^^^^
tests/autogen_op/swin_v2_t/test_swin_v2_t_aten__softmax_default.py:8: in <module>
    import ttnn
E   ModuleNotFoundError: No module named 'ttnn'
_ ERROR collecting tests/autogen_op/swin_v2_t/test_swin_v2_t_aten__unsafe_view_default.py _
ImportError while importing test module '/Users/Ajay17/pytorch2.0_ttnn/tests/autogen_op/swin_v2_t/test_swin_v2_t_aten__unsafe_view_default.py'.
Hint: make sure your test modules/packages have valid Python names.
Traceback:
../.pyenv/versions/3.11.10/lib/python3.11/importlib/__init__.py:126: in import_module
    return _bootstrap._gcd_import(name[level:], package, level)
           ^^^^^^^^^^^^^^^^^^^^^^^^^^^^^^^^^^^^^^^^^^^^^^^^^^^^
tests/autogen_op/swin_v2_t/test_swin_v2_t_aten__unsafe_view_default.py:8: in <module>
    import ttnn
E   ModuleNotFoundError: No module named 'ttnn'
_ ERROR collecting tests/autogen_op/swin_v2_t/test_swin_v2_t_aten_add_Tensor.py _
ImportError while importing test module '/Users/Ajay17/pytorch2.0_ttnn/tests/autogen_op/swin_v2_t/test_swin_v2_t_aten_add_Tensor.py'.
Hint: make sure your test modules/packages have valid Python names.
Traceback:
../.pyenv/versions/3.11.10/lib/python3.11/importlib/__init__.py:126: in import_module
    return _bootstrap._gcd_import(name[level:], package, level)
           ^^^^^^^^^^^^^^^^^^^^^^^^^^^^^^^^^^^^^^^^^^^^^^^^^^^^
tests/autogen_op/swin_v2_t/test_swin_v2_t_aten_add_Tensor.py:8: in <module>
    import ttnn
E   ModuleNotFoundError: No module named 'ttnn'
_ ERROR collecting tests/autogen_op/swin_v2_t/test_swin_v2_t_aten_addmm_default.py _
ImportError while importing test module '/Users/Ajay17/pytorch2.0_ttnn/tests/autogen_op/swin_v2_t/test_swin_v2_t_aten_addmm_default.py'.
Hint: make sure your test modules/packages have valid Python names.
Traceback:
../.pyenv/versions/3.11.10/lib/python3.11/importlib/__init__.py:126: in import_module
    return _bootstrap._gcd_import(name[level:], package, level)
           ^^^^^^^^^^^^^^^^^^^^^^^^^^^^^^^^^^^^^^^^^^^^^^^^^^^^
tests/autogen_op/swin_v2_t/test_swin_v2_t_aten_addmm_default.py:8: in <module>
    import ttnn
E   ModuleNotFoundError: No module named 'ttnn'
_ ERROR collecting tests/autogen_op/swin_v2_t/test_swin_v2_t_aten_as_strided_default.py _
ImportError while importing test module '/Users/Ajay17/pytorch2.0_ttnn/tests/autogen_op/swin_v2_t/test_swin_v2_t_aten_as_strided_default.py'.
Hint: make sure your test modules/packages have valid Python names.
Traceback:
../.pyenv/versions/3.11.10/lib/python3.11/importlib/__init__.py:126: in import_module
    return _bootstrap._gcd_import(name[level:], package, level)
           ^^^^^^^^^^^^^^^^^^^^^^^^^^^^^^^^^^^^^^^^^^^^^^^^^^^^
tests/autogen_op/swin_v2_t/test_swin_v2_t_aten_as_strided_default.py:8: in <module>
    import ttnn
E   ModuleNotFoundError: No module named 'ttnn'
_ ERROR collecting tests/autogen_op/swin_v2_t/test_swin_v2_t_aten_bmm_default.py _
ImportError while importing test module '/Users/Ajay17/pytorch2.0_ttnn/tests/autogen_op/swin_v2_t/test_swin_v2_t_aten_bmm_default.py'.
Hint: make sure your test modules/packages have valid Python names.
Traceback:
../.pyenv/versions/3.11.10/lib/python3.11/importlib/__init__.py:126: in import_module
    return _bootstrap._gcd_import(name[level:], package, level)
           ^^^^^^^^^^^^^^^^^^^^^^^^^^^^^^^^^^^^^^^^^^^^^^^^^^^^
tests/autogen_op/swin_v2_t/test_swin_v2_t_aten_bmm_default.py:8: in <module>
    import ttnn
E   ModuleNotFoundError: No module named 'ttnn'
_ ERROR collecting tests/autogen_op/swin_v2_t/test_swin_v2_t_aten_cat_default.py _
ImportError while importing test module '/Users/Ajay17/pytorch2.0_ttnn/tests/autogen_op/swin_v2_t/test_swin_v2_t_aten_cat_default.py'.
Hint: make sure your test modules/packages have valid Python names.
Traceback:
../.pyenv/versions/3.11.10/lib/python3.11/importlib/__init__.py:126: in import_module
    return _bootstrap._gcd_import(name[level:], package, level)
           ^^^^^^^^^^^^^^^^^^^^^^^^^^^^^^^^^^^^^^^^^^^^^^^^^^^^
tests/autogen_op/swin_v2_t/test_swin_v2_t_aten_cat_default.py:8: in <module>
    import ttnn
E   ModuleNotFoundError: No module named 'ttnn'
_ ERROR collecting tests/autogen_op/swin_v2_t/test_swin_v2_t_aten_clamp_default.py _
ImportError while importing test module '/Users/Ajay17/pytorch2.0_ttnn/tests/autogen_op/swin_v2_t/test_swin_v2_t_aten_clamp_default.py'.
Hint: make sure your test modules/packages have valid Python names.
Traceback:
../.pyenv/versions/3.11.10/lib/python3.11/importlib/__init__.py:126: in import_module
    return _bootstrap._gcd_import(name[level:], package, level)
           ^^^^^^^^^^^^^^^^^^^^^^^^^^^^^^^^^^^^^^^^^^^^^^^^^^^^
tests/autogen_op/swin_v2_t/test_swin_v2_t_aten_clamp_default.py:8: in <module>
    import ttnn
E   ModuleNotFoundError: No module named 'ttnn'
_ ERROR collecting tests/autogen_op/swin_v2_t/test_swin_v2_t_aten_clamp_min_default.py _
ImportError while importing test module '/Users/Ajay17/pytorch2.0_ttnn/tests/autogen_op/swin_v2_t/test_swin_v2_t_aten_clamp_min_default.py'.
Hint: make sure your test modules/packages have valid Python names.
Traceback:
../.pyenv/versions/3.11.10/lib/python3.11/importlib/__init__.py:126: in import_module
    return _bootstrap._gcd_import(name[level:], package, level)
           ^^^^^^^^^^^^^^^^^^^^^^^^^^^^^^^^^^^^^^^^^^^^^^^^^^^^
tests/autogen_op/swin_v2_t/test_swin_v2_t_aten_clamp_min_default.py:8: in <module>
    import ttnn
E   ModuleNotFoundError: No module named 'ttnn'
_ ERROR collecting tests/autogen_op/swin_v2_t/test_swin_v2_t_aten_clone_default.py _
ImportError while importing test module '/Users/Ajay17/pytorch2.0_ttnn/tests/autogen_op/swin_v2_t/test_swin_v2_t_aten_clone_default.py'.
Hint: make sure your test modules/packages have valid Python names.
Traceback:
../.pyenv/versions/3.11.10/lib/python3.11/importlib/__init__.py:126: in import_module
    return _bootstrap._gcd_import(name[level:], package, level)
           ^^^^^^^^^^^^^^^^^^^^^^^^^^^^^^^^^^^^^^^^^^^^^^^^^^^^
tests/autogen_op/swin_v2_t/test_swin_v2_t_aten_clone_default.py:8: in <module>
    import ttnn
E   ModuleNotFoundError: No module named 'ttnn'
_ ERROR collecting tests/autogen_op/swin_v2_t/test_swin_v2_t_aten_constant_pad_nd_default.py _
ImportError while importing test module '/Users/Ajay17/pytorch2.0_ttnn/tests/autogen_op/swin_v2_t/test_swin_v2_t_aten_constant_pad_nd_default.py'.
Hint: make sure your test modules/packages have valid Python names.
Traceback:
../.pyenv/versions/3.11.10/lib/python3.11/importlib/__init__.py:126: in import_module
    return _bootstrap._gcd_import(name[level:], package, level)
           ^^^^^^^^^^^^^^^^^^^^^^^^^^^^^^^^^^^^^^^^^^^^^^^^^^^^
tests/autogen_op/swin_v2_t/test_swin_v2_t_aten_constant_pad_nd_default.py:8: in <module>
    import ttnn
E   ModuleNotFoundError: No module named 'ttnn'
_ ERROR collecting tests/autogen_op/swin_v2_t/test_swin_v2_t_aten_convolution_default.py _
ImportError while importing test module '/Users/Ajay17/pytorch2.0_ttnn/tests/autogen_op/swin_v2_t/test_swin_v2_t_aten_convolution_default.py'.
Hint: make sure your test modules/packages have valid Python names.
Traceback:
../.pyenv/versions/3.11.10/lib/python3.11/importlib/__init__.py:126: in import_module
    return _bootstrap._gcd_import(name[level:], package, level)
           ^^^^^^^^^^^^^^^^^^^^^^^^^^^^^^^^^^^^^^^^^^^^^^^^^^^^
tests/autogen_op/swin_v2_t/test_swin_v2_t_aten_convolution_default.py:8: in <module>
    import ttnn
E   ModuleNotFoundError: No module named 'ttnn'
_ ERROR collecting tests/autogen_op/swin_v2_t/test_swin_v2_t_aten_div_Tensor.py _
ImportError while importing test module '/Users/Ajay17/pytorch2.0_ttnn/tests/autogen_op/swin_v2_t/test_swin_v2_t_aten_div_Tensor.py'.
Hint: make sure your test modules/packages have valid Python names.
Traceback:
../.pyenv/versions/3.11.10/lib/python3.11/importlib/__init__.py:126: in import_module
    return _bootstrap._gcd_import(name[level:], package, level)
           ^^^^^^^^^^^^^^^^^^^^^^^^^^^^^^^^^^^^^^^^^^^^^^^^^^^^
tests/autogen_op/swin_v2_t/test_swin_v2_t_aten_div_Tensor.py:8: in <module>
    import ttnn
E   ModuleNotFoundError: No module named 'ttnn'
_ ERROR collecting tests/autogen_op/swin_v2_t/test_swin_v2_t_aten_eq_Scalar.py _
ImportError while importing test module '/Users/Ajay17/pytorch2.0_ttnn/tests/autogen_op/swin_v2_t/test_swin_v2_t_aten_eq_Scalar.py'.
Hint: make sure your test modules/packages have valid Python names.
Traceback:
../.pyenv/versions/3.11.10/lib/python3.11/importlib/__init__.py:126: in import_module
    return _bootstrap._gcd_import(name[level:], package, level)
           ^^^^^^^^^^^^^^^^^^^^^^^^^^^^^^^^^^^^^^^^^^^^^^^^^^^^
tests/autogen_op/swin_v2_t/test_swin_v2_t_aten_eq_Scalar.py:8: in <module>
    import ttnn
E   ModuleNotFoundError: No module named 'ttnn'
_ ERROR collecting tests/autogen_op/swin_v2_t/test_swin_v2_t_aten_exp_default.py _
ImportError while importing test module '/Users/Ajay17/pytorch2.0_ttnn/tests/autogen_op/swin_v2_t/test_swin_v2_t_aten_exp_default.py'.
Hint: make sure your test modules/packages have valid Python names.
Traceback:
../.pyenv/versions/3.11.10/lib/python3.11/importlib/__init__.py:126: in import_module
    return _bootstrap._gcd_import(name[level:], package, level)
           ^^^^^^^^^^^^^^^^^^^^^^^^^^^^^^^^^^^^^^^^^^^^^^^^^^^^
tests/autogen_op/swin_v2_t/test_swin_v2_t_aten_exp_default.py:8: in <module>
    import ttnn
E   ModuleNotFoundError: No module named 'ttnn'
_ ERROR collecting tests/autogen_op/swin_v2_t/test_swin_v2_t_aten_expand_default.py _
ImportError while importing test module '/Users/Ajay17/pytorch2.0_ttnn/tests/autogen_op/swin_v2_t/test_swin_v2_t_aten_expand_default.py'.
Hint: make sure your test modules/packages have valid Python names.
Traceback:
../.pyenv/versions/3.11.10/lib/python3.11/importlib/__init__.py:126: in import_module
    return _bootstrap._gcd_import(name[level:], package, level)
           ^^^^^^^^^^^^^^^^^^^^^^^^^^^^^^^^^^^^^^^^^^^^^^^^^^^^
tests/autogen_op/swin_v2_t/test_swin_v2_t_aten_expand_default.py:8: in <module>
    import ttnn
E   ModuleNotFoundError: No module named 'ttnn'
_ ERROR collecting tests/autogen_op/swin_v2_t/test_swin_v2_t_aten_gelu_default.py _
ImportError while importing test module '/Users/Ajay17/pytorch2.0_ttnn/tests/autogen_op/swin_v2_t/test_swin_v2_t_aten_gelu_default.py'.
Hint: make sure your test modules/packages have valid Python names.
Traceback:
../.pyenv/versions/3.11.10/lib/python3.11/importlib/__init__.py:126: in import_module
    return _bootstrap._gcd_import(name[level:], package, level)
           ^^^^^^^^^^^^^^^^^^^^^^^^^^^^^^^^^^^^^^^^^^^^^^^^^^^^
tests/autogen_op/swin_v2_t/test_swin_v2_t_aten_gelu_default.py:8: in <module>
    import ttnn
E   ModuleNotFoundError: No module named 'ttnn'
_ ERROR collecting tests/autogen_op/swin_v2_t/test_swin_v2_t_aten_index_Tensor.py _
ImportError while importing test module '/Users/Ajay17/pytorch2.0_ttnn/tests/autogen_op/swin_v2_t/test_swin_v2_t_aten_index_Tensor.py'.
Hint: make sure your test modules/packages have valid Python names.
Traceback:
../.pyenv/versions/3.11.10/lib/python3.11/importlib/__init__.py:126: in import_module
    return _bootstrap._gcd_import(name[level:], package, level)
           ^^^^^^^^^^^^^^^^^^^^^^^^^^^^^^^^^^^^^^^^^^^^^^^^^^^^
tests/autogen_op/swin_v2_t/test_swin_v2_t_aten_index_Tensor.py:8: in <module>
    import ttnn
E   ModuleNotFoundError: No module named 'ttnn'
_ ERROR collecting tests/autogen_op/swin_v2_t/test_swin_v2_t_aten_linalg_vector_norm_default.py _
ImportError while importing test module '/Users/Ajay17/pytorch2.0_ttnn/tests/autogen_op/swin_v2_t/test_swin_v2_t_aten_linalg_vector_norm_default.py'.
Hint: make sure your test modules/packages have valid Python names.
Traceback:
../.pyenv/versions/3.11.10/lib/python3.11/importlib/__init__.py:126: in import_module
    return _bootstrap._gcd_import(name[level:], package, level)
           ^^^^^^^^^^^^^^^^^^^^^^^^^^^^^^^^^^^^^^^^^^^^^^^^^^^^
tests/autogen_op/swin_v2_t/test_swin_v2_t_aten_linalg_vector_norm_default.py:8: in <module>
    import ttnn
E   ModuleNotFoundError: No module named 'ttnn'
_ ERROR collecting tests/autogen_op/swin_v2_t/test_swin_v2_t_aten_masked_fill_Scalar.py _
ImportError while importing test module '/Users/Ajay17/pytorch2.0_ttnn/tests/autogen_op/swin_v2_t/test_swin_v2_t_aten_masked_fill_Scalar.py'.
Hint: make sure your test modules/packages have valid Python names.
Traceback:
../.pyenv/versions/3.11.10/lib/python3.11/importlib/__init__.py:126: in import_module
    return _bootstrap._gcd_import(name[level:], package, level)
           ^^^^^^^^^^^^^^^^^^^^^^^^^^^^^^^^^^^^^^^^^^^^^^^^^^^^
tests/autogen_op/swin_v2_t/test_swin_v2_t_aten_masked_fill_Scalar.py:8: in <module>
    import ttnn
E   ModuleNotFoundError: No module named 'ttnn'
_ ERROR collecting tests/autogen_op/swin_v2_t/test_swin_v2_t_aten_mean_dim.py __
ImportError while importing test module '/Users/Ajay17/pytorch2.0_ttnn/tests/autogen_op/swin_v2_t/test_swin_v2_t_aten_mean_dim.py'.
Hint: make sure your test modules/packages have valid Python names.
Traceback:
../.pyenv/versions/3.11.10/lib/python3.11/importlib/__init__.py:126: in import_module
    return _bootstrap._gcd_import(name[level:], package, level)
           ^^^^^^^^^^^^^^^^^^^^^^^^^^^^^^^^^^^^^^^^^^^^^^^^^^^^
tests/autogen_op/swin_v2_t/test_swin_v2_t_aten_mean_dim.py:8: in <module>
    import ttnn
E   ModuleNotFoundError: No module named 'ttnn'
_ ERROR collecting tests/autogen_op/swin_v2_t/test_swin_v2_t_aten_mm_default.py _
ImportError while importing test module '/Users/Ajay17/pytorch2.0_ttnn/tests/autogen_op/swin_v2_t/test_swin_v2_t_aten_mm_default.py'.
Hint: make sure your test modules/packages have valid Python names.
Traceback:
../.pyenv/versions/3.11.10/lib/python3.11/importlib/__init__.py:126: in import_module
    return _bootstrap._gcd_import(name[level:], package, level)
           ^^^^^^^^^^^^^^^^^^^^^^^^^^^^^^^^^^^^^^^^^^^^^^^^^^^^
tests/autogen_op/swin_v2_t/test_swin_v2_t_aten_mm_default.py:8: in <module>
    import ttnn
E   ModuleNotFoundError: No module named 'ttnn'
_ ERROR collecting tests/autogen_op/swin_v2_t/test_swin_v2_t_aten_mul_Tensor.py _
ImportError while importing test module '/Users/Ajay17/pytorch2.0_ttnn/tests/autogen_op/swin_v2_t/test_swin_v2_t_aten_mul_Tensor.py'.
Hint: make sure your test modules/packages have valid Python names.
Traceback:
../.pyenv/versions/3.11.10/lib/python3.11/importlib/__init__.py:126: in import_module
    return _bootstrap._gcd_import(name[level:], package, level)
           ^^^^^^^^^^^^^^^^^^^^^^^^^^^^^^^^^^^^^^^^^^^^^^^^^^^^
tests/autogen_op/swin_v2_t/test_swin_v2_t_aten_mul_Tensor.py:8: in <module>
    import ttnn
E   ModuleNotFoundError: No module named 'ttnn'
_ ERROR collecting tests/autogen_op/swin_v2_t/test_swin_v2_t_aten_native_layer_norm_default.py _
ImportError while importing test module '/Users/Ajay17/pytorch2.0_ttnn/tests/autogen_op/swin_v2_t/test_swin_v2_t_aten_native_layer_norm_default.py'.
Hint: make sure your test modules/packages have valid Python names.
Traceback:
../.pyenv/versions/3.11.10/lib/python3.11/importlib/__init__.py:126: in import_module
    return _bootstrap._gcd_import(name[level:], package, level)
           ^^^^^^^^^^^^^^^^^^^^^^^^^^^^^^^^^^^^^^^^^^^^^^^^^^^^
tests/autogen_op/swin_v2_t/test_swin_v2_t_aten_native_layer_norm_default.py:8: in <module>
    import ttnn
E   ModuleNotFoundError: No module named 'ttnn'
_ ERROR collecting tests/autogen_op/swin_v2_t/test_swin_v2_t_aten_ne_Scalar.py _
ImportError while importing test module '/Users/Ajay17/pytorch2.0_ttnn/tests/autogen_op/swin_v2_t/test_swin_v2_t_aten_ne_Scalar.py'.
Hint: make sure your test modules/packages have valid Python names.
Traceback:
../.pyenv/versions/3.11.10/lib/python3.11/importlib/__init__.py:126: in import_module
    return _bootstrap._gcd_import(name[level:], package, level)
           ^^^^^^^^^^^^^^^^^^^^^^^^^^^^^^^^^^^^^^^^^^^^^^^^^^^^
tests/autogen_op/swin_v2_t/test_swin_v2_t_aten_ne_Scalar.py:8: in <module>
    import ttnn
E   ModuleNotFoundError: No module named 'ttnn'
_ ERROR collecting tests/autogen_op/swin_v2_t/test_swin_v2_t_aten_new_zeros_default.py _
ImportError while importing test module '/Users/Ajay17/pytorch2.0_ttnn/tests/autogen_op/swin_v2_t/test_swin_v2_t_aten_new_zeros_default.py'.
Hint: make sure your test modules/packages have valid Python names.
Traceback:
../.pyenv/versions/3.11.10/lib/python3.11/importlib/__init__.py:126: in import_module
    return _bootstrap._gcd_import(name[level:], package, level)
           ^^^^^^^^^^^^^^^^^^^^^^^^^^^^^^^^^^^^^^^^^^^^^^^^^^^^
tests/autogen_op/swin_v2_t/test_swin_v2_t_aten_new_zeros_default.py:8: in <module>
    import ttnn
E   ModuleNotFoundError: No module named 'ttnn'
_ ERROR collecting tests/autogen_op/swin_v2_t/test_swin_v2_t_aten_permute_default.py _
ImportError while importing test module '/Users/Ajay17/pytorch2.0_ttnn/tests/autogen_op/swin_v2_t/test_swin_v2_t_aten_permute_default.py'.
Hint: make sure your test modules/packages have valid Python names.
Traceback:
../.pyenv/versions/3.11.10/lib/python3.11/importlib/__init__.py:126: in import_module
    return _bootstrap._gcd_import(name[level:], package, level)
           ^^^^^^^^^^^^^^^^^^^^^^^^^^^^^^^^^^^^^^^^^^^^^^^^^^^^
tests/autogen_op/swin_v2_t/test_swin_v2_t_aten_permute_default.py:8: in <module>
    import ttnn
E   ModuleNotFoundError: No module named 'ttnn'
_ ERROR collecting tests/autogen_op/swin_v2_t/test_swin_v2_t_aten_relu_default.py _
ImportError while importing test module '/Users/Ajay17/pytorch2.0_ttnn/tests/autogen_op/swin_v2_t/test_swin_v2_t_aten_relu_default.py'.
Hint: make sure your test modules/packages have valid Python names.
Traceback:
../.pyenv/versions/3.11.10/lib/python3.11/importlib/__init__.py:126: in import_module
    return _bootstrap._gcd_import(name[level:], package, level)
           ^^^^^^^^^^^^^^^^^^^^^^^^^^^^^^^^^^^^^^^^^^^^^^^^^^^^
tests/autogen_op/swin_v2_t/test_swin_v2_t_aten_relu_default.py:8: in <module>
    import ttnn
E   ModuleNotFoundError: No module named 'ttnn'
_ ERROR collecting tests/autogen_op/swin_v2_t/test_swin_v2_t_aten_roll_default.py _
ImportError while importing test module '/Users/Ajay17/pytorch2.0_ttnn/tests/autogen_op/swin_v2_t/test_swin_v2_t_aten_roll_default.py'.
Hint: make sure your test modules/packages have valid Python names.
Traceback:
../.pyenv/versions/3.11.10/lib/python3.11/importlib/__init__.py:126: in import_module
    return _bootstrap._gcd_import(name[level:], package, level)
           ^^^^^^^^^^^^^^^^^^^^^^^^^^^^^^^^^^^^^^^^^^^^^^^^^^^^
tests/autogen_op/swin_v2_t/test_swin_v2_t_aten_roll_default.py:8: in <module>
    import ttnn
E   ModuleNotFoundError: No module named 'ttnn'
_ ERROR collecting tests/autogen_op/swin_v2_t/test_swin_v2_t_aten_select_int.py _
ImportError while importing test module '/Users/Ajay17/pytorch2.0_ttnn/tests/autogen_op/swin_v2_t/test_swin_v2_t_aten_select_int.py'.
Hint: make sure your test modules/packages have valid Python names.
Traceback:
../.pyenv/versions/3.11.10/lib/python3.11/importlib/__init__.py:126: in import_module
    return _bootstrap._gcd_import(name[level:], package, level)
           ^^^^^^^^^^^^^^^^^^^^^^^^^^^^^^^^^^^^^^^^^^^^^^^^^^^^
tests/autogen_op/swin_v2_t/test_swin_v2_t_aten_select_int.py:8: in <module>
    import ttnn
E   ModuleNotFoundError: No module named 'ttnn'
_ ERROR collecting tests/autogen_op/swin_v2_t/test_swin_v2_t_aten_sigmoid_default.py _
ImportError while importing test module '/Users/Ajay17/pytorch2.0_ttnn/tests/autogen_op/swin_v2_t/test_swin_v2_t_aten_sigmoid_default.py'.
Hint: make sure your test modules/packages have valid Python names.
Traceback:
../.pyenv/versions/3.11.10/lib/python3.11/importlib/__init__.py:126: in import_module
    return _bootstrap._gcd_import(name[level:], package, level)
           ^^^^^^^^^^^^^^^^^^^^^^^^^^^^^^^^^^^^^^^^^^^^^^^^^^^^
tests/autogen_op/swin_v2_t/test_swin_v2_t_aten_sigmoid_default.py:8: in <module>
    import ttnn
E   ModuleNotFoundError: No module named 'ttnn'
_ ERROR collecting tests/autogen_op/swin_v2_t/test_swin_v2_t_aten_slice_Tensor.py _
ImportError while importing test module '/Users/Ajay17/pytorch2.0_ttnn/tests/autogen_op/swin_v2_t/test_swin_v2_t_aten_slice_Tensor.py'.
Hint: make sure your test modules/packages have valid Python names.
Traceback:
../.pyenv/versions/3.11.10/lib/python3.11/importlib/__init__.py:126: in import_module
    return _bootstrap._gcd_import(name[level:], package, level)
           ^^^^^^^^^^^^^^^^^^^^^^^^^^^^^^^^^^^^^^^^^^^^^^^^^^^^
tests/autogen_op/swin_v2_t/test_swin_v2_t_aten_slice_Tensor.py:8: in <module>
    import ttnn
E   ModuleNotFoundError: No module named 'ttnn'
_ ERROR collecting tests/autogen_op/swin_v2_t/test_swin_v2_t_aten_sub_Tensor.py _
ImportError while importing test module '/Users/Ajay17/pytorch2.0_ttnn/tests/autogen_op/swin_v2_t/test_swin_v2_t_aten_sub_Tensor.py'.
Hint: make sure your test modules/packages have valid Python names.
Traceback:
../.pyenv/versions/3.11.10/lib/python3.11/importlib/__init__.py:126: in import_module
    return _bootstrap._gcd_import(name[level:], package, level)
           ^^^^^^^^^^^^^^^^^^^^^^^^^^^^^^^^^^^^^^^^^^^^^^^^^^^^
tests/autogen_op/swin_v2_t/test_swin_v2_t_aten_sub_Tensor.py:8: in <module>
    import ttnn
E   ModuleNotFoundError: No module named 'ttnn'
_ ERROR collecting tests/autogen_op/swin_v2_t/test_swin_v2_t_aten_t_default.py _
ImportError while importing test module '/Users/Ajay17/pytorch2.0_ttnn/tests/autogen_op/swin_v2_t/test_swin_v2_t_aten_t_default.py'.
Hint: make sure your test modules/packages have valid Python names.
Traceback:
../.pyenv/versions/3.11.10/lib/python3.11/importlib/__init__.py:126: in import_module
    return _bootstrap._gcd_import(name[level:], package, level)
           ^^^^^^^^^^^^^^^^^^^^^^^^^^^^^^^^^^^^^^^^^^^^^^^^^^^^
tests/autogen_op/swin_v2_t/test_swin_v2_t_aten_t_default.py:8: in <module>
    import ttnn
E   ModuleNotFoundError: No module named 'ttnn'
_ ERROR collecting tests/autogen_op/swin_v2_t/test_swin_v2_t_aten_transpose_int.py _
ImportError while importing test module '/Users/Ajay17/pytorch2.0_ttnn/tests/autogen_op/swin_v2_t/test_swin_v2_t_aten_transpose_int.py'.
Hint: make sure your test modules/packages have valid Python names.
Traceback:
../.pyenv/versions/3.11.10/lib/python3.11/importlib/__init__.py:126: in import_module
    return _bootstrap._gcd_import(name[level:], package, level)
           ^^^^^^^^^^^^^^^^^^^^^^^^^^^^^^^^^^^^^^^^^^^^^^^^^^^^
tests/autogen_op/swin_v2_t/test_swin_v2_t_aten_transpose_int.py:8: in <module>
    import ttnn
E   ModuleNotFoundError: No module named 'ttnn'
_ ERROR collecting tests/autogen_op/swin_v2_t/test_swin_v2_t_aten_unsqueeze_default.py _
ImportError while importing test module '/Users/Ajay17/pytorch2.0_ttnn/tests/autogen_op/swin_v2_t/test_swin_v2_t_aten_unsqueeze_default.py'.
Hint: make sure your test modules/packages have valid Python names.
Traceback:
../.pyenv/versions/3.11.10/lib/python3.11/importlib/__init__.py:126: in import_module
    return _bootstrap._gcd_import(name[level:], package, level)
           ^^^^^^^^^^^^^^^^^^^^^^^^^^^^^^^^^^^^^^^^^^^^^^^^^^^^
tests/autogen_op/swin_v2_t/test_swin_v2_t_aten_unsqueeze_default.py:8: in <module>
    import ttnn
E   ModuleNotFoundError: No module named 'ttnn'
_ ERROR collecting tests/autogen_op/swin_v2_t/test_swin_v2_t_aten_view_default.py _
ImportError while importing test module '/Users/Ajay17/pytorch2.0_ttnn/tests/autogen_op/swin_v2_t/test_swin_v2_t_aten_view_default.py'.
Hint: make sure your test modules/packages have valid Python names.
Traceback:
../.pyenv/versions/3.11.10/lib/python3.11/importlib/__init__.py:126: in import_module
    return _bootstrap._gcd_import(name[level:], package, level)
           ^^^^^^^^^^^^^^^^^^^^^^^^^^^^^^^^^^^^^^^^^^^^^^^^^^^^
tests/autogen_op/swin_v2_t/test_swin_v2_t_aten_view_default.py:8: in <module>
    import ttnn
E   ModuleNotFoundError: No module named 'ttnn'
_ ERROR collecting tests/autogen_op/t5-base/test_t5-base_aten__softmax_default.py _
ImportError while importing test module '/Users/Ajay17/pytorch2.0_ttnn/tests/autogen_op/t5-base/test_t5-base_aten__softmax_default.py'.
Hint: make sure your test modules/packages have valid Python names.
Traceback:
../.pyenv/versions/3.11.10/lib/python3.11/importlib/__init__.py:126: in import_module
    return _bootstrap._gcd_import(name[level:], package, level)
           ^^^^^^^^^^^^^^^^^^^^^^^^^^^^^^^^^^^^^^^^^^^^^^^^^^^^
tests/autogen_op/t5-base/test_t5-base_aten__softmax_default.py:8: in <module>
    import ttnn
E   ModuleNotFoundError: No module named 'ttnn'
_ ERROR collecting tests/autogen_op/t5-base/test_t5-base_aten__to_copy_default.py _
ImportError while importing test module '/Users/Ajay17/pytorch2.0_ttnn/tests/autogen_op/t5-base/test_t5-base_aten__to_copy_default.py'.
Hint: make sure your test modules/packages have valid Python names.
Traceback:
../.pyenv/versions/3.11.10/lib/python3.11/importlib/__init__.py:126: in import_module
    return _bootstrap._gcd_import(name[level:], package, level)
           ^^^^^^^^^^^^^^^^^^^^^^^^^^^^^^^^^^^^^^^^^^^^^^^^^^^^
tests/autogen_op/t5-base/test_t5-base_aten__to_copy_default.py:8: in <module>
    import ttnn
E   ModuleNotFoundError: No module named 'ttnn'
__ ERROR collecting tests/autogen_op/t5-base/test_t5-base_aten_abs_default.py __
ImportError while importing test module '/Users/Ajay17/pytorch2.0_ttnn/tests/autogen_op/t5-base/test_t5-base_aten_abs_default.py'.
Hint: make sure your test modules/packages have valid Python names.
Traceback:
../.pyenv/versions/3.11.10/lib/python3.11/importlib/__init__.py:126: in import_module
    return _bootstrap._gcd_import(name[level:], package, level)
           ^^^^^^^^^^^^^^^^^^^^^^^^^^^^^^^^^^^^^^^^^^^^^^^^^^^^
tests/autogen_op/t5-base/test_t5-base_aten_abs_default.py:8: in <module>
    import ttnn
E   ModuleNotFoundError: No module named 'ttnn'
__ ERROR collecting tests/autogen_op/t5-base/test_t5-base_aten_add_Tensor.py ___
ImportError while importing test module '/Users/Ajay17/pytorch2.0_ttnn/tests/autogen_op/t5-base/test_t5-base_aten_add_Tensor.py'.
Hint: make sure your test modules/packages have valid Python names.
Traceback:
../.pyenv/versions/3.11.10/lib/python3.11/importlib/__init__.py:126: in import_module
    return _bootstrap._gcd_import(name[level:], package, level)
           ^^^^^^^^^^^^^^^^^^^^^^^^^^^^^^^^^^^^^^^^^^^^^^^^^^^^
tests/autogen_op/t5-base/test_t5-base_aten_add_Tensor.py:8: in <module>
    import ttnn
E   ModuleNotFoundError: No module named 'ttnn'
_ ERROR collecting tests/autogen_op/t5-base/test_t5-base_aten_arange_default.py _
ImportError while importing test module '/Users/Ajay17/pytorch2.0_ttnn/tests/autogen_op/t5-base/test_t5-base_aten_arange_default.py'.
Hint: make sure your test modules/packages have valid Python names.
Traceback:
../.pyenv/versions/3.11.10/lib/python3.11/importlib/__init__.py:126: in import_module
    return _bootstrap._gcd_import(name[level:], package, level)
           ^^^^^^^^^^^^^^^^^^^^^^^^^^^^^^^^^^^^^^^^^^^^^^^^^^^^
tests/autogen_op/t5-base/test_t5-base_aten_arange_default.py:8: in <module>
    import ttnn
E   ModuleNotFoundError: No module named 'ttnn'
__ ERROR collecting tests/autogen_op/t5-base/test_t5-base_aten_bmm_default.py __
ImportError while importing test module '/Users/Ajay17/pytorch2.0_ttnn/tests/autogen_op/t5-base/test_t5-base_aten_bmm_default.py'.
Hint: make sure your test modules/packages have valid Python names.
Traceback:
../.pyenv/versions/3.11.10/lib/python3.11/importlib/__init__.py:126: in import_module
    return _bootstrap._gcd_import(name[level:], package, level)
           ^^^^^^^^^^^^^^^^^^^^^^^^^^^^^^^^^^^^^^^^^^^^^^^^^^^^
tests/autogen_op/t5-base/test_t5-base_aten_bmm_default.py:8: in <module>
    import ttnn
E   ModuleNotFoundError: No module named 'ttnn'
__ ERROR collecting tests/autogen_op/t5-base/test_t5-base_aten_cat_default.py __
ImportError while importing test module '/Users/Ajay17/pytorch2.0_ttnn/tests/autogen_op/t5-base/test_t5-base_aten_cat_default.py'.
Hint: make sure your test modules/packages have valid Python names.
Traceback:
../.pyenv/versions/3.11.10/lib/python3.11/importlib/__init__.py:126: in import_module
    return _bootstrap._gcd_import(name[level:], package, level)
           ^^^^^^^^^^^^^^^^^^^^^^^^^^^^^^^^^^^^^^^^^^^^^^^^^^^^
tests/autogen_op/t5-base/test_t5-base_aten_cat_default.py:8: in <module>
    import ttnn
E   ModuleNotFoundError: No module named 'ttnn'
_ ERROR collecting tests/autogen_op/t5-base/test_t5-base_aten_clone_default.py _
ImportError while importing test module '/Users/Ajay17/pytorch2.0_ttnn/tests/autogen_op/t5-base/test_t5-base_aten_clone_default.py'.
Hint: make sure your test modules/packages have valid Python names.
Traceback:
../.pyenv/versions/3.11.10/lib/python3.11/importlib/__init__.py:126: in import_module
    return _bootstrap._gcd_import(name[level:], package, level)
           ^^^^^^^^^^^^^^^^^^^^^^^^^^^^^^^^^^^^^^^^^^^^^^^^^^^^
tests/autogen_op/t5-base/test_t5-base_aten_clone_default.py:8: in <module>
    import ttnn
E   ModuleNotFoundError: No module named 'ttnn'
__ ERROR collecting tests/autogen_op/t5-base/test_t5-base_aten_div_Tensor.py ___
ImportError while importing test module '/Users/Ajay17/pytorch2.0_ttnn/tests/autogen_op/t5-base/test_t5-base_aten_div_Tensor.py'.
Hint: make sure your test modules/packages have valid Python names.
Traceback:
../.pyenv/versions/3.11.10/lib/python3.11/importlib/__init__.py:126: in import_module
    return _bootstrap._gcd_import(name[level:], package, level)
           ^^^^^^^^^^^^^^^^^^^^^^^^^^^^^^^^^^^^^^^^^^^^^^^^^^^^
tests/autogen_op/t5-base/test_t5-base_aten_div_Tensor.py:8: in <module>
    import ttnn
E   ModuleNotFoundError: No module named 'ttnn'
_ ERROR collecting tests/autogen_op/t5-base/test_t5-base_aten_embedding_default.py _
ImportError while importing test module '/Users/Ajay17/pytorch2.0_ttnn/tests/autogen_op/t5-base/test_t5-base_aten_embedding_default.py'.
Hint: make sure your test modules/packages have valid Python names.
Traceback:
../.pyenv/versions/3.11.10/lib/python3.11/importlib/__init__.py:126: in import_module
    return _bootstrap._gcd_import(name[level:], package, level)
           ^^^^^^^^^^^^^^^^^^^^^^^^^^^^^^^^^^^^^^^^^^^^^^^^^^^^
tests/autogen_op/t5-base/test_t5-base_aten_embedding_default.py:8: in <module>
    import ttnn
E   ModuleNotFoundError: No module named 'ttnn'
_ ERROR collecting tests/autogen_op/t5-base/test_t5-base_aten_expand_default.py _
ImportError while importing test module '/Users/Ajay17/pytorch2.0_ttnn/tests/autogen_op/t5-base/test_t5-base_aten_expand_default.py'.
Hint: make sure your test modules/packages have valid Python names.
Traceback:
../.pyenv/versions/3.11.10/lib/python3.11/importlib/__init__.py:126: in import_module
    return _bootstrap._gcd_import(name[level:], package, level)
           ^^^^^^^^^^^^^^^^^^^^^^^^^^^^^^^^^^^^^^^^^^^^^^^^^^^^
tests/autogen_op/t5-base/test_t5-base_aten_expand_default.py:8: in <module>
    import ttnn
E   ModuleNotFoundError: No module named 'ttnn'
_ ERROR collecting tests/autogen_op/t5-base/test_t5-base_aten_full_like_default.py _
ImportError while importing test module '/Users/Ajay17/pytorch2.0_ttnn/tests/autogen_op/t5-base/test_t5-base_aten_full_like_default.py'.
Hint: make sure your test modules/packages have valid Python names.
Traceback:
../.pyenv/versions/3.11.10/lib/python3.11/importlib/__init__.py:126: in import_module
    return _bootstrap._gcd_import(name[level:], package, level)
           ^^^^^^^^^^^^^^^^^^^^^^^^^^^^^^^^^^^^^^^^^^^^^^^^^^^^
tests/autogen_op/t5-base/test_t5-base_aten_full_like_default.py:8: in <module>
    import ttnn
E   ModuleNotFoundError: No module named 'ttnn'
___ ERROR collecting tests/autogen_op/t5-base/test_t5-base_aten_gt_Scalar.py ___
ImportError while importing test module '/Users/Ajay17/pytorch2.0_ttnn/tests/autogen_op/t5-base/test_t5-base_aten_gt_Scalar.py'.
Hint: make sure your test modules/packages have valid Python names.
Traceback:
../.pyenv/versions/3.11.10/lib/python3.11/importlib/__init__.py:126: in import_module
    return _bootstrap._gcd_import(name[level:], package, level)
           ^^^^^^^^^^^^^^^^^^^^^^^^^^^^^^^^^^^^^^^^^^^^^^^^^^^^
tests/autogen_op/t5-base/test_t5-base_aten_gt_Scalar.py:8: in <module>
    import ttnn
E   ModuleNotFoundError: No module named 'ttnn'
___ ERROR collecting tests/autogen_op/t5-base/test_t5-base_aten_le_Tensor.py ___
ImportError while importing test module '/Users/Ajay17/pytorch2.0_ttnn/tests/autogen_op/t5-base/test_t5-base_aten_le_Tensor.py'.
Hint: make sure your test modules/packages have valid Python names.
Traceback:
../.pyenv/versions/3.11.10/lib/python3.11/importlib/__init__.py:126: in import_module
    return _bootstrap._gcd_import(name[level:], package, level)
           ^^^^^^^^^^^^^^^^^^^^^^^^^^^^^^^^^^^^^^^^^^^^^^^^^^^^
tests/autogen_op/t5-base/test_t5-base_aten_le_Tensor.py:8: in <module>
    import ttnn
E   ModuleNotFoundError: No module named 'ttnn'
__ ERROR collecting tests/autogen_op/t5-base/test_t5-base_aten_log_default.py __
ImportError while importing test module '/Users/Ajay17/pytorch2.0_ttnn/tests/autogen_op/t5-base/test_t5-base_aten_log_default.py'.
Hint: make sure your test modules/packages have valid Python names.
Traceback:
../.pyenv/versions/3.11.10/lib/python3.11/importlib/__init__.py:126: in import_module
    return _bootstrap._gcd_import(name[level:], package, level)
           ^^^^^^^^^^^^^^^^^^^^^^^^^^^^^^^^^^^^^^^^^^^^^^^^^^^^
tests/autogen_op/t5-base/test_t5-base_aten_log_default.py:8: in <module>
    import ttnn
E   ModuleNotFoundError: No module named 'ttnn'
___ ERROR collecting tests/autogen_op/t5-base/test_t5-base_aten_lt_Scalar.py ___
ImportError while importing test module '/Users/Ajay17/pytorch2.0_ttnn/tests/autogen_op/t5-base/test_t5-base_aten_lt_Scalar.py'.
Hint: make sure your test modules/packages have valid Python names.
Traceback:
../.pyenv/versions/3.11.10/lib/python3.11/importlib/__init__.py:126: in import_module
    return _bootstrap._gcd_import(name[level:], package, level)
           ^^^^^^^^^^^^^^^^^^^^^^^^^^^^^^^^^^^^^^^^^^^^^^^^^^^^
tests/autogen_op/t5-base/test_t5-base_aten_lt_Scalar.py:8: in <module>
    import ttnn
E   ModuleNotFoundError: No module named 'ttnn'
___ ERROR collecting tests/autogen_op/t5-base/test_t5-base_aten_mean_dim.py ____
ImportError while importing test module '/Users/Ajay17/pytorch2.0_ttnn/tests/autogen_op/t5-base/test_t5-base_aten_mean_dim.py'.
Hint: make sure your test modules/packages have valid Python names.
Traceback:
../.pyenv/versions/3.11.10/lib/python3.11/importlib/__init__.py:126: in import_module
    return _bootstrap._gcd_import(name[level:], package, level)
           ^^^^^^^^^^^^^^^^^^^^^^^^^^^^^^^^^^^^^^^^^^^^^^^^^^^^
tests/autogen_op/t5-base/test_t5-base_aten_mean_dim.py:8: in <module>
    import ttnn
E   ModuleNotFoundError: No module named 'ttnn'
_ ERROR collecting tests/autogen_op/t5-base/test_t5-base_aten_minimum_default.py _
ImportError while importing test module '/Users/Ajay17/pytorch2.0_ttnn/tests/autogen_op/t5-base/test_t5-base_aten_minimum_default.py'.
Hint: make sure your test modules/packages have valid Python names.
Traceback:
../.pyenv/versions/3.11.10/lib/python3.11/importlib/__init__.py:126: in import_module
    return _bootstrap._gcd_import(name[level:], package, level)
           ^^^^^^^^^^^^^^^^^^^^^^^^^^^^^^^^^^^^^^^^^^^^^^^^^^^^
tests/autogen_op/t5-base/test_t5-base_aten_minimum_default.py:8: in <module>
    import ttnn
E   ModuleNotFoundError: No module named 'ttnn'
__ ERROR collecting tests/autogen_op/t5-base/test_t5-base_aten_mm_default.py ___
ImportError while importing test module '/Users/Ajay17/pytorch2.0_ttnn/tests/autogen_op/t5-base/test_t5-base_aten_mm_default.py'.
Hint: make sure your test modules/packages have valid Python names.
Traceback:
../.pyenv/versions/3.11.10/lib/python3.11/importlib/__init__.py:126: in import_module
    return _bootstrap._gcd_import(name[level:], package, level)
           ^^^^^^^^^^^^^^^^^^^^^^^^^^^^^^^^^^^^^^^^^^^^^^^^^^^^
tests/autogen_op/t5-base/test_t5-base_aten_mm_default.py:8: in <module>
    import ttnn
E   ModuleNotFoundError: No module named 'ttnn'
__ ERROR collecting tests/autogen_op/t5-base/test_t5-base_aten_mul_Tensor.py ___
ImportError while importing test module '/Users/Ajay17/pytorch2.0_ttnn/tests/autogen_op/t5-base/test_t5-base_aten_mul_Tensor.py'.
Hint: make sure your test modules/packages have valid Python names.
Traceback:
../.pyenv/versions/3.11.10/lib/python3.11/importlib/__init__.py:126: in import_module
    return _bootstrap._gcd_import(name[level:], package, level)
           ^^^^^^^^^^^^^^^^^^^^^^^^^^^^^^^^^^^^^^^^^^^^^^^^^^^^
tests/autogen_op/t5-base/test_t5-base_aten_mul_Tensor.py:8: in <module>
    import ttnn
E   ModuleNotFoundError: No module named 'ttnn'
__ ERROR collecting tests/autogen_op/t5-base/test_t5-base_aten_neg_default.py __
ImportError while importing test module '/Users/Ajay17/pytorch2.0_ttnn/tests/autogen_op/t5-base/test_t5-base_aten_neg_default.py'.
Hint: make sure your test modules/packages have valid Python names.
Traceback:
../.pyenv/versions/3.11.10/lib/python3.11/importlib/__init__.py:126: in import_module
    return _bootstrap._gcd_import(name[level:], package, level)
           ^^^^^^^^^^^^^^^^^^^^^^^^^^^^^^^^^^^^^^^^^^^^^^^^^^^^
tests/autogen_op/t5-base/test_t5-base_aten_neg_default.py:8: in <module>
    import ttnn
E   ModuleNotFoundError: No module named 'ttnn'
_ ERROR collecting tests/autogen_op/t5-base/test_t5-base_aten_ones_default.py __
ImportError while importing test module '/Users/Ajay17/pytorch2.0_ttnn/tests/autogen_op/t5-base/test_t5-base_aten_ones_default.py'.
Hint: make sure your test modules/packages have valid Python names.
Traceback:
../.pyenv/versions/3.11.10/lib/python3.11/importlib/__init__.py:126: in import_module
    return _bootstrap._gcd_import(name[level:], package, level)
           ^^^^^^^^^^^^^^^^^^^^^^^^^^^^^^^^^^^^^^^^^^^^^^^^^^^^
tests/autogen_op/t5-base/test_t5-base_aten_ones_default.py:8: in <module>
    import ttnn
E   ModuleNotFoundError: No module named 'ttnn'
_ ERROR collecting tests/autogen_op/t5-base/test_t5-base_aten_permute_default.py _
ImportError while importing test module '/Users/Ajay17/pytorch2.0_ttnn/tests/autogen_op/t5-base/test_t5-base_aten_permute_default.py'.
Hint: make sure your test modules/packages have valid Python names.
Traceback:
../.pyenv/versions/3.11.10/lib/python3.11/importlib/__init__.py:126: in import_module
    return _bootstrap._gcd_import(name[level:], package, level)
           ^^^^^^^^^^^^^^^^^^^^^^^^^^^^^^^^^^^^^^^^^^^^^^^^^^^^
tests/autogen_op/t5-base/test_t5-base_aten_permute_default.py:8: in <module>
    import ttnn
E   ModuleNotFoundError: No module named 'ttnn'
_ ERROR collecting tests/autogen_op/t5-base/test_t5-base_aten_pow_Tensor_Scalar.py _
ImportError while importing test module '/Users/Ajay17/pytorch2.0_ttnn/tests/autogen_op/t5-base/test_t5-base_aten_pow_Tensor_Scalar.py'.
Hint: make sure your test modules/packages have valid Python names.
Traceback:
../.pyenv/versions/3.11.10/lib/python3.11/importlib/__init__.py:126: in import_module
    return _bootstrap._gcd_import(name[level:], package, level)
           ^^^^^^^^^^^^^^^^^^^^^^^^^^^^^^^^^^^^^^^^^^^^^^^^^^^^
tests/autogen_op/t5-base/test_t5-base_aten_pow_Tensor_Scalar.py:8: in <module>
    import ttnn
E   ModuleNotFoundError: No module named 'ttnn'
_ ERROR collecting tests/autogen_op/t5-base/test_t5-base_aten_relu_default.py __
ImportError while importing test module '/Users/Ajay17/pytorch2.0_ttnn/tests/autogen_op/t5-base/test_t5-base_aten_relu_default.py'.
Hint: make sure your test modules/packages have valid Python names.
Traceback:
../.pyenv/versions/3.11.10/lib/python3.11/importlib/__init__.py:126: in import_module
    return _bootstrap._gcd_import(name[level:], package, level)
           ^^^^^^^^^^^^^^^^^^^^^^^^^^^^^^^^^^^^^^^^^^^^^^^^^^^^
tests/autogen_op/t5-base/test_t5-base_aten_relu_default.py:8: in <module>
    import ttnn
E   ModuleNotFoundError: No module named 'ttnn'
_ ERROR collecting tests/autogen_op/t5-base/test_t5-base_aten_repeat_default.py _
ImportError while importing test module '/Users/Ajay17/pytorch2.0_ttnn/tests/autogen_op/t5-base/test_t5-base_aten_repeat_default.py'.
Hint: make sure your test modules/packages have valid Python names.
Traceback:
../.pyenv/versions/3.11.10/lib/python3.11/importlib/__init__.py:126: in import_module
    return _bootstrap._gcd_import(name[level:], package, level)
           ^^^^^^^^^^^^^^^^^^^^^^^^^^^^^^^^^^^^^^^^^^^^^^^^^^^^
tests/autogen_op/t5-base/test_t5-base_aten_repeat_default.py:8: in <module>
    import ttnn
E   ModuleNotFoundError: No module named 'ttnn'
_ ERROR collecting tests/autogen_op/t5-base/test_t5-base_aten_rsqrt_default.py _
ImportError while importing test module '/Users/Ajay17/pytorch2.0_ttnn/tests/autogen_op/t5-base/test_t5-base_aten_rsqrt_default.py'.
Hint: make sure your test modules/packages have valid Python names.
Traceback:
../.pyenv/versions/3.11.10/lib/python3.11/importlib/__init__.py:126: in import_module
    return _bootstrap._gcd_import(name[level:], package, level)
           ^^^^^^^^^^^^^^^^^^^^^^^^^^^^^^^^^^^^^^^^^^^^^^^^^^^^
tests/autogen_op/t5-base/test_t5-base_aten_rsqrt_default.py:8: in <module>
    import ttnn
E   ModuleNotFoundError: No module named 'ttnn'
__ ERROR collecting tests/autogen_op/t5-base/test_t5-base_aten_rsub_Scalar.py __
ImportError while importing test module '/Users/Ajay17/pytorch2.0_ttnn/tests/autogen_op/t5-base/test_t5-base_aten_rsub_Scalar.py'.
Hint: make sure your test modules/packages have valid Python names.
Traceback:
../.pyenv/versions/3.11.10/lib/python3.11/importlib/__init__.py:126: in import_module
    return _bootstrap._gcd_import(name[level:], package, level)
           ^^^^^^^^^^^^^^^^^^^^^^^^^^^^^^^^^^^^^^^^^^^^^^^^^^^^
tests/autogen_op/t5-base/test_t5-base_aten_rsub_Scalar.py:8: in <module>
    import ttnn
E   ModuleNotFoundError: No module named 'ttnn'
_ ERROR collecting tests/autogen_op/t5-base/test_t5-base_aten_slice_Tensor.py __
ImportError while importing test module '/Users/Ajay17/pytorch2.0_ttnn/tests/autogen_op/t5-base/test_t5-base_aten_slice_Tensor.py'.
Hint: make sure your test modules/packages have valid Python names.
Traceback:
../.pyenv/versions/3.11.10/lib/python3.11/importlib/__init__.py:126: in import_module
    return _bootstrap._gcd_import(name[level:], package, level)
           ^^^^^^^^^^^^^^^^^^^^^^^^^^^^^^^^^^^^^^^^^^^^^^^^^^^^
tests/autogen_op/t5-base/test_t5-base_aten_slice_Tensor.py:8: in <module>
    import ttnn
E   ModuleNotFoundError: No module named 'ttnn'
__ ERROR collecting tests/autogen_op/t5-base/test_t5-base_aten_sub_Tensor.py ___
ImportError while importing test module '/Users/Ajay17/pytorch2.0_ttnn/tests/autogen_op/t5-base/test_t5-base_aten_sub_Tensor.py'.
Hint: make sure your test modules/packages have valid Python names.
Traceback:
../.pyenv/versions/3.11.10/lib/python3.11/importlib/__init__.py:126: in import_module
    return _bootstrap._gcd_import(name[level:], package, level)
           ^^^^^^^^^^^^^^^^^^^^^^^^^^^^^^^^^^^^^^^^^^^^^^^^^^^^
tests/autogen_op/t5-base/test_t5-base_aten_sub_Tensor.py:8: in <module>
    import ttnn
E   ModuleNotFoundError: No module named 'ttnn'
_ ERROR collecting tests/autogen_op/t5-base/test_t5-base_aten_sym_size_int.py __
ImportError while importing test module '/Users/Ajay17/pytorch2.0_ttnn/tests/autogen_op/t5-base/test_t5-base_aten_sym_size_int.py'.
Hint: make sure your test modules/packages have valid Python names.
Traceback:
../.pyenv/versions/3.11.10/lib/python3.11/importlib/__init__.py:126: in import_module
    return _bootstrap._gcd_import(name[level:], package, level)
           ^^^^^^^^^^^^^^^^^^^^^^^^^^^^^^^^^^^^^^^^^^^^^^^^^^^^
tests/autogen_op/t5-base/test_t5-base_aten_sym_size_int.py:8: in <module>
    import ttnn
E   ModuleNotFoundError: No module named 'ttnn'
___ ERROR collecting tests/autogen_op/t5-base/test_t5-base_aten_t_default.py ___
ImportError while importing test module '/Users/Ajay17/pytorch2.0_ttnn/tests/autogen_op/t5-base/test_t5-base_aten_t_default.py'.
Hint: make sure your test modules/packages have valid Python names.
Traceback:
../.pyenv/versions/3.11.10/lib/python3.11/importlib/__init__.py:126: in import_module
    return _bootstrap._gcd_import(name[level:], package, level)
           ^^^^^^^^^^^^^^^^^^^^^^^^^^^^^^^^^^^^^^^^^^^^^^^^^^^^
tests/autogen_op/t5-base/test_t5-base_aten_t_default.py:8: in <module>
    import ttnn
E   ModuleNotFoundError: No module named 'ttnn'
_ ERROR collecting tests/autogen_op/t5-base/test_t5-base_aten_transpose_int.py _
ImportError while importing test module '/Users/Ajay17/pytorch2.0_ttnn/tests/autogen_op/t5-base/test_t5-base_aten_transpose_int.py'.
Hint: make sure your test modules/packages have valid Python names.
Traceback:
../.pyenv/versions/3.11.10/lib/python3.11/importlib/__init__.py:126: in import_module
    return _bootstrap._gcd_import(name[level:], package, level)
           ^^^^^^^^^^^^^^^^^^^^^^^^^^^^^^^^^^^^^^^^^^^^^^^^^^^^
tests/autogen_op/t5-base/test_t5-base_aten_transpose_int.py:8: in <module>
    import ttnn
E   ModuleNotFoundError: No module named 'ttnn'
_ ERROR collecting tests/autogen_op/t5-base/test_t5-base_aten_unsqueeze_default.py _
ImportError while importing test module '/Users/Ajay17/pytorch2.0_ttnn/tests/autogen_op/t5-base/test_t5-base_aten_unsqueeze_default.py'.
Hint: make sure your test modules/packages have valid Python names.
Traceback:
../.pyenv/versions/3.11.10/lib/python3.11/importlib/__init__.py:126: in import_module
    return _bootstrap._gcd_import(name[level:], package, level)
           ^^^^^^^^^^^^^^^^^^^^^^^^^^^^^^^^^^^^^^^^^^^^^^^^^^^^
tests/autogen_op/t5-base/test_t5-base_aten_unsqueeze_default.py:8: in <module>
    import ttnn
E   ModuleNotFoundError: No module named 'ttnn'
_ ERROR collecting tests/autogen_op/t5-base/test_t5-base_aten_view_default.py __
ImportError while importing test module '/Users/Ajay17/pytorch2.0_ttnn/tests/autogen_op/t5-base/test_t5-base_aten_view_default.py'.
Hint: make sure your test modules/packages have valid Python names.
Traceback:
../.pyenv/versions/3.11.10/lib/python3.11/importlib/__init__.py:126: in import_module
    return _bootstrap._gcd_import(name[level:], package, level)
           ^^^^^^^^^^^^^^^^^^^^^^^^^^^^^^^^^^^^^^^^^^^^^^^^^^^^
tests/autogen_op/t5-base/test_t5-base_aten_view_default.py:8: in <module>
    import ttnn
E   ModuleNotFoundError: No module named 'ttnn'
__ ERROR collecting tests/autogen_op/t5-base/test_t5-base_aten_where_self.py ___
ImportError while importing test module '/Users/Ajay17/pytorch2.0_ttnn/tests/autogen_op/t5-base/test_t5-base_aten_where_self.py'.
Hint: make sure your test modules/packages have valid Python names.
Traceback:
../.pyenv/versions/3.11.10/lib/python3.11/importlib/__init__.py:126: in import_module
    return _bootstrap._gcd_import(name[level:], package, level)
           ^^^^^^^^^^^^^^^^^^^^^^^^^^^^^^^^^^^^^^^^^^^^^^^^^^^^
tests/autogen_op/t5-base/test_t5-base_aten_where_self.py:8: in <module>
    import ttnn
E   ModuleNotFoundError: No module named 'ttnn'
_ ERROR collecting tests/autogen_op/t5-base/test_t5-base_aten_zeros_default.py _
ImportError while importing test module '/Users/Ajay17/pytorch2.0_ttnn/tests/autogen_op/t5-base/test_t5-base_aten_zeros_default.py'.
Hint: make sure your test modules/packages have valid Python names.
Traceback:
../.pyenv/versions/3.11.10/lib/python3.11/importlib/__init__.py:126: in import_module
    return _bootstrap._gcd_import(name[level:], package, level)
           ^^^^^^^^^^^^^^^^^^^^^^^^^^^^^^^^^^^^^^^^^^^^^^^^^^^^
tests/autogen_op/t5-base/test_t5-base_aten_zeros_default.py:8: in <module>
    import ttnn
E   ModuleNotFoundError: No module named 'ttnn'
_ ERROR collecting tests/autogen_op/t5-base/test_t5-base_aten_zeros_like_default.py _
ImportError while importing test module '/Users/Ajay17/pytorch2.0_ttnn/tests/autogen_op/t5-base/test_t5-base_aten_zeros_like_default.py'.
Hint: make sure your test modules/packages have valid Python names.
Traceback:
../.pyenv/versions/3.11.10/lib/python3.11/importlib/__init__.py:126: in import_module
    return _bootstrap._gcd_import(name[level:], package, level)
           ^^^^^^^^^^^^^^^^^^^^^^^^^^^^^^^^^^^^^^^^^^^^^^^^^^^^
tests/autogen_op/t5-base/test_t5-base_aten_zeros_like_default.py:8: in <module>
    import ttnn
E   ModuleNotFoundError: No module named 'ttnn'
_ ERROR collecting tests/autogen_op/t5-large/test_t5-large_aten__softmax_default.py _
ImportError while importing test module '/Users/Ajay17/pytorch2.0_ttnn/tests/autogen_op/t5-large/test_t5-large_aten__softmax_default.py'.
Hint: make sure your test modules/packages have valid Python names.
Traceback:
../.pyenv/versions/3.11.10/lib/python3.11/importlib/__init__.py:126: in import_module
    return _bootstrap._gcd_import(name[level:], package, level)
           ^^^^^^^^^^^^^^^^^^^^^^^^^^^^^^^^^^^^^^^^^^^^^^^^^^^^
tests/autogen_op/t5-large/test_t5-large_aten__softmax_default.py:8: in <module>
    import ttnn
E   ModuleNotFoundError: No module named 'ttnn'
_ ERROR collecting tests/autogen_op/t5-large/test_t5-large_aten__to_copy_default.py _
ImportError while importing test module '/Users/Ajay17/pytorch2.0_ttnn/tests/autogen_op/t5-large/test_t5-large_aten__to_copy_default.py'.
Hint: make sure your test modules/packages have valid Python names.
Traceback:
../.pyenv/versions/3.11.10/lib/python3.11/importlib/__init__.py:126: in import_module
    return _bootstrap._gcd_import(name[level:], package, level)
           ^^^^^^^^^^^^^^^^^^^^^^^^^^^^^^^^^^^^^^^^^^^^^^^^^^^^
tests/autogen_op/t5-large/test_t5-large_aten__to_copy_default.py:8: in <module>
    import ttnn
E   ModuleNotFoundError: No module named 'ttnn'
_ ERROR collecting tests/autogen_op/t5-large/test_t5-large_aten_abs_default.py _
ImportError while importing test module '/Users/Ajay17/pytorch2.0_ttnn/tests/autogen_op/t5-large/test_t5-large_aten_abs_default.py'.
Hint: make sure your test modules/packages have valid Python names.
Traceback:
../.pyenv/versions/3.11.10/lib/python3.11/importlib/__init__.py:126: in import_module
    return _bootstrap._gcd_import(name[level:], package, level)
           ^^^^^^^^^^^^^^^^^^^^^^^^^^^^^^^^^^^^^^^^^^^^^^^^^^^^
tests/autogen_op/t5-large/test_t5-large_aten_abs_default.py:8: in <module>
    import ttnn
E   ModuleNotFoundError: No module named 'ttnn'
_ ERROR collecting tests/autogen_op/t5-large/test_t5-large_aten_add_Tensor.py __
ImportError while importing test module '/Users/Ajay17/pytorch2.0_ttnn/tests/autogen_op/t5-large/test_t5-large_aten_add_Tensor.py'.
Hint: make sure your test modules/packages have valid Python names.
Traceback:
../.pyenv/versions/3.11.10/lib/python3.11/importlib/__init__.py:126: in import_module
    return _bootstrap._gcd_import(name[level:], package, level)
           ^^^^^^^^^^^^^^^^^^^^^^^^^^^^^^^^^^^^^^^^^^^^^^^^^^^^
tests/autogen_op/t5-large/test_t5-large_aten_add_Tensor.py:8: in <module>
    import ttnn
E   ModuleNotFoundError: No module named 'ttnn'
_ ERROR collecting tests/autogen_op/t5-large/test_t5-large_aten_arange_default.py _
ImportError while importing test module '/Users/Ajay17/pytorch2.0_ttnn/tests/autogen_op/t5-large/test_t5-large_aten_arange_default.py'.
Hint: make sure your test modules/packages have valid Python names.
Traceback:
../.pyenv/versions/3.11.10/lib/python3.11/importlib/__init__.py:126: in import_module
    return _bootstrap._gcd_import(name[level:], package, level)
           ^^^^^^^^^^^^^^^^^^^^^^^^^^^^^^^^^^^^^^^^^^^^^^^^^^^^
tests/autogen_op/t5-large/test_t5-large_aten_arange_default.py:8: in <module>
    import ttnn
E   ModuleNotFoundError: No module named 'ttnn'
_ ERROR collecting tests/autogen_op/t5-large/test_t5-large_aten_bmm_default.py _
ImportError while importing test module '/Users/Ajay17/pytorch2.0_ttnn/tests/autogen_op/t5-large/test_t5-large_aten_bmm_default.py'.
Hint: make sure your test modules/packages have valid Python names.
Traceback:
../.pyenv/versions/3.11.10/lib/python3.11/importlib/__init__.py:126: in import_module
    return _bootstrap._gcd_import(name[level:], package, level)
           ^^^^^^^^^^^^^^^^^^^^^^^^^^^^^^^^^^^^^^^^^^^^^^^^^^^^
tests/autogen_op/t5-large/test_t5-large_aten_bmm_default.py:8: in <module>
    import ttnn
E   ModuleNotFoundError: No module named 'ttnn'
_ ERROR collecting tests/autogen_op/t5-large/test_t5-large_aten_cat_default.py _
ImportError while importing test module '/Users/Ajay17/pytorch2.0_ttnn/tests/autogen_op/t5-large/test_t5-large_aten_cat_default.py'.
Hint: make sure your test modules/packages have valid Python names.
Traceback:
../.pyenv/versions/3.11.10/lib/python3.11/importlib/__init__.py:126: in import_module
    return _bootstrap._gcd_import(name[level:], package, level)
           ^^^^^^^^^^^^^^^^^^^^^^^^^^^^^^^^^^^^^^^^^^^^^^^^^^^^
tests/autogen_op/t5-large/test_t5-large_aten_cat_default.py:8: in <module>
    import ttnn
E   ModuleNotFoundError: No module named 'ttnn'
_ ERROR collecting tests/autogen_op/t5-large/test_t5-large_aten_clone_default.py _
ImportError while importing test module '/Users/Ajay17/pytorch2.0_ttnn/tests/autogen_op/t5-large/test_t5-large_aten_clone_default.py'.
Hint: make sure your test modules/packages have valid Python names.
Traceback:
../.pyenv/versions/3.11.10/lib/python3.11/importlib/__init__.py:126: in import_module
    return _bootstrap._gcd_import(name[level:], package, level)
           ^^^^^^^^^^^^^^^^^^^^^^^^^^^^^^^^^^^^^^^^^^^^^^^^^^^^
tests/autogen_op/t5-large/test_t5-large_aten_clone_default.py:8: in <module>
    import ttnn
E   ModuleNotFoundError: No module named 'ttnn'
_ ERROR collecting tests/autogen_op/t5-large/test_t5-large_aten_div_Tensor.py __
ImportError while importing test module '/Users/Ajay17/pytorch2.0_ttnn/tests/autogen_op/t5-large/test_t5-large_aten_div_Tensor.py'.
Hint: make sure your test modules/packages have valid Python names.
Traceback:
../.pyenv/versions/3.11.10/lib/python3.11/importlib/__init__.py:126: in import_module
    return _bootstrap._gcd_import(name[level:], package, level)
           ^^^^^^^^^^^^^^^^^^^^^^^^^^^^^^^^^^^^^^^^^^^^^^^^^^^^
tests/autogen_op/t5-large/test_t5-large_aten_div_Tensor.py:8: in <module>
    import ttnn
E   ModuleNotFoundError: No module named 'ttnn'
_ ERROR collecting tests/autogen_op/t5-large/test_t5-large_aten_embedding_default.py _
ImportError while importing test module '/Users/Ajay17/pytorch2.0_ttnn/tests/autogen_op/t5-large/test_t5-large_aten_embedding_default.py'.
Hint: make sure your test modules/packages have valid Python names.
Traceback:
../.pyenv/versions/3.11.10/lib/python3.11/importlib/__init__.py:126: in import_module
    return _bootstrap._gcd_import(name[level:], package, level)
           ^^^^^^^^^^^^^^^^^^^^^^^^^^^^^^^^^^^^^^^^^^^^^^^^^^^^
tests/autogen_op/t5-large/test_t5-large_aten_embedding_default.py:8: in <module>
    import ttnn
E   ModuleNotFoundError: No module named 'ttnn'
_ ERROR collecting tests/autogen_op/t5-large/test_t5-large_aten_expand_default.py _
ImportError while importing test module '/Users/Ajay17/pytorch2.0_ttnn/tests/autogen_op/t5-large/test_t5-large_aten_expand_default.py'.
Hint: make sure your test modules/packages have valid Python names.
Traceback:
../.pyenv/versions/3.11.10/lib/python3.11/importlib/__init__.py:126: in import_module
    return _bootstrap._gcd_import(name[level:], package, level)
           ^^^^^^^^^^^^^^^^^^^^^^^^^^^^^^^^^^^^^^^^^^^^^^^^^^^^
tests/autogen_op/t5-large/test_t5-large_aten_expand_default.py:8: in <module>
    import ttnn
E   ModuleNotFoundError: No module named 'ttnn'
_ ERROR collecting tests/autogen_op/t5-large/test_t5-large_aten_full_like_default.py _
ImportError while importing test module '/Users/Ajay17/pytorch2.0_ttnn/tests/autogen_op/t5-large/test_t5-large_aten_full_like_default.py'.
Hint: make sure your test modules/packages have valid Python names.
Traceback:
../.pyenv/versions/3.11.10/lib/python3.11/importlib/__init__.py:126: in import_module
    return _bootstrap._gcd_import(name[level:], package, level)
           ^^^^^^^^^^^^^^^^^^^^^^^^^^^^^^^^^^^^^^^^^^^^^^^^^^^^
tests/autogen_op/t5-large/test_t5-large_aten_full_like_default.py:8: in <module>
    import ttnn
E   ModuleNotFoundError: No module named 'ttnn'
__ ERROR collecting tests/autogen_op/t5-large/test_t5-large_aten_gt_Scalar.py __
ImportError while importing test module '/Users/Ajay17/pytorch2.0_ttnn/tests/autogen_op/t5-large/test_t5-large_aten_gt_Scalar.py'.
Hint: make sure your test modules/packages have valid Python names.
Traceback:
../.pyenv/versions/3.11.10/lib/python3.11/importlib/__init__.py:126: in import_module
    return _bootstrap._gcd_import(name[level:], package, level)
           ^^^^^^^^^^^^^^^^^^^^^^^^^^^^^^^^^^^^^^^^^^^^^^^^^^^^
tests/autogen_op/t5-large/test_t5-large_aten_gt_Scalar.py:8: in <module>
    import ttnn
E   ModuleNotFoundError: No module named 'ttnn'
__ ERROR collecting tests/autogen_op/t5-large/test_t5-large_aten_le_Tensor.py __
ImportError while importing test module '/Users/Ajay17/pytorch2.0_ttnn/tests/autogen_op/t5-large/test_t5-large_aten_le_Tensor.py'.
Hint: make sure your test modules/packages have valid Python names.
Traceback:
../.pyenv/versions/3.11.10/lib/python3.11/importlib/__init__.py:126: in import_module
    return _bootstrap._gcd_import(name[level:], package, level)
           ^^^^^^^^^^^^^^^^^^^^^^^^^^^^^^^^^^^^^^^^^^^^^^^^^^^^
tests/autogen_op/t5-large/test_t5-large_aten_le_Tensor.py:8: in <module>
    import ttnn
E   ModuleNotFoundError: No module named 'ttnn'
_ ERROR collecting tests/autogen_op/t5-large/test_t5-large_aten_log_default.py _
ImportError while importing test module '/Users/Ajay17/pytorch2.0_ttnn/tests/autogen_op/t5-large/test_t5-large_aten_log_default.py'.
Hint: make sure your test modules/packages have valid Python names.
Traceback:
../.pyenv/versions/3.11.10/lib/python3.11/importlib/__init__.py:126: in import_module
    return _bootstrap._gcd_import(name[level:], package, level)
           ^^^^^^^^^^^^^^^^^^^^^^^^^^^^^^^^^^^^^^^^^^^^^^^^^^^^
tests/autogen_op/t5-large/test_t5-large_aten_log_default.py:8: in <module>
    import ttnn
E   ModuleNotFoundError: No module named 'ttnn'
__ ERROR collecting tests/autogen_op/t5-large/test_t5-large_aten_lt_Scalar.py __
ImportError while importing test module '/Users/Ajay17/pytorch2.0_ttnn/tests/autogen_op/t5-large/test_t5-large_aten_lt_Scalar.py'.
Hint: make sure your test modules/packages have valid Python names.
Traceback:
../.pyenv/versions/3.11.10/lib/python3.11/importlib/__init__.py:126: in import_module
    return _bootstrap._gcd_import(name[level:], package, level)
           ^^^^^^^^^^^^^^^^^^^^^^^^^^^^^^^^^^^^^^^^^^^^^^^^^^^^
tests/autogen_op/t5-large/test_t5-large_aten_lt_Scalar.py:8: in <module>
    import ttnn
E   ModuleNotFoundError: No module named 'ttnn'
__ ERROR collecting tests/autogen_op/t5-large/test_t5-large_aten_mean_dim.py ___
ImportError while importing test module '/Users/Ajay17/pytorch2.0_ttnn/tests/autogen_op/t5-large/test_t5-large_aten_mean_dim.py'.
Hint: make sure your test modules/packages have valid Python names.
Traceback:
../.pyenv/versions/3.11.10/lib/python3.11/importlib/__init__.py:126: in import_module
    return _bootstrap._gcd_import(name[level:], package, level)
           ^^^^^^^^^^^^^^^^^^^^^^^^^^^^^^^^^^^^^^^^^^^^^^^^^^^^
tests/autogen_op/t5-large/test_t5-large_aten_mean_dim.py:8: in <module>
    import ttnn
E   ModuleNotFoundError: No module named 'ttnn'
_ ERROR collecting tests/autogen_op/t5-large/test_t5-large_aten_minimum_default.py _
ImportError while importing test module '/Users/Ajay17/pytorch2.0_ttnn/tests/autogen_op/t5-large/test_t5-large_aten_minimum_default.py'.
Hint: make sure your test modules/packages have valid Python names.
Traceback:
../.pyenv/versions/3.11.10/lib/python3.11/importlib/__init__.py:126: in import_module
    return _bootstrap._gcd_import(name[level:], package, level)
           ^^^^^^^^^^^^^^^^^^^^^^^^^^^^^^^^^^^^^^^^^^^^^^^^^^^^
tests/autogen_op/t5-large/test_t5-large_aten_minimum_default.py:8: in <module>
    import ttnn
E   ModuleNotFoundError: No module named 'ttnn'
_ ERROR collecting tests/autogen_op/t5-large/test_t5-large_aten_mm_default.py __
ImportError while importing test module '/Users/Ajay17/pytorch2.0_ttnn/tests/autogen_op/t5-large/test_t5-large_aten_mm_default.py'.
Hint: make sure your test modules/packages have valid Python names.
Traceback:
../.pyenv/versions/3.11.10/lib/python3.11/importlib/__init__.py:126: in import_module
    return _bootstrap._gcd_import(name[level:], package, level)
           ^^^^^^^^^^^^^^^^^^^^^^^^^^^^^^^^^^^^^^^^^^^^^^^^^^^^
tests/autogen_op/t5-large/test_t5-large_aten_mm_default.py:8: in <module>
    import ttnn
E   ModuleNotFoundError: No module named 'ttnn'
_ ERROR collecting tests/autogen_op/t5-large/test_t5-large_aten_mul_Tensor.py __
ImportError while importing test module '/Users/Ajay17/pytorch2.0_ttnn/tests/autogen_op/t5-large/test_t5-large_aten_mul_Tensor.py'.
Hint: make sure your test modules/packages have valid Python names.
Traceback:
../.pyenv/versions/3.11.10/lib/python3.11/importlib/__init__.py:126: in import_module
    return _bootstrap._gcd_import(name[level:], package, level)
           ^^^^^^^^^^^^^^^^^^^^^^^^^^^^^^^^^^^^^^^^^^^^^^^^^^^^
tests/autogen_op/t5-large/test_t5-large_aten_mul_Tensor.py:8: in <module>
    import ttnn
E   ModuleNotFoundError: No module named 'ttnn'
_ ERROR collecting tests/autogen_op/t5-large/test_t5-large_aten_neg_default.py _
ImportError while importing test module '/Users/Ajay17/pytorch2.0_ttnn/tests/autogen_op/t5-large/test_t5-large_aten_neg_default.py'.
Hint: make sure your test modules/packages have valid Python names.
Traceback:
../.pyenv/versions/3.11.10/lib/python3.11/importlib/__init__.py:126: in import_module
    return _bootstrap._gcd_import(name[level:], package, level)
           ^^^^^^^^^^^^^^^^^^^^^^^^^^^^^^^^^^^^^^^^^^^^^^^^^^^^
tests/autogen_op/t5-large/test_t5-large_aten_neg_default.py:8: in <module>
    import ttnn
E   ModuleNotFoundError: No module named 'ttnn'
_ ERROR collecting tests/autogen_op/t5-large/test_t5-large_aten_ones_default.py _
ImportError while importing test module '/Users/Ajay17/pytorch2.0_ttnn/tests/autogen_op/t5-large/test_t5-large_aten_ones_default.py'.
Hint: make sure your test modules/packages have valid Python names.
Traceback:
../.pyenv/versions/3.11.10/lib/python3.11/importlib/__init__.py:126: in import_module
    return _bootstrap._gcd_import(name[level:], package, level)
           ^^^^^^^^^^^^^^^^^^^^^^^^^^^^^^^^^^^^^^^^^^^^^^^^^^^^
tests/autogen_op/t5-large/test_t5-large_aten_ones_default.py:8: in <module>
    import ttnn
E   ModuleNotFoundError: No module named 'ttnn'
_ ERROR collecting tests/autogen_op/t5-large/test_t5-large_aten_permute_default.py _
ImportError while importing test module '/Users/Ajay17/pytorch2.0_ttnn/tests/autogen_op/t5-large/test_t5-large_aten_permute_default.py'.
Hint: make sure your test modules/packages have valid Python names.
Traceback:
../.pyenv/versions/3.11.10/lib/python3.11/importlib/__init__.py:126: in import_module
    return _bootstrap._gcd_import(name[level:], package, level)
           ^^^^^^^^^^^^^^^^^^^^^^^^^^^^^^^^^^^^^^^^^^^^^^^^^^^^
tests/autogen_op/t5-large/test_t5-large_aten_permute_default.py:8: in <module>
    import ttnn
E   ModuleNotFoundError: No module named 'ttnn'
_ ERROR collecting tests/autogen_op/t5-large/test_t5-large_aten_pow_Tensor_Scalar.py _
ImportError while importing test module '/Users/Ajay17/pytorch2.0_ttnn/tests/autogen_op/t5-large/test_t5-large_aten_pow_Tensor_Scalar.py'.
Hint: make sure your test modules/packages have valid Python names.
Traceback:
../.pyenv/versions/3.11.10/lib/python3.11/importlib/__init__.py:126: in import_module
    return _bootstrap._gcd_import(name[level:], package, level)
           ^^^^^^^^^^^^^^^^^^^^^^^^^^^^^^^^^^^^^^^^^^^^^^^^^^^^
tests/autogen_op/t5-large/test_t5-large_aten_pow_Tensor_Scalar.py:8: in <module>
    import ttnn
E   ModuleNotFoundError: No module named 'ttnn'
_ ERROR collecting tests/autogen_op/t5-large/test_t5-large_aten_relu_default.py _
ImportError while importing test module '/Users/Ajay17/pytorch2.0_ttnn/tests/autogen_op/t5-large/test_t5-large_aten_relu_default.py'.
Hint: make sure your test modules/packages have valid Python names.
Traceback:
../.pyenv/versions/3.11.10/lib/python3.11/importlib/__init__.py:126: in import_module
    return _bootstrap._gcd_import(name[level:], package, level)
           ^^^^^^^^^^^^^^^^^^^^^^^^^^^^^^^^^^^^^^^^^^^^^^^^^^^^
tests/autogen_op/t5-large/test_t5-large_aten_relu_default.py:8: in <module>
    import ttnn
E   ModuleNotFoundError: No module named 'ttnn'
_ ERROR collecting tests/autogen_op/t5-large/test_t5-large_aten_repeat_default.py _
ImportError while importing test module '/Users/Ajay17/pytorch2.0_ttnn/tests/autogen_op/t5-large/test_t5-large_aten_repeat_default.py'.
Hint: make sure your test modules/packages have valid Python names.
Traceback:
../.pyenv/versions/3.11.10/lib/python3.11/importlib/__init__.py:126: in import_module
    return _bootstrap._gcd_import(name[level:], package, level)
           ^^^^^^^^^^^^^^^^^^^^^^^^^^^^^^^^^^^^^^^^^^^^^^^^^^^^
tests/autogen_op/t5-large/test_t5-large_aten_repeat_default.py:8: in <module>
    import ttnn
E   ModuleNotFoundError: No module named 'ttnn'
_ ERROR collecting tests/autogen_op/t5-large/test_t5-large_aten_rsqrt_default.py _
ImportError while importing test module '/Users/Ajay17/pytorch2.0_ttnn/tests/autogen_op/t5-large/test_t5-large_aten_rsqrt_default.py'.
Hint: make sure your test modules/packages have valid Python names.
Traceback:
../.pyenv/versions/3.11.10/lib/python3.11/importlib/__init__.py:126: in import_module
    return _bootstrap._gcd_import(name[level:], package, level)
           ^^^^^^^^^^^^^^^^^^^^^^^^^^^^^^^^^^^^^^^^^^^^^^^^^^^^
tests/autogen_op/t5-large/test_t5-large_aten_rsqrt_default.py:8: in <module>
    import ttnn
E   ModuleNotFoundError: No module named 'ttnn'
_ ERROR collecting tests/autogen_op/t5-large/test_t5-large_aten_rsub_Scalar.py _
ImportError while importing test module '/Users/Ajay17/pytorch2.0_ttnn/tests/autogen_op/t5-large/test_t5-large_aten_rsub_Scalar.py'.
Hint: make sure your test modules/packages have valid Python names.
Traceback:
../.pyenv/versions/3.11.10/lib/python3.11/importlib/__init__.py:126: in import_module
    return _bootstrap._gcd_import(name[level:], package, level)
           ^^^^^^^^^^^^^^^^^^^^^^^^^^^^^^^^^^^^^^^^^^^^^^^^^^^^
tests/autogen_op/t5-large/test_t5-large_aten_rsub_Scalar.py:8: in <module>
    import ttnn
E   ModuleNotFoundError: No module named 'ttnn'
_ ERROR collecting tests/autogen_op/t5-large/test_t5-large_aten_slice_Tensor.py _
ImportError while importing test module '/Users/Ajay17/pytorch2.0_ttnn/tests/autogen_op/t5-large/test_t5-large_aten_slice_Tensor.py'.
Hint: make sure your test modules/packages have valid Python names.
Traceback:
../.pyenv/versions/3.11.10/lib/python3.11/importlib/__init__.py:126: in import_module
    return _bootstrap._gcd_import(name[level:], package, level)
           ^^^^^^^^^^^^^^^^^^^^^^^^^^^^^^^^^^^^^^^^^^^^^^^^^^^^
tests/autogen_op/t5-large/test_t5-large_aten_slice_Tensor.py:8: in <module>
    import ttnn
E   ModuleNotFoundError: No module named 'ttnn'
_ ERROR collecting tests/autogen_op/t5-large/test_t5-large_aten_sub_Tensor.py __
ImportError while importing test module '/Users/Ajay17/pytorch2.0_ttnn/tests/autogen_op/t5-large/test_t5-large_aten_sub_Tensor.py'.
Hint: make sure your test modules/packages have valid Python names.
Traceback:
../.pyenv/versions/3.11.10/lib/python3.11/importlib/__init__.py:126: in import_module
    return _bootstrap._gcd_import(name[level:], package, level)
           ^^^^^^^^^^^^^^^^^^^^^^^^^^^^^^^^^^^^^^^^^^^^^^^^^^^^
tests/autogen_op/t5-large/test_t5-large_aten_sub_Tensor.py:8: in <module>
    import ttnn
E   ModuleNotFoundError: No module named 'ttnn'
_ ERROR collecting tests/autogen_op/t5-large/test_t5-large_aten_sym_size_int.py _
ImportError while importing test module '/Users/Ajay17/pytorch2.0_ttnn/tests/autogen_op/t5-large/test_t5-large_aten_sym_size_int.py'.
Hint: make sure your test modules/packages have valid Python names.
Traceback:
../.pyenv/versions/3.11.10/lib/python3.11/importlib/__init__.py:126: in import_module
    return _bootstrap._gcd_import(name[level:], package, level)
           ^^^^^^^^^^^^^^^^^^^^^^^^^^^^^^^^^^^^^^^^^^^^^^^^^^^^
tests/autogen_op/t5-large/test_t5-large_aten_sym_size_int.py:8: in <module>
    import ttnn
E   ModuleNotFoundError: No module named 'ttnn'
__ ERROR collecting tests/autogen_op/t5-large/test_t5-large_aten_t_default.py __
ImportError while importing test module '/Users/Ajay17/pytorch2.0_ttnn/tests/autogen_op/t5-large/test_t5-large_aten_t_default.py'.
Hint: make sure your test modules/packages have valid Python names.
Traceback:
../.pyenv/versions/3.11.10/lib/python3.11/importlib/__init__.py:126: in import_module
    return _bootstrap._gcd_import(name[level:], package, level)
           ^^^^^^^^^^^^^^^^^^^^^^^^^^^^^^^^^^^^^^^^^^^^^^^^^^^^
tests/autogen_op/t5-large/test_t5-large_aten_t_default.py:8: in <module>
    import ttnn
E   ModuleNotFoundError: No module named 'ttnn'
_ ERROR collecting tests/autogen_op/t5-large/test_t5-large_aten_transpose_int.py _
ImportError while importing test module '/Users/Ajay17/pytorch2.0_ttnn/tests/autogen_op/t5-large/test_t5-large_aten_transpose_int.py'.
Hint: make sure your test modules/packages have valid Python names.
Traceback:
../.pyenv/versions/3.11.10/lib/python3.11/importlib/__init__.py:126: in import_module
    return _bootstrap._gcd_import(name[level:], package, level)
           ^^^^^^^^^^^^^^^^^^^^^^^^^^^^^^^^^^^^^^^^^^^^^^^^^^^^
tests/autogen_op/t5-large/test_t5-large_aten_transpose_int.py:8: in <module>
    import ttnn
E   ModuleNotFoundError: No module named 'ttnn'
_ ERROR collecting tests/autogen_op/t5-large/test_t5-large_aten_unsqueeze_default.py _
ImportError while importing test module '/Users/Ajay17/pytorch2.0_ttnn/tests/autogen_op/t5-large/test_t5-large_aten_unsqueeze_default.py'.
Hint: make sure your test modules/packages have valid Python names.
Traceback:
../.pyenv/versions/3.11.10/lib/python3.11/importlib/__init__.py:126: in import_module
    return _bootstrap._gcd_import(name[level:], package, level)
           ^^^^^^^^^^^^^^^^^^^^^^^^^^^^^^^^^^^^^^^^^^^^^^^^^^^^
tests/autogen_op/t5-large/test_t5-large_aten_unsqueeze_default.py:8: in <module>
    import ttnn
E   ModuleNotFoundError: No module named 'ttnn'
_ ERROR collecting tests/autogen_op/t5-large/test_t5-large_aten_view_default.py _
ImportError while importing test module '/Users/Ajay17/pytorch2.0_ttnn/tests/autogen_op/t5-large/test_t5-large_aten_view_default.py'.
Hint: make sure your test modules/packages have valid Python names.
Traceback:
../.pyenv/versions/3.11.10/lib/python3.11/importlib/__init__.py:126: in import_module
    return _bootstrap._gcd_import(name[level:], package, level)
           ^^^^^^^^^^^^^^^^^^^^^^^^^^^^^^^^^^^^^^^^^^^^^^^^^^^^
tests/autogen_op/t5-large/test_t5-large_aten_view_default.py:8: in <module>
    import ttnn
E   ModuleNotFoundError: No module named 'ttnn'
_ ERROR collecting tests/autogen_op/t5-large/test_t5-large_aten_where_self.py __
ImportError while importing test module '/Users/Ajay17/pytorch2.0_ttnn/tests/autogen_op/t5-large/test_t5-large_aten_where_self.py'.
Hint: make sure your test modules/packages have valid Python names.
Traceback:
../.pyenv/versions/3.11.10/lib/python3.11/importlib/__init__.py:126: in import_module
    return _bootstrap._gcd_import(name[level:], package, level)
           ^^^^^^^^^^^^^^^^^^^^^^^^^^^^^^^^^^^^^^^^^^^^^^^^^^^^
tests/autogen_op/t5-large/test_t5-large_aten_where_self.py:8: in <module>
    import ttnn
E   ModuleNotFoundError: No module named 'ttnn'
_ ERROR collecting tests/autogen_op/t5-large/test_t5-large_aten_zeros_default.py _
ImportError while importing test module '/Users/Ajay17/pytorch2.0_ttnn/tests/autogen_op/t5-large/test_t5-large_aten_zeros_default.py'.
Hint: make sure your test modules/packages have valid Python names.
Traceback:
../.pyenv/versions/3.11.10/lib/python3.11/importlib/__init__.py:126: in import_module
    return _bootstrap._gcd_import(name[level:], package, level)
           ^^^^^^^^^^^^^^^^^^^^^^^^^^^^^^^^^^^^^^^^^^^^^^^^^^^^
tests/autogen_op/t5-large/test_t5-large_aten_zeros_default.py:8: in <module>
    import ttnn
E   ModuleNotFoundError: No module named 'ttnn'
_ ERROR collecting tests/autogen_op/t5-large/test_t5-large_aten_zeros_like_default.py _
ImportError while importing test module '/Users/Ajay17/pytorch2.0_ttnn/tests/autogen_op/t5-large/test_t5-large_aten_zeros_like_default.py'.
Hint: make sure your test modules/packages have valid Python names.
Traceback:
../.pyenv/versions/3.11.10/lib/python3.11/importlib/__init__.py:126: in import_module
    return _bootstrap._gcd_import(name[level:], package, level)
           ^^^^^^^^^^^^^^^^^^^^^^^^^^^^^^^^^^^^^^^^^^^^^^^^^^^^
tests/autogen_op/t5-large/test_t5-large_aten_zeros_like_default.py:8: in <module>
    import ttnn
E   ModuleNotFoundError: No module named 'ttnn'
_ ERROR collecting tests/autogen_op/t5-small/test_t5-small_aten__softmax_default.py _
ImportError while importing test module '/Users/Ajay17/pytorch2.0_ttnn/tests/autogen_op/t5-small/test_t5-small_aten__softmax_default.py'.
Hint: make sure your test modules/packages have valid Python names.
Traceback:
../.pyenv/versions/3.11.10/lib/python3.11/importlib/__init__.py:126: in import_module
    return _bootstrap._gcd_import(name[level:], package, level)
           ^^^^^^^^^^^^^^^^^^^^^^^^^^^^^^^^^^^^^^^^^^^^^^^^^^^^
tests/autogen_op/t5-small/test_t5-small_aten__softmax_default.py:8: in <module>
    import ttnn
E   ModuleNotFoundError: No module named 'ttnn'
_ ERROR collecting tests/autogen_op/t5-small/test_t5-small_aten__to_copy_default.py _
ImportError while importing test module '/Users/Ajay17/pytorch2.0_ttnn/tests/autogen_op/t5-small/test_t5-small_aten__to_copy_default.py'.
Hint: make sure your test modules/packages have valid Python names.
Traceback:
../.pyenv/versions/3.11.10/lib/python3.11/importlib/__init__.py:126: in import_module
    return _bootstrap._gcd_import(name[level:], package, level)
           ^^^^^^^^^^^^^^^^^^^^^^^^^^^^^^^^^^^^^^^^^^^^^^^^^^^^
tests/autogen_op/t5-small/test_t5-small_aten__to_copy_default.py:8: in <module>
    import ttnn
E   ModuleNotFoundError: No module named 'ttnn'
_ ERROR collecting tests/autogen_op/t5-small/test_t5-small_aten_abs_default.py _
ImportError while importing test module '/Users/Ajay17/pytorch2.0_ttnn/tests/autogen_op/t5-small/test_t5-small_aten_abs_default.py'.
Hint: make sure your test modules/packages have valid Python names.
Traceback:
../.pyenv/versions/3.11.10/lib/python3.11/importlib/__init__.py:126: in import_module
    return _bootstrap._gcd_import(name[level:], package, level)
           ^^^^^^^^^^^^^^^^^^^^^^^^^^^^^^^^^^^^^^^^^^^^^^^^^^^^
tests/autogen_op/t5-small/test_t5-small_aten_abs_default.py:8: in <module>
    import ttnn
E   ModuleNotFoundError: No module named 'ttnn'
_ ERROR collecting tests/autogen_op/t5-small/test_t5-small_aten_add_Tensor.py __
ImportError while importing test module '/Users/Ajay17/pytorch2.0_ttnn/tests/autogen_op/t5-small/test_t5-small_aten_add_Tensor.py'.
Hint: make sure your test modules/packages have valid Python names.
Traceback:
../.pyenv/versions/3.11.10/lib/python3.11/importlib/__init__.py:126: in import_module
    return _bootstrap._gcd_import(name[level:], package, level)
           ^^^^^^^^^^^^^^^^^^^^^^^^^^^^^^^^^^^^^^^^^^^^^^^^^^^^
tests/autogen_op/t5-small/test_t5-small_aten_add_Tensor.py:8: in <module>
    import ttnn
E   ModuleNotFoundError: No module named 'ttnn'
_ ERROR collecting tests/autogen_op/t5-small/test_t5-small_aten_arange_default.py _
ImportError while importing test module '/Users/Ajay17/pytorch2.0_ttnn/tests/autogen_op/t5-small/test_t5-small_aten_arange_default.py'.
Hint: make sure your test modules/packages have valid Python names.
Traceback:
../.pyenv/versions/3.11.10/lib/python3.11/importlib/__init__.py:126: in import_module
    return _bootstrap._gcd_import(name[level:], package, level)
           ^^^^^^^^^^^^^^^^^^^^^^^^^^^^^^^^^^^^^^^^^^^^^^^^^^^^
tests/autogen_op/t5-small/test_t5-small_aten_arange_default.py:8: in <module>
    import ttnn
E   ModuleNotFoundError: No module named 'ttnn'
_ ERROR collecting tests/autogen_op/t5-small/test_t5-small_aten_bmm_default.py _
ImportError while importing test module '/Users/Ajay17/pytorch2.0_ttnn/tests/autogen_op/t5-small/test_t5-small_aten_bmm_default.py'.
Hint: make sure your test modules/packages have valid Python names.
Traceback:
../.pyenv/versions/3.11.10/lib/python3.11/importlib/__init__.py:126: in import_module
    return _bootstrap._gcd_import(name[level:], package, level)
           ^^^^^^^^^^^^^^^^^^^^^^^^^^^^^^^^^^^^^^^^^^^^^^^^^^^^
tests/autogen_op/t5-small/test_t5-small_aten_bmm_default.py:8: in <module>
    import ttnn
E   ModuleNotFoundError: No module named 'ttnn'
_ ERROR collecting tests/autogen_op/t5-small/test_t5-small_aten_cat_default.py _
ImportError while importing test module '/Users/Ajay17/pytorch2.0_ttnn/tests/autogen_op/t5-small/test_t5-small_aten_cat_default.py'.
Hint: make sure your test modules/packages have valid Python names.
Traceback:
../.pyenv/versions/3.11.10/lib/python3.11/importlib/__init__.py:126: in import_module
    return _bootstrap._gcd_import(name[level:], package, level)
           ^^^^^^^^^^^^^^^^^^^^^^^^^^^^^^^^^^^^^^^^^^^^^^^^^^^^
tests/autogen_op/t5-small/test_t5-small_aten_cat_default.py:8: in <module>
    import ttnn
E   ModuleNotFoundError: No module named 'ttnn'
_ ERROR collecting tests/autogen_op/t5-small/test_t5-small_aten_clone_default.py _
ImportError while importing test module '/Users/Ajay17/pytorch2.0_ttnn/tests/autogen_op/t5-small/test_t5-small_aten_clone_default.py'.
Hint: make sure your test modules/packages have valid Python names.
Traceback:
../.pyenv/versions/3.11.10/lib/python3.11/importlib/__init__.py:126: in import_module
    return _bootstrap._gcd_import(name[level:], package, level)
           ^^^^^^^^^^^^^^^^^^^^^^^^^^^^^^^^^^^^^^^^^^^^^^^^^^^^
tests/autogen_op/t5-small/test_t5-small_aten_clone_default.py:8: in <module>
    import ttnn
E   ModuleNotFoundError: No module named 'ttnn'
_ ERROR collecting tests/autogen_op/t5-small/test_t5-small_aten_div_Tensor.py __
ImportError while importing test module '/Users/Ajay17/pytorch2.0_ttnn/tests/autogen_op/t5-small/test_t5-small_aten_div_Tensor.py'.
Hint: make sure your test modules/packages have valid Python names.
Traceback:
../.pyenv/versions/3.11.10/lib/python3.11/importlib/__init__.py:126: in import_module
    return _bootstrap._gcd_import(name[level:], package, level)
           ^^^^^^^^^^^^^^^^^^^^^^^^^^^^^^^^^^^^^^^^^^^^^^^^^^^^
tests/autogen_op/t5-small/test_t5-small_aten_div_Tensor.py:8: in <module>
    import ttnn
E   ModuleNotFoundError: No module named 'ttnn'
_ ERROR collecting tests/autogen_op/t5-small/test_t5-small_aten_embedding_default.py _
ImportError while importing test module '/Users/Ajay17/pytorch2.0_ttnn/tests/autogen_op/t5-small/test_t5-small_aten_embedding_default.py'.
Hint: make sure your test modules/packages have valid Python names.
Traceback:
../.pyenv/versions/3.11.10/lib/python3.11/importlib/__init__.py:126: in import_module
    return _bootstrap._gcd_import(name[level:], package, level)
           ^^^^^^^^^^^^^^^^^^^^^^^^^^^^^^^^^^^^^^^^^^^^^^^^^^^^
tests/autogen_op/t5-small/test_t5-small_aten_embedding_default.py:8: in <module>
    import ttnn
E   ModuleNotFoundError: No module named 'ttnn'
_ ERROR collecting tests/autogen_op/t5-small/test_t5-small_aten_expand_default.py _
ImportError while importing test module '/Users/Ajay17/pytorch2.0_ttnn/tests/autogen_op/t5-small/test_t5-small_aten_expand_default.py'.
Hint: make sure your test modules/packages have valid Python names.
Traceback:
../.pyenv/versions/3.11.10/lib/python3.11/importlib/__init__.py:126: in import_module
    return _bootstrap._gcd_import(name[level:], package, level)
           ^^^^^^^^^^^^^^^^^^^^^^^^^^^^^^^^^^^^^^^^^^^^^^^^^^^^
tests/autogen_op/t5-small/test_t5-small_aten_expand_default.py:8: in <module>
    import ttnn
E   ModuleNotFoundError: No module named 'ttnn'
_ ERROR collecting tests/autogen_op/t5-small/test_t5-small_aten_full_like_default.py _
ImportError while importing test module '/Users/Ajay17/pytorch2.0_ttnn/tests/autogen_op/t5-small/test_t5-small_aten_full_like_default.py'.
Hint: make sure your test modules/packages have valid Python names.
Traceback:
../.pyenv/versions/3.11.10/lib/python3.11/importlib/__init__.py:126: in import_module
    return _bootstrap._gcd_import(name[level:], package, level)
           ^^^^^^^^^^^^^^^^^^^^^^^^^^^^^^^^^^^^^^^^^^^^^^^^^^^^
tests/autogen_op/t5-small/test_t5-small_aten_full_like_default.py:8: in <module>
    import ttnn
E   ModuleNotFoundError: No module named 'ttnn'
__ ERROR collecting tests/autogen_op/t5-small/test_t5-small_aten_gt_Scalar.py __
ImportError while importing test module '/Users/Ajay17/pytorch2.0_ttnn/tests/autogen_op/t5-small/test_t5-small_aten_gt_Scalar.py'.
Hint: make sure your test modules/packages have valid Python names.
Traceback:
../.pyenv/versions/3.11.10/lib/python3.11/importlib/__init__.py:126: in import_module
    return _bootstrap._gcd_import(name[level:], package, level)
           ^^^^^^^^^^^^^^^^^^^^^^^^^^^^^^^^^^^^^^^^^^^^^^^^^^^^
tests/autogen_op/t5-small/test_t5-small_aten_gt_Scalar.py:8: in <module>
    import ttnn
E   ModuleNotFoundError: No module named 'ttnn'
__ ERROR collecting tests/autogen_op/t5-small/test_t5-small_aten_le_Tensor.py __
ImportError while importing test module '/Users/Ajay17/pytorch2.0_ttnn/tests/autogen_op/t5-small/test_t5-small_aten_le_Tensor.py'.
Hint: make sure your test modules/packages have valid Python names.
Traceback:
../.pyenv/versions/3.11.10/lib/python3.11/importlib/__init__.py:126: in import_module
    return _bootstrap._gcd_import(name[level:], package, level)
           ^^^^^^^^^^^^^^^^^^^^^^^^^^^^^^^^^^^^^^^^^^^^^^^^^^^^
tests/autogen_op/t5-small/test_t5-small_aten_le_Tensor.py:8: in <module>
    import ttnn
E   ModuleNotFoundError: No module named 'ttnn'
_ ERROR collecting tests/autogen_op/t5-small/test_t5-small_aten_log_default.py _
ImportError while importing test module '/Users/Ajay17/pytorch2.0_ttnn/tests/autogen_op/t5-small/test_t5-small_aten_log_default.py'.
Hint: make sure your test modules/packages have valid Python names.
Traceback:
../.pyenv/versions/3.11.10/lib/python3.11/importlib/__init__.py:126: in import_module
    return _bootstrap._gcd_import(name[level:], package, level)
           ^^^^^^^^^^^^^^^^^^^^^^^^^^^^^^^^^^^^^^^^^^^^^^^^^^^^
tests/autogen_op/t5-small/test_t5-small_aten_log_default.py:8: in <module>
    import ttnn
E   ModuleNotFoundError: No module named 'ttnn'
__ ERROR collecting tests/autogen_op/t5-small/test_t5-small_aten_lt_Scalar.py __
ImportError while importing test module '/Users/Ajay17/pytorch2.0_ttnn/tests/autogen_op/t5-small/test_t5-small_aten_lt_Scalar.py'.
Hint: make sure your test modules/packages have valid Python names.
Traceback:
../.pyenv/versions/3.11.10/lib/python3.11/importlib/__init__.py:126: in import_module
    return _bootstrap._gcd_import(name[level:], package, level)
           ^^^^^^^^^^^^^^^^^^^^^^^^^^^^^^^^^^^^^^^^^^^^^^^^^^^^
tests/autogen_op/t5-small/test_t5-small_aten_lt_Scalar.py:8: in <module>
    import ttnn
E   ModuleNotFoundError: No module named 'ttnn'
__ ERROR collecting tests/autogen_op/t5-small/test_t5-small_aten_mean_dim.py ___
ImportError while importing test module '/Users/Ajay17/pytorch2.0_ttnn/tests/autogen_op/t5-small/test_t5-small_aten_mean_dim.py'.
Hint: make sure your test modules/packages have valid Python names.
Traceback:
../.pyenv/versions/3.11.10/lib/python3.11/importlib/__init__.py:126: in import_module
    return _bootstrap._gcd_import(name[level:], package, level)
           ^^^^^^^^^^^^^^^^^^^^^^^^^^^^^^^^^^^^^^^^^^^^^^^^^^^^
tests/autogen_op/t5-small/test_t5-small_aten_mean_dim.py:8: in <module>
    import ttnn
E   ModuleNotFoundError: No module named 'ttnn'
_ ERROR collecting tests/autogen_op/t5-small/test_t5-small_aten_minimum_default.py _
ImportError while importing test module '/Users/Ajay17/pytorch2.0_ttnn/tests/autogen_op/t5-small/test_t5-small_aten_minimum_default.py'.
Hint: make sure your test modules/packages have valid Python names.
Traceback:
../.pyenv/versions/3.11.10/lib/python3.11/importlib/__init__.py:126: in import_module
    return _bootstrap._gcd_import(name[level:], package, level)
           ^^^^^^^^^^^^^^^^^^^^^^^^^^^^^^^^^^^^^^^^^^^^^^^^^^^^
tests/autogen_op/t5-small/test_t5-small_aten_minimum_default.py:8: in <module>
    import ttnn
E   ModuleNotFoundError: No module named 'ttnn'
_ ERROR collecting tests/autogen_op/t5-small/test_t5-small_aten_mm_default.py __
ImportError while importing test module '/Users/Ajay17/pytorch2.0_ttnn/tests/autogen_op/t5-small/test_t5-small_aten_mm_default.py'.
Hint: make sure your test modules/packages have valid Python names.
Traceback:
../.pyenv/versions/3.11.10/lib/python3.11/importlib/__init__.py:126: in import_module
    return _bootstrap._gcd_import(name[level:], package, level)
           ^^^^^^^^^^^^^^^^^^^^^^^^^^^^^^^^^^^^^^^^^^^^^^^^^^^^
tests/autogen_op/t5-small/test_t5-small_aten_mm_default.py:8: in <module>
    import ttnn
E   ModuleNotFoundError: No module named 'ttnn'
_ ERROR collecting tests/autogen_op/t5-small/test_t5-small_aten_mul_Tensor.py __
ImportError while importing test module '/Users/Ajay17/pytorch2.0_ttnn/tests/autogen_op/t5-small/test_t5-small_aten_mul_Tensor.py'.
Hint: make sure your test modules/packages have valid Python names.
Traceback:
../.pyenv/versions/3.11.10/lib/python3.11/importlib/__init__.py:126: in import_module
    return _bootstrap._gcd_import(name[level:], package, level)
           ^^^^^^^^^^^^^^^^^^^^^^^^^^^^^^^^^^^^^^^^^^^^^^^^^^^^
tests/autogen_op/t5-small/test_t5-small_aten_mul_Tensor.py:8: in <module>
    import ttnn
E   ModuleNotFoundError: No module named 'ttnn'
_ ERROR collecting tests/autogen_op/t5-small/test_t5-small_aten_neg_default.py _
ImportError while importing test module '/Users/Ajay17/pytorch2.0_ttnn/tests/autogen_op/t5-small/test_t5-small_aten_neg_default.py'.
Hint: make sure your test modules/packages have valid Python names.
Traceback:
../.pyenv/versions/3.11.10/lib/python3.11/importlib/__init__.py:126: in import_module
    return _bootstrap._gcd_import(name[level:], package, level)
           ^^^^^^^^^^^^^^^^^^^^^^^^^^^^^^^^^^^^^^^^^^^^^^^^^^^^
tests/autogen_op/t5-small/test_t5-small_aten_neg_default.py:8: in <module>
    import ttnn
E   ModuleNotFoundError: No module named 'ttnn'
_ ERROR collecting tests/autogen_op/t5-small/test_t5-small_aten_ones_default.py _
ImportError while importing test module '/Users/Ajay17/pytorch2.0_ttnn/tests/autogen_op/t5-small/test_t5-small_aten_ones_default.py'.
Hint: make sure your test modules/packages have valid Python names.
Traceback:
../.pyenv/versions/3.11.10/lib/python3.11/importlib/__init__.py:126: in import_module
    return _bootstrap._gcd_import(name[level:], package, level)
           ^^^^^^^^^^^^^^^^^^^^^^^^^^^^^^^^^^^^^^^^^^^^^^^^^^^^
tests/autogen_op/t5-small/test_t5-small_aten_ones_default.py:8: in <module>
    import ttnn
E   ModuleNotFoundError: No module named 'ttnn'
_ ERROR collecting tests/autogen_op/t5-small/test_t5-small_aten_permute_default.py _
ImportError while importing test module '/Users/Ajay17/pytorch2.0_ttnn/tests/autogen_op/t5-small/test_t5-small_aten_permute_default.py'.
Hint: make sure your test modules/packages have valid Python names.
Traceback:
../.pyenv/versions/3.11.10/lib/python3.11/importlib/__init__.py:126: in import_module
    return _bootstrap._gcd_import(name[level:], package, level)
           ^^^^^^^^^^^^^^^^^^^^^^^^^^^^^^^^^^^^^^^^^^^^^^^^^^^^
tests/autogen_op/t5-small/test_t5-small_aten_permute_default.py:8: in <module>
    import ttnn
E   ModuleNotFoundError: No module named 'ttnn'
_ ERROR collecting tests/autogen_op/t5-small/test_t5-small_aten_pow_Tensor_Scalar.py _
ImportError while importing test module '/Users/Ajay17/pytorch2.0_ttnn/tests/autogen_op/t5-small/test_t5-small_aten_pow_Tensor_Scalar.py'.
Hint: make sure your test modules/packages have valid Python names.
Traceback:
../.pyenv/versions/3.11.10/lib/python3.11/importlib/__init__.py:126: in import_module
    return _bootstrap._gcd_import(name[level:], package, level)
           ^^^^^^^^^^^^^^^^^^^^^^^^^^^^^^^^^^^^^^^^^^^^^^^^^^^^
tests/autogen_op/t5-small/test_t5-small_aten_pow_Tensor_Scalar.py:8: in <module>
    import ttnn
E   ModuleNotFoundError: No module named 'ttnn'
_ ERROR collecting tests/autogen_op/t5-small/test_t5-small_aten_relu_default.py _
ImportError while importing test module '/Users/Ajay17/pytorch2.0_ttnn/tests/autogen_op/t5-small/test_t5-small_aten_relu_default.py'.
Hint: make sure your test modules/packages have valid Python names.
Traceback:
../.pyenv/versions/3.11.10/lib/python3.11/importlib/__init__.py:126: in import_module
    return _bootstrap._gcd_import(name[level:], package, level)
           ^^^^^^^^^^^^^^^^^^^^^^^^^^^^^^^^^^^^^^^^^^^^^^^^^^^^
tests/autogen_op/t5-small/test_t5-small_aten_relu_default.py:8: in <module>
    import ttnn
E   ModuleNotFoundError: No module named 'ttnn'
_ ERROR collecting tests/autogen_op/t5-small/test_t5-small_aten_repeat_default.py _
ImportError while importing test module '/Users/Ajay17/pytorch2.0_ttnn/tests/autogen_op/t5-small/test_t5-small_aten_repeat_default.py'.
Hint: make sure your test modules/packages have valid Python names.
Traceback:
../.pyenv/versions/3.11.10/lib/python3.11/importlib/__init__.py:126: in import_module
    return _bootstrap._gcd_import(name[level:], package, level)
           ^^^^^^^^^^^^^^^^^^^^^^^^^^^^^^^^^^^^^^^^^^^^^^^^^^^^
tests/autogen_op/t5-small/test_t5-small_aten_repeat_default.py:8: in <module>
    import ttnn
E   ModuleNotFoundError: No module named 'ttnn'
_ ERROR collecting tests/autogen_op/t5-small/test_t5-small_aten_rsqrt_default.py _
ImportError while importing test module '/Users/Ajay17/pytorch2.0_ttnn/tests/autogen_op/t5-small/test_t5-small_aten_rsqrt_default.py'.
Hint: make sure your test modules/packages have valid Python names.
Traceback:
../.pyenv/versions/3.11.10/lib/python3.11/importlib/__init__.py:126: in import_module
    return _bootstrap._gcd_import(name[level:], package, level)
           ^^^^^^^^^^^^^^^^^^^^^^^^^^^^^^^^^^^^^^^^^^^^^^^^^^^^
tests/autogen_op/t5-small/test_t5-small_aten_rsqrt_default.py:8: in <module>
    import ttnn
E   ModuleNotFoundError: No module named 'ttnn'
_ ERROR collecting tests/autogen_op/t5-small/test_t5-small_aten_rsub_Scalar.py _
ImportError while importing test module '/Users/Ajay17/pytorch2.0_ttnn/tests/autogen_op/t5-small/test_t5-small_aten_rsub_Scalar.py'.
Hint: make sure your test modules/packages have valid Python names.
Traceback:
../.pyenv/versions/3.11.10/lib/python3.11/importlib/__init__.py:126: in import_module
    return _bootstrap._gcd_import(name[level:], package, level)
           ^^^^^^^^^^^^^^^^^^^^^^^^^^^^^^^^^^^^^^^^^^^^^^^^^^^^
tests/autogen_op/t5-small/test_t5-small_aten_rsub_Scalar.py:8: in <module>
    import ttnn
E   ModuleNotFoundError: No module named 'ttnn'
_ ERROR collecting tests/autogen_op/t5-small/test_t5-small_aten_slice_Tensor.py _
ImportError while importing test module '/Users/Ajay17/pytorch2.0_ttnn/tests/autogen_op/t5-small/test_t5-small_aten_slice_Tensor.py'.
Hint: make sure your test modules/packages have valid Python names.
Traceback:
../.pyenv/versions/3.11.10/lib/python3.11/importlib/__init__.py:126: in import_module
    return _bootstrap._gcd_import(name[level:], package, level)
           ^^^^^^^^^^^^^^^^^^^^^^^^^^^^^^^^^^^^^^^^^^^^^^^^^^^^
tests/autogen_op/t5-small/test_t5-small_aten_slice_Tensor.py:8: in <module>
    import ttnn
E   ModuleNotFoundError: No module named 'ttnn'
_ ERROR collecting tests/autogen_op/t5-small/test_t5-small_aten_sub_Tensor.py __
ImportError while importing test module '/Users/Ajay17/pytorch2.0_ttnn/tests/autogen_op/t5-small/test_t5-small_aten_sub_Tensor.py'.
Hint: make sure your test modules/packages have valid Python names.
Traceback:
../.pyenv/versions/3.11.10/lib/python3.11/importlib/__init__.py:126: in import_module
    return _bootstrap._gcd_import(name[level:], package, level)
           ^^^^^^^^^^^^^^^^^^^^^^^^^^^^^^^^^^^^^^^^^^^^^^^^^^^^
tests/autogen_op/t5-small/test_t5-small_aten_sub_Tensor.py:8: in <module>
    import ttnn
E   ModuleNotFoundError: No module named 'ttnn'
_ ERROR collecting tests/autogen_op/t5-small/test_t5-small_aten_sym_size_int.py _
ImportError while importing test module '/Users/Ajay17/pytorch2.0_ttnn/tests/autogen_op/t5-small/test_t5-small_aten_sym_size_int.py'.
Hint: make sure your test modules/packages have valid Python names.
Traceback:
../.pyenv/versions/3.11.10/lib/python3.11/importlib/__init__.py:126: in import_module
    return _bootstrap._gcd_import(name[level:], package, level)
           ^^^^^^^^^^^^^^^^^^^^^^^^^^^^^^^^^^^^^^^^^^^^^^^^^^^^
tests/autogen_op/t5-small/test_t5-small_aten_sym_size_int.py:8: in <module>
    import ttnn
E   ModuleNotFoundError: No module named 'ttnn'
__ ERROR collecting tests/autogen_op/t5-small/test_t5-small_aten_t_default.py __
ImportError while importing test module '/Users/Ajay17/pytorch2.0_ttnn/tests/autogen_op/t5-small/test_t5-small_aten_t_default.py'.
Hint: make sure your test modules/packages have valid Python names.
Traceback:
../.pyenv/versions/3.11.10/lib/python3.11/importlib/__init__.py:126: in import_module
    return _bootstrap._gcd_import(name[level:], package, level)
           ^^^^^^^^^^^^^^^^^^^^^^^^^^^^^^^^^^^^^^^^^^^^^^^^^^^^
tests/autogen_op/t5-small/test_t5-small_aten_t_default.py:8: in <module>
    import ttnn
E   ModuleNotFoundError: No module named 'ttnn'
_ ERROR collecting tests/autogen_op/t5-small/test_t5-small_aten_transpose_int.py _
ImportError while importing test module '/Users/Ajay17/pytorch2.0_ttnn/tests/autogen_op/t5-small/test_t5-small_aten_transpose_int.py'.
Hint: make sure your test modules/packages have valid Python names.
Traceback:
../.pyenv/versions/3.11.10/lib/python3.11/importlib/__init__.py:126: in import_module
    return _bootstrap._gcd_import(name[level:], package, level)
           ^^^^^^^^^^^^^^^^^^^^^^^^^^^^^^^^^^^^^^^^^^^^^^^^^^^^
tests/autogen_op/t5-small/test_t5-small_aten_transpose_int.py:8: in <module>
    import ttnn
E   ModuleNotFoundError: No module named 'ttnn'
_ ERROR collecting tests/autogen_op/t5-small/test_t5-small_aten_unsqueeze_default.py _
ImportError while importing test module '/Users/Ajay17/pytorch2.0_ttnn/tests/autogen_op/t5-small/test_t5-small_aten_unsqueeze_default.py'.
Hint: make sure your test modules/packages have valid Python names.
Traceback:
../.pyenv/versions/3.11.10/lib/python3.11/importlib/__init__.py:126: in import_module
    return _bootstrap._gcd_import(name[level:], package, level)
           ^^^^^^^^^^^^^^^^^^^^^^^^^^^^^^^^^^^^^^^^^^^^^^^^^^^^
tests/autogen_op/t5-small/test_t5-small_aten_unsqueeze_default.py:8: in <module>
    import ttnn
E   ModuleNotFoundError: No module named 'ttnn'
_ ERROR collecting tests/autogen_op/t5-small/test_t5-small_aten_view_default.py _
ImportError while importing test module '/Users/Ajay17/pytorch2.0_ttnn/tests/autogen_op/t5-small/test_t5-small_aten_view_default.py'.
Hint: make sure your test modules/packages have valid Python names.
Traceback:
../.pyenv/versions/3.11.10/lib/python3.11/importlib/__init__.py:126: in import_module
    return _bootstrap._gcd_import(name[level:], package, level)
           ^^^^^^^^^^^^^^^^^^^^^^^^^^^^^^^^^^^^^^^^^^^^^^^^^^^^
tests/autogen_op/t5-small/test_t5-small_aten_view_default.py:8: in <module>
    import ttnn
E   ModuleNotFoundError: No module named 'ttnn'
_ ERROR collecting tests/autogen_op/t5-small/test_t5-small_aten_where_self.py __
ImportError while importing test module '/Users/Ajay17/pytorch2.0_ttnn/tests/autogen_op/t5-small/test_t5-small_aten_where_self.py'.
Hint: make sure your test modules/packages have valid Python names.
Traceback:
../.pyenv/versions/3.11.10/lib/python3.11/importlib/__init__.py:126: in import_module
    return _bootstrap._gcd_import(name[level:], package, level)
           ^^^^^^^^^^^^^^^^^^^^^^^^^^^^^^^^^^^^^^^^^^^^^^^^^^^^
tests/autogen_op/t5-small/test_t5-small_aten_where_self.py:8: in <module>
    import ttnn
E   ModuleNotFoundError: No module named 'ttnn'
_ ERROR collecting tests/autogen_op/t5-small/test_t5-small_aten_zeros_default.py _
ImportError while importing test module '/Users/Ajay17/pytorch2.0_ttnn/tests/autogen_op/t5-small/test_t5-small_aten_zeros_default.py'.
Hint: make sure your test modules/packages have valid Python names.
Traceback:
../.pyenv/versions/3.11.10/lib/python3.11/importlib/__init__.py:126: in import_module
    return _bootstrap._gcd_import(name[level:], package, level)
           ^^^^^^^^^^^^^^^^^^^^^^^^^^^^^^^^^^^^^^^^^^^^^^^^^^^^
tests/autogen_op/t5-small/test_t5-small_aten_zeros_default.py:8: in <module>
    import ttnn
E   ModuleNotFoundError: No module named 'ttnn'
_ ERROR collecting tests/autogen_op/t5-small/test_t5-small_aten_zeros_like_default.py _
ImportError while importing test module '/Users/Ajay17/pytorch2.0_ttnn/tests/autogen_op/t5-small/test_t5-small_aten_zeros_like_default.py'.
Hint: make sure your test modules/packages have valid Python names.
Traceback:
../.pyenv/versions/3.11.10/lib/python3.11/importlib/__init__.py:126: in import_module
    return _bootstrap._gcd_import(name[level:], package, level)
           ^^^^^^^^^^^^^^^^^^^^^^^^^^^^^^^^^^^^^^^^^^^^^^^^^^^^
tests/autogen_op/t5-small/test_t5-small_aten_zeros_like_default.py:8: in <module>
    import ttnn
E   ModuleNotFoundError: No module named 'ttnn'
_ ERROR collecting tests/autogen_op/textattack/albert-base-v2-imdb/test_textattack_albert-base-v2-imdb_aten__softmax_default.py _
ImportError while importing test module '/Users/Ajay17/pytorch2.0_ttnn/tests/autogen_op/textattack/albert-base-v2-imdb/test_textattack_albert-base-v2-imdb_aten__softmax_default.py'.
Hint: make sure your test modules/packages have valid Python names.
Traceback:
../.pyenv/versions/3.11.10/lib/python3.11/importlib/__init__.py:126: in import_module
    return _bootstrap._gcd_import(name[level:], package, level)
           ^^^^^^^^^^^^^^^^^^^^^^^^^^^^^^^^^^^^^^^^^^^^^^^^^^^^
tests/autogen_op/textattack/albert-base-v2-imdb/test_textattack_albert-base-v2-imdb_aten__softmax_default.py:8: in <module>
    import ttnn
E   ModuleNotFoundError: No module named 'ttnn'
_ ERROR collecting tests/autogen_op/textattack/albert-base-v2-imdb/test_textattack_albert-base-v2-imdb_aten__to_copy_default.py _
ImportError while importing test module '/Users/Ajay17/pytorch2.0_ttnn/tests/autogen_op/textattack/albert-base-v2-imdb/test_textattack_albert-base-v2-imdb_aten__to_copy_default.py'.
Hint: make sure your test modules/packages have valid Python names.
Traceback:
../.pyenv/versions/3.11.10/lib/python3.11/importlib/__init__.py:126: in import_module
    return _bootstrap._gcd_import(name[level:], package, level)
           ^^^^^^^^^^^^^^^^^^^^^^^^^^^^^^^^^^^^^^^^^^^^^^^^^^^^
tests/autogen_op/textattack/albert-base-v2-imdb/test_textattack_albert-base-v2-imdb_aten__to_copy_default.py:8: in <module>
    import ttnn
E   ModuleNotFoundError: No module named 'ttnn'
_ ERROR collecting tests/autogen_op/textattack/albert-base-v2-imdb/test_textattack_albert-base-v2-imdb_aten__unsafe_view_default.py _
ImportError while importing test module '/Users/Ajay17/pytorch2.0_ttnn/tests/autogen_op/textattack/albert-base-v2-imdb/test_textattack_albert-base-v2-imdb_aten__unsafe_view_default.py'.
Hint: make sure your test modules/packages have valid Python names.
Traceback:
../.pyenv/versions/3.11.10/lib/python3.11/importlib/__init__.py:126: in import_module
    return _bootstrap._gcd_import(name[level:], package, level)
           ^^^^^^^^^^^^^^^^^^^^^^^^^^^^^^^^^^^^^^^^^^^^^^^^^^^^
tests/autogen_op/textattack/albert-base-v2-imdb/test_textattack_albert-base-v2-imdb_aten__unsafe_view_default.py:8: in <module>
    import ttnn
E   ModuleNotFoundError: No module named 'ttnn'
_ ERROR collecting tests/autogen_op/textattack/albert-base-v2-imdb/test_textattack_albert-base-v2-imdb_aten_add_Tensor.py _
ImportError while importing test module '/Users/Ajay17/pytorch2.0_ttnn/tests/autogen_op/textattack/albert-base-v2-imdb/test_textattack_albert-base-v2-imdb_aten_add_Tensor.py'.
Hint: make sure your test modules/packages have valid Python names.
Traceback:
../.pyenv/versions/3.11.10/lib/python3.11/importlib/__init__.py:126: in import_module
    return _bootstrap._gcd_import(name[level:], package, level)
           ^^^^^^^^^^^^^^^^^^^^^^^^^^^^^^^^^^^^^^^^^^^^^^^^^^^^
tests/autogen_op/textattack/albert-base-v2-imdb/test_textattack_albert-base-v2-imdb_aten_add_Tensor.py:8: in <module>
    import ttnn
E   ModuleNotFoundError: No module named 'ttnn'
_ ERROR collecting tests/autogen_op/textattack/albert-base-v2-imdb/test_textattack_albert-base-v2-imdb_aten_addmm_default.py _
ImportError while importing test module '/Users/Ajay17/pytorch2.0_ttnn/tests/autogen_op/textattack/albert-base-v2-imdb/test_textattack_albert-base-v2-imdb_aten_addmm_default.py'.
Hint: make sure your test modules/packages have valid Python names.
Traceback:
../.pyenv/versions/3.11.10/lib/python3.11/importlib/__init__.py:126: in import_module
    return _bootstrap._gcd_import(name[level:], package, level)
           ^^^^^^^^^^^^^^^^^^^^^^^^^^^^^^^^^^^^^^^^^^^^^^^^^^^^
tests/autogen_op/textattack/albert-base-v2-imdb/test_textattack_albert-base-v2-imdb_aten_addmm_default.py:8: in <module>
    import ttnn
E   ModuleNotFoundError: No module named 'ttnn'
_ ERROR collecting tests/autogen_op/textattack/albert-base-v2-imdb/test_textattack_albert-base-v2-imdb_aten_bmm_default.py _
ImportError while importing test module '/Users/Ajay17/pytorch2.0_ttnn/tests/autogen_op/textattack/albert-base-v2-imdb/test_textattack_albert-base-v2-imdb_aten_bmm_default.py'.
Hint: make sure your test modules/packages have valid Python names.
Traceback:
../.pyenv/versions/3.11.10/lib/python3.11/importlib/__init__.py:126: in import_module
    return _bootstrap._gcd_import(name[level:], package, level)
           ^^^^^^^^^^^^^^^^^^^^^^^^^^^^^^^^^^^^^^^^^^^^^^^^^^^^
tests/autogen_op/textattack/albert-base-v2-imdb/test_textattack_albert-base-v2-imdb_aten_bmm_default.py:8: in <module>
    import ttnn
E   ModuleNotFoundError: No module named 'ttnn'
_ ERROR collecting tests/autogen_op/textattack/albert-base-v2-imdb/test_textattack_albert-base-v2-imdb_aten_clone_default.py _
ImportError while importing test module '/Users/Ajay17/pytorch2.0_ttnn/tests/autogen_op/textattack/albert-base-v2-imdb/test_textattack_albert-base-v2-imdb_aten_clone_default.py'.
Hint: make sure your test modules/packages have valid Python names.
Traceback:
../.pyenv/versions/3.11.10/lib/python3.11/importlib/__init__.py:126: in import_module
    return _bootstrap._gcd_import(name[level:], package, level)
           ^^^^^^^^^^^^^^^^^^^^^^^^^^^^^^^^^^^^^^^^^^^^^^^^^^^^
tests/autogen_op/textattack/albert-base-v2-imdb/test_textattack_albert-base-v2-imdb_aten_clone_default.py:8: in <module>
    import ttnn
E   ModuleNotFoundError: No module named 'ttnn'
_ ERROR collecting tests/autogen_op/textattack/albert-base-v2-imdb/test_textattack_albert-base-v2-imdb_aten_div_Tensor.py _
ImportError while importing test module '/Users/Ajay17/pytorch2.0_ttnn/tests/autogen_op/textattack/albert-base-v2-imdb/test_textattack_albert-base-v2-imdb_aten_div_Tensor.py'.
Hint: make sure your test modules/packages have valid Python names.
Traceback:
../.pyenv/versions/3.11.10/lib/python3.11/importlib/__init__.py:126: in import_module
    return _bootstrap._gcd_import(name[level:], package, level)
           ^^^^^^^^^^^^^^^^^^^^^^^^^^^^^^^^^^^^^^^^^^^^^^^^^^^^
tests/autogen_op/textattack/albert-base-v2-imdb/test_textattack_albert-base-v2-imdb_aten_div_Tensor.py:8: in <module>
    import ttnn
E   ModuleNotFoundError: No module named 'ttnn'
_ ERROR collecting tests/autogen_op/textattack/albert-base-v2-imdb/test_textattack_albert-base-v2-imdb_aten_embedding_default.py _
ImportError while importing test module '/Users/Ajay17/pytorch2.0_ttnn/tests/autogen_op/textattack/albert-base-v2-imdb/test_textattack_albert-base-v2-imdb_aten_embedding_default.py'.
Hint: make sure your test modules/packages have valid Python names.
Traceback:
../.pyenv/versions/3.11.10/lib/python3.11/importlib/__init__.py:126: in import_module
    return _bootstrap._gcd_import(name[level:], package, level)
           ^^^^^^^^^^^^^^^^^^^^^^^^^^^^^^^^^^^^^^^^^^^^^^^^^^^^
tests/autogen_op/textattack/albert-base-v2-imdb/test_textattack_albert-base-v2-imdb_aten_embedding_default.py:8: in <module>
    import ttnn
E   ModuleNotFoundError: No module named 'ttnn'
_ ERROR collecting tests/autogen_op/textattack/albert-base-v2-imdb/test_textattack_albert-base-v2-imdb_aten_expand_default.py _
ImportError while importing test module '/Users/Ajay17/pytorch2.0_ttnn/tests/autogen_op/textattack/albert-base-v2-imdb/test_textattack_albert-base-v2-imdb_aten_expand_default.py'.
Hint: make sure your test modules/packages have valid Python names.
Traceback:
../.pyenv/versions/3.11.10/lib/python3.11/importlib/__init__.py:126: in import_module
    return _bootstrap._gcd_import(name[level:], package, level)
           ^^^^^^^^^^^^^^^^^^^^^^^^^^^^^^^^^^^^^^^^^^^^^^^^^^^^
tests/autogen_op/textattack/albert-base-v2-imdb/test_textattack_albert-base-v2-imdb_aten_expand_default.py:8: in <module>
    import ttnn
E   ModuleNotFoundError: No module named 'ttnn'
_ ERROR collecting tests/autogen_op/textattack/albert-base-v2-imdb/test_textattack_albert-base-v2-imdb_aten_mul_Tensor.py _
ImportError while importing test module '/Users/Ajay17/pytorch2.0_ttnn/tests/autogen_op/textattack/albert-base-v2-imdb/test_textattack_albert-base-v2-imdb_aten_mul_Tensor.py'.
Hint: make sure your test modules/packages have valid Python names.
Traceback:
../.pyenv/versions/3.11.10/lib/python3.11/importlib/__init__.py:126: in import_module
    return _bootstrap._gcd_import(name[level:], package, level)
           ^^^^^^^^^^^^^^^^^^^^^^^^^^^^^^^^^^^^^^^^^^^^^^^^^^^^
tests/autogen_op/textattack/albert-base-v2-imdb/test_textattack_albert-base-v2-imdb_aten_mul_Tensor.py:8: in <module>
    import ttnn
E   ModuleNotFoundError: No module named 'ttnn'
_ ERROR collecting tests/autogen_op/textattack/albert-base-v2-imdb/test_textattack_albert-base-v2-imdb_aten_native_layer_norm_default.py _
ImportError while importing test module '/Users/Ajay17/pytorch2.0_ttnn/tests/autogen_op/textattack/albert-base-v2-imdb/test_textattack_albert-base-v2-imdb_aten_native_layer_norm_default.py'.
Hint: make sure your test modules/packages have valid Python names.
Traceback:
../.pyenv/versions/3.11.10/lib/python3.11/importlib/__init__.py:126: in import_module
    return _bootstrap._gcd_import(name[level:], package, level)
           ^^^^^^^^^^^^^^^^^^^^^^^^^^^^^^^^^^^^^^^^^^^^^^^^^^^^
tests/autogen_op/textattack/albert-base-v2-imdb/test_textattack_albert-base-v2-imdb_aten_native_layer_norm_default.py:8: in <module>
    import ttnn
E   ModuleNotFoundError: No module named 'ttnn'
_ ERROR collecting tests/autogen_op/textattack/albert-base-v2-imdb/test_textattack_albert-base-v2-imdb_aten_permute_default.py _
ImportError while importing test module '/Users/Ajay17/pytorch2.0_ttnn/tests/autogen_op/textattack/albert-base-v2-imdb/test_textattack_albert-base-v2-imdb_aten_permute_default.py'.
Hint: make sure your test modules/packages have valid Python names.
Traceback:
../.pyenv/versions/3.11.10/lib/python3.11/importlib/__init__.py:126: in import_module
    return _bootstrap._gcd_import(name[level:], package, level)
           ^^^^^^^^^^^^^^^^^^^^^^^^^^^^^^^^^^^^^^^^^^^^^^^^^^^^
tests/autogen_op/textattack/albert-base-v2-imdb/test_textattack_albert-base-v2-imdb_aten_permute_default.py:8: in <module>
    import ttnn
E   ModuleNotFoundError: No module named 'ttnn'
_ ERROR collecting tests/autogen_op/textattack/albert-base-v2-imdb/test_textattack_albert-base-v2-imdb_aten_pow_Tensor_Scalar.py _
ImportError while importing test module '/Users/Ajay17/pytorch2.0_ttnn/tests/autogen_op/textattack/albert-base-v2-imdb/test_textattack_albert-base-v2-imdb_aten_pow_Tensor_Scalar.py'.
Hint: make sure your test modules/packages have valid Python names.
Traceback:
../.pyenv/versions/3.11.10/lib/python3.11/importlib/__init__.py:126: in import_module
    return _bootstrap._gcd_import(name[level:], package, level)
           ^^^^^^^^^^^^^^^^^^^^^^^^^^^^^^^^^^^^^^^^^^^^^^^^^^^^
tests/autogen_op/textattack/albert-base-v2-imdb/test_textattack_albert-base-v2-imdb_aten_pow_Tensor_Scalar.py:8: in <module>
    import ttnn
E   ModuleNotFoundError: No module named 'ttnn'
_ ERROR collecting tests/autogen_op/textattack/albert-base-v2-imdb/test_textattack_albert-base-v2-imdb_aten_rsub_Scalar.py _
ImportError while importing test module '/Users/Ajay17/pytorch2.0_ttnn/tests/autogen_op/textattack/albert-base-v2-imdb/test_textattack_albert-base-v2-imdb_aten_rsub_Scalar.py'.
Hint: make sure your test modules/packages have valid Python names.
Traceback:
../.pyenv/versions/3.11.10/lib/python3.11/importlib/__init__.py:126: in import_module
    return _bootstrap._gcd_import(name[level:], package, level)
           ^^^^^^^^^^^^^^^^^^^^^^^^^^^^^^^^^^^^^^^^^^^^^^^^^^^^
tests/autogen_op/textattack/albert-base-v2-imdb/test_textattack_albert-base-v2-imdb_aten_rsub_Scalar.py:8: in <module>
    import ttnn
E   ModuleNotFoundError: No module named 'ttnn'
_ ERROR collecting tests/autogen_op/textattack/albert-base-v2-imdb/test_textattack_albert-base-v2-imdb_aten_select_int.py _
ImportError while importing test module '/Users/Ajay17/pytorch2.0_ttnn/tests/autogen_op/textattack/albert-base-v2-imdb/test_textattack_albert-base-v2-imdb_aten_select_int.py'.
Hint: make sure your test modules/packages have valid Python names.
Traceback:
../.pyenv/versions/3.11.10/lib/python3.11/importlib/__init__.py:126: in import_module
    return _bootstrap._gcd_import(name[level:], package, level)
           ^^^^^^^^^^^^^^^^^^^^^^^^^^^^^^^^^^^^^^^^^^^^^^^^^^^^
tests/autogen_op/textattack/albert-base-v2-imdb/test_textattack_albert-base-v2-imdb_aten_select_int.py:8: in <module>
    import ttnn
E   ModuleNotFoundError: No module named 'ttnn'
_ ERROR collecting tests/autogen_op/textattack/albert-base-v2-imdb/test_textattack_albert-base-v2-imdb_aten_slice_Tensor.py _
ImportError while importing test module '/Users/Ajay17/pytorch2.0_ttnn/tests/autogen_op/textattack/albert-base-v2-imdb/test_textattack_albert-base-v2-imdb_aten_slice_Tensor.py'.
Hint: make sure your test modules/packages have valid Python names.
Traceback:
../.pyenv/versions/3.11.10/lib/python3.11/importlib/__init__.py:126: in import_module
    return _bootstrap._gcd_import(name[level:], package, level)
           ^^^^^^^^^^^^^^^^^^^^^^^^^^^^^^^^^^^^^^^^^^^^^^^^^^^^
tests/autogen_op/textattack/albert-base-v2-imdb/test_textattack_albert-base-v2-imdb_aten_slice_Tensor.py:8: in <module>
    import ttnn
E   ModuleNotFoundError: No module named 'ttnn'
_ ERROR collecting tests/autogen_op/textattack/albert-base-v2-imdb/test_textattack_albert-base-v2-imdb_aten_t_default.py _
ImportError while importing test module '/Users/Ajay17/pytorch2.0_ttnn/tests/autogen_op/textattack/albert-base-v2-imdb/test_textattack_albert-base-v2-imdb_aten_t_default.py'.
Hint: make sure your test modules/packages have valid Python names.
Traceback:
../.pyenv/versions/3.11.10/lib/python3.11/importlib/__init__.py:126: in import_module
    return _bootstrap._gcd_import(name[level:], package, level)
           ^^^^^^^^^^^^^^^^^^^^^^^^^^^^^^^^^^^^^^^^^^^^^^^^^^^^
tests/autogen_op/textattack/albert-base-v2-imdb/test_textattack_albert-base-v2-imdb_aten_t_default.py:8: in <module>
    import ttnn
E   ModuleNotFoundError: No module named 'ttnn'
_ ERROR collecting tests/autogen_op/textattack/albert-base-v2-imdb/test_textattack_albert-base-v2-imdb_aten_tanh_default.py _
ImportError while importing test module '/Users/Ajay17/pytorch2.0_ttnn/tests/autogen_op/textattack/albert-base-v2-imdb/test_textattack_albert-base-v2-imdb_aten_tanh_default.py'.
Hint: make sure your test modules/packages have valid Python names.
Traceback:
../.pyenv/versions/3.11.10/lib/python3.11/importlib/__init__.py:126: in import_module
    return _bootstrap._gcd_import(name[level:], package, level)
           ^^^^^^^^^^^^^^^^^^^^^^^^^^^^^^^^^^^^^^^^^^^^^^^^^^^^
tests/autogen_op/textattack/albert-base-v2-imdb/test_textattack_albert-base-v2-imdb_aten_tanh_default.py:8: in <module>
    import ttnn
E   ModuleNotFoundError: No module named 'ttnn'
_ ERROR collecting tests/autogen_op/textattack/albert-base-v2-imdb/test_textattack_albert-base-v2-imdb_aten_transpose_int.py _
ImportError while importing test module '/Users/Ajay17/pytorch2.0_ttnn/tests/autogen_op/textattack/albert-base-v2-imdb/test_textattack_albert-base-v2-imdb_aten_transpose_int.py'.
Hint: make sure your test modules/packages have valid Python names.
Traceback:
../.pyenv/versions/3.11.10/lib/python3.11/importlib/__init__.py:126: in import_module
    return _bootstrap._gcd_import(name[level:], package, level)
           ^^^^^^^^^^^^^^^^^^^^^^^^^^^^^^^^^^^^^^^^^^^^^^^^^^^^
tests/autogen_op/textattack/albert-base-v2-imdb/test_textattack_albert-base-v2-imdb_aten_transpose_int.py:8: in <module>
    import ttnn
E   ModuleNotFoundError: No module named 'ttnn'
_ ERROR collecting tests/autogen_op/textattack/albert-base-v2-imdb/test_textattack_albert-base-v2-imdb_aten_unsqueeze_default.py _
ImportError while importing test module '/Users/Ajay17/pytorch2.0_ttnn/tests/autogen_op/textattack/albert-base-v2-imdb/test_textattack_albert-base-v2-imdb_aten_unsqueeze_default.py'.
Hint: make sure your test modules/packages have valid Python names.
Traceback:
../.pyenv/versions/3.11.10/lib/python3.11/importlib/__init__.py:126: in import_module
    return _bootstrap._gcd_import(name[level:], package, level)
           ^^^^^^^^^^^^^^^^^^^^^^^^^^^^^^^^^^^^^^^^^^^^^^^^^^^^
tests/autogen_op/textattack/albert-base-v2-imdb/test_textattack_albert-base-v2-imdb_aten_unsqueeze_default.py:8: in <module>
    import ttnn
E   ModuleNotFoundError: No module named 'ttnn'
_ ERROR collecting tests/autogen_op/textattack/albert-base-v2-imdb/test_textattack_albert-base-v2-imdb_aten_view_default.py _
ImportError while importing test module '/Users/Ajay17/pytorch2.0_ttnn/tests/autogen_op/textattack/albert-base-v2-imdb/test_textattack_albert-base-v2-imdb_aten_view_default.py'.
Hint: make sure your test modules/packages have valid Python names.
Traceback:
../.pyenv/versions/3.11.10/lib/python3.11/importlib/__init__.py:126: in import_module
    return _bootstrap._gcd_import(name[level:], package, level)
           ^^^^^^^^^^^^^^^^^^^^^^^^^^^^^^^^^^^^^^^^^^^^^^^^^^^^
tests/autogen_op/textattack/albert-base-v2-imdb/test_textattack_albert-base-v2-imdb_aten_view_default.py:8: in <module>
    import ttnn
E   ModuleNotFoundError: No module named 'ttnn'
_ ERROR collecting tests/autogen_op/tf_efficientnet_lite0_in1k/test_tf_efficientnet_lite0_in1k_aten__native_batch_norm_legit_no_training_default.py _
ImportError while importing test module '/Users/Ajay17/pytorch2.0_ttnn/tests/autogen_op/tf_efficientnet_lite0_in1k/test_tf_efficientnet_lite0_in1k_aten__native_batch_norm_legit_no_training_default.py'.
Hint: make sure your test modules/packages have valid Python names.
Traceback:
../.pyenv/versions/3.11.10/lib/python3.11/importlib/__init__.py:126: in import_module
    return _bootstrap._gcd_import(name[level:], package, level)
           ^^^^^^^^^^^^^^^^^^^^^^^^^^^^^^^^^^^^^^^^^^^^^^^^^^^^
tests/autogen_op/tf_efficientnet_lite0_in1k/test_tf_efficientnet_lite0_in1k_aten__native_batch_norm_legit_no_training_default.py:8: in <module>
    import ttnn
E   ModuleNotFoundError: No module named 'ttnn'
_ ERROR collecting tests/autogen_op/tf_efficientnet_lite0_in1k/test_tf_efficientnet_lite0_in1k_aten_add_Tensor.py _
ImportError while importing test module '/Users/Ajay17/pytorch2.0_ttnn/tests/autogen_op/tf_efficientnet_lite0_in1k/test_tf_efficientnet_lite0_in1k_aten_add_Tensor.py'.
Hint: make sure your test modules/packages have valid Python names.
Traceback:
../.pyenv/versions/3.11.10/lib/python3.11/importlib/__init__.py:126: in import_module
    return _bootstrap._gcd_import(name[level:], package, level)
           ^^^^^^^^^^^^^^^^^^^^^^^^^^^^^^^^^^^^^^^^^^^^^^^^^^^^
tests/autogen_op/tf_efficientnet_lite0_in1k/test_tf_efficientnet_lite0_in1k_aten_add_Tensor.py:8: in <module>
    import ttnn
E   ModuleNotFoundError: No module named 'ttnn'
_ ERROR collecting tests/autogen_op/tf_efficientnet_lite0_in1k/test_tf_efficientnet_lite0_in1k_aten_addmm_default.py _
ImportError while importing test module '/Users/Ajay17/pytorch2.0_ttnn/tests/autogen_op/tf_efficientnet_lite0_in1k/test_tf_efficientnet_lite0_in1k_aten_addmm_default.py'.
Hint: make sure your test modules/packages have valid Python names.
Traceback:
../.pyenv/versions/3.11.10/lib/python3.11/importlib/__init__.py:126: in import_module
    return _bootstrap._gcd_import(name[level:], package, level)
           ^^^^^^^^^^^^^^^^^^^^^^^^^^^^^^^^^^^^^^^^^^^^^^^^^^^^
tests/autogen_op/tf_efficientnet_lite0_in1k/test_tf_efficientnet_lite0_in1k_aten_addmm_default.py:8: in <module>
    import ttnn
E   ModuleNotFoundError: No module named 'ttnn'
_ ERROR collecting tests/autogen_op/tf_efficientnet_lite0_in1k/test_tf_efficientnet_lite0_in1k_aten_constant_pad_nd_default.py _
ImportError while importing test module '/Users/Ajay17/pytorch2.0_ttnn/tests/autogen_op/tf_efficientnet_lite0_in1k/test_tf_efficientnet_lite0_in1k_aten_constant_pad_nd_default.py'.
Hint: make sure your test modules/packages have valid Python names.
Traceback:
../.pyenv/versions/3.11.10/lib/python3.11/importlib/__init__.py:126: in import_module
    return _bootstrap._gcd_import(name[level:], package, level)
           ^^^^^^^^^^^^^^^^^^^^^^^^^^^^^^^^^^^^^^^^^^^^^^^^^^^^
tests/autogen_op/tf_efficientnet_lite0_in1k/test_tf_efficientnet_lite0_in1k_aten_constant_pad_nd_default.py:8: in <module>
    import ttnn
E   ModuleNotFoundError: No module named 'ttnn'
_ ERROR collecting tests/autogen_op/tf_efficientnet_lite0_in1k/test_tf_efficientnet_lite0_in1k_aten_convolution_default.py _
ImportError while importing test module '/Users/Ajay17/pytorch2.0_ttnn/tests/autogen_op/tf_efficientnet_lite0_in1k/test_tf_efficientnet_lite0_in1k_aten_convolution_default.py'.
Hint: make sure your test modules/packages have valid Python names.
Traceback:
../.pyenv/versions/3.11.10/lib/python3.11/importlib/__init__.py:126: in import_module
    return _bootstrap._gcd_import(name[level:], package, level)
           ^^^^^^^^^^^^^^^^^^^^^^^^^^^^^^^^^^^^^^^^^^^^^^^^^^^^
tests/autogen_op/tf_efficientnet_lite0_in1k/test_tf_efficientnet_lite0_in1k_aten_convolution_default.py:8: in <module>
    import ttnn
E   ModuleNotFoundError: No module named 'ttnn'
_ ERROR collecting tests/autogen_op/tf_efficientnet_lite0_in1k/test_tf_efficientnet_lite0_in1k_aten_hardtanh_default.py _
ImportError while importing test module '/Users/Ajay17/pytorch2.0_ttnn/tests/autogen_op/tf_efficientnet_lite0_in1k/test_tf_efficientnet_lite0_in1k_aten_hardtanh_default.py'.
Hint: make sure your test modules/packages have valid Python names.
Traceback:
../.pyenv/versions/3.11.10/lib/python3.11/importlib/__init__.py:126: in import_module
    return _bootstrap._gcd_import(name[level:], package, level)
           ^^^^^^^^^^^^^^^^^^^^^^^^^^^^^^^^^^^^^^^^^^^^^^^^^^^^
tests/autogen_op/tf_efficientnet_lite0_in1k/test_tf_efficientnet_lite0_in1k_aten_hardtanh_default.py:8: in <module>
    import ttnn
E   ModuleNotFoundError: No module named 'ttnn'
_ ERROR collecting tests/autogen_op/tf_efficientnet_lite0_in1k/test_tf_efficientnet_lite0_in1k_aten_mean_dim.py _
ImportError while importing test module '/Users/Ajay17/pytorch2.0_ttnn/tests/autogen_op/tf_efficientnet_lite0_in1k/test_tf_efficientnet_lite0_in1k_aten_mean_dim.py'.
Hint: make sure your test modules/packages have valid Python names.
Traceback:
../.pyenv/versions/3.11.10/lib/python3.11/importlib/__init__.py:126: in import_module
    return _bootstrap._gcd_import(name[level:], package, level)
           ^^^^^^^^^^^^^^^^^^^^^^^^^^^^^^^^^^^^^^^^^^^^^^^^^^^^
tests/autogen_op/tf_efficientnet_lite0_in1k/test_tf_efficientnet_lite0_in1k_aten_mean_dim.py:8: in <module>
    import ttnn
E   ModuleNotFoundError: No module named 'ttnn'
_ ERROR collecting tests/autogen_op/tf_efficientnet_lite0_in1k/test_tf_efficientnet_lite0_in1k_aten_t_default.py _
ImportError while importing test module '/Users/Ajay17/pytorch2.0_ttnn/tests/autogen_op/tf_efficientnet_lite0_in1k/test_tf_efficientnet_lite0_in1k_aten_t_default.py'.
Hint: make sure your test modules/packages have valid Python names.
Traceback:
../.pyenv/versions/3.11.10/lib/python3.11/importlib/__init__.py:126: in import_module
    return _bootstrap._gcd_import(name[level:], package, level)
           ^^^^^^^^^^^^^^^^^^^^^^^^^^^^^^^^^^^^^^^^^^^^^^^^^^^^
tests/autogen_op/tf_efficientnet_lite0_in1k/test_tf_efficientnet_lite0_in1k_aten_t_default.py:8: in <module>
    import ttnn
E   ModuleNotFoundError: No module named 'ttnn'
_ ERROR collecting tests/autogen_op/tf_efficientnet_lite0_in1k/test_tf_efficientnet_lite0_in1k_aten_view_default.py _
ImportError while importing test module '/Users/Ajay17/pytorch2.0_ttnn/tests/autogen_op/tf_efficientnet_lite0_in1k/test_tf_efficientnet_lite0_in1k_aten_view_default.py'.
Hint: make sure your test modules/packages have valid Python names.
Traceback:
../.pyenv/versions/3.11.10/lib/python3.11/importlib/__init__.py:126: in import_module
    return _bootstrap._gcd_import(name[level:], package, level)
           ^^^^^^^^^^^^^^^^^^^^^^^^^^^^^^^^^^^^^^^^^^^^^^^^^^^^
tests/autogen_op/tf_efficientnet_lite0_in1k/test_tf_efficientnet_lite0_in1k_aten_view_default.py:8: in <module>
    import ttnn
E   ModuleNotFoundError: No module named 'ttnn'
_ ERROR collecting tests/autogen_op/tf_efficientnet_lite0_in1k-train/test_tf_efficientnet_lite0_in1k-train_aten__native_batch_norm_legit_functional_default.py _
ImportError while importing test module '/Users/Ajay17/pytorch2.0_ttnn/tests/autogen_op/tf_efficientnet_lite0_in1k-train/test_tf_efficientnet_lite0_in1k-train_aten__native_batch_norm_legit_functional_default.py'.
Hint: make sure your test modules/packages have valid Python names.
Traceback:
../.pyenv/versions/3.11.10/lib/python3.11/importlib/__init__.py:126: in import_module
    return _bootstrap._gcd_import(name[level:], package, level)
           ^^^^^^^^^^^^^^^^^^^^^^^^^^^^^^^^^^^^^^^^^^^^^^^^^^^^
tests/autogen_op/tf_efficientnet_lite0_in1k-train/test_tf_efficientnet_lite0_in1k-train_aten__native_batch_norm_legit_functional_default.py:8: in <module>
    import ttnn
E   ModuleNotFoundError: No module named 'ttnn'
_ ERROR collecting tests/autogen_op/tf_efficientnet_lite0_in1k-train/test_tf_efficientnet_lite0_in1k-train_aten__to_copy_default.py _
ImportError while importing test module '/Users/Ajay17/pytorch2.0_ttnn/tests/autogen_op/tf_efficientnet_lite0_in1k-train/test_tf_efficientnet_lite0_in1k-train_aten__to_copy_default.py'.
Hint: make sure your test modules/packages have valid Python names.
Traceback:
../.pyenv/versions/3.11.10/lib/python3.11/importlib/__init__.py:126: in import_module
    return _bootstrap._gcd_import(name[level:], package, level)
           ^^^^^^^^^^^^^^^^^^^^^^^^^^^^^^^^^^^^^^^^^^^^^^^^^^^^
tests/autogen_op/tf_efficientnet_lite0_in1k-train/test_tf_efficientnet_lite0_in1k-train_aten__to_copy_default.py:8: in <module>
    import ttnn
E   ModuleNotFoundError: No module named 'ttnn'
_ ERROR collecting tests/autogen_op/tf_efficientnet_lite0_in1k-train/test_tf_efficientnet_lite0_in1k-train_aten_add_Tensor.py _
ImportError while importing test module '/Users/Ajay17/pytorch2.0_ttnn/tests/autogen_op/tf_efficientnet_lite0_in1k-train/test_tf_efficientnet_lite0_in1k-train_aten_add_Tensor.py'.
Hint: make sure your test modules/packages have valid Python names.
Traceback:
../.pyenv/versions/3.11.10/lib/python3.11/importlib/__init__.py:126: in import_module
    return _bootstrap._gcd_import(name[level:], package, level)
           ^^^^^^^^^^^^^^^^^^^^^^^^^^^^^^^^^^^^^^^^^^^^^^^^^^^^
tests/autogen_op/tf_efficientnet_lite0_in1k-train/test_tf_efficientnet_lite0_in1k-train_aten_add_Tensor.py:8: in <module>
    import ttnn
E   ModuleNotFoundError: No module named 'ttnn'
_ ERROR collecting tests/autogen_op/tf_efficientnet_lite0_in1k-train/test_tf_efficientnet_lite0_in1k-train_aten_addmm_default.py _
ImportError while importing test module '/Users/Ajay17/pytorch2.0_ttnn/tests/autogen_op/tf_efficientnet_lite0_in1k-train/test_tf_efficientnet_lite0_in1k-train_aten_addmm_default.py'.
Hint: make sure your test modules/packages have valid Python names.
Traceback:
../.pyenv/versions/3.11.10/lib/python3.11/importlib/__init__.py:126: in import_module
    return _bootstrap._gcd_import(name[level:], package, level)
           ^^^^^^^^^^^^^^^^^^^^^^^^^^^^^^^^^^^^^^^^^^^^^^^^^^^^
tests/autogen_op/tf_efficientnet_lite0_in1k-train/test_tf_efficientnet_lite0_in1k-train_aten_addmm_default.py:8: in <module>
    import ttnn
E   ModuleNotFoundError: No module named 'ttnn'
_ ERROR collecting tests/autogen_op/tf_efficientnet_lite0_in1k-train/test_tf_efficientnet_lite0_in1k-train_aten_constant_pad_nd_default.py _
ImportError while importing test module '/Users/Ajay17/pytorch2.0_ttnn/tests/autogen_op/tf_efficientnet_lite0_in1k-train/test_tf_efficientnet_lite0_in1k-train_aten_constant_pad_nd_default.py'.
Hint: make sure your test modules/packages have valid Python names.
Traceback:
../.pyenv/versions/3.11.10/lib/python3.11/importlib/__init__.py:126: in import_module
    return _bootstrap._gcd_import(name[level:], package, level)
           ^^^^^^^^^^^^^^^^^^^^^^^^^^^^^^^^^^^^^^^^^^^^^^^^^^^^
tests/autogen_op/tf_efficientnet_lite0_in1k-train/test_tf_efficientnet_lite0_in1k-train_aten_constant_pad_nd_default.py:8: in <module>
    import ttnn
E   ModuleNotFoundError: No module named 'ttnn'
_ ERROR collecting tests/autogen_op/tf_efficientnet_lite0_in1k-train/test_tf_efficientnet_lite0_in1k-train_aten_convolution_backward_default.py _
ImportError while importing test module '/Users/Ajay17/pytorch2.0_ttnn/tests/autogen_op/tf_efficientnet_lite0_in1k-train/test_tf_efficientnet_lite0_in1k-train_aten_convolution_backward_default.py'.
Hint: make sure your test modules/packages have valid Python names.
Traceback:
../.pyenv/versions/3.11.10/lib/python3.11/importlib/__init__.py:126: in import_module
    return _bootstrap._gcd_import(name[level:], package, level)
           ^^^^^^^^^^^^^^^^^^^^^^^^^^^^^^^^^^^^^^^^^^^^^^^^^^^^
tests/autogen_op/tf_efficientnet_lite0_in1k-train/test_tf_efficientnet_lite0_in1k-train_aten_convolution_backward_default.py:8: in <module>
    import ttnn
E   ModuleNotFoundError: No module named 'ttnn'
_ ERROR collecting tests/autogen_op/tf_efficientnet_lite0_in1k-train/test_tf_efficientnet_lite0_in1k-train_aten_convolution_default.py _
ImportError while importing test module '/Users/Ajay17/pytorch2.0_ttnn/tests/autogen_op/tf_efficientnet_lite0_in1k-train/test_tf_efficientnet_lite0_in1k-train_aten_convolution_default.py'.
Hint: make sure your test modules/packages have valid Python names.
Traceback:
../.pyenv/versions/3.11.10/lib/python3.11/importlib/__init__.py:126: in import_module
    return _bootstrap._gcd_import(name[level:], package, level)
           ^^^^^^^^^^^^^^^^^^^^^^^^^^^^^^^^^^^^^^^^^^^^^^^^^^^^
tests/autogen_op/tf_efficientnet_lite0_in1k-train/test_tf_efficientnet_lite0_in1k-train_aten_convolution_default.py:8: in <module>
    import ttnn
E   ModuleNotFoundError: No module named 'ttnn'
_ ERROR collecting tests/autogen_op/tf_efficientnet_lite0_in1k-train/test_tf_efficientnet_lite0_in1k-train_aten_div_Scalar.py _
ImportError while importing test module '/Users/Ajay17/pytorch2.0_ttnn/tests/autogen_op/tf_efficientnet_lite0_in1k-train/test_tf_efficientnet_lite0_in1k-train_aten_div_Scalar.py'.
Hint: make sure your test modules/packages have valid Python names.
Traceback:
../.pyenv/versions/3.11.10/lib/python3.11/importlib/__init__.py:126: in import_module
    return _bootstrap._gcd_import(name[level:], package, level)
           ^^^^^^^^^^^^^^^^^^^^^^^^^^^^^^^^^^^^^^^^^^^^^^^^^^^^
tests/autogen_op/tf_efficientnet_lite0_in1k-train/test_tf_efficientnet_lite0_in1k-train_aten_div_Scalar.py:8: in <module>
    import ttnn
E   ModuleNotFoundError: No module named 'ttnn'
_ ERROR collecting tests/autogen_op/tf_efficientnet_lite0_in1k-train/test_tf_efficientnet_lite0_in1k-train_aten_expand_default.py _
ImportError while importing test module '/Users/Ajay17/pytorch2.0_ttnn/tests/autogen_op/tf_efficientnet_lite0_in1k-train/test_tf_efficientnet_lite0_in1k-train_aten_expand_default.py'.
Hint: make sure your test modules/packages have valid Python names.
Traceback:
../.pyenv/versions/3.11.10/lib/python3.11/importlib/__init__.py:126: in import_module
    return _bootstrap._gcd_import(name[level:], package, level)
           ^^^^^^^^^^^^^^^^^^^^^^^^^^^^^^^^^^^^^^^^^^^^^^^^^^^^
tests/autogen_op/tf_efficientnet_lite0_in1k-train/test_tf_efficientnet_lite0_in1k-train_aten_expand_default.py:8: in <module>
    import ttnn
E   ModuleNotFoundError: No module named 'ttnn'
_ ERROR collecting tests/autogen_op/tf_efficientnet_lite0_in1k-train/test_tf_efficientnet_lite0_in1k-train_aten_hardtanh_backward_default.py _
ImportError while importing test module '/Users/Ajay17/pytorch2.0_ttnn/tests/autogen_op/tf_efficientnet_lite0_in1k-train/test_tf_efficientnet_lite0_in1k-train_aten_hardtanh_backward_default.py'.
Hint: make sure your test modules/packages have valid Python names.
Traceback:
../.pyenv/versions/3.11.10/lib/python3.11/importlib/__init__.py:126: in import_module
    return _bootstrap._gcd_import(name[level:], package, level)
           ^^^^^^^^^^^^^^^^^^^^^^^^^^^^^^^^^^^^^^^^^^^^^^^^^^^^
tests/autogen_op/tf_efficientnet_lite0_in1k-train/test_tf_efficientnet_lite0_in1k-train_aten_hardtanh_backward_default.py:8: in <module>
    import ttnn
E   ModuleNotFoundError: No module named 'ttnn'
_ ERROR collecting tests/autogen_op/tf_efficientnet_lite0_in1k-train/test_tf_efficientnet_lite0_in1k-train_aten_hardtanh_default.py _
ImportError while importing test module '/Users/Ajay17/pytorch2.0_ttnn/tests/autogen_op/tf_efficientnet_lite0_in1k-train/test_tf_efficientnet_lite0_in1k-train_aten_hardtanh_default.py'.
Hint: make sure your test modules/packages have valid Python names.
Traceback:
../.pyenv/versions/3.11.10/lib/python3.11/importlib/__init__.py:126: in import_module
    return _bootstrap._gcd_import(name[level:], package, level)
           ^^^^^^^^^^^^^^^^^^^^^^^^^^^^^^^^^^^^^^^^^^^^^^^^^^^^
tests/autogen_op/tf_efficientnet_lite0_in1k-train/test_tf_efficientnet_lite0_in1k-train_aten_hardtanh_default.py:8: in <module>
    import ttnn
E   ModuleNotFoundError: No module named 'ttnn'
_ ERROR collecting tests/autogen_op/tf_efficientnet_lite0_in1k-train/test_tf_efficientnet_lite0_in1k-train_aten_mean_dim.py _
ImportError while importing test module '/Users/Ajay17/pytorch2.0_ttnn/tests/autogen_op/tf_efficientnet_lite0_in1k-train/test_tf_efficientnet_lite0_in1k-train_aten_mean_dim.py'.
Hint: make sure your test modules/packages have valid Python names.
Traceback:
../.pyenv/versions/3.11.10/lib/python3.11/importlib/__init__.py:126: in import_module
    return _bootstrap._gcd_import(name[level:], package, level)
           ^^^^^^^^^^^^^^^^^^^^^^^^^^^^^^^^^^^^^^^^^^^^^^^^^^^^
tests/autogen_op/tf_efficientnet_lite0_in1k-train/test_tf_efficientnet_lite0_in1k-train_aten_mean_dim.py:8: in <module>
    import ttnn
E   ModuleNotFoundError: No module named 'ttnn'
_ ERROR collecting tests/autogen_op/tf_efficientnet_lite0_in1k-train/test_tf_efficientnet_lite0_in1k-train_aten_mm_default.py _
ImportError while importing test module '/Users/Ajay17/pytorch2.0_ttnn/tests/autogen_op/tf_efficientnet_lite0_in1k-train/test_tf_efficientnet_lite0_in1k-train_aten_mm_default.py'.
Hint: make sure your test modules/packages have valid Python names.
Traceback:
../.pyenv/versions/3.11.10/lib/python3.11/importlib/__init__.py:126: in import_module
    return _bootstrap._gcd_import(name[level:], package, level)
           ^^^^^^^^^^^^^^^^^^^^^^^^^^^^^^^^^^^^^^^^^^^^^^^^^^^^
tests/autogen_op/tf_efficientnet_lite0_in1k-train/test_tf_efficientnet_lite0_in1k-train_aten_mm_default.py:8: in <module>
    import ttnn
E   ModuleNotFoundError: No module named 'ttnn'
_ ERROR collecting tests/autogen_op/tf_efficientnet_lite0_in1k-train/test_tf_efficientnet_lite0_in1k-train_aten_native_batch_norm_backward_default.py _
ImportError while importing test module '/Users/Ajay17/pytorch2.0_ttnn/tests/autogen_op/tf_efficientnet_lite0_in1k-train/test_tf_efficientnet_lite0_in1k-train_aten_native_batch_norm_backward_default.py'.
Hint: make sure your test modules/packages have valid Python names.
Traceback:
../.pyenv/versions/3.11.10/lib/python3.11/importlib/__init__.py:126: in import_module
    return _bootstrap._gcd_import(name[level:], package, level)
           ^^^^^^^^^^^^^^^^^^^^^^^^^^^^^^^^^^^^^^^^^^^^^^^^^^^^
tests/autogen_op/tf_efficientnet_lite0_in1k-train/test_tf_efficientnet_lite0_in1k-train_aten_native_batch_norm_backward_default.py:8: in <module>
    import ttnn
E   ModuleNotFoundError: No module named 'ttnn'
_ ERROR collecting tests/autogen_op/tf_efficientnet_lite0_in1k-train/test_tf_efficientnet_lite0_in1k-train_aten_sum_dim_IntList.py _
ImportError while importing test module '/Users/Ajay17/pytorch2.0_ttnn/tests/autogen_op/tf_efficientnet_lite0_in1k-train/test_tf_efficientnet_lite0_in1k-train_aten_sum_dim_IntList.py'.
Hint: make sure your test modules/packages have valid Python names.
Traceback:
../.pyenv/versions/3.11.10/lib/python3.11/importlib/__init__.py:126: in import_module
    return _bootstrap._gcd_import(name[level:], package, level)
           ^^^^^^^^^^^^^^^^^^^^^^^^^^^^^^^^^^^^^^^^^^^^^^^^^^^^
tests/autogen_op/tf_efficientnet_lite0_in1k-train/test_tf_efficientnet_lite0_in1k-train_aten_sum_dim_IntList.py:8: in <module>
    import ttnn
E   ModuleNotFoundError: No module named 'ttnn'
_ ERROR collecting tests/autogen_op/tf_efficientnet_lite0_in1k-train/test_tf_efficientnet_lite0_in1k-train_aten_t_default.py _
ImportError while importing test module '/Users/Ajay17/pytorch2.0_ttnn/tests/autogen_op/tf_efficientnet_lite0_in1k-train/test_tf_efficientnet_lite0_in1k-train_aten_t_default.py'.
Hint: make sure your test modules/packages have valid Python names.
Traceback:
../.pyenv/versions/3.11.10/lib/python3.11/importlib/__init__.py:126: in import_module
    return _bootstrap._gcd_import(name[level:], package, level)
           ^^^^^^^^^^^^^^^^^^^^^^^^^^^^^^^^^^^^^^^^^^^^^^^^^^^^
tests/autogen_op/tf_efficientnet_lite0_in1k-train/test_tf_efficientnet_lite0_in1k-train_aten_t_default.py:8: in <module>
    import ttnn
E   ModuleNotFoundError: No module named 'ttnn'
_ ERROR collecting tests/autogen_op/tf_efficientnet_lite0_in1k-train/test_tf_efficientnet_lite0_in1k-train_aten_view_default.py _
ImportError while importing test module '/Users/Ajay17/pytorch2.0_ttnn/tests/autogen_op/tf_efficientnet_lite0_in1k-train/test_tf_efficientnet_lite0_in1k-train_aten_view_default.py'.
Hint: make sure your test modules/packages have valid Python names.
Traceback:
../.pyenv/versions/3.11.10/lib/python3.11/importlib/__init__.py:126: in import_module
    return _bootstrap._gcd_import(name[level:], package, level)
           ^^^^^^^^^^^^^^^^^^^^^^^^^^^^^^^^^^^^^^^^^^^^^^^^^^^^
tests/autogen_op/tf_efficientnet_lite0_in1k-train/test_tf_efficientnet_lite0_in1k-train_aten_view_default.py:8: in <module>
    import ttnn
E   ModuleNotFoundError: No module named 'ttnn'
_ ERROR collecting tests/autogen_op/tf_efficientnet_lite1_in1k/test_tf_efficientnet_lite1_in1k_aten__native_batch_norm_legit_no_training_default.py _
ImportError while importing test module '/Users/Ajay17/pytorch2.0_ttnn/tests/autogen_op/tf_efficientnet_lite1_in1k/test_tf_efficientnet_lite1_in1k_aten__native_batch_norm_legit_no_training_default.py'.
Hint: make sure your test modules/packages have valid Python names.
Traceback:
../.pyenv/versions/3.11.10/lib/python3.11/importlib/__init__.py:126: in import_module
    return _bootstrap._gcd_import(name[level:], package, level)
           ^^^^^^^^^^^^^^^^^^^^^^^^^^^^^^^^^^^^^^^^^^^^^^^^^^^^
tests/autogen_op/tf_efficientnet_lite1_in1k/test_tf_efficientnet_lite1_in1k_aten__native_batch_norm_legit_no_training_default.py:8: in <module>
    import ttnn
E   ModuleNotFoundError: No module named 'ttnn'
_ ERROR collecting tests/autogen_op/tf_efficientnet_lite1_in1k/test_tf_efficientnet_lite1_in1k_aten_add_Tensor.py _
ImportError while importing test module '/Users/Ajay17/pytorch2.0_ttnn/tests/autogen_op/tf_efficientnet_lite1_in1k/test_tf_efficientnet_lite1_in1k_aten_add_Tensor.py'.
Hint: make sure your test modules/packages have valid Python names.
Traceback:
../.pyenv/versions/3.11.10/lib/python3.11/importlib/__init__.py:126: in import_module
    return _bootstrap._gcd_import(name[level:], package, level)
           ^^^^^^^^^^^^^^^^^^^^^^^^^^^^^^^^^^^^^^^^^^^^^^^^^^^^
tests/autogen_op/tf_efficientnet_lite1_in1k/test_tf_efficientnet_lite1_in1k_aten_add_Tensor.py:8: in <module>
    import ttnn
E   ModuleNotFoundError: No module named 'ttnn'
_ ERROR collecting tests/autogen_op/tf_efficientnet_lite1_in1k/test_tf_efficientnet_lite1_in1k_aten_addmm_default.py _
ImportError while importing test module '/Users/Ajay17/pytorch2.0_ttnn/tests/autogen_op/tf_efficientnet_lite1_in1k/test_tf_efficientnet_lite1_in1k_aten_addmm_default.py'.
Hint: make sure your test modules/packages have valid Python names.
Traceback:
../.pyenv/versions/3.11.10/lib/python3.11/importlib/__init__.py:126: in import_module
    return _bootstrap._gcd_import(name[level:], package, level)
           ^^^^^^^^^^^^^^^^^^^^^^^^^^^^^^^^^^^^^^^^^^^^^^^^^^^^
tests/autogen_op/tf_efficientnet_lite1_in1k/test_tf_efficientnet_lite1_in1k_aten_addmm_default.py:8: in <module>
    import ttnn
E   ModuleNotFoundError: No module named 'ttnn'
_ ERROR collecting tests/autogen_op/tf_efficientnet_lite1_in1k/test_tf_efficientnet_lite1_in1k_aten_constant_pad_nd_default.py _
ImportError while importing test module '/Users/Ajay17/pytorch2.0_ttnn/tests/autogen_op/tf_efficientnet_lite1_in1k/test_tf_efficientnet_lite1_in1k_aten_constant_pad_nd_default.py'.
Hint: make sure your test modules/packages have valid Python names.
Traceback:
../.pyenv/versions/3.11.10/lib/python3.11/importlib/__init__.py:126: in import_module
    return _bootstrap._gcd_import(name[level:], package, level)
           ^^^^^^^^^^^^^^^^^^^^^^^^^^^^^^^^^^^^^^^^^^^^^^^^^^^^
tests/autogen_op/tf_efficientnet_lite1_in1k/test_tf_efficientnet_lite1_in1k_aten_constant_pad_nd_default.py:8: in <module>
    import ttnn
E   ModuleNotFoundError: No module named 'ttnn'
_ ERROR collecting tests/autogen_op/tf_efficientnet_lite1_in1k/test_tf_efficientnet_lite1_in1k_aten_convolution_default.py _
ImportError while importing test module '/Users/Ajay17/pytorch2.0_ttnn/tests/autogen_op/tf_efficientnet_lite1_in1k/test_tf_efficientnet_lite1_in1k_aten_convolution_default.py'.
Hint: make sure your test modules/packages have valid Python names.
Traceback:
../.pyenv/versions/3.11.10/lib/python3.11/importlib/__init__.py:126: in import_module
    return _bootstrap._gcd_import(name[level:], package, level)
           ^^^^^^^^^^^^^^^^^^^^^^^^^^^^^^^^^^^^^^^^^^^^^^^^^^^^
tests/autogen_op/tf_efficientnet_lite1_in1k/test_tf_efficientnet_lite1_in1k_aten_convolution_default.py:8: in <module>
    import ttnn
E   ModuleNotFoundError: No module named 'ttnn'
_ ERROR collecting tests/autogen_op/tf_efficientnet_lite1_in1k/test_tf_efficientnet_lite1_in1k_aten_hardtanh_default.py _
ImportError while importing test module '/Users/Ajay17/pytorch2.0_ttnn/tests/autogen_op/tf_efficientnet_lite1_in1k/test_tf_efficientnet_lite1_in1k_aten_hardtanh_default.py'.
Hint: make sure your test modules/packages have valid Python names.
Traceback:
../.pyenv/versions/3.11.10/lib/python3.11/importlib/__init__.py:126: in import_module
    return _bootstrap._gcd_import(name[level:], package, level)
           ^^^^^^^^^^^^^^^^^^^^^^^^^^^^^^^^^^^^^^^^^^^^^^^^^^^^
tests/autogen_op/tf_efficientnet_lite1_in1k/test_tf_efficientnet_lite1_in1k_aten_hardtanh_default.py:8: in <module>
    import ttnn
E   ModuleNotFoundError: No module named 'ttnn'
_ ERROR collecting tests/autogen_op/tf_efficientnet_lite1_in1k/test_tf_efficientnet_lite1_in1k_aten_mean_dim.py _
ImportError while importing test module '/Users/Ajay17/pytorch2.0_ttnn/tests/autogen_op/tf_efficientnet_lite1_in1k/test_tf_efficientnet_lite1_in1k_aten_mean_dim.py'.
Hint: make sure your test modules/packages have valid Python names.
Traceback:
../.pyenv/versions/3.11.10/lib/python3.11/importlib/__init__.py:126: in import_module
    return _bootstrap._gcd_import(name[level:], package, level)
           ^^^^^^^^^^^^^^^^^^^^^^^^^^^^^^^^^^^^^^^^^^^^^^^^^^^^
tests/autogen_op/tf_efficientnet_lite1_in1k/test_tf_efficientnet_lite1_in1k_aten_mean_dim.py:8: in <module>
    import ttnn
E   ModuleNotFoundError: No module named 'ttnn'
_ ERROR collecting tests/autogen_op/tf_efficientnet_lite1_in1k/test_tf_efficientnet_lite1_in1k_aten_t_default.py _
ImportError while importing test module '/Users/Ajay17/pytorch2.0_ttnn/tests/autogen_op/tf_efficientnet_lite1_in1k/test_tf_efficientnet_lite1_in1k_aten_t_default.py'.
Hint: make sure your test modules/packages have valid Python names.
Traceback:
../.pyenv/versions/3.11.10/lib/python3.11/importlib/__init__.py:126: in import_module
    return _bootstrap._gcd_import(name[level:], package, level)
           ^^^^^^^^^^^^^^^^^^^^^^^^^^^^^^^^^^^^^^^^^^^^^^^^^^^^
tests/autogen_op/tf_efficientnet_lite1_in1k/test_tf_efficientnet_lite1_in1k_aten_t_default.py:8: in <module>
    import ttnn
E   ModuleNotFoundError: No module named 'ttnn'
_ ERROR collecting tests/autogen_op/tf_efficientnet_lite1_in1k/test_tf_efficientnet_lite1_in1k_aten_view_default.py _
ImportError while importing test module '/Users/Ajay17/pytorch2.0_ttnn/tests/autogen_op/tf_efficientnet_lite1_in1k/test_tf_efficientnet_lite1_in1k_aten_view_default.py'.
Hint: make sure your test modules/packages have valid Python names.
Traceback:
../.pyenv/versions/3.11.10/lib/python3.11/importlib/__init__.py:126: in import_module
    return _bootstrap._gcd_import(name[level:], package, level)
           ^^^^^^^^^^^^^^^^^^^^^^^^^^^^^^^^^^^^^^^^^^^^^^^^^^^^
tests/autogen_op/tf_efficientnet_lite1_in1k/test_tf_efficientnet_lite1_in1k_aten_view_default.py:8: in <module>
    import ttnn
E   ModuleNotFoundError: No module named 'ttnn'
_ ERROR collecting tests/autogen_op/tf_efficientnet_lite1_in1k-train/test_tf_efficientnet_lite1_in1k-train_aten__native_batch_norm_legit_functional_default.py _
ImportError while importing test module '/Users/Ajay17/pytorch2.0_ttnn/tests/autogen_op/tf_efficientnet_lite1_in1k-train/test_tf_efficientnet_lite1_in1k-train_aten__native_batch_norm_legit_functional_default.py'.
Hint: make sure your test modules/packages have valid Python names.
Traceback:
../.pyenv/versions/3.11.10/lib/python3.11/importlib/__init__.py:126: in import_module
    return _bootstrap._gcd_import(name[level:], package, level)
           ^^^^^^^^^^^^^^^^^^^^^^^^^^^^^^^^^^^^^^^^^^^^^^^^^^^^
tests/autogen_op/tf_efficientnet_lite1_in1k-train/test_tf_efficientnet_lite1_in1k-train_aten__native_batch_norm_legit_functional_default.py:8: in <module>
    import ttnn
E   ModuleNotFoundError: No module named 'ttnn'
_ ERROR collecting tests/autogen_op/tf_efficientnet_lite1_in1k-train/test_tf_efficientnet_lite1_in1k-train_aten__to_copy_default.py _
ImportError while importing test module '/Users/Ajay17/pytorch2.0_ttnn/tests/autogen_op/tf_efficientnet_lite1_in1k-train/test_tf_efficientnet_lite1_in1k-train_aten__to_copy_default.py'.
Hint: make sure your test modules/packages have valid Python names.
Traceback:
../.pyenv/versions/3.11.10/lib/python3.11/importlib/__init__.py:126: in import_module
    return _bootstrap._gcd_import(name[level:], package, level)
           ^^^^^^^^^^^^^^^^^^^^^^^^^^^^^^^^^^^^^^^^^^^^^^^^^^^^
tests/autogen_op/tf_efficientnet_lite1_in1k-train/test_tf_efficientnet_lite1_in1k-train_aten__to_copy_default.py:8: in <module>
    import ttnn
E   ModuleNotFoundError: No module named 'ttnn'
_ ERROR collecting tests/autogen_op/tf_efficientnet_lite1_in1k-train/test_tf_efficientnet_lite1_in1k-train_aten_add_Tensor.py _
ImportError while importing test module '/Users/Ajay17/pytorch2.0_ttnn/tests/autogen_op/tf_efficientnet_lite1_in1k-train/test_tf_efficientnet_lite1_in1k-train_aten_add_Tensor.py'.
Hint: make sure your test modules/packages have valid Python names.
Traceback:
../.pyenv/versions/3.11.10/lib/python3.11/importlib/__init__.py:126: in import_module
    return _bootstrap._gcd_import(name[level:], package, level)
           ^^^^^^^^^^^^^^^^^^^^^^^^^^^^^^^^^^^^^^^^^^^^^^^^^^^^
tests/autogen_op/tf_efficientnet_lite1_in1k-train/test_tf_efficientnet_lite1_in1k-train_aten_add_Tensor.py:8: in <module>
    import ttnn
E   ModuleNotFoundError: No module named 'ttnn'
_ ERROR collecting tests/autogen_op/tf_efficientnet_lite1_in1k-train/test_tf_efficientnet_lite1_in1k-train_aten_addmm_default.py _
ImportError while importing test module '/Users/Ajay17/pytorch2.0_ttnn/tests/autogen_op/tf_efficientnet_lite1_in1k-train/test_tf_efficientnet_lite1_in1k-train_aten_addmm_default.py'.
Hint: make sure your test modules/packages have valid Python names.
Traceback:
../.pyenv/versions/3.11.10/lib/python3.11/importlib/__init__.py:126: in import_module
    return _bootstrap._gcd_import(name[level:], package, level)
           ^^^^^^^^^^^^^^^^^^^^^^^^^^^^^^^^^^^^^^^^^^^^^^^^^^^^
tests/autogen_op/tf_efficientnet_lite1_in1k-train/test_tf_efficientnet_lite1_in1k-train_aten_addmm_default.py:8: in <module>
    import ttnn
E   ModuleNotFoundError: No module named 'ttnn'
_ ERROR collecting tests/autogen_op/tf_efficientnet_lite1_in1k-train/test_tf_efficientnet_lite1_in1k-train_aten_constant_pad_nd_default.py _
ImportError while importing test module '/Users/Ajay17/pytorch2.0_ttnn/tests/autogen_op/tf_efficientnet_lite1_in1k-train/test_tf_efficientnet_lite1_in1k-train_aten_constant_pad_nd_default.py'.
Hint: make sure your test modules/packages have valid Python names.
Traceback:
../.pyenv/versions/3.11.10/lib/python3.11/importlib/__init__.py:126: in import_module
    return _bootstrap._gcd_import(name[level:], package, level)
           ^^^^^^^^^^^^^^^^^^^^^^^^^^^^^^^^^^^^^^^^^^^^^^^^^^^^
tests/autogen_op/tf_efficientnet_lite1_in1k-train/test_tf_efficientnet_lite1_in1k-train_aten_constant_pad_nd_default.py:8: in <module>
    import ttnn
E   ModuleNotFoundError: No module named 'ttnn'
_ ERROR collecting tests/autogen_op/tf_efficientnet_lite1_in1k-train/test_tf_efficientnet_lite1_in1k-train_aten_convolution_backward_default.py _
ImportError while importing test module '/Users/Ajay17/pytorch2.0_ttnn/tests/autogen_op/tf_efficientnet_lite1_in1k-train/test_tf_efficientnet_lite1_in1k-train_aten_convolution_backward_default.py'.
Hint: make sure your test modules/packages have valid Python names.
Traceback:
../.pyenv/versions/3.11.10/lib/python3.11/importlib/__init__.py:126: in import_module
    return _bootstrap._gcd_import(name[level:], package, level)
           ^^^^^^^^^^^^^^^^^^^^^^^^^^^^^^^^^^^^^^^^^^^^^^^^^^^^
tests/autogen_op/tf_efficientnet_lite1_in1k-train/test_tf_efficientnet_lite1_in1k-train_aten_convolution_backward_default.py:8: in <module>
    import ttnn
E   ModuleNotFoundError: No module named 'ttnn'
_ ERROR collecting tests/autogen_op/tf_efficientnet_lite1_in1k-train/test_tf_efficientnet_lite1_in1k-train_aten_convolution_default.py _
ImportError while importing test module '/Users/Ajay17/pytorch2.0_ttnn/tests/autogen_op/tf_efficientnet_lite1_in1k-train/test_tf_efficientnet_lite1_in1k-train_aten_convolution_default.py'.
Hint: make sure your test modules/packages have valid Python names.
Traceback:
../.pyenv/versions/3.11.10/lib/python3.11/importlib/__init__.py:126: in import_module
    return _bootstrap._gcd_import(name[level:], package, level)
           ^^^^^^^^^^^^^^^^^^^^^^^^^^^^^^^^^^^^^^^^^^^^^^^^^^^^
tests/autogen_op/tf_efficientnet_lite1_in1k-train/test_tf_efficientnet_lite1_in1k-train_aten_convolution_default.py:8: in <module>
    import ttnn
E   ModuleNotFoundError: No module named 'ttnn'
_ ERROR collecting tests/autogen_op/tf_efficientnet_lite1_in1k-train/test_tf_efficientnet_lite1_in1k-train_aten_div_Scalar.py _
ImportError while importing test module '/Users/Ajay17/pytorch2.0_ttnn/tests/autogen_op/tf_efficientnet_lite1_in1k-train/test_tf_efficientnet_lite1_in1k-train_aten_div_Scalar.py'.
Hint: make sure your test modules/packages have valid Python names.
Traceback:
../.pyenv/versions/3.11.10/lib/python3.11/importlib/__init__.py:126: in import_module
    return _bootstrap._gcd_import(name[level:], package, level)
           ^^^^^^^^^^^^^^^^^^^^^^^^^^^^^^^^^^^^^^^^^^^^^^^^^^^^
tests/autogen_op/tf_efficientnet_lite1_in1k-train/test_tf_efficientnet_lite1_in1k-train_aten_div_Scalar.py:8: in <module>
    import ttnn
E   ModuleNotFoundError: No module named 'ttnn'
_ ERROR collecting tests/autogen_op/tf_efficientnet_lite1_in1k-train/test_tf_efficientnet_lite1_in1k-train_aten_expand_default.py _
ImportError while importing test module '/Users/Ajay17/pytorch2.0_ttnn/tests/autogen_op/tf_efficientnet_lite1_in1k-train/test_tf_efficientnet_lite1_in1k-train_aten_expand_default.py'.
Hint: make sure your test modules/packages have valid Python names.
Traceback:
../.pyenv/versions/3.11.10/lib/python3.11/importlib/__init__.py:126: in import_module
    return _bootstrap._gcd_import(name[level:], package, level)
           ^^^^^^^^^^^^^^^^^^^^^^^^^^^^^^^^^^^^^^^^^^^^^^^^^^^^
tests/autogen_op/tf_efficientnet_lite1_in1k-train/test_tf_efficientnet_lite1_in1k-train_aten_expand_default.py:8: in <module>
    import ttnn
E   ModuleNotFoundError: No module named 'ttnn'
_ ERROR collecting tests/autogen_op/tf_efficientnet_lite1_in1k-train/test_tf_efficientnet_lite1_in1k-train_aten_hardtanh_backward_default.py _
ImportError while importing test module '/Users/Ajay17/pytorch2.0_ttnn/tests/autogen_op/tf_efficientnet_lite1_in1k-train/test_tf_efficientnet_lite1_in1k-train_aten_hardtanh_backward_default.py'.
Hint: make sure your test modules/packages have valid Python names.
Traceback:
../.pyenv/versions/3.11.10/lib/python3.11/importlib/__init__.py:126: in import_module
    return _bootstrap._gcd_import(name[level:], package, level)
           ^^^^^^^^^^^^^^^^^^^^^^^^^^^^^^^^^^^^^^^^^^^^^^^^^^^^
tests/autogen_op/tf_efficientnet_lite1_in1k-train/test_tf_efficientnet_lite1_in1k-train_aten_hardtanh_backward_default.py:8: in <module>
    import ttnn
E   ModuleNotFoundError: No module named 'ttnn'
_ ERROR collecting tests/autogen_op/tf_efficientnet_lite1_in1k-train/test_tf_efficientnet_lite1_in1k-train_aten_hardtanh_default.py _
ImportError while importing test module '/Users/Ajay17/pytorch2.0_ttnn/tests/autogen_op/tf_efficientnet_lite1_in1k-train/test_tf_efficientnet_lite1_in1k-train_aten_hardtanh_default.py'.
Hint: make sure your test modules/packages have valid Python names.
Traceback:
../.pyenv/versions/3.11.10/lib/python3.11/importlib/__init__.py:126: in import_module
    return _bootstrap._gcd_import(name[level:], package, level)
           ^^^^^^^^^^^^^^^^^^^^^^^^^^^^^^^^^^^^^^^^^^^^^^^^^^^^
tests/autogen_op/tf_efficientnet_lite1_in1k-train/test_tf_efficientnet_lite1_in1k-train_aten_hardtanh_default.py:8: in <module>
    import ttnn
E   ModuleNotFoundError: No module named 'ttnn'
_ ERROR collecting tests/autogen_op/tf_efficientnet_lite1_in1k-train/test_tf_efficientnet_lite1_in1k-train_aten_mean_dim.py _
ImportError while importing test module '/Users/Ajay17/pytorch2.0_ttnn/tests/autogen_op/tf_efficientnet_lite1_in1k-train/test_tf_efficientnet_lite1_in1k-train_aten_mean_dim.py'.
Hint: make sure your test modules/packages have valid Python names.
Traceback:
../.pyenv/versions/3.11.10/lib/python3.11/importlib/__init__.py:126: in import_module
    return _bootstrap._gcd_import(name[level:], package, level)
           ^^^^^^^^^^^^^^^^^^^^^^^^^^^^^^^^^^^^^^^^^^^^^^^^^^^^
tests/autogen_op/tf_efficientnet_lite1_in1k-train/test_tf_efficientnet_lite1_in1k-train_aten_mean_dim.py:8: in <module>
    import ttnn
E   ModuleNotFoundError: No module named 'ttnn'
_ ERROR collecting tests/autogen_op/tf_efficientnet_lite1_in1k-train/test_tf_efficientnet_lite1_in1k-train_aten_mm_default.py _
ImportError while importing test module '/Users/Ajay17/pytorch2.0_ttnn/tests/autogen_op/tf_efficientnet_lite1_in1k-train/test_tf_efficientnet_lite1_in1k-train_aten_mm_default.py'.
Hint: make sure your test modules/packages have valid Python names.
Traceback:
../.pyenv/versions/3.11.10/lib/python3.11/importlib/__init__.py:126: in import_module
    return _bootstrap._gcd_import(name[level:], package, level)
           ^^^^^^^^^^^^^^^^^^^^^^^^^^^^^^^^^^^^^^^^^^^^^^^^^^^^
tests/autogen_op/tf_efficientnet_lite1_in1k-train/test_tf_efficientnet_lite1_in1k-train_aten_mm_default.py:8: in <module>
    import ttnn
E   ModuleNotFoundError: No module named 'ttnn'
_ ERROR collecting tests/autogen_op/tf_efficientnet_lite1_in1k-train/test_tf_efficientnet_lite1_in1k-train_aten_native_batch_norm_backward_default.py _
ImportError while importing test module '/Users/Ajay17/pytorch2.0_ttnn/tests/autogen_op/tf_efficientnet_lite1_in1k-train/test_tf_efficientnet_lite1_in1k-train_aten_native_batch_norm_backward_default.py'.
Hint: make sure your test modules/packages have valid Python names.
Traceback:
../.pyenv/versions/3.11.10/lib/python3.11/importlib/__init__.py:126: in import_module
    return _bootstrap._gcd_import(name[level:], package, level)
           ^^^^^^^^^^^^^^^^^^^^^^^^^^^^^^^^^^^^^^^^^^^^^^^^^^^^
tests/autogen_op/tf_efficientnet_lite1_in1k-train/test_tf_efficientnet_lite1_in1k-train_aten_native_batch_norm_backward_default.py:8: in <module>
    import ttnn
E   ModuleNotFoundError: No module named 'ttnn'
_ ERROR collecting tests/autogen_op/tf_efficientnet_lite1_in1k-train/test_tf_efficientnet_lite1_in1k-train_aten_sum_dim_IntList.py _
ImportError while importing test module '/Users/Ajay17/pytorch2.0_ttnn/tests/autogen_op/tf_efficientnet_lite1_in1k-train/test_tf_efficientnet_lite1_in1k-train_aten_sum_dim_IntList.py'.
Hint: make sure your test modules/packages have valid Python names.
Traceback:
../.pyenv/versions/3.11.10/lib/python3.11/importlib/__init__.py:126: in import_module
    return _bootstrap._gcd_import(name[level:], package, level)
           ^^^^^^^^^^^^^^^^^^^^^^^^^^^^^^^^^^^^^^^^^^^^^^^^^^^^
tests/autogen_op/tf_efficientnet_lite1_in1k-train/test_tf_efficientnet_lite1_in1k-train_aten_sum_dim_IntList.py:8: in <module>
    import ttnn
E   ModuleNotFoundError: No module named 'ttnn'
_ ERROR collecting tests/autogen_op/tf_efficientnet_lite1_in1k-train/test_tf_efficientnet_lite1_in1k-train_aten_t_default.py _
ImportError while importing test module '/Users/Ajay17/pytorch2.0_ttnn/tests/autogen_op/tf_efficientnet_lite1_in1k-train/test_tf_efficientnet_lite1_in1k-train_aten_t_default.py'.
Hint: make sure your test modules/packages have valid Python names.
Traceback:
../.pyenv/versions/3.11.10/lib/python3.11/importlib/__init__.py:126: in import_module
    return _bootstrap._gcd_import(name[level:], package, level)
           ^^^^^^^^^^^^^^^^^^^^^^^^^^^^^^^^^^^^^^^^^^^^^^^^^^^^
tests/autogen_op/tf_efficientnet_lite1_in1k-train/test_tf_efficientnet_lite1_in1k-train_aten_t_default.py:8: in <module>
    import ttnn
E   ModuleNotFoundError: No module named 'ttnn'
_ ERROR collecting tests/autogen_op/tf_efficientnet_lite1_in1k-train/test_tf_efficientnet_lite1_in1k-train_aten_view_default.py _
ImportError while importing test module '/Users/Ajay17/pytorch2.0_ttnn/tests/autogen_op/tf_efficientnet_lite1_in1k-train/test_tf_efficientnet_lite1_in1k-train_aten_view_default.py'.
Hint: make sure your test modules/packages have valid Python names.
Traceback:
../.pyenv/versions/3.11.10/lib/python3.11/importlib/__init__.py:126: in import_module
    return _bootstrap._gcd_import(name[level:], package, level)
           ^^^^^^^^^^^^^^^^^^^^^^^^^^^^^^^^^^^^^^^^^^^^^^^^^^^^
tests/autogen_op/tf_efficientnet_lite1_in1k-train/test_tf_efficientnet_lite1_in1k-train_aten_view_default.py:8: in <module>
    import ttnn
E   ModuleNotFoundError: No module named 'ttnn'
_ ERROR collecting tests/autogen_op/tf_efficientnet_lite2_in1k/test_tf_efficientnet_lite2_in1k_aten__native_batch_norm_legit_no_training_default.py _
ImportError while importing test module '/Users/Ajay17/pytorch2.0_ttnn/tests/autogen_op/tf_efficientnet_lite2_in1k/test_tf_efficientnet_lite2_in1k_aten__native_batch_norm_legit_no_training_default.py'.
Hint: make sure your test modules/packages have valid Python names.
Traceback:
../.pyenv/versions/3.11.10/lib/python3.11/importlib/__init__.py:126: in import_module
    return _bootstrap._gcd_import(name[level:], package, level)
           ^^^^^^^^^^^^^^^^^^^^^^^^^^^^^^^^^^^^^^^^^^^^^^^^^^^^
tests/autogen_op/tf_efficientnet_lite2_in1k/test_tf_efficientnet_lite2_in1k_aten__native_batch_norm_legit_no_training_default.py:8: in <module>
    import ttnn
E   ModuleNotFoundError: No module named 'ttnn'
_ ERROR collecting tests/autogen_op/tf_efficientnet_lite2_in1k/test_tf_efficientnet_lite2_in1k_aten_add_Tensor.py _
ImportError while importing test module '/Users/Ajay17/pytorch2.0_ttnn/tests/autogen_op/tf_efficientnet_lite2_in1k/test_tf_efficientnet_lite2_in1k_aten_add_Tensor.py'.
Hint: make sure your test modules/packages have valid Python names.
Traceback:
../.pyenv/versions/3.11.10/lib/python3.11/importlib/__init__.py:126: in import_module
    return _bootstrap._gcd_import(name[level:], package, level)
           ^^^^^^^^^^^^^^^^^^^^^^^^^^^^^^^^^^^^^^^^^^^^^^^^^^^^
tests/autogen_op/tf_efficientnet_lite2_in1k/test_tf_efficientnet_lite2_in1k_aten_add_Tensor.py:8: in <module>
    import ttnn
E   ModuleNotFoundError: No module named 'ttnn'
_ ERROR collecting tests/autogen_op/tf_efficientnet_lite2_in1k/test_tf_efficientnet_lite2_in1k_aten_addmm_default.py _
ImportError while importing test module '/Users/Ajay17/pytorch2.0_ttnn/tests/autogen_op/tf_efficientnet_lite2_in1k/test_tf_efficientnet_lite2_in1k_aten_addmm_default.py'.
Hint: make sure your test modules/packages have valid Python names.
Traceback:
../.pyenv/versions/3.11.10/lib/python3.11/importlib/__init__.py:126: in import_module
    return _bootstrap._gcd_import(name[level:], package, level)
           ^^^^^^^^^^^^^^^^^^^^^^^^^^^^^^^^^^^^^^^^^^^^^^^^^^^^
tests/autogen_op/tf_efficientnet_lite2_in1k/test_tf_efficientnet_lite2_in1k_aten_addmm_default.py:8: in <module>
    import ttnn
E   ModuleNotFoundError: No module named 'ttnn'
_ ERROR collecting tests/autogen_op/tf_efficientnet_lite2_in1k/test_tf_efficientnet_lite2_in1k_aten_constant_pad_nd_default.py _
ImportError while importing test module '/Users/Ajay17/pytorch2.0_ttnn/tests/autogen_op/tf_efficientnet_lite2_in1k/test_tf_efficientnet_lite2_in1k_aten_constant_pad_nd_default.py'.
Hint: make sure your test modules/packages have valid Python names.
Traceback:
../.pyenv/versions/3.11.10/lib/python3.11/importlib/__init__.py:126: in import_module
    return _bootstrap._gcd_import(name[level:], package, level)
           ^^^^^^^^^^^^^^^^^^^^^^^^^^^^^^^^^^^^^^^^^^^^^^^^^^^^
tests/autogen_op/tf_efficientnet_lite2_in1k/test_tf_efficientnet_lite2_in1k_aten_constant_pad_nd_default.py:8: in <module>
    import ttnn
E   ModuleNotFoundError: No module named 'ttnn'
_ ERROR collecting tests/autogen_op/tf_efficientnet_lite2_in1k/test_tf_efficientnet_lite2_in1k_aten_convolution_default.py _
ImportError while importing test module '/Users/Ajay17/pytorch2.0_ttnn/tests/autogen_op/tf_efficientnet_lite2_in1k/test_tf_efficientnet_lite2_in1k_aten_convolution_default.py'.
Hint: make sure your test modules/packages have valid Python names.
Traceback:
../.pyenv/versions/3.11.10/lib/python3.11/importlib/__init__.py:126: in import_module
    return _bootstrap._gcd_import(name[level:], package, level)
           ^^^^^^^^^^^^^^^^^^^^^^^^^^^^^^^^^^^^^^^^^^^^^^^^^^^^
tests/autogen_op/tf_efficientnet_lite2_in1k/test_tf_efficientnet_lite2_in1k_aten_convolution_default.py:8: in <module>
    import ttnn
E   ModuleNotFoundError: No module named 'ttnn'
_ ERROR collecting tests/autogen_op/tf_efficientnet_lite2_in1k/test_tf_efficientnet_lite2_in1k_aten_hardtanh_default.py _
ImportError while importing test module '/Users/Ajay17/pytorch2.0_ttnn/tests/autogen_op/tf_efficientnet_lite2_in1k/test_tf_efficientnet_lite2_in1k_aten_hardtanh_default.py'.
Hint: make sure your test modules/packages have valid Python names.
Traceback:
../.pyenv/versions/3.11.10/lib/python3.11/importlib/__init__.py:126: in import_module
    return _bootstrap._gcd_import(name[level:], package, level)
           ^^^^^^^^^^^^^^^^^^^^^^^^^^^^^^^^^^^^^^^^^^^^^^^^^^^^
tests/autogen_op/tf_efficientnet_lite2_in1k/test_tf_efficientnet_lite2_in1k_aten_hardtanh_default.py:8: in <module>
    import ttnn
E   ModuleNotFoundError: No module named 'ttnn'
_ ERROR collecting tests/autogen_op/tf_efficientnet_lite2_in1k/test_tf_efficientnet_lite2_in1k_aten_mean_dim.py _
ImportError while importing test module '/Users/Ajay17/pytorch2.0_ttnn/tests/autogen_op/tf_efficientnet_lite2_in1k/test_tf_efficientnet_lite2_in1k_aten_mean_dim.py'.
Hint: make sure your test modules/packages have valid Python names.
Traceback:
../.pyenv/versions/3.11.10/lib/python3.11/importlib/__init__.py:126: in import_module
    return _bootstrap._gcd_import(name[level:], package, level)
           ^^^^^^^^^^^^^^^^^^^^^^^^^^^^^^^^^^^^^^^^^^^^^^^^^^^^
tests/autogen_op/tf_efficientnet_lite2_in1k/test_tf_efficientnet_lite2_in1k_aten_mean_dim.py:8: in <module>
    import ttnn
E   ModuleNotFoundError: No module named 'ttnn'
_ ERROR collecting tests/autogen_op/tf_efficientnet_lite2_in1k/test_tf_efficientnet_lite2_in1k_aten_t_default.py _
ImportError while importing test module '/Users/Ajay17/pytorch2.0_ttnn/tests/autogen_op/tf_efficientnet_lite2_in1k/test_tf_efficientnet_lite2_in1k_aten_t_default.py'.
Hint: make sure your test modules/packages have valid Python names.
Traceback:
../.pyenv/versions/3.11.10/lib/python3.11/importlib/__init__.py:126: in import_module
    return _bootstrap._gcd_import(name[level:], package, level)
           ^^^^^^^^^^^^^^^^^^^^^^^^^^^^^^^^^^^^^^^^^^^^^^^^^^^^
tests/autogen_op/tf_efficientnet_lite2_in1k/test_tf_efficientnet_lite2_in1k_aten_t_default.py:8: in <module>
    import ttnn
E   ModuleNotFoundError: No module named 'ttnn'
_ ERROR collecting tests/autogen_op/tf_efficientnet_lite2_in1k/test_tf_efficientnet_lite2_in1k_aten_view_default.py _
ImportError while importing test module '/Users/Ajay17/pytorch2.0_ttnn/tests/autogen_op/tf_efficientnet_lite2_in1k/test_tf_efficientnet_lite2_in1k_aten_view_default.py'.
Hint: make sure your test modules/packages have valid Python names.
Traceback:
../.pyenv/versions/3.11.10/lib/python3.11/importlib/__init__.py:126: in import_module
    return _bootstrap._gcd_import(name[level:], package, level)
           ^^^^^^^^^^^^^^^^^^^^^^^^^^^^^^^^^^^^^^^^^^^^^^^^^^^^
tests/autogen_op/tf_efficientnet_lite2_in1k/test_tf_efficientnet_lite2_in1k_aten_view_default.py:8: in <module>
    import ttnn
E   ModuleNotFoundError: No module named 'ttnn'
_ ERROR collecting tests/autogen_op/tf_efficientnet_lite2_in1k-train/test_tf_efficientnet_lite2_in1k-train_aten__native_batch_norm_legit_functional_default.py _
ImportError while importing test module '/Users/Ajay17/pytorch2.0_ttnn/tests/autogen_op/tf_efficientnet_lite2_in1k-train/test_tf_efficientnet_lite2_in1k-train_aten__native_batch_norm_legit_functional_default.py'.
Hint: make sure your test modules/packages have valid Python names.
Traceback:
../.pyenv/versions/3.11.10/lib/python3.11/importlib/__init__.py:126: in import_module
    return _bootstrap._gcd_import(name[level:], package, level)
           ^^^^^^^^^^^^^^^^^^^^^^^^^^^^^^^^^^^^^^^^^^^^^^^^^^^^
tests/autogen_op/tf_efficientnet_lite2_in1k-train/test_tf_efficientnet_lite2_in1k-train_aten__native_batch_norm_legit_functional_default.py:8: in <module>
    import ttnn
E   ModuleNotFoundError: No module named 'ttnn'
_ ERROR collecting tests/autogen_op/tf_efficientnet_lite2_in1k-train/test_tf_efficientnet_lite2_in1k-train_aten__to_copy_default.py _
ImportError while importing test module '/Users/Ajay17/pytorch2.0_ttnn/tests/autogen_op/tf_efficientnet_lite2_in1k-train/test_tf_efficientnet_lite2_in1k-train_aten__to_copy_default.py'.
Hint: make sure your test modules/packages have valid Python names.
Traceback:
../.pyenv/versions/3.11.10/lib/python3.11/importlib/__init__.py:126: in import_module
    return _bootstrap._gcd_import(name[level:], package, level)
           ^^^^^^^^^^^^^^^^^^^^^^^^^^^^^^^^^^^^^^^^^^^^^^^^^^^^
tests/autogen_op/tf_efficientnet_lite2_in1k-train/test_tf_efficientnet_lite2_in1k-train_aten__to_copy_default.py:8: in <module>
    import ttnn
E   ModuleNotFoundError: No module named 'ttnn'
_ ERROR collecting tests/autogen_op/tf_efficientnet_lite2_in1k-train/test_tf_efficientnet_lite2_in1k-train_aten_add_Tensor.py _
ImportError while importing test module '/Users/Ajay17/pytorch2.0_ttnn/tests/autogen_op/tf_efficientnet_lite2_in1k-train/test_tf_efficientnet_lite2_in1k-train_aten_add_Tensor.py'.
Hint: make sure your test modules/packages have valid Python names.
Traceback:
../.pyenv/versions/3.11.10/lib/python3.11/importlib/__init__.py:126: in import_module
    return _bootstrap._gcd_import(name[level:], package, level)
           ^^^^^^^^^^^^^^^^^^^^^^^^^^^^^^^^^^^^^^^^^^^^^^^^^^^^
tests/autogen_op/tf_efficientnet_lite2_in1k-train/test_tf_efficientnet_lite2_in1k-train_aten_add_Tensor.py:8: in <module>
    import ttnn
E   ModuleNotFoundError: No module named 'ttnn'
_ ERROR collecting tests/autogen_op/tf_efficientnet_lite2_in1k-train/test_tf_efficientnet_lite2_in1k-train_aten_addmm_default.py _
ImportError while importing test module '/Users/Ajay17/pytorch2.0_ttnn/tests/autogen_op/tf_efficientnet_lite2_in1k-train/test_tf_efficientnet_lite2_in1k-train_aten_addmm_default.py'.
Hint: make sure your test modules/packages have valid Python names.
Traceback:
../.pyenv/versions/3.11.10/lib/python3.11/importlib/__init__.py:126: in import_module
    return _bootstrap._gcd_import(name[level:], package, level)
           ^^^^^^^^^^^^^^^^^^^^^^^^^^^^^^^^^^^^^^^^^^^^^^^^^^^^
tests/autogen_op/tf_efficientnet_lite2_in1k-train/test_tf_efficientnet_lite2_in1k-train_aten_addmm_default.py:8: in <module>
    import ttnn
E   ModuleNotFoundError: No module named 'ttnn'
_ ERROR collecting tests/autogen_op/tf_efficientnet_lite2_in1k-train/test_tf_efficientnet_lite2_in1k-train_aten_constant_pad_nd_default.py _
ImportError while importing test module '/Users/Ajay17/pytorch2.0_ttnn/tests/autogen_op/tf_efficientnet_lite2_in1k-train/test_tf_efficientnet_lite2_in1k-train_aten_constant_pad_nd_default.py'.
Hint: make sure your test modules/packages have valid Python names.
Traceback:
../.pyenv/versions/3.11.10/lib/python3.11/importlib/__init__.py:126: in import_module
    return _bootstrap._gcd_import(name[level:], package, level)
           ^^^^^^^^^^^^^^^^^^^^^^^^^^^^^^^^^^^^^^^^^^^^^^^^^^^^
tests/autogen_op/tf_efficientnet_lite2_in1k-train/test_tf_efficientnet_lite2_in1k-train_aten_constant_pad_nd_default.py:8: in <module>
    import ttnn
E   ModuleNotFoundError: No module named 'ttnn'
_ ERROR collecting tests/autogen_op/tf_efficientnet_lite2_in1k-train/test_tf_efficientnet_lite2_in1k-train_aten_convolution_backward_default.py _
ImportError while importing test module '/Users/Ajay17/pytorch2.0_ttnn/tests/autogen_op/tf_efficientnet_lite2_in1k-train/test_tf_efficientnet_lite2_in1k-train_aten_convolution_backward_default.py'.
Hint: make sure your test modules/packages have valid Python names.
Traceback:
../.pyenv/versions/3.11.10/lib/python3.11/importlib/__init__.py:126: in import_module
    return _bootstrap._gcd_import(name[level:], package, level)
           ^^^^^^^^^^^^^^^^^^^^^^^^^^^^^^^^^^^^^^^^^^^^^^^^^^^^
tests/autogen_op/tf_efficientnet_lite2_in1k-train/test_tf_efficientnet_lite2_in1k-train_aten_convolution_backward_default.py:8: in <module>
    import ttnn
E   ModuleNotFoundError: No module named 'ttnn'
_ ERROR collecting tests/autogen_op/tf_efficientnet_lite2_in1k-train/test_tf_efficientnet_lite2_in1k-train_aten_convolution_default.py _
ImportError while importing test module '/Users/Ajay17/pytorch2.0_ttnn/tests/autogen_op/tf_efficientnet_lite2_in1k-train/test_tf_efficientnet_lite2_in1k-train_aten_convolution_default.py'.
Hint: make sure your test modules/packages have valid Python names.
Traceback:
../.pyenv/versions/3.11.10/lib/python3.11/importlib/__init__.py:126: in import_module
    return _bootstrap._gcd_import(name[level:], package, level)
           ^^^^^^^^^^^^^^^^^^^^^^^^^^^^^^^^^^^^^^^^^^^^^^^^^^^^
tests/autogen_op/tf_efficientnet_lite2_in1k-train/test_tf_efficientnet_lite2_in1k-train_aten_convolution_default.py:8: in <module>
    import ttnn
E   ModuleNotFoundError: No module named 'ttnn'
_ ERROR collecting tests/autogen_op/tf_efficientnet_lite2_in1k-train/test_tf_efficientnet_lite2_in1k-train_aten_div_Scalar.py _
ImportError while importing test module '/Users/Ajay17/pytorch2.0_ttnn/tests/autogen_op/tf_efficientnet_lite2_in1k-train/test_tf_efficientnet_lite2_in1k-train_aten_div_Scalar.py'.
Hint: make sure your test modules/packages have valid Python names.
Traceback:
../.pyenv/versions/3.11.10/lib/python3.11/importlib/__init__.py:126: in import_module
    return _bootstrap._gcd_import(name[level:], package, level)
           ^^^^^^^^^^^^^^^^^^^^^^^^^^^^^^^^^^^^^^^^^^^^^^^^^^^^
tests/autogen_op/tf_efficientnet_lite2_in1k-train/test_tf_efficientnet_lite2_in1k-train_aten_div_Scalar.py:8: in <module>
    import ttnn
E   ModuleNotFoundError: No module named 'ttnn'
_ ERROR collecting tests/autogen_op/tf_efficientnet_lite2_in1k-train/test_tf_efficientnet_lite2_in1k-train_aten_expand_default.py _
ImportError while importing test module '/Users/Ajay17/pytorch2.0_ttnn/tests/autogen_op/tf_efficientnet_lite2_in1k-train/test_tf_efficientnet_lite2_in1k-train_aten_expand_default.py'.
Hint: make sure your test modules/packages have valid Python names.
Traceback:
../.pyenv/versions/3.11.10/lib/python3.11/importlib/__init__.py:126: in import_module
    return _bootstrap._gcd_import(name[level:], package, level)
           ^^^^^^^^^^^^^^^^^^^^^^^^^^^^^^^^^^^^^^^^^^^^^^^^^^^^
tests/autogen_op/tf_efficientnet_lite2_in1k-train/test_tf_efficientnet_lite2_in1k-train_aten_expand_default.py:8: in <module>
    import ttnn
E   ModuleNotFoundError: No module named 'ttnn'
_ ERROR collecting tests/autogen_op/tf_efficientnet_lite2_in1k-train/test_tf_efficientnet_lite2_in1k-train_aten_hardtanh_backward_default.py _
ImportError while importing test module '/Users/Ajay17/pytorch2.0_ttnn/tests/autogen_op/tf_efficientnet_lite2_in1k-train/test_tf_efficientnet_lite2_in1k-train_aten_hardtanh_backward_default.py'.
Hint: make sure your test modules/packages have valid Python names.
Traceback:
../.pyenv/versions/3.11.10/lib/python3.11/importlib/__init__.py:126: in import_module
    return _bootstrap._gcd_import(name[level:], package, level)
           ^^^^^^^^^^^^^^^^^^^^^^^^^^^^^^^^^^^^^^^^^^^^^^^^^^^^
tests/autogen_op/tf_efficientnet_lite2_in1k-train/test_tf_efficientnet_lite2_in1k-train_aten_hardtanh_backward_default.py:8: in <module>
    import ttnn
E   ModuleNotFoundError: No module named 'ttnn'
_ ERROR collecting tests/autogen_op/tf_efficientnet_lite2_in1k-train/test_tf_efficientnet_lite2_in1k-train_aten_hardtanh_default.py _
ImportError while importing test module '/Users/Ajay17/pytorch2.0_ttnn/tests/autogen_op/tf_efficientnet_lite2_in1k-train/test_tf_efficientnet_lite2_in1k-train_aten_hardtanh_default.py'.
Hint: make sure your test modules/packages have valid Python names.
Traceback:
../.pyenv/versions/3.11.10/lib/python3.11/importlib/__init__.py:126: in import_module
    return _bootstrap._gcd_import(name[level:], package, level)
           ^^^^^^^^^^^^^^^^^^^^^^^^^^^^^^^^^^^^^^^^^^^^^^^^^^^^
tests/autogen_op/tf_efficientnet_lite2_in1k-train/test_tf_efficientnet_lite2_in1k-train_aten_hardtanh_default.py:8: in <module>
    import ttnn
E   ModuleNotFoundError: No module named 'ttnn'
_ ERROR collecting tests/autogen_op/tf_efficientnet_lite2_in1k-train/test_tf_efficientnet_lite2_in1k-train_aten_mean_dim.py _
ImportError while importing test module '/Users/Ajay17/pytorch2.0_ttnn/tests/autogen_op/tf_efficientnet_lite2_in1k-train/test_tf_efficientnet_lite2_in1k-train_aten_mean_dim.py'.
Hint: make sure your test modules/packages have valid Python names.
Traceback:
../.pyenv/versions/3.11.10/lib/python3.11/importlib/__init__.py:126: in import_module
    return _bootstrap._gcd_import(name[level:], package, level)
           ^^^^^^^^^^^^^^^^^^^^^^^^^^^^^^^^^^^^^^^^^^^^^^^^^^^^
tests/autogen_op/tf_efficientnet_lite2_in1k-train/test_tf_efficientnet_lite2_in1k-train_aten_mean_dim.py:8: in <module>
    import ttnn
E   ModuleNotFoundError: No module named 'ttnn'
_ ERROR collecting tests/autogen_op/tf_efficientnet_lite2_in1k-train/test_tf_efficientnet_lite2_in1k-train_aten_mm_default.py _
ImportError while importing test module '/Users/Ajay17/pytorch2.0_ttnn/tests/autogen_op/tf_efficientnet_lite2_in1k-train/test_tf_efficientnet_lite2_in1k-train_aten_mm_default.py'.
Hint: make sure your test modules/packages have valid Python names.
Traceback:
../.pyenv/versions/3.11.10/lib/python3.11/importlib/__init__.py:126: in import_module
    return _bootstrap._gcd_import(name[level:], package, level)
           ^^^^^^^^^^^^^^^^^^^^^^^^^^^^^^^^^^^^^^^^^^^^^^^^^^^^
tests/autogen_op/tf_efficientnet_lite2_in1k-train/test_tf_efficientnet_lite2_in1k-train_aten_mm_default.py:8: in <module>
    import ttnn
E   ModuleNotFoundError: No module named 'ttnn'
_ ERROR collecting tests/autogen_op/tf_efficientnet_lite2_in1k-train/test_tf_efficientnet_lite2_in1k-train_aten_native_batch_norm_backward_default.py _
ImportError while importing test module '/Users/Ajay17/pytorch2.0_ttnn/tests/autogen_op/tf_efficientnet_lite2_in1k-train/test_tf_efficientnet_lite2_in1k-train_aten_native_batch_norm_backward_default.py'.
Hint: make sure your test modules/packages have valid Python names.
Traceback:
../.pyenv/versions/3.11.10/lib/python3.11/importlib/__init__.py:126: in import_module
    return _bootstrap._gcd_import(name[level:], package, level)
           ^^^^^^^^^^^^^^^^^^^^^^^^^^^^^^^^^^^^^^^^^^^^^^^^^^^^
tests/autogen_op/tf_efficientnet_lite2_in1k-train/test_tf_efficientnet_lite2_in1k-train_aten_native_batch_norm_backward_default.py:8: in <module>
    import ttnn
E   ModuleNotFoundError: No module named 'ttnn'
_ ERROR collecting tests/autogen_op/tf_efficientnet_lite2_in1k-train/test_tf_efficientnet_lite2_in1k-train_aten_sum_dim_IntList.py _
ImportError while importing test module '/Users/Ajay17/pytorch2.0_ttnn/tests/autogen_op/tf_efficientnet_lite2_in1k-train/test_tf_efficientnet_lite2_in1k-train_aten_sum_dim_IntList.py'.
Hint: make sure your test modules/packages have valid Python names.
Traceback:
../.pyenv/versions/3.11.10/lib/python3.11/importlib/__init__.py:126: in import_module
    return _bootstrap._gcd_import(name[level:], package, level)
           ^^^^^^^^^^^^^^^^^^^^^^^^^^^^^^^^^^^^^^^^^^^^^^^^^^^^
tests/autogen_op/tf_efficientnet_lite2_in1k-train/test_tf_efficientnet_lite2_in1k-train_aten_sum_dim_IntList.py:8: in <module>
    import ttnn
E   ModuleNotFoundError: No module named 'ttnn'
_ ERROR collecting tests/autogen_op/tf_efficientnet_lite2_in1k-train/test_tf_efficientnet_lite2_in1k-train_aten_t_default.py _
ImportError while importing test module '/Users/Ajay17/pytorch2.0_ttnn/tests/autogen_op/tf_efficientnet_lite2_in1k-train/test_tf_efficientnet_lite2_in1k-train_aten_t_default.py'.
Hint: make sure your test modules/packages have valid Python names.
Traceback:
../.pyenv/versions/3.11.10/lib/python3.11/importlib/__init__.py:126: in import_module
    return _bootstrap._gcd_import(name[level:], package, level)
           ^^^^^^^^^^^^^^^^^^^^^^^^^^^^^^^^^^^^^^^^^^^^^^^^^^^^
tests/autogen_op/tf_efficientnet_lite2_in1k-train/test_tf_efficientnet_lite2_in1k-train_aten_t_default.py:8: in <module>
    import ttnn
E   ModuleNotFoundError: No module named 'ttnn'
_ ERROR collecting tests/autogen_op/tf_efficientnet_lite2_in1k-train/test_tf_efficientnet_lite2_in1k-train_aten_view_default.py _
ImportError while importing test module '/Users/Ajay17/pytorch2.0_ttnn/tests/autogen_op/tf_efficientnet_lite2_in1k-train/test_tf_efficientnet_lite2_in1k-train_aten_view_default.py'.
Hint: make sure your test modules/packages have valid Python names.
Traceback:
../.pyenv/versions/3.11.10/lib/python3.11/importlib/__init__.py:126: in import_module
    return _bootstrap._gcd_import(name[level:], package, level)
           ^^^^^^^^^^^^^^^^^^^^^^^^^^^^^^^^^^^^^^^^^^^^^^^^^^^^
tests/autogen_op/tf_efficientnet_lite2_in1k-train/test_tf_efficientnet_lite2_in1k-train_aten_view_default.py:8: in <module>
    import ttnn
E   ModuleNotFoundError: No module named 'ttnn'
_ ERROR collecting tests/autogen_op/tf_efficientnet_lite3_in1k/test_tf_efficientnet_lite3_in1k_aten__native_batch_norm_legit_no_training_default.py _
ImportError while importing test module '/Users/Ajay17/pytorch2.0_ttnn/tests/autogen_op/tf_efficientnet_lite3_in1k/test_tf_efficientnet_lite3_in1k_aten__native_batch_norm_legit_no_training_default.py'.
Hint: make sure your test modules/packages have valid Python names.
Traceback:
../.pyenv/versions/3.11.10/lib/python3.11/importlib/__init__.py:126: in import_module
    return _bootstrap._gcd_import(name[level:], package, level)
           ^^^^^^^^^^^^^^^^^^^^^^^^^^^^^^^^^^^^^^^^^^^^^^^^^^^^
tests/autogen_op/tf_efficientnet_lite3_in1k/test_tf_efficientnet_lite3_in1k_aten__native_batch_norm_legit_no_training_default.py:8: in <module>
    import ttnn
E   ModuleNotFoundError: No module named 'ttnn'
_ ERROR collecting tests/autogen_op/tf_efficientnet_lite3_in1k/test_tf_efficientnet_lite3_in1k_aten_add_Tensor.py _
ImportError while importing test module '/Users/Ajay17/pytorch2.0_ttnn/tests/autogen_op/tf_efficientnet_lite3_in1k/test_tf_efficientnet_lite3_in1k_aten_add_Tensor.py'.
Hint: make sure your test modules/packages have valid Python names.
Traceback:
../.pyenv/versions/3.11.10/lib/python3.11/importlib/__init__.py:126: in import_module
    return _bootstrap._gcd_import(name[level:], package, level)
           ^^^^^^^^^^^^^^^^^^^^^^^^^^^^^^^^^^^^^^^^^^^^^^^^^^^^
tests/autogen_op/tf_efficientnet_lite3_in1k/test_tf_efficientnet_lite3_in1k_aten_add_Tensor.py:8: in <module>
    import ttnn
E   ModuleNotFoundError: No module named 'ttnn'
_ ERROR collecting tests/autogen_op/tf_efficientnet_lite3_in1k/test_tf_efficientnet_lite3_in1k_aten_addmm_default.py _
ImportError while importing test module '/Users/Ajay17/pytorch2.0_ttnn/tests/autogen_op/tf_efficientnet_lite3_in1k/test_tf_efficientnet_lite3_in1k_aten_addmm_default.py'.
Hint: make sure your test modules/packages have valid Python names.
Traceback:
../.pyenv/versions/3.11.10/lib/python3.11/importlib/__init__.py:126: in import_module
    return _bootstrap._gcd_import(name[level:], package, level)
           ^^^^^^^^^^^^^^^^^^^^^^^^^^^^^^^^^^^^^^^^^^^^^^^^^^^^
tests/autogen_op/tf_efficientnet_lite3_in1k/test_tf_efficientnet_lite3_in1k_aten_addmm_default.py:8: in <module>
    import ttnn
E   ModuleNotFoundError: No module named 'ttnn'
_ ERROR collecting tests/autogen_op/tf_efficientnet_lite3_in1k/test_tf_efficientnet_lite3_in1k_aten_constant_pad_nd_default.py _
ImportError while importing test module '/Users/Ajay17/pytorch2.0_ttnn/tests/autogen_op/tf_efficientnet_lite3_in1k/test_tf_efficientnet_lite3_in1k_aten_constant_pad_nd_default.py'.
Hint: make sure your test modules/packages have valid Python names.
Traceback:
../.pyenv/versions/3.11.10/lib/python3.11/importlib/__init__.py:126: in import_module
    return _bootstrap._gcd_import(name[level:], package, level)
           ^^^^^^^^^^^^^^^^^^^^^^^^^^^^^^^^^^^^^^^^^^^^^^^^^^^^
tests/autogen_op/tf_efficientnet_lite3_in1k/test_tf_efficientnet_lite3_in1k_aten_constant_pad_nd_default.py:8: in <module>
    import ttnn
E   ModuleNotFoundError: No module named 'ttnn'
_ ERROR collecting tests/autogen_op/tf_efficientnet_lite3_in1k/test_tf_efficientnet_lite3_in1k_aten_convolution_default.py _
ImportError while importing test module '/Users/Ajay17/pytorch2.0_ttnn/tests/autogen_op/tf_efficientnet_lite3_in1k/test_tf_efficientnet_lite3_in1k_aten_convolution_default.py'.
Hint: make sure your test modules/packages have valid Python names.
Traceback:
../.pyenv/versions/3.11.10/lib/python3.11/importlib/__init__.py:126: in import_module
    return _bootstrap._gcd_import(name[level:], package, level)
           ^^^^^^^^^^^^^^^^^^^^^^^^^^^^^^^^^^^^^^^^^^^^^^^^^^^^
tests/autogen_op/tf_efficientnet_lite3_in1k/test_tf_efficientnet_lite3_in1k_aten_convolution_default.py:8: in <module>
    import ttnn
E   ModuleNotFoundError: No module named 'ttnn'
_ ERROR collecting tests/autogen_op/tf_efficientnet_lite3_in1k/test_tf_efficientnet_lite3_in1k_aten_hardtanh_default.py _
ImportError while importing test module '/Users/Ajay17/pytorch2.0_ttnn/tests/autogen_op/tf_efficientnet_lite3_in1k/test_tf_efficientnet_lite3_in1k_aten_hardtanh_default.py'.
Hint: make sure your test modules/packages have valid Python names.
Traceback:
../.pyenv/versions/3.11.10/lib/python3.11/importlib/__init__.py:126: in import_module
    return _bootstrap._gcd_import(name[level:], package, level)
           ^^^^^^^^^^^^^^^^^^^^^^^^^^^^^^^^^^^^^^^^^^^^^^^^^^^^
tests/autogen_op/tf_efficientnet_lite3_in1k/test_tf_efficientnet_lite3_in1k_aten_hardtanh_default.py:8: in <module>
    import ttnn
E   ModuleNotFoundError: No module named 'ttnn'
_ ERROR collecting tests/autogen_op/tf_efficientnet_lite3_in1k/test_tf_efficientnet_lite3_in1k_aten_mean_dim.py _
ImportError while importing test module '/Users/Ajay17/pytorch2.0_ttnn/tests/autogen_op/tf_efficientnet_lite3_in1k/test_tf_efficientnet_lite3_in1k_aten_mean_dim.py'.
Hint: make sure your test modules/packages have valid Python names.
Traceback:
../.pyenv/versions/3.11.10/lib/python3.11/importlib/__init__.py:126: in import_module
    return _bootstrap._gcd_import(name[level:], package, level)
           ^^^^^^^^^^^^^^^^^^^^^^^^^^^^^^^^^^^^^^^^^^^^^^^^^^^^
tests/autogen_op/tf_efficientnet_lite3_in1k/test_tf_efficientnet_lite3_in1k_aten_mean_dim.py:8: in <module>
    import ttnn
E   ModuleNotFoundError: No module named 'ttnn'
_ ERROR collecting tests/autogen_op/tf_efficientnet_lite3_in1k/test_tf_efficientnet_lite3_in1k_aten_t_default.py _
ImportError while importing test module '/Users/Ajay17/pytorch2.0_ttnn/tests/autogen_op/tf_efficientnet_lite3_in1k/test_tf_efficientnet_lite3_in1k_aten_t_default.py'.
Hint: make sure your test modules/packages have valid Python names.
Traceback:
../.pyenv/versions/3.11.10/lib/python3.11/importlib/__init__.py:126: in import_module
    return _bootstrap._gcd_import(name[level:], package, level)
           ^^^^^^^^^^^^^^^^^^^^^^^^^^^^^^^^^^^^^^^^^^^^^^^^^^^^
tests/autogen_op/tf_efficientnet_lite3_in1k/test_tf_efficientnet_lite3_in1k_aten_t_default.py:8: in <module>
    import ttnn
E   ModuleNotFoundError: No module named 'ttnn'
_ ERROR collecting tests/autogen_op/tf_efficientnet_lite3_in1k/test_tf_efficientnet_lite3_in1k_aten_view_default.py _
ImportError while importing test module '/Users/Ajay17/pytorch2.0_ttnn/tests/autogen_op/tf_efficientnet_lite3_in1k/test_tf_efficientnet_lite3_in1k_aten_view_default.py'.
Hint: make sure your test modules/packages have valid Python names.
Traceback:
../.pyenv/versions/3.11.10/lib/python3.11/importlib/__init__.py:126: in import_module
    return _bootstrap._gcd_import(name[level:], package, level)
           ^^^^^^^^^^^^^^^^^^^^^^^^^^^^^^^^^^^^^^^^^^^^^^^^^^^^
tests/autogen_op/tf_efficientnet_lite3_in1k/test_tf_efficientnet_lite3_in1k_aten_view_default.py:8: in <module>
    import ttnn
E   ModuleNotFoundError: No module named 'ttnn'
_ ERROR collecting tests/autogen_op/tf_efficientnet_lite3_in1k-train/test_tf_efficientnet_lite3_in1k-train_aten__native_batch_norm_legit_functional_default.py _
ImportError while importing test module '/Users/Ajay17/pytorch2.0_ttnn/tests/autogen_op/tf_efficientnet_lite3_in1k-train/test_tf_efficientnet_lite3_in1k-train_aten__native_batch_norm_legit_functional_default.py'.
Hint: make sure your test modules/packages have valid Python names.
Traceback:
../.pyenv/versions/3.11.10/lib/python3.11/importlib/__init__.py:126: in import_module
    return _bootstrap._gcd_import(name[level:], package, level)
           ^^^^^^^^^^^^^^^^^^^^^^^^^^^^^^^^^^^^^^^^^^^^^^^^^^^^
tests/autogen_op/tf_efficientnet_lite3_in1k-train/test_tf_efficientnet_lite3_in1k-train_aten__native_batch_norm_legit_functional_default.py:8: in <module>
    import ttnn
E   ModuleNotFoundError: No module named 'ttnn'
_ ERROR collecting tests/autogen_op/tf_efficientnet_lite3_in1k-train/test_tf_efficientnet_lite3_in1k-train_aten__to_copy_default.py _
ImportError while importing test module '/Users/Ajay17/pytorch2.0_ttnn/tests/autogen_op/tf_efficientnet_lite3_in1k-train/test_tf_efficientnet_lite3_in1k-train_aten__to_copy_default.py'.
Hint: make sure your test modules/packages have valid Python names.
Traceback:
../.pyenv/versions/3.11.10/lib/python3.11/importlib/__init__.py:126: in import_module
    return _bootstrap._gcd_import(name[level:], package, level)
           ^^^^^^^^^^^^^^^^^^^^^^^^^^^^^^^^^^^^^^^^^^^^^^^^^^^^
tests/autogen_op/tf_efficientnet_lite3_in1k-train/test_tf_efficientnet_lite3_in1k-train_aten__to_copy_default.py:8: in <module>
    import ttnn
E   ModuleNotFoundError: No module named 'ttnn'
_ ERROR collecting tests/autogen_op/tf_efficientnet_lite3_in1k-train/test_tf_efficientnet_lite3_in1k-train_aten_add_Tensor.py _
ImportError while importing test module '/Users/Ajay17/pytorch2.0_ttnn/tests/autogen_op/tf_efficientnet_lite3_in1k-train/test_tf_efficientnet_lite3_in1k-train_aten_add_Tensor.py'.
Hint: make sure your test modules/packages have valid Python names.
Traceback:
../.pyenv/versions/3.11.10/lib/python3.11/importlib/__init__.py:126: in import_module
    return _bootstrap._gcd_import(name[level:], package, level)
           ^^^^^^^^^^^^^^^^^^^^^^^^^^^^^^^^^^^^^^^^^^^^^^^^^^^^
tests/autogen_op/tf_efficientnet_lite3_in1k-train/test_tf_efficientnet_lite3_in1k-train_aten_add_Tensor.py:8: in <module>
    import ttnn
E   ModuleNotFoundError: No module named 'ttnn'
_ ERROR collecting tests/autogen_op/tf_efficientnet_lite3_in1k-train/test_tf_efficientnet_lite3_in1k-train_aten_addmm_default.py _
ImportError while importing test module '/Users/Ajay17/pytorch2.0_ttnn/tests/autogen_op/tf_efficientnet_lite3_in1k-train/test_tf_efficientnet_lite3_in1k-train_aten_addmm_default.py'.
Hint: make sure your test modules/packages have valid Python names.
Traceback:
../.pyenv/versions/3.11.10/lib/python3.11/importlib/__init__.py:126: in import_module
    return _bootstrap._gcd_import(name[level:], package, level)
           ^^^^^^^^^^^^^^^^^^^^^^^^^^^^^^^^^^^^^^^^^^^^^^^^^^^^
tests/autogen_op/tf_efficientnet_lite3_in1k-train/test_tf_efficientnet_lite3_in1k-train_aten_addmm_default.py:8: in <module>
    import ttnn
E   ModuleNotFoundError: No module named 'ttnn'
_ ERROR collecting tests/autogen_op/tf_efficientnet_lite3_in1k-train/test_tf_efficientnet_lite3_in1k-train_aten_constant_pad_nd_default.py _
ImportError while importing test module '/Users/Ajay17/pytorch2.0_ttnn/tests/autogen_op/tf_efficientnet_lite3_in1k-train/test_tf_efficientnet_lite3_in1k-train_aten_constant_pad_nd_default.py'.
Hint: make sure your test modules/packages have valid Python names.
Traceback:
../.pyenv/versions/3.11.10/lib/python3.11/importlib/__init__.py:126: in import_module
    return _bootstrap._gcd_import(name[level:], package, level)
           ^^^^^^^^^^^^^^^^^^^^^^^^^^^^^^^^^^^^^^^^^^^^^^^^^^^^
tests/autogen_op/tf_efficientnet_lite3_in1k-train/test_tf_efficientnet_lite3_in1k-train_aten_constant_pad_nd_default.py:8: in <module>
    import ttnn
E   ModuleNotFoundError: No module named 'ttnn'
_ ERROR collecting tests/autogen_op/tf_efficientnet_lite3_in1k-train/test_tf_efficientnet_lite3_in1k-train_aten_convolution_backward_default.py _
ImportError while importing test module '/Users/Ajay17/pytorch2.0_ttnn/tests/autogen_op/tf_efficientnet_lite3_in1k-train/test_tf_efficientnet_lite3_in1k-train_aten_convolution_backward_default.py'.
Hint: make sure your test modules/packages have valid Python names.
Traceback:
../.pyenv/versions/3.11.10/lib/python3.11/importlib/__init__.py:126: in import_module
    return _bootstrap._gcd_import(name[level:], package, level)
           ^^^^^^^^^^^^^^^^^^^^^^^^^^^^^^^^^^^^^^^^^^^^^^^^^^^^
tests/autogen_op/tf_efficientnet_lite3_in1k-train/test_tf_efficientnet_lite3_in1k-train_aten_convolution_backward_default.py:8: in <module>
    import ttnn
E   ModuleNotFoundError: No module named 'ttnn'
_ ERROR collecting tests/autogen_op/tf_efficientnet_lite3_in1k-train/test_tf_efficientnet_lite3_in1k-train_aten_convolution_default.py _
ImportError while importing test module '/Users/Ajay17/pytorch2.0_ttnn/tests/autogen_op/tf_efficientnet_lite3_in1k-train/test_tf_efficientnet_lite3_in1k-train_aten_convolution_default.py'.
Hint: make sure your test modules/packages have valid Python names.
Traceback:
../.pyenv/versions/3.11.10/lib/python3.11/importlib/__init__.py:126: in import_module
    return _bootstrap._gcd_import(name[level:], package, level)
           ^^^^^^^^^^^^^^^^^^^^^^^^^^^^^^^^^^^^^^^^^^^^^^^^^^^^
tests/autogen_op/tf_efficientnet_lite3_in1k-train/test_tf_efficientnet_lite3_in1k-train_aten_convolution_default.py:8: in <module>
    import ttnn
E   ModuleNotFoundError: No module named 'ttnn'
_ ERROR collecting tests/autogen_op/tf_efficientnet_lite3_in1k-train/test_tf_efficientnet_lite3_in1k-train_aten_div_Scalar.py _
ImportError while importing test module '/Users/Ajay17/pytorch2.0_ttnn/tests/autogen_op/tf_efficientnet_lite3_in1k-train/test_tf_efficientnet_lite3_in1k-train_aten_div_Scalar.py'.
Hint: make sure your test modules/packages have valid Python names.
Traceback:
../.pyenv/versions/3.11.10/lib/python3.11/importlib/__init__.py:126: in import_module
    return _bootstrap._gcd_import(name[level:], package, level)
           ^^^^^^^^^^^^^^^^^^^^^^^^^^^^^^^^^^^^^^^^^^^^^^^^^^^^
tests/autogen_op/tf_efficientnet_lite3_in1k-train/test_tf_efficientnet_lite3_in1k-train_aten_div_Scalar.py:8: in <module>
    import ttnn
E   ModuleNotFoundError: No module named 'ttnn'
_ ERROR collecting tests/autogen_op/tf_efficientnet_lite3_in1k-train/test_tf_efficientnet_lite3_in1k-train_aten_expand_default.py _
ImportError while importing test module '/Users/Ajay17/pytorch2.0_ttnn/tests/autogen_op/tf_efficientnet_lite3_in1k-train/test_tf_efficientnet_lite3_in1k-train_aten_expand_default.py'.
Hint: make sure your test modules/packages have valid Python names.
Traceback:
../.pyenv/versions/3.11.10/lib/python3.11/importlib/__init__.py:126: in import_module
    return _bootstrap._gcd_import(name[level:], package, level)
           ^^^^^^^^^^^^^^^^^^^^^^^^^^^^^^^^^^^^^^^^^^^^^^^^^^^^
tests/autogen_op/tf_efficientnet_lite3_in1k-train/test_tf_efficientnet_lite3_in1k-train_aten_expand_default.py:8: in <module>
    import ttnn
E   ModuleNotFoundError: No module named 'ttnn'
_ ERROR collecting tests/autogen_op/tf_efficientnet_lite3_in1k-train/test_tf_efficientnet_lite3_in1k-train_aten_hardtanh_backward_default.py _
ImportError while importing test module '/Users/Ajay17/pytorch2.0_ttnn/tests/autogen_op/tf_efficientnet_lite3_in1k-train/test_tf_efficientnet_lite3_in1k-train_aten_hardtanh_backward_default.py'.
Hint: make sure your test modules/packages have valid Python names.
Traceback:
../.pyenv/versions/3.11.10/lib/python3.11/importlib/__init__.py:126: in import_module
    return _bootstrap._gcd_import(name[level:], package, level)
           ^^^^^^^^^^^^^^^^^^^^^^^^^^^^^^^^^^^^^^^^^^^^^^^^^^^^
tests/autogen_op/tf_efficientnet_lite3_in1k-train/test_tf_efficientnet_lite3_in1k-train_aten_hardtanh_backward_default.py:8: in <module>
    import ttnn
E   ModuleNotFoundError: No module named 'ttnn'
_ ERROR collecting tests/autogen_op/tf_efficientnet_lite3_in1k-train/test_tf_efficientnet_lite3_in1k-train_aten_hardtanh_default.py _
ImportError while importing test module '/Users/Ajay17/pytorch2.0_ttnn/tests/autogen_op/tf_efficientnet_lite3_in1k-train/test_tf_efficientnet_lite3_in1k-train_aten_hardtanh_default.py'.
Hint: make sure your test modules/packages have valid Python names.
Traceback:
../.pyenv/versions/3.11.10/lib/python3.11/importlib/__init__.py:126: in import_module
    return _bootstrap._gcd_import(name[level:], package, level)
           ^^^^^^^^^^^^^^^^^^^^^^^^^^^^^^^^^^^^^^^^^^^^^^^^^^^^
tests/autogen_op/tf_efficientnet_lite3_in1k-train/test_tf_efficientnet_lite3_in1k-train_aten_hardtanh_default.py:8: in <module>
    import ttnn
E   ModuleNotFoundError: No module named 'ttnn'
_ ERROR collecting tests/autogen_op/tf_efficientnet_lite3_in1k-train/test_tf_efficientnet_lite3_in1k-train_aten_mean_dim.py _
ImportError while importing test module '/Users/Ajay17/pytorch2.0_ttnn/tests/autogen_op/tf_efficientnet_lite3_in1k-train/test_tf_efficientnet_lite3_in1k-train_aten_mean_dim.py'.
Hint: make sure your test modules/packages have valid Python names.
Traceback:
../.pyenv/versions/3.11.10/lib/python3.11/importlib/__init__.py:126: in import_module
    return _bootstrap._gcd_import(name[level:], package, level)
           ^^^^^^^^^^^^^^^^^^^^^^^^^^^^^^^^^^^^^^^^^^^^^^^^^^^^
tests/autogen_op/tf_efficientnet_lite3_in1k-train/test_tf_efficientnet_lite3_in1k-train_aten_mean_dim.py:8: in <module>
    import ttnn
E   ModuleNotFoundError: No module named 'ttnn'
_ ERROR collecting tests/autogen_op/tf_efficientnet_lite3_in1k-train/test_tf_efficientnet_lite3_in1k-train_aten_mm_default.py _
ImportError while importing test module '/Users/Ajay17/pytorch2.0_ttnn/tests/autogen_op/tf_efficientnet_lite3_in1k-train/test_tf_efficientnet_lite3_in1k-train_aten_mm_default.py'.
Hint: make sure your test modules/packages have valid Python names.
Traceback:
../.pyenv/versions/3.11.10/lib/python3.11/importlib/__init__.py:126: in import_module
    return _bootstrap._gcd_import(name[level:], package, level)
           ^^^^^^^^^^^^^^^^^^^^^^^^^^^^^^^^^^^^^^^^^^^^^^^^^^^^
tests/autogen_op/tf_efficientnet_lite3_in1k-train/test_tf_efficientnet_lite3_in1k-train_aten_mm_default.py:8: in <module>
    import ttnn
E   ModuleNotFoundError: No module named 'ttnn'
_ ERROR collecting tests/autogen_op/tf_efficientnet_lite3_in1k-train/test_tf_efficientnet_lite3_in1k-train_aten_native_batch_norm_backward_default.py _
ImportError while importing test module '/Users/Ajay17/pytorch2.0_ttnn/tests/autogen_op/tf_efficientnet_lite3_in1k-train/test_tf_efficientnet_lite3_in1k-train_aten_native_batch_norm_backward_default.py'.
Hint: make sure your test modules/packages have valid Python names.
Traceback:
../.pyenv/versions/3.11.10/lib/python3.11/importlib/__init__.py:126: in import_module
    return _bootstrap._gcd_import(name[level:], package, level)
           ^^^^^^^^^^^^^^^^^^^^^^^^^^^^^^^^^^^^^^^^^^^^^^^^^^^^
tests/autogen_op/tf_efficientnet_lite3_in1k-train/test_tf_efficientnet_lite3_in1k-train_aten_native_batch_norm_backward_default.py:8: in <module>
    import ttnn
E   ModuleNotFoundError: No module named 'ttnn'
_ ERROR collecting tests/autogen_op/tf_efficientnet_lite3_in1k-train/test_tf_efficientnet_lite3_in1k-train_aten_sum_dim_IntList.py _
ImportError while importing test module '/Users/Ajay17/pytorch2.0_ttnn/tests/autogen_op/tf_efficientnet_lite3_in1k-train/test_tf_efficientnet_lite3_in1k-train_aten_sum_dim_IntList.py'.
Hint: make sure your test modules/packages have valid Python names.
Traceback:
../.pyenv/versions/3.11.10/lib/python3.11/importlib/__init__.py:126: in import_module
    return _bootstrap._gcd_import(name[level:], package, level)
           ^^^^^^^^^^^^^^^^^^^^^^^^^^^^^^^^^^^^^^^^^^^^^^^^^^^^
tests/autogen_op/tf_efficientnet_lite3_in1k-train/test_tf_efficientnet_lite3_in1k-train_aten_sum_dim_IntList.py:8: in <module>
    import ttnn
E   ModuleNotFoundError: No module named 'ttnn'
_ ERROR collecting tests/autogen_op/tf_efficientnet_lite3_in1k-train/test_tf_efficientnet_lite3_in1k-train_aten_t_default.py _
ImportError while importing test module '/Users/Ajay17/pytorch2.0_ttnn/tests/autogen_op/tf_efficientnet_lite3_in1k-train/test_tf_efficientnet_lite3_in1k-train_aten_t_default.py'.
Hint: make sure your test modules/packages have valid Python names.
Traceback:
../.pyenv/versions/3.11.10/lib/python3.11/importlib/__init__.py:126: in import_module
    return _bootstrap._gcd_import(name[level:], package, level)
           ^^^^^^^^^^^^^^^^^^^^^^^^^^^^^^^^^^^^^^^^^^^^^^^^^^^^
tests/autogen_op/tf_efficientnet_lite3_in1k-train/test_tf_efficientnet_lite3_in1k-train_aten_t_default.py:8: in <module>
    import ttnn
E   ModuleNotFoundError: No module named 'ttnn'
_ ERROR collecting tests/autogen_op/tf_efficientnet_lite3_in1k-train/test_tf_efficientnet_lite3_in1k-train_aten_view_default.py _
ImportError while importing test module '/Users/Ajay17/pytorch2.0_ttnn/tests/autogen_op/tf_efficientnet_lite3_in1k-train/test_tf_efficientnet_lite3_in1k-train_aten_view_default.py'.
Hint: make sure your test modules/packages have valid Python names.
Traceback:
../.pyenv/versions/3.11.10/lib/python3.11/importlib/__init__.py:126: in import_module
    return _bootstrap._gcd_import(name[level:], package, level)
           ^^^^^^^^^^^^^^^^^^^^^^^^^^^^^^^^^^^^^^^^^^^^^^^^^^^^
tests/autogen_op/tf_efficientnet_lite3_in1k-train/test_tf_efficientnet_lite3_in1k-train_aten_view_default.py:8: in <module>
    import ttnn
E   ModuleNotFoundError: No module named 'ttnn'
_ ERROR collecting tests/autogen_op/tf_efficientnet_lite4_in1k/test_tf_efficientnet_lite4_in1k_aten__native_batch_norm_legit_no_training_default.py _
ImportError while importing test module '/Users/Ajay17/pytorch2.0_ttnn/tests/autogen_op/tf_efficientnet_lite4_in1k/test_tf_efficientnet_lite4_in1k_aten__native_batch_norm_legit_no_training_default.py'.
Hint: make sure your test modules/packages have valid Python names.
Traceback:
../.pyenv/versions/3.11.10/lib/python3.11/importlib/__init__.py:126: in import_module
    return _bootstrap._gcd_import(name[level:], package, level)
           ^^^^^^^^^^^^^^^^^^^^^^^^^^^^^^^^^^^^^^^^^^^^^^^^^^^^
tests/autogen_op/tf_efficientnet_lite4_in1k/test_tf_efficientnet_lite4_in1k_aten__native_batch_norm_legit_no_training_default.py:8: in <module>
    import ttnn
E   ModuleNotFoundError: No module named 'ttnn'
_ ERROR collecting tests/autogen_op/tf_efficientnet_lite4_in1k/test_tf_efficientnet_lite4_in1k_aten_add_Tensor.py _
ImportError while importing test module '/Users/Ajay17/pytorch2.0_ttnn/tests/autogen_op/tf_efficientnet_lite4_in1k/test_tf_efficientnet_lite4_in1k_aten_add_Tensor.py'.
Hint: make sure your test modules/packages have valid Python names.
Traceback:
../.pyenv/versions/3.11.10/lib/python3.11/importlib/__init__.py:126: in import_module
    return _bootstrap._gcd_import(name[level:], package, level)
           ^^^^^^^^^^^^^^^^^^^^^^^^^^^^^^^^^^^^^^^^^^^^^^^^^^^^
tests/autogen_op/tf_efficientnet_lite4_in1k/test_tf_efficientnet_lite4_in1k_aten_add_Tensor.py:8: in <module>
    import ttnn
E   ModuleNotFoundError: No module named 'ttnn'
_ ERROR collecting tests/autogen_op/tf_efficientnet_lite4_in1k/test_tf_efficientnet_lite4_in1k_aten_addmm_default.py _
ImportError while importing test module '/Users/Ajay17/pytorch2.0_ttnn/tests/autogen_op/tf_efficientnet_lite4_in1k/test_tf_efficientnet_lite4_in1k_aten_addmm_default.py'.
Hint: make sure your test modules/packages have valid Python names.
Traceback:
../.pyenv/versions/3.11.10/lib/python3.11/importlib/__init__.py:126: in import_module
    return _bootstrap._gcd_import(name[level:], package, level)
           ^^^^^^^^^^^^^^^^^^^^^^^^^^^^^^^^^^^^^^^^^^^^^^^^^^^^
tests/autogen_op/tf_efficientnet_lite4_in1k/test_tf_efficientnet_lite4_in1k_aten_addmm_default.py:8: in <module>
    import ttnn
E   ModuleNotFoundError: No module named 'ttnn'
_ ERROR collecting tests/autogen_op/tf_efficientnet_lite4_in1k/test_tf_efficientnet_lite4_in1k_aten_constant_pad_nd_default.py _
ImportError while importing test module '/Users/Ajay17/pytorch2.0_ttnn/tests/autogen_op/tf_efficientnet_lite4_in1k/test_tf_efficientnet_lite4_in1k_aten_constant_pad_nd_default.py'.
Hint: make sure your test modules/packages have valid Python names.
Traceback:
../.pyenv/versions/3.11.10/lib/python3.11/importlib/__init__.py:126: in import_module
    return _bootstrap._gcd_import(name[level:], package, level)
           ^^^^^^^^^^^^^^^^^^^^^^^^^^^^^^^^^^^^^^^^^^^^^^^^^^^^
tests/autogen_op/tf_efficientnet_lite4_in1k/test_tf_efficientnet_lite4_in1k_aten_constant_pad_nd_default.py:8: in <module>
    import ttnn
E   ModuleNotFoundError: No module named 'ttnn'
_ ERROR collecting tests/autogen_op/tf_efficientnet_lite4_in1k/test_tf_efficientnet_lite4_in1k_aten_convolution_default.py _
ImportError while importing test module '/Users/Ajay17/pytorch2.0_ttnn/tests/autogen_op/tf_efficientnet_lite4_in1k/test_tf_efficientnet_lite4_in1k_aten_convolution_default.py'.
Hint: make sure your test modules/packages have valid Python names.
Traceback:
../.pyenv/versions/3.11.10/lib/python3.11/importlib/__init__.py:126: in import_module
    return _bootstrap._gcd_import(name[level:], package, level)
           ^^^^^^^^^^^^^^^^^^^^^^^^^^^^^^^^^^^^^^^^^^^^^^^^^^^^
tests/autogen_op/tf_efficientnet_lite4_in1k/test_tf_efficientnet_lite4_in1k_aten_convolution_default.py:8: in <module>
    import ttnn
E   ModuleNotFoundError: No module named 'ttnn'
_ ERROR collecting tests/autogen_op/tf_efficientnet_lite4_in1k/test_tf_efficientnet_lite4_in1k_aten_hardtanh_default.py _
ImportError while importing test module '/Users/Ajay17/pytorch2.0_ttnn/tests/autogen_op/tf_efficientnet_lite4_in1k/test_tf_efficientnet_lite4_in1k_aten_hardtanh_default.py'.
Hint: make sure your test modules/packages have valid Python names.
Traceback:
../.pyenv/versions/3.11.10/lib/python3.11/importlib/__init__.py:126: in import_module
    return _bootstrap._gcd_import(name[level:], package, level)
           ^^^^^^^^^^^^^^^^^^^^^^^^^^^^^^^^^^^^^^^^^^^^^^^^^^^^
tests/autogen_op/tf_efficientnet_lite4_in1k/test_tf_efficientnet_lite4_in1k_aten_hardtanh_default.py:8: in <module>
    import ttnn
E   ModuleNotFoundError: No module named 'ttnn'
_ ERROR collecting tests/autogen_op/tf_efficientnet_lite4_in1k/test_tf_efficientnet_lite4_in1k_aten_mean_dim.py _
ImportError while importing test module '/Users/Ajay17/pytorch2.0_ttnn/tests/autogen_op/tf_efficientnet_lite4_in1k/test_tf_efficientnet_lite4_in1k_aten_mean_dim.py'.
Hint: make sure your test modules/packages have valid Python names.
Traceback:
../.pyenv/versions/3.11.10/lib/python3.11/importlib/__init__.py:126: in import_module
    return _bootstrap._gcd_import(name[level:], package, level)
           ^^^^^^^^^^^^^^^^^^^^^^^^^^^^^^^^^^^^^^^^^^^^^^^^^^^^
tests/autogen_op/tf_efficientnet_lite4_in1k/test_tf_efficientnet_lite4_in1k_aten_mean_dim.py:8: in <module>
    import ttnn
E   ModuleNotFoundError: No module named 'ttnn'
_ ERROR collecting tests/autogen_op/tf_efficientnet_lite4_in1k/test_tf_efficientnet_lite4_in1k_aten_t_default.py _
ImportError while importing test module '/Users/Ajay17/pytorch2.0_ttnn/tests/autogen_op/tf_efficientnet_lite4_in1k/test_tf_efficientnet_lite4_in1k_aten_t_default.py'.
Hint: make sure your test modules/packages have valid Python names.
Traceback:
../.pyenv/versions/3.11.10/lib/python3.11/importlib/__init__.py:126: in import_module
    return _bootstrap._gcd_import(name[level:], package, level)
           ^^^^^^^^^^^^^^^^^^^^^^^^^^^^^^^^^^^^^^^^^^^^^^^^^^^^
tests/autogen_op/tf_efficientnet_lite4_in1k/test_tf_efficientnet_lite4_in1k_aten_t_default.py:8: in <module>
    import ttnn
E   ModuleNotFoundError: No module named 'ttnn'
_ ERROR collecting tests/autogen_op/tf_efficientnet_lite4_in1k/test_tf_efficientnet_lite4_in1k_aten_view_default.py _
ImportError while importing test module '/Users/Ajay17/pytorch2.0_ttnn/tests/autogen_op/tf_efficientnet_lite4_in1k/test_tf_efficientnet_lite4_in1k_aten_view_default.py'.
Hint: make sure your test modules/packages have valid Python names.
Traceback:
../.pyenv/versions/3.11.10/lib/python3.11/importlib/__init__.py:126: in import_module
    return _bootstrap._gcd_import(name[level:], package, level)
           ^^^^^^^^^^^^^^^^^^^^^^^^^^^^^^^^^^^^^^^^^^^^^^^^^^^^
tests/autogen_op/tf_efficientnet_lite4_in1k/test_tf_efficientnet_lite4_in1k_aten_view_default.py:8: in <module>
    import ttnn
E   ModuleNotFoundError: No module named 'ttnn'
_ ERROR collecting tests/autogen_op/tf_efficientnet_lite4_in1k-train/test_tf_efficientnet_lite4_in1k-train_aten__native_batch_norm_legit_functional_default.py _
ImportError while importing test module '/Users/Ajay17/pytorch2.0_ttnn/tests/autogen_op/tf_efficientnet_lite4_in1k-train/test_tf_efficientnet_lite4_in1k-train_aten__native_batch_norm_legit_functional_default.py'.
Hint: make sure your test modules/packages have valid Python names.
Traceback:
../.pyenv/versions/3.11.10/lib/python3.11/importlib/__init__.py:126: in import_module
    return _bootstrap._gcd_import(name[level:], package, level)
           ^^^^^^^^^^^^^^^^^^^^^^^^^^^^^^^^^^^^^^^^^^^^^^^^^^^^
tests/autogen_op/tf_efficientnet_lite4_in1k-train/test_tf_efficientnet_lite4_in1k-train_aten__native_batch_norm_legit_functional_default.py:8: in <module>
    import ttnn
E   ModuleNotFoundError: No module named 'ttnn'
_ ERROR collecting tests/autogen_op/tf_efficientnet_lite4_in1k-train/test_tf_efficientnet_lite4_in1k-train_aten__to_copy_default.py _
ImportError while importing test module '/Users/Ajay17/pytorch2.0_ttnn/tests/autogen_op/tf_efficientnet_lite4_in1k-train/test_tf_efficientnet_lite4_in1k-train_aten__to_copy_default.py'.
Hint: make sure your test modules/packages have valid Python names.
Traceback:
../.pyenv/versions/3.11.10/lib/python3.11/importlib/__init__.py:126: in import_module
    return _bootstrap._gcd_import(name[level:], package, level)
           ^^^^^^^^^^^^^^^^^^^^^^^^^^^^^^^^^^^^^^^^^^^^^^^^^^^^
tests/autogen_op/tf_efficientnet_lite4_in1k-train/test_tf_efficientnet_lite4_in1k-train_aten__to_copy_default.py:8: in <module>
    import ttnn
E   ModuleNotFoundError: No module named 'ttnn'
_ ERROR collecting tests/autogen_op/tf_efficientnet_lite4_in1k-train/test_tf_efficientnet_lite4_in1k-train_aten_add_Tensor.py _
ImportError while importing test module '/Users/Ajay17/pytorch2.0_ttnn/tests/autogen_op/tf_efficientnet_lite4_in1k-train/test_tf_efficientnet_lite4_in1k-train_aten_add_Tensor.py'.
Hint: make sure your test modules/packages have valid Python names.
Traceback:
../.pyenv/versions/3.11.10/lib/python3.11/importlib/__init__.py:126: in import_module
    return _bootstrap._gcd_import(name[level:], package, level)
           ^^^^^^^^^^^^^^^^^^^^^^^^^^^^^^^^^^^^^^^^^^^^^^^^^^^^
tests/autogen_op/tf_efficientnet_lite4_in1k-train/test_tf_efficientnet_lite4_in1k-train_aten_add_Tensor.py:8: in <module>
    import ttnn
E   ModuleNotFoundError: No module named 'ttnn'
_ ERROR collecting tests/autogen_op/tf_efficientnet_lite4_in1k-train/test_tf_efficientnet_lite4_in1k-train_aten_addmm_default.py _
ImportError while importing test module '/Users/Ajay17/pytorch2.0_ttnn/tests/autogen_op/tf_efficientnet_lite4_in1k-train/test_tf_efficientnet_lite4_in1k-train_aten_addmm_default.py'.
Hint: make sure your test modules/packages have valid Python names.
Traceback:
../.pyenv/versions/3.11.10/lib/python3.11/importlib/__init__.py:126: in import_module
    return _bootstrap._gcd_import(name[level:], package, level)
           ^^^^^^^^^^^^^^^^^^^^^^^^^^^^^^^^^^^^^^^^^^^^^^^^^^^^
tests/autogen_op/tf_efficientnet_lite4_in1k-train/test_tf_efficientnet_lite4_in1k-train_aten_addmm_default.py:8: in <module>
    import ttnn
E   ModuleNotFoundError: No module named 'ttnn'
_ ERROR collecting tests/autogen_op/tf_efficientnet_lite4_in1k-train/test_tf_efficientnet_lite4_in1k-train_aten_constant_pad_nd_default.py _
ImportError while importing test module '/Users/Ajay17/pytorch2.0_ttnn/tests/autogen_op/tf_efficientnet_lite4_in1k-train/test_tf_efficientnet_lite4_in1k-train_aten_constant_pad_nd_default.py'.
Hint: make sure your test modules/packages have valid Python names.
Traceback:
../.pyenv/versions/3.11.10/lib/python3.11/importlib/__init__.py:126: in import_module
    return _bootstrap._gcd_import(name[level:], package, level)
           ^^^^^^^^^^^^^^^^^^^^^^^^^^^^^^^^^^^^^^^^^^^^^^^^^^^^
tests/autogen_op/tf_efficientnet_lite4_in1k-train/test_tf_efficientnet_lite4_in1k-train_aten_constant_pad_nd_default.py:8: in <module>
    import ttnn
E   ModuleNotFoundError: No module named 'ttnn'
_ ERROR collecting tests/autogen_op/tf_efficientnet_lite4_in1k-train/test_tf_efficientnet_lite4_in1k-train_aten_convolution_backward_default.py _
ImportError while importing test module '/Users/Ajay17/pytorch2.0_ttnn/tests/autogen_op/tf_efficientnet_lite4_in1k-train/test_tf_efficientnet_lite4_in1k-train_aten_convolution_backward_default.py'.
Hint: make sure your test modules/packages have valid Python names.
Traceback:
../.pyenv/versions/3.11.10/lib/python3.11/importlib/__init__.py:126: in import_module
    return _bootstrap._gcd_import(name[level:], package, level)
           ^^^^^^^^^^^^^^^^^^^^^^^^^^^^^^^^^^^^^^^^^^^^^^^^^^^^
tests/autogen_op/tf_efficientnet_lite4_in1k-train/test_tf_efficientnet_lite4_in1k-train_aten_convolution_backward_default.py:8: in <module>
    import ttnn
E   ModuleNotFoundError: No module named 'ttnn'
_ ERROR collecting tests/autogen_op/tf_efficientnet_lite4_in1k-train/test_tf_efficientnet_lite4_in1k-train_aten_convolution_default.py _
ImportError while importing test module '/Users/Ajay17/pytorch2.0_ttnn/tests/autogen_op/tf_efficientnet_lite4_in1k-train/test_tf_efficientnet_lite4_in1k-train_aten_convolution_default.py'.
Hint: make sure your test modules/packages have valid Python names.
Traceback:
../.pyenv/versions/3.11.10/lib/python3.11/importlib/__init__.py:126: in import_module
    return _bootstrap._gcd_import(name[level:], package, level)
           ^^^^^^^^^^^^^^^^^^^^^^^^^^^^^^^^^^^^^^^^^^^^^^^^^^^^
tests/autogen_op/tf_efficientnet_lite4_in1k-train/test_tf_efficientnet_lite4_in1k-train_aten_convolution_default.py:8: in <module>
    import ttnn
E   ModuleNotFoundError: No module named 'ttnn'
_ ERROR collecting tests/autogen_op/tf_efficientnet_lite4_in1k-train/test_tf_efficientnet_lite4_in1k-train_aten_div_Scalar.py _
ImportError while importing test module '/Users/Ajay17/pytorch2.0_ttnn/tests/autogen_op/tf_efficientnet_lite4_in1k-train/test_tf_efficientnet_lite4_in1k-train_aten_div_Scalar.py'.
Hint: make sure your test modules/packages have valid Python names.
Traceback:
../.pyenv/versions/3.11.10/lib/python3.11/importlib/__init__.py:126: in import_module
    return _bootstrap._gcd_import(name[level:], package, level)
           ^^^^^^^^^^^^^^^^^^^^^^^^^^^^^^^^^^^^^^^^^^^^^^^^^^^^
tests/autogen_op/tf_efficientnet_lite4_in1k-train/test_tf_efficientnet_lite4_in1k-train_aten_div_Scalar.py:8: in <module>
    import ttnn
E   ModuleNotFoundError: No module named 'ttnn'
_ ERROR collecting tests/autogen_op/tf_efficientnet_lite4_in1k-train/test_tf_efficientnet_lite4_in1k-train_aten_expand_default.py _
ImportError while importing test module '/Users/Ajay17/pytorch2.0_ttnn/tests/autogen_op/tf_efficientnet_lite4_in1k-train/test_tf_efficientnet_lite4_in1k-train_aten_expand_default.py'.
Hint: make sure your test modules/packages have valid Python names.
Traceback:
../.pyenv/versions/3.11.10/lib/python3.11/importlib/__init__.py:126: in import_module
    return _bootstrap._gcd_import(name[level:], package, level)
           ^^^^^^^^^^^^^^^^^^^^^^^^^^^^^^^^^^^^^^^^^^^^^^^^^^^^
tests/autogen_op/tf_efficientnet_lite4_in1k-train/test_tf_efficientnet_lite4_in1k-train_aten_expand_default.py:8: in <module>
    import ttnn
E   ModuleNotFoundError: No module named 'ttnn'
_ ERROR collecting tests/autogen_op/tf_efficientnet_lite4_in1k-train/test_tf_efficientnet_lite4_in1k-train_aten_hardtanh_backward_default.py _
ImportError while importing test module '/Users/Ajay17/pytorch2.0_ttnn/tests/autogen_op/tf_efficientnet_lite4_in1k-train/test_tf_efficientnet_lite4_in1k-train_aten_hardtanh_backward_default.py'.
Hint: make sure your test modules/packages have valid Python names.
Traceback:
../.pyenv/versions/3.11.10/lib/python3.11/importlib/__init__.py:126: in import_module
    return _bootstrap._gcd_import(name[level:], package, level)
           ^^^^^^^^^^^^^^^^^^^^^^^^^^^^^^^^^^^^^^^^^^^^^^^^^^^^
tests/autogen_op/tf_efficientnet_lite4_in1k-train/test_tf_efficientnet_lite4_in1k-train_aten_hardtanh_backward_default.py:8: in <module>
    import ttnn
E   ModuleNotFoundError: No module named 'ttnn'
_ ERROR collecting tests/autogen_op/tf_efficientnet_lite4_in1k-train/test_tf_efficientnet_lite4_in1k-train_aten_hardtanh_default.py _
ImportError while importing test module '/Users/Ajay17/pytorch2.0_ttnn/tests/autogen_op/tf_efficientnet_lite4_in1k-train/test_tf_efficientnet_lite4_in1k-train_aten_hardtanh_default.py'.
Hint: make sure your test modules/packages have valid Python names.
Traceback:
../.pyenv/versions/3.11.10/lib/python3.11/importlib/__init__.py:126: in import_module
    return _bootstrap._gcd_import(name[level:], package, level)
           ^^^^^^^^^^^^^^^^^^^^^^^^^^^^^^^^^^^^^^^^^^^^^^^^^^^^
tests/autogen_op/tf_efficientnet_lite4_in1k-train/test_tf_efficientnet_lite4_in1k-train_aten_hardtanh_default.py:8: in <module>
    import ttnn
E   ModuleNotFoundError: No module named 'ttnn'
_ ERROR collecting tests/autogen_op/tf_efficientnet_lite4_in1k-train/test_tf_efficientnet_lite4_in1k-train_aten_mean_dim.py _
ImportError while importing test module '/Users/Ajay17/pytorch2.0_ttnn/tests/autogen_op/tf_efficientnet_lite4_in1k-train/test_tf_efficientnet_lite4_in1k-train_aten_mean_dim.py'.
Hint: make sure your test modules/packages have valid Python names.
Traceback:
../.pyenv/versions/3.11.10/lib/python3.11/importlib/__init__.py:126: in import_module
    return _bootstrap._gcd_import(name[level:], package, level)
           ^^^^^^^^^^^^^^^^^^^^^^^^^^^^^^^^^^^^^^^^^^^^^^^^^^^^
tests/autogen_op/tf_efficientnet_lite4_in1k-train/test_tf_efficientnet_lite4_in1k-train_aten_mean_dim.py:8: in <module>
    import ttnn
E   ModuleNotFoundError: No module named 'ttnn'
_ ERROR collecting tests/autogen_op/tf_efficientnet_lite4_in1k-train/test_tf_efficientnet_lite4_in1k-train_aten_mm_default.py _
ImportError while importing test module '/Users/Ajay17/pytorch2.0_ttnn/tests/autogen_op/tf_efficientnet_lite4_in1k-train/test_tf_efficientnet_lite4_in1k-train_aten_mm_default.py'.
Hint: make sure your test modules/packages have valid Python names.
Traceback:
../.pyenv/versions/3.11.10/lib/python3.11/importlib/__init__.py:126: in import_module
    return _bootstrap._gcd_import(name[level:], package, level)
           ^^^^^^^^^^^^^^^^^^^^^^^^^^^^^^^^^^^^^^^^^^^^^^^^^^^^
tests/autogen_op/tf_efficientnet_lite4_in1k-train/test_tf_efficientnet_lite4_in1k-train_aten_mm_default.py:8: in <module>
    import ttnn
E   ModuleNotFoundError: No module named 'ttnn'
_ ERROR collecting tests/autogen_op/tf_efficientnet_lite4_in1k-train/test_tf_efficientnet_lite4_in1k-train_aten_native_batch_norm_backward_default.py _
ImportError while importing test module '/Users/Ajay17/pytorch2.0_ttnn/tests/autogen_op/tf_efficientnet_lite4_in1k-train/test_tf_efficientnet_lite4_in1k-train_aten_native_batch_norm_backward_default.py'.
Hint: make sure your test modules/packages have valid Python names.
Traceback:
../.pyenv/versions/3.11.10/lib/python3.11/importlib/__init__.py:126: in import_module
    return _bootstrap._gcd_import(name[level:], package, level)
           ^^^^^^^^^^^^^^^^^^^^^^^^^^^^^^^^^^^^^^^^^^^^^^^^^^^^
tests/autogen_op/tf_efficientnet_lite4_in1k-train/test_tf_efficientnet_lite4_in1k-train_aten_native_batch_norm_backward_default.py:8: in <module>
    import ttnn
E   ModuleNotFoundError: No module named 'ttnn'
_ ERROR collecting tests/autogen_op/tf_efficientnet_lite4_in1k-train/test_tf_efficientnet_lite4_in1k-train_aten_sum_dim_IntList.py _
ImportError while importing test module '/Users/Ajay17/pytorch2.0_ttnn/tests/autogen_op/tf_efficientnet_lite4_in1k-train/test_tf_efficientnet_lite4_in1k-train_aten_sum_dim_IntList.py'.
Hint: make sure your test modules/packages have valid Python names.
Traceback:
../.pyenv/versions/3.11.10/lib/python3.11/importlib/__init__.py:126: in import_module
    return _bootstrap._gcd_import(name[level:], package, level)
           ^^^^^^^^^^^^^^^^^^^^^^^^^^^^^^^^^^^^^^^^^^^^^^^^^^^^
tests/autogen_op/tf_efficientnet_lite4_in1k-train/test_tf_efficientnet_lite4_in1k-train_aten_sum_dim_IntList.py:8: in <module>
    import ttnn
E   ModuleNotFoundError: No module named 'ttnn'
_ ERROR collecting tests/autogen_op/tf_efficientnet_lite4_in1k-train/test_tf_efficientnet_lite4_in1k-train_aten_t_default.py _
ImportError while importing test module '/Users/Ajay17/pytorch2.0_ttnn/tests/autogen_op/tf_efficientnet_lite4_in1k-train/test_tf_efficientnet_lite4_in1k-train_aten_t_default.py'.
Hint: make sure your test modules/packages have valid Python names.
Traceback:
../.pyenv/versions/3.11.10/lib/python3.11/importlib/__init__.py:126: in import_module
    return _bootstrap._gcd_import(name[level:], package, level)
           ^^^^^^^^^^^^^^^^^^^^^^^^^^^^^^^^^^^^^^^^^^^^^^^^^^^^
tests/autogen_op/tf_efficientnet_lite4_in1k-train/test_tf_efficientnet_lite4_in1k-train_aten_t_default.py:8: in <module>
    import ttnn
E   ModuleNotFoundError: No module named 'ttnn'
_ ERROR collecting tests/autogen_op/tf_efficientnet_lite4_in1k-train/test_tf_efficientnet_lite4_in1k-train_aten_view_default.py _
ImportError while importing test module '/Users/Ajay17/pytorch2.0_ttnn/tests/autogen_op/tf_efficientnet_lite4_in1k-train/test_tf_efficientnet_lite4_in1k-train_aten_view_default.py'.
Hint: make sure your test modules/packages have valid Python names.
Traceback:
../.pyenv/versions/3.11.10/lib/python3.11/importlib/__init__.py:126: in import_module
    return _bootstrap._gcd_import(name[level:], package, level)
           ^^^^^^^^^^^^^^^^^^^^^^^^^^^^^^^^^^^^^^^^^^^^^^^^^^^^
tests/autogen_op/tf_efficientnet_lite4_in1k-train/test_tf_efficientnet_lite4_in1k-train_aten_view_default.py:8: in <module>
    import ttnn
E   ModuleNotFoundError: No module named 'ttnn'
_ ERROR collecting tests/autogen_op/twmkn9/albert-base-v2-squad2/test_twmkn9_albert-base-v2-squad2_aten__softmax_default.py _
ImportError while importing test module '/Users/Ajay17/pytorch2.0_ttnn/tests/autogen_op/twmkn9/albert-base-v2-squad2/test_twmkn9_albert-base-v2-squad2_aten__softmax_default.py'.
Hint: make sure your test modules/packages have valid Python names.
Traceback:
../.pyenv/versions/3.11.10/lib/python3.11/importlib/__init__.py:126: in import_module
    return _bootstrap._gcd_import(name[level:], package, level)
           ^^^^^^^^^^^^^^^^^^^^^^^^^^^^^^^^^^^^^^^^^^^^^^^^^^^^
tests/autogen_op/twmkn9/albert-base-v2-squad2/test_twmkn9_albert-base-v2-squad2_aten__softmax_default.py:8: in <module>
    import ttnn
E   ModuleNotFoundError: No module named 'ttnn'
_ ERROR collecting tests/autogen_op/twmkn9/albert-base-v2-squad2/test_twmkn9_albert-base-v2-squad2_aten__to_copy_default.py _
ImportError while importing test module '/Users/Ajay17/pytorch2.0_ttnn/tests/autogen_op/twmkn9/albert-base-v2-squad2/test_twmkn9_albert-base-v2-squad2_aten__to_copy_default.py'.
Hint: make sure your test modules/packages have valid Python names.
Traceback:
../.pyenv/versions/3.11.10/lib/python3.11/importlib/__init__.py:126: in import_module
    return _bootstrap._gcd_import(name[level:], package, level)
           ^^^^^^^^^^^^^^^^^^^^^^^^^^^^^^^^^^^^^^^^^^^^^^^^^^^^
tests/autogen_op/twmkn9/albert-base-v2-squad2/test_twmkn9_albert-base-v2-squad2_aten__to_copy_default.py:8: in <module>
    import ttnn
E   ModuleNotFoundError: No module named 'ttnn'
_ ERROR collecting tests/autogen_op/twmkn9/albert-base-v2-squad2/test_twmkn9_albert-base-v2-squad2_aten__unsafe_view_default.py _
ImportError while importing test module '/Users/Ajay17/pytorch2.0_ttnn/tests/autogen_op/twmkn9/albert-base-v2-squad2/test_twmkn9_albert-base-v2-squad2_aten__unsafe_view_default.py'.
Hint: make sure your test modules/packages have valid Python names.
Traceback:
../.pyenv/versions/3.11.10/lib/python3.11/importlib/__init__.py:126: in import_module
    return _bootstrap._gcd_import(name[level:], package, level)
           ^^^^^^^^^^^^^^^^^^^^^^^^^^^^^^^^^^^^^^^^^^^^^^^^^^^^
tests/autogen_op/twmkn9/albert-base-v2-squad2/test_twmkn9_albert-base-v2-squad2_aten__unsafe_view_default.py:8: in <module>
    import ttnn
E   ModuleNotFoundError: No module named 'ttnn'
_ ERROR collecting tests/autogen_op/twmkn9/albert-base-v2-squad2/test_twmkn9_albert-base-v2-squad2_aten_add_Tensor.py _
ImportError while importing test module '/Users/Ajay17/pytorch2.0_ttnn/tests/autogen_op/twmkn9/albert-base-v2-squad2/test_twmkn9_albert-base-v2-squad2_aten_add_Tensor.py'.
Hint: make sure your test modules/packages have valid Python names.
Traceback:
../.pyenv/versions/3.11.10/lib/python3.11/importlib/__init__.py:126: in import_module
    return _bootstrap._gcd_import(name[level:], package, level)
           ^^^^^^^^^^^^^^^^^^^^^^^^^^^^^^^^^^^^^^^^^^^^^^^^^^^^
tests/autogen_op/twmkn9/albert-base-v2-squad2/test_twmkn9_albert-base-v2-squad2_aten_add_Tensor.py:8: in <module>
    import ttnn
E   ModuleNotFoundError: No module named 'ttnn'
_ ERROR collecting tests/autogen_op/twmkn9/albert-base-v2-squad2/test_twmkn9_albert-base-v2-squad2_aten_addmm_default.py _
ImportError while importing test module '/Users/Ajay17/pytorch2.0_ttnn/tests/autogen_op/twmkn9/albert-base-v2-squad2/test_twmkn9_albert-base-v2-squad2_aten_addmm_default.py'.
Hint: make sure your test modules/packages have valid Python names.
Traceback:
../.pyenv/versions/3.11.10/lib/python3.11/importlib/__init__.py:126: in import_module
    return _bootstrap._gcd_import(name[level:], package, level)
           ^^^^^^^^^^^^^^^^^^^^^^^^^^^^^^^^^^^^^^^^^^^^^^^^^^^^
tests/autogen_op/twmkn9/albert-base-v2-squad2/test_twmkn9_albert-base-v2-squad2_aten_addmm_default.py:8: in <module>
    import ttnn
E   ModuleNotFoundError: No module named 'ttnn'
_ ERROR collecting tests/autogen_op/twmkn9/albert-base-v2-squad2/test_twmkn9_albert-base-v2-squad2_aten_bmm_default.py _
ImportError while importing test module '/Users/Ajay17/pytorch2.0_ttnn/tests/autogen_op/twmkn9/albert-base-v2-squad2/test_twmkn9_albert-base-v2-squad2_aten_bmm_default.py'.
Hint: make sure your test modules/packages have valid Python names.
Traceback:
../.pyenv/versions/3.11.10/lib/python3.11/importlib/__init__.py:126: in import_module
    return _bootstrap._gcd_import(name[level:], package, level)
           ^^^^^^^^^^^^^^^^^^^^^^^^^^^^^^^^^^^^^^^^^^^^^^^^^^^^
tests/autogen_op/twmkn9/albert-base-v2-squad2/test_twmkn9_albert-base-v2-squad2_aten_bmm_default.py:8: in <module>
    import ttnn
E   ModuleNotFoundError: No module named 'ttnn'
_ ERROR collecting tests/autogen_op/twmkn9/albert-base-v2-squad2/test_twmkn9_albert-base-v2-squad2_aten_clone_default.py _
ImportError while importing test module '/Users/Ajay17/pytorch2.0_ttnn/tests/autogen_op/twmkn9/albert-base-v2-squad2/test_twmkn9_albert-base-v2-squad2_aten_clone_default.py'.
Hint: make sure your test modules/packages have valid Python names.
Traceback:
../.pyenv/versions/3.11.10/lib/python3.11/importlib/__init__.py:126: in import_module
    return _bootstrap._gcd_import(name[level:], package, level)
           ^^^^^^^^^^^^^^^^^^^^^^^^^^^^^^^^^^^^^^^^^^^^^^^^^^^^
tests/autogen_op/twmkn9/albert-base-v2-squad2/test_twmkn9_albert-base-v2-squad2_aten_clone_default.py:8: in <module>
    import ttnn
E   ModuleNotFoundError: No module named 'ttnn'
_ ERROR collecting tests/autogen_op/twmkn9/albert-base-v2-squad2/test_twmkn9_albert-base-v2-squad2_aten_div_Tensor.py _
ImportError while importing test module '/Users/Ajay17/pytorch2.0_ttnn/tests/autogen_op/twmkn9/albert-base-v2-squad2/test_twmkn9_albert-base-v2-squad2_aten_div_Tensor.py'.
Hint: make sure your test modules/packages have valid Python names.
Traceback:
../.pyenv/versions/3.11.10/lib/python3.11/importlib/__init__.py:126: in import_module
    return _bootstrap._gcd_import(name[level:], package, level)
           ^^^^^^^^^^^^^^^^^^^^^^^^^^^^^^^^^^^^^^^^^^^^^^^^^^^^
tests/autogen_op/twmkn9/albert-base-v2-squad2/test_twmkn9_albert-base-v2-squad2_aten_div_Tensor.py:8: in <module>
    import ttnn
E   ModuleNotFoundError: No module named 'ttnn'
_ ERROR collecting tests/autogen_op/twmkn9/albert-base-v2-squad2/test_twmkn9_albert-base-v2-squad2_aten_embedding_default.py _
ImportError while importing test module '/Users/Ajay17/pytorch2.0_ttnn/tests/autogen_op/twmkn9/albert-base-v2-squad2/test_twmkn9_albert-base-v2-squad2_aten_embedding_default.py'.
Hint: make sure your test modules/packages have valid Python names.
Traceback:
../.pyenv/versions/3.11.10/lib/python3.11/importlib/__init__.py:126: in import_module
    return _bootstrap._gcd_import(name[level:], package, level)
           ^^^^^^^^^^^^^^^^^^^^^^^^^^^^^^^^^^^^^^^^^^^^^^^^^^^^
tests/autogen_op/twmkn9/albert-base-v2-squad2/test_twmkn9_albert-base-v2-squad2_aten_embedding_default.py:8: in <module>
    import ttnn
E   ModuleNotFoundError: No module named 'ttnn'
_ ERROR collecting tests/autogen_op/twmkn9/albert-base-v2-squad2/test_twmkn9_albert-base-v2-squad2_aten_expand_default.py _
ImportError while importing test module '/Users/Ajay17/pytorch2.0_ttnn/tests/autogen_op/twmkn9/albert-base-v2-squad2/test_twmkn9_albert-base-v2-squad2_aten_expand_default.py'.
Hint: make sure your test modules/packages have valid Python names.
Traceback:
../.pyenv/versions/3.11.10/lib/python3.11/importlib/__init__.py:126: in import_module
    return _bootstrap._gcd_import(name[level:], package, level)
           ^^^^^^^^^^^^^^^^^^^^^^^^^^^^^^^^^^^^^^^^^^^^^^^^^^^^
tests/autogen_op/twmkn9/albert-base-v2-squad2/test_twmkn9_albert-base-v2-squad2_aten_expand_default.py:8: in <module>
    import ttnn
E   ModuleNotFoundError: No module named 'ttnn'
_ ERROR collecting tests/autogen_op/twmkn9/albert-base-v2-squad2/test_twmkn9_albert-base-v2-squad2_aten_mul_Tensor.py _
ImportError while importing test module '/Users/Ajay17/pytorch2.0_ttnn/tests/autogen_op/twmkn9/albert-base-v2-squad2/test_twmkn9_albert-base-v2-squad2_aten_mul_Tensor.py'.
Hint: make sure your test modules/packages have valid Python names.
Traceback:
../.pyenv/versions/3.11.10/lib/python3.11/importlib/__init__.py:126: in import_module
    return _bootstrap._gcd_import(name[level:], package, level)
           ^^^^^^^^^^^^^^^^^^^^^^^^^^^^^^^^^^^^^^^^^^^^^^^^^^^^
tests/autogen_op/twmkn9/albert-base-v2-squad2/test_twmkn9_albert-base-v2-squad2_aten_mul_Tensor.py:8: in <module>
    import ttnn
E   ModuleNotFoundError: No module named 'ttnn'
_ ERROR collecting tests/autogen_op/twmkn9/albert-base-v2-squad2/test_twmkn9_albert-base-v2-squad2_aten_native_layer_norm_default.py _
ImportError while importing test module '/Users/Ajay17/pytorch2.0_ttnn/tests/autogen_op/twmkn9/albert-base-v2-squad2/test_twmkn9_albert-base-v2-squad2_aten_native_layer_norm_default.py'.
Hint: make sure your test modules/packages have valid Python names.
Traceback:
../.pyenv/versions/3.11.10/lib/python3.11/importlib/__init__.py:126: in import_module
    return _bootstrap._gcd_import(name[level:], package, level)
           ^^^^^^^^^^^^^^^^^^^^^^^^^^^^^^^^^^^^^^^^^^^^^^^^^^^^
tests/autogen_op/twmkn9/albert-base-v2-squad2/test_twmkn9_albert-base-v2-squad2_aten_native_layer_norm_default.py:8: in <module>
    import ttnn
E   ModuleNotFoundError: No module named 'ttnn'
_ ERROR collecting tests/autogen_op/twmkn9/albert-base-v2-squad2/test_twmkn9_albert-base-v2-squad2_aten_permute_default.py _
ImportError while importing test module '/Users/Ajay17/pytorch2.0_ttnn/tests/autogen_op/twmkn9/albert-base-v2-squad2/test_twmkn9_albert-base-v2-squad2_aten_permute_default.py'.
Hint: make sure your test modules/packages have valid Python names.
Traceback:
../.pyenv/versions/3.11.10/lib/python3.11/importlib/__init__.py:126: in import_module
    return _bootstrap._gcd_import(name[level:], package, level)
           ^^^^^^^^^^^^^^^^^^^^^^^^^^^^^^^^^^^^^^^^^^^^^^^^^^^^
tests/autogen_op/twmkn9/albert-base-v2-squad2/test_twmkn9_albert-base-v2-squad2_aten_permute_default.py:8: in <module>
    import ttnn
E   ModuleNotFoundError: No module named 'ttnn'
_ ERROR collecting tests/autogen_op/twmkn9/albert-base-v2-squad2/test_twmkn9_albert-base-v2-squad2_aten_pow_Tensor_Scalar.py _
ImportError while importing test module '/Users/Ajay17/pytorch2.0_ttnn/tests/autogen_op/twmkn9/albert-base-v2-squad2/test_twmkn9_albert-base-v2-squad2_aten_pow_Tensor_Scalar.py'.
Hint: make sure your test modules/packages have valid Python names.
Traceback:
../.pyenv/versions/3.11.10/lib/python3.11/importlib/__init__.py:126: in import_module
    return _bootstrap._gcd_import(name[level:], package, level)
           ^^^^^^^^^^^^^^^^^^^^^^^^^^^^^^^^^^^^^^^^^^^^^^^^^^^^
tests/autogen_op/twmkn9/albert-base-v2-squad2/test_twmkn9_albert-base-v2-squad2_aten_pow_Tensor_Scalar.py:8: in <module>
    import ttnn
E   ModuleNotFoundError: No module named 'ttnn'
_ ERROR collecting tests/autogen_op/twmkn9/albert-base-v2-squad2/test_twmkn9_albert-base-v2-squad2_aten_rsub_Scalar.py _
ImportError while importing test module '/Users/Ajay17/pytorch2.0_ttnn/tests/autogen_op/twmkn9/albert-base-v2-squad2/test_twmkn9_albert-base-v2-squad2_aten_rsub_Scalar.py'.
Hint: make sure your test modules/packages have valid Python names.
Traceback:
../.pyenv/versions/3.11.10/lib/python3.11/importlib/__init__.py:126: in import_module
    return _bootstrap._gcd_import(name[level:], package, level)
           ^^^^^^^^^^^^^^^^^^^^^^^^^^^^^^^^^^^^^^^^^^^^^^^^^^^^
tests/autogen_op/twmkn9/albert-base-v2-squad2/test_twmkn9_albert-base-v2-squad2_aten_rsub_Scalar.py:8: in <module>
    import ttnn
E   ModuleNotFoundError: No module named 'ttnn'
_ ERROR collecting tests/autogen_op/twmkn9/albert-base-v2-squad2/test_twmkn9_albert-base-v2-squad2_aten_slice_Tensor.py _
ImportError while importing test module '/Users/Ajay17/pytorch2.0_ttnn/tests/autogen_op/twmkn9/albert-base-v2-squad2/test_twmkn9_albert-base-v2-squad2_aten_slice_Tensor.py'.
Hint: make sure your test modules/packages have valid Python names.
Traceback:
../.pyenv/versions/3.11.10/lib/python3.11/importlib/__init__.py:126: in import_module
    return _bootstrap._gcd_import(name[level:], package, level)
           ^^^^^^^^^^^^^^^^^^^^^^^^^^^^^^^^^^^^^^^^^^^^^^^^^^^^
tests/autogen_op/twmkn9/albert-base-v2-squad2/test_twmkn9_albert-base-v2-squad2_aten_slice_Tensor.py:8: in <module>
    import ttnn
E   ModuleNotFoundError: No module named 'ttnn'
_ ERROR collecting tests/autogen_op/twmkn9/albert-base-v2-squad2/test_twmkn9_albert-base-v2-squad2_aten_split_Tensor.py _
ImportError while importing test module '/Users/Ajay17/pytorch2.0_ttnn/tests/autogen_op/twmkn9/albert-base-v2-squad2/test_twmkn9_albert-base-v2-squad2_aten_split_Tensor.py'.
Hint: make sure your test modules/packages have valid Python names.
Traceback:
../.pyenv/versions/3.11.10/lib/python3.11/importlib/__init__.py:126: in import_module
    return _bootstrap._gcd_import(name[level:], package, level)
           ^^^^^^^^^^^^^^^^^^^^^^^^^^^^^^^^^^^^^^^^^^^^^^^^^^^^
tests/autogen_op/twmkn9/albert-base-v2-squad2/test_twmkn9_albert-base-v2-squad2_aten_split_Tensor.py:8: in <module>
    import ttnn
E   ModuleNotFoundError: No module named 'ttnn'
_ ERROR collecting tests/autogen_op/twmkn9/albert-base-v2-squad2/test_twmkn9_albert-base-v2-squad2_aten_squeeze_dim.py _
ImportError while importing test module '/Users/Ajay17/pytorch2.0_ttnn/tests/autogen_op/twmkn9/albert-base-v2-squad2/test_twmkn9_albert-base-v2-squad2_aten_squeeze_dim.py'.
Hint: make sure your test modules/packages have valid Python names.
Traceback:
../.pyenv/versions/3.11.10/lib/python3.11/importlib/__init__.py:126: in import_module
    return _bootstrap._gcd_import(name[level:], package, level)
           ^^^^^^^^^^^^^^^^^^^^^^^^^^^^^^^^^^^^^^^^^^^^^^^^^^^^
tests/autogen_op/twmkn9/albert-base-v2-squad2/test_twmkn9_albert-base-v2-squad2_aten_squeeze_dim.py:8: in <module>
    import ttnn
E   ModuleNotFoundError: No module named 'ttnn'
_ ERROR collecting tests/autogen_op/twmkn9/albert-base-v2-squad2/test_twmkn9_albert-base-v2-squad2_aten_t_default.py _
ImportError while importing test module '/Users/Ajay17/pytorch2.0_ttnn/tests/autogen_op/twmkn9/albert-base-v2-squad2/test_twmkn9_albert-base-v2-squad2_aten_t_default.py'.
Hint: make sure your test modules/packages have valid Python names.
Traceback:
../.pyenv/versions/3.11.10/lib/python3.11/importlib/__init__.py:126: in import_module
    return _bootstrap._gcd_import(name[level:], package, level)
           ^^^^^^^^^^^^^^^^^^^^^^^^^^^^^^^^^^^^^^^^^^^^^^^^^^^^
tests/autogen_op/twmkn9/albert-base-v2-squad2/test_twmkn9_albert-base-v2-squad2_aten_t_default.py:8: in <module>
    import ttnn
E   ModuleNotFoundError: No module named 'ttnn'
_ ERROR collecting tests/autogen_op/twmkn9/albert-base-v2-squad2/test_twmkn9_albert-base-v2-squad2_aten_tanh_default.py _
ImportError while importing test module '/Users/Ajay17/pytorch2.0_ttnn/tests/autogen_op/twmkn9/albert-base-v2-squad2/test_twmkn9_albert-base-v2-squad2_aten_tanh_default.py'.
Hint: make sure your test modules/packages have valid Python names.
Traceback:
../.pyenv/versions/3.11.10/lib/python3.11/importlib/__init__.py:126: in import_module
    return _bootstrap._gcd_import(name[level:], package, level)
           ^^^^^^^^^^^^^^^^^^^^^^^^^^^^^^^^^^^^^^^^^^^^^^^^^^^^
tests/autogen_op/twmkn9/albert-base-v2-squad2/test_twmkn9_albert-base-v2-squad2_aten_tanh_default.py:8: in <module>
    import ttnn
E   ModuleNotFoundError: No module named 'ttnn'
_ ERROR collecting tests/autogen_op/twmkn9/albert-base-v2-squad2/test_twmkn9_albert-base-v2-squad2_aten_transpose_int.py _
ImportError while importing test module '/Users/Ajay17/pytorch2.0_ttnn/tests/autogen_op/twmkn9/albert-base-v2-squad2/test_twmkn9_albert-base-v2-squad2_aten_transpose_int.py'.
Hint: make sure your test modules/packages have valid Python names.
Traceback:
../.pyenv/versions/3.11.10/lib/python3.11/importlib/__init__.py:126: in import_module
    return _bootstrap._gcd_import(name[level:], package, level)
           ^^^^^^^^^^^^^^^^^^^^^^^^^^^^^^^^^^^^^^^^^^^^^^^^^^^^
tests/autogen_op/twmkn9/albert-base-v2-squad2/test_twmkn9_albert-base-v2-squad2_aten_transpose_int.py:8: in <module>
    import ttnn
E   ModuleNotFoundError: No module named 'ttnn'
_ ERROR collecting tests/autogen_op/twmkn9/albert-base-v2-squad2/test_twmkn9_albert-base-v2-squad2_aten_unsqueeze_default.py _
ImportError while importing test module '/Users/Ajay17/pytorch2.0_ttnn/tests/autogen_op/twmkn9/albert-base-v2-squad2/test_twmkn9_albert-base-v2-squad2_aten_unsqueeze_default.py'.
Hint: make sure your test modules/packages have valid Python names.
Traceback:
../.pyenv/versions/3.11.10/lib/python3.11/importlib/__init__.py:126: in import_module
    return _bootstrap._gcd_import(name[level:], package, level)
           ^^^^^^^^^^^^^^^^^^^^^^^^^^^^^^^^^^^^^^^^^^^^^^^^^^^^
tests/autogen_op/twmkn9/albert-base-v2-squad2/test_twmkn9_albert-base-v2-squad2_aten_unsqueeze_default.py:8: in <module>
    import ttnn
E   ModuleNotFoundError: No module named 'ttnn'
_ ERROR collecting tests/autogen_op/twmkn9/albert-base-v2-squad2/test_twmkn9_albert-base-v2-squad2_aten_view_default.py _
ImportError while importing test module '/Users/Ajay17/pytorch2.0_ttnn/tests/autogen_op/twmkn9/albert-base-v2-squad2/test_twmkn9_albert-base-v2-squad2_aten_view_default.py'.
Hint: make sure your test modules/packages have valid Python names.
Traceback:
../.pyenv/versions/3.11.10/lib/python3.11/importlib/__init__.py:126: in import_module
    return _bootstrap._gcd_import(name[level:], package, level)
           ^^^^^^^^^^^^^^^^^^^^^^^^^^^^^^^^^^^^^^^^^^^^^^^^^^^^
tests/autogen_op/twmkn9/albert-base-v2-squad2/test_twmkn9_albert-base-v2-squad2_aten_view_default.py:8: in <module>
    import ttnn
E   ModuleNotFoundError: No module named 'ttnn'
_ ERROR collecting tests/autogen_op/vgg11/test_vgg11_aten__adaptive_avg_pool2d_default.py _
ImportError while importing test module '/Users/Ajay17/pytorch2.0_ttnn/tests/autogen_op/vgg11/test_vgg11_aten__adaptive_avg_pool2d_default.py'.
Hint: make sure your test modules/packages have valid Python names.
Traceback:
../.pyenv/versions/3.11.10/lib/python3.11/importlib/__init__.py:126: in import_module
    return _bootstrap._gcd_import(name[level:], package, level)
           ^^^^^^^^^^^^^^^^^^^^^^^^^^^^^^^^^^^^^^^^^^^^^^^^^^^^
tests/autogen_op/vgg11/test_vgg11_aten__adaptive_avg_pool2d_default.py:8: in <module>
    import ttnn
E   ModuleNotFoundError: No module named 'ttnn'
___ ERROR collecting tests/autogen_op/vgg11/test_vgg11_aten_addmm_default.py ___
ImportError while importing test module '/Users/Ajay17/pytorch2.0_ttnn/tests/autogen_op/vgg11/test_vgg11_aten_addmm_default.py'.
Hint: make sure your test modules/packages have valid Python names.
Traceback:
../.pyenv/versions/3.11.10/lib/python3.11/importlib/__init__.py:126: in import_module
    return _bootstrap._gcd_import(name[level:], package, level)
           ^^^^^^^^^^^^^^^^^^^^^^^^^^^^^^^^^^^^^^^^^^^^^^^^^^^^
tests/autogen_op/vgg11/test_vgg11_aten_addmm_default.py:8: in <module>
    import ttnn
E   ModuleNotFoundError: No module named 'ttnn'
___ ERROR collecting tests/autogen_op/vgg11/test_vgg11_aten_clone_default.py ___
ImportError while importing test module '/Users/Ajay17/pytorch2.0_ttnn/tests/autogen_op/vgg11/test_vgg11_aten_clone_default.py'.
Hint: make sure your test modules/packages have valid Python names.
Traceback:
../.pyenv/versions/3.11.10/lib/python3.11/importlib/__init__.py:126: in import_module
    return _bootstrap._gcd_import(name[level:], package, level)
           ^^^^^^^^^^^^^^^^^^^^^^^^^^^^^^^^^^^^^^^^^^^^^^^^^^^^
tests/autogen_op/vgg11/test_vgg11_aten_clone_default.py:8: in <module>
    import ttnn
E   ModuleNotFoundError: No module named 'ttnn'
_ ERROR collecting tests/autogen_op/vgg11/test_vgg11_aten_convolution_default.py _
ImportError while importing test module '/Users/Ajay17/pytorch2.0_ttnn/tests/autogen_op/vgg11/test_vgg11_aten_convolution_default.py'.
Hint: make sure your test modules/packages have valid Python names.
Traceback:
../.pyenv/versions/3.11.10/lib/python3.11/importlib/__init__.py:126: in import_module
    return _bootstrap._gcd_import(name[level:], package, level)
           ^^^^^^^^^^^^^^^^^^^^^^^^^^^^^^^^^^^^^^^^^^^^^^^^^^^^
tests/autogen_op/vgg11/test_vgg11_aten_convolution_default.py:8: in <module>
    import ttnn
E   ModuleNotFoundError: No module named 'ttnn'
_ ERROR collecting tests/autogen_op/vgg11/test_vgg11_aten_max_pool2d_with_indices_default.py _
ImportError while importing test module '/Users/Ajay17/pytorch2.0_ttnn/tests/autogen_op/vgg11/test_vgg11_aten_max_pool2d_with_indices_default.py'.
Hint: make sure your test modules/packages have valid Python names.
Traceback:
../.pyenv/versions/3.11.10/lib/python3.11/importlib/__init__.py:126: in import_module
    return _bootstrap._gcd_import(name[level:], package, level)
           ^^^^^^^^^^^^^^^^^^^^^^^^^^^^^^^^^^^^^^^^^^^^^^^^^^^^
tests/autogen_op/vgg11/test_vgg11_aten_max_pool2d_with_indices_default.py:8: in <module>
    import ttnn
E   ModuleNotFoundError: No module named 'ttnn'
___ ERROR collecting tests/autogen_op/vgg11/test_vgg11_aten_relu_default.py ____
ImportError while importing test module '/Users/Ajay17/pytorch2.0_ttnn/tests/autogen_op/vgg11/test_vgg11_aten_relu_default.py'.
Hint: make sure your test modules/packages have valid Python names.
Traceback:
../.pyenv/versions/3.11.10/lib/python3.11/importlib/__init__.py:126: in import_module
    return _bootstrap._gcd_import(name[level:], package, level)
           ^^^^^^^^^^^^^^^^^^^^^^^^^^^^^^^^^^^^^^^^^^^^^^^^^^^^
tests/autogen_op/vgg11/test_vgg11_aten_relu_default.py:8: in <module>
    import ttnn
E   ModuleNotFoundError: No module named 'ttnn'
_____ ERROR collecting tests/autogen_op/vgg11/test_vgg11_aten_t_default.py _____
ImportError while importing test module '/Users/Ajay17/pytorch2.0_ttnn/tests/autogen_op/vgg11/test_vgg11_aten_t_default.py'.
Hint: make sure your test modules/packages have valid Python names.
Traceback:
../.pyenv/versions/3.11.10/lib/python3.11/importlib/__init__.py:126: in import_module
    return _bootstrap._gcd_import(name[level:], package, level)
           ^^^^^^^^^^^^^^^^^^^^^^^^^^^^^^^^^^^^^^^^^^^^^^^^^^^^
tests/autogen_op/vgg11/test_vgg11_aten_t_default.py:8: in <module>
    import ttnn
E   ModuleNotFoundError: No module named 'ttnn'
___ ERROR collecting tests/autogen_op/vgg11/test_vgg11_aten_view_default.py ____
ImportError while importing test module '/Users/Ajay17/pytorch2.0_ttnn/tests/autogen_op/vgg11/test_vgg11_aten_view_default.py'.
Hint: make sure your test modules/packages have valid Python names.
Traceback:
../.pyenv/versions/3.11.10/lib/python3.11/importlib/__init__.py:126: in import_module
    return _bootstrap._gcd_import(name[level:], package, level)
           ^^^^^^^^^^^^^^^^^^^^^^^^^^^^^^^^^^^^^^^^^^^^^^^^^^^^
tests/autogen_op/vgg11/test_vgg11_aten_view_default.py:8: in <module>
    import ttnn
E   ModuleNotFoundError: No module named 'ttnn'
_ ERROR collecting tests/autogen_op/vgg11_bn/test_vgg11_bn_aten__adaptive_avg_pool2d_default.py _
ImportError while importing test module '/Users/Ajay17/pytorch2.0_ttnn/tests/autogen_op/vgg11_bn/test_vgg11_bn_aten__adaptive_avg_pool2d_default.py'.
Hint: make sure your test modules/packages have valid Python names.
Traceback:
../.pyenv/versions/3.11.10/lib/python3.11/importlib/__init__.py:126: in import_module
    return _bootstrap._gcd_import(name[level:], package, level)
           ^^^^^^^^^^^^^^^^^^^^^^^^^^^^^^^^^^^^^^^^^^^^^^^^^^^^
tests/autogen_op/vgg11_bn/test_vgg11_bn_aten__adaptive_avg_pool2d_default.py:8: in <module>
    import ttnn
E   ModuleNotFoundError: No module named 'ttnn'
_ ERROR collecting tests/autogen_op/vgg11_bn/test_vgg11_bn_aten__native_batch_norm_legit_no_training_default.py _
ImportError while importing test module '/Users/Ajay17/pytorch2.0_ttnn/tests/autogen_op/vgg11_bn/test_vgg11_bn_aten__native_batch_norm_legit_no_training_default.py'.
Hint: make sure your test modules/packages have valid Python names.
Traceback:
../.pyenv/versions/3.11.10/lib/python3.11/importlib/__init__.py:126: in import_module
    return _bootstrap._gcd_import(name[level:], package, level)
           ^^^^^^^^^^^^^^^^^^^^^^^^^^^^^^^^^^^^^^^^^^^^^^^^^^^^
tests/autogen_op/vgg11_bn/test_vgg11_bn_aten__native_batch_norm_legit_no_training_default.py:8: in <module>
    import ttnn
E   ModuleNotFoundError: No module named 'ttnn'
_ ERROR collecting tests/autogen_op/vgg11_bn/test_vgg11_bn_aten_addmm_default.py _
ImportError while importing test module '/Users/Ajay17/pytorch2.0_ttnn/tests/autogen_op/vgg11_bn/test_vgg11_bn_aten_addmm_default.py'.
Hint: make sure your test modules/packages have valid Python names.
Traceback:
../.pyenv/versions/3.11.10/lib/python3.11/importlib/__init__.py:126: in import_module
    return _bootstrap._gcd_import(name[level:], package, level)
           ^^^^^^^^^^^^^^^^^^^^^^^^^^^^^^^^^^^^^^^^^^^^^^^^^^^^
tests/autogen_op/vgg11_bn/test_vgg11_bn_aten_addmm_default.py:8: in <module>
    import ttnn
E   ModuleNotFoundError: No module named 'ttnn'
_ ERROR collecting tests/autogen_op/vgg11_bn/test_vgg11_bn_aten_clone_default.py _
ImportError while importing test module '/Users/Ajay17/pytorch2.0_ttnn/tests/autogen_op/vgg11_bn/test_vgg11_bn_aten_clone_default.py'.
Hint: make sure your test modules/packages have valid Python names.
Traceback:
../.pyenv/versions/3.11.10/lib/python3.11/importlib/__init__.py:126: in import_module
    return _bootstrap._gcd_import(name[level:], package, level)
           ^^^^^^^^^^^^^^^^^^^^^^^^^^^^^^^^^^^^^^^^^^^^^^^^^^^^
tests/autogen_op/vgg11_bn/test_vgg11_bn_aten_clone_default.py:8: in <module>
    import ttnn
E   ModuleNotFoundError: No module named 'ttnn'
_ ERROR collecting tests/autogen_op/vgg11_bn/test_vgg11_bn_aten_convolution_default.py _
ImportError while importing test module '/Users/Ajay17/pytorch2.0_ttnn/tests/autogen_op/vgg11_bn/test_vgg11_bn_aten_convolution_default.py'.
Hint: make sure your test modules/packages have valid Python names.
Traceback:
../.pyenv/versions/3.11.10/lib/python3.11/importlib/__init__.py:126: in import_module
    return _bootstrap._gcd_import(name[level:], package, level)
           ^^^^^^^^^^^^^^^^^^^^^^^^^^^^^^^^^^^^^^^^^^^^^^^^^^^^
tests/autogen_op/vgg11_bn/test_vgg11_bn_aten_convolution_default.py:8: in <module>
    import ttnn
E   ModuleNotFoundError: No module named 'ttnn'
_ ERROR collecting tests/autogen_op/vgg11_bn/test_vgg11_bn_aten_max_pool2d_with_indices_default.py _
ImportError while importing test module '/Users/Ajay17/pytorch2.0_ttnn/tests/autogen_op/vgg11_bn/test_vgg11_bn_aten_max_pool2d_with_indices_default.py'.
Hint: make sure your test modules/packages have valid Python names.
Traceback:
../.pyenv/versions/3.11.10/lib/python3.11/importlib/__init__.py:126: in import_module
    return _bootstrap._gcd_import(name[level:], package, level)
           ^^^^^^^^^^^^^^^^^^^^^^^^^^^^^^^^^^^^^^^^^^^^^^^^^^^^
tests/autogen_op/vgg11_bn/test_vgg11_bn_aten_max_pool2d_with_indices_default.py:8: in <module>
    import ttnn
E   ModuleNotFoundError: No module named 'ttnn'
_ ERROR collecting tests/autogen_op/vgg11_bn/test_vgg11_bn_aten_relu_default.py _
ImportError while importing test module '/Users/Ajay17/pytorch2.0_ttnn/tests/autogen_op/vgg11_bn/test_vgg11_bn_aten_relu_default.py'.
Hint: make sure your test modules/packages have valid Python names.
Traceback:
../.pyenv/versions/3.11.10/lib/python3.11/importlib/__init__.py:126: in import_module
    return _bootstrap._gcd_import(name[level:], package, level)
           ^^^^^^^^^^^^^^^^^^^^^^^^^^^^^^^^^^^^^^^^^^^^^^^^^^^^
tests/autogen_op/vgg11_bn/test_vgg11_bn_aten_relu_default.py:8: in <module>
    import ttnn
E   ModuleNotFoundError: No module named 'ttnn'
__ ERROR collecting tests/autogen_op/vgg11_bn/test_vgg11_bn_aten_t_default.py __
ImportError while importing test module '/Users/Ajay17/pytorch2.0_ttnn/tests/autogen_op/vgg11_bn/test_vgg11_bn_aten_t_default.py'.
Hint: make sure your test modules/packages have valid Python names.
Traceback:
../.pyenv/versions/3.11.10/lib/python3.11/importlib/__init__.py:126: in import_module
    return _bootstrap._gcd_import(name[level:], package, level)
           ^^^^^^^^^^^^^^^^^^^^^^^^^^^^^^^^^^^^^^^^^^^^^^^^^^^^
tests/autogen_op/vgg11_bn/test_vgg11_bn_aten_t_default.py:8: in <module>
    import ttnn
E   ModuleNotFoundError: No module named 'ttnn'
_ ERROR collecting tests/autogen_op/vgg11_bn/test_vgg11_bn_aten_view_default.py _
ImportError while importing test module '/Users/Ajay17/pytorch2.0_ttnn/tests/autogen_op/vgg11_bn/test_vgg11_bn_aten_view_default.py'.
Hint: make sure your test modules/packages have valid Python names.
Traceback:
../.pyenv/versions/3.11.10/lib/python3.11/importlib/__init__.py:126: in import_module
    return _bootstrap._gcd_import(name[level:], package, level)
           ^^^^^^^^^^^^^^^^^^^^^^^^^^^^^^^^^^^^^^^^^^^^^^^^^^^^
tests/autogen_op/vgg11_bn/test_vgg11_bn_aten_view_default.py:8: in <module>
    import ttnn
E   ModuleNotFoundError: No module named 'ttnn'
_ ERROR collecting tests/autogen_op/vgg13/test_vgg13_aten__adaptive_avg_pool2d_default.py _
ImportError while importing test module '/Users/Ajay17/pytorch2.0_ttnn/tests/autogen_op/vgg13/test_vgg13_aten__adaptive_avg_pool2d_default.py'.
Hint: make sure your test modules/packages have valid Python names.
Traceback:
../.pyenv/versions/3.11.10/lib/python3.11/importlib/__init__.py:126: in import_module
    return _bootstrap._gcd_import(name[level:], package, level)
           ^^^^^^^^^^^^^^^^^^^^^^^^^^^^^^^^^^^^^^^^^^^^^^^^^^^^
tests/autogen_op/vgg13/test_vgg13_aten__adaptive_avg_pool2d_default.py:8: in <module>
    import ttnn
E   ModuleNotFoundError: No module named 'ttnn'
___ ERROR collecting tests/autogen_op/vgg13/test_vgg13_aten_addmm_default.py ___
ImportError while importing test module '/Users/Ajay17/pytorch2.0_ttnn/tests/autogen_op/vgg13/test_vgg13_aten_addmm_default.py'.
Hint: make sure your test modules/packages have valid Python names.
Traceback:
../.pyenv/versions/3.11.10/lib/python3.11/importlib/__init__.py:126: in import_module
    return _bootstrap._gcd_import(name[level:], package, level)
           ^^^^^^^^^^^^^^^^^^^^^^^^^^^^^^^^^^^^^^^^^^^^^^^^^^^^
tests/autogen_op/vgg13/test_vgg13_aten_addmm_default.py:8: in <module>
    import ttnn
E   ModuleNotFoundError: No module named 'ttnn'
___ ERROR collecting tests/autogen_op/vgg13/test_vgg13_aten_clone_default.py ___
ImportError while importing test module '/Users/Ajay17/pytorch2.0_ttnn/tests/autogen_op/vgg13/test_vgg13_aten_clone_default.py'.
Hint: make sure your test modules/packages have valid Python names.
Traceback:
../.pyenv/versions/3.11.10/lib/python3.11/importlib/__init__.py:126: in import_module
    return _bootstrap._gcd_import(name[level:], package, level)
           ^^^^^^^^^^^^^^^^^^^^^^^^^^^^^^^^^^^^^^^^^^^^^^^^^^^^
tests/autogen_op/vgg13/test_vgg13_aten_clone_default.py:8: in <module>
    import ttnn
E   ModuleNotFoundError: No module named 'ttnn'
_ ERROR collecting tests/autogen_op/vgg13/test_vgg13_aten_convolution_default.py _
ImportError while importing test module '/Users/Ajay17/pytorch2.0_ttnn/tests/autogen_op/vgg13/test_vgg13_aten_convolution_default.py'.
Hint: make sure your test modules/packages have valid Python names.
Traceback:
../.pyenv/versions/3.11.10/lib/python3.11/importlib/__init__.py:126: in import_module
    return _bootstrap._gcd_import(name[level:], package, level)
           ^^^^^^^^^^^^^^^^^^^^^^^^^^^^^^^^^^^^^^^^^^^^^^^^^^^^
tests/autogen_op/vgg13/test_vgg13_aten_convolution_default.py:8: in <module>
    import ttnn
E   ModuleNotFoundError: No module named 'ttnn'
_ ERROR collecting tests/autogen_op/vgg13/test_vgg13_aten_max_pool2d_with_indices_default.py _
ImportError while importing test module '/Users/Ajay17/pytorch2.0_ttnn/tests/autogen_op/vgg13/test_vgg13_aten_max_pool2d_with_indices_default.py'.
Hint: make sure your test modules/packages have valid Python names.
Traceback:
../.pyenv/versions/3.11.10/lib/python3.11/importlib/__init__.py:126: in import_module
    return _bootstrap._gcd_import(name[level:], package, level)
           ^^^^^^^^^^^^^^^^^^^^^^^^^^^^^^^^^^^^^^^^^^^^^^^^^^^^
tests/autogen_op/vgg13/test_vgg13_aten_max_pool2d_with_indices_default.py:8: in <module>
    import ttnn
E   ModuleNotFoundError: No module named 'ttnn'
___ ERROR collecting tests/autogen_op/vgg13/test_vgg13_aten_relu_default.py ____
ImportError while importing test module '/Users/Ajay17/pytorch2.0_ttnn/tests/autogen_op/vgg13/test_vgg13_aten_relu_default.py'.
Hint: make sure your test modules/packages have valid Python names.
Traceback:
../.pyenv/versions/3.11.10/lib/python3.11/importlib/__init__.py:126: in import_module
    return _bootstrap._gcd_import(name[level:], package, level)
           ^^^^^^^^^^^^^^^^^^^^^^^^^^^^^^^^^^^^^^^^^^^^^^^^^^^^
tests/autogen_op/vgg13/test_vgg13_aten_relu_default.py:8: in <module>
    import ttnn
E   ModuleNotFoundError: No module named 'ttnn'
_____ ERROR collecting tests/autogen_op/vgg13/test_vgg13_aten_t_default.py _____
ImportError while importing test module '/Users/Ajay17/pytorch2.0_ttnn/tests/autogen_op/vgg13/test_vgg13_aten_t_default.py'.
Hint: make sure your test modules/packages have valid Python names.
Traceback:
../.pyenv/versions/3.11.10/lib/python3.11/importlib/__init__.py:126: in import_module
    return _bootstrap._gcd_import(name[level:], package, level)
           ^^^^^^^^^^^^^^^^^^^^^^^^^^^^^^^^^^^^^^^^^^^^^^^^^^^^
tests/autogen_op/vgg13/test_vgg13_aten_t_default.py:8: in <module>
    import ttnn
E   ModuleNotFoundError: No module named 'ttnn'
___ ERROR collecting tests/autogen_op/vgg13/test_vgg13_aten_view_default.py ____
ImportError while importing test module '/Users/Ajay17/pytorch2.0_ttnn/tests/autogen_op/vgg13/test_vgg13_aten_view_default.py'.
Hint: make sure your test modules/packages have valid Python names.
Traceback:
../.pyenv/versions/3.11.10/lib/python3.11/importlib/__init__.py:126: in import_module
    return _bootstrap._gcd_import(name[level:], package, level)
           ^^^^^^^^^^^^^^^^^^^^^^^^^^^^^^^^^^^^^^^^^^^^^^^^^^^^
tests/autogen_op/vgg13/test_vgg13_aten_view_default.py:8: in <module>
    import ttnn
E   ModuleNotFoundError: No module named 'ttnn'
_ ERROR collecting tests/autogen_op/vgg13_bn/test_vgg13_bn_aten__adaptive_avg_pool2d_default.py _
ImportError while importing test module '/Users/Ajay17/pytorch2.0_ttnn/tests/autogen_op/vgg13_bn/test_vgg13_bn_aten__adaptive_avg_pool2d_default.py'.
Hint: make sure your test modules/packages have valid Python names.
Traceback:
../.pyenv/versions/3.11.10/lib/python3.11/importlib/__init__.py:126: in import_module
    return _bootstrap._gcd_import(name[level:], package, level)
           ^^^^^^^^^^^^^^^^^^^^^^^^^^^^^^^^^^^^^^^^^^^^^^^^^^^^
tests/autogen_op/vgg13_bn/test_vgg13_bn_aten__adaptive_avg_pool2d_default.py:8: in <module>
    import ttnn
E   ModuleNotFoundError: No module named 'ttnn'
_ ERROR collecting tests/autogen_op/vgg13_bn/test_vgg13_bn_aten__native_batch_norm_legit_no_training_default.py _
ImportError while importing test module '/Users/Ajay17/pytorch2.0_ttnn/tests/autogen_op/vgg13_bn/test_vgg13_bn_aten__native_batch_norm_legit_no_training_default.py'.
Hint: make sure your test modules/packages have valid Python names.
Traceback:
../.pyenv/versions/3.11.10/lib/python3.11/importlib/__init__.py:126: in import_module
    return _bootstrap._gcd_import(name[level:], package, level)
           ^^^^^^^^^^^^^^^^^^^^^^^^^^^^^^^^^^^^^^^^^^^^^^^^^^^^
tests/autogen_op/vgg13_bn/test_vgg13_bn_aten__native_batch_norm_legit_no_training_default.py:8: in <module>
    import ttnn
E   ModuleNotFoundError: No module named 'ttnn'
_ ERROR collecting tests/autogen_op/vgg13_bn/test_vgg13_bn_aten_addmm_default.py _
ImportError while importing test module '/Users/Ajay17/pytorch2.0_ttnn/tests/autogen_op/vgg13_bn/test_vgg13_bn_aten_addmm_default.py'.
Hint: make sure your test modules/packages have valid Python names.
Traceback:
../.pyenv/versions/3.11.10/lib/python3.11/importlib/__init__.py:126: in import_module
    return _bootstrap._gcd_import(name[level:], package, level)
           ^^^^^^^^^^^^^^^^^^^^^^^^^^^^^^^^^^^^^^^^^^^^^^^^^^^^
tests/autogen_op/vgg13_bn/test_vgg13_bn_aten_addmm_default.py:8: in <module>
    import ttnn
E   ModuleNotFoundError: No module named 'ttnn'
_ ERROR collecting tests/autogen_op/vgg13_bn/test_vgg13_bn_aten_clone_default.py _
ImportError while importing test module '/Users/Ajay17/pytorch2.0_ttnn/tests/autogen_op/vgg13_bn/test_vgg13_bn_aten_clone_default.py'.
Hint: make sure your test modules/packages have valid Python names.
Traceback:
../.pyenv/versions/3.11.10/lib/python3.11/importlib/__init__.py:126: in import_module
    return _bootstrap._gcd_import(name[level:], package, level)
           ^^^^^^^^^^^^^^^^^^^^^^^^^^^^^^^^^^^^^^^^^^^^^^^^^^^^
tests/autogen_op/vgg13_bn/test_vgg13_bn_aten_clone_default.py:8: in <module>
    import ttnn
E   ModuleNotFoundError: No module named 'ttnn'
_ ERROR collecting tests/autogen_op/vgg13_bn/test_vgg13_bn_aten_convolution_default.py _
ImportError while importing test module '/Users/Ajay17/pytorch2.0_ttnn/tests/autogen_op/vgg13_bn/test_vgg13_bn_aten_convolution_default.py'.
Hint: make sure your test modules/packages have valid Python names.
Traceback:
../.pyenv/versions/3.11.10/lib/python3.11/importlib/__init__.py:126: in import_module
    return _bootstrap._gcd_import(name[level:], package, level)
           ^^^^^^^^^^^^^^^^^^^^^^^^^^^^^^^^^^^^^^^^^^^^^^^^^^^^
tests/autogen_op/vgg13_bn/test_vgg13_bn_aten_convolution_default.py:8: in <module>
    import ttnn
E   ModuleNotFoundError: No module named 'ttnn'
_ ERROR collecting tests/autogen_op/vgg13_bn/test_vgg13_bn_aten_max_pool2d_with_indices_default.py _
ImportError while importing test module '/Users/Ajay17/pytorch2.0_ttnn/tests/autogen_op/vgg13_bn/test_vgg13_bn_aten_max_pool2d_with_indices_default.py'.
Hint: make sure your test modules/packages have valid Python names.
Traceback:
../.pyenv/versions/3.11.10/lib/python3.11/importlib/__init__.py:126: in import_module
    return _bootstrap._gcd_import(name[level:], package, level)
           ^^^^^^^^^^^^^^^^^^^^^^^^^^^^^^^^^^^^^^^^^^^^^^^^^^^^
tests/autogen_op/vgg13_bn/test_vgg13_bn_aten_max_pool2d_with_indices_default.py:8: in <module>
    import ttnn
E   ModuleNotFoundError: No module named 'ttnn'
_ ERROR collecting tests/autogen_op/vgg13_bn/test_vgg13_bn_aten_relu_default.py _
ImportError while importing test module '/Users/Ajay17/pytorch2.0_ttnn/tests/autogen_op/vgg13_bn/test_vgg13_bn_aten_relu_default.py'.
Hint: make sure your test modules/packages have valid Python names.
Traceback:
../.pyenv/versions/3.11.10/lib/python3.11/importlib/__init__.py:126: in import_module
    return _bootstrap._gcd_import(name[level:], package, level)
           ^^^^^^^^^^^^^^^^^^^^^^^^^^^^^^^^^^^^^^^^^^^^^^^^^^^^
tests/autogen_op/vgg13_bn/test_vgg13_bn_aten_relu_default.py:8: in <module>
    import ttnn
E   ModuleNotFoundError: No module named 'ttnn'
__ ERROR collecting tests/autogen_op/vgg13_bn/test_vgg13_bn_aten_t_default.py __
ImportError while importing test module '/Users/Ajay17/pytorch2.0_ttnn/tests/autogen_op/vgg13_bn/test_vgg13_bn_aten_t_default.py'.
Hint: make sure your test modules/packages have valid Python names.
Traceback:
../.pyenv/versions/3.11.10/lib/python3.11/importlib/__init__.py:126: in import_module
    return _bootstrap._gcd_import(name[level:], package, level)
           ^^^^^^^^^^^^^^^^^^^^^^^^^^^^^^^^^^^^^^^^^^^^^^^^^^^^
tests/autogen_op/vgg13_bn/test_vgg13_bn_aten_t_default.py:8: in <module>
    import ttnn
E   ModuleNotFoundError: No module named 'ttnn'
_ ERROR collecting tests/autogen_op/vgg13_bn/test_vgg13_bn_aten_view_default.py _
ImportError while importing test module '/Users/Ajay17/pytorch2.0_ttnn/tests/autogen_op/vgg13_bn/test_vgg13_bn_aten_view_default.py'.
Hint: make sure your test modules/packages have valid Python names.
Traceback:
../.pyenv/versions/3.11.10/lib/python3.11/importlib/__init__.py:126: in import_module
    return _bootstrap._gcd_import(name[level:], package, level)
           ^^^^^^^^^^^^^^^^^^^^^^^^^^^^^^^^^^^^^^^^^^^^^^^^^^^^
tests/autogen_op/vgg13_bn/test_vgg13_bn_aten_view_default.py:8: in <module>
    import ttnn
E   ModuleNotFoundError: No module named 'ttnn'
_ ERROR collecting tests/autogen_op/vgg16/test_vgg16_aten__adaptive_avg_pool2d_default.py _
ImportError while importing test module '/Users/Ajay17/pytorch2.0_ttnn/tests/autogen_op/vgg16/test_vgg16_aten__adaptive_avg_pool2d_default.py'.
Hint: make sure your test modules/packages have valid Python names.
Traceback:
../.pyenv/versions/3.11.10/lib/python3.11/importlib/__init__.py:126: in import_module
    return _bootstrap._gcd_import(name[level:], package, level)
           ^^^^^^^^^^^^^^^^^^^^^^^^^^^^^^^^^^^^^^^^^^^^^^^^^^^^
tests/autogen_op/vgg16/test_vgg16_aten__adaptive_avg_pool2d_default.py:8: in <module>
    import ttnn
E   ModuleNotFoundError: No module named 'ttnn'
___ ERROR collecting tests/autogen_op/vgg16/test_vgg16_aten_addmm_default.py ___
ImportError while importing test module '/Users/Ajay17/pytorch2.0_ttnn/tests/autogen_op/vgg16/test_vgg16_aten_addmm_default.py'.
Hint: make sure your test modules/packages have valid Python names.
Traceback:
../.pyenv/versions/3.11.10/lib/python3.11/importlib/__init__.py:126: in import_module
    return _bootstrap._gcd_import(name[level:], package, level)
           ^^^^^^^^^^^^^^^^^^^^^^^^^^^^^^^^^^^^^^^^^^^^^^^^^^^^
tests/autogen_op/vgg16/test_vgg16_aten_addmm_default.py:8: in <module>
    import ttnn
E   ModuleNotFoundError: No module named 'ttnn'
___ ERROR collecting tests/autogen_op/vgg16/test_vgg16_aten_clone_default.py ___
ImportError while importing test module '/Users/Ajay17/pytorch2.0_ttnn/tests/autogen_op/vgg16/test_vgg16_aten_clone_default.py'.
Hint: make sure your test modules/packages have valid Python names.
Traceback:
../.pyenv/versions/3.11.10/lib/python3.11/importlib/__init__.py:126: in import_module
    return _bootstrap._gcd_import(name[level:], package, level)
           ^^^^^^^^^^^^^^^^^^^^^^^^^^^^^^^^^^^^^^^^^^^^^^^^^^^^
tests/autogen_op/vgg16/test_vgg16_aten_clone_default.py:8: in <module>
    import ttnn
E   ModuleNotFoundError: No module named 'ttnn'
_ ERROR collecting tests/autogen_op/vgg16/test_vgg16_aten_convolution_default.py _
ImportError while importing test module '/Users/Ajay17/pytorch2.0_ttnn/tests/autogen_op/vgg16/test_vgg16_aten_convolution_default.py'.
Hint: make sure your test modules/packages have valid Python names.
Traceback:
../.pyenv/versions/3.11.10/lib/python3.11/importlib/__init__.py:126: in import_module
    return _bootstrap._gcd_import(name[level:], package, level)
           ^^^^^^^^^^^^^^^^^^^^^^^^^^^^^^^^^^^^^^^^^^^^^^^^^^^^
tests/autogen_op/vgg16/test_vgg16_aten_convolution_default.py:8: in <module>
    import ttnn
E   ModuleNotFoundError: No module named 'ttnn'
_ ERROR collecting tests/autogen_op/vgg16/test_vgg16_aten_max_pool2d_with_indices_default.py _
ImportError while importing test module '/Users/Ajay17/pytorch2.0_ttnn/tests/autogen_op/vgg16/test_vgg16_aten_max_pool2d_with_indices_default.py'.
Hint: make sure your test modules/packages have valid Python names.
Traceback:
../.pyenv/versions/3.11.10/lib/python3.11/importlib/__init__.py:126: in import_module
    return _bootstrap._gcd_import(name[level:], package, level)
           ^^^^^^^^^^^^^^^^^^^^^^^^^^^^^^^^^^^^^^^^^^^^^^^^^^^^
tests/autogen_op/vgg16/test_vgg16_aten_max_pool2d_with_indices_default.py:8: in <module>
    import ttnn
E   ModuleNotFoundError: No module named 'ttnn'
___ ERROR collecting tests/autogen_op/vgg16/test_vgg16_aten_relu_default.py ____
ImportError while importing test module '/Users/Ajay17/pytorch2.0_ttnn/tests/autogen_op/vgg16/test_vgg16_aten_relu_default.py'.
Hint: make sure your test modules/packages have valid Python names.
Traceback:
../.pyenv/versions/3.11.10/lib/python3.11/importlib/__init__.py:126: in import_module
    return _bootstrap._gcd_import(name[level:], package, level)
           ^^^^^^^^^^^^^^^^^^^^^^^^^^^^^^^^^^^^^^^^^^^^^^^^^^^^
tests/autogen_op/vgg16/test_vgg16_aten_relu_default.py:8: in <module>
    import ttnn
E   ModuleNotFoundError: No module named 'ttnn'
_____ ERROR collecting tests/autogen_op/vgg16/test_vgg16_aten_t_default.py _____
ImportError while importing test module '/Users/Ajay17/pytorch2.0_ttnn/tests/autogen_op/vgg16/test_vgg16_aten_t_default.py'.
Hint: make sure your test modules/packages have valid Python names.
Traceback:
../.pyenv/versions/3.11.10/lib/python3.11/importlib/__init__.py:126: in import_module
    return _bootstrap._gcd_import(name[level:], package, level)
           ^^^^^^^^^^^^^^^^^^^^^^^^^^^^^^^^^^^^^^^^^^^^^^^^^^^^
tests/autogen_op/vgg16/test_vgg16_aten_t_default.py:8: in <module>
    import ttnn
E   ModuleNotFoundError: No module named 'ttnn'
___ ERROR collecting tests/autogen_op/vgg16/test_vgg16_aten_view_default.py ____
ImportError while importing test module '/Users/Ajay17/pytorch2.0_ttnn/tests/autogen_op/vgg16/test_vgg16_aten_view_default.py'.
Hint: make sure your test modules/packages have valid Python names.
Traceback:
../.pyenv/versions/3.11.10/lib/python3.11/importlib/__init__.py:126: in import_module
    return _bootstrap._gcd_import(name[level:], package, level)
           ^^^^^^^^^^^^^^^^^^^^^^^^^^^^^^^^^^^^^^^^^^^^^^^^^^^^
tests/autogen_op/vgg16/test_vgg16_aten_view_default.py:8: in <module>
    import ttnn
E   ModuleNotFoundError: No module named 'ttnn'
_ ERROR collecting tests/autogen_op/vgg16_bn/test_vgg16_bn_aten__adaptive_avg_pool2d_default.py _
ImportError while importing test module '/Users/Ajay17/pytorch2.0_ttnn/tests/autogen_op/vgg16_bn/test_vgg16_bn_aten__adaptive_avg_pool2d_default.py'.
Hint: make sure your test modules/packages have valid Python names.
Traceback:
../.pyenv/versions/3.11.10/lib/python3.11/importlib/__init__.py:126: in import_module
    return _bootstrap._gcd_import(name[level:], package, level)
           ^^^^^^^^^^^^^^^^^^^^^^^^^^^^^^^^^^^^^^^^^^^^^^^^^^^^
tests/autogen_op/vgg16_bn/test_vgg16_bn_aten__adaptive_avg_pool2d_default.py:8: in <module>
    import ttnn
E   ModuleNotFoundError: No module named 'ttnn'
_ ERROR collecting tests/autogen_op/vgg16_bn/test_vgg16_bn_aten__native_batch_norm_legit_no_training_default.py _
ImportError while importing test module '/Users/Ajay17/pytorch2.0_ttnn/tests/autogen_op/vgg16_bn/test_vgg16_bn_aten__native_batch_norm_legit_no_training_default.py'.
Hint: make sure your test modules/packages have valid Python names.
Traceback:
../.pyenv/versions/3.11.10/lib/python3.11/importlib/__init__.py:126: in import_module
    return _bootstrap._gcd_import(name[level:], package, level)
           ^^^^^^^^^^^^^^^^^^^^^^^^^^^^^^^^^^^^^^^^^^^^^^^^^^^^
tests/autogen_op/vgg16_bn/test_vgg16_bn_aten__native_batch_norm_legit_no_training_default.py:8: in <module>
    import ttnn
E   ModuleNotFoundError: No module named 'ttnn'
_ ERROR collecting tests/autogen_op/vgg16_bn/test_vgg16_bn_aten_addmm_default.py _
ImportError while importing test module '/Users/Ajay17/pytorch2.0_ttnn/tests/autogen_op/vgg16_bn/test_vgg16_bn_aten_addmm_default.py'.
Hint: make sure your test modules/packages have valid Python names.
Traceback:
../.pyenv/versions/3.11.10/lib/python3.11/importlib/__init__.py:126: in import_module
    return _bootstrap._gcd_import(name[level:], package, level)
           ^^^^^^^^^^^^^^^^^^^^^^^^^^^^^^^^^^^^^^^^^^^^^^^^^^^^
tests/autogen_op/vgg16_bn/test_vgg16_bn_aten_addmm_default.py:8: in <module>
    import ttnn
E   ModuleNotFoundError: No module named 'ttnn'
_ ERROR collecting tests/autogen_op/vgg16_bn/test_vgg16_bn_aten_clone_default.py _
ImportError while importing test module '/Users/Ajay17/pytorch2.0_ttnn/tests/autogen_op/vgg16_bn/test_vgg16_bn_aten_clone_default.py'.
Hint: make sure your test modules/packages have valid Python names.
Traceback:
../.pyenv/versions/3.11.10/lib/python3.11/importlib/__init__.py:126: in import_module
    return _bootstrap._gcd_import(name[level:], package, level)
           ^^^^^^^^^^^^^^^^^^^^^^^^^^^^^^^^^^^^^^^^^^^^^^^^^^^^
tests/autogen_op/vgg16_bn/test_vgg16_bn_aten_clone_default.py:8: in <module>
    import ttnn
E   ModuleNotFoundError: No module named 'ttnn'
_ ERROR collecting tests/autogen_op/vgg16_bn/test_vgg16_bn_aten_convolution_default.py _
ImportError while importing test module '/Users/Ajay17/pytorch2.0_ttnn/tests/autogen_op/vgg16_bn/test_vgg16_bn_aten_convolution_default.py'.
Hint: make sure your test modules/packages have valid Python names.
Traceback:
../.pyenv/versions/3.11.10/lib/python3.11/importlib/__init__.py:126: in import_module
    return _bootstrap._gcd_import(name[level:], package, level)
           ^^^^^^^^^^^^^^^^^^^^^^^^^^^^^^^^^^^^^^^^^^^^^^^^^^^^
tests/autogen_op/vgg16_bn/test_vgg16_bn_aten_convolution_default.py:8: in <module>
    import ttnn
E   ModuleNotFoundError: No module named 'ttnn'
_ ERROR collecting tests/autogen_op/vgg16_bn/test_vgg16_bn_aten_max_pool2d_with_indices_default.py _
ImportError while importing test module '/Users/Ajay17/pytorch2.0_ttnn/tests/autogen_op/vgg16_bn/test_vgg16_bn_aten_max_pool2d_with_indices_default.py'.
Hint: make sure your test modules/packages have valid Python names.
Traceback:
../.pyenv/versions/3.11.10/lib/python3.11/importlib/__init__.py:126: in import_module
    return _bootstrap._gcd_import(name[level:], package, level)
           ^^^^^^^^^^^^^^^^^^^^^^^^^^^^^^^^^^^^^^^^^^^^^^^^^^^^
tests/autogen_op/vgg16_bn/test_vgg16_bn_aten_max_pool2d_with_indices_default.py:8: in <module>
    import ttnn
E   ModuleNotFoundError: No module named 'ttnn'
_ ERROR collecting tests/autogen_op/vgg16_bn/test_vgg16_bn_aten_relu_default.py _
ImportError while importing test module '/Users/Ajay17/pytorch2.0_ttnn/tests/autogen_op/vgg16_bn/test_vgg16_bn_aten_relu_default.py'.
Hint: make sure your test modules/packages have valid Python names.
Traceback:
../.pyenv/versions/3.11.10/lib/python3.11/importlib/__init__.py:126: in import_module
    return _bootstrap._gcd_import(name[level:], package, level)
           ^^^^^^^^^^^^^^^^^^^^^^^^^^^^^^^^^^^^^^^^^^^^^^^^^^^^
tests/autogen_op/vgg16_bn/test_vgg16_bn_aten_relu_default.py:8: in <module>
    import ttnn
E   ModuleNotFoundError: No module named 'ttnn'
__ ERROR collecting tests/autogen_op/vgg16_bn/test_vgg16_bn_aten_t_default.py __
ImportError while importing test module '/Users/Ajay17/pytorch2.0_ttnn/tests/autogen_op/vgg16_bn/test_vgg16_bn_aten_t_default.py'.
Hint: make sure your test modules/packages have valid Python names.
Traceback:
../.pyenv/versions/3.11.10/lib/python3.11/importlib/__init__.py:126: in import_module
    return _bootstrap._gcd_import(name[level:], package, level)
           ^^^^^^^^^^^^^^^^^^^^^^^^^^^^^^^^^^^^^^^^^^^^^^^^^^^^
tests/autogen_op/vgg16_bn/test_vgg16_bn_aten_t_default.py:8: in <module>
    import ttnn
E   ModuleNotFoundError: No module named 'ttnn'
_ ERROR collecting tests/autogen_op/vgg16_bn/test_vgg16_bn_aten_view_default.py _
ImportError while importing test module '/Users/Ajay17/pytorch2.0_ttnn/tests/autogen_op/vgg16_bn/test_vgg16_bn_aten_view_default.py'.
Hint: make sure your test modules/packages have valid Python names.
Traceback:
../.pyenv/versions/3.11.10/lib/python3.11/importlib/__init__.py:126: in import_module
    return _bootstrap._gcd_import(name[level:], package, level)
           ^^^^^^^^^^^^^^^^^^^^^^^^^^^^^^^^^^^^^^^^^^^^^^^^^^^^
tests/autogen_op/vgg16_bn/test_vgg16_bn_aten_view_default.py:8: in <module>
    import ttnn
E   ModuleNotFoundError: No module named 'ttnn'
_ ERROR collecting tests/autogen_op/vgg19/test_vgg19_aten__adaptive_avg_pool2d_default.py _
ImportError while importing test module '/Users/Ajay17/pytorch2.0_ttnn/tests/autogen_op/vgg19/test_vgg19_aten__adaptive_avg_pool2d_default.py'.
Hint: make sure your test modules/packages have valid Python names.
Traceback:
../.pyenv/versions/3.11.10/lib/python3.11/importlib/__init__.py:126: in import_module
    return _bootstrap._gcd_import(name[level:], package, level)
           ^^^^^^^^^^^^^^^^^^^^^^^^^^^^^^^^^^^^^^^^^^^^^^^^^^^^
tests/autogen_op/vgg19/test_vgg19_aten__adaptive_avg_pool2d_default.py:8: in <module>
    import ttnn
E   ModuleNotFoundError: No module named 'ttnn'
___ ERROR collecting tests/autogen_op/vgg19/test_vgg19_aten_addmm_default.py ___
ImportError while importing test module '/Users/Ajay17/pytorch2.0_ttnn/tests/autogen_op/vgg19/test_vgg19_aten_addmm_default.py'.
Hint: make sure your test modules/packages have valid Python names.
Traceback:
../.pyenv/versions/3.11.10/lib/python3.11/importlib/__init__.py:126: in import_module
    return _bootstrap._gcd_import(name[level:], package, level)
           ^^^^^^^^^^^^^^^^^^^^^^^^^^^^^^^^^^^^^^^^^^^^^^^^^^^^
tests/autogen_op/vgg19/test_vgg19_aten_addmm_default.py:8: in <module>
    import ttnn
E   ModuleNotFoundError: No module named 'ttnn'
___ ERROR collecting tests/autogen_op/vgg19/test_vgg19_aten_clone_default.py ___
ImportError while importing test module '/Users/Ajay17/pytorch2.0_ttnn/tests/autogen_op/vgg19/test_vgg19_aten_clone_default.py'.
Hint: make sure your test modules/packages have valid Python names.
Traceback:
../.pyenv/versions/3.11.10/lib/python3.11/importlib/__init__.py:126: in import_module
    return _bootstrap._gcd_import(name[level:], package, level)
           ^^^^^^^^^^^^^^^^^^^^^^^^^^^^^^^^^^^^^^^^^^^^^^^^^^^^
tests/autogen_op/vgg19/test_vgg19_aten_clone_default.py:8: in <module>
    import ttnn
E   ModuleNotFoundError: No module named 'ttnn'
_ ERROR collecting tests/autogen_op/vgg19/test_vgg19_aten_convolution_default.py _
ImportError while importing test module '/Users/Ajay17/pytorch2.0_ttnn/tests/autogen_op/vgg19/test_vgg19_aten_convolution_default.py'.
Hint: make sure your test modules/packages have valid Python names.
Traceback:
../.pyenv/versions/3.11.10/lib/python3.11/importlib/__init__.py:126: in import_module
    return _bootstrap._gcd_import(name[level:], package, level)
           ^^^^^^^^^^^^^^^^^^^^^^^^^^^^^^^^^^^^^^^^^^^^^^^^^^^^
tests/autogen_op/vgg19/test_vgg19_aten_convolution_default.py:8: in <module>
    import ttnn
E   ModuleNotFoundError: No module named 'ttnn'
_ ERROR collecting tests/autogen_op/vgg19/test_vgg19_aten_max_pool2d_with_indices_default.py _
ImportError while importing test module '/Users/Ajay17/pytorch2.0_ttnn/tests/autogen_op/vgg19/test_vgg19_aten_max_pool2d_with_indices_default.py'.
Hint: make sure your test modules/packages have valid Python names.
Traceback:
../.pyenv/versions/3.11.10/lib/python3.11/importlib/__init__.py:126: in import_module
    return _bootstrap._gcd_import(name[level:], package, level)
           ^^^^^^^^^^^^^^^^^^^^^^^^^^^^^^^^^^^^^^^^^^^^^^^^^^^^
tests/autogen_op/vgg19/test_vgg19_aten_max_pool2d_with_indices_default.py:8: in <module>
    import ttnn
E   ModuleNotFoundError: No module named 'ttnn'
___ ERROR collecting tests/autogen_op/vgg19/test_vgg19_aten_relu_default.py ____
ImportError while importing test module '/Users/Ajay17/pytorch2.0_ttnn/tests/autogen_op/vgg19/test_vgg19_aten_relu_default.py'.
Hint: make sure your test modules/packages have valid Python names.
Traceback:
../.pyenv/versions/3.11.10/lib/python3.11/importlib/__init__.py:126: in import_module
    return _bootstrap._gcd_import(name[level:], package, level)
           ^^^^^^^^^^^^^^^^^^^^^^^^^^^^^^^^^^^^^^^^^^^^^^^^^^^^
tests/autogen_op/vgg19/test_vgg19_aten_relu_default.py:8: in <module>
    import ttnn
E   ModuleNotFoundError: No module named 'ttnn'
_____ ERROR collecting tests/autogen_op/vgg19/test_vgg19_aten_t_default.py _____
ImportError while importing test module '/Users/Ajay17/pytorch2.0_ttnn/tests/autogen_op/vgg19/test_vgg19_aten_t_default.py'.
Hint: make sure your test modules/packages have valid Python names.
Traceback:
../.pyenv/versions/3.11.10/lib/python3.11/importlib/__init__.py:126: in import_module
    return _bootstrap._gcd_import(name[level:], package, level)
           ^^^^^^^^^^^^^^^^^^^^^^^^^^^^^^^^^^^^^^^^^^^^^^^^^^^^
tests/autogen_op/vgg19/test_vgg19_aten_t_default.py:8: in <module>
    import ttnn
E   ModuleNotFoundError: No module named 'ttnn'
___ ERROR collecting tests/autogen_op/vgg19/test_vgg19_aten_view_default.py ____
ImportError while importing test module '/Users/Ajay17/pytorch2.0_ttnn/tests/autogen_op/vgg19/test_vgg19_aten_view_default.py'.
Hint: make sure your test modules/packages have valid Python names.
Traceback:
../.pyenv/versions/3.11.10/lib/python3.11/importlib/__init__.py:126: in import_module
    return _bootstrap._gcd_import(name[level:], package, level)
           ^^^^^^^^^^^^^^^^^^^^^^^^^^^^^^^^^^^^^^^^^^^^^^^^^^^^
tests/autogen_op/vgg19/test_vgg19_aten_view_default.py:8: in <module>
    import ttnn
E   ModuleNotFoundError: No module named 'ttnn'
_ ERROR collecting tests/autogen_op/vgg19_bn/test_vgg19_bn_aten__adaptive_avg_pool2d_default.py _
ImportError while importing test module '/Users/Ajay17/pytorch2.0_ttnn/tests/autogen_op/vgg19_bn/test_vgg19_bn_aten__adaptive_avg_pool2d_default.py'.
Hint: make sure your test modules/packages have valid Python names.
Traceback:
../.pyenv/versions/3.11.10/lib/python3.11/importlib/__init__.py:126: in import_module
    return _bootstrap._gcd_import(name[level:], package, level)
           ^^^^^^^^^^^^^^^^^^^^^^^^^^^^^^^^^^^^^^^^^^^^^^^^^^^^
tests/autogen_op/vgg19_bn/test_vgg19_bn_aten__adaptive_avg_pool2d_default.py:8: in <module>
    import ttnn
E   ModuleNotFoundError: No module named 'ttnn'
_ ERROR collecting tests/autogen_op/vgg19_bn/test_vgg19_bn_aten__native_batch_norm_legit_no_training_default.py _
ImportError while importing test module '/Users/Ajay17/pytorch2.0_ttnn/tests/autogen_op/vgg19_bn/test_vgg19_bn_aten__native_batch_norm_legit_no_training_default.py'.
Hint: make sure your test modules/packages have valid Python names.
Traceback:
../.pyenv/versions/3.11.10/lib/python3.11/importlib/__init__.py:126: in import_module
    return _bootstrap._gcd_import(name[level:], package, level)
           ^^^^^^^^^^^^^^^^^^^^^^^^^^^^^^^^^^^^^^^^^^^^^^^^^^^^
tests/autogen_op/vgg19_bn/test_vgg19_bn_aten__native_batch_norm_legit_no_training_default.py:8: in <module>
    import ttnn
E   ModuleNotFoundError: No module named 'ttnn'
_ ERROR collecting tests/autogen_op/vgg19_bn/test_vgg19_bn_aten_addmm_default.py _
ImportError while importing test module '/Users/Ajay17/pytorch2.0_ttnn/tests/autogen_op/vgg19_bn/test_vgg19_bn_aten_addmm_default.py'.
Hint: make sure your test modules/packages have valid Python names.
Traceback:
../.pyenv/versions/3.11.10/lib/python3.11/importlib/__init__.py:126: in import_module
    return _bootstrap._gcd_import(name[level:], package, level)
           ^^^^^^^^^^^^^^^^^^^^^^^^^^^^^^^^^^^^^^^^^^^^^^^^^^^^
tests/autogen_op/vgg19_bn/test_vgg19_bn_aten_addmm_default.py:8: in <module>
    import ttnn
E   ModuleNotFoundError: No module named 'ttnn'
_ ERROR collecting tests/autogen_op/vgg19_bn/test_vgg19_bn_aten_clone_default.py _
ImportError while importing test module '/Users/Ajay17/pytorch2.0_ttnn/tests/autogen_op/vgg19_bn/test_vgg19_bn_aten_clone_default.py'.
Hint: make sure your test modules/packages have valid Python names.
Traceback:
../.pyenv/versions/3.11.10/lib/python3.11/importlib/__init__.py:126: in import_module
    return _bootstrap._gcd_import(name[level:], package, level)
           ^^^^^^^^^^^^^^^^^^^^^^^^^^^^^^^^^^^^^^^^^^^^^^^^^^^^
tests/autogen_op/vgg19_bn/test_vgg19_bn_aten_clone_default.py:8: in <module>
    import ttnn
E   ModuleNotFoundError: No module named 'ttnn'
_ ERROR collecting tests/autogen_op/vgg19_bn/test_vgg19_bn_aten_convolution_default.py _
ImportError while importing test module '/Users/Ajay17/pytorch2.0_ttnn/tests/autogen_op/vgg19_bn/test_vgg19_bn_aten_convolution_default.py'.
Hint: make sure your test modules/packages have valid Python names.
Traceback:
../.pyenv/versions/3.11.10/lib/python3.11/importlib/__init__.py:126: in import_module
    return _bootstrap._gcd_import(name[level:], package, level)
           ^^^^^^^^^^^^^^^^^^^^^^^^^^^^^^^^^^^^^^^^^^^^^^^^^^^^
tests/autogen_op/vgg19_bn/test_vgg19_bn_aten_convolution_default.py:8: in <module>
    import ttnn
E   ModuleNotFoundError: No module named 'ttnn'
_ ERROR collecting tests/autogen_op/vgg19_bn/test_vgg19_bn_aten_max_pool2d_with_indices_default.py _
ImportError while importing test module '/Users/Ajay17/pytorch2.0_ttnn/tests/autogen_op/vgg19_bn/test_vgg19_bn_aten_max_pool2d_with_indices_default.py'.
Hint: make sure your test modules/packages have valid Python names.
Traceback:
../.pyenv/versions/3.11.10/lib/python3.11/importlib/__init__.py:126: in import_module
    return _bootstrap._gcd_import(name[level:], package, level)
           ^^^^^^^^^^^^^^^^^^^^^^^^^^^^^^^^^^^^^^^^^^^^^^^^^^^^
tests/autogen_op/vgg19_bn/test_vgg19_bn_aten_max_pool2d_with_indices_default.py:8: in <module>
    import ttnn
E   ModuleNotFoundError: No module named 'ttnn'
_ ERROR collecting tests/autogen_op/vgg19_bn/test_vgg19_bn_aten_relu_default.py _
ImportError while importing test module '/Users/Ajay17/pytorch2.0_ttnn/tests/autogen_op/vgg19_bn/test_vgg19_bn_aten_relu_default.py'.
Hint: make sure your test modules/packages have valid Python names.
Traceback:
../.pyenv/versions/3.11.10/lib/python3.11/importlib/__init__.py:126: in import_module
    return _bootstrap._gcd_import(name[level:], package, level)
           ^^^^^^^^^^^^^^^^^^^^^^^^^^^^^^^^^^^^^^^^^^^^^^^^^^^^
tests/autogen_op/vgg19_bn/test_vgg19_bn_aten_relu_default.py:8: in <module>
    import ttnn
E   ModuleNotFoundError: No module named 'ttnn'
__ ERROR collecting tests/autogen_op/vgg19_bn/test_vgg19_bn_aten_t_default.py __
ImportError while importing test module '/Users/Ajay17/pytorch2.0_ttnn/tests/autogen_op/vgg19_bn/test_vgg19_bn_aten_t_default.py'.
Hint: make sure your test modules/packages have valid Python names.
Traceback:
../.pyenv/versions/3.11.10/lib/python3.11/importlib/__init__.py:126: in import_module
    return _bootstrap._gcd_import(name[level:], package, level)
           ^^^^^^^^^^^^^^^^^^^^^^^^^^^^^^^^^^^^^^^^^^^^^^^^^^^^
tests/autogen_op/vgg19_bn/test_vgg19_bn_aten_t_default.py:8: in <module>
    import ttnn
E   ModuleNotFoundError: No module named 'ttnn'
_ ERROR collecting tests/autogen_op/vgg19_bn/test_vgg19_bn_aten_view_default.py _
ImportError while importing test module '/Users/Ajay17/pytorch2.0_ttnn/tests/autogen_op/vgg19_bn/test_vgg19_bn_aten_view_default.py'.
Hint: make sure your test modules/packages have valid Python names.
Traceback:
../.pyenv/versions/3.11.10/lib/python3.11/importlib/__init__.py:126: in import_module
    return _bootstrap._gcd_import(name[level:], package, level)
           ^^^^^^^^^^^^^^^^^^^^^^^^^^^^^^^^^^^^^^^^^^^^^^^^^^^^
tests/autogen_op/vgg19_bn/test_vgg19_bn_aten_view_default.py:8: in <module>
    import ttnn
E   ModuleNotFoundError: No module named 'ttnn'
_ ERROR collecting tests/autogen_op/vit_b_16/test_vit_b_16_aten__scaled_dot_product_flash_attention_default.py _
ImportError while importing test module '/Users/Ajay17/pytorch2.0_ttnn/tests/autogen_op/vit_b_16/test_vit_b_16_aten__scaled_dot_product_flash_attention_default.py'.
Hint: make sure your test modules/packages have valid Python names.
Traceback:
../.pyenv/versions/3.11.10/lib/python3.11/importlib/__init__.py:126: in import_module
    return _bootstrap._gcd_import(name[level:], package, level)
           ^^^^^^^^^^^^^^^^^^^^^^^^^^^^^^^^^^^^^^^^^^^^^^^^^^^^
tests/autogen_op/vit_b_16/test_vit_b_16_aten__scaled_dot_product_flash_attention_default.py:8: in <module>
    import ttnn
E   ModuleNotFoundError: No module named 'ttnn'
_ ERROR collecting tests/autogen_op/vit_b_16/test_vit_b_16_aten_add_Tensor.py __
ImportError while importing test module '/Users/Ajay17/pytorch2.0_ttnn/tests/autogen_op/vit_b_16/test_vit_b_16_aten_add_Tensor.py'.
Hint: make sure your test modules/packages have valid Python names.
Traceback:
../.pyenv/versions/3.11.10/lib/python3.11/importlib/__init__.py:126: in import_module
    return _bootstrap._gcd_import(name[level:], package, level)
           ^^^^^^^^^^^^^^^^^^^^^^^^^^^^^^^^^^^^^^^^^^^^^^^^^^^^
tests/autogen_op/vit_b_16/test_vit_b_16_aten_add_Tensor.py:8: in <module>
    import ttnn
E   ModuleNotFoundError: No module named 'ttnn'
_ ERROR collecting tests/autogen_op/vit_b_16/test_vit_b_16_aten_addmm_default.py _
ImportError while importing test module '/Users/Ajay17/pytorch2.0_ttnn/tests/autogen_op/vit_b_16/test_vit_b_16_aten_addmm_default.py'.
Hint: make sure your test modules/packages have valid Python names.
Traceback:
../.pyenv/versions/3.11.10/lib/python3.11/importlib/__init__.py:126: in import_module
    return _bootstrap._gcd_import(name[level:], package, level)
           ^^^^^^^^^^^^^^^^^^^^^^^^^^^^^^^^^^^^^^^^^^^^^^^^^^^^
tests/autogen_op/vit_b_16/test_vit_b_16_aten_addmm_default.py:8: in <module>
    import ttnn
E   ModuleNotFoundError: No module named 'ttnn'
_ ERROR collecting tests/autogen_op/vit_b_16/test_vit_b_16_aten_cat_default.py _
ImportError while importing test module '/Users/Ajay17/pytorch2.0_ttnn/tests/autogen_op/vit_b_16/test_vit_b_16_aten_cat_default.py'.
Hint: make sure your test modules/packages have valid Python names.
Traceback:
../.pyenv/versions/3.11.10/lib/python3.11/importlib/__init__.py:126: in import_module
    return _bootstrap._gcd_import(name[level:], package, level)
           ^^^^^^^^^^^^^^^^^^^^^^^^^^^^^^^^^^^^^^^^^^^^^^^^^^^^
tests/autogen_op/vit_b_16/test_vit_b_16_aten_cat_default.py:8: in <module>
    import ttnn
E   ModuleNotFoundError: No module named 'ttnn'
_ ERROR collecting tests/autogen_op/vit_b_16/test_vit_b_16_aten_clone_default.py _
ImportError while importing test module '/Users/Ajay17/pytorch2.0_ttnn/tests/autogen_op/vit_b_16/test_vit_b_16_aten_clone_default.py'.
Hint: make sure your test modules/packages have valid Python names.
Traceback:
../.pyenv/versions/3.11.10/lib/python3.11/importlib/__init__.py:126: in import_module
    return _bootstrap._gcd_import(name[level:], package, level)
           ^^^^^^^^^^^^^^^^^^^^^^^^^^^^^^^^^^^^^^^^^^^^^^^^^^^^
tests/autogen_op/vit_b_16/test_vit_b_16_aten_clone_default.py:8: in <module>
    import ttnn
E   ModuleNotFoundError: No module named 'ttnn'
_ ERROR collecting tests/autogen_op/vit_b_16/test_vit_b_16_aten_convolution_default.py _
ImportError while importing test module '/Users/Ajay17/pytorch2.0_ttnn/tests/autogen_op/vit_b_16/test_vit_b_16_aten_convolution_default.py'.
Hint: make sure your test modules/packages have valid Python names.
Traceback:
../.pyenv/versions/3.11.10/lib/python3.11/importlib/__init__.py:126: in import_module
    return _bootstrap._gcd_import(name[level:], package, level)
           ^^^^^^^^^^^^^^^^^^^^^^^^^^^^^^^^^^^^^^^^^^^^^^^^^^^^
tests/autogen_op/vit_b_16/test_vit_b_16_aten_convolution_default.py:8: in <module>
    import ttnn
E   ModuleNotFoundError: No module named 'ttnn'
_ ERROR collecting tests/autogen_op/vit_b_16/test_vit_b_16_aten_expand_default.py _
ImportError while importing test module '/Users/Ajay17/pytorch2.0_ttnn/tests/autogen_op/vit_b_16/test_vit_b_16_aten_expand_default.py'.
Hint: make sure your test modules/packages have valid Python names.
Traceback:
../.pyenv/versions/3.11.10/lib/python3.11/importlib/__init__.py:126: in import_module
    return _bootstrap._gcd_import(name[level:], package, level)
           ^^^^^^^^^^^^^^^^^^^^^^^^^^^^^^^^^^^^^^^^^^^^^^^^^^^^
tests/autogen_op/vit_b_16/test_vit_b_16_aten_expand_default.py:8: in <module>
    import ttnn
E   ModuleNotFoundError: No module named 'ttnn'
_ ERROR collecting tests/autogen_op/vit_b_16/test_vit_b_16_aten_gelu_default.py _
ImportError while importing test module '/Users/Ajay17/pytorch2.0_ttnn/tests/autogen_op/vit_b_16/test_vit_b_16_aten_gelu_default.py'.
Hint: make sure your test modules/packages have valid Python names.
Traceback:
../.pyenv/versions/3.11.10/lib/python3.11/importlib/__init__.py:126: in import_module
    return _bootstrap._gcd_import(name[level:], package, level)
           ^^^^^^^^^^^^^^^^^^^^^^^^^^^^^^^^^^^^^^^^^^^^^^^^^^^^
tests/autogen_op/vit_b_16/test_vit_b_16_aten_gelu_default.py:8: in <module>
    import ttnn
E   ModuleNotFoundError: No module named 'ttnn'
_ ERROR collecting tests/autogen_op/vit_b_16/test_vit_b_16_aten_native_layer_norm_default.py _
ImportError while importing test module '/Users/Ajay17/pytorch2.0_ttnn/tests/autogen_op/vit_b_16/test_vit_b_16_aten_native_layer_norm_default.py'.
Hint: make sure your test modules/packages have valid Python names.
Traceback:
../.pyenv/versions/3.11.10/lib/python3.11/importlib/__init__.py:126: in import_module
    return _bootstrap._gcd_import(name[level:], package, level)
           ^^^^^^^^^^^^^^^^^^^^^^^^^^^^^^^^^^^^^^^^^^^^^^^^^^^^
tests/autogen_op/vit_b_16/test_vit_b_16_aten_native_layer_norm_default.py:8: in <module>
    import ttnn
E   ModuleNotFoundError: No module named 'ttnn'
_ ERROR collecting tests/autogen_op/vit_b_16/test_vit_b_16_aten_permute_default.py _
ImportError while importing test module '/Users/Ajay17/pytorch2.0_ttnn/tests/autogen_op/vit_b_16/test_vit_b_16_aten_permute_default.py'.
Hint: make sure your test modules/packages have valid Python names.
Traceback:
../.pyenv/versions/3.11.10/lib/python3.11/importlib/__init__.py:126: in import_module
    return _bootstrap._gcd_import(name[level:], package, level)
           ^^^^^^^^^^^^^^^^^^^^^^^^^^^^^^^^^^^^^^^^^^^^^^^^^^^^
tests/autogen_op/vit_b_16/test_vit_b_16_aten_permute_default.py:8: in <module>
    import ttnn
E   ModuleNotFoundError: No module named 'ttnn'
_ ERROR collecting tests/autogen_op/vit_b_16/test_vit_b_16_aten_select_int.py __
ImportError while importing test module '/Users/Ajay17/pytorch2.0_ttnn/tests/autogen_op/vit_b_16/test_vit_b_16_aten_select_int.py'.
Hint: make sure your test modules/packages have valid Python names.
Traceback:
../.pyenv/versions/3.11.10/lib/python3.11/importlib/__init__.py:126: in import_module
    return _bootstrap._gcd_import(name[level:], package, level)
           ^^^^^^^^^^^^^^^^^^^^^^^^^^^^^^^^^^^^^^^^^^^^^^^^^^^^
tests/autogen_op/vit_b_16/test_vit_b_16_aten_select_int.py:8: in <module>
    import ttnn
E   ModuleNotFoundError: No module named 'ttnn'
_ ERROR collecting tests/autogen_op/vit_b_16/test_vit_b_16_aten_slice_Tensor.py _
ImportError while importing test module '/Users/Ajay17/pytorch2.0_ttnn/tests/autogen_op/vit_b_16/test_vit_b_16_aten_slice_Tensor.py'.
Hint: make sure your test modules/packages have valid Python names.
Traceback:
../.pyenv/versions/3.11.10/lib/python3.11/importlib/__init__.py:126: in import_module
    return _bootstrap._gcd_import(name[level:], package, level)
           ^^^^^^^^^^^^^^^^^^^^^^^^^^^^^^^^^^^^^^^^^^^^^^^^^^^^
tests/autogen_op/vit_b_16/test_vit_b_16_aten_slice_Tensor.py:8: in <module>
    import ttnn
E   ModuleNotFoundError: No module named 'ttnn'
_ ERROR collecting tests/autogen_op/vit_b_16/test_vit_b_16_aten_squeeze_dim.py _
ImportError while importing test module '/Users/Ajay17/pytorch2.0_ttnn/tests/autogen_op/vit_b_16/test_vit_b_16_aten_squeeze_dim.py'.
Hint: make sure your test modules/packages have valid Python names.
Traceback:
../.pyenv/versions/3.11.10/lib/python3.11/importlib/__init__.py:126: in import_module
    return _bootstrap._gcd_import(name[level:], package, level)
           ^^^^^^^^^^^^^^^^^^^^^^^^^^^^^^^^^^^^^^^^^^^^^^^^^^^^
tests/autogen_op/vit_b_16/test_vit_b_16_aten_squeeze_dim.py:8: in <module>
    import ttnn
E   ModuleNotFoundError: No module named 'ttnn'
__ ERROR collecting tests/autogen_op/vit_b_16/test_vit_b_16_aten_t_default.py __
ImportError while importing test module '/Users/Ajay17/pytorch2.0_ttnn/tests/autogen_op/vit_b_16/test_vit_b_16_aten_t_default.py'.
Hint: make sure your test modules/packages have valid Python names.
Traceback:
../.pyenv/versions/3.11.10/lib/python3.11/importlib/__init__.py:126: in import_module
    return _bootstrap._gcd_import(name[level:], package, level)
           ^^^^^^^^^^^^^^^^^^^^^^^^^^^^^^^^^^^^^^^^^^^^^^^^^^^^
tests/autogen_op/vit_b_16/test_vit_b_16_aten_t_default.py:8: in <module>
    import ttnn
E   ModuleNotFoundError: No module named 'ttnn'
_ ERROR collecting tests/autogen_op/vit_b_16/test_vit_b_16_aten_transpose_int.py _
ImportError while importing test module '/Users/Ajay17/pytorch2.0_ttnn/tests/autogen_op/vit_b_16/test_vit_b_16_aten_transpose_int.py'.
Hint: make sure your test modules/packages have valid Python names.
Traceback:
../.pyenv/versions/3.11.10/lib/python3.11/importlib/__init__.py:126: in import_module
    return _bootstrap._gcd_import(name[level:], package, level)
           ^^^^^^^^^^^^^^^^^^^^^^^^^^^^^^^^^^^^^^^^^^^^^^^^^^^^
tests/autogen_op/vit_b_16/test_vit_b_16_aten_transpose_int.py:8: in <module>
    import ttnn
E   ModuleNotFoundError: No module named 'ttnn'
_ ERROR collecting tests/autogen_op/vit_b_16/test_vit_b_16_aten_unsqueeze_default.py _
ImportError while importing test module '/Users/Ajay17/pytorch2.0_ttnn/tests/autogen_op/vit_b_16/test_vit_b_16_aten_unsqueeze_default.py'.
Hint: make sure your test modules/packages have valid Python names.
Traceback:
../.pyenv/versions/3.11.10/lib/python3.11/importlib/__init__.py:126: in import_module
    return _bootstrap._gcd_import(name[level:], package, level)
           ^^^^^^^^^^^^^^^^^^^^^^^^^^^^^^^^^^^^^^^^^^^^^^^^^^^^
tests/autogen_op/vit_b_16/test_vit_b_16_aten_unsqueeze_default.py:8: in <module>
    import ttnn
E   ModuleNotFoundError: No module named 'ttnn'
_ ERROR collecting tests/autogen_op/vit_b_16/test_vit_b_16_aten_view_default.py _
ImportError while importing test module '/Users/Ajay17/pytorch2.0_ttnn/tests/autogen_op/vit_b_16/test_vit_b_16_aten_view_default.py'.
Hint: make sure your test modules/packages have valid Python names.
Traceback:
../.pyenv/versions/3.11.10/lib/python3.11/importlib/__init__.py:126: in import_module
    return _bootstrap._gcd_import(name[level:], package, level)
           ^^^^^^^^^^^^^^^^^^^^^^^^^^^^^^^^^^^^^^^^^^^^^^^^^^^^
tests/autogen_op/vit_b_16/test_vit_b_16_aten_view_default.py:8: in <module>
    import ttnn
E   ModuleNotFoundError: No module named 'ttnn'
_ ERROR collecting tests/autogen_op/vit_b_32/test_vit_b_32_aten__scaled_dot_product_flash_attention_default.py _
ImportError while importing test module '/Users/Ajay17/pytorch2.0_ttnn/tests/autogen_op/vit_b_32/test_vit_b_32_aten__scaled_dot_product_flash_attention_default.py'.
Hint: make sure your test modules/packages have valid Python names.
Traceback:
../.pyenv/versions/3.11.10/lib/python3.11/importlib/__init__.py:126: in import_module
    return _bootstrap._gcd_import(name[level:], package, level)
           ^^^^^^^^^^^^^^^^^^^^^^^^^^^^^^^^^^^^^^^^^^^^^^^^^^^^
tests/autogen_op/vit_b_32/test_vit_b_32_aten__scaled_dot_product_flash_attention_default.py:8: in <module>
    import ttnn
E   ModuleNotFoundError: No module named 'ttnn'
_ ERROR collecting tests/autogen_op/vit_b_32/test_vit_b_32_aten_add_Tensor.py __
ImportError while importing test module '/Users/Ajay17/pytorch2.0_ttnn/tests/autogen_op/vit_b_32/test_vit_b_32_aten_add_Tensor.py'.
Hint: make sure your test modules/packages have valid Python names.
Traceback:
../.pyenv/versions/3.11.10/lib/python3.11/importlib/__init__.py:126: in import_module
    return _bootstrap._gcd_import(name[level:], package, level)
           ^^^^^^^^^^^^^^^^^^^^^^^^^^^^^^^^^^^^^^^^^^^^^^^^^^^^
tests/autogen_op/vit_b_32/test_vit_b_32_aten_add_Tensor.py:8: in <module>
    import ttnn
E   ModuleNotFoundError: No module named 'ttnn'
_ ERROR collecting tests/autogen_op/vit_b_32/test_vit_b_32_aten_addmm_default.py _
ImportError while importing test module '/Users/Ajay17/pytorch2.0_ttnn/tests/autogen_op/vit_b_32/test_vit_b_32_aten_addmm_default.py'.
Hint: make sure your test modules/packages have valid Python names.
Traceback:
../.pyenv/versions/3.11.10/lib/python3.11/importlib/__init__.py:126: in import_module
    return _bootstrap._gcd_import(name[level:], package, level)
           ^^^^^^^^^^^^^^^^^^^^^^^^^^^^^^^^^^^^^^^^^^^^^^^^^^^^
tests/autogen_op/vit_b_32/test_vit_b_32_aten_addmm_default.py:8: in <module>
    import ttnn
E   ModuleNotFoundError: No module named 'ttnn'
_ ERROR collecting tests/autogen_op/vit_b_32/test_vit_b_32_aten_cat_default.py _
ImportError while importing test module '/Users/Ajay17/pytorch2.0_ttnn/tests/autogen_op/vit_b_32/test_vit_b_32_aten_cat_default.py'.
Hint: make sure your test modules/packages have valid Python names.
Traceback:
../.pyenv/versions/3.11.10/lib/python3.11/importlib/__init__.py:126: in import_module
    return _bootstrap._gcd_import(name[level:], package, level)
           ^^^^^^^^^^^^^^^^^^^^^^^^^^^^^^^^^^^^^^^^^^^^^^^^^^^^
tests/autogen_op/vit_b_32/test_vit_b_32_aten_cat_default.py:8: in <module>
    import ttnn
E   ModuleNotFoundError: No module named 'ttnn'
_ ERROR collecting tests/autogen_op/vit_b_32/test_vit_b_32_aten_clone_default.py _
ImportError while importing test module '/Users/Ajay17/pytorch2.0_ttnn/tests/autogen_op/vit_b_32/test_vit_b_32_aten_clone_default.py'.
Hint: make sure your test modules/packages have valid Python names.
Traceback:
../.pyenv/versions/3.11.10/lib/python3.11/importlib/__init__.py:126: in import_module
    return _bootstrap._gcd_import(name[level:], package, level)
           ^^^^^^^^^^^^^^^^^^^^^^^^^^^^^^^^^^^^^^^^^^^^^^^^^^^^
tests/autogen_op/vit_b_32/test_vit_b_32_aten_clone_default.py:8: in <module>
    import ttnn
E   ModuleNotFoundError: No module named 'ttnn'
_ ERROR collecting tests/autogen_op/vit_b_32/test_vit_b_32_aten_convolution_default.py _
ImportError while importing test module '/Users/Ajay17/pytorch2.0_ttnn/tests/autogen_op/vit_b_32/test_vit_b_32_aten_convolution_default.py'.
Hint: make sure your test modules/packages have valid Python names.
Traceback:
../.pyenv/versions/3.11.10/lib/python3.11/importlib/__init__.py:126: in import_module
    return _bootstrap._gcd_import(name[level:], package, level)
           ^^^^^^^^^^^^^^^^^^^^^^^^^^^^^^^^^^^^^^^^^^^^^^^^^^^^
tests/autogen_op/vit_b_32/test_vit_b_32_aten_convolution_default.py:8: in <module>
    import ttnn
E   ModuleNotFoundError: No module named 'ttnn'
_ ERROR collecting tests/autogen_op/vit_b_32/test_vit_b_32_aten_expand_default.py _
ImportError while importing test module '/Users/Ajay17/pytorch2.0_ttnn/tests/autogen_op/vit_b_32/test_vit_b_32_aten_expand_default.py'.
Hint: make sure your test modules/packages have valid Python names.
Traceback:
../.pyenv/versions/3.11.10/lib/python3.11/importlib/__init__.py:126: in import_module
    return _bootstrap._gcd_import(name[level:], package, level)
           ^^^^^^^^^^^^^^^^^^^^^^^^^^^^^^^^^^^^^^^^^^^^^^^^^^^^
tests/autogen_op/vit_b_32/test_vit_b_32_aten_expand_default.py:8: in <module>
    import ttnn
E   ModuleNotFoundError: No module named 'ttnn'
_ ERROR collecting tests/autogen_op/vit_b_32/test_vit_b_32_aten_gelu_default.py _
ImportError while importing test module '/Users/Ajay17/pytorch2.0_ttnn/tests/autogen_op/vit_b_32/test_vit_b_32_aten_gelu_default.py'.
Hint: make sure your test modules/packages have valid Python names.
Traceback:
../.pyenv/versions/3.11.10/lib/python3.11/importlib/__init__.py:126: in import_module
    return _bootstrap._gcd_import(name[level:], package, level)
           ^^^^^^^^^^^^^^^^^^^^^^^^^^^^^^^^^^^^^^^^^^^^^^^^^^^^
tests/autogen_op/vit_b_32/test_vit_b_32_aten_gelu_default.py:8: in <module>
    import ttnn
E   ModuleNotFoundError: No module named 'ttnn'
_ ERROR collecting tests/autogen_op/vit_b_32/test_vit_b_32_aten_native_layer_norm_default.py _
ImportError while importing test module '/Users/Ajay17/pytorch2.0_ttnn/tests/autogen_op/vit_b_32/test_vit_b_32_aten_native_layer_norm_default.py'.
Hint: make sure your test modules/packages have valid Python names.
Traceback:
../.pyenv/versions/3.11.10/lib/python3.11/importlib/__init__.py:126: in import_module
    return _bootstrap._gcd_import(name[level:], package, level)
           ^^^^^^^^^^^^^^^^^^^^^^^^^^^^^^^^^^^^^^^^^^^^^^^^^^^^
tests/autogen_op/vit_b_32/test_vit_b_32_aten_native_layer_norm_default.py:8: in <module>
    import ttnn
E   ModuleNotFoundError: No module named 'ttnn'
_ ERROR collecting tests/autogen_op/vit_b_32/test_vit_b_32_aten_permute_default.py _
ImportError while importing test module '/Users/Ajay17/pytorch2.0_ttnn/tests/autogen_op/vit_b_32/test_vit_b_32_aten_permute_default.py'.
Hint: make sure your test modules/packages have valid Python names.
Traceback:
../.pyenv/versions/3.11.10/lib/python3.11/importlib/__init__.py:126: in import_module
    return _bootstrap._gcd_import(name[level:], package, level)
           ^^^^^^^^^^^^^^^^^^^^^^^^^^^^^^^^^^^^^^^^^^^^^^^^^^^^
tests/autogen_op/vit_b_32/test_vit_b_32_aten_permute_default.py:8: in <module>
    import ttnn
E   ModuleNotFoundError: No module named 'ttnn'
_ ERROR collecting tests/autogen_op/vit_b_32/test_vit_b_32_aten_select_int.py __
ImportError while importing test module '/Users/Ajay17/pytorch2.0_ttnn/tests/autogen_op/vit_b_32/test_vit_b_32_aten_select_int.py'.
Hint: make sure your test modules/packages have valid Python names.
Traceback:
../.pyenv/versions/3.11.10/lib/python3.11/importlib/__init__.py:126: in import_module
    return _bootstrap._gcd_import(name[level:], package, level)
           ^^^^^^^^^^^^^^^^^^^^^^^^^^^^^^^^^^^^^^^^^^^^^^^^^^^^
tests/autogen_op/vit_b_32/test_vit_b_32_aten_select_int.py:8: in <module>
    import ttnn
E   ModuleNotFoundError: No module named 'ttnn'
_ ERROR collecting tests/autogen_op/vit_b_32/test_vit_b_32_aten_slice_Tensor.py _
ImportError while importing test module '/Users/Ajay17/pytorch2.0_ttnn/tests/autogen_op/vit_b_32/test_vit_b_32_aten_slice_Tensor.py'.
Hint: make sure your test modules/packages have valid Python names.
Traceback:
../.pyenv/versions/3.11.10/lib/python3.11/importlib/__init__.py:126: in import_module
    return _bootstrap._gcd_import(name[level:], package, level)
           ^^^^^^^^^^^^^^^^^^^^^^^^^^^^^^^^^^^^^^^^^^^^^^^^^^^^
tests/autogen_op/vit_b_32/test_vit_b_32_aten_slice_Tensor.py:8: in <module>
    import ttnn
E   ModuleNotFoundError: No module named 'ttnn'
_ ERROR collecting tests/autogen_op/vit_b_32/test_vit_b_32_aten_squeeze_dim.py _
ImportError while importing test module '/Users/Ajay17/pytorch2.0_ttnn/tests/autogen_op/vit_b_32/test_vit_b_32_aten_squeeze_dim.py'.
Hint: make sure your test modules/packages have valid Python names.
Traceback:
../.pyenv/versions/3.11.10/lib/python3.11/importlib/__init__.py:126: in import_module
    return _bootstrap._gcd_import(name[level:], package, level)
           ^^^^^^^^^^^^^^^^^^^^^^^^^^^^^^^^^^^^^^^^^^^^^^^^^^^^
tests/autogen_op/vit_b_32/test_vit_b_32_aten_squeeze_dim.py:8: in <module>
    import ttnn
E   ModuleNotFoundError: No module named 'ttnn'
__ ERROR collecting tests/autogen_op/vit_b_32/test_vit_b_32_aten_t_default.py __
ImportError while importing test module '/Users/Ajay17/pytorch2.0_ttnn/tests/autogen_op/vit_b_32/test_vit_b_32_aten_t_default.py'.
Hint: make sure your test modules/packages have valid Python names.
Traceback:
../.pyenv/versions/3.11.10/lib/python3.11/importlib/__init__.py:126: in import_module
    return _bootstrap._gcd_import(name[level:], package, level)
           ^^^^^^^^^^^^^^^^^^^^^^^^^^^^^^^^^^^^^^^^^^^^^^^^^^^^
tests/autogen_op/vit_b_32/test_vit_b_32_aten_t_default.py:8: in <module>
    import ttnn
E   ModuleNotFoundError: No module named 'ttnn'
_ ERROR collecting tests/autogen_op/vit_b_32/test_vit_b_32_aten_transpose_int.py _
ImportError while importing test module '/Users/Ajay17/pytorch2.0_ttnn/tests/autogen_op/vit_b_32/test_vit_b_32_aten_transpose_int.py'.
Hint: make sure your test modules/packages have valid Python names.
Traceback:
../.pyenv/versions/3.11.10/lib/python3.11/importlib/__init__.py:126: in import_module
    return _bootstrap._gcd_import(name[level:], package, level)
           ^^^^^^^^^^^^^^^^^^^^^^^^^^^^^^^^^^^^^^^^^^^^^^^^^^^^
tests/autogen_op/vit_b_32/test_vit_b_32_aten_transpose_int.py:8: in <module>
    import ttnn
E   ModuleNotFoundError: No module named 'ttnn'
_ ERROR collecting tests/autogen_op/vit_b_32/test_vit_b_32_aten_unsqueeze_default.py _
ImportError while importing test module '/Users/Ajay17/pytorch2.0_ttnn/tests/autogen_op/vit_b_32/test_vit_b_32_aten_unsqueeze_default.py'.
Hint: make sure your test modules/packages have valid Python names.
Traceback:
../.pyenv/versions/3.11.10/lib/python3.11/importlib/__init__.py:126: in import_module
    return _bootstrap._gcd_import(name[level:], package, level)
           ^^^^^^^^^^^^^^^^^^^^^^^^^^^^^^^^^^^^^^^^^^^^^^^^^^^^
tests/autogen_op/vit_b_32/test_vit_b_32_aten_unsqueeze_default.py:8: in <module>
    import ttnn
E   ModuleNotFoundError: No module named 'ttnn'
_ ERROR collecting tests/autogen_op/vit_b_32/test_vit_b_32_aten_view_default.py _
ImportError while importing test module '/Users/Ajay17/pytorch2.0_ttnn/tests/autogen_op/vit_b_32/test_vit_b_32_aten_view_default.py'.
Hint: make sure your test modules/packages have valid Python names.
Traceback:
../.pyenv/versions/3.11.10/lib/python3.11/importlib/__init__.py:126: in import_module
    return _bootstrap._gcd_import(name[level:], package, level)
           ^^^^^^^^^^^^^^^^^^^^^^^^^^^^^^^^^^^^^^^^^^^^^^^^^^^^
tests/autogen_op/vit_b_32/test_vit_b_32_aten_view_default.py:8: in <module>
    import ttnn
E   ModuleNotFoundError: No module named 'ttnn'
_ ERROR collecting tests/autogen_op/vit_h_14/test_vit_h_14_aten__scaled_dot_product_flash_attention_default.py _
ImportError while importing test module '/Users/Ajay17/pytorch2.0_ttnn/tests/autogen_op/vit_h_14/test_vit_h_14_aten__scaled_dot_product_flash_attention_default.py'.
Hint: make sure your test modules/packages have valid Python names.
Traceback:
../.pyenv/versions/3.11.10/lib/python3.11/importlib/__init__.py:126: in import_module
    return _bootstrap._gcd_import(name[level:], package, level)
           ^^^^^^^^^^^^^^^^^^^^^^^^^^^^^^^^^^^^^^^^^^^^^^^^^^^^
tests/autogen_op/vit_h_14/test_vit_h_14_aten__scaled_dot_product_flash_attention_default.py:8: in <module>
    import ttnn
E   ModuleNotFoundError: No module named 'ttnn'
_ ERROR collecting tests/autogen_op/vit_h_14/test_vit_h_14_aten_add_Tensor.py __
ImportError while importing test module '/Users/Ajay17/pytorch2.0_ttnn/tests/autogen_op/vit_h_14/test_vit_h_14_aten_add_Tensor.py'.
Hint: make sure your test modules/packages have valid Python names.
Traceback:
../.pyenv/versions/3.11.10/lib/python3.11/importlib/__init__.py:126: in import_module
    return _bootstrap._gcd_import(name[level:], package, level)
           ^^^^^^^^^^^^^^^^^^^^^^^^^^^^^^^^^^^^^^^^^^^^^^^^^^^^
tests/autogen_op/vit_h_14/test_vit_h_14_aten_add_Tensor.py:8: in <module>
    import ttnn
E   ModuleNotFoundError: No module named 'ttnn'
_ ERROR collecting tests/autogen_op/vit_h_14/test_vit_h_14_aten_addmm_default.py _
ImportError while importing test module '/Users/Ajay17/pytorch2.0_ttnn/tests/autogen_op/vit_h_14/test_vit_h_14_aten_addmm_default.py'.
Hint: make sure your test modules/packages have valid Python names.
Traceback:
../.pyenv/versions/3.11.10/lib/python3.11/importlib/__init__.py:126: in import_module
    return _bootstrap._gcd_import(name[level:], package, level)
           ^^^^^^^^^^^^^^^^^^^^^^^^^^^^^^^^^^^^^^^^^^^^^^^^^^^^
tests/autogen_op/vit_h_14/test_vit_h_14_aten_addmm_default.py:8: in <module>
    import ttnn
E   ModuleNotFoundError: No module named 'ttnn'
_ ERROR collecting tests/autogen_op/vit_h_14/test_vit_h_14_aten_cat_default.py _
ImportError while importing test module '/Users/Ajay17/pytorch2.0_ttnn/tests/autogen_op/vit_h_14/test_vit_h_14_aten_cat_default.py'.
Hint: make sure your test modules/packages have valid Python names.
Traceback:
../.pyenv/versions/3.11.10/lib/python3.11/importlib/__init__.py:126: in import_module
    return _bootstrap._gcd_import(name[level:], package, level)
           ^^^^^^^^^^^^^^^^^^^^^^^^^^^^^^^^^^^^^^^^^^^^^^^^^^^^
tests/autogen_op/vit_h_14/test_vit_h_14_aten_cat_default.py:8: in <module>
    import ttnn
E   ModuleNotFoundError: No module named 'ttnn'
_ ERROR collecting tests/autogen_op/vit_h_14/test_vit_h_14_aten_clone_default.py _
ImportError while importing test module '/Users/Ajay17/pytorch2.0_ttnn/tests/autogen_op/vit_h_14/test_vit_h_14_aten_clone_default.py'.
Hint: make sure your test modules/packages have valid Python names.
Traceback:
../.pyenv/versions/3.11.10/lib/python3.11/importlib/__init__.py:126: in import_module
    return _bootstrap._gcd_import(name[level:], package, level)
           ^^^^^^^^^^^^^^^^^^^^^^^^^^^^^^^^^^^^^^^^^^^^^^^^^^^^
tests/autogen_op/vit_h_14/test_vit_h_14_aten_clone_default.py:8: in <module>
    import ttnn
E   ModuleNotFoundError: No module named 'ttnn'
_ ERROR collecting tests/autogen_op/vit_h_14/test_vit_h_14_aten_convolution_default.py _
ImportError while importing test module '/Users/Ajay17/pytorch2.0_ttnn/tests/autogen_op/vit_h_14/test_vit_h_14_aten_convolution_default.py'.
Hint: make sure your test modules/packages have valid Python names.
Traceback:
../.pyenv/versions/3.11.10/lib/python3.11/importlib/__init__.py:126: in import_module
    return _bootstrap._gcd_import(name[level:], package, level)
           ^^^^^^^^^^^^^^^^^^^^^^^^^^^^^^^^^^^^^^^^^^^^^^^^^^^^
tests/autogen_op/vit_h_14/test_vit_h_14_aten_convolution_default.py:8: in <module>
    import ttnn
E   ModuleNotFoundError: No module named 'ttnn'
_ ERROR collecting tests/autogen_op/vit_h_14/test_vit_h_14_aten_expand_default.py _
ImportError while importing test module '/Users/Ajay17/pytorch2.0_ttnn/tests/autogen_op/vit_h_14/test_vit_h_14_aten_expand_default.py'.
Hint: make sure your test modules/packages have valid Python names.
Traceback:
../.pyenv/versions/3.11.10/lib/python3.11/importlib/__init__.py:126: in import_module
    return _bootstrap._gcd_import(name[level:], package, level)
           ^^^^^^^^^^^^^^^^^^^^^^^^^^^^^^^^^^^^^^^^^^^^^^^^^^^^
tests/autogen_op/vit_h_14/test_vit_h_14_aten_expand_default.py:8: in <module>
    import ttnn
E   ModuleNotFoundError: No module named 'ttnn'
_ ERROR collecting tests/autogen_op/vit_h_14/test_vit_h_14_aten_gelu_default.py _
ImportError while importing test module '/Users/Ajay17/pytorch2.0_ttnn/tests/autogen_op/vit_h_14/test_vit_h_14_aten_gelu_default.py'.
Hint: make sure your test modules/packages have valid Python names.
Traceback:
../.pyenv/versions/3.11.10/lib/python3.11/importlib/__init__.py:126: in import_module
    return _bootstrap._gcd_import(name[level:], package, level)
           ^^^^^^^^^^^^^^^^^^^^^^^^^^^^^^^^^^^^^^^^^^^^^^^^^^^^
tests/autogen_op/vit_h_14/test_vit_h_14_aten_gelu_default.py:8: in <module>
    import ttnn
E   ModuleNotFoundError: No module named 'ttnn'
_ ERROR collecting tests/autogen_op/vit_h_14/test_vit_h_14_aten_native_layer_norm_default.py _
ImportError while importing test module '/Users/Ajay17/pytorch2.0_ttnn/tests/autogen_op/vit_h_14/test_vit_h_14_aten_native_layer_norm_default.py'.
Hint: make sure your test modules/packages have valid Python names.
Traceback:
../.pyenv/versions/3.11.10/lib/python3.11/importlib/__init__.py:126: in import_module
    return _bootstrap._gcd_import(name[level:], package, level)
           ^^^^^^^^^^^^^^^^^^^^^^^^^^^^^^^^^^^^^^^^^^^^^^^^^^^^
tests/autogen_op/vit_h_14/test_vit_h_14_aten_native_layer_norm_default.py:8: in <module>
    import ttnn
E   ModuleNotFoundError: No module named 'ttnn'
_ ERROR collecting tests/autogen_op/vit_h_14/test_vit_h_14_aten_permute_default.py _
ImportError while importing test module '/Users/Ajay17/pytorch2.0_ttnn/tests/autogen_op/vit_h_14/test_vit_h_14_aten_permute_default.py'.
Hint: make sure your test modules/packages have valid Python names.
Traceback:
../.pyenv/versions/3.11.10/lib/python3.11/importlib/__init__.py:126: in import_module
    return _bootstrap._gcd_import(name[level:], package, level)
           ^^^^^^^^^^^^^^^^^^^^^^^^^^^^^^^^^^^^^^^^^^^^^^^^^^^^
tests/autogen_op/vit_h_14/test_vit_h_14_aten_permute_default.py:8: in <module>
    import ttnn
E   ModuleNotFoundError: No module named 'ttnn'
_ ERROR collecting tests/autogen_op/vit_h_14/test_vit_h_14_aten_select_int.py __
ImportError while importing test module '/Users/Ajay17/pytorch2.0_ttnn/tests/autogen_op/vit_h_14/test_vit_h_14_aten_select_int.py'.
Hint: make sure your test modules/packages have valid Python names.
Traceback:
../.pyenv/versions/3.11.10/lib/python3.11/importlib/__init__.py:126: in import_module
    return _bootstrap._gcd_import(name[level:], package, level)
           ^^^^^^^^^^^^^^^^^^^^^^^^^^^^^^^^^^^^^^^^^^^^^^^^^^^^
tests/autogen_op/vit_h_14/test_vit_h_14_aten_select_int.py:8: in <module>
    import ttnn
E   ModuleNotFoundError: No module named 'ttnn'
_ ERROR collecting tests/autogen_op/vit_h_14/test_vit_h_14_aten_slice_Tensor.py _
ImportError while importing test module '/Users/Ajay17/pytorch2.0_ttnn/tests/autogen_op/vit_h_14/test_vit_h_14_aten_slice_Tensor.py'.
Hint: make sure your test modules/packages have valid Python names.
Traceback:
../.pyenv/versions/3.11.10/lib/python3.11/importlib/__init__.py:126: in import_module
    return _bootstrap._gcd_import(name[level:], package, level)
           ^^^^^^^^^^^^^^^^^^^^^^^^^^^^^^^^^^^^^^^^^^^^^^^^^^^^
tests/autogen_op/vit_h_14/test_vit_h_14_aten_slice_Tensor.py:8: in <module>
    import ttnn
E   ModuleNotFoundError: No module named 'ttnn'
_ ERROR collecting tests/autogen_op/vit_h_14/test_vit_h_14_aten_squeeze_dim.py _
ImportError while importing test module '/Users/Ajay17/pytorch2.0_ttnn/tests/autogen_op/vit_h_14/test_vit_h_14_aten_squeeze_dim.py'.
Hint: make sure your test modules/packages have valid Python names.
Traceback:
../.pyenv/versions/3.11.10/lib/python3.11/importlib/__init__.py:126: in import_module
    return _bootstrap._gcd_import(name[level:], package, level)
           ^^^^^^^^^^^^^^^^^^^^^^^^^^^^^^^^^^^^^^^^^^^^^^^^^^^^
tests/autogen_op/vit_h_14/test_vit_h_14_aten_squeeze_dim.py:8: in <module>
    import ttnn
E   ModuleNotFoundError: No module named 'ttnn'
__ ERROR collecting tests/autogen_op/vit_h_14/test_vit_h_14_aten_t_default.py __
ImportError while importing test module '/Users/Ajay17/pytorch2.0_ttnn/tests/autogen_op/vit_h_14/test_vit_h_14_aten_t_default.py'.
Hint: make sure your test modules/packages have valid Python names.
Traceback:
../.pyenv/versions/3.11.10/lib/python3.11/importlib/__init__.py:126: in import_module
    return _bootstrap._gcd_import(name[level:], package, level)
           ^^^^^^^^^^^^^^^^^^^^^^^^^^^^^^^^^^^^^^^^^^^^^^^^^^^^
tests/autogen_op/vit_h_14/test_vit_h_14_aten_t_default.py:8: in <module>
    import ttnn
E   ModuleNotFoundError: No module named 'ttnn'
_ ERROR collecting tests/autogen_op/vit_h_14/test_vit_h_14_aten_transpose_int.py _
ImportError while importing test module '/Users/Ajay17/pytorch2.0_ttnn/tests/autogen_op/vit_h_14/test_vit_h_14_aten_transpose_int.py'.
Hint: make sure your test modules/packages have valid Python names.
Traceback:
../.pyenv/versions/3.11.10/lib/python3.11/importlib/__init__.py:126: in import_module
    return _bootstrap._gcd_import(name[level:], package, level)
           ^^^^^^^^^^^^^^^^^^^^^^^^^^^^^^^^^^^^^^^^^^^^^^^^^^^^
tests/autogen_op/vit_h_14/test_vit_h_14_aten_transpose_int.py:8: in <module>
    import ttnn
E   ModuleNotFoundError: No module named 'ttnn'
_ ERROR collecting tests/autogen_op/vit_h_14/test_vit_h_14_aten_unsqueeze_default.py _
ImportError while importing test module '/Users/Ajay17/pytorch2.0_ttnn/tests/autogen_op/vit_h_14/test_vit_h_14_aten_unsqueeze_default.py'.
Hint: make sure your test modules/packages have valid Python names.
Traceback:
../.pyenv/versions/3.11.10/lib/python3.11/importlib/__init__.py:126: in import_module
    return _bootstrap._gcd_import(name[level:], package, level)
           ^^^^^^^^^^^^^^^^^^^^^^^^^^^^^^^^^^^^^^^^^^^^^^^^^^^^
tests/autogen_op/vit_h_14/test_vit_h_14_aten_unsqueeze_default.py:8: in <module>
    import ttnn
E   ModuleNotFoundError: No module named 'ttnn'
_ ERROR collecting tests/autogen_op/vit_h_14/test_vit_h_14_aten_view_default.py _
ImportError while importing test module '/Users/Ajay17/pytorch2.0_ttnn/tests/autogen_op/vit_h_14/test_vit_h_14_aten_view_default.py'.
Hint: make sure your test modules/packages have valid Python names.
Traceback:
../.pyenv/versions/3.11.10/lib/python3.11/importlib/__init__.py:126: in import_module
    return _bootstrap._gcd_import(name[level:], package, level)
           ^^^^^^^^^^^^^^^^^^^^^^^^^^^^^^^^^^^^^^^^^^^^^^^^^^^^
tests/autogen_op/vit_h_14/test_vit_h_14_aten_view_default.py:8: in <module>
    import ttnn
E   ModuleNotFoundError: No module named 'ttnn'
_ ERROR collecting tests/autogen_op/vit_l_16/test_vit_l_16_aten__scaled_dot_product_flash_attention_default.py _
ImportError while importing test module '/Users/Ajay17/pytorch2.0_ttnn/tests/autogen_op/vit_l_16/test_vit_l_16_aten__scaled_dot_product_flash_attention_default.py'.
Hint: make sure your test modules/packages have valid Python names.
Traceback:
../.pyenv/versions/3.11.10/lib/python3.11/importlib/__init__.py:126: in import_module
    return _bootstrap._gcd_import(name[level:], package, level)
           ^^^^^^^^^^^^^^^^^^^^^^^^^^^^^^^^^^^^^^^^^^^^^^^^^^^^
tests/autogen_op/vit_l_16/test_vit_l_16_aten__scaled_dot_product_flash_attention_default.py:8: in <module>
    import ttnn
E   ModuleNotFoundError: No module named 'ttnn'
_ ERROR collecting tests/autogen_op/vit_l_16/test_vit_l_16_aten_add_Tensor.py __
ImportError while importing test module '/Users/Ajay17/pytorch2.0_ttnn/tests/autogen_op/vit_l_16/test_vit_l_16_aten_add_Tensor.py'.
Hint: make sure your test modules/packages have valid Python names.
Traceback:
../.pyenv/versions/3.11.10/lib/python3.11/importlib/__init__.py:126: in import_module
    return _bootstrap._gcd_import(name[level:], package, level)
           ^^^^^^^^^^^^^^^^^^^^^^^^^^^^^^^^^^^^^^^^^^^^^^^^^^^^
tests/autogen_op/vit_l_16/test_vit_l_16_aten_add_Tensor.py:8: in <module>
    import ttnn
E   ModuleNotFoundError: No module named 'ttnn'
_ ERROR collecting tests/autogen_op/vit_l_16/test_vit_l_16_aten_addmm_default.py _
ImportError while importing test module '/Users/Ajay17/pytorch2.0_ttnn/tests/autogen_op/vit_l_16/test_vit_l_16_aten_addmm_default.py'.
Hint: make sure your test modules/packages have valid Python names.
Traceback:
../.pyenv/versions/3.11.10/lib/python3.11/importlib/__init__.py:126: in import_module
    return _bootstrap._gcd_import(name[level:], package, level)
           ^^^^^^^^^^^^^^^^^^^^^^^^^^^^^^^^^^^^^^^^^^^^^^^^^^^^
tests/autogen_op/vit_l_16/test_vit_l_16_aten_addmm_default.py:8: in <module>
    import ttnn
E   ModuleNotFoundError: No module named 'ttnn'
_ ERROR collecting tests/autogen_op/vit_l_16/test_vit_l_16_aten_cat_default.py _
ImportError while importing test module '/Users/Ajay17/pytorch2.0_ttnn/tests/autogen_op/vit_l_16/test_vit_l_16_aten_cat_default.py'.
Hint: make sure your test modules/packages have valid Python names.
Traceback:
../.pyenv/versions/3.11.10/lib/python3.11/importlib/__init__.py:126: in import_module
    return _bootstrap._gcd_import(name[level:], package, level)
           ^^^^^^^^^^^^^^^^^^^^^^^^^^^^^^^^^^^^^^^^^^^^^^^^^^^^
tests/autogen_op/vit_l_16/test_vit_l_16_aten_cat_default.py:8: in <module>
    import ttnn
E   ModuleNotFoundError: No module named 'ttnn'
_ ERROR collecting tests/autogen_op/vit_l_16/test_vit_l_16_aten_clone_default.py _
ImportError while importing test module '/Users/Ajay17/pytorch2.0_ttnn/tests/autogen_op/vit_l_16/test_vit_l_16_aten_clone_default.py'.
Hint: make sure your test modules/packages have valid Python names.
Traceback:
../.pyenv/versions/3.11.10/lib/python3.11/importlib/__init__.py:126: in import_module
    return _bootstrap._gcd_import(name[level:], package, level)
           ^^^^^^^^^^^^^^^^^^^^^^^^^^^^^^^^^^^^^^^^^^^^^^^^^^^^
tests/autogen_op/vit_l_16/test_vit_l_16_aten_clone_default.py:8: in <module>
    import ttnn
E   ModuleNotFoundError: No module named 'ttnn'
_ ERROR collecting tests/autogen_op/vit_l_16/test_vit_l_16_aten_convolution_default.py _
ImportError while importing test module '/Users/Ajay17/pytorch2.0_ttnn/tests/autogen_op/vit_l_16/test_vit_l_16_aten_convolution_default.py'.
Hint: make sure your test modules/packages have valid Python names.
Traceback:
../.pyenv/versions/3.11.10/lib/python3.11/importlib/__init__.py:126: in import_module
    return _bootstrap._gcd_import(name[level:], package, level)
           ^^^^^^^^^^^^^^^^^^^^^^^^^^^^^^^^^^^^^^^^^^^^^^^^^^^^
tests/autogen_op/vit_l_16/test_vit_l_16_aten_convolution_default.py:8: in <module>
    import ttnn
E   ModuleNotFoundError: No module named 'ttnn'
_ ERROR collecting tests/autogen_op/vit_l_16/test_vit_l_16_aten_expand_default.py _
ImportError while importing test module '/Users/Ajay17/pytorch2.0_ttnn/tests/autogen_op/vit_l_16/test_vit_l_16_aten_expand_default.py'.
Hint: make sure your test modules/packages have valid Python names.
Traceback:
../.pyenv/versions/3.11.10/lib/python3.11/importlib/__init__.py:126: in import_module
    return _bootstrap._gcd_import(name[level:], package, level)
           ^^^^^^^^^^^^^^^^^^^^^^^^^^^^^^^^^^^^^^^^^^^^^^^^^^^^
tests/autogen_op/vit_l_16/test_vit_l_16_aten_expand_default.py:8: in <module>
    import ttnn
E   ModuleNotFoundError: No module named 'ttnn'
_ ERROR collecting tests/autogen_op/vit_l_16/test_vit_l_16_aten_gelu_default.py _
ImportError while importing test module '/Users/Ajay17/pytorch2.0_ttnn/tests/autogen_op/vit_l_16/test_vit_l_16_aten_gelu_default.py'.
Hint: make sure your test modules/packages have valid Python names.
Traceback:
../.pyenv/versions/3.11.10/lib/python3.11/importlib/__init__.py:126: in import_module
    return _bootstrap._gcd_import(name[level:], package, level)
           ^^^^^^^^^^^^^^^^^^^^^^^^^^^^^^^^^^^^^^^^^^^^^^^^^^^^
tests/autogen_op/vit_l_16/test_vit_l_16_aten_gelu_default.py:8: in <module>
    import ttnn
E   ModuleNotFoundError: No module named 'ttnn'
_ ERROR collecting tests/autogen_op/vit_l_16/test_vit_l_16_aten_native_layer_norm_default.py _
ImportError while importing test module '/Users/Ajay17/pytorch2.0_ttnn/tests/autogen_op/vit_l_16/test_vit_l_16_aten_native_layer_norm_default.py'.
Hint: make sure your test modules/packages have valid Python names.
Traceback:
../.pyenv/versions/3.11.10/lib/python3.11/importlib/__init__.py:126: in import_module
    return _bootstrap._gcd_import(name[level:], package, level)
           ^^^^^^^^^^^^^^^^^^^^^^^^^^^^^^^^^^^^^^^^^^^^^^^^^^^^
tests/autogen_op/vit_l_16/test_vit_l_16_aten_native_layer_norm_default.py:8: in <module>
    import ttnn
E   ModuleNotFoundError: No module named 'ttnn'
_ ERROR collecting tests/autogen_op/vit_l_16/test_vit_l_16_aten_permute_default.py _
ImportError while importing test module '/Users/Ajay17/pytorch2.0_ttnn/tests/autogen_op/vit_l_16/test_vit_l_16_aten_permute_default.py'.
Hint: make sure your test modules/packages have valid Python names.
Traceback:
../.pyenv/versions/3.11.10/lib/python3.11/importlib/__init__.py:126: in import_module
    return _bootstrap._gcd_import(name[level:], package, level)
           ^^^^^^^^^^^^^^^^^^^^^^^^^^^^^^^^^^^^^^^^^^^^^^^^^^^^
tests/autogen_op/vit_l_16/test_vit_l_16_aten_permute_default.py:8: in <module>
    import ttnn
E   ModuleNotFoundError: No module named 'ttnn'
_ ERROR collecting tests/autogen_op/vit_l_16/test_vit_l_16_aten_select_int.py __
ImportError while importing test module '/Users/Ajay17/pytorch2.0_ttnn/tests/autogen_op/vit_l_16/test_vit_l_16_aten_select_int.py'.
Hint: make sure your test modules/packages have valid Python names.
Traceback:
../.pyenv/versions/3.11.10/lib/python3.11/importlib/__init__.py:126: in import_module
    return _bootstrap._gcd_import(name[level:], package, level)
           ^^^^^^^^^^^^^^^^^^^^^^^^^^^^^^^^^^^^^^^^^^^^^^^^^^^^
tests/autogen_op/vit_l_16/test_vit_l_16_aten_select_int.py:8: in <module>
    import ttnn
E   ModuleNotFoundError: No module named 'ttnn'
_ ERROR collecting tests/autogen_op/vit_l_16/test_vit_l_16_aten_slice_Tensor.py _
ImportError while importing test module '/Users/Ajay17/pytorch2.0_ttnn/tests/autogen_op/vit_l_16/test_vit_l_16_aten_slice_Tensor.py'.
Hint: make sure your test modules/packages have valid Python names.
Traceback:
../.pyenv/versions/3.11.10/lib/python3.11/importlib/__init__.py:126: in import_module
    return _bootstrap._gcd_import(name[level:], package, level)
           ^^^^^^^^^^^^^^^^^^^^^^^^^^^^^^^^^^^^^^^^^^^^^^^^^^^^
tests/autogen_op/vit_l_16/test_vit_l_16_aten_slice_Tensor.py:8: in <module>
    import ttnn
E   ModuleNotFoundError: No module named 'ttnn'
_ ERROR collecting tests/autogen_op/vit_l_16/test_vit_l_16_aten_squeeze_dim.py _
ImportError while importing test module '/Users/Ajay17/pytorch2.0_ttnn/tests/autogen_op/vit_l_16/test_vit_l_16_aten_squeeze_dim.py'.
Hint: make sure your test modules/packages have valid Python names.
Traceback:
../.pyenv/versions/3.11.10/lib/python3.11/importlib/__init__.py:126: in import_module
    return _bootstrap._gcd_import(name[level:], package, level)
           ^^^^^^^^^^^^^^^^^^^^^^^^^^^^^^^^^^^^^^^^^^^^^^^^^^^^
tests/autogen_op/vit_l_16/test_vit_l_16_aten_squeeze_dim.py:8: in <module>
    import ttnn
E   ModuleNotFoundError: No module named 'ttnn'
__ ERROR collecting tests/autogen_op/vit_l_16/test_vit_l_16_aten_t_default.py __
ImportError while importing test module '/Users/Ajay17/pytorch2.0_ttnn/tests/autogen_op/vit_l_16/test_vit_l_16_aten_t_default.py'.
Hint: make sure your test modules/packages have valid Python names.
Traceback:
../.pyenv/versions/3.11.10/lib/python3.11/importlib/__init__.py:126: in import_module
    return _bootstrap._gcd_import(name[level:], package, level)
           ^^^^^^^^^^^^^^^^^^^^^^^^^^^^^^^^^^^^^^^^^^^^^^^^^^^^
tests/autogen_op/vit_l_16/test_vit_l_16_aten_t_default.py:8: in <module>
    import ttnn
E   ModuleNotFoundError: No module named 'ttnn'
_ ERROR collecting tests/autogen_op/vit_l_16/test_vit_l_16_aten_transpose_int.py _
ImportError while importing test module '/Users/Ajay17/pytorch2.0_ttnn/tests/autogen_op/vit_l_16/test_vit_l_16_aten_transpose_int.py'.
Hint: make sure your test modules/packages have valid Python names.
Traceback:
../.pyenv/versions/3.11.10/lib/python3.11/importlib/__init__.py:126: in import_module
    return _bootstrap._gcd_import(name[level:], package, level)
           ^^^^^^^^^^^^^^^^^^^^^^^^^^^^^^^^^^^^^^^^^^^^^^^^^^^^
tests/autogen_op/vit_l_16/test_vit_l_16_aten_transpose_int.py:8: in <module>
    import ttnn
E   ModuleNotFoundError: No module named 'ttnn'
_ ERROR collecting tests/autogen_op/vit_l_16/test_vit_l_16_aten_unsqueeze_default.py _
ImportError while importing test module '/Users/Ajay17/pytorch2.0_ttnn/tests/autogen_op/vit_l_16/test_vit_l_16_aten_unsqueeze_default.py'.
Hint: make sure your test modules/packages have valid Python names.
Traceback:
../.pyenv/versions/3.11.10/lib/python3.11/importlib/__init__.py:126: in import_module
    return _bootstrap._gcd_import(name[level:], package, level)
           ^^^^^^^^^^^^^^^^^^^^^^^^^^^^^^^^^^^^^^^^^^^^^^^^^^^^
tests/autogen_op/vit_l_16/test_vit_l_16_aten_unsqueeze_default.py:8: in <module>
    import ttnn
E   ModuleNotFoundError: No module named 'ttnn'
_ ERROR collecting tests/autogen_op/vit_l_16/test_vit_l_16_aten_view_default.py _
ImportError while importing test module '/Users/Ajay17/pytorch2.0_ttnn/tests/autogen_op/vit_l_16/test_vit_l_16_aten_view_default.py'.
Hint: make sure your test modules/packages have valid Python names.
Traceback:
../.pyenv/versions/3.11.10/lib/python3.11/importlib/__init__.py:126: in import_module
    return _bootstrap._gcd_import(name[level:], package, level)
           ^^^^^^^^^^^^^^^^^^^^^^^^^^^^^^^^^^^^^^^^^^^^^^^^^^^^
tests/autogen_op/vit_l_16/test_vit_l_16_aten_view_default.py:8: in <module>
    import ttnn
E   ModuleNotFoundError: No module named 'ttnn'
_ ERROR collecting tests/autogen_op/vit_l_32/test_vit_l_32_aten__scaled_dot_product_flash_attention_default.py _
ImportError while importing test module '/Users/Ajay17/pytorch2.0_ttnn/tests/autogen_op/vit_l_32/test_vit_l_32_aten__scaled_dot_product_flash_attention_default.py'.
Hint: make sure your test modules/packages have valid Python names.
Traceback:
../.pyenv/versions/3.11.10/lib/python3.11/importlib/__init__.py:126: in import_module
    return _bootstrap._gcd_import(name[level:], package, level)
           ^^^^^^^^^^^^^^^^^^^^^^^^^^^^^^^^^^^^^^^^^^^^^^^^^^^^
tests/autogen_op/vit_l_32/test_vit_l_32_aten__scaled_dot_product_flash_attention_default.py:8: in <module>
    import ttnn
E   ModuleNotFoundError: No module named 'ttnn'
_ ERROR collecting tests/autogen_op/vit_l_32/test_vit_l_32_aten_add_Tensor.py __
ImportError while importing test module '/Users/Ajay17/pytorch2.0_ttnn/tests/autogen_op/vit_l_32/test_vit_l_32_aten_add_Tensor.py'.
Hint: make sure your test modules/packages have valid Python names.
Traceback:
../.pyenv/versions/3.11.10/lib/python3.11/importlib/__init__.py:126: in import_module
    return _bootstrap._gcd_import(name[level:], package, level)
           ^^^^^^^^^^^^^^^^^^^^^^^^^^^^^^^^^^^^^^^^^^^^^^^^^^^^
tests/autogen_op/vit_l_32/test_vit_l_32_aten_add_Tensor.py:8: in <module>
    import ttnn
E   ModuleNotFoundError: No module named 'ttnn'
_ ERROR collecting tests/autogen_op/vit_l_32/test_vit_l_32_aten_addmm_default.py _
ImportError while importing test module '/Users/Ajay17/pytorch2.0_ttnn/tests/autogen_op/vit_l_32/test_vit_l_32_aten_addmm_default.py'.
Hint: make sure your test modules/packages have valid Python names.
Traceback:
../.pyenv/versions/3.11.10/lib/python3.11/importlib/__init__.py:126: in import_module
    return _bootstrap._gcd_import(name[level:], package, level)
           ^^^^^^^^^^^^^^^^^^^^^^^^^^^^^^^^^^^^^^^^^^^^^^^^^^^^
tests/autogen_op/vit_l_32/test_vit_l_32_aten_addmm_default.py:8: in <module>
    import ttnn
E   ModuleNotFoundError: No module named 'ttnn'
_ ERROR collecting tests/autogen_op/vit_l_32/test_vit_l_32_aten_cat_default.py _
ImportError while importing test module '/Users/Ajay17/pytorch2.0_ttnn/tests/autogen_op/vit_l_32/test_vit_l_32_aten_cat_default.py'.
Hint: make sure your test modules/packages have valid Python names.
Traceback:
../.pyenv/versions/3.11.10/lib/python3.11/importlib/__init__.py:126: in import_module
    return _bootstrap._gcd_import(name[level:], package, level)
           ^^^^^^^^^^^^^^^^^^^^^^^^^^^^^^^^^^^^^^^^^^^^^^^^^^^^
tests/autogen_op/vit_l_32/test_vit_l_32_aten_cat_default.py:8: in <module>
    import ttnn
E   ModuleNotFoundError: No module named 'ttnn'
_ ERROR collecting tests/autogen_op/vit_l_32/test_vit_l_32_aten_clone_default.py _
ImportError while importing test module '/Users/Ajay17/pytorch2.0_ttnn/tests/autogen_op/vit_l_32/test_vit_l_32_aten_clone_default.py'.
Hint: make sure your test modules/packages have valid Python names.
Traceback:
../.pyenv/versions/3.11.10/lib/python3.11/importlib/__init__.py:126: in import_module
    return _bootstrap._gcd_import(name[level:], package, level)
           ^^^^^^^^^^^^^^^^^^^^^^^^^^^^^^^^^^^^^^^^^^^^^^^^^^^^
tests/autogen_op/vit_l_32/test_vit_l_32_aten_clone_default.py:8: in <module>
    import ttnn
E   ModuleNotFoundError: No module named 'ttnn'
_ ERROR collecting tests/autogen_op/vit_l_32/test_vit_l_32_aten_convolution_default.py _
ImportError while importing test module '/Users/Ajay17/pytorch2.0_ttnn/tests/autogen_op/vit_l_32/test_vit_l_32_aten_convolution_default.py'.
Hint: make sure your test modules/packages have valid Python names.
Traceback:
../.pyenv/versions/3.11.10/lib/python3.11/importlib/__init__.py:126: in import_module
    return _bootstrap._gcd_import(name[level:], package, level)
           ^^^^^^^^^^^^^^^^^^^^^^^^^^^^^^^^^^^^^^^^^^^^^^^^^^^^
tests/autogen_op/vit_l_32/test_vit_l_32_aten_convolution_default.py:8: in <module>
    import ttnn
E   ModuleNotFoundError: No module named 'ttnn'
_ ERROR collecting tests/autogen_op/vit_l_32/test_vit_l_32_aten_expand_default.py _
ImportError while importing test module '/Users/Ajay17/pytorch2.0_ttnn/tests/autogen_op/vit_l_32/test_vit_l_32_aten_expand_default.py'.
Hint: make sure your test modules/packages have valid Python names.
Traceback:
../.pyenv/versions/3.11.10/lib/python3.11/importlib/__init__.py:126: in import_module
    return _bootstrap._gcd_import(name[level:], package, level)
           ^^^^^^^^^^^^^^^^^^^^^^^^^^^^^^^^^^^^^^^^^^^^^^^^^^^^
tests/autogen_op/vit_l_32/test_vit_l_32_aten_expand_default.py:8: in <module>
    import ttnn
E   ModuleNotFoundError: No module named 'ttnn'
_ ERROR collecting tests/autogen_op/vit_l_32/test_vit_l_32_aten_gelu_default.py _
ImportError while importing test module '/Users/Ajay17/pytorch2.0_ttnn/tests/autogen_op/vit_l_32/test_vit_l_32_aten_gelu_default.py'.
Hint: make sure your test modules/packages have valid Python names.
Traceback:
../.pyenv/versions/3.11.10/lib/python3.11/importlib/__init__.py:126: in import_module
    return _bootstrap._gcd_import(name[level:], package, level)
           ^^^^^^^^^^^^^^^^^^^^^^^^^^^^^^^^^^^^^^^^^^^^^^^^^^^^
tests/autogen_op/vit_l_32/test_vit_l_32_aten_gelu_default.py:8: in <module>
    import ttnn
E   ModuleNotFoundError: No module named 'ttnn'
_ ERROR collecting tests/autogen_op/vit_l_32/test_vit_l_32_aten_native_layer_norm_default.py _
ImportError while importing test module '/Users/Ajay17/pytorch2.0_ttnn/tests/autogen_op/vit_l_32/test_vit_l_32_aten_native_layer_norm_default.py'.
Hint: make sure your test modules/packages have valid Python names.
Traceback:
../.pyenv/versions/3.11.10/lib/python3.11/importlib/__init__.py:126: in import_module
    return _bootstrap._gcd_import(name[level:], package, level)
           ^^^^^^^^^^^^^^^^^^^^^^^^^^^^^^^^^^^^^^^^^^^^^^^^^^^^
tests/autogen_op/vit_l_32/test_vit_l_32_aten_native_layer_norm_default.py:8: in <module>
    import ttnn
E   ModuleNotFoundError: No module named 'ttnn'
_ ERROR collecting tests/autogen_op/vit_l_32/test_vit_l_32_aten_permute_default.py _
ImportError while importing test module '/Users/Ajay17/pytorch2.0_ttnn/tests/autogen_op/vit_l_32/test_vit_l_32_aten_permute_default.py'.
Hint: make sure your test modules/packages have valid Python names.
Traceback:
../.pyenv/versions/3.11.10/lib/python3.11/importlib/__init__.py:126: in import_module
    return _bootstrap._gcd_import(name[level:], package, level)
           ^^^^^^^^^^^^^^^^^^^^^^^^^^^^^^^^^^^^^^^^^^^^^^^^^^^^
tests/autogen_op/vit_l_32/test_vit_l_32_aten_permute_default.py:8: in <module>
    import ttnn
E   ModuleNotFoundError: No module named 'ttnn'
_ ERROR collecting tests/autogen_op/vit_l_32/test_vit_l_32_aten_select_int.py __
ImportError while importing test module '/Users/Ajay17/pytorch2.0_ttnn/tests/autogen_op/vit_l_32/test_vit_l_32_aten_select_int.py'.
Hint: make sure your test modules/packages have valid Python names.
Traceback:
../.pyenv/versions/3.11.10/lib/python3.11/importlib/__init__.py:126: in import_module
    return _bootstrap._gcd_import(name[level:], package, level)
           ^^^^^^^^^^^^^^^^^^^^^^^^^^^^^^^^^^^^^^^^^^^^^^^^^^^^
tests/autogen_op/vit_l_32/test_vit_l_32_aten_select_int.py:8: in <module>
    import ttnn
E   ModuleNotFoundError: No module named 'ttnn'
_ ERROR collecting tests/autogen_op/vit_l_32/test_vit_l_32_aten_slice_Tensor.py _
ImportError while importing test module '/Users/Ajay17/pytorch2.0_ttnn/tests/autogen_op/vit_l_32/test_vit_l_32_aten_slice_Tensor.py'.
Hint: make sure your test modules/packages have valid Python names.
Traceback:
../.pyenv/versions/3.11.10/lib/python3.11/importlib/__init__.py:126: in import_module
    return _bootstrap._gcd_import(name[level:], package, level)
           ^^^^^^^^^^^^^^^^^^^^^^^^^^^^^^^^^^^^^^^^^^^^^^^^^^^^
tests/autogen_op/vit_l_32/test_vit_l_32_aten_slice_Tensor.py:8: in <module>
    import ttnn
E   ModuleNotFoundError: No module named 'ttnn'
_ ERROR collecting tests/autogen_op/vit_l_32/test_vit_l_32_aten_squeeze_dim.py _
ImportError while importing test module '/Users/Ajay17/pytorch2.0_ttnn/tests/autogen_op/vit_l_32/test_vit_l_32_aten_squeeze_dim.py'.
Hint: make sure your test modules/packages have valid Python names.
Traceback:
../.pyenv/versions/3.11.10/lib/python3.11/importlib/__init__.py:126: in import_module
    return _bootstrap._gcd_import(name[level:], package, level)
           ^^^^^^^^^^^^^^^^^^^^^^^^^^^^^^^^^^^^^^^^^^^^^^^^^^^^
tests/autogen_op/vit_l_32/test_vit_l_32_aten_squeeze_dim.py:8: in <module>
    import ttnn
E   ModuleNotFoundError: No module named 'ttnn'
__ ERROR collecting tests/autogen_op/vit_l_32/test_vit_l_32_aten_t_default.py __
ImportError while importing test module '/Users/Ajay17/pytorch2.0_ttnn/tests/autogen_op/vit_l_32/test_vit_l_32_aten_t_default.py'.
Hint: make sure your test modules/packages have valid Python names.
Traceback:
../.pyenv/versions/3.11.10/lib/python3.11/importlib/__init__.py:126: in import_module
    return _bootstrap._gcd_import(name[level:], package, level)
           ^^^^^^^^^^^^^^^^^^^^^^^^^^^^^^^^^^^^^^^^^^^^^^^^^^^^
tests/autogen_op/vit_l_32/test_vit_l_32_aten_t_default.py:8: in <module>
    import ttnn
E   ModuleNotFoundError: No module named 'ttnn'
_ ERROR collecting tests/autogen_op/vit_l_32/test_vit_l_32_aten_transpose_int.py _
ImportError while importing test module '/Users/Ajay17/pytorch2.0_ttnn/tests/autogen_op/vit_l_32/test_vit_l_32_aten_transpose_int.py'.
Hint: make sure your test modules/packages have valid Python names.
Traceback:
../.pyenv/versions/3.11.10/lib/python3.11/importlib/__init__.py:126: in import_module
    return _bootstrap._gcd_import(name[level:], package, level)
           ^^^^^^^^^^^^^^^^^^^^^^^^^^^^^^^^^^^^^^^^^^^^^^^^^^^^
tests/autogen_op/vit_l_32/test_vit_l_32_aten_transpose_int.py:8: in <module>
    import ttnn
E   ModuleNotFoundError: No module named 'ttnn'
_ ERROR collecting tests/autogen_op/vit_l_32/test_vit_l_32_aten_unsqueeze_default.py _
ImportError while importing test module '/Users/Ajay17/pytorch2.0_ttnn/tests/autogen_op/vit_l_32/test_vit_l_32_aten_unsqueeze_default.py'.
Hint: make sure your test modules/packages have valid Python names.
Traceback:
../.pyenv/versions/3.11.10/lib/python3.11/importlib/__init__.py:126: in import_module
    return _bootstrap._gcd_import(name[level:], package, level)
           ^^^^^^^^^^^^^^^^^^^^^^^^^^^^^^^^^^^^^^^^^^^^^^^^^^^^
tests/autogen_op/vit_l_32/test_vit_l_32_aten_unsqueeze_default.py:8: in <module>
    import ttnn
E   ModuleNotFoundError: No module named 'ttnn'
_ ERROR collecting tests/autogen_op/vit_l_32/test_vit_l_32_aten_view_default.py _
ImportError while importing test module '/Users/Ajay17/pytorch2.0_ttnn/tests/autogen_op/vit_l_32/test_vit_l_32_aten_view_default.py'.
Hint: make sure your test modules/packages have valid Python names.
Traceback:
../.pyenv/versions/3.11.10/lib/python3.11/importlib/__init__.py:126: in import_module
    return _bootstrap._gcd_import(name[level:], package, level)
           ^^^^^^^^^^^^^^^^^^^^^^^^^^^^^^^^^^^^^^^^^^^^^^^^^^^^
tests/autogen_op/vit_l_32/test_vit_l_32_aten_view_default.py:8: in <module>
    import ttnn
E   ModuleNotFoundError: No module named 'ttnn'
_ ERROR collecting tests/autogen_op/wide_resnet101_2/test_wide_resnet101_2_aten__native_batch_norm_legit_no_training_default.py _
ImportError while importing test module '/Users/Ajay17/pytorch2.0_ttnn/tests/autogen_op/wide_resnet101_2/test_wide_resnet101_2_aten__native_batch_norm_legit_no_training_default.py'.
Hint: make sure your test modules/packages have valid Python names.
Traceback:
../.pyenv/versions/3.11.10/lib/python3.11/importlib/__init__.py:126: in import_module
    return _bootstrap._gcd_import(name[level:], package, level)
           ^^^^^^^^^^^^^^^^^^^^^^^^^^^^^^^^^^^^^^^^^^^^^^^^^^^^
tests/autogen_op/wide_resnet101_2/test_wide_resnet101_2_aten__native_batch_norm_legit_no_training_default.py:8: in <module>
    import ttnn
E   ModuleNotFoundError: No module named 'ttnn'
_ ERROR collecting tests/autogen_op/wide_resnet101_2/test_wide_resnet101_2_aten_add_Tensor.py _
ImportError while importing test module '/Users/Ajay17/pytorch2.0_ttnn/tests/autogen_op/wide_resnet101_2/test_wide_resnet101_2_aten_add_Tensor.py'.
Hint: make sure your test modules/packages have valid Python names.
Traceback:
../.pyenv/versions/3.11.10/lib/python3.11/importlib/__init__.py:126: in import_module
    return _bootstrap._gcd_import(name[level:], package, level)
           ^^^^^^^^^^^^^^^^^^^^^^^^^^^^^^^^^^^^^^^^^^^^^^^^^^^^
tests/autogen_op/wide_resnet101_2/test_wide_resnet101_2_aten_add_Tensor.py:8: in <module>
    import ttnn
E   ModuleNotFoundError: No module named 'ttnn'
_ ERROR collecting tests/autogen_op/wide_resnet101_2/test_wide_resnet101_2_aten_addmm_default.py _
ImportError while importing test module '/Users/Ajay17/pytorch2.0_ttnn/tests/autogen_op/wide_resnet101_2/test_wide_resnet101_2_aten_addmm_default.py'.
Hint: make sure your test modules/packages have valid Python names.
Traceback:
../.pyenv/versions/3.11.10/lib/python3.11/importlib/__init__.py:126: in import_module
    return _bootstrap._gcd_import(name[level:], package, level)
           ^^^^^^^^^^^^^^^^^^^^^^^^^^^^^^^^^^^^^^^^^^^^^^^^^^^^
tests/autogen_op/wide_resnet101_2/test_wide_resnet101_2_aten_addmm_default.py:8: in <module>
    import ttnn
E   ModuleNotFoundError: No module named 'ttnn'
_ ERROR collecting tests/autogen_op/wide_resnet101_2/test_wide_resnet101_2_aten_convolution_default.py _
ImportError while importing test module '/Users/Ajay17/pytorch2.0_ttnn/tests/autogen_op/wide_resnet101_2/test_wide_resnet101_2_aten_convolution_default.py'.
Hint: make sure your test modules/packages have valid Python names.
Traceback:
../.pyenv/versions/3.11.10/lib/python3.11/importlib/__init__.py:126: in import_module
    return _bootstrap._gcd_import(name[level:], package, level)
           ^^^^^^^^^^^^^^^^^^^^^^^^^^^^^^^^^^^^^^^^^^^^^^^^^^^^
tests/autogen_op/wide_resnet101_2/test_wide_resnet101_2_aten_convolution_default.py:8: in <module>
    import ttnn
E   ModuleNotFoundError: No module named 'ttnn'
_ ERROR collecting tests/autogen_op/wide_resnet101_2/test_wide_resnet101_2_aten_max_pool2d_with_indices_default.py _
ImportError while importing test module '/Users/Ajay17/pytorch2.0_ttnn/tests/autogen_op/wide_resnet101_2/test_wide_resnet101_2_aten_max_pool2d_with_indices_default.py'.
Hint: make sure your test modules/packages have valid Python names.
Traceback:
../.pyenv/versions/3.11.10/lib/python3.11/importlib/__init__.py:126: in import_module
    return _bootstrap._gcd_import(name[level:], package, level)
           ^^^^^^^^^^^^^^^^^^^^^^^^^^^^^^^^^^^^^^^^^^^^^^^^^^^^
tests/autogen_op/wide_resnet101_2/test_wide_resnet101_2_aten_max_pool2d_with_indices_default.py:8: in <module>
    import ttnn
E   ModuleNotFoundError: No module named 'ttnn'
_ ERROR collecting tests/autogen_op/wide_resnet101_2/test_wide_resnet101_2_aten_mean_dim.py _
ImportError while importing test module '/Users/Ajay17/pytorch2.0_ttnn/tests/autogen_op/wide_resnet101_2/test_wide_resnet101_2_aten_mean_dim.py'.
Hint: make sure your test modules/packages have valid Python names.
Traceback:
../.pyenv/versions/3.11.10/lib/python3.11/importlib/__init__.py:126: in import_module
    return _bootstrap._gcd_import(name[level:], package, level)
           ^^^^^^^^^^^^^^^^^^^^^^^^^^^^^^^^^^^^^^^^^^^^^^^^^^^^
tests/autogen_op/wide_resnet101_2/test_wide_resnet101_2_aten_mean_dim.py:8: in <module>
    import ttnn
E   ModuleNotFoundError: No module named 'ttnn'
_ ERROR collecting tests/autogen_op/wide_resnet101_2/test_wide_resnet101_2_aten_relu_default.py _
ImportError while importing test module '/Users/Ajay17/pytorch2.0_ttnn/tests/autogen_op/wide_resnet101_2/test_wide_resnet101_2_aten_relu_default.py'.
Hint: make sure your test modules/packages have valid Python names.
Traceback:
../.pyenv/versions/3.11.10/lib/python3.11/importlib/__init__.py:126: in import_module
    return _bootstrap._gcd_import(name[level:], package, level)
           ^^^^^^^^^^^^^^^^^^^^^^^^^^^^^^^^^^^^^^^^^^^^^^^^^^^^
tests/autogen_op/wide_resnet101_2/test_wide_resnet101_2_aten_relu_default.py:8: in <module>
    import ttnn
E   ModuleNotFoundError: No module named 'ttnn'
_ ERROR collecting tests/autogen_op/wide_resnet101_2/test_wide_resnet101_2_aten_t_default.py _
ImportError while importing test module '/Users/Ajay17/pytorch2.0_ttnn/tests/autogen_op/wide_resnet101_2/test_wide_resnet101_2_aten_t_default.py'.
Hint: make sure your test modules/packages have valid Python names.
Traceback:
../.pyenv/versions/3.11.10/lib/python3.11/importlib/__init__.py:126: in import_module
    return _bootstrap._gcd_import(name[level:], package, level)
           ^^^^^^^^^^^^^^^^^^^^^^^^^^^^^^^^^^^^^^^^^^^^^^^^^^^^
tests/autogen_op/wide_resnet101_2/test_wide_resnet101_2_aten_t_default.py:8: in <module>
    import ttnn
E   ModuleNotFoundError: No module named 'ttnn'
_ ERROR collecting tests/autogen_op/wide_resnet101_2/test_wide_resnet101_2_aten_view_default.py _
ImportError while importing test module '/Users/Ajay17/pytorch2.0_ttnn/tests/autogen_op/wide_resnet101_2/test_wide_resnet101_2_aten_view_default.py'.
Hint: make sure your test modules/packages have valid Python names.
Traceback:
../.pyenv/versions/3.11.10/lib/python3.11/importlib/__init__.py:126: in import_module
    return _bootstrap._gcd_import(name[level:], package, level)
           ^^^^^^^^^^^^^^^^^^^^^^^^^^^^^^^^^^^^^^^^^^^^^^^^^^^^
tests/autogen_op/wide_resnet101_2/test_wide_resnet101_2_aten_view_default.py:8: in <module>
    import ttnn
E   ModuleNotFoundError: No module named 'ttnn'
_ ERROR collecting tests/autogen_op/wide_resnet50_2/test_wide_resnet50_2_aten__native_batch_norm_legit_no_training_default.py _
ImportError while importing test module '/Users/Ajay17/pytorch2.0_ttnn/tests/autogen_op/wide_resnet50_2/test_wide_resnet50_2_aten__native_batch_norm_legit_no_training_default.py'.
Hint: make sure your test modules/packages have valid Python names.
Traceback:
../.pyenv/versions/3.11.10/lib/python3.11/importlib/__init__.py:126: in import_module
    return _bootstrap._gcd_import(name[level:], package, level)
           ^^^^^^^^^^^^^^^^^^^^^^^^^^^^^^^^^^^^^^^^^^^^^^^^^^^^
tests/autogen_op/wide_resnet50_2/test_wide_resnet50_2_aten__native_batch_norm_legit_no_training_default.py:8: in <module>
    import ttnn
E   ModuleNotFoundError: No module named 'ttnn'
_ ERROR collecting tests/autogen_op/wide_resnet50_2/test_wide_resnet50_2_aten_add_Tensor.py _
ImportError while importing test module '/Users/Ajay17/pytorch2.0_ttnn/tests/autogen_op/wide_resnet50_2/test_wide_resnet50_2_aten_add_Tensor.py'.
Hint: make sure your test modules/packages have valid Python names.
Traceback:
../.pyenv/versions/3.11.10/lib/python3.11/importlib/__init__.py:126: in import_module
    return _bootstrap._gcd_import(name[level:], package, level)
           ^^^^^^^^^^^^^^^^^^^^^^^^^^^^^^^^^^^^^^^^^^^^^^^^^^^^
tests/autogen_op/wide_resnet50_2/test_wide_resnet50_2_aten_add_Tensor.py:8: in <module>
    import ttnn
E   ModuleNotFoundError: No module named 'ttnn'
_ ERROR collecting tests/autogen_op/wide_resnet50_2/test_wide_resnet50_2_aten_addmm_default.py _
ImportError while importing test module '/Users/Ajay17/pytorch2.0_ttnn/tests/autogen_op/wide_resnet50_2/test_wide_resnet50_2_aten_addmm_default.py'.
Hint: make sure your test modules/packages have valid Python names.
Traceback:
../.pyenv/versions/3.11.10/lib/python3.11/importlib/__init__.py:126: in import_module
    return _bootstrap._gcd_import(name[level:], package, level)
           ^^^^^^^^^^^^^^^^^^^^^^^^^^^^^^^^^^^^^^^^^^^^^^^^^^^^
tests/autogen_op/wide_resnet50_2/test_wide_resnet50_2_aten_addmm_default.py:8: in <module>
    import ttnn
E   ModuleNotFoundError: No module named 'ttnn'
_ ERROR collecting tests/autogen_op/wide_resnet50_2/test_wide_resnet50_2_aten_convolution_default.py _
ImportError while importing test module '/Users/Ajay17/pytorch2.0_ttnn/tests/autogen_op/wide_resnet50_2/test_wide_resnet50_2_aten_convolution_default.py'.
Hint: make sure your test modules/packages have valid Python names.
Traceback:
../.pyenv/versions/3.11.10/lib/python3.11/importlib/__init__.py:126: in import_module
    return _bootstrap._gcd_import(name[level:], package, level)
           ^^^^^^^^^^^^^^^^^^^^^^^^^^^^^^^^^^^^^^^^^^^^^^^^^^^^
tests/autogen_op/wide_resnet50_2/test_wide_resnet50_2_aten_convolution_default.py:8: in <module>
    import ttnn
E   ModuleNotFoundError: No module named 'ttnn'
_ ERROR collecting tests/autogen_op/wide_resnet50_2/test_wide_resnet50_2_aten_max_pool2d_with_indices_default.py _
ImportError while importing test module '/Users/Ajay17/pytorch2.0_ttnn/tests/autogen_op/wide_resnet50_2/test_wide_resnet50_2_aten_max_pool2d_with_indices_default.py'.
Hint: make sure your test modules/packages have valid Python names.
Traceback:
../.pyenv/versions/3.11.10/lib/python3.11/importlib/__init__.py:126: in import_module
    return _bootstrap._gcd_import(name[level:], package, level)
           ^^^^^^^^^^^^^^^^^^^^^^^^^^^^^^^^^^^^^^^^^^^^^^^^^^^^
tests/autogen_op/wide_resnet50_2/test_wide_resnet50_2_aten_max_pool2d_with_indices_default.py:8: in <module>
    import ttnn
E   ModuleNotFoundError: No module named 'ttnn'
_ ERROR collecting tests/autogen_op/wide_resnet50_2/test_wide_resnet50_2_aten_mean_dim.py _
ImportError while importing test module '/Users/Ajay17/pytorch2.0_ttnn/tests/autogen_op/wide_resnet50_2/test_wide_resnet50_2_aten_mean_dim.py'.
Hint: make sure your test modules/packages have valid Python names.
Traceback:
../.pyenv/versions/3.11.10/lib/python3.11/importlib/__init__.py:126: in import_module
    return _bootstrap._gcd_import(name[level:], package, level)
           ^^^^^^^^^^^^^^^^^^^^^^^^^^^^^^^^^^^^^^^^^^^^^^^^^^^^
tests/autogen_op/wide_resnet50_2/test_wide_resnet50_2_aten_mean_dim.py:8: in <module>
    import ttnn
E   ModuleNotFoundError: No module named 'ttnn'
_ ERROR collecting tests/autogen_op/wide_resnet50_2/test_wide_resnet50_2_aten_relu_default.py _
ImportError while importing test module '/Users/Ajay17/pytorch2.0_ttnn/tests/autogen_op/wide_resnet50_2/test_wide_resnet50_2_aten_relu_default.py'.
Hint: make sure your test modules/packages have valid Python names.
Traceback:
../.pyenv/versions/3.11.10/lib/python3.11/importlib/__init__.py:126: in import_module
    return _bootstrap._gcd_import(name[level:], package, level)
           ^^^^^^^^^^^^^^^^^^^^^^^^^^^^^^^^^^^^^^^^^^^^^^^^^^^^
tests/autogen_op/wide_resnet50_2/test_wide_resnet50_2_aten_relu_default.py:8: in <module>
    import ttnn
E   ModuleNotFoundError: No module named 'ttnn'
_ ERROR collecting tests/autogen_op/wide_resnet50_2/test_wide_resnet50_2_aten_t_default.py _
ImportError while importing test module '/Users/Ajay17/pytorch2.0_ttnn/tests/autogen_op/wide_resnet50_2/test_wide_resnet50_2_aten_t_default.py'.
Hint: make sure your test modules/packages have valid Python names.
Traceback:
../.pyenv/versions/3.11.10/lib/python3.11/importlib/__init__.py:126: in import_module
    return _bootstrap._gcd_import(name[level:], package, level)
           ^^^^^^^^^^^^^^^^^^^^^^^^^^^^^^^^^^^^^^^^^^^^^^^^^^^^
tests/autogen_op/wide_resnet50_2/test_wide_resnet50_2_aten_t_default.py:8: in <module>
    import ttnn
E   ModuleNotFoundError: No module named 'ttnn'
_ ERROR collecting tests/autogen_op/wide_resnet50_2/test_wide_resnet50_2_aten_view_default.py _
ImportError while importing test module '/Users/Ajay17/pytorch2.0_ttnn/tests/autogen_op/wide_resnet50_2/test_wide_resnet50_2_aten_view_default.py'.
Hint: make sure your test modules/packages have valid Python names.
Traceback:
../.pyenv/versions/3.11.10/lib/python3.11/importlib/__init__.py:126: in import_module
    return _bootstrap._gcd_import(name[level:], package, level)
           ^^^^^^^^^^^^^^^^^^^^^^^^^^^^^^^^^^^^^^^^^^^^^^^^^^^^
tests/autogen_op/wide_resnet50_2/test_wide_resnet50_2_aten_view_default.py:8: in <module>
    import ttnn
E   ModuleNotFoundError: No module named 'ttnn'
_ ERROR collecting tests/autogen_op/xception71_tf_in1k/test_xception71_tf_in1k_aten__native_batch_norm_legit_no_training_default.py _
ImportError while importing test module '/Users/Ajay17/pytorch2.0_ttnn/tests/autogen_op/xception71_tf_in1k/test_xception71_tf_in1k_aten__native_batch_norm_legit_no_training_default.py'.
Hint: make sure your test modules/packages have valid Python names.
Traceback:
../.pyenv/versions/3.11.10/lib/python3.11/importlib/__init__.py:126: in import_module
    return _bootstrap._gcd_import(name[level:], package, level)
           ^^^^^^^^^^^^^^^^^^^^^^^^^^^^^^^^^^^^^^^^^^^^^^^^^^^^
tests/autogen_op/xception71_tf_in1k/test_xception71_tf_in1k_aten__native_batch_norm_legit_no_training_default.py:8: in <module>
    import ttnn
E   ModuleNotFoundError: No module named 'ttnn'
_ ERROR collecting tests/autogen_op/xception71_tf_in1k/test_xception71_tf_in1k_aten_add_Tensor.py _
ImportError while importing test module '/Users/Ajay17/pytorch2.0_ttnn/tests/autogen_op/xception71_tf_in1k/test_xception71_tf_in1k_aten_add_Tensor.py'.
Hint: make sure your test modules/packages have valid Python names.
Traceback:
../.pyenv/versions/3.11.10/lib/python3.11/importlib/__init__.py:126: in import_module
    return _bootstrap._gcd_import(name[level:], package, level)
           ^^^^^^^^^^^^^^^^^^^^^^^^^^^^^^^^^^^^^^^^^^^^^^^^^^^^
tests/autogen_op/xception71_tf_in1k/test_xception71_tf_in1k_aten_add_Tensor.py:8: in <module>
    import ttnn
E   ModuleNotFoundError: No module named 'ttnn'
_ ERROR collecting tests/autogen_op/xception71_tf_in1k/test_xception71_tf_in1k_aten_addmm_default.py _
ImportError while importing test module '/Users/Ajay17/pytorch2.0_ttnn/tests/autogen_op/xception71_tf_in1k/test_xception71_tf_in1k_aten_addmm_default.py'.
Hint: make sure your test modules/packages have valid Python names.
Traceback:
../.pyenv/versions/3.11.10/lib/python3.11/importlib/__init__.py:126: in import_module
    return _bootstrap._gcd_import(name[level:], package, level)
           ^^^^^^^^^^^^^^^^^^^^^^^^^^^^^^^^^^^^^^^^^^^^^^^^^^^^
tests/autogen_op/xception71_tf_in1k/test_xception71_tf_in1k_aten_addmm_default.py:8: in <module>
    import ttnn
E   ModuleNotFoundError: No module named 'ttnn'
_ ERROR collecting tests/autogen_op/xception71_tf_in1k/test_xception71_tf_in1k_aten_clone_default.py _
ImportError while importing test module '/Users/Ajay17/pytorch2.0_ttnn/tests/autogen_op/xception71_tf_in1k/test_xception71_tf_in1k_aten_clone_default.py'.
Hint: make sure your test modules/packages have valid Python names.
Traceback:
../.pyenv/versions/3.11.10/lib/python3.11/importlib/__init__.py:126: in import_module
    return _bootstrap._gcd_import(name[level:], package, level)
           ^^^^^^^^^^^^^^^^^^^^^^^^^^^^^^^^^^^^^^^^^^^^^^^^^^^^
tests/autogen_op/xception71_tf_in1k/test_xception71_tf_in1k_aten_clone_default.py:8: in <module>
    import ttnn
E   ModuleNotFoundError: No module named 'ttnn'
_ ERROR collecting tests/autogen_op/xception71_tf_in1k/test_xception71_tf_in1k_aten_convolution_default.py _
ImportError while importing test module '/Users/Ajay17/pytorch2.0_ttnn/tests/autogen_op/xception71_tf_in1k/test_xception71_tf_in1k_aten_convolution_default.py'.
Hint: make sure your test modules/packages have valid Python names.
Traceback:
../.pyenv/versions/3.11.10/lib/python3.11/importlib/__init__.py:126: in import_module
    return _bootstrap._gcd_import(name[level:], package, level)
           ^^^^^^^^^^^^^^^^^^^^^^^^^^^^^^^^^^^^^^^^^^^^^^^^^^^^
tests/autogen_op/xception71_tf_in1k/test_xception71_tf_in1k_aten_convolution_default.py:8: in <module>
    import ttnn
E   ModuleNotFoundError: No module named 'ttnn'
_ ERROR collecting tests/autogen_op/xception71_tf_in1k/test_xception71_tf_in1k_aten_mean_dim.py _
ImportError while importing test module '/Users/Ajay17/pytorch2.0_ttnn/tests/autogen_op/xception71_tf_in1k/test_xception71_tf_in1k_aten_mean_dim.py'.
Hint: make sure your test modules/packages have valid Python names.
Traceback:
../.pyenv/versions/3.11.10/lib/python3.11/importlib/__init__.py:126: in import_module
    return _bootstrap._gcd_import(name[level:], package, level)
           ^^^^^^^^^^^^^^^^^^^^^^^^^^^^^^^^^^^^^^^^^^^^^^^^^^^^
tests/autogen_op/xception71_tf_in1k/test_xception71_tf_in1k_aten_mean_dim.py:8: in <module>
    import ttnn
E   ModuleNotFoundError: No module named 'ttnn'
_ ERROR collecting tests/autogen_op/xception71_tf_in1k/test_xception71_tf_in1k_aten_relu_default.py _
ImportError while importing test module '/Users/Ajay17/pytorch2.0_ttnn/tests/autogen_op/xception71_tf_in1k/test_xception71_tf_in1k_aten_relu_default.py'.
Hint: make sure your test modules/packages have valid Python names.
Traceback:
../.pyenv/versions/3.11.10/lib/python3.11/importlib/__init__.py:126: in import_module
    return _bootstrap._gcd_import(name[level:], package, level)
           ^^^^^^^^^^^^^^^^^^^^^^^^^^^^^^^^^^^^^^^^^^^^^^^^^^^^
tests/autogen_op/xception71_tf_in1k/test_xception71_tf_in1k_aten_relu_default.py:8: in <module>
    import ttnn
E   ModuleNotFoundError: No module named 'ttnn'
_ ERROR collecting tests/autogen_op/xception71_tf_in1k/test_xception71_tf_in1k_aten_t_default.py _
ImportError while importing test module '/Users/Ajay17/pytorch2.0_ttnn/tests/autogen_op/xception71_tf_in1k/test_xception71_tf_in1k_aten_t_default.py'.
Hint: make sure your test modules/packages have valid Python names.
Traceback:
../.pyenv/versions/3.11.10/lib/python3.11/importlib/__init__.py:126: in import_module
    return _bootstrap._gcd_import(name[level:], package, level)
           ^^^^^^^^^^^^^^^^^^^^^^^^^^^^^^^^^^^^^^^^^^^^^^^^^^^^
tests/autogen_op/xception71_tf_in1k/test_xception71_tf_in1k_aten_t_default.py:8: in <module>
    import ttnn
E   ModuleNotFoundError: No module named 'ttnn'
_ ERROR collecting tests/autogen_op/xception71_tf_in1k/test_xception71_tf_in1k_aten_view_default.py _
ImportError while importing test module '/Users/Ajay17/pytorch2.0_ttnn/tests/autogen_op/xception71_tf_in1k/test_xception71_tf_in1k_aten_view_default.py'.
Hint: make sure your test modules/packages have valid Python names.
Traceback:
../.pyenv/versions/3.11.10/lib/python3.11/importlib/__init__.py:126: in import_module
    return _bootstrap._gcd_import(name[level:], package, level)
           ^^^^^^^^^^^^^^^^^^^^^^^^^^^^^^^^^^^^^^^^^^^^^^^^^^^^
tests/autogen_op/xception71_tf_in1k/test_xception71_tf_in1k_aten_view_default.py:8: in <module>
    import ttnn
E   ModuleNotFoundError: No module named 'ttnn'
_ ERROR collecting tests/autogen_op/xception71_tf_in1k-train/test_xception71_tf_in1k-train_aten__native_batch_norm_legit_functional_default.py _
ImportError while importing test module '/Users/Ajay17/pytorch2.0_ttnn/tests/autogen_op/xception71_tf_in1k-train/test_xception71_tf_in1k-train_aten__native_batch_norm_legit_functional_default.py'.
Hint: make sure your test modules/packages have valid Python names.
Traceback:
../.pyenv/versions/3.11.10/lib/python3.11/importlib/__init__.py:126: in import_module
    return _bootstrap._gcd_import(name[level:], package, level)
           ^^^^^^^^^^^^^^^^^^^^^^^^^^^^^^^^^^^^^^^^^^^^^^^^^^^^
tests/autogen_op/xception71_tf_in1k-train/test_xception71_tf_in1k-train_aten__native_batch_norm_legit_functional_default.py:8: in <module>
    import ttnn
E   ModuleNotFoundError: No module named 'ttnn'
_ ERROR collecting tests/autogen_op/xception71_tf_in1k-train/test_xception71_tf_in1k-train_aten__to_copy_default.py _
ImportError while importing test module '/Users/Ajay17/pytorch2.0_ttnn/tests/autogen_op/xception71_tf_in1k-train/test_xception71_tf_in1k-train_aten__to_copy_default.py'.
Hint: make sure your test modules/packages have valid Python names.
Traceback:
../.pyenv/versions/3.11.10/lib/python3.11/importlib/__init__.py:126: in import_module
    return _bootstrap._gcd_import(name[level:], package, level)
           ^^^^^^^^^^^^^^^^^^^^^^^^^^^^^^^^^^^^^^^^^^^^^^^^^^^^
tests/autogen_op/xception71_tf_in1k-train/test_xception71_tf_in1k-train_aten__to_copy_default.py:8: in <module>
    import ttnn
E   ModuleNotFoundError: No module named 'ttnn'
_ ERROR collecting tests/autogen_op/xception71_tf_in1k-train/test_xception71_tf_in1k-train_aten_add_Tensor.py _
ImportError while importing test module '/Users/Ajay17/pytorch2.0_ttnn/tests/autogen_op/xception71_tf_in1k-train/test_xception71_tf_in1k-train_aten_add_Tensor.py'.
Hint: make sure your test modules/packages have valid Python names.
Traceback:
../.pyenv/versions/3.11.10/lib/python3.11/importlib/__init__.py:126: in import_module
    return _bootstrap._gcd_import(name[level:], package, level)
           ^^^^^^^^^^^^^^^^^^^^^^^^^^^^^^^^^^^^^^^^^^^^^^^^^^^^
tests/autogen_op/xception71_tf_in1k-train/test_xception71_tf_in1k-train_aten_add_Tensor.py:8: in <module>
    import ttnn
E   ModuleNotFoundError: No module named 'ttnn'
_ ERROR collecting tests/autogen_op/xception71_tf_in1k-train/test_xception71_tf_in1k-train_aten_addmm_default.py _
ImportError while importing test module '/Users/Ajay17/pytorch2.0_ttnn/tests/autogen_op/xception71_tf_in1k-train/test_xception71_tf_in1k-train_aten_addmm_default.py'.
Hint: make sure your test modules/packages have valid Python names.
Traceback:
../.pyenv/versions/3.11.10/lib/python3.11/importlib/__init__.py:126: in import_module
    return _bootstrap._gcd_import(name[level:], package, level)
           ^^^^^^^^^^^^^^^^^^^^^^^^^^^^^^^^^^^^^^^^^^^^^^^^^^^^
tests/autogen_op/xception71_tf_in1k-train/test_xception71_tf_in1k-train_aten_addmm_default.py:8: in <module>
    import ttnn
E   ModuleNotFoundError: No module named 'ttnn'
_ ERROR collecting tests/autogen_op/xception71_tf_in1k-train/test_xception71_tf_in1k-train_aten_clone_default.py _
ImportError while importing test module '/Users/Ajay17/pytorch2.0_ttnn/tests/autogen_op/xception71_tf_in1k-train/test_xception71_tf_in1k-train_aten_clone_default.py'.
Hint: make sure your test modules/packages have valid Python names.
Traceback:
../.pyenv/versions/3.11.10/lib/python3.11/importlib/__init__.py:126: in import_module
    return _bootstrap._gcd_import(name[level:], package, level)
           ^^^^^^^^^^^^^^^^^^^^^^^^^^^^^^^^^^^^^^^^^^^^^^^^^^^^
tests/autogen_op/xception71_tf_in1k-train/test_xception71_tf_in1k-train_aten_clone_default.py:8: in <module>
    import ttnn
E   ModuleNotFoundError: No module named 'ttnn'
_ ERROR collecting tests/autogen_op/xception71_tf_in1k-train/test_xception71_tf_in1k-train_aten_convolution_backward_default.py _
ImportError while importing test module '/Users/Ajay17/pytorch2.0_ttnn/tests/autogen_op/xception71_tf_in1k-train/test_xception71_tf_in1k-train_aten_convolution_backward_default.py'.
Hint: make sure your test modules/packages have valid Python names.
Traceback:
../.pyenv/versions/3.11.10/lib/python3.11/importlib/__init__.py:126: in import_module
    return _bootstrap._gcd_import(name[level:], package, level)
           ^^^^^^^^^^^^^^^^^^^^^^^^^^^^^^^^^^^^^^^^^^^^^^^^^^^^
tests/autogen_op/xception71_tf_in1k-train/test_xception71_tf_in1k-train_aten_convolution_backward_default.py:8: in <module>
    import ttnn
E   ModuleNotFoundError: No module named 'ttnn'
_ ERROR collecting tests/autogen_op/xception71_tf_in1k-train/test_xception71_tf_in1k-train_aten_convolution_default.py _
ImportError while importing test module '/Users/Ajay17/pytorch2.0_ttnn/tests/autogen_op/xception71_tf_in1k-train/test_xception71_tf_in1k-train_aten_convolution_default.py'.
Hint: make sure your test modules/packages have valid Python names.
Traceback:
../.pyenv/versions/3.11.10/lib/python3.11/importlib/__init__.py:126: in import_module
    return _bootstrap._gcd_import(name[level:], package, level)
           ^^^^^^^^^^^^^^^^^^^^^^^^^^^^^^^^^^^^^^^^^^^^^^^^^^^^
tests/autogen_op/xception71_tf_in1k-train/test_xception71_tf_in1k-train_aten_convolution_default.py:8: in <module>
    import ttnn
E   ModuleNotFoundError: No module named 'ttnn'
_ ERROR collecting tests/autogen_op/xception71_tf_in1k-train/test_xception71_tf_in1k-train_aten_detach_default.py _
ImportError while importing test module '/Users/Ajay17/pytorch2.0_ttnn/tests/autogen_op/xception71_tf_in1k-train/test_xception71_tf_in1k-train_aten_detach_default.py'.
Hint: make sure your test modules/packages have valid Python names.
Traceback:
../.pyenv/versions/3.11.10/lib/python3.11/importlib/__init__.py:126: in import_module
    return _bootstrap._gcd_import(name[level:], package, level)
           ^^^^^^^^^^^^^^^^^^^^^^^^^^^^^^^^^^^^^^^^^^^^^^^^^^^^
tests/autogen_op/xception71_tf_in1k-train/test_xception71_tf_in1k-train_aten_detach_default.py:8: in <module>
    import ttnn
E   ModuleNotFoundError: No module named 'ttnn'
_ ERROR collecting tests/autogen_op/xception71_tf_in1k-train/test_xception71_tf_in1k-train_aten_div_Scalar.py _
ImportError while importing test module '/Users/Ajay17/pytorch2.0_ttnn/tests/autogen_op/xception71_tf_in1k-train/test_xception71_tf_in1k-train_aten_div_Scalar.py'.
Hint: make sure your test modules/packages have valid Python names.
Traceback:
../.pyenv/versions/3.11.10/lib/python3.11/importlib/__init__.py:126: in import_module
    return _bootstrap._gcd_import(name[level:], package, level)
           ^^^^^^^^^^^^^^^^^^^^^^^^^^^^^^^^^^^^^^^^^^^^^^^^^^^^
tests/autogen_op/xception71_tf_in1k-train/test_xception71_tf_in1k-train_aten_div_Scalar.py:8: in <module>
    import ttnn
E   ModuleNotFoundError: No module named 'ttnn'
_ ERROR collecting tests/autogen_op/xception71_tf_in1k-train/test_xception71_tf_in1k-train_aten_expand_default.py _
ImportError while importing test module '/Users/Ajay17/pytorch2.0_ttnn/tests/autogen_op/xception71_tf_in1k-train/test_xception71_tf_in1k-train_aten_expand_default.py'.
Hint: make sure your test modules/packages have valid Python names.
Traceback:
../.pyenv/versions/3.11.10/lib/python3.11/importlib/__init__.py:126: in import_module
    return _bootstrap._gcd_import(name[level:], package, level)
           ^^^^^^^^^^^^^^^^^^^^^^^^^^^^^^^^^^^^^^^^^^^^^^^^^^^^
tests/autogen_op/xception71_tf_in1k-train/test_xception71_tf_in1k-train_aten_expand_default.py:8: in <module>
    import ttnn
E   ModuleNotFoundError: No module named 'ttnn'
_ ERROR collecting tests/autogen_op/xception71_tf_in1k-train/test_xception71_tf_in1k-train_aten_mean_dim.py _
ImportError while importing test module '/Users/Ajay17/pytorch2.0_ttnn/tests/autogen_op/xception71_tf_in1k-train/test_xception71_tf_in1k-train_aten_mean_dim.py'.
Hint: make sure your test modules/packages have valid Python names.
Traceback:
../.pyenv/versions/3.11.10/lib/python3.11/importlib/__init__.py:126: in import_module
    return _bootstrap._gcd_import(name[level:], package, level)
           ^^^^^^^^^^^^^^^^^^^^^^^^^^^^^^^^^^^^^^^^^^^^^^^^^^^^
tests/autogen_op/xception71_tf_in1k-train/test_xception71_tf_in1k-train_aten_mean_dim.py:8: in <module>
    import ttnn
E   ModuleNotFoundError: No module named 'ttnn'
_ ERROR collecting tests/autogen_op/xception71_tf_in1k-train/test_xception71_tf_in1k-train_aten_mm_default.py _
ImportError while importing test module '/Users/Ajay17/pytorch2.0_ttnn/tests/autogen_op/xception71_tf_in1k-train/test_xception71_tf_in1k-train_aten_mm_default.py'.
Hint: make sure your test modules/packages have valid Python names.
Traceback:
../.pyenv/versions/3.11.10/lib/python3.11/importlib/__init__.py:126: in import_module
    return _bootstrap._gcd_import(name[level:], package, level)
           ^^^^^^^^^^^^^^^^^^^^^^^^^^^^^^^^^^^^^^^^^^^^^^^^^^^^
tests/autogen_op/xception71_tf_in1k-train/test_xception71_tf_in1k-train_aten_mm_default.py:8: in <module>
    import ttnn
E   ModuleNotFoundError: No module named 'ttnn'
_ ERROR collecting tests/autogen_op/xception71_tf_in1k-train/test_xception71_tf_in1k-train_aten_native_batch_norm_backward_default.py _
ImportError while importing test module '/Users/Ajay17/pytorch2.0_ttnn/tests/autogen_op/xception71_tf_in1k-train/test_xception71_tf_in1k-train_aten_native_batch_norm_backward_default.py'.
Hint: make sure your test modules/packages have valid Python names.
Traceback:
../.pyenv/versions/3.11.10/lib/python3.11/importlib/__init__.py:126: in import_module
    return _bootstrap._gcd_import(name[level:], package, level)
           ^^^^^^^^^^^^^^^^^^^^^^^^^^^^^^^^^^^^^^^^^^^^^^^^^^^^
tests/autogen_op/xception71_tf_in1k-train/test_xception71_tf_in1k-train_aten_native_batch_norm_backward_default.py:8: in <module>
    import ttnn
E   ModuleNotFoundError: No module named 'ttnn'
_ ERROR collecting tests/autogen_op/xception71_tf_in1k-train/test_xception71_tf_in1k-train_aten_relu_default.py _
ImportError while importing test module '/Users/Ajay17/pytorch2.0_ttnn/tests/autogen_op/xception71_tf_in1k-train/test_xception71_tf_in1k-train_aten_relu_default.py'.
Hint: make sure your test modules/packages have valid Python names.
Traceback:
../.pyenv/versions/3.11.10/lib/python3.11/importlib/__init__.py:126: in import_module
    return _bootstrap._gcd_import(name[level:], package, level)
           ^^^^^^^^^^^^^^^^^^^^^^^^^^^^^^^^^^^^^^^^^^^^^^^^^^^^
tests/autogen_op/xception71_tf_in1k-train/test_xception71_tf_in1k-train_aten_relu_default.py:8: in <module>
    import ttnn
E   ModuleNotFoundError: No module named 'ttnn'
_ ERROR collecting tests/autogen_op/xception71_tf_in1k-train/test_xception71_tf_in1k-train_aten_sum_dim_IntList.py _
ImportError while importing test module '/Users/Ajay17/pytorch2.0_ttnn/tests/autogen_op/xception71_tf_in1k-train/test_xception71_tf_in1k-train_aten_sum_dim_IntList.py'.
Hint: make sure your test modules/packages have valid Python names.
Traceback:
../.pyenv/versions/3.11.10/lib/python3.11/importlib/__init__.py:126: in import_module
    return _bootstrap._gcd_import(name[level:], package, level)
           ^^^^^^^^^^^^^^^^^^^^^^^^^^^^^^^^^^^^^^^^^^^^^^^^^^^^
tests/autogen_op/xception71_tf_in1k-train/test_xception71_tf_in1k-train_aten_sum_dim_IntList.py:8: in <module>
    import ttnn
E   ModuleNotFoundError: No module named 'ttnn'
_ ERROR collecting tests/autogen_op/xception71_tf_in1k-train/test_xception71_tf_in1k-train_aten_t_default.py _
ImportError while importing test module '/Users/Ajay17/pytorch2.0_ttnn/tests/autogen_op/xception71_tf_in1k-train/test_xception71_tf_in1k-train_aten_t_default.py'.
Hint: make sure your test modules/packages have valid Python names.
Traceback:
../.pyenv/versions/3.11.10/lib/python3.11/importlib/__init__.py:126: in import_module
    return _bootstrap._gcd_import(name[level:], package, level)
           ^^^^^^^^^^^^^^^^^^^^^^^^^^^^^^^^^^^^^^^^^^^^^^^^^^^^
tests/autogen_op/xception71_tf_in1k-train/test_xception71_tf_in1k-train_aten_t_default.py:8: in <module>
    import ttnn
E   ModuleNotFoundError: No module named 'ttnn'
_ ERROR collecting tests/autogen_op/xception71_tf_in1k-train/test_xception71_tf_in1k-train_aten_threshold_backward_default.py _
ImportError while importing test module '/Users/Ajay17/pytorch2.0_ttnn/tests/autogen_op/xception71_tf_in1k-train/test_xception71_tf_in1k-train_aten_threshold_backward_default.py'.
Hint: make sure your test modules/packages have valid Python names.
Traceback:
../.pyenv/versions/3.11.10/lib/python3.11/importlib/__init__.py:126: in import_module
    return _bootstrap._gcd_import(name[level:], package, level)
           ^^^^^^^^^^^^^^^^^^^^^^^^^^^^^^^^^^^^^^^^^^^^^^^^^^^^
tests/autogen_op/xception71_tf_in1k-train/test_xception71_tf_in1k-train_aten_threshold_backward_default.py:8: in <module>
    import ttnn
E   ModuleNotFoundError: No module named 'ttnn'
_ ERROR collecting tests/autogen_op/xception71_tf_in1k-train/test_xception71_tf_in1k-train_aten_view_default.py _
ImportError while importing test module '/Users/Ajay17/pytorch2.0_ttnn/tests/autogen_op/xception71_tf_in1k-train/test_xception71_tf_in1k-train_aten_view_default.py'.
Hint: make sure your test modules/packages have valid Python names.
Traceback:
../.pyenv/versions/3.11.10/lib/python3.11/importlib/__init__.py:126: in import_module
    return _bootstrap._gcd_import(name[level:], package, level)
           ^^^^^^^^^^^^^^^^^^^^^^^^^^^^^^^^^^^^^^^^^^^^^^^^^^^^
tests/autogen_op/xception71_tf_in1k-train/test_xception71_tf_in1k-train_aten_view_default.py:8: in <module>
    import ttnn
E   ModuleNotFoundError: No module named 'ttnn'
_______ ERROR collecting tests/cpp_extension/test_bert_cpp_extension.py ________
ImportError while importing test module '/Users/Ajay17/pytorch2.0_ttnn/tests/cpp_extension/test_bert_cpp_extension.py'.
Hint: make sure your test modules/packages have valid Python names.
Traceback:
../.pyenv/versions/3.11.10/lib/python3.11/importlib/__init__.py:126: in import_module
    return _bootstrap._gcd_import(name[level:], package, level)
           ^^^^^^^^^^^^^^^^^^^^^^^^^^^^^^^^^^^^^^^^^^^^^^^^^^^^
tests/cpp_extension/test_bert_cpp_extension.py:3: in <module>
    from torch_ttnn.cpp_extension import ttnn_module
torch_ttnn/cpp_extension/__init__.py:1: in <module>
    from .ttnn_device_mode import enable_ttnn_device, TtnnDeviceMode, ttnn_module
torch_ttnn/cpp_extension/ttnn_device_mode.py:5: in <module>
    import ttnn_device_extension as ttnn_module
E   ModuleNotFoundError: No module named 'ttnn_device_extension'
___ ERROR collecting tests/cpp_extension/test_cpp_extension_functionality.py ___
ImportError while importing test module '/Users/Ajay17/pytorch2.0_ttnn/tests/cpp_extension/test_cpp_extension_functionality.py'.
Hint: make sure your test modules/packages have valid Python names.
Traceback:
../.pyenv/versions/3.11.10/lib/python3.11/importlib/__init__.py:126: in import_module
    return _bootstrap._gcd_import(name[level:], package, level)
           ^^^^^^^^^^^^^^^^^^^^^^^^^^^^^^^^^^^^^^^^^^^^^^^^^^^^
tests/cpp_extension/test_cpp_extension_functionality.py:2: in <module>
    import ttnn
E   ModuleNotFoundError: No module named 'ttnn'
___________ ERROR collecting tests/lowering/creation/test_arange.py ____________
ImportError while importing test module '/Users/Ajay17/pytorch2.0_ttnn/tests/lowering/creation/test_arange.py'.
Hint: make sure your test modules/packages have valid Python names.
Traceback:
../.pyenv/versions/3.11.10/lib/python3.11/importlib/__init__.py:126: in import_module
    return _bootstrap._gcd_import(name[level:], package, level)
           ^^^^^^^^^^^^^^^^^^^^^^^^^^^^^^^^^^^^^^^^^^^^^^^^^^^^
tests/lowering/creation/test_arange.py:7: in <module>
    import ttnn
E   ModuleNotFoundError: No module named 'ttnn'
____________ ERROR collecting tests/lowering/creation/test_clone.py ____________
ImportError while importing test module '/Users/Ajay17/pytorch2.0_ttnn/tests/lowering/creation/test_clone.py'.
Hint: make sure your test modules/packages have valid Python names.
Traceback:
../.pyenv/versions/3.11.10/lib/python3.11/importlib/__init__.py:126: in import_module
    return _bootstrap._gcd_import(name[level:], package, level)
           ^^^^^^^^^^^^^^^^^^^^^^^^^^^^^^^^^^^^^^^^^^^^^^^^^^^^
tests/lowering/creation/test_clone.py:7: in <module>
    import ttnn
E   ModuleNotFoundError: No module named 'ttnn'
_________ ERROR collecting tests/lowering/creation/test_masked_fill.py _________
ImportError while importing test module '/Users/Ajay17/pytorch2.0_ttnn/tests/lowering/creation/test_masked_fill.py'.
Hint: make sure your test modules/packages have valid Python names.
Traceback:
../.pyenv/versions/3.11.10/lib/python3.11/importlib/__init__.py:126: in import_module
    return _bootstrap._gcd_import(name[level:], package, level)
           ^^^^^^^^^^^^^^^^^^^^^^^^^^^^^^^^^^^^^^^^^^^^^^^^^^^^
tests/lowering/creation/test_masked_fill.py:7: in <module>
    import ttnn
E   ModuleNotFoundError: No module named 'ttnn'
____________ ERROR collecting tests/lowering/creation/test_ones.py _____________
ImportError while importing test module '/Users/Ajay17/pytorch2.0_ttnn/tests/lowering/creation/test_ones.py'.
Hint: make sure your test modules/packages have valid Python names.
Traceback:
../.pyenv/versions/3.11.10/lib/python3.11/importlib/__init__.py:126: in import_module
    return _bootstrap._gcd_import(name[level:], package, level)
           ^^^^^^^^^^^^^^^^^^^^^^^^^^^^^^^^^^^^^^^^^^^^^^^^^^^^
tests/lowering/creation/test_ones.py:7: in <module>
    import ttnn
E   ModuleNotFoundError: No module named 'ttnn'
___________ ERROR collecting tests/lowering/creation/test_to_copy.py ___________
ImportError while importing test module '/Users/Ajay17/pytorch2.0_ttnn/tests/lowering/creation/test_to_copy.py'.
Hint: make sure your test modules/packages have valid Python names.
Traceback:
../.pyenv/versions/3.11.10/lib/python3.11/importlib/__init__.py:126: in import_module
    return _bootstrap._gcd_import(name[level:], package, level)
           ^^^^^^^^^^^^^^^^^^^^^^^^^^^^^^^^^^^^^^^^^^^^^^^^^^^^
tests/lowering/creation/test_to_copy.py:7: in <module>
    import ttnn
E   ModuleNotFoundError: No module named 'ttnn'
__________ ERROR collecting tests/lowering/eltwise/binary/test_add.py __________
ImportError while importing test module '/Users/Ajay17/pytorch2.0_ttnn/tests/lowering/eltwise/binary/test_add.py'.
Hint: make sure your test modules/packages have valid Python names.
Traceback:
../.pyenv/versions/3.11.10/lib/python3.11/importlib/__init__.py:126: in import_module
    return _bootstrap._gcd_import(name[level:], package, level)
           ^^^^^^^^^^^^^^^^^^^^^^^^^^^^^^^^^^^^^^^^^^^^^^^^^^^^
tests/lowering/eltwise/binary/test_add.py:7: in <module>
    import ttnn
E   ModuleNotFoundError: No module named 'ttnn'
_________ ERROR collecting tests/lowering/eltwise/binary/test_atan2.py _________
ImportError while importing test module '/Users/Ajay17/pytorch2.0_ttnn/tests/lowering/eltwise/binary/test_atan2.py'.
Hint: make sure your test modules/packages have valid Python names.
Traceback:
../.pyenv/versions/3.11.10/lib/python3.11/importlib/__init__.py:126: in import_module
    return _bootstrap._gcd_import(name[level:], package, level)
           ^^^^^^^^^^^^^^^^^^^^^^^^^^^^^^^^^^^^^^^^^^^^^^^^^^^^
tests/lowering/eltwise/binary/test_atan2.py:7: in <module>
    import ttnn
E   ModuleNotFoundError: No module named 'ttnn'
__________ ERROR collecting tests/lowering/eltwise/binary/test_div.py __________
ImportError while importing test module '/Users/Ajay17/pytorch2.0_ttnn/tests/lowering/eltwise/binary/test_div.py'.
Hint: make sure your test modules/packages have valid Python names.
Traceback:
../.pyenv/versions/3.11.10/lib/python3.11/importlib/__init__.py:126: in import_module
    return _bootstrap._gcd_import(name[level:], package, level)
           ^^^^^^^^^^^^^^^^^^^^^^^^^^^^^^^^^^^^^^^^^^^^^^^^^^^^
tests/lowering/eltwise/binary/test_div.py:7: in <module>
    import ttnn
E   ModuleNotFoundError: No module named 'ttnn'
__________ ERROR collecting tests/lowering/eltwise/binary/test_eq.py ___________
ImportError while importing test module '/Users/Ajay17/pytorch2.0_ttnn/tests/lowering/eltwise/binary/test_eq.py'.
Hint: make sure your test modules/packages have valid Python names.
Traceback:
../.pyenv/versions/3.11.10/lib/python3.11/importlib/__init__.py:126: in import_module
    return _bootstrap._gcd_import(name[level:], package, level)
           ^^^^^^^^^^^^^^^^^^^^^^^^^^^^^^^^^^^^^^^^^^^^^^^^^^^^
tests/lowering/eltwise/binary/test_eq.py:7: in <module>
    import ttnn
E   ModuleNotFoundError: No module named 'ttnn'
_____ ERROR collecting tests/lowering/eltwise/binary/test_floor_divide.py ______
ImportError while importing test module '/Users/Ajay17/pytorch2.0_ttnn/tests/lowering/eltwise/binary/test_floor_divide.py'.
Hint: make sure your test modules/packages have valid Python names.
Traceback:
../.pyenv/versions/3.11.10/lib/python3.11/importlib/__init__.py:126: in import_module
    return _bootstrap._gcd_import(name[level:], package, level)
           ^^^^^^^^^^^^^^^^^^^^^^^^^^^^^^^^^^^^^^^^^^^^^^^^^^^^
tests/lowering/eltwise/binary/test_floor_divide.py:7: in <module>
    import ttnn
E   ModuleNotFoundError: No module named 'ttnn'
__________ ERROR collecting tests/lowering/eltwise/binary/test_ge.py ___________
ImportError while importing test module '/Users/Ajay17/pytorch2.0_ttnn/tests/lowering/eltwise/binary/test_ge.py'.
Hint: make sure your test modules/packages have valid Python names.
Traceback:
../.pyenv/versions/3.11.10/lib/python3.11/importlib/__init__.py:126: in import_module
    return _bootstrap._gcd_import(name[level:], package, level)
           ^^^^^^^^^^^^^^^^^^^^^^^^^^^^^^^^^^^^^^^^^^^^^^^^^^^^
tests/lowering/eltwise/binary/test_ge.py:7: in <module>
    import ttnn
E   ModuleNotFoundError: No module named 'ttnn'
__________ ERROR collecting tests/lowering/eltwise/binary/test_gt.py ___________
ImportError while importing test module '/Users/Ajay17/pytorch2.0_ttnn/tests/lowering/eltwise/binary/test_gt.py'.
Hint: make sure your test modules/packages have valid Python names.
Traceback:
../.pyenv/versions/3.11.10/lib/python3.11/importlib/__init__.py:126: in import_module
    return _bootstrap._gcd_import(name[level:], package, level)
           ^^^^^^^^^^^^^^^^^^^^^^^^^^^^^^^^^^^^^^^^^^^^^^^^^^^^
tests/lowering/eltwise/binary/test_gt.py:7: in <module>
    import ttnn
E   ModuleNotFoundError: No module named 'ttnn'
__________ ERROR collecting tests/lowering/eltwise/binary/test_le.py ___________
ImportError while importing test module '/Users/Ajay17/pytorch2.0_ttnn/tests/lowering/eltwise/binary/test_le.py'.
Hint: make sure your test modules/packages have valid Python names.
Traceback:
../.pyenv/versions/3.11.10/lib/python3.11/importlib/__init__.py:126: in import_module
    return _bootstrap._gcd_import(name[level:], package, level)
           ^^^^^^^^^^^^^^^^^^^^^^^^^^^^^^^^^^^^^^^^^^^^^^^^^^^^
tests/lowering/eltwise/binary/test_le.py:7: in <module>
    import ttnn
E   ModuleNotFoundError: No module named 'ttnn'
______ ERROR collecting tests/lowering/eltwise/binary/test_logical_and.py ______
ImportError while importing test module '/Users/Ajay17/pytorch2.0_ttnn/tests/lowering/eltwise/binary/test_logical_and.py'.
Hint: make sure your test modules/packages have valid Python names.
Traceback:
../.pyenv/versions/3.11.10/lib/python3.11/importlib/__init__.py:126: in import_module
    return _bootstrap._gcd_import(name[level:], package, level)
           ^^^^^^^^^^^^^^^^^^^^^^^^^^^^^^^^^^^^^^^^^^^^^^^^^^^^
tests/lowering/eltwise/binary/test_logical_and.py:7: in <module>
    import ttnn
E   ModuleNotFoundError: No module named 'ttnn'
______ ERROR collecting tests/lowering/eltwise/binary/test_logical_or.py _______
ImportError while importing test module '/Users/Ajay17/pytorch2.0_ttnn/tests/lowering/eltwise/binary/test_logical_or.py'.
Hint: make sure your test modules/packages have valid Python names.
Traceback:
../.pyenv/versions/3.11.10/lib/python3.11/importlib/__init__.py:126: in import_module
    return _bootstrap._gcd_import(name[level:], package, level)
           ^^^^^^^^^^^^^^^^^^^^^^^^^^^^^^^^^^^^^^^^^^^^^^^^^^^^
tests/lowering/eltwise/binary/test_logical_or.py:7: in <module>
    import ttnn
E   ModuleNotFoundError: No module named 'ttnn'
______ ERROR collecting tests/lowering/eltwise/binary/test_logical_xor.py ______
ImportError while importing test module '/Users/Ajay17/pytorch2.0_ttnn/tests/lowering/eltwise/binary/test_logical_xor.py'.
Hint: make sure your test modules/packages have valid Python names.
Traceback:
../.pyenv/versions/3.11.10/lib/python3.11/importlib/__init__.py:126: in import_module
    return _bootstrap._gcd_import(name[level:], package, level)
           ^^^^^^^^^^^^^^^^^^^^^^^^^^^^^^^^^^^^^^^^^^^^^^^^^^^^
tests/lowering/eltwise/binary/test_logical_xor.py:7: in <module>
    import ttnn
E   ModuleNotFoundError: No module named 'ttnn'
__________ ERROR collecting tests/lowering/eltwise/binary/test_lt.py ___________
ImportError while importing test module '/Users/Ajay17/pytorch2.0_ttnn/tests/lowering/eltwise/binary/test_lt.py'.
Hint: make sure your test modules/packages have valid Python names.
Traceback:
../.pyenv/versions/3.11.10/lib/python3.11/importlib/__init__.py:126: in import_module
    return _bootstrap._gcd_import(name[level:], package, level)
           ^^^^^^^^^^^^^^^^^^^^^^^^^^^^^^^^^^^^^^^^^^^^^^^^^^^^
tests/lowering/eltwise/binary/test_lt.py:7: in <module>
    import ttnn
E   ModuleNotFoundError: No module named 'ttnn'
________ ERROR collecting tests/lowering/eltwise/binary/test_maximum.py ________
ImportError while importing test module '/Users/Ajay17/pytorch2.0_ttnn/tests/lowering/eltwise/binary/test_maximum.py'.
Hint: make sure your test modules/packages have valid Python names.
Traceback:
../.pyenv/versions/3.11.10/lib/python3.11/importlib/__init__.py:126: in import_module
    return _bootstrap._gcd_import(name[level:], package, level)
           ^^^^^^^^^^^^^^^^^^^^^^^^^^^^^^^^^^^^^^^^^^^^^^^^^^^^
tests/lowering/eltwise/binary/test_maximum.py:7: in <module>
    import ttnn
E   ModuleNotFoundError: No module named 'ttnn'
________ ERROR collecting tests/lowering/eltwise/binary/test_minimum.py ________
ImportError while importing test module '/Users/Ajay17/pytorch2.0_ttnn/tests/lowering/eltwise/binary/test_minimum.py'.
Hint: make sure your test modules/packages have valid Python names.
Traceback:
../.pyenv/versions/3.11.10/lib/python3.11/importlib/__init__.py:126: in import_module
    return _bootstrap._gcd_import(name[level:], package, level)
           ^^^^^^^^^^^^^^^^^^^^^^^^^^^^^^^^^^^^^^^^^^^^^^^^^^^^
tests/lowering/eltwise/binary/test_minimum.py:7: in <module>
    import ttnn
E   ModuleNotFoundError: No module named 'ttnn'
__________ ERROR collecting tests/lowering/eltwise/binary/test_mul.py __________
ImportError while importing test module '/Users/Ajay17/pytorch2.0_ttnn/tests/lowering/eltwise/binary/test_mul.py'.
Hint: make sure your test modules/packages have valid Python names.
Traceback:
../.pyenv/versions/3.11.10/lib/python3.11/importlib/__init__.py:126: in import_module
    return _bootstrap._gcd_import(name[level:], package, level)
           ^^^^^^^^^^^^^^^^^^^^^^^^^^^^^^^^^^^^^^^^^^^^^^^^^^^^
tests/lowering/eltwise/binary/test_mul.py:7: in <module>
    import ttnn
E   ModuleNotFoundError: No module named 'ttnn'
__________ ERROR collecting tests/lowering/eltwise/binary/test_ne.py ___________
ImportError while importing test module '/Users/Ajay17/pytorch2.0_ttnn/tests/lowering/eltwise/binary/test_ne.py'.
Hint: make sure your test modules/packages have valid Python names.
Traceback:
../.pyenv/versions/3.11.10/lib/python3.11/importlib/__init__.py:126: in import_module
    return _bootstrap._gcd_import(name[level:], package, level)
           ^^^^^^^^^^^^^^^^^^^^^^^^^^^^^^^^^^^^^^^^^^^^^^^^^^^^
tests/lowering/eltwise/binary/test_ne.py:7: in <module>
    import ttnn
E   ModuleNotFoundError: No module named 'ttnn'
______ ERROR collecting tests/lowering/eltwise/binary/test_pow_scalar.py _______
ImportError while importing test module '/Users/Ajay17/pytorch2.0_ttnn/tests/lowering/eltwise/binary/test_pow_scalar.py'.
Hint: make sure your test modules/packages have valid Python names.
Traceback:
../.pyenv/versions/3.11.10/lib/python3.11/importlib/__init__.py:126: in import_module
    return _bootstrap._gcd_import(name[level:], package, level)
           ^^^^^^^^^^^^^^^^^^^^^^^^^^^^^^^^^^^^^^^^^^^^^^^^^^^^
tests/lowering/eltwise/binary/test_pow_scalar.py:7: in <module>
    import ttnn
E   ModuleNotFoundError: No module named 'ttnn'
___ ERROR collecting tests/lowering/eltwise/binary/test_pow_tensor_scalar.py ___
ImportError while importing test module '/Users/Ajay17/pytorch2.0_ttnn/tests/lowering/eltwise/binary/test_pow_tensor_scalar.py'.
Hint: make sure your test modules/packages have valid Python names.
Traceback:
../.pyenv/versions/3.11.10/lib/python3.11/importlib/__init__.py:126: in import_module
    return _bootstrap._gcd_import(name[level:], package, level)
           ^^^^^^^^^^^^^^^^^^^^^^^^^^^^^^^^^^^^^^^^^^^^^^^^^^^^
tests/lowering/eltwise/binary/test_pow_tensor_scalar.py:7: in <module>
    import ttnn
E   ModuleNotFoundError: No module named 'ttnn'
___ ERROR collecting tests/lowering/eltwise/binary/test_pow_tensor_tensor.py ___
ImportError while importing test module '/Users/Ajay17/pytorch2.0_ttnn/tests/lowering/eltwise/binary/test_pow_tensor_tensor.py'.
Hint: make sure your test modules/packages have valid Python names.
Traceback:
../.pyenv/versions/3.11.10/lib/python3.11/importlib/__init__.py:126: in import_module
    return _bootstrap._gcd_import(name[level:], package, level)
           ^^^^^^^^^^^^^^^^^^^^^^^^^^^^^^^^^^^^^^^^^^^^^^^^^^^^
tests/lowering/eltwise/binary/test_pow_tensor_tensor.py:7: in <module>
    import ttnn
E   ModuleNotFoundError: No module named 'ttnn'
__________ ERROR collecting tests/lowering/eltwise/binary/test_sub.py __________
ImportError while importing test module '/Users/Ajay17/pytorch2.0_ttnn/tests/lowering/eltwise/binary/test_sub.py'.
Hint: make sure your test modules/packages have valid Python names.
Traceback:
../.pyenv/versions/3.11.10/lib/python3.11/importlib/__init__.py:126: in import_module
    return _bootstrap._gcd_import(name[level:], package, level)
           ^^^^^^^^^^^^^^^^^^^^^^^^^^^^^^^^^^^^^^^^^^^^^^^^^^^^
tests/lowering/eltwise/binary/test_sub.py:7: in <module>
    import ttnn
E   ModuleNotFoundError: No module named 'ttnn'
_________ ERROR collecting tests/lowering/eltwise/binary/test_xlogy.py _________
ImportError while importing test module '/Users/Ajay17/pytorch2.0_ttnn/tests/lowering/eltwise/binary/test_xlogy.py'.
Hint: make sure your test modules/packages have valid Python names.
Traceback:
../.pyenv/versions/3.11.10/lib/python3.11/importlib/__init__.py:126: in import_module
    return _bootstrap._gcd_import(name[level:], package, level)
           ^^^^^^^^^^^^^^^^^^^^^^^^^^^^^^^^^^^^^^^^^^^^^^^^^^^^
tests/lowering/eltwise/binary/test_xlogy.py:7: in <module>
    import ttnn
E   ModuleNotFoundError: No module named 'ttnn'
________ ERROR collecting tests/lowering/eltwise/ternary/test_where.py _________
ImportError while importing test module '/Users/Ajay17/pytorch2.0_ttnn/tests/lowering/eltwise/ternary/test_where.py'.
Hint: make sure your test modules/packages have valid Python names.
Traceback:
../.pyenv/versions/3.11.10/lib/python3.11/importlib/__init__.py:126: in import_module
    return _bootstrap._gcd_import(name[level:], package, level)
           ^^^^^^^^^^^^^^^^^^^^^^^^^^^^^^^^^^^^^^^^^^^^^^^^^^^^
tests/lowering/eltwise/ternary/test_where.py:7: in <module>
    import ttnn
E   ModuleNotFoundError: No module named 'ttnn'
__________ ERROR collecting tests/lowering/eltwise/unary/test_abs.py ___________
ImportError while importing test module '/Users/Ajay17/pytorch2.0_ttnn/tests/lowering/eltwise/unary/test_abs.py'.
Hint: make sure your test modules/packages have valid Python names.
Traceback:
../.pyenv/versions/3.11.10/lib/python3.11/importlib/__init__.py:126: in import_module
    return _bootstrap._gcd_import(name[level:], package, level)
           ^^^^^^^^^^^^^^^^^^^^^^^^^^^^^^^^^^^^^^^^^^^^^^^^^^^^
tests/lowering/eltwise/unary/test_abs.py:7: in <module>
    import ttnn
E   ModuleNotFoundError: No module named 'ttnn'
__________ ERROR collecting tests/lowering/eltwise/unary/test_acos.py __________
ImportError while importing test module '/Users/Ajay17/pytorch2.0_ttnn/tests/lowering/eltwise/unary/test_acos.py'.
Hint: make sure your test modules/packages have valid Python names.
Traceback:
../.pyenv/versions/3.11.10/lib/python3.11/importlib/__init__.py:126: in import_module
    return _bootstrap._gcd_import(name[level:], package, level)
           ^^^^^^^^^^^^^^^^^^^^^^^^^^^^^^^^^^^^^^^^^^^^^^^^^^^^
tests/lowering/eltwise/unary/test_acos.py:7: in <module>
    import ttnn
E   ModuleNotFoundError: No module named 'ttnn'
_________ ERROR collecting tests/lowering/eltwise/unary/test_acosh.py __________
ImportError while importing test module '/Users/Ajay17/pytorch2.0_ttnn/tests/lowering/eltwise/unary/test_acosh.py'.
Hint: make sure your test modules/packages have valid Python names.
Traceback:
../.pyenv/versions/3.11.10/lib/python3.11/importlib/__init__.py:126: in import_module
    return _bootstrap._gcd_import(name[level:], package, level)
           ^^^^^^^^^^^^^^^^^^^^^^^^^^^^^^^^^^^^^^^^^^^^^^^^^^^^
tests/lowering/eltwise/unary/test_acosh.py:7: in <module>
    import ttnn
E   ModuleNotFoundError: No module named 'ttnn'
__________ ERROR collecting tests/lowering/eltwise/unary/test_asin.py __________
ImportError while importing test module '/Users/Ajay17/pytorch2.0_ttnn/tests/lowering/eltwise/unary/test_asin.py'.
Hint: make sure your test modules/packages have valid Python names.
Traceback:
../.pyenv/versions/3.11.10/lib/python3.11/importlib/__init__.py:126: in import_module
    return _bootstrap._gcd_import(name[level:], package, level)
           ^^^^^^^^^^^^^^^^^^^^^^^^^^^^^^^^^^^^^^^^^^^^^^^^^^^^
tests/lowering/eltwise/unary/test_asin.py:7: in <module>
    import ttnn
E   ModuleNotFoundError: No module named 'ttnn'
_________ ERROR collecting tests/lowering/eltwise/unary/test_asinh.py __________
ImportError while importing test module '/Users/Ajay17/pytorch2.0_ttnn/tests/lowering/eltwise/unary/test_asinh.py'.
Hint: make sure your test modules/packages have valid Python names.
Traceback:
../.pyenv/versions/3.11.10/lib/python3.11/importlib/__init__.py:126: in import_module
    return _bootstrap._gcd_import(name[level:], package, level)
           ^^^^^^^^^^^^^^^^^^^^^^^^^^^^^^^^^^^^^^^^^^^^^^^^^^^^
tests/lowering/eltwise/unary/test_asinh.py:7: in <module>
    import ttnn
E   ModuleNotFoundError: No module named 'ttnn'
__________ ERROR collecting tests/lowering/eltwise/unary/test_atan.py __________
ImportError while importing test module '/Users/Ajay17/pytorch2.0_ttnn/tests/lowering/eltwise/unary/test_atan.py'.
Hint: make sure your test modules/packages have valid Python names.
Traceback:
../.pyenv/versions/3.11.10/lib/python3.11/importlib/__init__.py:126: in import_module
    return _bootstrap._gcd_import(name[level:], package, level)
           ^^^^^^^^^^^^^^^^^^^^^^^^^^^^^^^^^^^^^^^^^^^^^^^^^^^^
tests/lowering/eltwise/unary/test_atan.py:7: in <module>
    import ttnn
E   ModuleNotFoundError: No module named 'ttnn'
_________ ERROR collecting tests/lowering/eltwise/unary/test_atanh.py __________
ImportError while importing test module '/Users/Ajay17/pytorch2.0_ttnn/tests/lowering/eltwise/unary/test_atanh.py'.
Hint: make sure your test modules/packages have valid Python names.
Traceback:
../.pyenv/versions/3.11.10/lib/python3.11/importlib/__init__.py:126: in import_module
    return _bootstrap._gcd_import(name[level:], package, level)
           ^^^^^^^^^^^^^^^^^^^^^^^^^^^^^^^^^^^^^^^^^^^^^^^^^^^^
tests/lowering/eltwise/unary/test_atanh.py:7: in <module>
    import ttnn
E   ModuleNotFoundError: No module named 'ttnn'
____ ERROR collecting tests/lowering/eltwise/unary/test_aten_log_softmax.py ____
ImportError while importing test module '/Users/Ajay17/pytorch2.0_ttnn/tests/lowering/eltwise/unary/test_aten_log_softmax.py'.
Hint: make sure your test modules/packages have valid Python names.
Traceback:
../.pyenv/versions/3.11.10/lib/python3.11/importlib/__init__.py:126: in import_module
    return _bootstrap._gcd_import(name[level:], package, level)
           ^^^^^^^^^^^^^^^^^^^^^^^^^^^^^^^^^^^^^^^^^^^^^^^^^^^^
tests/lowering/eltwise/unary/test_aten_log_softmax.py:7: in <module>
    import ttnn
E   ModuleNotFoundError: No module named 'ttnn'
______ ERROR collecting tests/lowering/eltwise/unary/test_bitwise_not.py _______
ImportError while importing test module '/Users/Ajay17/pytorch2.0_ttnn/tests/lowering/eltwise/unary/test_bitwise_not.py'.
Hint: make sure your test modules/packages have valid Python names.
Traceback:
../.pyenv/versions/3.11.10/lib/python3.11/importlib/__init__.py:126: in import_module
    return _bootstrap._gcd_import(name[level:], package, level)
           ^^^^^^^^^^^^^^^^^^^^^^^^^^^^^^^^^^^^^^^^^^^^^^^^^^^^
tests/lowering/eltwise/unary/test_bitwise_not.py:7: in <module>
    import ttnn
E   ModuleNotFoundError: No module named 'ttnn'
__________ ERROR collecting tests/lowering/eltwise/unary/test_ceil.py __________
ImportError while importing test module '/Users/Ajay17/pytorch2.0_ttnn/tests/lowering/eltwise/unary/test_ceil.py'.
Hint: make sure your test modules/packages have valid Python names.
Traceback:
../.pyenv/versions/3.11.10/lib/python3.11/importlib/__init__.py:126: in import_module
    return _bootstrap._gcd_import(name[level:], package, level)
           ^^^^^^^^^^^^^^^^^^^^^^^^^^^^^^^^^^^^^^^^^^^^^^^^^^^^
tests/lowering/eltwise/unary/test_ceil.py:7: in <module>
    import ttnn
E   ModuleNotFoundError: No module named 'ttnn'
_________ ERROR collecting tests/lowering/eltwise/unary/test_clamp.py __________
ImportError while importing test module '/Users/Ajay17/pytorch2.0_ttnn/tests/lowering/eltwise/unary/test_clamp.py'.
Hint: make sure your test modules/packages have valid Python names.
Traceback:
../.pyenv/versions/3.11.10/lib/python3.11/importlib/__init__.py:126: in import_module
    return _bootstrap._gcd_import(name[level:], package, level)
           ^^^^^^^^^^^^^^^^^^^^^^^^^^^^^^^^^^^^^^^^^^^^^^^^^^^^
tests/lowering/eltwise/unary/test_clamp.py:7: in <module>
    import ttnn
E   ModuleNotFoundError: No module named 'ttnn'
__________ ERROR collecting tests/lowering/eltwise/unary/test_cos.py ___________
ImportError while importing test module '/Users/Ajay17/pytorch2.0_ttnn/tests/lowering/eltwise/unary/test_cos.py'.
Hint: make sure your test modules/packages have valid Python names.
Traceback:
../.pyenv/versions/3.11.10/lib/python3.11/importlib/__init__.py:126: in import_module
    return _bootstrap._gcd_import(name[level:], package, level)
           ^^^^^^^^^^^^^^^^^^^^^^^^^^^^^^^^^^^^^^^^^^^^^^^^^^^^
tests/lowering/eltwise/unary/test_cos.py:7: in <module>
    import ttnn
E   ModuleNotFoundError: No module named 'ttnn'
__________ ERROR collecting tests/lowering/eltwise/unary/test_cosh.py __________
ImportError while importing test module '/Users/Ajay17/pytorch2.0_ttnn/tests/lowering/eltwise/unary/test_cosh.py'.
Hint: make sure your test modules/packages have valid Python names.
Traceback:
../.pyenv/versions/3.11.10/lib/python3.11/importlib/__init__.py:126: in import_module
    return _bootstrap._gcd_import(name[level:], package, level)
           ^^^^^^^^^^^^^^^^^^^^^^^^^^^^^^^^^^^^^^^^^^^^^^^^^^^^
tests/lowering/eltwise/unary/test_cosh.py:7: in <module>
    import ttnn
E   ModuleNotFoundError: No module named 'ttnn'
__________ ERROR collecting tests/lowering/eltwise/unary/test_erf.py ___________
ImportError while importing test module '/Users/Ajay17/pytorch2.0_ttnn/tests/lowering/eltwise/unary/test_erf.py'.
Hint: make sure your test modules/packages have valid Python names.
Traceback:
../.pyenv/versions/3.11.10/lib/python3.11/importlib/__init__.py:126: in import_module
    return _bootstrap._gcd_import(name[level:], package, level)
           ^^^^^^^^^^^^^^^^^^^^^^^^^^^^^^^^^^^^^^^^^^^^^^^^^^^^
tests/lowering/eltwise/unary/test_erf.py:7: in <module>
    import ttnn
E   ModuleNotFoundError: No module named 'ttnn'
__________ ERROR collecting tests/lowering/eltwise/unary/test_exp.py ___________
ImportError while importing test module '/Users/Ajay17/pytorch2.0_ttnn/tests/lowering/eltwise/unary/test_exp.py'.
Hint: make sure your test modules/packages have valid Python names.
Traceback:
../.pyenv/versions/3.11.10/lib/python3.11/importlib/__init__.py:126: in import_module
    return _bootstrap._gcd_import(name[level:], package, level)
           ^^^^^^^^^^^^^^^^^^^^^^^^^^^^^^^^^^^^^^^^^^^^^^^^^^^^
tests/lowering/eltwise/unary/test_exp.py:7: in <module>
    import ttnn
E   ModuleNotFoundError: No module named 'ttnn'
_________ ERROR collecting tests/lowering/eltwise/unary/test_expm1.py __________
ImportError while importing test module '/Users/Ajay17/pytorch2.0_ttnn/tests/lowering/eltwise/unary/test_expm1.py'.
Hint: make sure your test modules/packages have valid Python names.
Traceback:
../.pyenv/versions/3.11.10/lib/python3.11/importlib/__init__.py:126: in import_module
    return _bootstrap._gcd_import(name[level:], package, level)
           ^^^^^^^^^^^^^^^^^^^^^^^^^^^^^^^^^^^^^^^^^^^^^^^^^^^^
tests/lowering/eltwise/unary/test_expm1.py:7: in <module>
    import ttnn
E   ModuleNotFoundError: No module named 'ttnn'
_________ ERROR collecting tests/lowering/eltwise/unary/test_floor.py __________
ImportError while importing test module '/Users/Ajay17/pytorch2.0_ttnn/tests/lowering/eltwise/unary/test_floor.py'.
Hint: make sure your test modules/packages have valid Python names.
Traceback:
../.pyenv/versions/3.11.10/lib/python3.11/importlib/__init__.py:126: in import_module
    return _bootstrap._gcd_import(name[level:], package, level)
           ^^^^^^^^^^^^^^^^^^^^^^^^^^^^^^^^^^^^^^^^^^^^^^^^^^^^
tests/lowering/eltwise/unary/test_floor.py:7: in <module>
    import ttnn
E   ModuleNotFoundError: No module named 'ttnn'
__________ ERROR collecting tests/lowering/eltwise/unary/test_gelu.py __________
ImportError while importing test module '/Users/Ajay17/pytorch2.0_ttnn/tests/lowering/eltwise/unary/test_gelu.py'.
Hint: make sure your test modules/packages have valid Python names.
Traceback:
../.pyenv/versions/3.11.10/lib/python3.11/importlib/__init__.py:126: in import_module
    return _bootstrap._gcd_import(name[level:], package, level)
           ^^^^^^^^^^^^^^^^^^^^^^^^^^^^^^^^^^^^^^^^^^^^^^^^^^^^
tests/lowering/eltwise/unary/test_gelu.py:7: in <module>
    import ttnn
E   ModuleNotFoundError: No module named 'ttnn'
______ ERROR collecting tests/lowering/eltwise/unary/test_hardsigmoid.py _______
ImportError while importing test module '/Users/Ajay17/pytorch2.0_ttnn/tests/lowering/eltwise/unary/test_hardsigmoid.py'.
Hint: make sure your test modules/packages have valid Python names.
Traceback:
../.pyenv/versions/3.11.10/lib/python3.11/importlib/__init__.py:126: in import_module
    return _bootstrap._gcd_import(name[level:], package, level)
           ^^^^^^^^^^^^^^^^^^^^^^^^^^^^^^^^^^^^^^^^^^^^^^^^^^^^
tests/lowering/eltwise/unary/test_hardsigmoid.py:7: in <module>
    import ttnn
E   ModuleNotFoundError: No module named 'ttnn'
_______ ERROR collecting tests/lowering/eltwise/unary/test_hardswish.py ________
ImportError while importing test module '/Users/Ajay17/pytorch2.0_ttnn/tests/lowering/eltwise/unary/test_hardswish.py'.
Hint: make sure your test modules/packages have valid Python names.
Traceback:
../.pyenv/versions/3.11.10/lib/python3.11/importlib/__init__.py:126: in import_module
    return _bootstrap._gcd_import(name[level:], package, level)
           ^^^^^^^^^^^^^^^^^^^^^^^^^^^^^^^^^^^^^^^^^^^^^^^^^^^^
tests/lowering/eltwise/unary/test_hardswish.py:7: in <module>
    import ttnn
E   ModuleNotFoundError: No module named 'ttnn'
________ ERROR collecting tests/lowering/eltwise/unary/test_hardtanh.py ________
ImportError while importing test module '/Users/Ajay17/pytorch2.0_ttnn/tests/lowering/eltwise/unary/test_hardtanh.py'.
Hint: make sure your test modules/packages have valid Python names.
Traceback:
../.pyenv/versions/3.11.10/lib/python3.11/importlib/__init__.py:126: in import_module
    return _bootstrap._gcd_import(name[level:], package, level)
           ^^^^^^^^^^^^^^^^^^^^^^^^^^^^^^^^^^^^^^^^^^^^^^^^^^^^
tests/lowering/eltwise/unary/test_hardtanh.py:7: in <module>
    import ttnn
E   ModuleNotFoundError: No module named 'ttnn'
_________ ERROR collecting tests/lowering/eltwise/unary/test_isinf.py __________
ImportError while importing test module '/Users/Ajay17/pytorch2.0_ttnn/tests/lowering/eltwise/unary/test_isinf.py'.
Hint: make sure your test modules/packages have valid Python names.
Traceback:
../.pyenv/versions/3.11.10/lib/python3.11/importlib/__init__.py:126: in import_module
    return _bootstrap._gcd_import(name[level:], package, level)
           ^^^^^^^^^^^^^^^^^^^^^^^^^^^^^^^^^^^^^^^^^^^^^^^^^^^^
tests/lowering/eltwise/unary/test_isinf.py:7: in <module>
    import ttnn
E   ModuleNotFoundError: No module named 'ttnn'
_________ ERROR collecting tests/lowering/eltwise/unary/test_isnan.py __________
ImportError while importing test module '/Users/Ajay17/pytorch2.0_ttnn/tests/lowering/eltwise/unary/test_isnan.py'.
Hint: make sure your test modules/packages have valid Python names.
Traceback:
../.pyenv/versions/3.11.10/lib/python3.11/importlib/__init__.py:126: in import_module
    return _bootstrap._gcd_import(name[level:], package, level)
           ^^^^^^^^^^^^^^^^^^^^^^^^^^^^^^^^^^^^^^^^^^^^^^^^^^^^
tests/lowering/eltwise/unary/test_isnan.py:7: in <module>
    import ttnn
E   ModuleNotFoundError: No module named 'ttnn'
_______ ERROR collecting tests/lowering/eltwise/unary/test_leaky_relu.py _______
ImportError while importing test module '/Users/Ajay17/pytorch2.0_ttnn/tests/lowering/eltwise/unary/test_leaky_relu.py'.
Hint: make sure your test modules/packages have valid Python names.
Traceback:
../.pyenv/versions/3.11.10/lib/python3.11/importlib/__init__.py:126: in import_module
    return _bootstrap._gcd_import(name[level:], package, level)
           ^^^^^^^^^^^^^^^^^^^^^^^^^^^^^^^^^^^^^^^^^^^^^^^^^^^^
tests/lowering/eltwise/unary/test_leaky_relu.py:7: in <module>
    import ttnn
E   ModuleNotFoundError: No module named 'ttnn'
__________ ERROR collecting tests/lowering/eltwise/unary/test_log.py ___________
ImportError while importing test module '/Users/Ajay17/pytorch2.0_ttnn/tests/lowering/eltwise/unary/test_log.py'.
Hint: make sure your test modules/packages have valid Python names.
Traceback:
../.pyenv/versions/3.11.10/lib/python3.11/importlib/__init__.py:126: in import_module
    return _bootstrap._gcd_import(name[level:], package, level)
           ^^^^^^^^^^^^^^^^^^^^^^^^^^^^^^^^^^^^^^^^^^^^^^^^^^^^
tests/lowering/eltwise/unary/test_log.py:7: in <module>
    import ttnn
E   ModuleNotFoundError: No module named 'ttnn'
_________ ERROR collecting tests/lowering/eltwise/unary/test_log10.py __________
ImportError while importing test module '/Users/Ajay17/pytorch2.0_ttnn/tests/lowering/eltwise/unary/test_log10.py'.
Hint: make sure your test modules/packages have valid Python names.
Traceback:
../.pyenv/versions/3.11.10/lib/python3.11/importlib/__init__.py:126: in import_module
    return _bootstrap._gcd_import(name[level:], package, level)
           ^^^^^^^^^^^^^^^^^^^^^^^^^^^^^^^^^^^^^^^^^^^^^^^^^^^^
tests/lowering/eltwise/unary/test_log10.py:7: in <module>
    import ttnn
E   ModuleNotFoundError: No module named 'ttnn'
_________ ERROR collecting tests/lowering/eltwise/unary/test_log1p.py __________
ImportError while importing test module '/Users/Ajay17/pytorch2.0_ttnn/tests/lowering/eltwise/unary/test_log1p.py'.
Hint: make sure your test modules/packages have valid Python names.
Traceback:
../.pyenv/versions/3.11.10/lib/python3.11/importlib/__init__.py:126: in import_module
    return _bootstrap._gcd_import(name[level:], package, level)
           ^^^^^^^^^^^^^^^^^^^^^^^^^^^^^^^^^^^^^^^^^^^^^^^^^^^^
tests/lowering/eltwise/unary/test_log1p.py:7: in <module>
    import ttnn
E   ModuleNotFoundError: No module named 'ttnn'
__________ ERROR collecting tests/lowering/eltwise/unary/test_log2.py __________
ImportError while importing test module '/Users/Ajay17/pytorch2.0_ttnn/tests/lowering/eltwise/unary/test_log2.py'.
Hint: make sure your test modules/packages have valid Python names.
Traceback:
../.pyenv/versions/3.11.10/lib/python3.11/importlib/__init__.py:126: in import_module
    return _bootstrap._gcd_import(name[level:], package, level)
           ^^^^^^^^^^^^^^^^^^^^^^^^^^^^^^^^^^^^^^^^^^^^^^^^^^^^
tests/lowering/eltwise/unary/test_log2.py:7: in <module>
    import ttnn
E   ModuleNotFoundError: No module named 'ttnn'
______ ERROR collecting tests/lowering/eltwise/unary/test_logical_not.py _______
ImportError while importing test module '/Users/Ajay17/pytorch2.0_ttnn/tests/lowering/eltwise/unary/test_logical_not.py'.
Hint: make sure your test modules/packages have valid Python names.
Traceback:
../.pyenv/versions/3.11.10/lib/python3.11/importlib/__init__.py:126: in import_module
    return _bootstrap._gcd_import(name[level:], package, level)
           ^^^^^^^^^^^^^^^^^^^^^^^^^^^^^^^^^^^^^^^^^^^^^^^^^^^^
tests/lowering/eltwise/unary/test_logical_not.py:7: in <module>
    import ttnn
E   ModuleNotFoundError: No module named 'ttnn'
__________ ERROR collecting tests/lowering/eltwise/unary/test_neg.py ___________
ImportError while importing test module '/Users/Ajay17/pytorch2.0_ttnn/tests/lowering/eltwise/unary/test_neg.py'.
Hint: make sure your test modules/packages have valid Python names.
Traceback:
../.pyenv/versions/3.11.10/lib/python3.11/importlib/__init__.py:126: in import_module
    return _bootstrap._gcd_import(name[level:], package, level)
           ^^^^^^^^^^^^^^^^^^^^^^^^^^^^^^^^^^^^^^^^^^^^^^^^^^^^
tests/lowering/eltwise/unary/test_neg.py:7: in <module>
    import ttnn
E   ModuleNotFoundError: No module named 'ttnn'
_______ ERROR collecting tests/lowering/eltwise/unary/test_reciprocal.py _______
ImportError while importing test module '/Users/Ajay17/pytorch2.0_ttnn/tests/lowering/eltwise/unary/test_reciprocal.py'.
Hint: make sure your test modules/packages have valid Python names.
Traceback:
../.pyenv/versions/3.11.10/lib/python3.11/importlib/__init__.py:126: in import_module
    return _bootstrap._gcd_import(name[level:], package, level)
           ^^^^^^^^^^^^^^^^^^^^^^^^^^^^^^^^^^^^^^^^^^^^^^^^^^^^
tests/lowering/eltwise/unary/test_reciprocal.py:7: in <module>
    import ttnn
E   ModuleNotFoundError: No module named 'ttnn'
__________ ERROR collecting tests/lowering/eltwise/unary/test_relu.py __________
ImportError while importing test module '/Users/Ajay17/pytorch2.0_ttnn/tests/lowering/eltwise/unary/test_relu.py'.
Hint: make sure your test modules/packages have valid Python names.
Traceback:
../.pyenv/versions/3.11.10/lib/python3.11/importlib/__init__.py:126: in import_module
    return _bootstrap._gcd_import(name[level:], package, level)
           ^^^^^^^^^^^^^^^^^^^^^^^^^^^^^^^^^^^^^^^^^^^^^^^^^^^^
tests/lowering/eltwise/unary/test_relu.py:7: in <module>
    import ttnn
E   ModuleNotFoundError: No module named 'ttnn'
_______ ERROR collecting tests/lowering/eltwise/unary/test_remainder.py ________
ImportError while importing test module '/Users/Ajay17/pytorch2.0_ttnn/tests/lowering/eltwise/unary/test_remainder.py'.
Hint: make sure your test modules/packages have valid Python names.
Traceback:
../.pyenv/versions/3.11.10/lib/python3.11/importlib/__init__.py:126: in import_module
    return _bootstrap._gcd_import(name[level:], package, level)
           ^^^^^^^^^^^^^^^^^^^^^^^^^^^^^^^^^^^^^^^^^^^^^^^^^^^^
tests/lowering/eltwise/unary/test_remainder.py:7: in <module>
    import ttnn
E   ModuleNotFoundError: No module named 'ttnn'
_________ ERROR collecting tests/lowering/eltwise/unary/test_round.py __________
ImportError while importing test module '/Users/Ajay17/pytorch2.0_ttnn/tests/lowering/eltwise/unary/test_round.py'.
Hint: make sure your test modules/packages have valid Python names.
Traceback:
../.pyenv/versions/3.11.10/lib/python3.11/importlib/__init__.py:126: in import_module
    return _bootstrap._gcd_import(name[level:], package, level)
           ^^^^^^^^^^^^^^^^^^^^^^^^^^^^^^^^^^^^^^^^^^^^^^^^^^^^
tests/lowering/eltwise/unary/test_round.py:7: in <module>
    import ttnn
E   ModuleNotFoundError: No module named 'ttnn'
_________ ERROR collecting tests/lowering/eltwise/unary/test_rsqrt.py __________
ImportError while importing test module '/Users/Ajay17/pytorch2.0_ttnn/tests/lowering/eltwise/unary/test_rsqrt.py'.
Hint: make sure your test modules/packages have valid Python names.
Traceback:
../.pyenv/versions/3.11.10/lib/python3.11/importlib/__init__.py:126: in import_module
    return _bootstrap._gcd_import(name[level:], package, level)
           ^^^^^^^^^^^^^^^^^^^^^^^^^^^^^^^^^^^^^^^^^^^^^^^^^^^^
tests/lowering/eltwise/unary/test_rsqrt.py:7: in <module>
    import ttnn
E   ModuleNotFoundError: No module named 'ttnn'
________ ERROR collecting tests/lowering/eltwise/unary/test_sigmoid.py _________
ImportError while importing test module '/Users/Ajay17/pytorch2.0_ttnn/tests/lowering/eltwise/unary/test_sigmoid.py'.
Hint: make sure your test modules/packages have valid Python names.
Traceback:
../.pyenv/versions/3.11.10/lib/python3.11/importlib/__init__.py:126: in import_module
    return _bootstrap._gcd_import(name[level:], package, level)
           ^^^^^^^^^^^^^^^^^^^^^^^^^^^^^^^^^^^^^^^^^^^^^^^^^^^^
tests/lowering/eltwise/unary/test_sigmoid.py:7: in <module>
    import ttnn
E   ModuleNotFoundError: No module named 'ttnn'
__________ ERROR collecting tests/lowering/eltwise/unary/test_sign.py __________
ImportError while importing test module '/Users/Ajay17/pytorch2.0_ttnn/tests/lowering/eltwise/unary/test_sign.py'.
Hint: make sure your test modules/packages have valid Python names.
Traceback:
../.pyenv/versions/3.11.10/lib/python3.11/importlib/__init__.py:126: in import_module
    return _bootstrap._gcd_import(name[level:], package, level)
           ^^^^^^^^^^^^^^^^^^^^^^^^^^^^^^^^^^^^^^^^^^^^^^^^^^^^
tests/lowering/eltwise/unary/test_sign.py:7: in <module>
    import ttnn
E   ModuleNotFoundError: No module named 'ttnn'
__________ ERROR collecting tests/lowering/eltwise/unary/test_silu.py __________
ImportError while importing test module '/Users/Ajay17/pytorch2.0_ttnn/tests/lowering/eltwise/unary/test_silu.py'.
Hint: make sure your test modules/packages have valid Python names.
Traceback:
../.pyenv/versions/3.11.10/lib/python3.11/importlib/__init__.py:126: in import_module
    return _bootstrap._gcd_import(name[level:], package, level)
           ^^^^^^^^^^^^^^^^^^^^^^^^^^^^^^^^^^^^^^^^^^^^^^^^^^^^
tests/lowering/eltwise/unary/test_silu.py:7: in <module>
    import ttnn
E   ModuleNotFoundError: No module named 'ttnn'
__________ ERROR collecting tests/lowering/eltwise/unary/test_sin.py ___________
ImportError while importing test module '/Users/Ajay17/pytorch2.0_ttnn/tests/lowering/eltwise/unary/test_sin.py'.
Hint: make sure your test modules/packages have valid Python names.
Traceback:
../.pyenv/versions/3.11.10/lib/python3.11/importlib/__init__.py:126: in import_module
    return _bootstrap._gcd_import(name[level:], package, level)
           ^^^^^^^^^^^^^^^^^^^^^^^^^^^^^^^^^^^^^^^^^^^^^^^^^^^^
tests/lowering/eltwise/unary/test_sin.py:7: in <module>
    import ttnn
E   ModuleNotFoundError: No module named 'ttnn'
__________ ERROR collecting tests/lowering/eltwise/unary/test_sinh.py __________
ImportError while importing test module '/Users/Ajay17/pytorch2.0_ttnn/tests/lowering/eltwise/unary/test_sinh.py'.
Hint: make sure your test modules/packages have valid Python names.
Traceback:
../.pyenv/versions/3.11.10/lib/python3.11/importlib/__init__.py:126: in import_module
    return _bootstrap._gcd_import(name[level:], package, level)
           ^^^^^^^^^^^^^^^^^^^^^^^^^^^^^^^^^^^^^^^^^^^^^^^^^^^^
tests/lowering/eltwise/unary/test_sinh.py:7: in <module>
    import ttnn
E   ModuleNotFoundError: No module named 'ttnn'
__________ ERROR collecting tests/lowering/eltwise/unary/test_sqrt.py __________
ImportError while importing test module '/Users/Ajay17/pytorch2.0_ttnn/tests/lowering/eltwise/unary/test_sqrt.py'.
Hint: make sure your test modules/packages have valid Python names.
Traceback:
../.pyenv/versions/3.11.10/lib/python3.11/importlib/__init__.py:126: in import_module
    return _bootstrap._gcd_import(name[level:], package, level)
           ^^^^^^^^^^^^^^^^^^^^^^^^^^^^^^^^^^^^^^^^^^^^^^^^^^^^
tests/lowering/eltwise/unary/test_sqrt.py:7: in <module>
    import ttnn
E   ModuleNotFoundError: No module named 'ttnn'
_________ ERROR collecting tests/lowering/eltwise/unary/test_square.py _________
ImportError while importing test module '/Users/Ajay17/pytorch2.0_ttnn/tests/lowering/eltwise/unary/test_square.py'.
Hint: make sure your test modules/packages have valid Python names.
Traceback:
../.pyenv/versions/3.11.10/lib/python3.11/importlib/__init__.py:126: in import_module
    return _bootstrap._gcd_import(name[level:], package, level)
           ^^^^^^^^^^^^^^^^^^^^^^^^^^^^^^^^^^^^^^^^^^^^^^^^^^^^
tests/lowering/eltwise/unary/test_square.py:7: in <module>
    import ttnn
E   ModuleNotFoundError: No module named 'ttnn'
__________ ERROR collecting tests/lowering/eltwise/unary/test_tan.py ___________
ImportError while importing test module '/Users/Ajay17/pytorch2.0_ttnn/tests/lowering/eltwise/unary/test_tan.py'.
Hint: make sure your test modules/packages have valid Python names.
Traceback:
../.pyenv/versions/3.11.10/lib/python3.11/importlib/__init__.py:126: in import_module
    return _bootstrap._gcd_import(name[level:], package, level)
           ^^^^^^^^^^^^^^^^^^^^^^^^^^^^^^^^^^^^^^^^^^^^^^^^^^^^
tests/lowering/eltwise/unary/test_tan.py:7: in <module>
    import ttnn
E   ModuleNotFoundError: No module named 'ttnn'
__________ ERROR collecting tests/lowering/eltwise/unary/test_tanh.py __________
ImportError while importing test module '/Users/Ajay17/pytorch2.0_ttnn/tests/lowering/eltwise/unary/test_tanh.py'.
Hint: make sure your test modules/packages have valid Python names.
Traceback:
../.pyenv/versions/3.11.10/lib/python3.11/importlib/__init__.py:126: in import_module
    return _bootstrap._gcd_import(name[level:], package, level)
           ^^^^^^^^^^^^^^^^^^^^^^^^^^^^^^^^^^^^^^^^^^^^^^^^^^^^
tests/lowering/eltwise/unary/test_tanh.py:7: in <module>
    import ttnn
E   ModuleNotFoundError: No module named 'ttnn'
__________ ERROR collecting tests/lowering/eltwise/unary/test_tril.py __________
ImportError while importing test module '/Users/Ajay17/pytorch2.0_ttnn/tests/lowering/eltwise/unary/test_tril.py'.
Hint: make sure your test modules/packages have valid Python names.
Traceback:
../.pyenv/versions/3.11.10/lib/python3.11/importlib/__init__.py:126: in import_module
    return _bootstrap._gcd_import(name[level:], package, level)
           ^^^^^^^^^^^^^^^^^^^^^^^^^^^^^^^^^^^^^^^^^^^^^^^^^^^^
tests/lowering/eltwise/unary/test_tril.py:7: in <module>
    import ttnn
E   ModuleNotFoundError: No module named 'ttnn'
_________ ERROR collecting tests/lowering/eltwise/unary/test_trunc.py __________
ImportError while importing test module '/Users/Ajay17/pytorch2.0_ttnn/tests/lowering/eltwise/unary/test_trunc.py'.
Hint: make sure your test modules/packages have valid Python names.
Traceback:
../.pyenv/versions/3.11.10/lib/python3.11/importlib/__init__.py:126: in import_module
    return _bootstrap._gcd_import(name[level:], package, level)
           ^^^^^^^^^^^^^^^^^^^^^^^^^^^^^^^^^^^^^^^^^^^^^^^^^^^^
tests/lowering/eltwise/unary/test_trunc.py:7: in <module>
    import ttnn
E   ModuleNotFoundError: No module named 'ttnn'
_________ ERROR collecting tests/lowering/embedding/test_embedding.py __________
ImportError while importing test module '/Users/Ajay17/pytorch2.0_ttnn/tests/lowering/embedding/test_embedding.py'.
Hint: make sure your test modules/packages have valid Python names.
Traceback:
../.pyenv/versions/3.11.10/lib/python3.11/importlib/__init__.py:126: in import_module
    return _bootstrap._gcd_import(name[level:], package, level)
           ^^^^^^^^^^^^^^^^^^^^^^^^^^^^^^^^^^^^^^^^^^^^^^^^^^^^
tests/lowering/embedding/test_embedding.py:7: in <module>
    import ttnn
E   ModuleNotFoundError: No module named 'ttnn'
_____________ ERROR collecting tests/lowering/matmul/test_addmm.py _____________
ImportError while importing test module '/Users/Ajay17/pytorch2.0_ttnn/tests/lowering/matmul/test_addmm.py'.
Hint: make sure your test modules/packages have valid Python names.
Traceback:
../.pyenv/versions/3.11.10/lib/python3.11/importlib/__init__.py:126: in import_module
    return _bootstrap._gcd_import(name[level:], package, level)
           ^^^^^^^^^^^^^^^^^^^^^^^^^^^^^^^^^^^^^^^^^^^^^^^^^^^^
tests/lowering/matmul/test_addmm.py:7: in <module>
    import ttnn
E   ModuleNotFoundError: No module named 'ttnn'
____________ ERROR collecting tests/lowering/matmul/test_baddbmm.py ____________
ImportError while importing test module '/Users/Ajay17/pytorch2.0_ttnn/tests/lowering/matmul/test_baddbmm.py'.
Hint: make sure your test modules/packages have valid Python names.
Traceback:
../.pyenv/versions/3.11.10/lib/python3.11/importlib/__init__.py:126: in import_module
    return _bootstrap._gcd_import(name[level:], package, level)
           ^^^^^^^^^^^^^^^^^^^^^^^^^^^^^^^^^^^^^^^^^^^^^^^^^^^^
tests/lowering/matmul/test_baddbmm.py:7: in <module>
    import ttnn
E   ModuleNotFoundError: No module named 'ttnn'
____________ ERROR collecting tests/lowering/matmul/test_linear.py _____________
ImportError while importing test module '/Users/Ajay17/pytorch2.0_ttnn/tests/lowering/matmul/test_linear.py'.
Hint: make sure your test modules/packages have valid Python names.
Traceback:
../.pyenv/versions/3.11.10/lib/python3.11/importlib/__init__.py:126: in import_module
    return _bootstrap._gcd_import(name[level:], package, level)
           ^^^^^^^^^^^^^^^^^^^^^^^^^^^^^^^^^^^^^^^^^^^^^^^^^^^^
tests/lowering/matmul/test_linear.py:7: in <module>
    import ttnn
E   ModuleNotFoundError: No module named 'ttnn'
____________ ERROR collecting tests/lowering/matmul/test_matmul.py _____________
ImportError while importing test module '/Users/Ajay17/pytorch2.0_ttnn/tests/lowering/matmul/test_matmul.py'.
Hint: make sure your test modules/packages have valid Python names.
Traceback:
../.pyenv/versions/3.11.10/lib/python3.11/importlib/__init__.py:126: in import_module
    return _bootstrap._gcd_import(name[level:], package, level)
           ^^^^^^^^^^^^^^^^^^^^^^^^^^^^^^^^^^^^^^^^^^^^^^^^^^^^
tests/lowering/matmul/test_matmul.py:7: in <module>
    import ttnn
E   ModuleNotFoundError: No module named 'ttnn'
________ ERROR collecting tests/lowering/matmul/test_only_add_matmul.py ________
ImportError while importing test module '/Users/Ajay17/pytorch2.0_ttnn/tests/lowering/matmul/test_only_add_matmul.py'.
Hint: make sure your test modules/packages have valid Python names.
Traceback:
../.pyenv/versions/3.11.10/lib/python3.11/importlib/__init__.py:126: in import_module
    return _bootstrap._gcd_import(name[level:], package, level)
           ^^^^^^^^^^^^^^^^^^^^^^^^^^^^^^^^^^^^^^^^^^^^^^^^^^^^
tests/lowering/matmul/test_only_add_matmul.py:7: in <module>
    import ttnn
E   ModuleNotFoundError: No module named 'ttnn'
_____________ ERROR collecting tests/lowering/misc/test_argmax.py ______________
ImportError while importing test module '/Users/Ajay17/pytorch2.0_ttnn/tests/lowering/misc/test_argmax.py'.
Hint: make sure your test modules/packages have valid Python names.
Traceback:
../.pyenv/versions/3.11.10/lib/python3.11/importlib/__init__.py:126: in import_module
    return _bootstrap._gcd_import(name[level:], package, level)
           ^^^^^^^^^^^^^^^^^^^^^^^^^^^^^^^^^^^^^^^^^^^^^^^^^^^^
tests/lowering/misc/test_argmax.py:7: in <module>
    import ttnn
E   ModuleNotFoundError: No module named 'ttnn'
_ ERROR collecting tests/lowering/misc/test_fallback_incompatible_platform.py __
ImportError while importing test module '/Users/Ajay17/pytorch2.0_ttnn/tests/lowering/misc/test_fallback_incompatible_platform.py'.
Hint: make sure your test modules/packages have valid Python names.
Traceback:
../.pyenv/versions/3.11.10/lib/python3.11/importlib/__init__.py:126: in import_module
    return _bootstrap._gcd_import(name[level:], package, level)
           ^^^^^^^^^^^^^^^^^^^^^^^^^^^^^^^^^^^^^^^^^^^^^^^^^^^^
tests/lowering/misc/test_fallback_incompatible_platform.py:7: in <module>
    import ttnn
E   ModuleNotFoundError: No module named 'ttnn'
______________ ERROR collecting tests/lowering/misc/test_index.py ______________
ImportError while importing test module '/Users/Ajay17/pytorch2.0_ttnn/tests/lowering/misc/test_index.py'.
Hint: make sure your test modules/packages have valid Python names.
Traceback:
../.pyenv/versions/3.11.10/lib/python3.11/importlib/__init__.py:126: in import_module
    return _bootstrap._gcd_import(name[level:], package, level)
           ^^^^^^^^^^^^^^^^^^^^^^^^^^^^^^^^^^^^^^^^^^^^^^^^^^^^
tests/lowering/misc/test_index.py:7: in <module>
    import ttnn
E   ModuleNotFoundError: No module named 'ttnn'
__________ ERROR collecting tests/lowering/misc/test_index_select.py ___________
ImportError while importing test module '/Users/Ajay17/pytorch2.0_ttnn/tests/lowering/misc/test_index_select.py'.
Hint: make sure your test modules/packages have valid Python names.
Traceback:
../.pyenv/versions/3.11.10/lib/python3.11/importlib/__init__.py:126: in import_module
    return _bootstrap._gcd_import(name[level:], package, level)
           ^^^^^^^^^^^^^^^^^^^^^^^^^^^^^^^^^^^^^^^^^^^^^^^^^^^^
tests/lowering/misc/test_index_select.py:7: in <module>
    import ttnn
E   ModuleNotFoundError: No module named 'ttnn'
__ ERROR collecting tests/lowering/misc/test_scaled_dot_product_attention.py ___
ImportError while importing test module '/Users/Ajay17/pytorch2.0_ttnn/tests/lowering/misc/test_scaled_dot_product_attention.py'.
Hint: make sure your test modules/packages have valid Python names.
Traceback:
../.pyenv/versions/3.11.10/lib/python3.11/importlib/__init__.py:126: in import_module
    return _bootstrap._gcd_import(name[level:], package, level)
           ^^^^^^^^^^^^^^^^^^^^^^^^^^^^^^^^^^^^^^^^^^^^^^^^^^^^
tests/lowering/misc/test_scaled_dot_product_attention.py:4: in <module>
    import ttnn
E   ModuleNotFoundError: No module named 'ttnn'
_____________ ERROR collecting tests/lowering/misc/test_select.py ______________
ImportError while importing test module '/Users/Ajay17/pytorch2.0_ttnn/tests/lowering/misc/test_select.py'.
Hint: make sure your test modules/packages have valid Python names.
Traceback:
../.pyenv/versions/3.11.10/lib/python3.11/importlib/__init__.py:126: in import_module
    return _bootstrap._gcd_import(name[level:], package, level)
           ^^^^^^^^^^^^^^^^^^^^^^^^^^^^^^^^^^^^^^^^^^^^^^^^^^^^
tests/lowering/misc/test_select.py:7: in <module>
    import ttnn
E   ModuleNotFoundError: No module named 'ttnn'
_______ ERROR collecting tests/lowering/normalization/test_layer_norm.py _______
ImportError while importing test module '/Users/Ajay17/pytorch2.0_ttnn/tests/lowering/normalization/test_layer_norm.py'.
Hint: make sure your test modules/packages have valid Python names.
Traceback:
../.pyenv/versions/3.11.10/lib/python3.11/importlib/__init__.py:126: in import_module
    return _bootstrap._gcd_import(name[level:], package, level)
           ^^^^^^^^^^^^^^^^^^^^^^^^^^^^^^^^^^^^^^^^^^^^^^^^^^^^
tests/lowering/normalization/test_layer_norm.py:7: in <module>
    import ttnn
E   ModuleNotFoundError: No module named 'ttnn'
______ ERROR collecting tests/lowering/normalization/test_log_softmax.py _______
ImportError while importing test module '/Users/Ajay17/pytorch2.0_ttnn/tests/lowering/normalization/test_log_softmax.py'.
Hint: make sure your test modules/packages have valid Python names.
Traceback:
../.pyenv/versions/3.11.10/lib/python3.11/importlib/__init__.py:126: in import_module
    return _bootstrap._gcd_import(name[level:], package, level)
           ^^^^^^^^^^^^^^^^^^^^^^^^^^^^^^^^^^^^^^^^^^^^^^^^^^^^
tests/lowering/normalization/test_log_softmax.py:7: in <module>
    import ttnn
E   ModuleNotFoundError: No module named 'ttnn'
________ ERROR collecting tests/lowering/normalization/test_softmax.py _________
ImportError while importing test module '/Users/Ajay17/pytorch2.0_ttnn/tests/lowering/normalization/test_softmax.py'.
Hint: make sure your test modules/packages have valid Python names.
Traceback:
../.pyenv/versions/3.11.10/lib/python3.11/importlib/__init__.py:126: in import_module
    return _bootstrap._gcd_import(name[level:], package, level)
           ^^^^^^^^^^^^^^^^^^^^^^^^^^^^^^^^^^^^^^^^^^^^^^^^^^^^
tests/lowering/normalization/test_softmax.py:7: in <module>
    import ttnn
E   ModuleNotFoundError: No module named 'ttnn'
___________ ERROR collecting tests/lowering/pool/test_avg_pool_2d.py ___________
ImportError while importing test module '/Users/Ajay17/pytorch2.0_ttnn/tests/lowering/pool/test_avg_pool_2d.py'.
Hint: make sure your test modules/packages have valid Python names.
Traceback:
../.pyenv/versions/3.11.10/lib/python3.11/importlib/__init__.py:126: in import_module
    return _bootstrap._gcd_import(name[level:], package, level)
           ^^^^^^^^^^^^^^^^^^^^^^^^^^^^^^^^^^^^^^^^^^^^^^^^^^^^
tests/lowering/pool/test_avg_pool_2d.py:7: in <module>
    import ttnn
E   ModuleNotFoundError: No module named 'ttnn'
____________ ERROR collecting tests/lowering/reduction/test_all.py _____________
ImportError while importing test module '/Users/Ajay17/pytorch2.0_ttnn/tests/lowering/reduction/test_all.py'.
Hint: make sure your test modules/packages have valid Python names.
Traceback:
../.pyenv/versions/3.11.10/lib/python3.11/importlib/__init__.py:126: in import_module
    return _bootstrap._gcd_import(name[level:], package, level)
           ^^^^^^^^^^^^^^^^^^^^^^^^^^^^^^^^^^^^^^^^^^^^^^^^^^^^
tests/lowering/reduction/test_all.py:7: in <module>
    import ttnn
E   ModuleNotFoundError: No module named 'ttnn'
____________ ERROR collecting tests/lowering/reduction/test_mean.py ____________
ImportError while importing test module '/Users/Ajay17/pytorch2.0_ttnn/tests/lowering/reduction/test_mean.py'.
Hint: make sure your test modules/packages have valid Python names.
Traceback:
../.pyenv/versions/3.11.10/lib/python3.11/importlib/__init__.py:126: in import_module
    return _bootstrap._gcd_import(name[level:], package, level)
           ^^^^^^^^^^^^^^^^^^^^^^^^^^^^^^^^^^^^^^^^^^^^^^^^^^^^
tests/lowering/reduction/test_mean.py:7: in <module>
    import ttnn
E   ModuleNotFoundError: No module named 'ttnn'
____ ERROR collecting tests/lowering/tensor_manipulation/test_as_strided.py ____
ImportError while importing test module '/Users/Ajay17/pytorch2.0_ttnn/tests/lowering/tensor_manipulation/test_as_strided.py'.
Hint: make sure your test modules/packages have valid Python names.
Traceback:
../.pyenv/versions/3.11.10/lib/python3.11/importlib/__init__.py:126: in import_module
    return _bootstrap._gcd_import(name[level:], package, level)
           ^^^^^^^^^^^^^^^^^^^^^^^^^^^^^^^^^^^^^^^^^^^^^^^^^^^^
tests/lowering/tensor_manipulation/test_as_strided.py:6: in <module>
    import ttnn
E   ModuleNotFoundError: No module named 'ttnn'
______ ERROR collecting tests/lowering/tensor_manipulation/test_concat.py ______
ImportError while importing test module '/Users/Ajay17/pytorch2.0_ttnn/tests/lowering/tensor_manipulation/test_concat.py'.
Hint: make sure your test modules/packages have valid Python names.
Traceback:
../.pyenv/versions/3.11.10/lib/python3.11/importlib/__init__.py:126: in import_module
    return _bootstrap._gcd_import(name[level:], package, level)
           ^^^^^^^^^^^^^^^^^^^^^^^^^^^^^^^^^^^^^^^^^^^^^^^^^^^^
tests/lowering/tensor_manipulation/test_concat.py:6: in <module>
    import ttnn
E   ModuleNotFoundError: No module named 'ttnn'
_ ERROR collecting tests/lowering/tensor_manipulation/test_constant_pad_nd.py __
ImportError while importing test module '/Users/Ajay17/pytorch2.0_ttnn/tests/lowering/tensor_manipulation/test_constant_pad_nd.py'.
Hint: make sure your test modules/packages have valid Python names.
Traceback:
../.pyenv/versions/3.11.10/lib/python3.11/importlib/__init__.py:126: in import_module
    return _bootstrap._gcd_import(name[level:], package, level)
           ^^^^^^^^^^^^^^^^^^^^^^^^^^^^^^^^^^^^^^^^^^^^^^^^^^^^
tests/lowering/tensor_manipulation/test_constant_pad_nd.py:7: in <module>
    import ttnn
E   ModuleNotFoundError: No module named 'ttnn'
_____ ERROR collecting tests/lowering/tensor_manipulation/test_permute.py ______
ImportError while importing test module '/Users/Ajay17/pytorch2.0_ttnn/tests/lowering/tensor_manipulation/test_permute.py'.
Hint: make sure your test modules/packages have valid Python names.
Traceback:
../.pyenv/versions/3.11.10/lib/python3.11/importlib/__init__.py:126: in import_module
    return _bootstrap._gcd_import(name[level:], package, level)
           ^^^^^^^^^^^^^^^^^^^^^^^^^^^^^^^^^^^^^^^^^^^^^^^^^^^^
tests/lowering/tensor_manipulation/test_permute.py:6: in <module>
    import ttnn
E   ModuleNotFoundError: No module named 'ttnn'
______ ERROR collecting tests/lowering/tensor_manipulation/test_repeat.py ______
ImportError while importing test module '/Users/Ajay17/pytorch2.0_ttnn/tests/lowering/tensor_manipulation/test_repeat.py'.
Hint: make sure your test modules/packages have valid Python names.
Traceback:
../.pyenv/versions/3.11.10/lib/python3.11/importlib/__init__.py:126: in import_module
    return _bootstrap._gcd_import(name[level:], package, level)
           ^^^^^^^^^^^^^^^^^^^^^^^^^^^^^^^^^^^^^^^^^^^^^^^^^^^^
tests/lowering/tensor_manipulation/test_repeat.py:7: in <module>
    import ttnn
E   ModuleNotFoundError: No module named 'ttnn'
_____ ERROR collecting tests/lowering/tensor_manipulation/test_reshape.py ______
ImportError while importing test module '/Users/Ajay17/pytorch2.0_ttnn/tests/lowering/tensor_manipulation/test_reshape.py'.
Hint: make sure your test modules/packages have valid Python names.
Traceback:
../.pyenv/versions/3.11.10/lib/python3.11/importlib/__init__.py:126: in import_module
    return _bootstrap._gcd_import(name[level:], package, level)
           ^^^^^^^^^^^^^^^^^^^^^^^^^^^^^^^^^^^^^^^^^^^^^^^^^^^^
tests/lowering/tensor_manipulation/test_reshape.py:6: in <module>
    import ttnn
E   ModuleNotFoundError: No module named 'ttnn'
_______ ERROR collecting tests/lowering/tensor_manipulation/test_roll.py _______
ImportError while importing test module '/Users/Ajay17/pytorch2.0_ttnn/tests/lowering/tensor_manipulation/test_roll.py'.
Hint: make sure your test modules/packages have valid Python names.
Traceback:
../.pyenv/versions/3.11.10/lib/python3.11/importlib/__init__.py:126: in import_module
    return _bootstrap._gcd_import(name[level:], package, level)
           ^^^^^^^^^^^^^^^^^^^^^^^^^^^^^^^^^^^^^^^^^^^^^^^^^^^^
tests/lowering/tensor_manipulation/test_roll.py:6: in <module>
    import ttnn
E   ModuleNotFoundError: No module named 'ttnn'
______ ERROR collecting tests/lowering/tensor_manipulation/test_slice.py _______
ImportError while importing test module '/Users/Ajay17/pytorch2.0_ttnn/tests/lowering/tensor_manipulation/test_slice.py'.
Hint: make sure your test modules/packages have valid Python names.
Traceback:
../.pyenv/versions/3.11.10/lib/python3.11/importlib/__init__.py:126: in import_module
    return _bootstrap._gcd_import(name[level:], package, level)
           ^^^^^^^^^^^^^^^^^^^^^^^^^^^^^^^^^^^^^^^^^^^^^^^^^^^^
tests/lowering/tensor_manipulation/test_slice.py:7: in <module>
    import ttnn
E   ModuleNotFoundError: No module named 'ttnn'
__ ERROR collecting tests/lowering/tensor_manipulation/test_slice_scatter.py ___
ImportError while importing test module '/Users/Ajay17/pytorch2.0_ttnn/tests/lowering/tensor_manipulation/test_slice_scatter.py'.
Hint: make sure your test modules/packages have valid Python names.
Traceback:
../.pyenv/versions/3.11.10/lib/python3.11/importlib/__init__.py:126: in import_module
    return _bootstrap._gcd_import(name[level:], package, level)
           ^^^^^^^^^^^^^^^^^^^^^^^^^^^^^^^^^^^^^^^^^^^^^^^^^^^^
tests/lowering/tensor_manipulation/test_slice_scatter.py:6: in <module>
    import ttnn
E   ModuleNotFoundError: No module named 'ttnn'
_____ ERROR collecting tests/lowering/tensor_manipulation/test_squeeze.py ______
ImportError while importing test module '/Users/Ajay17/pytorch2.0_ttnn/tests/lowering/tensor_manipulation/test_squeeze.py'.
Hint: make sure your test modules/packages have valid Python names.
Traceback:
../.pyenv/versions/3.11.10/lib/python3.11/importlib/__init__.py:126: in import_module
    return _bootstrap._gcd_import(name[level:], package, level)
           ^^^^^^^^^^^^^^^^^^^^^^^^^^^^^^^^^^^^^^^^^^^^^^^^^^^^
tests/lowering/tensor_manipulation/test_squeeze.py:7: in <module>
    import ttnn
E   ModuleNotFoundError: No module named 'ttnn'
______ ERROR collecting tests/lowering/tensor_manipulation/test_stack.py _______
ImportError while importing test module '/Users/Ajay17/pytorch2.0_ttnn/tests/lowering/tensor_manipulation/test_stack.py'.
Hint: make sure your test modules/packages have valid Python names.
Traceback:
../.pyenv/versions/3.11.10/lib/python3.11/importlib/__init__.py:126: in import_module
    return _bootstrap._gcd_import(name[level:], package, level)
           ^^^^^^^^^^^^^^^^^^^^^^^^^^^^^^^^^^^^^^^^^^^^^^^^^^^^
tests/lowering/tensor_manipulation/test_stack.py:6: in <module>
    import ttnn
E   ModuleNotFoundError: No module named 'ttnn'
____ ERROR collecting tests/lowering/tensor_manipulation/test_unsqueeze.py _____
ImportError while importing test module '/Users/Ajay17/pytorch2.0_ttnn/tests/lowering/tensor_manipulation/test_unsqueeze.py'.
Hint: make sure your test modules/packages have valid Python names.
Traceback:
../.pyenv/versions/3.11.10/lib/python3.11/importlib/__init__.py:126: in import_module
    return _bootstrap._gcd_import(name[level:], package, level)
           ^^^^^^^^^^^^^^^^^^^^^^^^^^^^^^^^^^^^^^^^^^^^^^^^^^^^
tests/lowering/tensor_manipulation/test_unsqueeze.py:7: in <module>
    import ttnn
E   ModuleNotFoundError: No module named 'ttnn'
_______ ERROR collecting tests/lowering/tensor_manipulation/test_view.py _______
ImportError while importing test module '/Users/Ajay17/pytorch2.0_ttnn/tests/lowering/tensor_manipulation/test_view.py'.
Hint: make sure your test modules/packages have valid Python names.
Traceback:
../.pyenv/versions/3.11.10/lib/python3.11/importlib/__init__.py:126: in import_module
    return _bootstrap._gcd_import(name[level:], package, level)
           ^^^^^^^^^^^^^^^^^^^^^^^^^^^^^^^^^^^^^^^^^^^^^^^^^^^^
tests/lowering/tensor_manipulation/test_view.py:6: in <module>
    import ttnn
E   ModuleNotFoundError: No module named 'ttnn'
__________ ERROR collecting tests/memory/scenario1/test_scenario1.py ___________
ImportError while importing test module '/Users/Ajay17/pytorch2.0_ttnn/tests/memory/scenario1/test_scenario1.py'.
Hint: make sure your test modules/packages have valid Python names.
Traceback:
../.pyenv/versions/3.11.10/lib/python3.11/importlib/__init__.py:126: in import_module
    return _bootstrap._gcd_import(name[level:], package, level)
           ^^^^^^^^^^^^^^^^^^^^^^^^^^^^^^^^^^^^^^^^^^^^^^^^^^^^
tests/memory/scenario1/test_scenario1.py:7: in <module>
    import ttnn
E   ModuleNotFoundError: No module named 'ttnn'
__ ERROR collecting tests/models/autoencoder_conv/test_autoencoder_conv_v2.py __
ImportError while importing test module '/Users/Ajay17/pytorch2.0_ttnn/tests/models/autoencoder_conv/test_autoencoder_conv_v2.py'.
Hint: make sure your test modules/packages have valid Python names.
Traceback:
../.pyenv/versions/3.11.10/lib/python3.11/importlib/__init__.py:126: in import_module
    return _bootstrap._gcd_import(name[level:], package, level)
           ^^^^^^^^^^^^^^^^^^^^^^^^^^^^^^^^^^^^^^^^^^^^^^^^^^^^
tests/models/autoencoder_conv/test_autoencoder_conv_v2.py:8: in <module>
    from datasets import load_dataset
E   ModuleNotFoundError: No module named 'datasets'
_ ERROR collecting tests/models/autoencoder_linear/test_autoencoder_linear.py __
ImportError while importing test module '/Users/Ajay17/pytorch2.0_ttnn/tests/models/autoencoder_linear/test_autoencoder_linear.py'.
Hint: make sure your test modules/packages have valid Python names.
Traceback:
../.pyenv/versions/3.11.10/lib/python3.11/importlib/__init__.py:126: in import_module
    return _bootstrap._gcd_import(name[level:], package, level)
           ^^^^^^^^^^^^^^^^^^^^^^^^^^^^^^^^^^^^^^^^^^^^^^^^^^^^
tests/models/autoencoder_linear/test_autoencoder_linear.py:8: in <module>
    from datasets import load_dataset
E   ModuleNotFoundError: No module named 'datasets'
___________ ERROR collecting tests/models/mlpmixer/test_mlpmixer.py ____________
ImportError while importing test module '/Users/Ajay17/pytorch2.0_ttnn/tests/models/mlpmixer/test_mlpmixer.py'.
Hint: make sure your test modules/packages have valid Python names.
Traceback:
../.pyenv/versions/3.11.10/lib/python3.11/importlib/__init__.py:126: in import_module
    return _bootstrap._gcd_import(name[level:], package, level)
           ^^^^^^^^^^^^^^^^^^^^^^^^^^^^^^^^^^^^^^^^^^^^^^^^^^^^
tests/models/mlpmixer/test_mlpmixer.py:5: in <module>
    from mlp_mixer_pytorch import MLPMixer
E   ModuleNotFoundError: No module named 'mlp_mixer_pytorch'
__________ ERROR collecting tests/models/openpose/test_openpose_v2.py __________
ImportError while importing test module '/Users/Ajay17/pytorch2.0_ttnn/tests/models/openpose/test_openpose_v2.py'.
Hint: make sure your test modules/packages have valid Python names.
Traceback:
../.pyenv/versions/3.11.10/lib/python3.11/importlib/__init__.py:126: in import_module
    return _bootstrap._gcd_import(name[level:], package, level)
           ^^^^^^^^^^^^^^^^^^^^^^^^^^^^^^^^^^^^^^^^^^^^^^^^^^^^
tests/models/openpose/test_openpose_v2.py:9: in <module>
    from pytorchcv.model_provider import get_model as ptcv_get_model
E   ModuleNotFoundError: No module named 'pytorchcv'
_______ ERROR collecting tests/models/speecht5_tts/test_speecht5_tts.py ________
ImportError while importing test module '/Users/Ajay17/pytorch2.0_ttnn/tests/models/speecht5_tts/test_speecht5_tts.py'.
Hint: make sure your test modules/packages have valid Python names.
Traceback:
../.pyenv/versions/3.11.10/lib/python3.11/importlib/__init__.py:126: in import_module
    return _bootstrap._gcd_import(name[level:], package, level)
           ^^^^^^^^^^^^^^^^^^^^^^^^^^^^^^^^^^^^^^^^^^^^^^^^^^^^
tests/models/speecht5_tts/test_speecht5_tts.py:7: in <module>
    from datasets import load_dataset
E   ModuleNotFoundError: No module named 'datasets'
____________ ERROR collecting tests/models/whisper/test_whisper.py _____________
ImportError while importing test module '/Users/Ajay17/pytorch2.0_ttnn/tests/models/whisper/test_whisper.py'.
Hint: make sure your test modules/packages have valid Python names.
Traceback:
../.pyenv/versions/3.11.10/lib/python3.11/importlib/__init__.py:126: in import_module
    return _bootstrap._gcd_import(name[level:], package, level)
           ^^^^^^^^^^^^^^^^^^^^^^^^^^^^^^^^^^^^^^^^^^^^^^^^^^^^
tests/models/whisper/test_whisper.py:5: in <module>
    from datasets import load_dataset
E   ModuleNotFoundError: No module named 'datasets'
_______________ ERROR collecting tests/optimization/test_cse.py ________________
ImportError while importing test module '/Users/Ajay17/pytorch2.0_ttnn/tests/optimization/test_cse.py'.
Hint: make sure your test modules/packages have valid Python names.
Traceback:
../.pyenv/versions/3.11.10/lib/python3.11/importlib/__init__.py:126: in import_module
    return _bootstrap._gcd_import(name[level:], package, level)
           ^^^^^^^^^^^^^^^^^^^^^^^^^^^^^^^^^^^^^^^^^^^^^^^^^^^^
tests/optimization/test_cse.py:7: in <module>
    import ttnn
E   ModuleNotFoundError: No module named 'ttnn'
__________ ERROR collecting tests/pattern/test_add_shape_mismatch.py ___________
ImportError while importing test module '/Users/Ajay17/pytorch2.0_ttnn/tests/pattern/test_add_shape_mismatch.py'.
Hint: make sure your test modules/packages have valid Python names.
Traceback:
../.pyenv/versions/3.11.10/lib/python3.11/importlib/__init__.py:126: in import_module
    return _bootstrap._gcd_import(name[level:], package, level)
           ^^^^^^^^^^^^^^^^^^^^^^^^^^^^^^^^^^^^^^^^^^^^^^^^^^^^
tests/pattern/test_add_shape_mismatch.py:7: in <module>
    import ttnn
E   ModuleNotFoundError: No module named 'ttnn'
_____________ ERROR collecting tests/pattern/test_beit_pattern.py ______________
ImportError while importing test module '/Users/Ajay17/pytorch2.0_ttnn/tests/pattern/test_beit_pattern.py'.
Hint: make sure your test modules/packages have valid Python names.
Traceback:
../.pyenv/versions/3.11.10/lib/python3.11/importlib/__init__.py:126: in import_module
    return _bootstrap._gcd_import(name[level:], package, level)
           ^^^^^^^^^^^^^^^^^^^^^^^^^^^^^^^^^^^^^^^^^^^^^^^^^^^^
tests/pattern/test_beit_pattern.py:7: in <module>
    import ttnn
E   ModuleNotFoundError: No module named 'ttnn'
__________ ERROR collecting tests/pattern/test_beit_train_pattern.py ___________
ImportError while importing test module '/Users/Ajay17/pytorch2.0_ttnn/tests/pattern/test_beit_train_pattern.py'.
Hint: make sure your test modules/packages have valid Python names.
Traceback:
../.pyenv/versions/3.11.10/lib/python3.11/importlib/__init__.py:126: in import_module
    return _bootstrap._gcd_import(name[level:], package, level)
           ^^^^^^^^^^^^^^^^^^^^^^^^^^^^^^^^^^^^^^^^^^^^^^^^^^^^
tests/pattern/test_beit_train_pattern.py:7: in <module>
    import ttnn
E   ModuleNotFoundError: No module named 'ttnn'
________ ERROR collecting tests/pattern/test_data_move_reuse_pattern.py ________
ImportError while importing test module '/Users/Ajay17/pytorch2.0_ttnn/tests/pattern/test_data_move_reuse_pattern.py'.
Hint: make sure your test modules/packages have valid Python names.
Traceback:
../.pyenv/versions/3.11.10/lib/python3.11/importlib/__init__.py:126: in import_module
    return _bootstrap._gcd_import(name[level:], package, level)
           ^^^^^^^^^^^^^^^^^^^^^^^^^^^^^^^^^^^^^^^^^^^^^^^^^^^^
tests/pattern/test_data_move_reuse_pattern.py:6: in <module>
    import ttnn
E   ModuleNotFoundError: No module named 'ttnn'
_____________ ERROR collecting tests/pattern/test_detr_pattern.py ______________
ImportError while importing test module '/Users/Ajay17/pytorch2.0_ttnn/tests/pattern/test_detr_pattern.py'.
Hint: make sure your test modules/packages have valid Python names.
Traceback:
../.pyenv/versions/3.11.10/lib/python3.11/importlib/__init__.py:126: in import_module
    return _bootstrap._gcd_import(name[level:], package, level)
           ^^^^^^^^^^^^^^^^^^^^^^^^^^^^^^^^^^^^^^^^^^^^^^^^^^^^
tests/pattern/test_detr_pattern.py:7: in <module>
    import ttnn
E   ModuleNotFoundError: No module named 'ttnn'
_____________ ERROR collecting tests/pattern/test_index_pattern.py _____________
ImportError while importing test module '/Users/Ajay17/pytorch2.0_ttnn/tests/pattern/test_index_pattern.py'.
Hint: make sure your test modules/packages have valid Python names.
Traceback:
../.pyenv/versions/3.11.10/lib/python3.11/importlib/__init__.py:126: in import_module
    return _bootstrap._gcd_import(name[level:], package, level)
           ^^^^^^^^^^^^^^^^^^^^^^^^^^^^^^^^^^^^^^^^^^^^^^^^^^^^
tests/pattern/test_index_pattern.py:7: in <module>
    import ttnn
E   ModuleNotFoundError: No module named 'ttnn'
______________ ERROR collecting tests/pattern/test_nms_pattern.py ______________
ImportError while importing test module '/Users/Ajay17/pytorch2.0_ttnn/tests/pattern/test_nms_pattern.py'.
Hint: make sure your test modules/packages have valid Python names.
Traceback:
../.pyenv/versions/3.11.10/lib/python3.11/importlib/__init__.py:126: in import_module
    return _bootstrap._gcd_import(name[level:], package, level)
           ^^^^^^^^^^^^^^^^^^^^^^^^^^^^^^^^^^^^^^^^^^^^^^^^^^^^
tests/pattern/test_nms_pattern.py:7: in <module>
    import ttnn
E   ModuleNotFoundError: No module named 'ttnn'
___________ ERROR collecting tests/pattern/test_retinanet_pattern.py ___________
ImportError while importing test module '/Users/Ajay17/pytorch2.0_ttnn/tests/pattern/test_retinanet_pattern.py'.
Hint: make sure your test modules/packages have valid Python names.
Traceback:
../.pyenv/versions/3.11.10/lib/python3.11/importlib/__init__.py:126: in import_module
    return _bootstrap._gcd_import(name[level:], package, level)
           ^^^^^^^^^^^^^^^^^^^^^^^^^^^^^^^^^^^^^^^^^^^^^^^^^^^^
tests/pattern/test_retinanet_pattern.py:7: in <module>
    import ttnn
E   ModuleNotFoundError: No module named 'ttnn'
______________ ERROR collecting tests/pattern/test_vgg_pattern.py ______________
ImportError while importing test module '/Users/Ajay17/pytorch2.0_ttnn/tests/pattern/test_vgg_pattern.py'.
Hint: make sure your test modules/packages have valid Python names.
Traceback:
../.pyenv/versions/3.11.10/lib/python3.11/importlib/__init__.py:126: in import_module
    return _bootstrap._gcd_import(name[level:], package, level)
           ^^^^^^^^^^^^^^^^^^^^^^^^^^^^^^^^^^^^^^^^^^^^^^^^^^^^
tests/pattern/test_vgg_pattern.py:7: in <module>
    import ttnn
E   ModuleNotFoundError: No module named 'ttnn'
_____________ ERROR collecting tests/pattern/test_yolos_pattern.py _____________
ImportError while importing test module '/Users/Ajay17/pytorch2.0_ttnn/tests/pattern/test_yolos_pattern.py'.
Hint: make sure your test modules/packages have valid Python names.
Traceback:
../.pyenv/versions/3.11.10/lib/python3.11/importlib/__init__.py:126: in import_module
    return _bootstrap._gcd_import(name[level:], package, level)
           ^^^^^^^^^^^^^^^^^^^^^^^^^^^^^^^^^^^^^^^^^^^^^^^^^^^^
tests/pattern/test_yolos_pattern.py:7: in <module>
    import ttnn
E   ModuleNotFoundError: No module named 'ttnn'
=============================== warnings summary ===============================
tests/models/MobileNetV2/test_MobileNetV2.py:41
  /Users/Ajay17/pytorch2.0_ttnn/tests/models/MobileNetV2/test_MobileNetV2.py:41: PytestUnknownMarkWarning: Unknown pytest.mark.converted_end_to_end - is this a typo?  You can register custom marks to avoid this warning - for details, see https://docs.pytest.org/en/stable/how-to/mark.html
    @pytest.mark.converted_end_to_end

tests/models/albert/test_albert_masked_lm.py:41
  /Users/Ajay17/pytorch2.0_ttnn/tests/models/albert/test_albert_masked_lm.py:41: PytestUnknownMarkWarning: Unknown pytest.mark.converted_end_to_end - is this a typo?  You can register custom marks to avoid this warning - for details, see https://docs.pytest.org/en/stable/how-to/mark.html
    pytest.param("albert/albert-base-v2", marks=pytest.mark.converted_end_to_end),

tests/models/albert/test_albert_masked_lm.py:42
  /Users/Ajay17/pytorch2.0_ttnn/tests/models/albert/test_albert_masked_lm.py:42: PytestUnknownMarkWarning: Unknown pytest.mark.converted_end_to_end - is this a typo?  You can register custom marks to avoid this warning - for details, see https://docs.pytest.org/en/stable/how-to/mark.html
    pytest.param("albert/albert-large-v2", marks=pytest.mark.converted_end_to_end),

tests/models/albert/test_albert_masked_lm.py:43
  /Users/Ajay17/pytorch2.0_ttnn/tests/models/albert/test_albert_masked_lm.py:43: PytestUnknownMarkWarning: Unknown pytest.mark.converted_end_to_end - is this a typo?  You can register custom marks to avoid this warning - for details, see https://docs.pytest.org/en/stable/how-to/mark.html
    pytest.param("albert/albert-xlarge-v2", marks=pytest.mark.converted_end_to_end),

tests/models/albert/test_albert_question_answering.py:29
  /Users/Ajay17/pytorch2.0_ttnn/tests/models/albert/test_albert_question_answering.py:29: PytestUnknownMarkWarning: Unknown pytest.mark.converted_end_to_end - is this a typo?  You can register custom marks to avoid this warning - for details, see https://docs.pytest.org/en/stable/how-to/mark.html
    @pytest.mark.converted_end_to_end

tests/models/albert/test_albert_sequence_classification.py:28
  /Users/Ajay17/pytorch2.0_ttnn/tests/models/albert/test_albert_sequence_classification.py:28: PytestUnknownMarkWarning: Unknown pytest.mark.converted_end_to_end - is this a typo?  You can register custom marks to avoid this warning - for details, see https://docs.pytest.org/en/stable/how-to/mark.html
    @pytest.mark.converted_end_to_end

tests/models/albert/test_albert_token_classification.py:31
  /Users/Ajay17/pytorch2.0_ttnn/tests/models/albert/test_albert_token_classification.py:31: PytestUnknownMarkWarning: Unknown pytest.mark.converted_end_to_end - is this a typo?  You can register custom marks to avoid this warning - for details, see https://docs.pytest.org/en/stable/how-to/mark.html
    pytest.param("albert/albert-base-v2", marks=pytest.mark.converted_end_to_end),

tests/models/bert/test_bert.py:60
  /Users/Ajay17/pytorch2.0_ttnn/tests/models/bert/test_bert.py:60: PytestUnknownMarkWarning: Unknown pytest.mark.converted_end_to_end - is this a typo?  You can register custom marks to avoid this warning - for details, see https://docs.pytest.org/en/stable/how-to/mark.html
    @pytest.mark.converted_end_to_end

tests/models/bert/test_bert.py:61
  /Users/Ajay17/pytorch2.0_ttnn/tests/models/bert/test_bert.py:61: PytestUnknownMarkWarning: Unknown pytest.mark.e2e_with_native_integration - is this a typo?  You can register custom marks to avoid this warning - for details, see https://docs.pytest.org/en/stable/how-to/mark.html
    @pytest.mark.e2e_with_native_integration

tests/models/bloom/test_bloom.py:37
  /Users/Ajay17/pytorch2.0_ttnn/tests/models/bloom/test_bloom.py:37: PytestUnknownMarkWarning: Unknown pytest.mark.compilation_xfail - is this a typo?  You can register custom marks to avoid this warning - for details, see https://docs.pytest.org/en/stable/how-to/mark.html
    [pytest.param("eval", marks=pytest.mark.compilation_xfail)],

tests/models/codegen/test_codegen.py:33
  /Users/Ajay17/pytorch2.0_ttnn/tests/models/codegen/test_codegen.py:33: PytestUnknownMarkWarning: Unknown pytest.mark.compilation_xfail - is this a typo?  You can register custom marks to avoid this warning - for details, see https://docs.pytest.org/en/stable/how-to/mark.html
    @pytest.mark.compilation_xfail

tests/models/distilbert/test_distilbert.py:27
  /Users/Ajay17/pytorch2.0_ttnn/tests/models/distilbert/test_distilbert.py:27: PytestUnknownMarkWarning: Unknown pytest.mark.converted_end_to_end - is this a typo?  You can register custom marks to avoid this warning - for details, see https://docs.pytest.org/en/stable/how-to/mark.html
    @pytest.mark.converted_end_to_end

tests/models/dpr/test_dpr.py:33
  /Users/Ajay17/pytorch2.0_ttnn/tests/models/dpr/test_dpr.py:33: PytestUnknownMarkWarning: Unknown pytest.mark.converted_end_to_end - is this a typo?  You can register custom marks to avoid this warning - for details, see https://docs.pytest.org/en/stable/how-to/mark.html
    @pytest.mark.converted_end_to_end

tests/models/flan_t5/test_flan_t5.py:31
  /Users/Ajay17/pytorch2.0_ttnn/tests/models/flan_t5/test_flan_t5.py:31: PytestUnknownMarkWarning: Unknown pytest.mark.compilation_xfail - is this a typo?  You can register custom marks to avoid this warning - for details, see https://docs.pytest.org/en/stable/how-to/mark.html
    @pytest.mark.compilation_xfail

tests/models/gpt_neo/test_gpt_neo.py:38
  /Users/Ajay17/pytorch2.0_ttnn/tests/models/gpt_neo/test_gpt_neo.py:38: PytestUnknownMarkWarning: Unknown pytest.mark.compilation_xfail - is this a typo?  You can register custom marks to avoid this warning - for details, see https://docs.pytest.org/en/stable/how-to/mark.html
    @pytest.mark.compilation_xfail

tests/models/hand_landmark/test_hand_landmark.py:46
  /Users/Ajay17/pytorch2.0_ttnn/tests/models/hand_landmark/test_hand_landmark.py:46: PytestUnknownMarkWarning: Unknown pytest.mark.converted_end_to_end - is this a typo?  You can register custom marks to avoid this warning - for details, see https://docs.pytest.org/en/stable/how-to/mark.html
    @pytest.mark.converted_end_to_end

tests/models/hardnet/test_hardnet.py:45
  /Users/Ajay17/pytorch2.0_ttnn/tests/models/hardnet/test_hardnet.py:45: PytestUnknownMarkWarning: Unknown pytest.mark.converted_end_to_end - is this a typo?  You can register custom marks to avoid this warning - for details, see https://docs.pytest.org/en/stable/how-to/mark.html
    pytest.param("eval", marks=pytest.mark.converted_end_to_end),

tests/models/llama/test_llama.py:42
  /Users/Ajay17/pytorch2.0_ttnn/tests/models/llama/test_llama.py:42: PytestUnknownMarkWarning: Unknown pytest.mark.converted_end_to_end - is this a typo?  You can register custom marks to avoid this warning - for details, see https://docs.pytest.org/en/stable/how-to/mark.html
    @pytest.mark.converted_end_to_end

tests/models/mnist/test_mnist.py:58
  /Users/Ajay17/pytorch2.0_ttnn/tests/models/mnist/test_mnist.py:58: PytestUnknownMarkWarning: Unknown pytest.mark.converted_end_to_end - is this a typo?  You can register custom marks to avoid this warning - for details, see https://docs.pytest.org/en/stable/how-to/mark.html
    ["train", pytest.param("eval", marks=[pytest.mark.converted_end_to_end, pytest.mark.e2e_with_native_integration])],

tests/models/mnist/test_mnist.py:58
  /Users/Ajay17/pytorch2.0_ttnn/tests/models/mnist/test_mnist.py:58: PytestUnknownMarkWarning: Unknown pytest.mark.e2e_with_native_integration - is this a typo?  You can register custom marks to avoid this warning - for details, see https://docs.pytest.org/en/stable/how-to/mark.html
    ["train", pytest.param("eval", marks=[pytest.mark.converted_end_to_end, pytest.mark.e2e_with_native_integration])],

tests/models/opt/test_opt.py:40
  /Users/Ajay17/pytorch2.0_ttnn/tests/models/opt/test_opt.py:40: PytestUnknownMarkWarning: Unknown pytest.mark.compilation_xfail - is this a typo?  You can register custom marks to avoid this warning - for details, see https://docs.pytest.org/en/stable/how-to/mark.html
    @pytest.mark.compilation_xfail

tests/models/perceiver_io/test_perceiver_io.py:35
  /Users/Ajay17/pytorch2.0_ttnn/tests/models/perceiver_io/test_perceiver_io.py:35: PytestUnknownMarkWarning: Unknown pytest.mark.converted_end_to_end - is this a typo?  You can register custom marks to avoid this warning - for details, see https://docs.pytest.org/en/stable/how-to/mark.html
    @pytest.mark.converted_end_to_end

tests/models/resnet/test_resnet.py:26
  /Users/Ajay17/pytorch2.0_ttnn/tests/models/resnet/test_resnet.py:26: PytestUnknownMarkWarning: Unknown pytest.mark.converted_end_to_end - is this a typo?  You can register custom marks to avoid this warning - for details, see https://docs.pytest.org/en/stable/how-to/mark.html
    pytest.param("eval", marks=pytest.mark.converted_end_to_end),

tests/models/resnet50/test_resnet50.py:41
  /Users/Ajay17/pytorch2.0_ttnn/tests/models/resnet50/test_resnet50.py:41: PytestUnknownMarkWarning: Unknown pytest.mark.converted_end_to_end - is this a typo?  You can register custom marks to avoid this warning - for details, see https://docs.pytest.org/en/stable/how-to/mark.html
    pytest.param("eval", 4, marks=pytest.mark.converted_end_to_end),

tests/models/roberta/test_roberta.py:28
  /Users/Ajay17/pytorch2.0_ttnn/tests/models/roberta/test_roberta.py:28: PytestUnknownMarkWarning: Unknown pytest.mark.converted_end_to_end - is this a typo?  You can register custom marks to avoid this warning - for details, see https://docs.pytest.org/en/stable/how-to/mark.html
    @pytest.mark.converted_end_to_end

tests/models/squeeze_bert/test_squeeze_bert.py:30
  /Users/Ajay17/pytorch2.0_ttnn/tests/models/squeeze_bert/test_squeeze_bert.py:30: PytestUnknownMarkWarning: Unknown pytest.mark.converted_end_to_end - is this a typo?  You can register custom marks to avoid this warning - for details, see https://docs.pytest.org/en/stable/how-to/mark.html
    @pytest.mark.converted_end_to_end

tests/models/stable_diffusion/test_stable_diffusion_v2.py:55
  /Users/Ajay17/pytorch2.0_ttnn/tests/models/stable_diffusion/test_stable_diffusion_v2.py:55: PytestUnknownMarkWarning: Unknown pytest.mark.compilation_xfail - is this a typo?  You can register custom marks to avoid this warning - for details, see https://docs.pytest.org/en/stable/how-to/mark.html
    @pytest.mark.compilation_xfail

tests/models/t5/test_t5.py:31
  /Users/Ajay17/pytorch2.0_ttnn/tests/models/t5/test_t5.py:31: PytestUnknownMarkWarning: Unknown pytest.mark.compilation_xfail - is this a typo?  You can register custom marks to avoid this warning - for details, see https://docs.pytest.org/en/stable/how-to/mark.html
    @pytest.mark.compilation_xfail

tests/models/timm/test_timm_image_classification.py:56
  /Users/Ajay17/pytorch2.0_ttnn/tests/models/timm/test_timm_image_classification.py:56: PytestUnknownMarkWarning: Unknown pytest.mark.converted_end_to_end - is this a typo?  You can register custom marks to avoid this warning - for details, see https://docs.pytest.org/en/stable/how-to/mark.html
    pytest.param(["tf_efficientnet_lite0.in1k", "eval"], marks=pytest.mark.converted_end_to_end),

tests/models/timm/test_timm_image_classification.py:57
  /Users/Ajay17/pytorch2.0_ttnn/tests/models/timm/test_timm_image_classification.py:57: PytestUnknownMarkWarning: Unknown pytest.mark.converted_end_to_end - is this a typo?  You can register custom marks to avoid this warning - for details, see https://docs.pytest.org/en/stable/how-to/mark.html
    pytest.param(["tf_efficientnet_lite1.in1k", "eval"], marks=pytest.mark.converted_end_to_end),

tests/models/timm/test_timm_image_classification.py:58
  /Users/Ajay17/pytorch2.0_ttnn/tests/models/timm/test_timm_image_classification.py:58: PytestUnknownMarkWarning: Unknown pytest.mark.converted_end_to_end - is this a typo?  You can register custom marks to avoid this warning - for details, see https://docs.pytest.org/en/stable/how-to/mark.html
    pytest.param(["tf_efficientnet_lite2.in1k", "eval"], marks=pytest.mark.converted_end_to_end),

tests/models/timm/test_timm_image_classification.py:61
  /Users/Ajay17/pytorch2.0_ttnn/tests/models/timm/test_timm_image_classification.py:61: PytestUnknownMarkWarning: Unknown pytest.mark.converted_end_to_end - is this a typo?  You can register custom marks to avoid this warning - for details, see https://docs.pytest.org/en/stable/how-to/mark.html
    pytest.param(["ghostnet_100.in1k", "eval"], marks=pytest.mark.converted_end_to_end),

tests/models/timm/test_timm_image_classification.py:65
  /Users/Ajay17/pytorch2.0_ttnn/tests/models/timm/test_timm_image_classification.py:65: PytestUnknownMarkWarning: Unknown pytest.mark.converted_end_to_end - is this a typo?  You can register custom marks to avoid this warning - for details, see https://docs.pytest.org/en/stable/how-to/mark.html
    pytest.param(["mobilenetv1_100.ra4_e3600_r224_in1k", "eval"], marks=pytest.mark.converted_end_to_end),

tests/models/timm/test_timm_image_classification.py:66
  /Users/Ajay17/pytorch2.0_ttnn/tests/models/timm/test_timm_image_classification.py:66: PytestUnknownMarkWarning: Unknown pytest.mark.converted_end_to_end - is this a typo?  You can register custom marks to avoid this warning - for details, see https://docs.pytest.org/en/stable/how-to/mark.html
    pytest.param(["ese_vovnet19b_dw.ra_in1k", "eval"], marks=pytest.mark.converted_end_to_end),

tests/models/timm/test_timm_image_classification.py:67
  /Users/Ajay17/pytorch2.0_ttnn/tests/models/timm/test_timm_image_classification.py:67: PytestUnknownMarkWarning: Unknown pytest.mark.compilation_xfail - is this a typo?  You can register custom marks to avoid this warning - for details, see https://docs.pytest.org/en/stable/how-to/mark.html
    pytest.param(["xception71.tf_in1k", "eval"], marks=pytest.mark.compilation_xfail(reason="Fail with more run_once")),

tests/models/timm/test_timm_image_classification.py:68
  /Users/Ajay17/pytorch2.0_ttnn/tests/models/timm/test_timm_image_classification.py:68: PytestUnknownMarkWarning: Unknown pytest.mark.compilation_xfail - is this a typo?  You can register custom marks to avoid this warning - for details, see https://docs.pytest.org/en/stable/how-to/mark.html
    pytest.param(["dla34.in1k", "eval"], marks=pytest.mark.compilation_xfail(reason="Fail with more run_once")),

tests/models/torchvision/test_torchvision_image_classification.py:42
  /Users/Ajay17/pytorch2.0_ttnn/tests/models/torchvision/test_torchvision_image_classification.py:42: PytestUnknownMarkWarning: Unknown pytest.mark.converted_end_to_end - is this a typo?  You can register custom marks to avoid this warning - for details, see https://docs.pytest.org/en/stable/how-to/mark.html
    pytest.param([("densenet121", "DenseNet121_Weights"), "eval"], marks=pytest.mark.converted_end_to_end),

tests/models/torchvision/test_torchvision_image_classification.py:43
  /Users/Ajay17/pytorch2.0_ttnn/tests/models/torchvision/test_torchvision_image_classification.py:43: PytestUnknownMarkWarning: Unknown pytest.mark.converted_end_to_end - is this a typo?  You can register custom marks to avoid this warning - for details, see https://docs.pytest.org/en/stable/how-to/mark.html
    pytest.param([("densenet161", "DenseNet161_Weights"), "eval"], marks=pytest.mark.converted_end_to_end),

tests/models/torchvision/test_torchvision_image_classification.py:46
  /Users/Ajay17/pytorch2.0_ttnn/tests/models/torchvision/test_torchvision_image_classification.py:46: PytestUnknownMarkWarning: Unknown pytest.mark.converted_end_to_end - is this a typo?  You can register custom marks to avoid this warning - for details, see https://docs.pytest.org/en/stable/how-to/mark.html
    marks=pytest.mark.converted_end_to_end,

tests/models/torchvision/test_torchvision_image_classification.py:50
  /Users/Ajay17/pytorch2.0_ttnn/tests/models/torchvision/test_torchvision_image_classification.py:50: PytestUnknownMarkWarning: Unknown pytest.mark.compilation_xfail - is this a typo?  You can register custom marks to avoid this warning - for details, see https://docs.pytest.org/en/stable/how-to/mark.html
    marks=pytest.mark.compilation_xfail(reason="Fail with more run_once"),

tests/models/torchvision/test_torchvision_image_classification.py:52
  /Users/Ajay17/pytorch2.0_ttnn/tests/models/torchvision/test_torchvision_image_classification.py:52: PytestUnknownMarkWarning: Unknown pytest.mark.converted_end_to_end - is this a typo?  You can register custom marks to avoid this warning - for details, see https://docs.pytest.org/en/stable/how-to/mark.html
    pytest.param([("mobilenet_v2", "MobileNet_V2_Weights"), "eval"], marks=pytest.mark.converted_end_to_end),

tests/models/torchvision/test_torchvision_image_classification.py:54
  /Users/Ajay17/pytorch2.0_ttnn/tests/models/torchvision/test_torchvision_image_classification.py:54: PytestUnknownMarkWarning: Unknown pytest.mark.converted_end_to_end - is this a typo?  You can register custom marks to avoid this warning - for details, see https://docs.pytest.org/en/stable/how-to/mark.html
    [("mobilenet_v3_small", "MobileNet_V3_Small_Weights"), "eval"], marks=pytest.mark.converted_end_to_end

tests/models/torchvision/test_torchvision_image_classification.py:57
  /Users/Ajay17/pytorch2.0_ttnn/tests/models/torchvision/test_torchvision_image_classification.py:57: PytestUnknownMarkWarning: Unknown pytest.mark.converted_end_to_end - is this a typo?  You can register custom marks to avoid this warning - for details, see https://docs.pytest.org/en/stable/how-to/mark.html
    [("mobilenet_v3_large", "MobileNet_V3_Large_Weights"), "eval"], marks=pytest.mark.converted_end_to_end

tests/models/torchvision/test_torchvision_image_classification.py:59
  /Users/Ajay17/pytorch2.0_ttnn/tests/models/torchvision/test_torchvision_image_classification.py:59: PytestUnknownMarkWarning: Unknown pytest.mark.converted_end_to_end - is this a typo?  You can register custom marks to avoid this warning - for details, see https://docs.pytest.org/en/stable/how-to/mark.html
    pytest.param([("resnet18", "ResNet18_Weights"), "eval"], marks=pytest.mark.converted_end_to_end),

tests/models/torchvision/test_torchvision_image_classification.py:60
  /Users/Ajay17/pytorch2.0_ttnn/tests/models/torchvision/test_torchvision_image_classification.py:60: PytestUnknownMarkWarning: Unknown pytest.mark.converted_end_to_end - is this a typo?  You can register custom marks to avoid this warning - for details, see https://docs.pytest.org/en/stable/how-to/mark.html
    pytest.param([("resnet34", "ResNet34_Weights"), "eval"], marks=pytest.mark.converted_end_to_end),

tests/models/torchvision/test_torchvision_image_classification.py:61
  /Users/Ajay17/pytorch2.0_ttnn/tests/models/torchvision/test_torchvision_image_classification.py:61: PytestUnknownMarkWarning: Unknown pytest.mark.converted_end_to_end - is this a typo?  You can register custom marks to avoid this warning - for details, see https://docs.pytest.org/en/stable/how-to/mark.html
    pytest.param([("resnet50", "ResNet50_Weights"), "eval"], marks=pytest.mark.converted_end_to_end),

tests/models/torchvision/test_torchvision_image_classification.py:62
  /Users/Ajay17/pytorch2.0_ttnn/tests/models/torchvision/test_torchvision_image_classification.py:62: PytestUnknownMarkWarning: Unknown pytest.mark.converted_end_to_end - is this a typo?  You can register custom marks to avoid this warning - for details, see https://docs.pytest.org/en/stable/how-to/mark.html
    pytest.param([("resnet101", "ResNet101_Weights"), "eval"], marks=pytest.mark.converted_end_to_end),

tests/models/torchvision/test_torchvision_image_classification.py:63
  /Users/Ajay17/pytorch2.0_ttnn/tests/models/torchvision/test_torchvision_image_classification.py:63: PytestUnknownMarkWarning: Unknown pytest.mark.converted_end_to_end - is this a typo?  You can register custom marks to avoid this warning - for details, see https://docs.pytest.org/en/stable/how-to/mark.html
    pytest.param([("resnet152", "ResNet152_Weights"), "eval"], marks=pytest.mark.converted_end_to_end),

tests/models/torchvision/test_torchvision_image_classification.py:64
  /Users/Ajay17/pytorch2.0_ttnn/tests/models/torchvision/test_torchvision_image_classification.py:64: PytestUnknownMarkWarning: Unknown pytest.mark.converted_end_to_end - is this a typo?  You can register custom marks to avoid this warning - for details, see https://docs.pytest.org/en/stable/how-to/mark.html
    pytest.param([("resnext50_32x4d", "ResNeXt50_32X4D_Weights"), "eval"], marks=pytest.mark.converted_end_to_end),

tests/models/torchvision/test_torchvision_image_classification.py:65
  /Users/Ajay17/pytorch2.0_ttnn/tests/models/torchvision/test_torchvision_image_classification.py:65: PytestUnknownMarkWarning: Unknown pytest.mark.converted_end_to_end - is this a typo?  You can register custom marks to avoid this warning - for details, see https://docs.pytest.org/en/stable/how-to/mark.html
    pytest.param([("resnext101_32x8d", "ResNeXt101_32X8D_Weights"), "eval"], marks=pytest.mark.converted_end_to_end),

tests/models/torchvision/test_torchvision_image_classification.py:66
  /Users/Ajay17/pytorch2.0_ttnn/tests/models/torchvision/test_torchvision_image_classification.py:66: PytestUnknownMarkWarning: Unknown pytest.mark.converted_end_to_end - is this a typo?  You can register custom marks to avoid this warning - for details, see https://docs.pytest.org/en/stable/how-to/mark.html
    pytest.param([("resnext101_64x4d", "ResNeXt101_64X4D_Weights"), "eval"], marks=pytest.mark.converted_end_to_end),

tests/models/torchvision/test_torchvision_image_classification.py:67
  /Users/Ajay17/pytorch2.0_ttnn/tests/models/torchvision/test_torchvision_image_classification.py:67: PytestUnknownMarkWarning: Unknown pytest.mark.converted_end_to_end - is this a typo?  You can register custom marks to avoid this warning - for details, see https://docs.pytest.org/en/stable/how-to/mark.html
    pytest.param([("vgg11", "VGG11_Weights"), "eval"], marks=pytest.mark.converted_end_to_end),

tests/models/torchvision/test_torchvision_image_classification.py:68
  /Users/Ajay17/pytorch2.0_ttnn/tests/models/torchvision/test_torchvision_image_classification.py:68: PytestUnknownMarkWarning: Unknown pytest.mark.converted_end_to_end - is this a typo?  You can register custom marks to avoid this warning - for details, see https://docs.pytest.org/en/stable/how-to/mark.html
    pytest.param([("vgg11_bn", "VGG11_BN_Weights"), "eval"], marks=pytest.mark.converted_end_to_end),

tests/models/torchvision/test_torchvision_image_classification.py:69
  /Users/Ajay17/pytorch2.0_ttnn/tests/models/torchvision/test_torchvision_image_classification.py:69: PytestUnknownMarkWarning: Unknown pytest.mark.converted_end_to_end - is this a typo?  You can register custom marks to avoid this warning - for details, see https://docs.pytest.org/en/stable/how-to/mark.html
    pytest.param([("vgg13", "VGG13_Weights"), "eval"], marks=pytest.mark.converted_end_to_end),

tests/models/torchvision/test_torchvision_image_classification.py:70
  /Users/Ajay17/pytorch2.0_ttnn/tests/models/torchvision/test_torchvision_image_classification.py:70: PytestUnknownMarkWarning: Unknown pytest.mark.converted_end_to_end - is this a typo?  You can register custom marks to avoid this warning - for details, see https://docs.pytest.org/en/stable/how-to/mark.html
    pytest.param([("vgg13_bn", "VGG13_BN_Weights"), "eval"], marks=pytest.mark.converted_end_to_end),

tests/models/torchvision/test_torchvision_image_classification.py:71
  /Users/Ajay17/pytorch2.0_ttnn/tests/models/torchvision/test_torchvision_image_classification.py:71: PytestUnknownMarkWarning: Unknown pytest.mark.converted_end_to_end - is this a typo?  You can register custom marks to avoid this warning - for details, see https://docs.pytest.org/en/stable/how-to/mark.html
    pytest.param([("vgg16", "VGG16_Weights"), "eval"], marks=pytest.mark.converted_end_to_end),

tests/models/torchvision/test_torchvision_image_classification.py:72
  /Users/Ajay17/pytorch2.0_ttnn/tests/models/torchvision/test_torchvision_image_classification.py:72: PytestUnknownMarkWarning: Unknown pytest.mark.converted_end_to_end - is this a typo?  You can register custom marks to avoid this warning - for details, see https://docs.pytest.org/en/stable/how-to/mark.html
    pytest.param([("vgg16_bn", "VGG16_BN_Weights"), "eval"], marks=pytest.mark.converted_end_to_end),

tests/models/torchvision/test_torchvision_image_classification.py:73
  /Users/Ajay17/pytorch2.0_ttnn/tests/models/torchvision/test_torchvision_image_classification.py:73: PytestUnknownMarkWarning: Unknown pytest.mark.converted_end_to_end - is this a typo?  You can register custom marks to avoid this warning - for details, see https://docs.pytest.org/en/stable/how-to/mark.html
    pytest.param([("vgg19", "VGG19_Weights"), "eval"], marks=pytest.mark.converted_end_to_end),

tests/models/torchvision/test_torchvision_image_classification.py:74
  /Users/Ajay17/pytorch2.0_ttnn/tests/models/torchvision/test_torchvision_image_classification.py:74: PytestUnknownMarkWarning: Unknown pytest.mark.converted_end_to_end - is this a typo?  You can register custom marks to avoid this warning - for details, see https://docs.pytest.org/en/stable/how-to/mark.html
    pytest.param([("vgg19_bn", "VGG19_BN_Weights"), "eval"], marks=pytest.mark.converted_end_to_end),

tests/models/torchvision/test_torchvision_image_classification.py:80
  /Users/Ajay17/pytorch2.0_ttnn/tests/models/torchvision/test_torchvision_image_classification.py:80: PytestUnknownMarkWarning: Unknown pytest.mark.converted_end_to_end - is this a typo?  You can register custom marks to avoid this warning - for details, see https://docs.pytest.org/en/stable/how-to/mark.html
    pytest.param([("wide_resnet50_2", "Wide_ResNet50_2_Weights"), "eval"], marks=pytest.mark.converted_end_to_end),

tests/models/torchvision/test_torchvision_image_classification.py:81
  /Users/Ajay17/pytorch2.0_ttnn/tests/models/torchvision/test_torchvision_image_classification.py:81: PytestUnknownMarkWarning: Unknown pytest.mark.converted_end_to_end - is this a typo?  You can register custom marks to avoid this warning - for details, see https://docs.pytest.org/en/stable/how-to/mark.html
    pytest.param([("wide_resnet101_2", "Wide_ResNet101_2_Weights"), "eval"], marks=pytest.mark.converted_end_to_end),

tests/models/torchvision/test_torchvision_image_classification.py:82
  /Users/Ajay17/pytorch2.0_ttnn/tests/models/torchvision/test_torchvision_image_classification.py:82: PytestUnknownMarkWarning: Unknown pytest.mark.converted_end_to_end - is this a typo?  You can register custom marks to avoid this warning - for details, see https://docs.pytest.org/en/stable/how-to/mark.html
    pytest.param([("regnet_y_400mf", "RegNet_Y_400MF_Weights"), "eval"], marks=pytest.mark.converted_end_to_end),

tests/models/torchvision/test_torchvision_image_classification.py:83
  /Users/Ajay17/pytorch2.0_ttnn/tests/models/torchvision/test_torchvision_image_classification.py:83: PytestUnknownMarkWarning: Unknown pytest.mark.converted_end_to_end - is this a typo?  You can register custom marks to avoid this warning - for details, see https://docs.pytest.org/en/stable/how-to/mark.html
    pytest.param([("regnet_y_800mf", "RegNet_Y_800MF_Weights"), "eval"], marks=pytest.mark.converted_end_to_end),

tests/models/torchvision/test_torchvision_image_classification.py:84
  /Users/Ajay17/pytorch2.0_ttnn/tests/models/torchvision/test_torchvision_image_classification.py:84: PytestUnknownMarkWarning: Unknown pytest.mark.converted_end_to_end - is this a typo?  You can register custom marks to avoid this warning - for details, see https://docs.pytest.org/en/stable/how-to/mark.html
    pytest.param([("regnet_y_1_6gf", "RegNet_Y_1_6GF_Weights"), "eval"], marks=pytest.mark.converted_end_to_end),

tests/models/torchvision/test_torchvision_image_classification.py:85
  /Users/Ajay17/pytorch2.0_ttnn/tests/models/torchvision/test_torchvision_image_classification.py:85: PytestUnknownMarkWarning: Unknown pytest.mark.converted_end_to_end - is this a typo?  You can register custom marks to avoid this warning - for details, see https://docs.pytest.org/en/stable/how-to/mark.html
    pytest.param([("regnet_y_3_2gf", "RegNet_Y_3_2GF_Weights"), "eval"], marks=pytest.mark.converted_end_to_end),

tests/models/torchvision/test_torchvision_image_classification.py:86
  /Users/Ajay17/pytorch2.0_ttnn/tests/models/torchvision/test_torchvision_image_classification.py:86: PytestUnknownMarkWarning: Unknown pytest.mark.converted_end_to_end - is this a typo?  You can register custom marks to avoid this warning - for details, see https://docs.pytest.org/en/stable/how-to/mark.html
    pytest.param([("regnet_y_8gf", "RegNet_Y_8GF_Weights"), "eval"], marks=pytest.mark.converted_end_to_end),

tests/models/torchvision/test_torchvision_image_classification.py:87
  /Users/Ajay17/pytorch2.0_ttnn/tests/models/torchvision/test_torchvision_image_classification.py:87: PytestUnknownMarkWarning: Unknown pytest.mark.converted_end_to_end - is this a typo?  You can register custom marks to avoid this warning - for details, see https://docs.pytest.org/en/stable/how-to/mark.html
    pytest.param([("regnet_y_16gf", "RegNet_Y_16GF_Weights"), "eval"], marks=pytest.mark.converted_end_to_end),

tests/models/torchvision/test_torchvision_image_classification.py:88
  /Users/Ajay17/pytorch2.0_ttnn/tests/models/torchvision/test_torchvision_image_classification.py:88: PytestUnknownMarkWarning: Unknown pytest.mark.converted_end_to_end - is this a typo?  You can register custom marks to avoid this warning - for details, see https://docs.pytest.org/en/stable/how-to/mark.html
    pytest.param([("regnet_y_32gf", "RegNet_Y_32GF_Weights"), "eval"], marks=pytest.mark.converted_end_to_end),

tests/models/torchvision/test_torchvision_image_classification.py:90
  /Users/Ajay17/pytorch2.0_ttnn/tests/models/torchvision/test_torchvision_image_classification.py:90: PytestUnknownMarkWarning: Unknown pytest.mark.converted_end_to_end - is this a typo?  You can register custom marks to avoid this warning - for details, see https://docs.pytest.org/en/stable/how-to/mark.html
    pytest.param([("regnet_x_400mf", "RegNet_X_400MF_Weights"), "eval"], marks=pytest.mark.converted_end_to_end),

tests/models/torchvision/test_torchvision_image_classification.py:91
  /Users/Ajay17/pytorch2.0_ttnn/tests/models/torchvision/test_torchvision_image_classification.py:91: PytestUnknownMarkWarning: Unknown pytest.mark.converted_end_to_end - is this a typo?  You can register custom marks to avoid this warning - for details, see https://docs.pytest.org/en/stable/how-to/mark.html
    pytest.param([("regnet_x_800mf", "RegNet_X_800MF_Weights"), "eval"], marks=pytest.mark.converted_end_to_end),

tests/models/torchvision/test_torchvision_image_classification.py:92
  /Users/Ajay17/pytorch2.0_ttnn/tests/models/torchvision/test_torchvision_image_classification.py:92: PytestUnknownMarkWarning: Unknown pytest.mark.converted_end_to_end - is this a typo?  You can register custom marks to avoid this warning - for details, see https://docs.pytest.org/en/stable/how-to/mark.html
    pytest.param([("regnet_x_1_6gf", "RegNet_X_1_6GF_Weights"), "eval"], marks=pytest.mark.converted_end_to_end),

tests/models/torchvision/test_torchvision_image_classification.py:93
  /Users/Ajay17/pytorch2.0_ttnn/tests/models/torchvision/test_torchvision_image_classification.py:93: PytestUnknownMarkWarning: Unknown pytest.mark.converted_end_to_end - is this a typo?  You can register custom marks to avoid this warning - for details, see https://docs.pytest.org/en/stable/how-to/mark.html
    pytest.param([("regnet_x_3_2gf", "RegNet_X_3_2GF_Weights"), "eval"], marks=pytest.mark.converted_end_to_end),

tests/models/torchvision/test_torchvision_image_classification.py:94
  /Users/Ajay17/pytorch2.0_ttnn/tests/models/torchvision/test_torchvision_image_classification.py:94: PytestUnknownMarkWarning: Unknown pytest.mark.converted_end_to_end - is this a typo?  You can register custom marks to avoid this warning - for details, see https://docs.pytest.org/en/stable/how-to/mark.html
    pytest.param([("regnet_x_8gf", "RegNet_X_8GF_Weights"), "eval"], marks=pytest.mark.converted_end_to_end),

tests/models/torchvision/test_torchvision_image_classification.py:95
  /Users/Ajay17/pytorch2.0_ttnn/tests/models/torchvision/test_torchvision_image_classification.py:95: PytestUnknownMarkWarning: Unknown pytest.mark.converted_end_to_end - is this a typo?  You can register custom marks to avoid this warning - for details, see https://docs.pytest.org/en/stable/how-to/mark.html
    pytest.param([("regnet_x_16gf", "RegNet_X_16GF_Weights"), "eval"], marks=pytest.mark.converted_end_to_end),

tests/models/torchvision/test_torchvision_image_classification.py:96
  /Users/Ajay17/pytorch2.0_ttnn/tests/models/torchvision/test_torchvision_image_classification.py:96: PytestUnknownMarkWarning: Unknown pytest.mark.converted_end_to_end - is this a typo?  You can register custom marks to avoid this warning - for details, see https://docs.pytest.org/en/stable/how-to/mark.html
    pytest.param([("regnet_x_32gf", "RegNet_X_32GF_Weights"), "eval"], marks=pytest.mark.converted_end_to_end),

tests/models/unet/test_unet.py:54
  /Users/Ajay17/pytorch2.0_ttnn/tests/models/unet/test_unet.py:54: PytestUnknownMarkWarning: Unknown pytest.mark.converted_end_to_end - is this a typo?  You can register custom marks to avoid this warning - for details, see https://docs.pytest.org/en/stable/how-to/mark.html
    pytest.param("eval", marks=pytest.mark.converted_end_to_end),

tests/models/unet_brain/test_unet_brain.py:56
  /Users/Ajay17/pytorch2.0_ttnn/tests/models/unet_brain/test_unet_brain.py:56: PytestUnknownMarkWarning: Unknown pytest.mark.converted_end_to_end - is this a typo?  You can register custom marks to avoid this warning - for details, see https://docs.pytest.org/en/stable/how-to/mark.html
    pytest.param("eval", marks=pytest.mark.converted_end_to_end),

tests/models/unet_carvana/test_unet_carvana.py:34
  /Users/Ajay17/pytorch2.0_ttnn/tests/models/unet_carvana/test_unet_carvana.py:34: PytestUnknownMarkWarning: Unknown pytest.mark.converted_end_to_end - is this a typo?  You can register custom marks to avoid this warning - for details, see https://docs.pytest.org/en/stable/how-to/mark.html
    pytest.param("eval", marks=pytest.mark.converted_end_to_end),

tests/models/yolov5/test_yolov5.py:105
  /Users/Ajay17/pytorch2.0_ttnn/tests/models/yolov5/test_yolov5.py:105: PytestUnknownMarkWarning: Unknown pytest.mark.converted_end_to_end - is this a typo?  You can register custom marks to avoid this warning - for details, see https://docs.pytest.org/en/stable/how-to/mark.html
    @pytest.mark.converted_end_to_end

tests/multi_device/test_multi_bert.py:63
  /Users/Ajay17/pytorch2.0_ttnn/tests/multi_device/test_multi_bert.py:63: PytestUnknownMarkWarning: Unknown pytest.mark.converted_end_to_end - is this a typo?  You can register custom marks to avoid this warning - for details, see https://docs.pytest.org/en/stable/how-to/mark.html
    @pytest.mark.converted_end_to_end

-- Docs: https://docs.pytest.org/en/stable/how-to/capture-warnings.html
=========================== short test summary info ============================
ERROR tests/autogen_op/ALL/test_ALL_aten__adaptive_avg_pool2d_default.py
ERROR tests/autogen_op/ALL/test_ALL_aten__assert_async_msg.py
ERROR tests/autogen_op/ALL/test_ALL_aten__log_softmax_backward_data_default.py
ERROR tests/autogen_op/ALL/test_ALL_aten__log_softmax_default.py
ERROR tests/autogen_op/ALL/test_ALL_aten__native_batch_norm_legit_functional_default.py
ERROR tests/autogen_op/ALL/test_ALL_aten__native_batch_norm_legit_no_training_default.py
ERROR tests/autogen_op/ALL/test_ALL_aten__scaled_dot_product_flash_attention_default.py
ERROR tests/autogen_op/ALL/test_ALL_aten__softmax_backward_data_default.py
ERROR tests/autogen_op/ALL/test_ALL_aten__softmax_default.py
ERROR tests/autogen_op/ALL/test_ALL_aten__to_copy_default.py
ERROR tests/autogen_op/ALL/test_ALL_aten__unsafe_index_Tensor.py
ERROR tests/autogen_op/ALL/test_ALL_aten__unsafe_index_put_default.py
ERROR tests/autogen_op/ALL/test_ALL_aten__unsafe_view_default.py
ERROR tests/autogen_op/ALL/test_ALL_aten_abs_default.py
ERROR tests/autogen_op/ALL/test_ALL_aten_add_Tensor.py
ERROR tests/autogen_op/ALL/test_ALL_aten_addmm_default.py
ERROR tests/autogen_op/ALL/test_ALL_aten_all_default.py
ERROR tests/autogen_op/ALL/test_ALL_aten_arange_default.py
ERROR tests/autogen_op/ALL/test_ALL_aten_argmax_default.py
ERROR tests/autogen_op/ALL/test_ALL_aten_as_strided_default.py
ERROR tests/autogen_op/ALL/test_ALL_aten_as_strided_scatter_default.py
ERROR tests/autogen_op/ALL/test_ALL_aten_avg_pool2d_backward_default.py
ERROR tests/autogen_op/ALL/test_ALL_aten_avg_pool2d_default.py
ERROR tests/autogen_op/ALL/test_ALL_aten_baddbmm_default.py
ERROR tests/autogen_op/ALL/test_ALL_aten_bmm_default.py
ERROR tests/autogen_op/ALL/test_ALL_aten_cat_default.py
ERROR tests/autogen_op/ALL/test_ALL_aten_clamp_default.py
ERROR tests/autogen_op/ALL/test_ALL_aten_clamp_min_default.py
ERROR tests/autogen_op/ALL/test_ALL_aten_clone_default.py
ERROR tests/autogen_op/ALL/test_ALL_aten_constant_pad_nd_default.py
ERROR tests/autogen_op/ALL/test_ALL_aten_convolution_backward_default.py
ERROR tests/autogen_op/ALL/test_ALL_aten_convolution_default.py
ERROR tests/autogen_op/ALL/test_ALL_aten_copy_default.py
ERROR tests/autogen_op/ALL/test_ALL_aten_cos_default.py
ERROR tests/autogen_op/ALL/test_ALL_aten_cumsum_default.py
ERROR tests/autogen_op/ALL/test_ALL_aten_detach_default.py
ERROR tests/autogen_op/ALL/test_ALL_aten_div_Scalar.py
ERROR tests/autogen_op/ALL/test_ALL_aten_div_Tensor.py
ERROR tests/autogen_op/ALL/test_ALL_aten_elu_backward_default.py
ERROR tests/autogen_op/ALL/test_ALL_aten_elu_default.py
ERROR tests/autogen_op/ALL/test_ALL_aten_embedding_default.py
ERROR tests/autogen_op/ALL/test_ALL_aten_embedding_dense_backward_default.py
ERROR tests/autogen_op/ALL/test_ALL_aten_empty_memory_format.py
ERROR tests/autogen_op/ALL/test_ALL_aten_eq_Scalar.py
ERROR tests/autogen_op/ALL/test_ALL_aten_exp_default.py
ERROR tests/autogen_op/ALL/test_ALL_aten_expand_default.py
ERROR tests/autogen_op/ALL/test_ALL_aten_fill_Scalar.py
ERROR tests/autogen_op/ALL/test_ALL_aten_floor_default.py
ERROR tests/autogen_op/ALL/test_ALL_aten_full_default.py
ERROR tests/autogen_op/ALL/test_ALL_aten_full_like_default.py
ERROR tests/autogen_op/ALL/test_ALL_aten_gelu_backward_default.py
ERROR tests/autogen_op/ALL/test_ALL_aten_gelu_default.py
ERROR tests/autogen_op/ALL/test_ALL_aten_gt_Scalar.py
ERROR tests/autogen_op/ALL/test_ALL_aten_hardsigmoid_backward_default.py
ERROR tests/autogen_op/ALL/test_ALL_aten_hardsigmoid_default.py
ERROR tests/autogen_op/ALL/test_ALL_aten_hardswish_default.py
ERROR tests/autogen_op/ALL/test_ALL_aten_hardtanh_backward_default.py
ERROR tests/autogen_op/ALL/test_ALL_aten_hardtanh_default.py
ERROR tests/autogen_op/ALL/test_ALL_aten_index_Tensor.py
ERROR tests/autogen_op/ALL/test_ALL_aten_index_put_default.py
ERROR tests/autogen_op/ALL/test_ALL_aten_index_select_default.py
ERROR tests/autogen_op/ALL/test_ALL_aten_le_Tensor.py
ERROR tests/autogen_op/ALL/test_ALL_aten_leaky_relu_default.py
ERROR tests/autogen_op/ALL/test_ALL_aten_linalg_vector_norm_default.py
ERROR tests/autogen_op/ALL/test_ALL_aten_log_default.py
ERROR tests/autogen_op/ALL/test_ALL_aten_lt_Scalar.py
ERROR tests/autogen_op/ALL/test_ALL_aten_lt_Tensor.py
ERROR tests/autogen_op/ALL/test_ALL_aten_masked_fill_Scalar.py
ERROR tests/autogen_op/ALL/test_ALL_aten_masked_fill_Tensor.py
ERROR tests/autogen_op/ALL/test_ALL_aten_max_pool2d_with_indices_backward_default.py
ERROR tests/autogen_op/ALL/test_ALL_aten_max_pool2d_with_indices_default.py
ERROR tests/autogen_op/ALL/test_ALL_aten_maximum_default.py
ERROR tests/autogen_op/ALL/test_ALL_aten_mean_dim.py
ERROR tests/autogen_op/ALL/test_ALL_aten_minimum_default.py
ERROR tests/autogen_op/ALL/test_ALL_aten_mm_default.py
ERROR tests/autogen_op/ALL/test_ALL_aten_mul_Tensor.py
ERROR tests/autogen_op/ALL/test_ALL_aten_native_batch_norm_backward_default.py
ERROR tests/autogen_op/ALL/test_ALL_aten_native_dropout_backward_default.py
ERROR tests/autogen_op/ALL/test_ALL_aten_native_dropout_default.py
ERROR tests/autogen_op/ALL/test_ALL_aten_native_group_norm_default.py
ERROR tests/autogen_op/ALL/test_ALL_aten_native_layer_norm_backward_default.py
ERROR tests/autogen_op/ALL/test_ALL_aten_native_layer_norm_default.py
ERROR tests/autogen_op/ALL/test_ALL_aten_ne_Scalar.py
ERROR tests/autogen_op/ALL/test_ALL_aten_neg_default.py
ERROR tests/autogen_op/ALL/test_ALL_aten_new_empty_strided_default.py
ERROR tests/autogen_op/ALL/test_ALL_aten_new_full_default.py
ERROR tests/autogen_op/ALL/test_ALL_aten_new_ones_default.py
ERROR tests/autogen_op/ALL/test_ALL_aten_new_zeros_default.py
ERROR tests/autogen_op/ALL/test_ALL_aten_nll_loss_forward_default.py
ERROR tests/autogen_op/ALL/test_ALL_aten_ones_default.py
ERROR tests/autogen_op/ALL/test_ALL_aten_permute_default.py
ERROR tests/autogen_op/ALL/test_ALL_aten_pow_Scalar.py
ERROR tests/autogen_op/ALL/test_ALL_aten_pow_Tensor_Scalar.py
ERROR tests/autogen_op/ALL/test_ALL_aten_rand_default.py
ERROR tests/autogen_op/ALL/test_ALL_aten_relu_default.py
ERROR tests/autogen_op/ALL/test_ALL_aten_remainder_Scalar.py
ERROR tests/autogen_op/ALL/test_ALL_aten_repeat_default.py
ERROR tests/autogen_op/ALL/test_ALL_aten_roll_default.py
ERROR tests/autogen_op/ALL/test_ALL_aten_rsqrt_default.py
ERROR tests/autogen_op/ALL/test_ALL_aten_rsub_Scalar.py
ERROR tests/autogen_op/ALL/test_ALL_aten_scalar_tensor_default.py
ERROR tests/autogen_op/ALL/test_ALL_aten_select_backward_default.py
ERROR tests/autogen_op/ALL/test_ALL_aten_select_int.py
ERROR tests/autogen_op/ALL/test_ALL_aten_sigmoid_backward_default.py
ERROR tests/autogen_op/ALL/test_ALL_aten_sigmoid_default.py
ERROR tests/autogen_op/ALL/test_ALL_aten_silu_default.py
ERROR tests/autogen_op/ALL/test_ALL_aten_sin_default.py
ERROR tests/autogen_op/ALL/test_ALL_aten_slice_Tensor.py
ERROR tests/autogen_op/ALL/test_ALL_aten_slice_backward_default.py
ERROR tests/autogen_op/ALL/test_ALL_aten_slice_scatter_default.py
ERROR tests/autogen_op/ALL/test_ALL_aten_split_Tensor.py
ERROR tests/autogen_op/ALL/test_ALL_aten_split_with_sizes_default.py
ERROR tests/autogen_op/ALL/test_ALL_aten_squeeze_dim.py
ERROR tests/autogen_op/ALL/test_ALL_aten_stack_default.py
ERROR tests/autogen_op/ALL/test_ALL_aten_sub_Tensor.py
ERROR tests/autogen_op/ALL/test_ALL_aten_sum_default.py
ERROR tests/autogen_op/ALL/test_ALL_aten_sum_dim_IntList.py
ERROR tests/autogen_op/ALL/test_ALL_aten_sym_size_int.py
ERROR tests/autogen_op/ALL/test_ALL_aten_t_default.py
ERROR tests/autogen_op/ALL/test_ALL_aten_tanh_default.py
ERROR tests/autogen_op/ALL/test_ALL_aten_threshold_backward_default.py
ERROR tests/autogen_op/ALL/test_ALL_aten_topk_default.py
ERROR tests/autogen_op/ALL/test_ALL_aten_transpose_int.py
ERROR tests/autogen_op/ALL/test_ALL_aten_unsqueeze_default.py
ERROR tests/autogen_op/ALL/test_ALL_aten_view_default.py
ERROR tests/autogen_op/ALL/test_ALL_aten_where_self.py
ERROR tests/autogen_op/ALL/test_ALL_aten_zeros_default.py
ERROR tests/autogen_op/ALL/test_ALL_aten_zeros_like_default.py
ERROR tests/autogen_op/Autoencoder_conv/test_Autoencoder_conv_aten_convolution_default.py
ERROR tests/autogen_op/Autoencoder_conv/test_Autoencoder_conv_aten_max_pool2d_with_indices_default.py
ERROR tests/autogen_op/Autoencoder_conv/test_Autoencoder_conv_aten_relu_default.py
ERROR tests/autogen_op/Autoencoder_conv-train/test_Autoencoder_conv-train_aten_convolution_backward_default.py
ERROR tests/autogen_op/Autoencoder_conv-train/test_Autoencoder_conv-train_aten_convolution_default.py
ERROR tests/autogen_op/Autoencoder_conv-train/test_Autoencoder_conv-train_aten_detach_default.py
ERROR tests/autogen_op/Autoencoder_conv-train/test_Autoencoder_conv-train_aten_max_pool2d_with_indices_backward_default.py
ERROR tests/autogen_op/Autoencoder_conv-train/test_Autoencoder_conv-train_aten_max_pool2d_with_indices_default.py
ERROR tests/autogen_op/Autoencoder_conv-train/test_Autoencoder_conv-train_aten_relu_default.py
ERROR tests/autogen_op/Autoencoder_conv-train/test_Autoencoder_conv-train_aten_threshold_backward_default.py
ERROR tests/autogen_op/Autoencoder_linear/test_Autoencoder_linear_aten_addmm_default.py
ERROR tests/autogen_op/Autoencoder_linear/test_Autoencoder_linear_aten_relu_default.py
ERROR tests/autogen_op/Autoencoder_linear/test_Autoencoder_linear_aten_t_default.py
ERROR tests/autogen_op/Autoencoder_linear-train/test_Autoencoder_linear-train_aten_addmm_default.py
ERROR tests/autogen_op/Autoencoder_linear-train/test_Autoencoder_linear-train_aten_detach_default.py
ERROR tests/autogen_op/Autoencoder_linear-train/test_Autoencoder_linear-train_aten_mm_default.py
ERROR tests/autogen_op/Autoencoder_linear-train/test_Autoencoder_linear-train_aten_relu_default.py
ERROR tests/autogen_op/Autoencoder_linear-train/test_Autoencoder_linear-train_aten_sum_dim_IntList.py
ERROR tests/autogen_op/Autoencoder_linear-train/test_Autoencoder_linear-train_aten_t_default.py
ERROR tests/autogen_op/Autoencoder_linear-train/test_Autoencoder_linear-train_aten_threshold_backward_default.py
ERROR tests/autogen_op/Autoencoder_linear-train/test_Autoencoder_linear-train_aten_view_default.py
ERROR tests/autogen_op/BERT/test_BERT_aten__softmax_default.py
ERROR tests/autogen_op/BERT/test_BERT_aten__to_copy_default.py
ERROR tests/autogen_op/BERT/test_BERT_aten_add_Tensor.py
ERROR tests/autogen_op/BERT/test_BERT_aten_addmm_default.py
ERROR tests/autogen_op/BERT/test_BERT_aten_bmm_default.py
ERROR tests/autogen_op/BERT/test_BERT_aten_clone_default.py
ERROR tests/autogen_op/BERT/test_BERT_aten_div_Tensor.py
ERROR tests/autogen_op/BERT/test_BERT_aten_embedding_default.py
ERROR tests/autogen_op/BERT/test_BERT_aten_expand_default.py
ERROR tests/autogen_op/BERT/test_BERT_aten_gelu_default.py
ERROR tests/autogen_op/BERT/test_BERT_aten_mul_Tensor.py
ERROR tests/autogen_op/BERT/test_BERT_aten_native_layer_norm_default.py
ERROR tests/autogen_op/BERT/test_BERT_aten_permute_default.py
ERROR tests/autogen_op/BERT/test_BERT_aten_rsub_Scalar.py
ERROR tests/autogen_op/BERT/test_BERT_aten_slice_Tensor.py
ERROR tests/autogen_op/BERT/test_BERT_aten_split_Tensor.py
ERROR tests/autogen_op/BERT/test_BERT_aten_squeeze_dim.py
ERROR tests/autogen_op/BERT/test_BERT_aten_t_default.py
ERROR tests/autogen_op/BERT/test_BERT_aten_transpose_int.py
ERROR tests/autogen_op/BERT/test_BERT_aten_unsqueeze_default.py
ERROR tests/autogen_op/BERT/test_BERT_aten_view_default.py
ERROR tests/autogen_op/Bloom/test_Bloom_aten__softmax_default.py
ERROR tests/autogen_op/Bloom/test_Bloom_aten__to_copy_default.py
ERROR tests/autogen_op/Bloom/test_Bloom_aten__unsafe_view_default.py
ERROR tests/autogen_op/Bloom/test_Bloom_aten_add_Tensor.py
ERROR tests/autogen_op/Bloom/test_Bloom_aten_addmm_default.py
ERROR tests/autogen_op/Bloom/test_Bloom_aten_baddbmm_default.py
ERROR tests/autogen_op/Bloom/test_Bloom_aten_bmm_default.py
ERROR tests/autogen_op/Bloom/test_Bloom_aten_clone_default.py
ERROR tests/autogen_op/Bloom/test_Bloom_aten_cumsum_default.py
ERROR tests/autogen_op/Bloom/test_Bloom_aten_embedding_default.py
ERROR tests/autogen_op/Bloom/test_Bloom_aten_expand_default.py
ERROR tests/autogen_op/Bloom/test_Bloom_aten_full_default.py
ERROR tests/autogen_op/Bloom/test_Bloom_aten_masked_fill_Scalar.py
ERROR tests/autogen_op/Bloom/test_Bloom_aten_mm_default.py
ERROR tests/autogen_op/Bloom/test_Bloom_aten_mul_Tensor.py
ERROR tests/autogen_op/Bloom/test_Bloom_aten_native_layer_norm_default.py
ERROR tests/autogen_op/Bloom/test_Bloom_aten_permute_default.py
ERROR tests/autogen_op/Bloom/test_Bloom_aten_rsub_Scalar.py
ERROR tests/autogen_op/Bloom/test_Bloom_aten_select_int.py
ERROR tests/autogen_op/Bloom/test_Bloom_aten_slice_Tensor.py
ERROR tests/autogen_op/Bloom/test_Bloom_aten_sub_Tensor.py
ERROR tests/autogen_op/Bloom/test_Bloom_aten_t_default.py
ERROR tests/autogen_op/Bloom/test_Bloom_aten_tanh_default.py
ERROR tests/autogen_op/Bloom/test_Bloom_aten_transpose_int.py
ERROR tests/autogen_op/Bloom/test_Bloom_aten_unsqueeze_default.py
ERROR tests/autogen_op/Bloom/test_Bloom_aten_view_default.py
ERROR tests/autogen_op/CLIP/test_CLIP_aten__softmax_default.py
ERROR tests/autogen_op/CLIP/test_CLIP_aten__to_copy_default.py
ERROR tests/autogen_op/CLIP/test_CLIP_aten__unsafe_view_default.py
ERROR tests/autogen_op/CLIP/test_CLIP_aten_add_Tensor.py
ERROR tests/autogen_op/CLIP/test_CLIP_aten_addmm_default.py
ERROR tests/autogen_op/CLIP/test_CLIP_aten_argmax_default.py
ERROR tests/autogen_op/CLIP/test_CLIP_aten_bmm_default.py
ERROR tests/autogen_op/CLIP/test_CLIP_aten_cat_default.py
ERROR tests/autogen_op/CLIP/test_CLIP_aten_clone_default.py
ERROR tests/autogen_op/CLIP/test_CLIP_aten_convolution_default.py
ERROR tests/autogen_op/CLIP/test_CLIP_aten_div_Tensor.py
ERROR tests/autogen_op/CLIP/test_CLIP_aten_embedding_default.py
ERROR tests/autogen_op/CLIP/test_CLIP_aten_exp_default.py
ERROR tests/autogen_op/CLIP/test_CLIP_aten_expand_default.py
ERROR tests/autogen_op/CLIP/test_CLIP_aten_full_default.py
ERROR tests/autogen_op/CLIP/test_CLIP_aten_index_Tensor.py
ERROR tests/autogen_op/CLIP/test_CLIP_aten_linalg_vector_norm_default.py
ERROR tests/autogen_op/CLIP/test_CLIP_aten_masked_fill_Scalar.py
ERROR tests/autogen_op/CLIP/test_CLIP_aten_mm_default.py
ERROR tests/autogen_op/CLIP/test_CLIP_aten_mul_Tensor.py
ERROR tests/autogen_op/CLIP/test_CLIP_aten_native_layer_norm_default.py
ERROR tests/autogen_op/CLIP/test_CLIP_aten_rsub_Scalar.py
ERROR tests/autogen_op/CLIP/test_CLIP_aten_select_int.py
ERROR tests/autogen_op/CLIP/test_CLIP_aten_sigmoid_default.py
ERROR tests/autogen_op/CLIP/test_CLIP_aten_slice_Tensor.py
ERROR tests/autogen_op/CLIP/test_CLIP_aten_t_default.py
ERROR tests/autogen_op/CLIP/test_CLIP_aten_transpose_int.py
ERROR tests/autogen_op/CLIP/test_CLIP_aten_unsqueeze_default.py
ERROR tests/autogen_op/CLIP/test_CLIP_aten_view_default.py
ERROR tests/autogen_op/CLIP-train/test_CLIP-train_aten__softmax_backward_data_default.py
ERROR tests/autogen_op/CLIP-train/test_CLIP-train_aten__softmax_default.py
ERROR tests/autogen_op/CLIP-train/test_CLIP-train_aten__to_copy_default.py
ERROR tests/autogen_op/CLIP-train/test_CLIP-train_aten__unsafe_view_default.py
ERROR tests/autogen_op/CLIP-train/test_CLIP-train_aten_add_Tensor.py
ERROR tests/autogen_op/CLIP-train/test_CLIP-train_aten_addmm_default.py
ERROR tests/autogen_op/CLIP-train/test_CLIP-train_aten_argmax_default.py
ERROR tests/autogen_op/CLIP-train/test_CLIP-train_aten_bmm_default.py
ERROR tests/autogen_op/CLIP-train/test_CLIP-train_aten_cat_default.py
ERROR tests/autogen_op/CLIP-train/test_CLIP-train_aten_clone_default.py
ERROR tests/autogen_op/CLIP-train/test_CLIP-train_aten_convolution_backward_default.py
ERROR tests/autogen_op/CLIP-train/test_CLIP-train_aten_convolution_default.py
ERROR tests/autogen_op/CLIP-train/test_CLIP-train_aten_detach_default.py
ERROR tests/autogen_op/CLIP-train/test_CLIP-train_aten_div_Tensor.py
ERROR tests/autogen_op/CLIP-train/test_CLIP-train_aten_embedding_default.py
ERROR tests/autogen_op/CLIP-train/test_CLIP-train_aten_embedding_dense_backward_default.py
ERROR tests/autogen_op/CLIP-train/test_CLIP-train_aten_eq_Scalar.py
ERROR tests/autogen_op/CLIP-train/test_CLIP-train_aten_exp_default.py
ERROR tests/autogen_op/CLIP-train/test_CLIP-train_aten_expand_default.py
ERROR tests/autogen_op/CLIP-train/test_CLIP-train_aten_full_default.py
ERROR tests/autogen_op/CLIP-train/test_CLIP-train_aten_index_Tensor.py
ERROR tests/autogen_op/CLIP-train/test_CLIP-train_aten_index_put_default.py
ERROR tests/autogen_op/CLIP-train/test_CLIP-train_aten_linalg_vector_norm_default.py
ERROR tests/autogen_op/CLIP-train/test_CLIP-train_aten_masked_fill_Scalar.py
ERROR tests/autogen_op/CLIP-train/test_CLIP-train_aten_mm_default.py
ERROR tests/autogen_op/CLIP-train/test_CLIP-train_aten_mul_Tensor.py
ERROR tests/autogen_op/CLIP-train/test_CLIP-train_aten_native_layer_norm_backward_default.py
ERROR tests/autogen_op/CLIP-train/test_CLIP-train_aten_native_layer_norm_default.py
ERROR tests/autogen_op/CLIP-train/test_CLIP-train_aten_neg_default.py
ERROR tests/autogen_op/CLIP-train/test_CLIP-train_aten_new_zeros_default.py
ERROR tests/autogen_op/CLIP-train/test_CLIP-train_aten_rsub_Scalar.py
ERROR tests/autogen_op/CLIP-train/test_CLIP-train_aten_select_backward_default.py
ERROR tests/autogen_op/CLIP-train/test_CLIP-train_aten_select_int.py
ERROR tests/autogen_op/CLIP-train/test_CLIP-train_aten_sigmoid_backward_default.py
ERROR tests/autogen_op/CLIP-train/test_CLIP-train_aten_sigmoid_default.py
ERROR tests/autogen_op/CLIP-train/test_CLIP-train_aten_slice_Tensor.py
ERROR tests/autogen_op/CLIP-train/test_CLIP-train_aten_slice_backward_default.py
ERROR tests/autogen_op/CLIP-train/test_CLIP-train_aten_sum_default.py
ERROR tests/autogen_op/CLIP-train/test_CLIP-train_aten_sum_dim_IntList.py
ERROR tests/autogen_op/CLIP-train/test_CLIP-train_aten_t_default.py
ERROR tests/autogen_op/CLIP-train/test_CLIP-train_aten_transpose_int.py
ERROR tests/autogen_op/CLIP-train/test_CLIP-train_aten_unsqueeze_default.py
ERROR tests/autogen_op/CLIP-train/test_CLIP-train_aten_view_default.py
ERROR tests/autogen_op/DETR/test_DETR_aten__softmax_default.py
ERROR tests/autogen_op/DETR/test_DETR_aten__to_copy_default.py
ERROR tests/autogen_op/DETR/test_DETR_aten_add_Tensor.py
ERROR tests/autogen_op/DETR/test_DETR_aten_addmm_default.py
ERROR tests/autogen_op/DETR/test_DETR_aten_baddbmm_default.py
ERROR tests/autogen_op/DETR/test_DETR_aten_bmm_default.py
ERROR tests/autogen_op/DETR/test_DETR_aten_cat_default.py
ERROR tests/autogen_op/DETR/test_DETR_aten_clone_default.py
ERROR tests/autogen_op/DETR/test_DETR_aten_convolution_default.py
ERROR tests/autogen_op/DETR/test_DETR_aten_cos_default.py
ERROR tests/autogen_op/DETR/test_DETR_aten_div_Tensor.py
ERROR tests/autogen_op/DETR/test_DETR_aten_expand_default.py
ERROR tests/autogen_op/DETR/test_DETR_aten_masked_fill_Scalar.py
ERROR tests/autogen_op/DETR/test_DETR_aten_max_pool2d_with_indices_default.py
ERROR tests/autogen_op/DETR/test_DETR_aten_mm_default.py
ERROR tests/autogen_op/DETR/test_DETR_aten_mul_Tensor.py
ERROR tests/autogen_op/DETR/test_DETR_aten_native_layer_norm_default.py
ERROR tests/autogen_op/DETR/test_DETR_aten_permute_default.py
ERROR tests/autogen_op/DETR/test_DETR_aten_pow_Scalar.py
ERROR tests/autogen_op/DETR/test_DETR_aten_relu_default.py
ERROR tests/autogen_op/DETR/test_DETR_aten_repeat_default.py
ERROR tests/autogen_op/DETR/test_DETR_aten_rsqrt_default.py
ERROR tests/autogen_op/DETR/test_DETR_aten_select_int.py
ERROR tests/autogen_op/DETR/test_DETR_aten_sigmoid_default.py
ERROR tests/autogen_op/DETR/test_DETR_aten_sin_default.py
ERROR tests/autogen_op/DETR/test_DETR_aten_slice_Tensor.py
ERROR tests/autogen_op/DETR/test_DETR_aten_split_Tensor.py
ERROR tests/autogen_op/DETR/test_DETR_aten_stack_default.py
ERROR tests/autogen_op/DETR/test_DETR_aten_sub_Tensor.py
ERROR tests/autogen_op/DETR/test_DETR_aten_t_default.py
ERROR tests/autogen_op/DETR/test_DETR_aten_transpose_int.py
ERROR tests/autogen_op/DETR/test_DETR_aten_unsqueeze_default.py
ERROR tests/autogen_op/DETR/test_DETR_aten_view_default.py
ERROR tests/autogen_op/DETR/test_DETR_aten_zeros_default.py
ERROR tests/autogen_op/DETR/test_DETR_aten_zeros_like_default.py
ERROR tests/autogen_op/DPR/test_DPR_aten__softmax_default.py
ERROR tests/autogen_op/DPR/test_DPR_aten__to_copy_default.py
ERROR tests/autogen_op/DPR/test_DPR_aten_add_Tensor.py
ERROR tests/autogen_op/DPR/test_DPR_aten_addmm_default.py
ERROR tests/autogen_op/DPR/test_DPR_aten_bmm_default.py
ERROR tests/autogen_op/DPR/test_DPR_aten_clone_default.py
ERROR tests/autogen_op/DPR/test_DPR_aten_div_Tensor.py
ERROR tests/autogen_op/DPR/test_DPR_aten_embedding_default.py
ERROR tests/autogen_op/DPR/test_DPR_aten_expand_default.py
ERROR tests/autogen_op/DPR/test_DPR_aten_gelu_default.py
ERROR tests/autogen_op/DPR/test_DPR_aten_mul_Tensor.py
ERROR tests/autogen_op/DPR/test_DPR_aten_native_layer_norm_default.py
ERROR tests/autogen_op/DPR/test_DPR_aten_permute_default.py
ERROR tests/autogen_op/DPR/test_DPR_aten_rsub_Scalar.py
ERROR tests/autogen_op/DPR/test_DPR_aten_select_int.py
ERROR tests/autogen_op/DPR/test_DPR_aten_slice_Tensor.py
ERROR tests/autogen_op/DPR/test_DPR_aten_split_Tensor.py
ERROR tests/autogen_op/DPR/test_DPR_aten_squeeze_dim.py
ERROR tests/autogen_op/DPR/test_DPR_aten_t_default.py
ERROR tests/autogen_op/DPR/test_DPR_aten_transpose_int.py
ERROR tests/autogen_op/DPR/test_DPR_aten_unsqueeze_default.py
ERROR tests/autogen_op/DPR/test_DPR_aten_view_default.py
ERROR tests/autogen_op/FLAN-T5/test_FLAN-T5_aten__softmax_default.py
ERROR tests/autogen_op/FLAN-T5/test_FLAN-T5_aten__to_copy_default.py
ERROR tests/autogen_op/FLAN-T5/test_FLAN-T5_aten_abs_default.py
ERROR tests/autogen_op/FLAN-T5/test_FLAN-T5_aten_add_Tensor.py
ERROR tests/autogen_op/FLAN-T5/test_FLAN-T5_aten_arange_default.py
ERROR tests/autogen_op/FLAN-T5/test_FLAN-T5_aten_bmm_default.py
ERROR tests/autogen_op/FLAN-T5/test_FLAN-T5_aten_cat_default.py
ERROR tests/autogen_op/FLAN-T5/test_FLAN-T5_aten_clone_default.py
ERROR tests/autogen_op/FLAN-T5/test_FLAN-T5_aten_div_Tensor.py
ERROR tests/autogen_op/FLAN-T5/test_FLAN-T5_aten_embedding_default.py
ERROR tests/autogen_op/FLAN-T5/test_FLAN-T5_aten_expand_default.py
ERROR tests/autogen_op/FLAN-T5/test_FLAN-T5_aten_full_like_default.py
ERROR tests/autogen_op/FLAN-T5/test_FLAN-T5_aten_gt_Scalar.py
ERROR tests/autogen_op/FLAN-T5/test_FLAN-T5_aten_le_Tensor.py
ERROR tests/autogen_op/FLAN-T5/test_FLAN-T5_aten_log_default.py
ERROR tests/autogen_op/FLAN-T5/test_FLAN-T5_aten_lt_Scalar.py
ERROR tests/autogen_op/FLAN-T5/test_FLAN-T5_aten_mean_dim.py
ERROR tests/autogen_op/FLAN-T5/test_FLAN-T5_aten_minimum_default.py
ERROR tests/autogen_op/FLAN-T5/test_FLAN-T5_aten_mm_default.py
ERROR tests/autogen_op/FLAN-T5/test_FLAN-T5_aten_mul_Tensor.py
ERROR tests/autogen_op/FLAN-T5/test_FLAN-T5_aten_neg_default.py
ERROR tests/autogen_op/FLAN-T5/test_FLAN-T5_aten_ones_default.py
ERROR tests/autogen_op/FLAN-T5/test_FLAN-T5_aten_permute_default.py
ERROR tests/autogen_op/FLAN-T5/test_FLAN-T5_aten_pow_Tensor_Scalar.py
ERROR tests/autogen_op/FLAN-T5/test_FLAN-T5_aten_repeat_default.py
ERROR tests/autogen_op/FLAN-T5/test_FLAN-T5_aten_rsqrt_default.py
ERROR tests/autogen_op/FLAN-T5/test_FLAN-T5_aten_rsub_Scalar.py
ERROR tests/autogen_op/FLAN-T5/test_FLAN-T5_aten_slice_Tensor.py
ERROR tests/autogen_op/FLAN-T5/test_FLAN-T5_aten_sub_Tensor.py
ERROR tests/autogen_op/FLAN-T5/test_FLAN-T5_aten_sym_size_int.py
ERROR tests/autogen_op/FLAN-T5/test_FLAN-T5_aten_t_default.py
ERROR tests/autogen_op/FLAN-T5/test_FLAN-T5_aten_tanh_default.py
ERROR tests/autogen_op/FLAN-T5/test_FLAN-T5_aten_transpose_int.py
ERROR tests/autogen_op/FLAN-T5/test_FLAN-T5_aten_unsqueeze_default.py
ERROR tests/autogen_op/FLAN-T5/test_FLAN-T5_aten_view_default.py
ERROR tests/autogen_op/FLAN-T5/test_FLAN-T5_aten_where_self.py
ERROR tests/autogen_op/FLAN-T5/test_FLAN-T5_aten_zeros_default.py
ERROR tests/autogen_op/FLAN-T5/test_FLAN-T5_aten_zeros_like_default.py
ERROR tests/autogen_op/Falcon/test_Falcon_aten_all_default.py
ERROR tests/autogen_op/Falcon/test_Falcon_aten_embedding_default.py
ERROR tests/autogen_op/Falcon/test_Falcon_aten_eq_Scalar.py
ERROR tests/autogen_op/Falcon/test_Falcon_aten_index_Tensor.py
ERROR tests/autogen_op/Falcon/test_Falcon_aten_slice_Tensor.py
ERROR tests/autogen_op/Falcon/test_Falcon_aten_unsqueeze_default.py
ERROR tests/autogen_op/GLPN-KITTI/test_GLPN-KITTI_aten__native_batch_norm_legit_no_training_default.py
ERROR tests/autogen_op/GLPN-KITTI/test_GLPN-KITTI_aten__softmax_default.py
ERROR tests/autogen_op/GLPN-KITTI/test_GLPN-KITTI_aten__to_copy_default.py
ERROR tests/autogen_op/GLPN-KITTI/test_GLPN-KITTI_aten__unsafe_index_Tensor.py
ERROR tests/autogen_op/GLPN-KITTI/test_GLPN-KITTI_aten_add_Tensor.py
ERROR tests/autogen_op/GLPN-KITTI/test_GLPN-KITTI_aten_addmm_default.py
ERROR tests/autogen_op/GLPN-KITTI/test_GLPN-KITTI_aten_bmm_default.py
ERROR tests/autogen_op/GLPN-KITTI/test_GLPN-KITTI_aten_cat_default.py
ERROR tests/autogen_op/GLPN-KITTI/test_GLPN-KITTI_aten_clone_default.py
ERROR tests/autogen_op/GLPN-KITTI/test_GLPN-KITTI_aten_convolution_default.py
ERROR tests/autogen_op/GLPN-KITTI/test_GLPN-KITTI_aten_div_Tensor.py
ERROR tests/autogen_op/GLPN-KITTI/test_GLPN-KITTI_aten_expand_default.py
ERROR tests/autogen_op/GLPN-KITTI/test_GLPN-KITTI_aten_gelu_default.py
ERROR tests/autogen_op/GLPN-KITTI/test_GLPN-KITTI_aten_mul_Tensor.py
ERROR tests/autogen_op/GLPN-KITTI/test_GLPN-KITTI_aten_native_layer_norm_default.py
ERROR tests/autogen_op/GLPN-KITTI/test_GLPN-KITTI_aten_permute_default.py
ERROR tests/autogen_op/GLPN-KITTI/test_GLPN-KITTI_aten_relu_default.py
ERROR tests/autogen_op/GLPN-KITTI/test_GLPN-KITTI_aten_rsub_Scalar.py
ERROR tests/autogen_op/GLPN-KITTI/test_GLPN-KITTI_aten_select_int.py
ERROR tests/autogen_op/GLPN-KITTI/test_GLPN-KITTI_aten_sigmoid_default.py
ERROR tests/autogen_op/GLPN-KITTI/test_GLPN-KITTI_aten_slice_Tensor.py
ERROR tests/autogen_op/GLPN-KITTI/test_GLPN-KITTI_aten_squeeze_dim.py
ERROR tests/autogen_op/GLPN-KITTI/test_GLPN-KITTI_aten_t_default.py
ERROR tests/autogen_op/GLPN-KITTI/test_GLPN-KITTI_aten_transpose_int.py
ERROR tests/autogen_op/GLPN-KITTI/test_GLPN-KITTI_aten_unsqueeze_default.py
ERROR tests/autogen_op/GLPN-KITTI/test_GLPN-KITTI_aten_view_default.py
ERROR tests/autogen_op/GPT-2/test_GPT-2_aten__softmax_default.py
ERROR tests/autogen_op/GPT-2/test_GPT-2_aten__to_copy_default.py
ERROR tests/autogen_op/GPT-2/test_GPT-2_aten_add_Tensor.py
ERROR tests/autogen_op/GPT-2/test_GPT-2_aten_addmm_default.py
ERROR tests/autogen_op/GPT-2/test_GPT-2_aten_argmax_default.py
ERROR tests/autogen_op/GPT-2/test_GPT-2_aten_bmm_default.py
ERROR tests/autogen_op/GPT-2/test_GPT-2_aten_clone_default.py
ERROR tests/autogen_op/GPT-2/test_GPT-2_aten_div_Tensor.py
ERROR tests/autogen_op/GPT-2/test_GPT-2_aten_embedding_default.py
ERROR tests/autogen_op/GPT-2/test_GPT-2_aten_eq_Scalar.py
ERROR tests/autogen_op/GPT-2/test_GPT-2_aten_expand_default.py
ERROR tests/autogen_op/GPT-2/test_GPT-2_aten_full_default.py
ERROR tests/autogen_op/GPT-2/test_GPT-2_aten_index_Tensor.py
ERROR tests/autogen_op/GPT-2/test_GPT-2_aten_mm_default.py
ERROR tests/autogen_op/GPT-2/test_GPT-2_aten_mul_Tensor.py
ERROR tests/autogen_op/GPT-2/test_GPT-2_aten_native_layer_norm_default.py
ERROR tests/autogen_op/GPT-2/test_GPT-2_aten_permute_default.py
ERROR tests/autogen_op/GPT-2/test_GPT-2_aten_pow_Tensor_Scalar.py
ERROR tests/autogen_op/GPT-2/test_GPT-2_aten_remainder_Scalar.py
ERROR tests/autogen_op/GPT-2/test_GPT-2_aten_rsub_Scalar.py
ERROR tests/autogen_op/GPT-2/test_GPT-2_aten_slice_Tensor.py
ERROR tests/autogen_op/GPT-2/test_GPT-2_aten_split_Tensor.py
ERROR tests/autogen_op/GPT-2/test_GPT-2_aten_sub_Tensor.py
ERROR tests/autogen_op/GPT-2/test_GPT-2_aten_t_default.py
ERROR tests/autogen_op/GPT-2/test_GPT-2_aten_tanh_default.py
ERROR tests/autogen_op/GPT-2/test_GPT-2_aten_transpose_int.py
ERROR tests/autogen_op/GPT-2/test_GPT-2_aten_unsqueeze_default.py
ERROR tests/autogen_op/GPT-2/test_GPT-2_aten_view_default.py
ERROR tests/autogen_op/GPT-2/test_GPT-2_aten_where_self.py
ERROR tests/autogen_op/GPTNeo/test_GPTNeo_aten__softmax_default.py
ERROR tests/autogen_op/GPTNeo/test_GPTNeo_aten__to_copy_default.py
ERROR tests/autogen_op/GPTNeo/test_GPTNeo_aten_add_Tensor.py
ERROR tests/autogen_op/GPTNeo/test_GPTNeo_aten_addmm_default.py
ERROR tests/autogen_op/GPTNeo/test_GPTNeo_aten_bmm_default.py
ERROR tests/autogen_op/GPTNeo/test_GPTNeo_aten_cat_default.py
ERROR tests/autogen_op/GPTNeo/test_GPTNeo_aten_clone_default.py
ERROR tests/autogen_op/GPTNeo/test_GPTNeo_aten_cumsum_default.py
ERROR tests/autogen_op/GPTNeo/test_GPTNeo_aten_div_Tensor.py
ERROR tests/autogen_op/GPTNeo/test_GPTNeo_aten_embedding_default.py
ERROR tests/autogen_op/GPTNeo/test_GPTNeo_aten_eq_Scalar.py
ERROR tests/autogen_op/GPTNeo/test_GPTNeo_aten_expand_default.py
ERROR tests/autogen_op/GPTNeo/test_GPTNeo_aten_full_default.py
ERROR tests/autogen_op/GPTNeo/test_GPTNeo_aten_gt_Scalar.py
ERROR tests/autogen_op/GPTNeo/test_GPTNeo_aten_lt_Tensor.py
ERROR tests/autogen_op/GPTNeo/test_GPTNeo_aten_masked_fill_Scalar.py
ERROR tests/autogen_op/GPTNeo/test_GPTNeo_aten_mm_default.py
ERROR tests/autogen_op/GPTNeo/test_GPTNeo_aten_mul_Tensor.py
ERROR tests/autogen_op/GPTNeo/test_GPTNeo_aten_native_layer_norm_default.py
ERROR tests/autogen_op/GPTNeo/test_GPTNeo_aten_new_ones_default.py
ERROR tests/autogen_op/GPTNeo/test_GPTNeo_aten_permute_default.py
ERROR tests/autogen_op/GPTNeo/test_GPTNeo_aten_pow_Tensor_Scalar.py
ERROR tests/autogen_op/GPTNeo/test_GPTNeo_aten_rsub_Scalar.py
ERROR tests/autogen_op/GPTNeo/test_GPTNeo_aten_select_int.py
ERROR tests/autogen_op/GPTNeo/test_GPTNeo_aten_slice_Tensor.py
ERROR tests/autogen_op/GPTNeo/test_GPTNeo_aten_sub_Tensor.py
ERROR tests/autogen_op/GPTNeo/test_GPTNeo_aten_sum_default.py
ERROR tests/autogen_op/GPTNeo/test_GPTNeo_aten_sym_size_int.py
ERROR tests/autogen_op/GPTNeo/test_GPTNeo_aten_t_default.py
ERROR tests/autogen_op/GPTNeo/test_GPTNeo_aten_tanh_default.py
ERROR tests/autogen_op/GPTNeo/test_GPTNeo_aten_topk_default.py
ERROR tests/autogen_op/GPTNeo/test_GPTNeo_aten_transpose_int.py
ERROR tests/autogen_op/GPTNeo/test_GPTNeo_aten_unsqueeze_default.py
ERROR tests/autogen_op/GPTNeo/test_GPTNeo_aten_view_default.py
ERROR tests/autogen_op/GPTNeo/test_GPTNeo_aten_where_self.py
ERROR tests/autogen_op/HardNet/test_HardNet_aten__native_batch_norm_legit_no_training_default.py
ERROR tests/autogen_op/HardNet/test_HardNet_aten_addmm_default.py
ERROR tests/autogen_op/HardNet/test_HardNet_aten_cat_default.py
ERROR tests/autogen_op/HardNet/test_HardNet_aten_clone_default.py
ERROR tests/autogen_op/HardNet/test_HardNet_aten_convolution_default.py
ERROR tests/autogen_op/HardNet/test_HardNet_aten_hardtanh_default.py
ERROR tests/autogen_op/HardNet/test_HardNet_aten_max_pool2d_with_indices_default.py
ERROR tests/autogen_op/HardNet/test_HardNet_aten_mean_dim.py
ERROR tests/autogen_op/HardNet/test_HardNet_aten_t_default.py
ERROR tests/autogen_op/HardNet/test_HardNet_aten_view_default.py
ERROR tests/autogen_op/HardNet-train/test_HardNet-train_aten__native_batch_norm_legit_functional_default.py
ERROR tests/autogen_op/HardNet-train/test_HardNet-train_aten__to_copy_default.py
ERROR tests/autogen_op/HardNet-train/test_HardNet-train_aten_add_Tensor.py
ERROR tests/autogen_op/HardNet-train/test_HardNet-train_aten_addmm_default.py
ERROR tests/autogen_op/HardNet-train/test_HardNet-train_aten_cat_default.py
ERROR tests/autogen_op/HardNet-train/test_HardNet-train_aten_clone_default.py
ERROR tests/autogen_op/HardNet-train/test_HardNet-train_aten_convolution_backward_default.py
ERROR tests/autogen_op/HardNet-train/test_HardNet-train_aten_convolution_default.py
ERROR tests/autogen_op/HardNet-train/test_HardNet-train_aten_div_Scalar.py
ERROR tests/autogen_op/HardNet-train/test_HardNet-train_aten_expand_default.py
ERROR tests/autogen_op/HardNet-train/test_HardNet-train_aten_hardtanh_backward_default.py
ERROR tests/autogen_op/HardNet-train/test_HardNet-train_aten_hardtanh_default.py
ERROR tests/autogen_op/HardNet-train/test_HardNet-train_aten_max_pool2d_with_indices_backward_default.py
ERROR tests/autogen_op/HardNet-train/test_HardNet-train_aten_max_pool2d_with_indices_default.py
ERROR tests/autogen_op/HardNet-train/test_HardNet-train_aten_mean_dim.py
ERROR tests/autogen_op/HardNet-train/test_HardNet-train_aten_mm_default.py
ERROR tests/autogen_op/HardNet-train/test_HardNet-train_aten_native_batch_norm_backward_default.py
ERROR tests/autogen_op/HardNet-train/test_HardNet-train_aten_slice_Tensor.py
ERROR tests/autogen_op/HardNet-train/test_HardNet-train_aten_sum_dim_IntList.py
ERROR tests/autogen_op/HardNet-train/test_HardNet-train_aten_t_default.py
ERROR tests/autogen_op/HardNet-train/test_HardNet-train_aten_view_default.py
ERROR tests/autogen_op/Llama/test_Llama_aten__to_copy_default.py
ERROR tests/autogen_op/Llama/test_Llama_aten_bmm_default.py
ERROR tests/autogen_op/Llama/test_Llama_aten_cat_default.py
ERROR tests/autogen_op/Llama/test_Llama_aten_cos_default.py
ERROR tests/autogen_op/Llama/test_Llama_aten_embedding_default.py
ERROR tests/autogen_op/Llama/test_Llama_aten_expand_default.py
ERROR tests/autogen_op/Llama/test_Llama_aten_repeat_default.py
ERROR tests/autogen_op/Llama/test_Llama_aten_slice_Tensor.py
ERROR tests/autogen_op/Llama/test_Llama_aten_transpose_int.py
ERROR tests/autogen_op/Llama/test_Llama_aten_unsqueeze_default.py
ERROR tests/autogen_op/Llama/test_Llama_aten_view_default.py
ERROR tests/autogen_op/MLPMixer/test_MLPMixer_aten__unsafe_view_default.py
ERROR tests/autogen_op/MLPMixer/test_MLPMixer_aten_add_Tensor.py
ERROR tests/autogen_op/MLPMixer/test_MLPMixer_aten_addmm_default.py
ERROR tests/autogen_op/MLPMixer/test_MLPMixer_aten_clone_default.py
ERROR tests/autogen_op/MLPMixer/test_MLPMixer_aten_convolution_default.py
ERROR tests/autogen_op/MLPMixer/test_MLPMixer_aten_gelu_default.py
ERROR tests/autogen_op/MLPMixer/test_MLPMixer_aten_mean_dim.py
ERROR tests/autogen_op/MLPMixer/test_MLPMixer_aten_native_layer_norm_default.py
ERROR tests/autogen_op/MLPMixer/test_MLPMixer_aten_permute_default.py
ERROR tests/autogen_op/MLPMixer/test_MLPMixer_aten_t_default.py
ERROR tests/autogen_op/MLPMixer/test_MLPMixer_aten_view_default.py
ERROR tests/autogen_op/MLPMixer-train/test_MLPMixer-train_aten__unsafe_view_default.py
ERROR tests/autogen_op/MLPMixer-train/test_MLPMixer-train_aten_add_Tensor.py
ERROR tests/autogen_op/MLPMixer-train/test_MLPMixer-train_aten_addmm_default.py
ERROR tests/autogen_op/MLPMixer-train/test_MLPMixer-train_aten_clone_default.py
ERROR tests/autogen_op/MLPMixer-train/test_MLPMixer-train_aten_convolution_backward_default.py
ERROR tests/autogen_op/MLPMixer-train/test_MLPMixer-train_aten_convolution_default.py
ERROR tests/autogen_op/MLPMixer-train/test_MLPMixer-train_aten_div_Scalar.py
ERROR tests/autogen_op/MLPMixer-train/test_MLPMixer-train_aten_expand_default.py
ERROR tests/autogen_op/MLPMixer-train/test_MLPMixer-train_aten_gelu_backward_default.py
ERROR tests/autogen_op/MLPMixer-train/test_MLPMixer-train_aten_gelu_default.py
ERROR tests/autogen_op/MLPMixer-train/test_MLPMixer-train_aten_mean_dim.py
ERROR tests/autogen_op/MLPMixer-train/test_MLPMixer-train_aten_mm_default.py
ERROR tests/autogen_op/MLPMixer-train/test_MLPMixer-train_aten_native_layer_norm_backward_default.py
ERROR tests/autogen_op/MLPMixer-train/test_MLPMixer-train_aten_native_layer_norm_default.py
ERROR tests/autogen_op/MLPMixer-train/test_MLPMixer-train_aten_permute_default.py
ERROR tests/autogen_op/MLPMixer-train/test_MLPMixer-train_aten_sum_dim_IntList.py
ERROR tests/autogen_op/MLPMixer-train/test_MLPMixer-train_aten_t_default.py
ERROR tests/autogen_op/MLPMixer-train/test_MLPMixer-train_aten_unsqueeze_default.py
ERROR tests/autogen_op/MLPMixer-train/test_MLPMixer-train_aten_view_default.py
ERROR tests/autogen_op/Mnist/test_Mnist_aten__log_softmax_default.py
ERROR tests/autogen_op/Mnist/test_Mnist_aten_addmm_default.py
ERROR tests/autogen_op/Mnist/test_Mnist_aten_clone_default.py
ERROR tests/autogen_op/Mnist/test_Mnist_aten_convolution_default.py
ERROR tests/autogen_op/Mnist/test_Mnist_aten_max_pool2d_with_indices_default.py
ERROR tests/autogen_op/Mnist/test_Mnist_aten_relu_default.py
ERROR tests/autogen_op/Mnist/test_Mnist_aten_t_default.py
ERROR tests/autogen_op/Mnist/test_Mnist_aten_view_default.py
ERROR tests/autogen_op/Mnist-train/test_Mnist-train_aten__log_softmax_backward_data_default.py
ERROR tests/autogen_op/Mnist-train/test_Mnist-train_aten__log_softmax_default.py
ERROR tests/autogen_op/Mnist-train/test_Mnist-train_aten_addmm_default.py
ERROR tests/autogen_op/Mnist-train/test_Mnist-train_aten_clone_default.py
ERROR tests/autogen_op/Mnist-train/test_Mnist-train_aten_convolution_backward_default.py
ERROR tests/autogen_op/Mnist-train/test_Mnist-train_aten_convolution_default.py
ERROR tests/autogen_op/Mnist-train/test_Mnist-train_aten_detach_default.py
ERROR tests/autogen_op/Mnist-train/test_Mnist-train_aten_max_pool2d_with_indices_backward_default.py
ERROR tests/autogen_op/Mnist-train/test_Mnist-train_aten_max_pool2d_with_indices_default.py
ERROR tests/autogen_op/Mnist-train/test_Mnist-train_aten_mm_default.py
ERROR tests/autogen_op/Mnist-train/test_Mnist-train_aten_relu_default.py
ERROR tests/autogen_op/Mnist-train/test_Mnist-train_aten_sum_dim_IntList.py
ERROR tests/autogen_op/Mnist-train/test_Mnist-train_aten_t_default.py
ERROR tests/autogen_op/Mnist-train/test_Mnist-train_aten_threshold_backward_default.py
ERROR tests/autogen_op/Mnist-train/test_Mnist-train_aten_view_default.py
ERROR tests/autogen_op/MobileNetSSD/test_MobileNetSSD_aten__native_batch_norm_legit_no_training_default.py
ERROR tests/autogen_op/MobileNetSSD/test_MobileNetSSD_aten__unsafe_index_Tensor.py
ERROR tests/autogen_op/MobileNetSSD/test_MobileNetSSD_aten__unsafe_view_default.py
ERROR tests/autogen_op/MobileNetSSD/test_MobileNetSSD_aten_add_Tensor.py
ERROR tests/autogen_op/MobileNetSSD/test_MobileNetSSD_aten_cat_default.py
ERROR tests/autogen_op/MobileNetSSD/test_MobileNetSSD_aten_clamp_default.py
ERROR tests/autogen_op/MobileNetSSD/test_MobileNetSSD_aten_clone_default.py
ERROR tests/autogen_op/MobileNetSSD/test_MobileNetSSD_aten_convolution_default.py
ERROR tests/autogen_op/MobileNetSSD/test_MobileNetSSD_aten_div_Tensor.py
ERROR tests/autogen_op/MobileNetSSD/test_MobileNetSSD_aten_expand_default.py
ERROR tests/autogen_op/MobileNetSSD/test_MobileNetSSD_aten_hardsigmoid_default.py
ERROR tests/autogen_op/MobileNetSSD/test_MobileNetSSD_aten_hardswish_default.py
ERROR tests/autogen_op/MobileNetSSD/test_MobileNetSSD_aten_hardtanh_default.py
ERROR tests/autogen_op/MobileNetSSD/test_MobileNetSSD_aten_mean_dim.py
ERROR tests/autogen_op/MobileNetSSD/test_MobileNetSSD_aten_mul_Tensor.py
ERROR tests/autogen_op/MobileNetSSD/test_MobileNetSSD_aten_new_full_default.py
ERROR tests/autogen_op/MobileNetSSD/test_MobileNetSSD_aten_permute_default.py
ERROR tests/autogen_op/MobileNetSSD/test_MobileNetSSD_aten_relu_default.py
ERROR tests/autogen_op/MobileNetSSD/test_MobileNetSSD_aten_repeat_default.py
ERROR tests/autogen_op/MobileNetSSD/test_MobileNetSSD_aten_rsub_Scalar.py
ERROR tests/autogen_op/MobileNetSSD/test_MobileNetSSD_aten_select_int.py
ERROR tests/autogen_op/MobileNetSSD/test_MobileNetSSD_aten_slice_Tensor.py
ERROR tests/autogen_op/MobileNetSSD/test_MobileNetSSD_aten_stack_default.py
ERROR tests/autogen_op/MobileNetSSD/test_MobileNetSSD_aten_sub_Tensor.py
ERROR tests/autogen_op/MobileNetSSD/test_MobileNetSSD_aten_unsqueeze_default.py
ERROR tests/autogen_op/MobileNetSSD/test_MobileNetSSD_aten_view_default.py
ERROR tests/autogen_op/MobileNetV2/test_MobileNetV2_aten__native_batch_norm_legit_no_training_default.py
ERROR tests/autogen_op/MobileNetV2/test_MobileNetV2_aten_add_Tensor.py
ERROR tests/autogen_op/MobileNetV2/test_MobileNetV2_aten_addmm_default.py
ERROR tests/autogen_op/MobileNetV2/test_MobileNetV2_aten_clone_default.py
ERROR tests/autogen_op/MobileNetV2/test_MobileNetV2_aten_convolution_default.py
ERROR tests/autogen_op/MobileNetV2/test_MobileNetV2_aten_hardtanh_default.py
ERROR tests/autogen_op/MobileNetV2/test_MobileNetV2_aten_mean_dim.py
ERROR tests/autogen_op/MobileNetV2/test_MobileNetV2_aten_t_default.py
ERROR tests/autogen_op/MobileNetV2/test_MobileNetV2_aten_view_default.py
ERROR tests/autogen_op/OPT/test_OPT_aten__softmax_default.py
ERROR tests/autogen_op/OPT/test_OPT_aten__to_copy_default.py
ERROR tests/autogen_op/OPT/test_OPT_aten__unsafe_view_default.py
ERROR tests/autogen_op/OPT/test_OPT_aten_add_Tensor.py
ERROR tests/autogen_op/OPT/test_OPT_aten_addmm_default.py
ERROR tests/autogen_op/OPT/test_OPT_aten_bmm_default.py
ERROR tests/autogen_op/OPT/test_OPT_aten_cat_default.py
ERROR tests/autogen_op/OPT/test_OPT_aten_clone_default.py
ERROR tests/autogen_op/OPT/test_OPT_aten_cumsum_default.py
ERROR tests/autogen_op/OPT/test_OPT_aten_embedding_default.py
ERROR tests/autogen_op/OPT/test_OPT_aten_eq_Scalar.py
ERROR tests/autogen_op/OPT/test_OPT_aten_expand_default.py
ERROR tests/autogen_op/OPT/test_OPT_aten_full_default.py
ERROR tests/autogen_op/OPT/test_OPT_aten_gt_Scalar.py
ERROR tests/autogen_op/OPT/test_OPT_aten_masked_fill_Scalar.py
ERROR tests/autogen_op/OPT/test_OPT_aten_maximum_default.py
ERROR tests/autogen_op/OPT/test_OPT_aten_mm_default.py
ERROR tests/autogen_op/OPT/test_OPT_aten_mul_Tensor.py
ERROR tests/autogen_op/OPT/test_OPT_aten_native_layer_norm_default.py
ERROR tests/autogen_op/OPT/test_OPT_aten_new_ones_default.py
ERROR tests/autogen_op/OPT/test_OPT_aten_relu_default.py
ERROR tests/autogen_op/OPT/test_OPT_aten_rsub_Scalar.py
ERROR tests/autogen_op/OPT/test_OPT_aten_select_int.py
ERROR tests/autogen_op/OPT/test_OPT_aten_slice_Tensor.py
ERROR tests/autogen_op/OPT/test_OPT_aten_sub_Tensor.py
ERROR tests/autogen_op/OPT/test_OPT_aten_sum_default.py
ERROR tests/autogen_op/OPT/test_OPT_aten_sym_size_int.py
ERROR tests/autogen_op/OPT/test_OPT_aten_t_default.py
ERROR tests/autogen_op/OPT/test_OPT_aten_transpose_int.py
ERROR tests/autogen_op/OPT/test_OPT_aten_unsqueeze_default.py
ERROR tests/autogen_op/OPT/test_OPT_aten_view_default.py
ERROR tests/autogen_op/OpenPose_V2/test_OpenPose_V2_aten__native_batch_norm_legit_no_training_default.py
ERROR tests/autogen_op/OpenPose_V2/test_OpenPose_V2_aten_add_Tensor.py
ERROR tests/autogen_op/OpenPose_V2/test_OpenPose_V2_aten_cat_default.py
ERROR tests/autogen_op/OpenPose_V2/test_OpenPose_V2_aten_convolution_default.py
ERROR tests/autogen_op/OpenPose_V2/test_OpenPose_V2_aten_elu_default.py
ERROR tests/autogen_op/OpenPose_V2/test_OpenPose_V2_aten_relu_default.py
ERROR tests/autogen_op/OpenPose_V2/test_OpenPose_V2_aten_slice_Tensor.py
ERROR tests/autogen_op/OpenPose_V2-train/test_OpenPose_V2-train_aten__native_batch_norm_legit_functional_default.py
ERROR tests/autogen_op/OpenPose_V2-train/test_OpenPose_V2-train_aten__to_copy_default.py
ERROR tests/autogen_op/OpenPose_V2-train/test_OpenPose_V2-train_aten_add_Tensor.py
ERROR tests/autogen_op/OpenPose_V2-train/test_OpenPose_V2-train_aten_cat_default.py
ERROR tests/autogen_op/OpenPose_V2-train/test_OpenPose_V2-train_aten_convolution_backward_default.py
ERROR tests/autogen_op/OpenPose_V2-train/test_OpenPose_V2-train_aten_convolution_default.py
ERROR tests/autogen_op/OpenPose_V2-train/test_OpenPose_V2-train_aten_detach_default.py
ERROR tests/autogen_op/OpenPose_V2-train/test_OpenPose_V2-train_aten_elu_backward_default.py
ERROR tests/autogen_op/OpenPose_V2-train/test_OpenPose_V2-train_aten_elu_default.py
ERROR tests/autogen_op/OpenPose_V2-train/test_OpenPose_V2-train_aten_native_batch_norm_backward_default.py
ERROR tests/autogen_op/OpenPose_V2-train/test_OpenPose_V2-train_aten_relu_default.py
ERROR tests/autogen_op/OpenPose_V2-train/test_OpenPose_V2-train_aten_slice_Tensor.py
ERROR tests/autogen_op/OpenPose_V2-train/test_OpenPose_V2-train_aten_slice_backward_default.py
ERROR tests/autogen_op/OpenPose_V2-train/test_OpenPose_V2-train_aten_threshold_backward_default.py
ERROR tests/autogen_op/Perceiver_IO/test_Perceiver_IO_aten__softmax_default.py
ERROR tests/autogen_op/Perceiver_IO/test_Perceiver_IO_aten__to_copy_default.py
ERROR tests/autogen_op/Perceiver_IO/test_Perceiver_IO_aten_add_Tensor.py
ERROR tests/autogen_op/Perceiver_IO/test_Perceiver_IO_aten_addmm_default.py
ERROR tests/autogen_op/Perceiver_IO/test_Perceiver_IO_aten_bmm_default.py
ERROR tests/autogen_op/Perceiver_IO/test_Perceiver_IO_aten_clone_default.py
ERROR tests/autogen_op/Perceiver_IO/test_Perceiver_IO_aten_div_Tensor.py
ERROR tests/autogen_op/Perceiver_IO/test_Perceiver_IO_aten_embedding_default.py
ERROR tests/autogen_op/Perceiver_IO/test_Perceiver_IO_aten_expand_default.py
ERROR tests/autogen_op/Perceiver_IO/test_Perceiver_IO_aten_gelu_default.py
ERROR tests/autogen_op/Perceiver_IO/test_Perceiver_IO_aten_mm_default.py
ERROR tests/autogen_op/Perceiver_IO/test_Perceiver_IO_aten_mul_Tensor.py
ERROR tests/autogen_op/Perceiver_IO/test_Perceiver_IO_aten_native_layer_norm_default.py
ERROR tests/autogen_op/Perceiver_IO/test_Perceiver_IO_aten_permute_default.py
ERROR tests/autogen_op/Perceiver_IO/test_Perceiver_IO_aten_rsub_Scalar.py
ERROR tests/autogen_op/Perceiver_IO/test_Perceiver_IO_aten_slice_Tensor.py
ERROR tests/autogen_op/Perceiver_IO/test_Perceiver_IO_aten_t_default.py
ERROR tests/autogen_op/Perceiver_IO/test_Perceiver_IO_aten_transpose_int.py
ERROR tests/autogen_op/Perceiver_IO/test_Perceiver_IO_aten_unsqueeze_default.py
ERROR tests/autogen_op/Perceiver_IO/test_Perceiver_IO_aten_view_default.py
ERROR tests/autogen_op/ResNet18-train/test_ResNet18-train_aten__native_batch_norm_legit_functional_default.py
ERROR tests/autogen_op/ResNet18-train/test_ResNet18-train_aten__to_copy_default.py
ERROR tests/autogen_op/ResNet18-train/test_ResNet18-train_aten_add_Tensor.py
ERROR tests/autogen_op/ResNet18-train/test_ResNet18-train_aten_addmm_default.py
ERROR tests/autogen_op/ResNet18-train/test_ResNet18-train_aten_convolution_backward_default.py
ERROR tests/autogen_op/ResNet18-train/test_ResNet18-train_aten_convolution_default.py
ERROR tests/autogen_op/ResNet18-train/test_ResNet18-train_aten_detach_default.py
ERROR tests/autogen_op/ResNet18-train/test_ResNet18-train_aten_div_Scalar.py
ERROR tests/autogen_op/ResNet18-train/test_ResNet18-train_aten_expand_default.py
ERROR tests/autogen_op/ResNet18-train/test_ResNet18-train_aten_max_pool2d_with_indices_backward_default.py
ERROR tests/autogen_op/ResNet18-train/test_ResNet18-train_aten_max_pool2d_with_indices_default.py
ERROR tests/autogen_op/ResNet18-train/test_ResNet18-train_aten_mean_dim.py
ERROR tests/autogen_op/ResNet18-train/test_ResNet18-train_aten_mm_default.py
ERROR tests/autogen_op/ResNet18-train/test_ResNet18-train_aten_native_batch_norm_backward_default.py
ERROR tests/autogen_op/ResNet18-train/test_ResNet18-train_aten_relu_default.py
ERROR tests/autogen_op/ResNet18-train/test_ResNet18-train_aten_sum_dim_IntList.py
ERROR tests/autogen_op/ResNet18-train/test_ResNet18-train_aten_t_default.py
ERROR tests/autogen_op/ResNet18-train/test_ResNet18-train_aten_threshold_backward_default.py
ERROR tests/autogen_op/ResNet18-train/test_ResNet18-train_aten_view_default.py
ERROR tests/autogen_op/ResNet50-train/test_ResNet50-train_aten__native_batch_norm_legit_functional_default.py
ERROR tests/autogen_op/ResNet50-train/test_ResNet50-train_aten__to_copy_default.py
ERROR tests/autogen_op/ResNet50-train/test_ResNet50-train_aten_add_Tensor.py
ERROR tests/autogen_op/ResNet50-train/test_ResNet50-train_aten_addmm_default.py
ERROR tests/autogen_op/ResNet50-train/test_ResNet50-train_aten_convolution_backward_default.py
ERROR tests/autogen_op/ResNet50-train/test_ResNet50-train_aten_convolution_default.py
ERROR tests/autogen_op/ResNet50-train/test_ResNet50-train_aten_detach_default.py
ERROR tests/autogen_op/ResNet50-train/test_ResNet50-train_aten_div_Scalar.py
ERROR tests/autogen_op/ResNet50-train/test_ResNet50-train_aten_expand_default.py
ERROR tests/autogen_op/ResNet50-train/test_ResNet50-train_aten_max_pool2d_with_indices_backward_default.py
ERROR tests/autogen_op/ResNet50-train/test_ResNet50-train_aten_max_pool2d_with_indices_default.py
ERROR tests/autogen_op/ResNet50-train/test_ResNet50-train_aten_mean_dim.py
ERROR tests/autogen_op/ResNet50-train/test_ResNet50-train_aten_mm_default.py
ERROR tests/autogen_op/ResNet50-train/test_ResNet50-train_aten_native_batch_norm_backward_default.py
ERROR tests/autogen_op/ResNet50-train/test_ResNet50-train_aten_relu_default.py
ERROR tests/autogen_op/ResNet50-train/test_ResNet50-train_aten_sum_dim_IntList.py
ERROR tests/autogen_op/ResNet50-train/test_ResNet50-train_aten_t_default.py
ERROR tests/autogen_op/ResNet50-train/test_ResNet50-train_aten_threshold_backward_default.py
ERROR tests/autogen_op/ResNet50-train/test_ResNet50-train_aten_view_default.py
ERROR tests/autogen_op/RoBERTa/test_RoBERTa_aten__softmax_default.py
ERROR tests/autogen_op/RoBERTa/test_RoBERTa_aten__to_copy_default.py
ERROR tests/autogen_op/RoBERTa/test_RoBERTa_aten_add_Tensor.py
ERROR tests/autogen_op/RoBERTa/test_RoBERTa_aten_addmm_default.py
ERROR tests/autogen_op/RoBERTa/test_RoBERTa_aten_bmm_default.py
ERROR tests/autogen_op/RoBERTa/test_RoBERTa_aten_clone_default.py
ERROR tests/autogen_op/RoBERTa/test_RoBERTa_aten_cumsum_default.py
ERROR tests/autogen_op/RoBERTa/test_RoBERTa_aten_div_Tensor.py
ERROR tests/autogen_op/RoBERTa/test_RoBERTa_aten_embedding_default.py
ERROR tests/autogen_op/RoBERTa/test_RoBERTa_aten_expand_default.py
ERROR tests/autogen_op/RoBERTa/test_RoBERTa_aten_gelu_default.py
ERROR tests/autogen_op/RoBERTa/test_RoBERTa_aten_mul_Tensor.py
ERROR tests/autogen_op/RoBERTa/test_RoBERTa_aten_native_layer_norm_default.py
ERROR tests/autogen_op/RoBERTa/test_RoBERTa_aten_ne_Scalar.py
ERROR tests/autogen_op/RoBERTa/test_RoBERTa_aten_permute_default.py
ERROR tests/autogen_op/RoBERTa/test_RoBERTa_aten_rsub_Scalar.py
ERROR tests/autogen_op/RoBERTa/test_RoBERTa_aten_slice_Tensor.py
ERROR tests/autogen_op/RoBERTa/test_RoBERTa_aten_t_default.py
ERROR tests/autogen_op/RoBERTa/test_RoBERTa_aten_transpose_int.py
ERROR tests/autogen_op/RoBERTa/test_RoBERTa_aten_unsqueeze_default.py
ERROR tests/autogen_op/RoBERTa/test_RoBERTa_aten_view_default.py
ERROR tests/autogen_op/SegFormer/test_SegFormer_aten__native_batch_norm_legit_no_training_default.py
ERROR tests/autogen_op/SegFormer/test_SegFormer_aten__softmax_default.py
ERROR tests/autogen_op/SegFormer/test_SegFormer_aten__to_copy_default.py
ERROR tests/autogen_op/SegFormer/test_SegFormer_aten__unsafe_index_Tensor.py
ERROR tests/autogen_op/SegFormer/test_SegFormer_aten_add_Tensor.py
ERROR tests/autogen_op/SegFormer/test_SegFormer_aten_addmm_default.py
ERROR tests/autogen_op/SegFormer/test_SegFormer_aten_bmm_default.py
ERROR tests/autogen_op/SegFormer/test_SegFormer_aten_cat_default.py
ERROR tests/autogen_op/SegFormer/test_SegFormer_aten_clone_default.py
ERROR tests/autogen_op/SegFormer/test_SegFormer_aten_convolution_default.py
ERROR tests/autogen_op/SegFormer/test_SegFormer_aten_div_Tensor.py
ERROR tests/autogen_op/SegFormer/test_SegFormer_aten_expand_default.py
ERROR tests/autogen_op/SegFormer/test_SegFormer_aten_gelu_default.py
ERROR tests/autogen_op/SegFormer/test_SegFormer_aten_mm_default.py
ERROR tests/autogen_op/SegFormer/test_SegFormer_aten_mul_Tensor.py
ERROR tests/autogen_op/SegFormer/test_SegFormer_aten_native_layer_norm_default.py
ERROR tests/autogen_op/SegFormer/test_SegFormer_aten_permute_default.py
ERROR tests/autogen_op/SegFormer/test_SegFormer_aten_relu_default.py
ERROR tests/autogen_op/SegFormer/test_SegFormer_aten_rsub_Scalar.py
ERROR tests/autogen_op/SegFormer/test_SegFormer_aten_t_default.py
ERROR tests/autogen_op/SegFormer/test_SegFormer_aten_transpose_int.py
ERROR tests/autogen_op/SegFormer/test_SegFormer_aten_view_default.py
ERROR tests/autogen_op/SegFormer-train/test_SegFormer-train_aten__native_batch_norm_legit_functional_default.py
ERROR tests/autogen_op/SegFormer-train/test_SegFormer-train_aten__softmax_backward_data_default.py
ERROR tests/autogen_op/SegFormer-train/test_SegFormer-train_aten__softmax_default.py
ERROR tests/autogen_op/SegFormer-train/test_SegFormer-train_aten__to_copy_default.py
ERROR tests/autogen_op/SegFormer-train/test_SegFormer-train_aten__unsafe_index_Tensor.py
ERROR tests/autogen_op/SegFormer-train/test_SegFormer-train_aten__unsafe_index_put_default.py
ERROR tests/autogen_op/SegFormer-train/test_SegFormer-train_aten__unsafe_view_default.py
ERROR tests/autogen_op/SegFormer-train/test_SegFormer-train_aten_add_Tensor.py
ERROR tests/autogen_op/SegFormer-train/test_SegFormer-train_aten_addmm_default.py
ERROR tests/autogen_op/SegFormer-train/test_SegFormer-train_aten_bmm_default.py
ERROR tests/autogen_op/SegFormer-train/test_SegFormer-train_aten_cat_default.py
ERROR tests/autogen_op/SegFormer-train/test_SegFormer-train_aten_clone_default.py
ERROR tests/autogen_op/SegFormer-train/test_SegFormer-train_aten_convolution_backward_default.py
ERROR tests/autogen_op/SegFormer-train/test_SegFormer-train_aten_convolution_default.py
ERROR tests/autogen_op/SegFormer-train/test_SegFormer-train_aten_detach_default.py
ERROR tests/autogen_op/SegFormer-train/test_SegFormer-train_aten_div_Tensor.py
ERROR tests/autogen_op/SegFormer-train/test_SegFormer-train_aten_expand_default.py
ERROR tests/autogen_op/SegFormer-train/test_SegFormer-train_aten_gelu_backward_default.py
ERROR tests/autogen_op/SegFormer-train/test_SegFormer-train_aten_gelu_default.py
ERROR tests/autogen_op/SegFormer-train/test_SegFormer-train_aten_mm_default.py
ERROR tests/autogen_op/SegFormer-train/test_SegFormer-train_aten_mul_Tensor.py
ERROR tests/autogen_op/SegFormer-train/test_SegFormer-train_aten_native_batch_norm_backward_default.py
ERROR tests/autogen_op/SegFormer-train/test_SegFormer-train_aten_native_layer_norm_backward_default.py
ERROR tests/autogen_op/SegFormer-train/test_SegFormer-train_aten_native_layer_norm_default.py
ERROR tests/autogen_op/SegFormer-train/test_SegFormer-train_aten_new_zeros_default.py
ERROR tests/autogen_op/SegFormer-train/test_SegFormer-train_aten_permute_default.py
ERROR tests/autogen_op/SegFormer-train/test_SegFormer-train_aten_rand_default.py
ERROR tests/autogen_op/SegFormer-train/test_SegFormer-train_aten_relu_default.py
ERROR tests/autogen_op/SegFormer-train/test_SegFormer-train_aten_rsub_Scalar.py
ERROR tests/autogen_op/SegFormer-train/test_SegFormer-train_aten_slice_Tensor.py
ERROR tests/autogen_op/SegFormer-train/test_SegFormer-train_aten_sum_dim_IntList.py
ERROR tests/autogen_op/SegFormer-train/test_SegFormer-train_aten_t_default.py
ERROR tests/autogen_op/SegFormer-train/test_SegFormer-train_aten_threshold_backward_default.py
ERROR tests/autogen_op/SegFormer-train/test_SegFormer-train_aten_transpose_int.py
ERROR tests/autogen_op/SegFormer-train/test_SegFormer-train_aten_view_default.py
ERROR tests/autogen_op/SqueezeBERT/test_SqueezeBERT_aten__to_copy_default.py
ERROR tests/autogen_op/SqueezeBERT/test_SqueezeBERT_aten_add_Tensor.py
ERROR tests/autogen_op/SqueezeBERT/test_SqueezeBERT_aten_clone_default.py
ERROR tests/autogen_op/SqueezeBERT/test_SqueezeBERT_aten_embedding_default.py
ERROR tests/autogen_op/SqueezeBERT/test_SqueezeBERT_aten_mul_Tensor.py
ERROR tests/autogen_op/SqueezeBERT/test_SqueezeBERT_aten_native_layer_norm_default.py
ERROR tests/autogen_op/SqueezeBERT/test_SqueezeBERT_aten_rsub_Scalar.py
ERROR tests/autogen_op/SqueezeBERT/test_SqueezeBERT_aten_slice_Tensor.py
ERROR tests/autogen_op/SqueezeBERT/test_SqueezeBERT_aten_unsqueeze_default.py
ERROR tests/autogen_op/Stable_Diffusion_V2/test_Stable_Diffusion_V2_aten__assert_async_msg.py
ERROR tests/autogen_op/Stable_Diffusion_V2/test_Stable_Diffusion_V2_aten__scaled_dot_product_flash_attention_default.py
ERROR tests/autogen_op/Stable_Diffusion_V2/test_Stable_Diffusion_V2_aten__to_copy_default.py
ERROR tests/autogen_op/Stable_Diffusion_V2/test_Stable_Diffusion_V2_aten__unsafe_index_Tensor.py
ERROR tests/autogen_op/Stable_Diffusion_V2/test_Stable_Diffusion_V2_aten_add_Tensor.py
ERROR tests/autogen_op/Stable_Diffusion_V2/test_Stable_Diffusion_V2_aten_addmm_default.py
ERROR tests/autogen_op/Stable_Diffusion_V2/test_Stable_Diffusion_V2_aten_arange_default.py
ERROR tests/autogen_op/Stable_Diffusion_V2/test_Stable_Diffusion_V2_aten_cat_default.py
ERROR tests/autogen_op/Stable_Diffusion_V2/test_Stable_Diffusion_V2_aten_clone_default.py
ERROR tests/autogen_op/Stable_Diffusion_V2/test_Stable_Diffusion_V2_aten_convolution_default.py
ERROR tests/autogen_op/Stable_Diffusion_V2/test_Stable_Diffusion_V2_aten_cos_default.py
ERROR tests/autogen_op/Stable_Diffusion_V2/test_Stable_Diffusion_V2_aten_div_Tensor.py
ERROR tests/autogen_op/Stable_Diffusion_V2/test_Stable_Diffusion_V2_aten_exp_default.py
ERROR tests/autogen_op/Stable_Diffusion_V2/test_Stable_Diffusion_V2_aten_gelu_default.py
ERROR tests/autogen_op/Stable_Diffusion_V2/test_Stable_Diffusion_V2_aten_mm_default.py
ERROR tests/autogen_op/Stable_Diffusion_V2/test_Stable_Diffusion_V2_aten_mul_Tensor.py
ERROR tests/autogen_op/Stable_Diffusion_V2/test_Stable_Diffusion_V2_aten_native_group_norm_default.py
ERROR tests/autogen_op/Stable_Diffusion_V2/test_Stable_Diffusion_V2_aten_native_layer_norm_default.py
ERROR tests/autogen_op/Stable_Diffusion_V2/test_Stable_Diffusion_V2_aten_permute_default.py
ERROR tests/autogen_op/Stable_Diffusion_V2/test_Stable_Diffusion_V2_aten_scalar_tensor_default.py
ERROR tests/autogen_op/Stable_Diffusion_V2/test_Stable_Diffusion_V2_aten_silu_default.py
ERROR tests/autogen_op/Stable_Diffusion_V2/test_Stable_Diffusion_V2_aten_sin_default.py
ERROR tests/autogen_op/Stable_Diffusion_V2/test_Stable_Diffusion_V2_aten_slice_Tensor.py
ERROR tests/autogen_op/Stable_Diffusion_V2/test_Stable_Diffusion_V2_aten_split_Tensor.py
ERROR tests/autogen_op/Stable_Diffusion_V2/test_Stable_Diffusion_V2_aten_sym_size_int.py
ERROR tests/autogen_op/Stable_Diffusion_V2/test_Stable_Diffusion_V2_aten_t_default.py
ERROR tests/autogen_op/Stable_Diffusion_V2/test_Stable_Diffusion_V2_aten_transpose_int.py
ERROR tests/autogen_op/Stable_Diffusion_V2/test_Stable_Diffusion_V2_aten_unsqueeze_default.py
ERROR tests/autogen_op/Stable_Diffusion_V2/test_Stable_Diffusion_V2_aten_view_default.py
ERROR tests/autogen_op/U-Net/test_U-Net_aten__native_batch_norm_legit_no_training_default.py
ERROR tests/autogen_op/U-Net/test_U-Net_aten_cat_default.py
ERROR tests/autogen_op/U-Net/test_U-Net_aten_convolution_default.py
ERROR tests/autogen_op/U-Net/test_U-Net_aten_max_pool2d_with_indices_default.py
ERROR tests/autogen_op/U-Net/test_U-Net_aten_relu_default.py
ERROR tests/autogen_op/U-Net/test_U-Net_aten_sigmoid_default.py
ERROR tests/autogen_op/U-Net-train/test_U-Net-train_aten__native_batch_norm_legit_functional_default.py
ERROR tests/autogen_op/U-Net-train/test_U-Net-train_aten__to_copy_default.py
ERROR tests/autogen_op/U-Net-train/test_U-Net-train_aten_add_Tensor.py
ERROR tests/autogen_op/U-Net-train/test_U-Net-train_aten_cat_default.py
ERROR tests/autogen_op/U-Net-train/test_U-Net-train_aten_convolution_backward_default.py
ERROR tests/autogen_op/U-Net-train/test_U-Net-train_aten_convolution_default.py
ERROR tests/autogen_op/U-Net-train/test_U-Net-train_aten_detach_default.py
ERROR tests/autogen_op/U-Net-train/test_U-Net-train_aten_max_pool2d_with_indices_backward_default.py
ERROR tests/autogen_op/U-Net-train/test_U-Net-train_aten_max_pool2d_with_indices_default.py
ERROR tests/autogen_op/U-Net-train/test_U-Net-train_aten_native_batch_norm_backward_default.py
ERROR tests/autogen_op/U-Net-train/test_U-Net-train_aten_relu_default.py
ERROR tests/autogen_op/U-Net-train/test_U-Net-train_aten_sigmoid_backward_default.py
ERROR tests/autogen_op/U-Net-train/test_U-Net-train_aten_sigmoid_default.py
ERROR tests/autogen_op/U-Net-train/test_U-Net-train_aten_slice_Tensor.py
ERROR tests/autogen_op/U-Net-train/test_U-Net-train_aten_threshold_backward_default.py
ERROR tests/autogen_op/Unet-brain/test_Unet-brain_aten__native_batch_norm_legit_no_training_default.py
ERROR tests/autogen_op/Unet-brain/test_Unet-brain_aten_cat_default.py
ERROR tests/autogen_op/Unet-brain/test_Unet-brain_aten_convolution_default.py
ERROR tests/autogen_op/Unet-brain/test_Unet-brain_aten_max_pool2d_with_indices_default.py
ERROR tests/autogen_op/Unet-brain/test_Unet-brain_aten_relu_default.py
ERROR tests/autogen_op/Unet-brain/test_Unet-brain_aten_sigmoid_default.py
ERROR tests/autogen_op/Unet-brain-train/test_Unet-brain-train_aten__native_batch_norm_legit_functional_default.py
ERROR tests/autogen_op/Unet-brain-train/test_Unet-brain-train_aten__to_copy_default.py
ERROR tests/autogen_op/Unet-brain-train/test_Unet-brain-train_aten_add_Tensor.py
ERROR tests/autogen_op/Unet-brain-train/test_Unet-brain-train_aten_cat_default.py
ERROR tests/autogen_op/Unet-brain-train/test_Unet-brain-train_aten_convolution_backward_default.py
ERROR tests/autogen_op/Unet-brain-train/test_Unet-brain-train_aten_convolution_default.py
ERROR tests/autogen_op/Unet-brain-train/test_Unet-brain-train_aten_detach_default.py
ERROR tests/autogen_op/Unet-brain-train/test_Unet-brain-train_aten_max_pool2d_with_indices_backward_default.py
ERROR tests/autogen_op/Unet-brain-train/test_Unet-brain-train_aten_max_pool2d_with_indices_default.py
ERROR tests/autogen_op/Unet-brain-train/test_Unet-brain-train_aten_native_batch_norm_backward_default.py
ERROR tests/autogen_op/Unet-brain-train/test_Unet-brain-train_aten_relu_default.py
ERROR tests/autogen_op/Unet-brain-train/test_Unet-brain-train_aten_sigmoid_backward_default.py
ERROR tests/autogen_op/Unet-brain-train/test_Unet-brain-train_aten_sigmoid_default.py
ERROR tests/autogen_op/Unet-brain-train/test_Unet-brain-train_aten_slice_Tensor.py
ERROR tests/autogen_op/Unet-brain-train/test_Unet-brain-train_aten_threshold_backward_default.py
ERROR tests/autogen_op/Unet-carvana/test_Unet-carvana_aten__native_batch_norm_legit_no_training_default.py
ERROR tests/autogen_op/Unet-carvana/test_Unet-carvana_aten_cat_default.py
ERROR tests/autogen_op/Unet-carvana/test_Unet-carvana_aten_convolution_default.py
ERROR tests/autogen_op/Unet-carvana/test_Unet-carvana_aten_max_pool2d_with_indices_default.py
ERROR tests/autogen_op/Unet-carvana/test_Unet-carvana_aten_relu_default.py
ERROR tests/autogen_op/Unet-carvana-train/test_Unet-carvana-train_aten__native_batch_norm_legit_functional_default.py
ERROR tests/autogen_op/Unet-carvana-train/test_Unet-carvana-train_aten__to_copy_default.py
ERROR tests/autogen_op/Unet-carvana-train/test_Unet-carvana-train_aten_add_Tensor.py
ERROR tests/autogen_op/Unet-carvana-train/test_Unet-carvana-train_aten_cat_default.py
ERROR tests/autogen_op/Unet-carvana-train/test_Unet-carvana-train_aten_convolution_backward_default.py
ERROR tests/autogen_op/Unet-carvana-train/test_Unet-carvana-train_aten_convolution_default.py
ERROR tests/autogen_op/Unet-carvana-train/test_Unet-carvana-train_aten_detach_default.py
ERROR tests/autogen_op/Unet-carvana-train/test_Unet-carvana-train_aten_max_pool2d_with_indices_backward_default.py
ERROR tests/autogen_op/Unet-carvana-train/test_Unet-carvana-train_aten_max_pool2d_with_indices_default.py
ERROR tests/autogen_op/Unet-carvana-train/test_Unet-carvana-train_aten_native_batch_norm_backward_default.py
ERROR tests/autogen_op/Unet-carvana-train/test_Unet-carvana-train_aten_relu_default.py
ERROR tests/autogen_op/Unet-carvana-train/test_Unet-carvana-train_aten_slice_Tensor.py
ERROR tests/autogen_op/Unet-carvana-train/test_Unet-carvana-train_aten_threshold_backward_default.py
ERROR tests/autogen_op/ViLT/test_ViLT_aten__to_copy_default.py
ERROR tests/autogen_op/ViLT/test_ViLT_aten__unsafe_index_Tensor.py
ERROR tests/autogen_op/ViLT/test_ViLT_aten_add_Tensor.py
ERROR tests/autogen_op/ViLT/test_ViLT_aten_cat_default.py
ERROR tests/autogen_op/ViLT/test_ViLT_aten_clone_default.py
ERROR tests/autogen_op/ViLT/test_ViLT_aten_convolution_default.py
ERROR tests/autogen_op/ViLT/test_ViLT_aten_embedding_default.py
ERROR tests/autogen_op/ViLT/test_ViLT_aten_expand_default.py
ERROR tests/autogen_op/ViLT/test_ViLT_aten_native_layer_norm_default.py
ERROR tests/autogen_op/ViLT/test_ViLT_aten_select_int.py
ERROR tests/autogen_op/ViLT/test_ViLT_aten_slice_Tensor.py
ERROR tests/autogen_op/ViLT/test_ViLT_aten_stack_default.py
ERROR tests/autogen_op/ViLT/test_ViLT_aten_sum_dim_IntList.py
ERROR tests/autogen_op/ViLT/test_ViLT_aten_transpose_int.py
ERROR tests/autogen_op/ViLT/test_ViLT_aten_unsqueeze_default.py
ERROR tests/autogen_op/ViLT/test_ViLT_aten_view_default.py
ERROR tests/autogen_op/Whisper/test_Whisper_aten__scaled_dot_product_flash_attention_default.py
ERROR tests/autogen_op/Whisper/test_Whisper_aten_add_Tensor.py
ERROR tests/autogen_op/Whisper/test_Whisper_aten_addmm_default.py
ERROR tests/autogen_op/Whisper/test_Whisper_aten_argmax_default.py
ERROR tests/autogen_op/Whisper/test_Whisper_aten_cat_default.py
ERROR tests/autogen_op/Whisper/test_Whisper_aten_clone_default.py
ERROR tests/autogen_op/Whisper/test_Whisper_aten_convolution_default.py
ERROR tests/autogen_op/Whisper/test_Whisper_aten_embedding_default.py
ERROR tests/autogen_op/Whisper/test_Whisper_aten_gelu_default.py
ERROR tests/autogen_op/Whisper/test_Whisper_aten_mm_default.py
ERROR tests/autogen_op/Whisper/test_Whisper_aten_native_layer_norm_default.py
ERROR tests/autogen_op/Whisper/test_Whisper_aten_permute_default.py
ERROR tests/autogen_op/Whisper/test_Whisper_aten_select_int.py
ERROR tests/autogen_op/Whisper/test_Whisper_aten_slice_Tensor.py
ERROR tests/autogen_op/Whisper/test_Whisper_aten_t_default.py
ERROR tests/autogen_op/Whisper/test_Whisper_aten_transpose_int.py
ERROR tests/autogen_op/Whisper/test_Whisper_aten_view_default.py
ERROR tests/autogen_op/XGLM/test_XGLM_aten__log_softmax_default.py
ERROR tests/autogen_op/XGLM/test_XGLM_aten__softmax_default.py
ERROR tests/autogen_op/XGLM/test_XGLM_aten__to_copy_default.py
ERROR tests/autogen_op/XGLM/test_XGLM_aten__unsafe_view_default.py
ERROR tests/autogen_op/XGLM/test_XGLM_aten_add_Tensor.py
ERROR tests/autogen_op/XGLM/test_XGLM_aten_addmm_default.py
ERROR tests/autogen_op/XGLM/test_XGLM_aten_bmm_default.py
ERROR tests/autogen_op/XGLM/test_XGLM_aten_clone_default.py
ERROR tests/autogen_op/XGLM/test_XGLM_aten_detach_default.py
ERROR tests/autogen_op/XGLM/test_XGLM_aten_embedding_default.py
ERROR tests/autogen_op/XGLM/test_XGLM_aten_expand_default.py
ERROR tests/autogen_op/XGLM/test_XGLM_aten_full_default.py
ERROR tests/autogen_op/XGLM/test_XGLM_aten_gelu_default.py
ERROR tests/autogen_op/XGLM/test_XGLM_aten_index_select_default.py
ERROR tests/autogen_op/XGLM/test_XGLM_aten_masked_fill_Scalar.py
ERROR tests/autogen_op/XGLM/test_XGLM_aten_maximum_default.py
ERROR tests/autogen_op/XGLM/test_XGLM_aten_mm_default.py
ERROR tests/autogen_op/XGLM/test_XGLM_aten_mul_Tensor.py
ERROR tests/autogen_op/XGLM/test_XGLM_aten_native_layer_norm_default.py
ERROR tests/autogen_op/XGLM/test_XGLM_aten_new_zeros_default.py
ERROR tests/autogen_op/XGLM/test_XGLM_aten_nll_loss_forward_default.py
ERROR tests/autogen_op/XGLM/test_XGLM_aten_rsub_Scalar.py
ERROR tests/autogen_op/XGLM/test_XGLM_aten_slice_Tensor.py
ERROR tests/autogen_op/XGLM/test_XGLM_aten_squeeze_dim.py
ERROR tests/autogen_op/XGLM/test_XGLM_aten_t_default.py
ERROR tests/autogen_op/XGLM/test_XGLM_aten_transpose_int.py
ERROR tests/autogen_op/XGLM/test_XGLM_aten_unsqueeze_default.py
ERROR tests/autogen_op/XGLM/test_XGLM_aten_view_default.py
ERROR tests/autogen_op/YOLOS/test_YOLOS_aten__softmax_default.py
ERROR tests/autogen_op/YOLOS/test_YOLOS_aten__to_copy_default.py
ERROR tests/autogen_op/YOLOS/test_YOLOS_aten__unsafe_index_Tensor.py
ERROR tests/autogen_op/YOLOS/test_YOLOS_aten_add_Tensor.py
ERROR tests/autogen_op/YOLOS/test_YOLOS_aten_addmm_default.py
ERROR tests/autogen_op/YOLOS/test_YOLOS_aten_bmm_default.py
ERROR tests/autogen_op/YOLOS/test_YOLOS_aten_cat_default.py
ERROR tests/autogen_op/YOLOS/test_YOLOS_aten_clamp_default.py
ERROR tests/autogen_op/YOLOS/test_YOLOS_aten_clone_default.py
ERROR tests/autogen_op/YOLOS/test_YOLOS_aten_convolution_default.py
ERROR tests/autogen_op/YOLOS/test_YOLOS_aten_div_Tensor.py
ERROR tests/autogen_op/YOLOS/test_YOLOS_aten_expand_default.py
ERROR tests/autogen_op/YOLOS/test_YOLOS_aten_floor_default.py
ERROR tests/autogen_op/YOLOS/test_YOLOS_aten_gelu_default.py
ERROR tests/autogen_op/YOLOS/test_YOLOS_aten_mul_Tensor.py
ERROR tests/autogen_op/YOLOS/test_YOLOS_aten_native_layer_norm_default.py
ERROR tests/autogen_op/YOLOS/test_YOLOS_aten_permute_default.py
ERROR tests/autogen_op/YOLOS/test_YOLOS_aten_relu_default.py
ERROR tests/autogen_op/YOLOS/test_YOLOS_aten_rsub_Scalar.py
ERROR tests/autogen_op/YOLOS/test_YOLOS_aten_select_int.py
ERROR tests/autogen_op/YOLOS/test_YOLOS_aten_sigmoid_default.py
ERROR tests/autogen_op/YOLOS/test_YOLOS_aten_slice_Tensor.py
ERROR tests/autogen_op/YOLOS/test_YOLOS_aten_sub_Tensor.py
ERROR tests/autogen_op/YOLOS/test_YOLOS_aten_t_default.py
ERROR tests/autogen_op/YOLOS/test_YOLOS_aten_transpose_int.py
ERROR tests/autogen_op/YOLOS/test_YOLOS_aten_unsqueeze_default.py
ERROR tests/autogen_op/YOLOS/test_YOLOS_aten_view_default.py
ERROR tests/autogen_op/YOLOv3/test_YOLOv3_aten__native_batch_norm_legit_no_training_default.py
ERROR tests/autogen_op/YOLOv3/test_YOLOv3_aten__to_copy_default.py
ERROR tests/autogen_op/YOLOv3/test_YOLOv3_aten__unsafe_index_Tensor.py
ERROR tests/autogen_op/YOLOv3/test_YOLOv3_aten_add_Tensor.py
ERROR tests/autogen_op/YOLOv3/test_YOLOv3_aten_cat_default.py
ERROR tests/autogen_op/YOLOv3/test_YOLOv3_aten_convolution_default.py
ERROR tests/autogen_op/YOLOv3/test_YOLOv3_aten_leaky_relu_default.py
ERROR tests/autogen_op/YOLOv5/test_YOLOv5_aten__native_batch_norm_legit_no_training_default.py
ERROR tests/autogen_op/YOLOv5/test_YOLOv5_aten_convolution_default.py
ERROR tests/autogen_op/YOLOv5/test_YOLOv5_aten_silu_default.py
ERROR tests/autogen_op/albert/albert-base-v2/test_albert_albert-base-v2_aten__softmax_default.py
ERROR tests/autogen_op/albert/albert-base-v2/test_albert_albert-base-v2_aten__to_copy_default.py
ERROR tests/autogen_op/albert/albert-base-v2/test_albert_albert-base-v2_aten__unsafe_view_default.py
ERROR tests/autogen_op/albert/albert-base-v2/test_albert_albert-base-v2_aten_add_Tensor.py
ERROR tests/autogen_op/albert/albert-base-v2/test_albert_albert-base-v2_aten_addmm_default.py
ERROR tests/autogen_op/albert/albert-base-v2/test_albert_albert-base-v2_aten_bmm_default.py
ERROR tests/autogen_op/albert/albert-base-v2/test_albert_albert-base-v2_aten_clone_default.py
ERROR tests/autogen_op/albert/albert-base-v2/test_albert_albert-base-v2_aten_div_Tensor.py
ERROR tests/autogen_op/albert/albert-base-v2/test_albert_albert-base-v2_aten_embedding_default.py
ERROR tests/autogen_op/albert/albert-base-v2/test_albert_albert-base-v2_aten_expand_default.py
ERROR tests/autogen_op/albert/albert-base-v2/test_albert_albert-base-v2_aten_mul_Tensor.py
ERROR tests/autogen_op/albert/albert-base-v2/test_albert_albert-base-v2_aten_native_layer_norm_default.py
ERROR tests/autogen_op/albert/albert-base-v2/test_albert_albert-base-v2_aten_permute_default.py
ERROR tests/autogen_op/albert/albert-base-v2/test_albert_albert-base-v2_aten_pow_Tensor_Scalar.py
ERROR tests/autogen_op/albert/albert-base-v2/test_albert_albert-base-v2_aten_rsub_Scalar.py
ERROR tests/autogen_op/albert/albert-base-v2/test_albert_albert-base-v2_aten_slice_Tensor.py
ERROR tests/autogen_op/albert/albert-base-v2/test_albert_albert-base-v2_aten_t_default.py
ERROR tests/autogen_op/albert/albert-base-v2/test_albert_albert-base-v2_aten_tanh_default.py
ERROR tests/autogen_op/albert/albert-base-v2/test_albert_albert-base-v2_aten_transpose_int.py
ERROR tests/autogen_op/albert/albert-base-v2/test_albert_albert-base-v2_aten_unsqueeze_default.py
ERROR tests/autogen_op/albert/albert-base-v2/test_albert_albert-base-v2_aten_view_default.py
ERROR tests/autogen_op/albert/albert-base-v2-classification/test_albert_albert-base-v2-classification_aten__softmax_default.py
ERROR tests/autogen_op/albert/albert-base-v2-classification/test_albert_albert-base-v2-classification_aten__to_copy_default.py
ERROR tests/autogen_op/albert/albert-base-v2-classification/test_albert_albert-base-v2-classification_aten__unsafe_view_default.py
ERROR tests/autogen_op/albert/albert-base-v2-classification/test_albert_albert-base-v2-classification_aten_add_Tensor.py
ERROR tests/autogen_op/albert/albert-base-v2-classification/test_albert_albert-base-v2-classification_aten_addmm_default.py
ERROR tests/autogen_op/albert/albert-base-v2-classification/test_albert_albert-base-v2-classification_aten_bmm_default.py
ERROR tests/autogen_op/albert/albert-base-v2-classification/test_albert_albert-base-v2-classification_aten_clone_default.py
ERROR tests/autogen_op/albert/albert-base-v2-classification/test_albert_albert-base-v2-classification_aten_div_Tensor.py
ERROR tests/autogen_op/albert/albert-base-v2-classification/test_albert_albert-base-v2-classification_aten_embedding_default.py
ERROR tests/autogen_op/albert/albert-base-v2-classification/test_albert_albert-base-v2-classification_aten_expand_default.py
ERROR tests/autogen_op/albert/albert-base-v2-classification/test_albert_albert-base-v2-classification_aten_mul_Tensor.py
ERROR tests/autogen_op/albert/albert-base-v2-classification/test_albert_albert-base-v2-classification_aten_native_layer_norm_default.py
ERROR tests/autogen_op/albert/albert-base-v2-classification/test_albert_albert-base-v2-classification_aten_permute_default.py
ERROR tests/autogen_op/albert/albert-base-v2-classification/test_albert_albert-base-v2-classification_aten_pow_Tensor_Scalar.py
ERROR tests/autogen_op/albert/albert-base-v2-classification/test_albert_albert-base-v2-classification_aten_rsub_Scalar.py
ERROR tests/autogen_op/albert/albert-base-v2-classification/test_albert_albert-base-v2-classification_aten_slice_Tensor.py
ERROR tests/autogen_op/albert/albert-base-v2-classification/test_albert_albert-base-v2-classification_aten_t_default.py
ERROR tests/autogen_op/albert/albert-base-v2-classification/test_albert_albert-base-v2-classification_aten_tanh_default.py
ERROR tests/autogen_op/albert/albert-base-v2-classification/test_albert_albert-base-v2-classification_aten_transpose_int.py
ERROR tests/autogen_op/albert/albert-base-v2-classification/test_albert_albert-base-v2-classification_aten_unsqueeze_default.py
ERROR tests/autogen_op/albert/albert-base-v2-classification/test_albert_albert-base-v2-classification_aten_view_default.py
ERROR tests/autogen_op/albert/albert-large-v2/test_albert_albert-large-v2_aten__softmax_default.py
ERROR tests/autogen_op/albert/albert-large-v2/test_albert_albert-large-v2_aten__to_copy_default.py
ERROR tests/autogen_op/albert/albert-large-v2/test_albert_albert-large-v2_aten__unsafe_view_default.py
ERROR tests/autogen_op/albert/albert-large-v2/test_albert_albert-large-v2_aten_add_Tensor.py
ERROR tests/autogen_op/albert/albert-large-v2/test_albert_albert-large-v2_aten_addmm_default.py
ERROR tests/autogen_op/albert/albert-large-v2/test_albert_albert-large-v2_aten_bmm_default.py
ERROR tests/autogen_op/albert/albert-large-v2/test_albert_albert-large-v2_aten_clone_default.py
ERROR tests/autogen_op/albert/albert-large-v2/test_albert_albert-large-v2_aten_div_Tensor.py
ERROR tests/autogen_op/albert/albert-large-v2/test_albert_albert-large-v2_aten_embedding_default.py
ERROR tests/autogen_op/albert/albert-large-v2/test_albert_albert-large-v2_aten_expand_default.py
ERROR tests/autogen_op/albert/albert-large-v2/test_albert_albert-large-v2_aten_mul_Tensor.py
ERROR tests/autogen_op/albert/albert-large-v2/test_albert_albert-large-v2_aten_native_layer_norm_default.py
ERROR tests/autogen_op/albert/albert-large-v2/test_albert_albert-large-v2_aten_permute_default.py
ERROR tests/autogen_op/albert/albert-large-v2/test_albert_albert-large-v2_aten_pow_Tensor_Scalar.py
ERROR tests/autogen_op/albert/albert-large-v2/test_albert_albert-large-v2_aten_rsub_Scalar.py
ERROR tests/autogen_op/albert/albert-large-v2/test_albert_albert-large-v2_aten_slice_Tensor.py
ERROR tests/autogen_op/albert/albert-large-v2/test_albert_albert-large-v2_aten_t_default.py
ERROR tests/autogen_op/albert/albert-large-v2/test_albert_albert-large-v2_aten_tanh_default.py
ERROR tests/autogen_op/albert/albert-large-v2/test_albert_albert-large-v2_aten_transpose_int.py
ERROR tests/autogen_op/albert/albert-large-v2/test_albert_albert-large-v2_aten_unsqueeze_default.py
ERROR tests/autogen_op/albert/albert-large-v2/test_albert_albert-large-v2_aten_view_default.py
ERROR tests/autogen_op/albert/albert-xlarge-v2/test_albert_albert-xlarge-v2_aten__softmax_default.py
ERROR tests/autogen_op/albert/albert-xlarge-v2/test_albert_albert-xlarge-v2_aten__to_copy_default.py
ERROR tests/autogen_op/albert/albert-xlarge-v2/test_albert_albert-xlarge-v2_aten__unsafe_view_default.py
ERROR tests/autogen_op/albert/albert-xlarge-v2/test_albert_albert-xlarge-v2_aten_add_Tensor.py
ERROR tests/autogen_op/albert/albert-xlarge-v2/test_albert_albert-xlarge-v2_aten_addmm_default.py
ERROR tests/autogen_op/albert/albert-xlarge-v2/test_albert_albert-xlarge-v2_aten_bmm_default.py
ERROR tests/autogen_op/albert/albert-xlarge-v2/test_albert_albert-xlarge-v2_aten_clone_default.py
ERROR tests/autogen_op/albert/albert-xlarge-v2/test_albert_albert-xlarge-v2_aten_div_Tensor.py
ERROR tests/autogen_op/albert/albert-xlarge-v2/test_albert_albert-xlarge-v2_aten_embedding_default.py
ERROR tests/autogen_op/albert/albert-xlarge-v2/test_albert_albert-xlarge-v2_aten_expand_default.py
ERROR tests/autogen_op/albert/albert-xlarge-v2/test_albert_albert-xlarge-v2_aten_mul_Tensor.py
ERROR tests/autogen_op/albert/albert-xlarge-v2/test_albert_albert-xlarge-v2_aten_native_layer_norm_default.py
ERROR tests/autogen_op/albert/albert-xlarge-v2/test_albert_albert-xlarge-v2_aten_permute_default.py
ERROR tests/autogen_op/albert/albert-xlarge-v2/test_albert_albert-xlarge-v2_aten_pow_Tensor_Scalar.py
ERROR tests/autogen_op/albert/albert-xlarge-v2/test_albert_albert-xlarge-v2_aten_rsub_Scalar.py
ERROR tests/autogen_op/albert/albert-xlarge-v2/test_albert_albert-xlarge-v2_aten_slice_Tensor.py
ERROR tests/autogen_op/albert/albert-xlarge-v2/test_albert_albert-xlarge-v2_aten_t_default.py
ERROR tests/autogen_op/albert/albert-xlarge-v2/test_albert_albert-xlarge-v2_aten_tanh_default.py
ERROR tests/autogen_op/albert/albert-xlarge-v2/test_albert_albert-xlarge-v2_aten_transpose_int.py
ERROR tests/autogen_op/albert/albert-xlarge-v2/test_albert_albert-xlarge-v2_aten_unsqueeze_default.py
ERROR tests/autogen_op/albert/albert-xlarge-v2/test_albert_albert-xlarge-v2_aten_view_default.py
ERROR tests/autogen_op/albert/albert-xxlarge-v2/test_albert_albert-xxlarge-v2_aten__softmax_default.py
ERROR tests/autogen_op/albert/albert-xxlarge-v2/test_albert_albert-xxlarge-v2_aten__to_copy_default.py
ERROR tests/autogen_op/albert/albert-xxlarge-v2/test_albert_albert-xxlarge-v2_aten__unsafe_view_default.py
ERROR tests/autogen_op/albert/albert-xxlarge-v2/test_albert_albert-xxlarge-v2_aten_add_Tensor.py
ERROR tests/autogen_op/albert/albert-xxlarge-v2/test_albert_albert-xxlarge-v2_aten_addmm_default.py
ERROR tests/autogen_op/albert/albert-xxlarge-v2/test_albert_albert-xxlarge-v2_aten_bmm_default.py
ERROR tests/autogen_op/albert/albert-xxlarge-v2/test_albert_albert-xxlarge-v2_aten_clone_default.py
ERROR tests/autogen_op/albert/albert-xxlarge-v2/test_albert_albert-xxlarge-v2_aten_div_Tensor.py
ERROR tests/autogen_op/albert/albert-xxlarge-v2/test_albert_albert-xxlarge-v2_aten_embedding_default.py
ERROR tests/autogen_op/albert/albert-xxlarge-v2/test_albert_albert-xxlarge-v2_aten_expand_default.py
ERROR tests/autogen_op/albert/albert-xxlarge-v2/test_albert_albert-xxlarge-v2_aten_mul_Tensor.py
ERROR tests/autogen_op/albert/albert-xxlarge-v2/test_albert_albert-xxlarge-v2_aten_native_layer_norm_default.py
ERROR tests/autogen_op/albert/albert-xxlarge-v2/test_albert_albert-xxlarge-v2_aten_permute_default.py
ERROR tests/autogen_op/albert/albert-xxlarge-v2/test_albert_albert-xxlarge-v2_aten_pow_Tensor_Scalar.py
ERROR tests/autogen_op/albert/albert-xxlarge-v2/test_albert_albert-xxlarge-v2_aten_rsub_Scalar.py
ERROR tests/autogen_op/albert/albert-xxlarge-v2/test_albert_albert-xxlarge-v2_aten_slice_Tensor.py
ERROR tests/autogen_op/albert/albert-xxlarge-v2/test_albert_albert-xxlarge-v2_aten_t_default.py
ERROR tests/autogen_op/albert/albert-xxlarge-v2/test_albert_albert-xxlarge-v2_aten_tanh_default.py
ERROR tests/autogen_op/albert/albert-xxlarge-v2/test_albert_albert-xxlarge-v2_aten_transpose_int.py
ERROR tests/autogen_op/albert/albert-xxlarge-v2/test_albert_albert-xxlarge-v2_aten_unsqueeze_default.py
ERROR tests/autogen_op/albert/albert-xxlarge-v2/test_albert_albert-xxlarge-v2_aten_view_default.py
ERROR tests/autogen_op/codegen/test_codegen_aten__softmax_default.py
ERROR tests/autogen_op/codegen/test_codegen_aten__to_copy_default.py
ERROR tests/autogen_op/codegen/test_codegen_aten__unsafe_view_default.py
ERROR tests/autogen_op/codegen/test_codegen_aten_add_Tensor.py
ERROR tests/autogen_op/codegen/test_codegen_aten_addmm_default.py
ERROR tests/autogen_op/codegen/test_codegen_aten_bmm_default.py
ERROR tests/autogen_op/codegen/test_codegen_aten_cat_default.py
ERROR tests/autogen_op/codegen/test_codegen_aten_clone_default.py
ERROR tests/autogen_op/codegen/test_codegen_aten_cumsum_default.py
ERROR tests/autogen_op/codegen/test_codegen_aten_div_Tensor.py
ERROR tests/autogen_op/codegen/test_codegen_aten_embedding_default.py
ERROR tests/autogen_op/codegen/test_codegen_aten_eq_Scalar.py
ERROR tests/autogen_op/codegen/test_codegen_aten_expand_default.py
ERROR tests/autogen_op/codegen/test_codegen_aten_gt_Scalar.py
ERROR tests/autogen_op/codegen/test_codegen_aten_index_Tensor.py
ERROR tests/autogen_op/codegen/test_codegen_aten_mm_default.py
ERROR tests/autogen_op/codegen/test_codegen_aten_mul_Tensor.py
ERROR tests/autogen_op/codegen/test_codegen_aten_native_layer_norm_default.py
ERROR tests/autogen_op/codegen/test_codegen_aten_neg_default.py
ERROR tests/autogen_op/codegen/test_codegen_aten_new_ones_default.py
ERROR tests/autogen_op/codegen/test_codegen_aten_permute_default.py
ERROR tests/autogen_op/codegen/test_codegen_aten_pow_Tensor_Scalar.py
ERROR tests/autogen_op/codegen/test_codegen_aten_rsub_Scalar.py
ERROR tests/autogen_op/codegen/test_codegen_aten_select_int.py
ERROR tests/autogen_op/codegen/test_codegen_aten_slice_Tensor.py
ERROR tests/autogen_op/codegen/test_codegen_aten_split_Tensor.py
ERROR tests/autogen_op/codegen/test_codegen_aten_stack_default.py
ERROR tests/autogen_op/codegen/test_codegen_aten_sub_Tensor.py
ERROR tests/autogen_op/codegen/test_codegen_aten_sum_default.py
ERROR tests/autogen_op/codegen/test_codegen_aten_sym_size_int.py
ERROR tests/autogen_op/codegen/test_codegen_aten_t_default.py
ERROR tests/autogen_op/codegen/test_codegen_aten_tanh_default.py
ERROR tests/autogen_op/codegen/test_codegen_aten_transpose_int.py
ERROR tests/autogen_op/codegen/test_codegen_aten_unsqueeze_default.py
ERROR tests/autogen_op/codegen/test_codegen_aten_view_default.py
ERROR tests/autogen_op/codegen/test_codegen_aten_where_self.py
ERROR tests/autogen_op/densenet121/test_densenet121_aten__native_batch_norm_legit_no_training_default.py
ERROR tests/autogen_op/densenet121/test_densenet121_aten_addmm_default.py
ERROR tests/autogen_op/densenet121/test_densenet121_aten_avg_pool2d_default.py
ERROR tests/autogen_op/densenet121/test_densenet121_aten_cat_default.py
ERROR tests/autogen_op/densenet121/test_densenet121_aten_convolution_default.py
ERROR tests/autogen_op/densenet121/test_densenet121_aten_max_pool2d_with_indices_default.py
ERROR tests/autogen_op/densenet121/test_densenet121_aten_mean_dim.py
ERROR tests/autogen_op/densenet121/test_densenet121_aten_relu_default.py
ERROR tests/autogen_op/densenet121/test_densenet121_aten_t_default.py
ERROR tests/autogen_op/densenet121/test_densenet121_aten_view_default.py
ERROR tests/autogen_op/densenet161/test_densenet161_aten__native_batch_norm_legit_no_training_default.py
ERROR tests/autogen_op/densenet161/test_densenet161_aten_addmm_default.py
ERROR tests/autogen_op/densenet161/test_densenet161_aten_avg_pool2d_default.py
ERROR tests/autogen_op/densenet161/test_densenet161_aten_cat_default.py
ERROR tests/autogen_op/densenet161/test_densenet161_aten_convolution_default.py
ERROR tests/autogen_op/densenet161/test_densenet161_aten_max_pool2d_with_indices_default.py
ERROR tests/autogen_op/densenet161/test_densenet161_aten_mean_dim.py
ERROR tests/autogen_op/densenet161/test_densenet161_aten_relu_default.py
ERROR tests/autogen_op/densenet161/test_densenet161_aten_t_default.py
ERROR tests/autogen_op/densenet161/test_densenet161_aten_view_default.py
ERROR tests/autogen_op/densenet169/test_densenet169_aten__native_batch_norm_legit_no_training_default.py
ERROR tests/autogen_op/densenet169/test_densenet169_aten_addmm_default.py
ERROR tests/autogen_op/densenet169/test_densenet169_aten_avg_pool2d_default.py
ERROR tests/autogen_op/densenet169/test_densenet169_aten_cat_default.py
ERROR tests/autogen_op/densenet169/test_densenet169_aten_convolution_default.py
ERROR tests/autogen_op/densenet169/test_densenet169_aten_max_pool2d_with_indices_default.py
ERROR tests/autogen_op/densenet169/test_densenet169_aten_mean_dim.py
ERROR tests/autogen_op/densenet169/test_densenet169_aten_relu_default.py
ERROR tests/autogen_op/densenet169/test_densenet169_aten_t_default.py
ERROR tests/autogen_op/densenet169/test_densenet169_aten_view_default.py
ERROR tests/autogen_op/densenet201/test_densenet201_aten__native_batch_norm_legit_no_training_default.py
ERROR tests/autogen_op/densenet201/test_densenet201_aten_addmm_default.py
ERROR tests/autogen_op/densenet201/test_densenet201_aten_avg_pool2d_default.py
ERROR tests/autogen_op/densenet201/test_densenet201_aten_cat_default.py
ERROR tests/autogen_op/densenet201/test_densenet201_aten_convolution_default.py
ERROR tests/autogen_op/densenet201/test_densenet201_aten_max_pool2d_with_indices_default.py
ERROR tests/autogen_op/densenet201/test_densenet201_aten_mean_dim.py
ERROR tests/autogen_op/densenet201/test_densenet201_aten_relu_default.py
ERROR tests/autogen_op/densenet201/test_densenet201_aten_t_default.py
ERROR tests/autogen_op/densenet201/test_densenet201_aten_view_default.py
ERROR tests/autogen_op/distilbert-base-uncased/test_distilbert-base-uncased_aten__softmax_default.py
ERROR tests/autogen_op/distilbert-base-uncased/test_distilbert-base-uncased_aten_add_Tensor.py
ERROR tests/autogen_op/distilbert-base-uncased/test_distilbert-base-uncased_aten_addmm_default.py
ERROR tests/autogen_op/distilbert-base-uncased/test_distilbert-base-uncased_aten_bmm_default.py
ERROR tests/autogen_op/distilbert-base-uncased/test_distilbert-base-uncased_aten_clone_default.py
ERROR tests/autogen_op/distilbert-base-uncased/test_distilbert-base-uncased_aten_div_Tensor.py
ERROR tests/autogen_op/distilbert-base-uncased/test_distilbert-base-uncased_aten_embedding_default.py
ERROR tests/autogen_op/distilbert-base-uncased/test_distilbert-base-uncased_aten_eq_Scalar.py
ERROR tests/autogen_op/distilbert-base-uncased/test_distilbert-base-uncased_aten_expand_default.py
ERROR tests/autogen_op/distilbert-base-uncased/test_distilbert-base-uncased_aten_gelu_default.py
ERROR tests/autogen_op/distilbert-base-uncased/test_distilbert-base-uncased_aten_masked_fill_Tensor.py
ERROR tests/autogen_op/distilbert-base-uncased/test_distilbert-base-uncased_aten_native_layer_norm_default.py
ERROR tests/autogen_op/distilbert-base-uncased/test_distilbert-base-uncased_aten_slice_Tensor.py
ERROR tests/autogen_op/distilbert-base-uncased/test_distilbert-base-uncased_aten_t_default.py
ERROR tests/autogen_op/distilbert-base-uncased/test_distilbert-base-uncased_aten_transpose_int.py
ERROR tests/autogen_op/distilbert-base-uncased/test_distilbert-base-uncased_aten_view_default.py
ERROR tests/autogen_op/dla34_in1k/test_dla34_in1k_aten__native_batch_norm_legit_no_training_default.py
ERROR tests/autogen_op/dla34_in1k/test_dla34_in1k_aten_add_Tensor.py
ERROR tests/autogen_op/dla34_in1k/test_dla34_in1k_aten_cat_default.py
ERROR tests/autogen_op/dla34_in1k/test_dla34_in1k_aten_clone_default.py
ERROR tests/autogen_op/dla34_in1k/test_dla34_in1k_aten_convolution_default.py
ERROR tests/autogen_op/dla34_in1k/test_dla34_in1k_aten_max_pool2d_with_indices_default.py
ERROR tests/autogen_op/dla34_in1k/test_dla34_in1k_aten_mean_dim.py
ERROR tests/autogen_op/dla34_in1k/test_dla34_in1k_aten_relu_default.py
ERROR tests/autogen_op/dla34_in1k/test_dla34_in1k_aten_view_default.py
ERROR tests/autogen_op/dla34_in1k-train/test_dla34_in1k-train_aten__native_batch_norm_legit_functional_default.py
ERROR tests/autogen_op/dla34_in1k-train/test_dla34_in1k-train_aten__to_copy_default.py
ERROR tests/autogen_op/dla34_in1k-train/test_dla34_in1k-train_aten_add_Tensor.py
ERROR tests/autogen_op/dla34_in1k-train/test_dla34_in1k-train_aten_cat_default.py
ERROR tests/autogen_op/dla34_in1k-train/test_dla34_in1k-train_aten_clone_default.py
ERROR tests/autogen_op/dla34_in1k-train/test_dla34_in1k-train_aten_convolution_backward_default.py
ERROR tests/autogen_op/dla34_in1k-train/test_dla34_in1k-train_aten_convolution_default.py
ERROR tests/autogen_op/dla34_in1k-train/test_dla34_in1k-train_aten_detach_default.py
ERROR tests/autogen_op/dla34_in1k-train/test_dla34_in1k-train_aten_div_Scalar.py
ERROR tests/autogen_op/dla34_in1k-train/test_dla34_in1k-train_aten_expand_default.py
ERROR tests/autogen_op/dla34_in1k-train/test_dla34_in1k-train_aten_max_pool2d_with_indices_backward_default.py
ERROR tests/autogen_op/dla34_in1k-train/test_dla34_in1k-train_aten_max_pool2d_with_indices_default.py
ERROR tests/autogen_op/dla34_in1k-train/test_dla34_in1k-train_aten_mean_dim.py
ERROR tests/autogen_op/dla34_in1k-train/test_dla34_in1k-train_aten_native_batch_norm_backward_default.py
ERROR tests/autogen_op/dla34_in1k-train/test_dla34_in1k-train_aten_relu_default.py
ERROR tests/autogen_op/dla34_in1k-train/test_dla34_in1k-train_aten_slice_Tensor.py
ERROR tests/autogen_op/dla34_in1k-train/test_dla34_in1k-train_aten_threshold_backward_default.py
ERROR tests/autogen_op/dla34_in1k-train/test_dla34_in1k-train_aten_view_default.py
ERROR tests/autogen_op/ese_vovnet19b_dw_ra_in1k/test_ese_vovnet19b_dw_ra_in1k_aten__native_batch_norm_legit_no_training_default.py
ERROR tests/autogen_op/ese_vovnet19b_dw_ra_in1k/test_ese_vovnet19b_dw_ra_in1k_aten_addmm_default.py
ERROR tests/autogen_op/ese_vovnet19b_dw_ra_in1k/test_ese_vovnet19b_dw_ra_in1k_aten_cat_default.py
ERROR tests/autogen_op/ese_vovnet19b_dw_ra_in1k/test_ese_vovnet19b_dw_ra_in1k_aten_clone_default.py
ERROR tests/autogen_op/ese_vovnet19b_dw_ra_in1k/test_ese_vovnet19b_dw_ra_in1k_aten_convolution_default.py
ERROR tests/autogen_op/ese_vovnet19b_dw_ra_in1k/test_ese_vovnet19b_dw_ra_in1k_aten_hardsigmoid_default.py
ERROR tests/autogen_op/ese_vovnet19b_dw_ra_in1k/test_ese_vovnet19b_dw_ra_in1k_aten_max_pool2d_with_indices_default.py
ERROR tests/autogen_op/ese_vovnet19b_dw_ra_in1k/test_ese_vovnet19b_dw_ra_in1k_aten_mean_dim.py
ERROR tests/autogen_op/ese_vovnet19b_dw_ra_in1k/test_ese_vovnet19b_dw_ra_in1k_aten_mul_Tensor.py
ERROR tests/autogen_op/ese_vovnet19b_dw_ra_in1k/test_ese_vovnet19b_dw_ra_in1k_aten_relu_default.py
ERROR tests/autogen_op/ese_vovnet19b_dw_ra_in1k/test_ese_vovnet19b_dw_ra_in1k_aten_t_default.py
ERROR tests/autogen_op/ese_vovnet19b_dw_ra_in1k/test_ese_vovnet19b_dw_ra_in1k_aten_view_default.py
ERROR tests/autogen_op/ese_vovnet19b_dw_ra_in1k-train/test_ese_vovnet19b_dw_ra_in1k-train_aten__native_batch_norm_legit_functional_default.py
ERROR tests/autogen_op/ese_vovnet19b_dw_ra_in1k-train/test_ese_vovnet19b_dw_ra_in1k-train_aten__to_copy_default.py
ERROR tests/autogen_op/ese_vovnet19b_dw_ra_in1k-train/test_ese_vovnet19b_dw_ra_in1k-train_aten_add_Tensor.py
ERROR tests/autogen_op/ese_vovnet19b_dw_ra_in1k-train/test_ese_vovnet19b_dw_ra_in1k-train_aten_addmm_default.py
ERROR tests/autogen_op/ese_vovnet19b_dw_ra_in1k-train/test_ese_vovnet19b_dw_ra_in1k-train_aten_cat_default.py
ERROR tests/autogen_op/ese_vovnet19b_dw_ra_in1k-train/test_ese_vovnet19b_dw_ra_in1k-train_aten_clone_default.py
ERROR tests/autogen_op/ese_vovnet19b_dw_ra_in1k-train/test_ese_vovnet19b_dw_ra_in1k-train_aten_convolution_backward_default.py
ERROR tests/autogen_op/ese_vovnet19b_dw_ra_in1k-train/test_ese_vovnet19b_dw_ra_in1k-train_aten_convolution_default.py
ERROR tests/autogen_op/ese_vovnet19b_dw_ra_in1k-train/test_ese_vovnet19b_dw_ra_in1k-train_aten_detach_default.py
ERROR tests/autogen_op/ese_vovnet19b_dw_ra_in1k-train/test_ese_vovnet19b_dw_ra_in1k-train_aten_div_Scalar.py
ERROR tests/autogen_op/ese_vovnet19b_dw_ra_in1k-train/test_ese_vovnet19b_dw_ra_in1k-train_aten_expand_default.py
ERROR tests/autogen_op/ese_vovnet19b_dw_ra_in1k-train/test_ese_vovnet19b_dw_ra_in1k-train_aten_hardsigmoid_backward_default.py
ERROR tests/autogen_op/ese_vovnet19b_dw_ra_in1k-train/test_ese_vovnet19b_dw_ra_in1k-train_aten_hardsigmoid_default.py
ERROR tests/autogen_op/ese_vovnet19b_dw_ra_in1k-train/test_ese_vovnet19b_dw_ra_in1k-train_aten_max_pool2d_with_indices_backward_default.py
ERROR tests/autogen_op/ese_vovnet19b_dw_ra_in1k-train/test_ese_vovnet19b_dw_ra_in1k-train_aten_max_pool2d_with_indices_default.py
ERROR tests/autogen_op/ese_vovnet19b_dw_ra_in1k-train/test_ese_vovnet19b_dw_ra_in1k-train_aten_mean_dim.py
ERROR tests/autogen_op/ese_vovnet19b_dw_ra_in1k-train/test_ese_vovnet19b_dw_ra_in1k-train_aten_mm_default.py
ERROR tests/autogen_op/ese_vovnet19b_dw_ra_in1k-train/test_ese_vovnet19b_dw_ra_in1k-train_aten_mul_Tensor.py
ERROR tests/autogen_op/ese_vovnet19b_dw_ra_in1k-train/test_ese_vovnet19b_dw_ra_in1k-train_aten_native_batch_norm_backward_default.py
ERROR tests/autogen_op/ese_vovnet19b_dw_ra_in1k-train/test_ese_vovnet19b_dw_ra_in1k-train_aten_relu_default.py
ERROR tests/autogen_op/ese_vovnet19b_dw_ra_in1k-train/test_ese_vovnet19b_dw_ra_in1k-train_aten_slice_Tensor.py
ERROR tests/autogen_op/ese_vovnet19b_dw_ra_in1k-train/test_ese_vovnet19b_dw_ra_in1k-train_aten_sum_dim_IntList.py
ERROR tests/autogen_op/ese_vovnet19b_dw_ra_in1k-train/test_ese_vovnet19b_dw_ra_in1k-train_aten_t_default.py
ERROR tests/autogen_op/ese_vovnet19b_dw_ra_in1k-train/test_ese_vovnet19b_dw_ra_in1k-train_aten_threshold_backward_default.py
ERROR tests/autogen_op/ese_vovnet19b_dw_ra_in1k-train/test_ese_vovnet19b_dw_ra_in1k-train_aten_view_default.py
ERROR tests/autogen_op/facebook/deit-base-patch16-224/test_facebook_deit-base-patch16-224_aten__softmax_default.py
ERROR tests/autogen_op/facebook/deit-base-patch16-224/test_facebook_deit-base-patch16-224_aten_add_Tensor.py
ERROR tests/autogen_op/facebook/deit-base-patch16-224/test_facebook_deit-base-patch16-224_aten_addmm_default.py
ERROR tests/autogen_op/facebook/deit-base-patch16-224/test_facebook_deit-base-patch16-224_aten_bmm_default.py
ERROR tests/autogen_op/facebook/deit-base-patch16-224/test_facebook_deit-base-patch16-224_aten_cat_default.py
ERROR tests/autogen_op/facebook/deit-base-patch16-224/test_facebook_deit-base-patch16-224_aten_clone_default.py
ERROR tests/autogen_op/facebook/deit-base-patch16-224/test_facebook_deit-base-patch16-224_aten_convolution_default.py
ERROR tests/autogen_op/facebook/deit-base-patch16-224/test_facebook_deit-base-patch16-224_aten_div_Tensor.py
ERROR tests/autogen_op/facebook/deit-base-patch16-224/test_facebook_deit-base-patch16-224_aten_expand_default.py
ERROR tests/autogen_op/facebook/deit-base-patch16-224/test_facebook_deit-base-patch16-224_aten_gelu_default.py
ERROR tests/autogen_op/facebook/deit-base-patch16-224/test_facebook_deit-base-patch16-224_aten_native_layer_norm_default.py
ERROR tests/autogen_op/facebook/deit-base-patch16-224/test_facebook_deit-base-patch16-224_aten_permute_default.py
ERROR tests/autogen_op/facebook/deit-base-patch16-224/test_facebook_deit-base-patch16-224_aten_select_int.py
ERROR tests/autogen_op/facebook/deit-base-patch16-224/test_facebook_deit-base-patch16-224_aten_slice_Tensor.py
ERROR tests/autogen_op/facebook/deit-base-patch16-224/test_facebook_deit-base-patch16-224_aten_t_default.py
ERROR tests/autogen_op/facebook/deit-base-patch16-224/test_facebook_deit-base-patch16-224_aten_transpose_int.py
ERROR tests/autogen_op/facebook/deit-base-patch16-224/test_facebook_deit-base-patch16-224_aten_view_default.py
ERROR tests/autogen_op/facebook/deit-base-patch16-224-train/test_facebook_deit-base-patch16-224-train_aten__softmax_backward_data_default.py
ERROR tests/autogen_op/facebook/deit-base-patch16-224-train/test_facebook_deit-base-patch16-224-train_aten__softmax_default.py
ERROR tests/autogen_op/facebook/deit-base-patch16-224-train/test_facebook_deit-base-patch16-224-train_aten__unsafe_view_default.py
ERROR tests/autogen_op/facebook/deit-base-patch16-224-train/test_facebook_deit-base-patch16-224-train_aten_add_Tensor.py
ERROR tests/autogen_op/facebook/deit-base-patch16-224-train/test_facebook_deit-base-patch16-224-train_aten_addmm_default.py
ERROR tests/autogen_op/facebook/deit-base-patch16-224-train/test_facebook_deit-base-patch16-224-train_aten_bmm_default.py
ERROR tests/autogen_op/facebook/deit-base-patch16-224-train/test_facebook_deit-base-patch16-224-train_aten_cat_default.py
ERROR tests/autogen_op/facebook/deit-base-patch16-224-train/test_facebook_deit-base-patch16-224-train_aten_clone_default.py
ERROR tests/autogen_op/facebook/deit-base-patch16-224-train/test_facebook_deit-base-patch16-224-train_aten_convolution_backward_default.py
ERROR tests/autogen_op/facebook/deit-base-patch16-224-train/test_facebook_deit-base-patch16-224-train_aten_convolution_default.py
ERROR tests/autogen_op/facebook/deit-base-patch16-224-train/test_facebook_deit-base-patch16-224-train_aten_detach_default.py
ERROR tests/autogen_op/facebook/deit-base-patch16-224-train/test_facebook_deit-base-patch16-224-train_aten_div_Tensor.py
ERROR tests/autogen_op/facebook/deit-base-patch16-224-train/test_facebook_deit-base-patch16-224-train_aten_expand_default.py
ERROR tests/autogen_op/facebook/deit-base-patch16-224-train/test_facebook_deit-base-patch16-224-train_aten_gelu_backward_default.py
ERROR tests/autogen_op/facebook/deit-base-patch16-224-train/test_facebook_deit-base-patch16-224-train_aten_gelu_default.py
ERROR tests/autogen_op/facebook/deit-base-patch16-224-train/test_facebook_deit-base-patch16-224-train_aten_mm_default.py
ERROR tests/autogen_op/facebook/deit-base-patch16-224-train/test_facebook_deit-base-patch16-224-train_aten_native_layer_norm_backward_default.py
ERROR tests/autogen_op/facebook/deit-base-patch16-224-train/test_facebook_deit-base-patch16-224-train_aten_native_layer_norm_default.py
ERROR tests/autogen_op/facebook/deit-base-patch16-224-train/test_facebook_deit-base-patch16-224-train_aten_permute_default.py
ERROR tests/autogen_op/facebook/deit-base-patch16-224-train/test_facebook_deit-base-patch16-224-train_aten_select_backward_default.py
ERROR tests/autogen_op/facebook/deit-base-patch16-224-train/test_facebook_deit-base-patch16-224-train_aten_select_int.py
ERROR tests/autogen_op/facebook/deit-base-patch16-224-train/test_facebook_deit-base-patch16-224-train_aten_slice_Tensor.py
ERROR tests/autogen_op/facebook/deit-base-patch16-224-train/test_facebook_deit-base-patch16-224-train_aten_slice_backward_default.py
ERROR tests/autogen_op/facebook/deit-base-patch16-224-train/test_facebook_deit-base-patch16-224-train_aten_sum_dim_IntList.py
ERROR tests/autogen_op/facebook/deit-base-patch16-224-train/test_facebook_deit-base-patch16-224-train_aten_t_default.py
ERROR tests/autogen_op/facebook/deit-base-patch16-224-train/test_facebook_deit-base-patch16-224-train_aten_transpose_int.py
ERROR tests/autogen_op/facebook/deit-base-patch16-224-train/test_facebook_deit-base-patch16-224-train_aten_view_default.py
ERROR tests/autogen_op/ghostnet_100_in1k/test_ghostnet_100_in1k_aten__native_batch_norm_legit_no_training_default.py
ERROR tests/autogen_op/ghostnet_100_in1k/test_ghostnet_100_in1k_aten_add_Tensor.py
ERROR tests/autogen_op/ghostnet_100_in1k/test_ghostnet_100_in1k_aten_addmm_default.py
ERROR tests/autogen_op/ghostnet_100_in1k/test_ghostnet_100_in1k_aten_cat_default.py
ERROR tests/autogen_op/ghostnet_100_in1k/test_ghostnet_100_in1k_aten_clone_default.py
ERROR tests/autogen_op/ghostnet_100_in1k/test_ghostnet_100_in1k_aten_convolution_default.py
ERROR tests/autogen_op/ghostnet_100_in1k/test_ghostnet_100_in1k_aten_hardsigmoid_default.py
ERROR tests/autogen_op/ghostnet_100_in1k/test_ghostnet_100_in1k_aten_mean_dim.py
ERROR tests/autogen_op/ghostnet_100_in1k/test_ghostnet_100_in1k_aten_mul_Tensor.py
ERROR tests/autogen_op/ghostnet_100_in1k/test_ghostnet_100_in1k_aten_relu_default.py
ERROR tests/autogen_op/ghostnet_100_in1k/test_ghostnet_100_in1k_aten_slice_Tensor.py
ERROR tests/autogen_op/ghostnet_100_in1k/test_ghostnet_100_in1k_aten_slice_scatter_default.py
ERROR tests/autogen_op/ghostnet_100_in1k/test_ghostnet_100_in1k_aten_t_default.py
ERROR tests/autogen_op/ghostnet_100_in1k/test_ghostnet_100_in1k_aten_view_default.py
ERROR tests/autogen_op/ghostnet_100_in1k-train/test_ghostnet_100_in1k-train_aten__native_batch_norm_legit_functional_default.py
ERROR tests/autogen_op/ghostnet_100_in1k-train/test_ghostnet_100_in1k-train_aten__to_copy_default.py
ERROR tests/autogen_op/ghostnet_100_in1k-train/test_ghostnet_100_in1k-train_aten_add_Tensor.py
ERROR tests/autogen_op/ghostnet_100_in1k-train/test_ghostnet_100_in1k-train_aten_addmm_default.py
ERROR tests/autogen_op/ghostnet_100_in1k-train/test_ghostnet_100_in1k-train_aten_as_strided_default.py
ERROR tests/autogen_op/ghostnet_100_in1k-train/test_ghostnet_100_in1k-train_aten_as_strided_scatter_default.py
ERROR tests/autogen_op/ghostnet_100_in1k-train/test_ghostnet_100_in1k-train_aten_cat_default.py
ERROR tests/autogen_op/ghostnet_100_in1k-train/test_ghostnet_100_in1k-train_aten_clone_default.py
ERROR tests/autogen_op/ghostnet_100_in1k-train/test_ghostnet_100_in1k-train_aten_convolution_backward_default.py
ERROR tests/autogen_op/ghostnet_100_in1k-train/test_ghostnet_100_in1k-train_aten_convolution_default.py
ERROR tests/autogen_op/ghostnet_100_in1k-train/test_ghostnet_100_in1k-train_aten_copy_default.py
ERROR tests/autogen_op/ghostnet_100_in1k-train/test_ghostnet_100_in1k-train_aten_detach_default.py
ERROR tests/autogen_op/ghostnet_100_in1k-train/test_ghostnet_100_in1k-train_aten_div_Scalar.py
ERROR tests/autogen_op/ghostnet_100_in1k-train/test_ghostnet_100_in1k-train_aten_expand_default.py
ERROR tests/autogen_op/ghostnet_100_in1k-train/test_ghostnet_100_in1k-train_aten_hardsigmoid_backward_default.py
ERROR tests/autogen_op/ghostnet_100_in1k-train/test_ghostnet_100_in1k-train_aten_hardsigmoid_default.py
ERROR tests/autogen_op/ghostnet_100_in1k-train/test_ghostnet_100_in1k-train_aten_mean_dim.py
ERROR tests/autogen_op/ghostnet_100_in1k-train/test_ghostnet_100_in1k-train_aten_mm_default.py
ERROR tests/autogen_op/ghostnet_100_in1k-train/test_ghostnet_100_in1k-train_aten_mul_Tensor.py
ERROR tests/autogen_op/ghostnet_100_in1k-train/test_ghostnet_100_in1k-train_aten_native_batch_norm_backward_default.py
ERROR tests/autogen_op/ghostnet_100_in1k-train/test_ghostnet_100_in1k-train_aten_native_dropout_backward_default.py
ERROR tests/autogen_op/ghostnet_100_in1k-train/test_ghostnet_100_in1k-train_aten_native_dropout_default.py
ERROR tests/autogen_op/ghostnet_100_in1k-train/test_ghostnet_100_in1k-train_aten_new_empty_strided_default.py
ERROR tests/autogen_op/ghostnet_100_in1k-train/test_ghostnet_100_in1k-train_aten_new_zeros_default.py
ERROR tests/autogen_op/ghostnet_100_in1k-train/test_ghostnet_100_in1k-train_aten_relu_default.py
ERROR tests/autogen_op/ghostnet_100_in1k-train/test_ghostnet_100_in1k-train_aten_slice_Tensor.py
ERROR tests/autogen_op/ghostnet_100_in1k-train/test_ghostnet_100_in1k-train_aten_slice_backward_default.py
ERROR tests/autogen_op/ghostnet_100_in1k-train/test_ghostnet_100_in1k-train_aten_slice_scatter_default.py
ERROR tests/autogen_op/ghostnet_100_in1k-train/test_ghostnet_100_in1k-train_aten_squeeze_dim.py
ERROR tests/autogen_op/ghostnet_100_in1k-train/test_ghostnet_100_in1k-train_aten_sum_dim_IntList.py
ERROR tests/autogen_op/ghostnet_100_in1k-train/test_ghostnet_100_in1k-train_aten_t_default.py
ERROR tests/autogen_op/ghostnet_100_in1k-train/test_ghostnet_100_in1k-train_aten_threshold_backward_default.py
ERROR tests/autogen_op/ghostnet_100_in1k-train/test_ghostnet_100_in1k-train_aten_view_default.py
ERROR tests/autogen_op/ghostnetv2_100_in1k/test_ghostnetv2_100_in1k_aten__native_batch_norm_legit_no_training_default.py
ERROR tests/autogen_op/ghostnetv2_100_in1k/test_ghostnetv2_100_in1k_aten__to_copy_default.py
ERROR tests/autogen_op/ghostnetv2_100_in1k/test_ghostnetv2_100_in1k_aten__unsafe_index_Tensor.py
ERROR tests/autogen_op/ghostnetv2_100_in1k/test_ghostnetv2_100_in1k_aten_add_Tensor.py
ERROR tests/autogen_op/ghostnetv2_100_in1k/test_ghostnetv2_100_in1k_aten_addmm_default.py
ERROR tests/autogen_op/ghostnetv2_100_in1k/test_ghostnetv2_100_in1k_aten_avg_pool2d_default.py
ERROR tests/autogen_op/ghostnetv2_100_in1k/test_ghostnetv2_100_in1k_aten_cat_default.py
ERROR tests/autogen_op/ghostnetv2_100_in1k/test_ghostnetv2_100_in1k_aten_clone_default.py
ERROR tests/autogen_op/ghostnetv2_100_in1k/test_ghostnetv2_100_in1k_aten_convolution_default.py
ERROR tests/autogen_op/ghostnetv2_100_in1k/test_ghostnetv2_100_in1k_aten_hardsigmoid_default.py
ERROR tests/autogen_op/ghostnetv2_100_in1k/test_ghostnetv2_100_in1k_aten_mean_dim.py
ERROR tests/autogen_op/ghostnetv2_100_in1k/test_ghostnetv2_100_in1k_aten_mul_Tensor.py
ERROR tests/autogen_op/ghostnetv2_100_in1k/test_ghostnetv2_100_in1k_aten_relu_default.py
ERROR tests/autogen_op/ghostnetv2_100_in1k/test_ghostnetv2_100_in1k_aten_sigmoid_default.py
ERROR tests/autogen_op/ghostnetv2_100_in1k/test_ghostnetv2_100_in1k_aten_slice_Tensor.py
ERROR tests/autogen_op/ghostnetv2_100_in1k/test_ghostnetv2_100_in1k_aten_slice_scatter_default.py
ERROR tests/autogen_op/ghostnetv2_100_in1k/test_ghostnetv2_100_in1k_aten_t_default.py
ERROR tests/autogen_op/ghostnetv2_100_in1k/test_ghostnetv2_100_in1k_aten_view_default.py
ERROR tests/autogen_op/ghostnetv2_100_in1k-train/test_ghostnetv2_100_in1k-train_aten__native_batch_norm_legit_functional_default.py
ERROR tests/autogen_op/ghostnetv2_100_in1k-train/test_ghostnetv2_100_in1k-train_aten__to_copy_default.py
ERROR tests/autogen_op/ghostnetv2_100_in1k-train/test_ghostnetv2_100_in1k-train_aten__unsafe_index_Tensor.py
ERROR tests/autogen_op/ghostnetv2_100_in1k-train/test_ghostnetv2_100_in1k-train_aten__unsafe_index_put_default.py
ERROR tests/autogen_op/ghostnetv2_100_in1k-train/test_ghostnetv2_100_in1k-train_aten_add_Tensor.py
ERROR tests/autogen_op/ghostnetv2_100_in1k-train/test_ghostnetv2_100_in1k-train_aten_addmm_default.py
ERROR tests/autogen_op/ghostnetv2_100_in1k-train/test_ghostnetv2_100_in1k-train_aten_as_strided_default.py
ERROR tests/autogen_op/ghostnetv2_100_in1k-train/test_ghostnetv2_100_in1k-train_aten_as_strided_scatter_default.py
ERROR tests/autogen_op/ghostnetv2_100_in1k-train/test_ghostnetv2_100_in1k-train_aten_avg_pool2d_backward_default.py
ERROR tests/autogen_op/ghostnetv2_100_in1k-train/test_ghostnetv2_100_in1k-train_aten_avg_pool2d_default.py
ERROR tests/autogen_op/ghostnetv2_100_in1k-train/test_ghostnetv2_100_in1k-train_aten_cat_default.py
ERROR tests/autogen_op/ghostnetv2_100_in1k-train/test_ghostnetv2_100_in1k-train_aten_clone_default.py
ERROR tests/autogen_op/ghostnetv2_100_in1k-train/test_ghostnetv2_100_in1k-train_aten_convolution_backward_default.py
ERROR tests/autogen_op/ghostnetv2_100_in1k-train/test_ghostnetv2_100_in1k-train_aten_convolution_default.py
ERROR tests/autogen_op/ghostnetv2_100_in1k-train/test_ghostnetv2_100_in1k-train_aten_copy_default.py
ERROR tests/autogen_op/ghostnetv2_100_in1k-train/test_ghostnetv2_100_in1k-train_aten_detach_default.py
ERROR tests/autogen_op/ghostnetv2_100_in1k-train/test_ghostnetv2_100_in1k-train_aten_div_Scalar.py
ERROR tests/autogen_op/ghostnetv2_100_in1k-train/test_ghostnetv2_100_in1k-train_aten_expand_default.py
ERROR tests/autogen_op/ghostnetv2_100_in1k-train/test_ghostnetv2_100_in1k-train_aten_hardsigmoid_backward_default.py
ERROR tests/autogen_op/ghostnetv2_100_in1k-train/test_ghostnetv2_100_in1k-train_aten_hardsigmoid_default.py
ERROR tests/autogen_op/ghostnetv2_100_in1k-train/test_ghostnetv2_100_in1k-train_aten_mean_dim.py
ERROR tests/autogen_op/ghostnetv2_100_in1k-train/test_ghostnetv2_100_in1k-train_aten_mm_default.py
ERROR tests/autogen_op/ghostnetv2_100_in1k-train/test_ghostnetv2_100_in1k-train_aten_mul_Tensor.py
ERROR tests/autogen_op/ghostnetv2_100_in1k-train/test_ghostnetv2_100_in1k-train_aten_native_batch_norm_backward_default.py
ERROR tests/autogen_op/ghostnetv2_100_in1k-train/test_ghostnetv2_100_in1k-train_aten_native_dropout_backward_default.py
ERROR tests/autogen_op/ghostnetv2_100_in1k-train/test_ghostnetv2_100_in1k-train_aten_native_dropout_default.py
ERROR tests/autogen_op/ghostnetv2_100_in1k-train/test_ghostnetv2_100_in1k-train_aten_new_empty_strided_default.py
ERROR tests/autogen_op/ghostnetv2_100_in1k-train/test_ghostnetv2_100_in1k-train_aten_new_zeros_default.py
ERROR tests/autogen_op/ghostnetv2_100_in1k-train/test_ghostnetv2_100_in1k-train_aten_relu_default.py
ERROR tests/autogen_op/ghostnetv2_100_in1k-train/test_ghostnetv2_100_in1k-train_aten_sigmoid_backward_default.py
ERROR tests/autogen_op/ghostnetv2_100_in1k-train/test_ghostnetv2_100_in1k-train_aten_sigmoid_default.py
ERROR tests/autogen_op/ghostnetv2_100_in1k-train/test_ghostnetv2_100_in1k-train_aten_slice_Tensor.py
ERROR tests/autogen_op/ghostnetv2_100_in1k-train/test_ghostnetv2_100_in1k-train_aten_slice_backward_default.py
ERROR tests/autogen_op/ghostnetv2_100_in1k-train/test_ghostnetv2_100_in1k-train_aten_slice_scatter_default.py
ERROR tests/autogen_op/ghostnetv2_100_in1k-train/test_ghostnetv2_100_in1k-train_aten_squeeze_dim.py
ERROR tests/autogen_op/ghostnetv2_100_in1k-train/test_ghostnetv2_100_in1k-train_aten_sum_dim_IntList.py
ERROR tests/autogen_op/ghostnetv2_100_in1k-train/test_ghostnetv2_100_in1k-train_aten_t_default.py
ERROR tests/autogen_op/ghostnetv2_100_in1k-train/test_ghostnetv2_100_in1k-train_aten_threshold_backward_default.py
ERROR tests/autogen_op/ghostnetv2_100_in1k-train/test_ghostnetv2_100_in1k-train_aten_view_default.py
ERROR tests/autogen_op/googlenet/test_googlenet_aten__native_batch_norm_legit_no_training_default.py
ERROR tests/autogen_op/googlenet/test_googlenet_aten_add_Tensor.py
ERROR tests/autogen_op/googlenet/test_googlenet_aten_addmm_default.py
ERROR tests/autogen_op/googlenet/test_googlenet_aten_cat_default.py
ERROR tests/autogen_op/googlenet/test_googlenet_aten_clone_default.py
ERROR tests/autogen_op/googlenet/test_googlenet_aten_convolution_default.py
ERROR tests/autogen_op/googlenet/test_googlenet_aten_max_pool2d_with_indices_default.py
ERROR tests/autogen_op/googlenet/test_googlenet_aten_mean_dim.py
ERROR tests/autogen_op/googlenet/test_googlenet_aten_mul_Tensor.py
ERROR tests/autogen_op/googlenet/test_googlenet_aten_relu_default.py
ERROR tests/autogen_op/googlenet/test_googlenet_aten_select_int.py
ERROR tests/autogen_op/googlenet/test_googlenet_aten_slice_Tensor.py
ERROR tests/autogen_op/googlenet/test_googlenet_aten_t_default.py
ERROR tests/autogen_op/googlenet/test_googlenet_aten_unsqueeze_default.py
ERROR tests/autogen_op/googlenet/test_googlenet_aten_view_default.py
ERROR tests/autogen_op/hrnet_w18_ms_aug_in1k/test_hrnet_w18_ms_aug_in1k_aten__native_batch_norm_legit_no_training_default.py
ERROR tests/autogen_op/hrnet_w18_ms_aug_in1k/test_hrnet_w18_ms_aug_in1k_aten__to_copy_default.py
ERROR tests/autogen_op/hrnet_w18_ms_aug_in1k/test_hrnet_w18_ms_aug_in1k_aten__unsafe_index_Tensor.py
ERROR tests/autogen_op/hrnet_w18_ms_aug_in1k/test_hrnet_w18_ms_aug_in1k_aten_add_Tensor.py
ERROR tests/autogen_op/hrnet_w18_ms_aug_in1k/test_hrnet_w18_ms_aug_in1k_aten_addmm_default.py
ERROR tests/autogen_op/hrnet_w18_ms_aug_in1k/test_hrnet_w18_ms_aug_in1k_aten_clone_default.py
ERROR tests/autogen_op/hrnet_w18_ms_aug_in1k/test_hrnet_w18_ms_aug_in1k_aten_convolution_default.py
ERROR tests/autogen_op/hrnet_w18_ms_aug_in1k/test_hrnet_w18_ms_aug_in1k_aten_mean_dim.py
ERROR tests/autogen_op/hrnet_w18_ms_aug_in1k/test_hrnet_w18_ms_aug_in1k_aten_relu_default.py
ERROR tests/autogen_op/hrnet_w18_ms_aug_in1k/test_hrnet_w18_ms_aug_in1k_aten_t_default.py
ERROR tests/autogen_op/hrnet_w18_ms_aug_in1k/test_hrnet_w18_ms_aug_in1k_aten_view_default.py
ERROR tests/autogen_op/hrnet_w18_ms_aug_in1k-train/test_hrnet_w18_ms_aug_in1k-train_aten__native_batch_norm_legit_functional_default.py
ERROR tests/autogen_op/hrnet_w18_ms_aug_in1k-train/test_hrnet_w18_ms_aug_in1k-train_aten__to_copy_default.py
ERROR tests/autogen_op/hrnet_w18_ms_aug_in1k-train/test_hrnet_w18_ms_aug_in1k-train_aten__unsafe_index_Tensor.py
ERROR tests/autogen_op/hrnet_w18_ms_aug_in1k-train/test_hrnet_w18_ms_aug_in1k-train_aten__unsafe_index_put_default.py
ERROR tests/autogen_op/hrnet_w18_ms_aug_in1k-train/test_hrnet_w18_ms_aug_in1k-train_aten_add_Tensor.py
ERROR tests/autogen_op/hrnet_w18_ms_aug_in1k-train/test_hrnet_w18_ms_aug_in1k-train_aten_addmm_default.py
ERROR tests/autogen_op/hrnet_w18_ms_aug_in1k-train/test_hrnet_w18_ms_aug_in1k-train_aten_clone_default.py
ERROR tests/autogen_op/hrnet_w18_ms_aug_in1k-train/test_hrnet_w18_ms_aug_in1k-train_aten_convolution_backward_default.py
ERROR tests/autogen_op/hrnet_w18_ms_aug_in1k-train/test_hrnet_w18_ms_aug_in1k-train_aten_convolution_default.py
ERROR tests/autogen_op/hrnet_w18_ms_aug_in1k-train/test_hrnet_w18_ms_aug_in1k-train_aten_detach_default.py
ERROR tests/autogen_op/hrnet_w18_ms_aug_in1k-train/test_hrnet_w18_ms_aug_in1k-train_aten_div_Scalar.py
ERROR tests/autogen_op/hrnet_w18_ms_aug_in1k-train/test_hrnet_w18_ms_aug_in1k-train_aten_expand_default.py
ERROR tests/autogen_op/hrnet_w18_ms_aug_in1k-train/test_hrnet_w18_ms_aug_in1k-train_aten_mean_dim.py
ERROR tests/autogen_op/hrnet_w18_ms_aug_in1k-train/test_hrnet_w18_ms_aug_in1k-train_aten_mm_default.py
ERROR tests/autogen_op/hrnet_w18_ms_aug_in1k-train/test_hrnet_w18_ms_aug_in1k-train_aten_native_batch_norm_backward_default.py
ERROR tests/autogen_op/hrnet_w18_ms_aug_in1k-train/test_hrnet_w18_ms_aug_in1k-train_aten_new_zeros_default.py
ERROR tests/autogen_op/hrnet_w18_ms_aug_in1k-train/test_hrnet_w18_ms_aug_in1k-train_aten_relu_default.py
ERROR tests/autogen_op/hrnet_w18_ms_aug_in1k-train/test_hrnet_w18_ms_aug_in1k-train_aten_sum_dim_IntList.py
ERROR tests/autogen_op/hrnet_w18_ms_aug_in1k-train/test_hrnet_w18_ms_aug_in1k-train_aten_t_default.py
ERROR tests/autogen_op/hrnet_w18_ms_aug_in1k-train/test_hrnet_w18_ms_aug_in1k-train_aten_threshold_backward_default.py
ERROR tests/autogen_op/hrnet_w18_ms_aug_in1k-train/test_hrnet_w18_ms_aug_in1k-train_aten_view_default.py
ERROR tests/autogen_op/inception_v4_tf_in1k/test_inception_v4_tf_in1k_aten__native_batch_norm_legit_no_training_default.py
ERROR tests/autogen_op/inception_v4_tf_in1k/test_inception_v4_tf_in1k_aten_addmm_default.py
ERROR tests/autogen_op/inception_v4_tf_in1k/test_inception_v4_tf_in1k_aten_avg_pool2d_default.py
ERROR tests/autogen_op/inception_v4_tf_in1k/test_inception_v4_tf_in1k_aten_cat_default.py
ERROR tests/autogen_op/inception_v4_tf_in1k/test_inception_v4_tf_in1k_aten_clone_default.py
ERROR tests/autogen_op/inception_v4_tf_in1k/test_inception_v4_tf_in1k_aten_convolution_default.py
ERROR tests/autogen_op/inception_v4_tf_in1k/test_inception_v4_tf_in1k_aten_max_pool2d_with_indices_default.py
ERROR tests/autogen_op/inception_v4_tf_in1k/test_inception_v4_tf_in1k_aten_mean_dim.py
ERROR tests/autogen_op/inception_v4_tf_in1k/test_inception_v4_tf_in1k_aten_relu_default.py
ERROR tests/autogen_op/inception_v4_tf_in1k/test_inception_v4_tf_in1k_aten_t_default.py
ERROR tests/autogen_op/inception_v4_tf_in1k/test_inception_v4_tf_in1k_aten_view_default.py
ERROR tests/autogen_op/inception_v4_tf_in1k-train/test_inception_v4_tf_in1k-train_aten__native_batch_norm_legit_functional_default.py
ERROR tests/autogen_op/inception_v4_tf_in1k-train/test_inception_v4_tf_in1k-train_aten__to_copy_default.py
ERROR tests/autogen_op/inception_v4_tf_in1k-train/test_inception_v4_tf_in1k-train_aten_add_Tensor.py
ERROR tests/autogen_op/inception_v4_tf_in1k-train/test_inception_v4_tf_in1k-train_aten_addmm_default.py
ERROR tests/autogen_op/inception_v4_tf_in1k-train/test_inception_v4_tf_in1k-train_aten_avg_pool2d_backward_default.py
ERROR tests/autogen_op/inception_v4_tf_in1k-train/test_inception_v4_tf_in1k-train_aten_avg_pool2d_default.py
ERROR tests/autogen_op/inception_v4_tf_in1k-train/test_inception_v4_tf_in1k-train_aten_cat_default.py
ERROR tests/autogen_op/inception_v4_tf_in1k-train/test_inception_v4_tf_in1k-train_aten_clone_default.py
ERROR tests/autogen_op/inception_v4_tf_in1k-train/test_inception_v4_tf_in1k-train_aten_convolution_backward_default.py
ERROR tests/autogen_op/inception_v4_tf_in1k-train/test_inception_v4_tf_in1k-train_aten_convolution_default.py
ERROR tests/autogen_op/inception_v4_tf_in1k-train/test_inception_v4_tf_in1k-train_aten_detach_default.py
ERROR tests/autogen_op/inception_v4_tf_in1k-train/test_inception_v4_tf_in1k-train_aten_div_Scalar.py
ERROR tests/autogen_op/inception_v4_tf_in1k-train/test_inception_v4_tf_in1k-train_aten_expand_default.py
ERROR tests/autogen_op/inception_v4_tf_in1k-train/test_inception_v4_tf_in1k-train_aten_max_pool2d_with_indices_backward_default.py
ERROR tests/autogen_op/inception_v4_tf_in1k-train/test_inception_v4_tf_in1k-train_aten_max_pool2d_with_indices_default.py
ERROR tests/autogen_op/inception_v4_tf_in1k-train/test_inception_v4_tf_in1k-train_aten_mean_dim.py
ERROR tests/autogen_op/inception_v4_tf_in1k-train/test_inception_v4_tf_in1k-train_aten_mm_default.py
ERROR tests/autogen_op/inception_v4_tf_in1k-train/test_inception_v4_tf_in1k-train_aten_native_batch_norm_backward_default.py
ERROR tests/autogen_op/inception_v4_tf_in1k-train/test_inception_v4_tf_in1k-train_aten_relu_default.py
ERROR tests/autogen_op/inception_v4_tf_in1k-train/test_inception_v4_tf_in1k-train_aten_slice_Tensor.py
ERROR tests/autogen_op/inception_v4_tf_in1k-train/test_inception_v4_tf_in1k-train_aten_sum_dim_IntList.py
ERROR tests/autogen_op/inception_v4_tf_in1k-train/test_inception_v4_tf_in1k-train_aten_t_default.py
ERROR tests/autogen_op/inception_v4_tf_in1k-train/test_inception_v4_tf_in1k-train_aten_threshold_backward_default.py
ERROR tests/autogen_op/inception_v4_tf_in1k-train/test_inception_v4_tf_in1k-train_aten_view_default.py
ERROR tests/autogen_op/microsoft/beit-base-patch16-224/test_microsoft_beit-base-patch16-224_aten__softmax_default.py
ERROR tests/autogen_op/microsoft/beit-base-patch16-224/test_microsoft_beit-base-patch16-224_aten_add_Tensor.py
ERROR tests/autogen_op/microsoft/beit-base-patch16-224/test_microsoft_beit-base-patch16-224_aten_addmm_default.py
ERROR tests/autogen_op/microsoft/beit-base-patch16-224/test_microsoft_beit-base-patch16-224_aten_bmm_default.py
ERROR tests/autogen_op/microsoft/beit-base-patch16-224/test_microsoft_beit-base-patch16-224_aten_cat_default.py
ERROR tests/autogen_op/microsoft/beit-base-patch16-224/test_microsoft_beit-base-patch16-224_aten_clone_default.py
ERROR tests/autogen_op/microsoft/beit-base-patch16-224/test_microsoft_beit-base-patch16-224_aten_convolution_default.py
ERROR tests/autogen_op/microsoft/beit-base-patch16-224/test_microsoft_beit-base-patch16-224_aten_div_Tensor.py
ERROR tests/autogen_op/microsoft/beit-base-patch16-224/test_microsoft_beit-base-patch16-224_aten_expand_default.py
ERROR tests/autogen_op/microsoft/beit-base-patch16-224/test_microsoft_beit-base-patch16-224_aten_gelu_default.py
ERROR tests/autogen_op/microsoft/beit-base-patch16-224/test_microsoft_beit-base-patch16-224_aten_index_Tensor.py
ERROR tests/autogen_op/microsoft/beit-base-patch16-224/test_microsoft_beit-base-patch16-224_aten_mean_dim.py
ERROR tests/autogen_op/microsoft/beit-base-patch16-224/test_microsoft_beit-base-patch16-224_aten_mm_default.py
ERROR tests/autogen_op/microsoft/beit-base-patch16-224/test_microsoft_beit-base-patch16-224_aten_mul_Tensor.py
ERROR tests/autogen_op/microsoft/beit-base-patch16-224/test_microsoft_beit-base-patch16-224_aten_native_layer_norm_default.py
ERROR tests/autogen_op/microsoft/beit-base-patch16-224/test_microsoft_beit-base-patch16-224_aten_permute_default.py
ERROR tests/autogen_op/microsoft/beit-base-patch16-224/test_microsoft_beit-base-patch16-224_aten_slice_Tensor.py
ERROR tests/autogen_op/microsoft/beit-base-patch16-224/test_microsoft_beit-base-patch16-224_aten_t_default.py
ERROR tests/autogen_op/microsoft/beit-base-patch16-224/test_microsoft_beit-base-patch16-224_aten_transpose_int.py
ERROR tests/autogen_op/microsoft/beit-base-patch16-224/test_microsoft_beit-base-patch16-224_aten_unsqueeze_default.py
ERROR tests/autogen_op/microsoft/beit-base-patch16-224/test_microsoft_beit-base-patch16-224_aten_view_default.py
ERROR tests/autogen_op/microsoft/beit-base-patch16-224-train/test_microsoft_beit-base-patch16-224-train_aten__softmax_backward_data_default.py
ERROR tests/autogen_op/microsoft/beit-base-patch16-224-train/test_microsoft_beit-base-patch16-224-train_aten__softmax_default.py
ERROR tests/autogen_op/microsoft/beit-base-patch16-224-train/test_microsoft_beit-base-patch16-224-train_aten__unsafe_view_default.py
ERROR tests/autogen_op/microsoft/beit-base-patch16-224-train/test_microsoft_beit-base-patch16-224-train_aten_add_Tensor.py
ERROR tests/autogen_op/microsoft/beit-base-patch16-224-train/test_microsoft_beit-base-patch16-224-train_aten_addmm_default.py
ERROR tests/autogen_op/microsoft/beit-base-patch16-224-train/test_microsoft_beit-base-patch16-224-train_aten_bmm_default.py
ERROR tests/autogen_op/microsoft/beit-base-patch16-224-train/test_microsoft_beit-base-patch16-224-train_aten_cat_default.py
ERROR tests/autogen_op/microsoft/beit-base-patch16-224-train/test_microsoft_beit-base-patch16-224-train_aten_clone_default.py
ERROR tests/autogen_op/microsoft/beit-base-patch16-224-train/test_microsoft_beit-base-patch16-224-train_aten_convolution_backward_default.py
ERROR tests/autogen_op/microsoft/beit-base-patch16-224-train/test_microsoft_beit-base-patch16-224-train_aten_convolution_default.py
ERROR tests/autogen_op/microsoft/beit-base-patch16-224-train/test_microsoft_beit-base-patch16-224-train_aten_detach_default.py
ERROR tests/autogen_op/microsoft/beit-base-patch16-224-train/test_microsoft_beit-base-patch16-224-train_aten_div_Scalar.py
ERROR tests/autogen_op/microsoft/beit-base-patch16-224-train/test_microsoft_beit-base-patch16-224-train_aten_div_Tensor.py
ERROR tests/autogen_op/microsoft/beit-base-patch16-224-train/test_microsoft_beit-base-patch16-224-train_aten_expand_default.py
ERROR tests/autogen_op/microsoft/beit-base-patch16-224-train/test_microsoft_beit-base-patch16-224-train_aten_gelu_backward_default.py
ERROR tests/autogen_op/microsoft/beit-base-patch16-224-train/test_microsoft_beit-base-patch16-224-train_aten_gelu_default.py
ERROR tests/autogen_op/microsoft/beit-base-patch16-224-train/test_microsoft_beit-base-patch16-224-train_aten_index_Tensor.py
ERROR tests/autogen_op/microsoft/beit-base-patch16-224-train/test_microsoft_beit-base-patch16-224-train_aten_index_put_default.py
ERROR tests/autogen_op/microsoft/beit-base-patch16-224-train/test_microsoft_beit-base-patch16-224-train_aten_mean_dim.py
ERROR tests/autogen_op/microsoft/beit-base-patch16-224-train/test_microsoft_beit-base-patch16-224-train_aten_mm_default.py
ERROR tests/autogen_op/microsoft/beit-base-patch16-224-train/test_microsoft_beit-base-patch16-224-train_aten_mul_Tensor.py
ERROR tests/autogen_op/microsoft/beit-base-patch16-224-train/test_microsoft_beit-base-patch16-224-train_aten_native_layer_norm_backward_default.py
ERROR tests/autogen_op/microsoft/beit-base-patch16-224-train/test_microsoft_beit-base-patch16-224-train_aten_native_layer_norm_default.py
ERROR tests/autogen_op/microsoft/beit-base-patch16-224-train/test_microsoft_beit-base-patch16-224-train_aten_new_zeros_default.py
ERROR tests/autogen_op/microsoft/beit-base-patch16-224-train/test_microsoft_beit-base-patch16-224-train_aten_permute_default.py
ERROR tests/autogen_op/microsoft/beit-base-patch16-224-train/test_microsoft_beit-base-patch16-224-train_aten_rand_default.py
ERROR tests/autogen_op/microsoft/beit-base-patch16-224-train/test_microsoft_beit-base-patch16-224-train_aten_slice_Tensor.py
ERROR tests/autogen_op/microsoft/beit-base-patch16-224-train/test_microsoft_beit-base-patch16-224-train_aten_slice_backward_default.py
ERROR tests/autogen_op/microsoft/beit-base-patch16-224-train/test_microsoft_beit-base-patch16-224-train_aten_squeeze_dim.py
ERROR tests/autogen_op/microsoft/beit-base-patch16-224-train/test_microsoft_beit-base-patch16-224-train_aten_sum_dim_IntList.py
ERROR tests/autogen_op/microsoft/beit-base-patch16-224-train/test_microsoft_beit-base-patch16-224-train_aten_t_default.py
ERROR tests/autogen_op/microsoft/beit-base-patch16-224-train/test_microsoft_beit-base-patch16-224-train_aten_transpose_int.py
ERROR tests/autogen_op/microsoft/beit-base-patch16-224-train/test_microsoft_beit-base-patch16-224-train_aten_unsqueeze_default.py
ERROR tests/autogen_op/microsoft/beit-base-patch16-224-train/test_microsoft_beit-base-patch16-224-train_aten_view_default.py
ERROR tests/autogen_op/microsoft/beit-large-patch16-224/test_microsoft_beit-large-patch16-224_aten__softmax_default.py
ERROR tests/autogen_op/microsoft/beit-large-patch16-224/test_microsoft_beit-large-patch16-224_aten_add_Tensor.py
ERROR tests/autogen_op/microsoft/beit-large-patch16-224/test_microsoft_beit-large-patch16-224_aten_addmm_default.py
ERROR tests/autogen_op/microsoft/beit-large-patch16-224/test_microsoft_beit-large-patch16-224_aten_bmm_default.py
ERROR tests/autogen_op/microsoft/beit-large-patch16-224/test_microsoft_beit-large-patch16-224_aten_cat_default.py
ERROR tests/autogen_op/microsoft/beit-large-patch16-224/test_microsoft_beit-large-patch16-224_aten_clone_default.py
ERROR tests/autogen_op/microsoft/beit-large-patch16-224/test_microsoft_beit-large-patch16-224_aten_convolution_default.py
ERROR tests/autogen_op/microsoft/beit-large-patch16-224/test_microsoft_beit-large-patch16-224_aten_div_Tensor.py
ERROR tests/autogen_op/microsoft/beit-large-patch16-224/test_microsoft_beit-large-patch16-224_aten_expand_default.py
ERROR tests/autogen_op/microsoft/beit-large-patch16-224/test_microsoft_beit-large-patch16-224_aten_gelu_default.py
ERROR tests/autogen_op/microsoft/beit-large-patch16-224/test_microsoft_beit-large-patch16-224_aten_index_Tensor.py
ERROR tests/autogen_op/microsoft/beit-large-patch16-224/test_microsoft_beit-large-patch16-224_aten_mean_dim.py
ERROR tests/autogen_op/microsoft/beit-large-patch16-224/test_microsoft_beit-large-patch16-224_aten_mm_default.py
ERROR tests/autogen_op/microsoft/beit-large-patch16-224/test_microsoft_beit-large-patch16-224_aten_mul_Tensor.py
ERROR tests/autogen_op/microsoft/beit-large-patch16-224/test_microsoft_beit-large-patch16-224_aten_native_layer_norm_default.py
ERROR tests/autogen_op/microsoft/beit-large-patch16-224/test_microsoft_beit-large-patch16-224_aten_permute_default.py
ERROR tests/autogen_op/microsoft/beit-large-patch16-224/test_microsoft_beit-large-patch16-224_aten_slice_Tensor.py
ERROR tests/autogen_op/microsoft/beit-large-patch16-224/test_microsoft_beit-large-patch16-224_aten_t_default.py
ERROR tests/autogen_op/microsoft/beit-large-patch16-224/test_microsoft_beit-large-patch16-224_aten_transpose_int.py
ERROR tests/autogen_op/microsoft/beit-large-patch16-224/test_microsoft_beit-large-patch16-224_aten_unsqueeze_default.py
ERROR tests/autogen_op/microsoft/beit-large-patch16-224/test_microsoft_beit-large-patch16-224_aten_view_default.py
ERROR tests/autogen_op/microsoft/beit-large-patch16-224-train/test_microsoft_beit-large-patch16-224-train_aten__softmax_backward_data_default.py
ERROR tests/autogen_op/microsoft/beit-large-patch16-224-train/test_microsoft_beit-large-patch16-224-train_aten__softmax_default.py
ERROR tests/autogen_op/microsoft/beit-large-patch16-224-train/test_microsoft_beit-large-patch16-224-train_aten__unsafe_view_default.py
ERROR tests/autogen_op/microsoft/beit-large-patch16-224-train/test_microsoft_beit-large-patch16-224-train_aten_add_Tensor.py
ERROR tests/autogen_op/microsoft/beit-large-patch16-224-train/test_microsoft_beit-large-patch16-224-train_aten_addmm_default.py
ERROR tests/autogen_op/microsoft/beit-large-patch16-224-train/test_microsoft_beit-large-patch16-224-train_aten_bmm_default.py
ERROR tests/autogen_op/microsoft/beit-large-patch16-224-train/test_microsoft_beit-large-patch16-224-train_aten_cat_default.py
ERROR tests/autogen_op/microsoft/beit-large-patch16-224-train/test_microsoft_beit-large-patch16-224-train_aten_clone_default.py
ERROR tests/autogen_op/microsoft/beit-large-patch16-224-train/test_microsoft_beit-large-patch16-224-train_aten_convolution_backward_default.py
ERROR tests/autogen_op/microsoft/beit-large-patch16-224-train/test_microsoft_beit-large-patch16-224-train_aten_convolution_default.py
ERROR tests/autogen_op/microsoft/beit-large-patch16-224-train/test_microsoft_beit-large-patch16-224-train_aten_detach_default.py
ERROR tests/autogen_op/microsoft/beit-large-patch16-224-train/test_microsoft_beit-large-patch16-224-train_aten_div_Scalar.py
ERROR tests/autogen_op/microsoft/beit-large-patch16-224-train/test_microsoft_beit-large-patch16-224-train_aten_div_Tensor.py
ERROR tests/autogen_op/microsoft/beit-large-patch16-224-train/test_microsoft_beit-large-patch16-224-train_aten_expand_default.py
ERROR tests/autogen_op/microsoft/beit-large-patch16-224-train/test_microsoft_beit-large-patch16-224-train_aten_gelu_backward_default.py
ERROR tests/autogen_op/microsoft/beit-large-patch16-224-train/test_microsoft_beit-large-patch16-224-train_aten_gelu_default.py
ERROR tests/autogen_op/microsoft/beit-large-patch16-224-train/test_microsoft_beit-large-patch16-224-train_aten_index_Tensor.py
ERROR tests/autogen_op/microsoft/beit-large-patch16-224-train/test_microsoft_beit-large-patch16-224-train_aten_index_put_default.py
ERROR tests/autogen_op/microsoft/beit-large-patch16-224-train/test_microsoft_beit-large-patch16-224-train_aten_mean_dim.py
ERROR tests/autogen_op/microsoft/beit-large-patch16-224-train/test_microsoft_beit-large-patch16-224-train_aten_mm_default.py
ERROR tests/autogen_op/microsoft/beit-large-patch16-224-train/test_microsoft_beit-large-patch16-224-train_aten_mul_Tensor.py
ERROR tests/autogen_op/microsoft/beit-large-patch16-224-train/test_microsoft_beit-large-patch16-224-train_aten_native_layer_norm_backward_default.py
ERROR tests/autogen_op/microsoft/beit-large-patch16-224-train/test_microsoft_beit-large-patch16-224-train_aten_native_layer_norm_default.py
ERROR tests/autogen_op/microsoft/beit-large-patch16-224-train/test_microsoft_beit-large-patch16-224-train_aten_new_zeros_default.py
ERROR tests/autogen_op/microsoft/beit-large-patch16-224-train/test_microsoft_beit-large-patch16-224-train_aten_permute_default.py
ERROR tests/autogen_op/microsoft/beit-large-patch16-224-train/test_microsoft_beit-large-patch16-224-train_aten_rand_default.py
ERROR tests/autogen_op/microsoft/beit-large-patch16-224-train/test_microsoft_beit-large-patch16-224-train_aten_slice_Tensor.py
ERROR tests/autogen_op/microsoft/beit-large-patch16-224-train/test_microsoft_beit-large-patch16-224-train_aten_slice_backward_default.py
ERROR tests/autogen_op/microsoft/beit-large-patch16-224-train/test_microsoft_beit-large-patch16-224-train_aten_squeeze_dim.py
ERROR tests/autogen_op/microsoft/beit-large-patch16-224-train/test_microsoft_beit-large-patch16-224-train_aten_sum_dim_IntList.py
ERROR tests/autogen_op/microsoft/beit-large-patch16-224-train/test_microsoft_beit-large-patch16-224-train_aten_t_default.py
ERROR tests/autogen_op/microsoft/beit-large-patch16-224-train/test_microsoft_beit-large-patch16-224-train_aten_transpose_int.py
ERROR tests/autogen_op/microsoft/beit-large-patch16-224-train/test_microsoft_beit-large-patch16-224-train_aten_unsqueeze_default.py
ERROR tests/autogen_op/microsoft/beit-large-patch16-224-train/test_microsoft_beit-large-patch16-224-train_aten_view_default.py
ERROR tests/autogen_op/mixer_b16_224_goog_in21k/test_mixer_b16_224_goog_in21k_aten_add_Tensor.py
ERROR tests/autogen_op/mixer_b16_224_goog_in21k/test_mixer_b16_224_goog_in21k_aten_addmm_default.py
ERROR tests/autogen_op/mixer_b16_224_goog_in21k/test_mixer_b16_224_goog_in21k_aten_clone_default.py
ERROR tests/autogen_op/mixer_b16_224_goog_in21k/test_mixer_b16_224_goog_in21k_aten_convolution_default.py
ERROR tests/autogen_op/mixer_b16_224_goog_in21k/test_mixer_b16_224_goog_in21k_aten_gelu_default.py
ERROR tests/autogen_op/mixer_b16_224_goog_in21k/test_mixer_b16_224_goog_in21k_aten_mean_dim.py
ERROR tests/autogen_op/mixer_b16_224_goog_in21k/test_mixer_b16_224_goog_in21k_aten_mm_default.py
ERROR tests/autogen_op/mixer_b16_224_goog_in21k/test_mixer_b16_224_goog_in21k_aten_native_layer_norm_default.py
ERROR tests/autogen_op/mixer_b16_224_goog_in21k/test_mixer_b16_224_goog_in21k_aten_t_default.py
ERROR tests/autogen_op/mixer_b16_224_goog_in21k/test_mixer_b16_224_goog_in21k_aten_transpose_int.py
ERROR tests/autogen_op/mixer_b16_224_goog_in21k/test_mixer_b16_224_goog_in21k_aten_view_default.py
ERROR tests/autogen_op/mixer_b16_224_goog_in21k-train/test_mixer_b16_224_goog_in21k-train_aten_add_Tensor.py
ERROR tests/autogen_op/mixer_b16_224_goog_in21k-train/test_mixer_b16_224_goog_in21k-train_aten_addmm_default.py
ERROR tests/autogen_op/mixer_b16_224_goog_in21k-train/test_mixer_b16_224_goog_in21k-train_aten_clone_default.py
ERROR tests/autogen_op/mixer_b16_224_goog_in21k-train/test_mixer_b16_224_goog_in21k-train_aten_convolution_backward_default.py
ERROR tests/autogen_op/mixer_b16_224_goog_in21k-train/test_mixer_b16_224_goog_in21k-train_aten_convolution_default.py
ERROR tests/autogen_op/mixer_b16_224_goog_in21k-train/test_mixer_b16_224_goog_in21k-train_aten_div_Scalar.py
ERROR tests/autogen_op/mixer_b16_224_goog_in21k-train/test_mixer_b16_224_goog_in21k-train_aten_expand_default.py
ERROR tests/autogen_op/mixer_b16_224_goog_in21k-train/test_mixer_b16_224_goog_in21k-train_aten_gelu_backward_default.py
ERROR tests/autogen_op/mixer_b16_224_goog_in21k-train/test_mixer_b16_224_goog_in21k-train_aten_gelu_default.py
ERROR tests/autogen_op/mixer_b16_224_goog_in21k-train/test_mixer_b16_224_goog_in21k-train_aten_mean_dim.py
ERROR tests/autogen_op/mixer_b16_224_goog_in21k-train/test_mixer_b16_224_goog_in21k-train_aten_mm_default.py
ERROR tests/autogen_op/mixer_b16_224_goog_in21k-train/test_mixer_b16_224_goog_in21k-train_aten_native_layer_norm_backward_default.py
ERROR tests/autogen_op/mixer_b16_224_goog_in21k-train/test_mixer_b16_224_goog_in21k-train_aten_native_layer_norm_default.py
ERROR tests/autogen_op/mixer_b16_224_goog_in21k-train/test_mixer_b16_224_goog_in21k-train_aten_sum_dim_IntList.py
ERROR tests/autogen_op/mixer_b16_224_goog_in21k-train/test_mixer_b16_224_goog_in21k-train_aten_t_default.py
ERROR tests/autogen_op/mixer_b16_224_goog_in21k-train/test_mixer_b16_224_goog_in21k-train_aten_transpose_int.py
ERROR tests/autogen_op/mixer_b16_224_goog_in21k-train/test_mixer_b16_224_goog_in21k-train_aten_unsqueeze_default.py
ERROR tests/autogen_op/mixer_b16_224_goog_in21k-train/test_mixer_b16_224_goog_in21k-train_aten_view_default.py
ERROR tests/autogen_op/mobilenet_v2/test_mobilenet_v2_aten__native_batch_norm_legit_no_training_default.py
ERROR tests/autogen_op/mobilenet_v2/test_mobilenet_v2_aten_add_Tensor.py
ERROR tests/autogen_op/mobilenet_v2/test_mobilenet_v2_aten_addmm_default.py
ERROR tests/autogen_op/mobilenet_v2/test_mobilenet_v2_aten_clone_default.py
ERROR tests/autogen_op/mobilenet_v2/test_mobilenet_v2_aten_convolution_default.py
ERROR tests/autogen_op/mobilenet_v2/test_mobilenet_v2_aten_hardtanh_default.py
ERROR tests/autogen_op/mobilenet_v2/test_mobilenet_v2_aten_mean_dim.py
ERROR tests/autogen_op/mobilenet_v2/test_mobilenet_v2_aten_t_default.py
ERROR tests/autogen_op/mobilenet_v2/test_mobilenet_v2_aten_view_default.py
ERROR tests/autogen_op/mobilenet_v3_large/test_mobilenet_v3_large_aten__native_batch_norm_legit_no_training_default.py
ERROR tests/autogen_op/mobilenet_v3_large/test_mobilenet_v3_large_aten_add_Tensor.py
ERROR tests/autogen_op/mobilenet_v3_large/test_mobilenet_v3_large_aten_addmm_default.py
ERROR tests/autogen_op/mobilenet_v3_large/test_mobilenet_v3_large_aten_convolution_default.py
ERROR tests/autogen_op/mobilenet_v3_large/test_mobilenet_v3_large_aten_hardsigmoid_default.py
ERROR tests/autogen_op/mobilenet_v3_large/test_mobilenet_v3_large_aten_hardswish_default.py
ERROR tests/autogen_op/mobilenet_v3_large/test_mobilenet_v3_large_aten_mean_dim.py
ERROR tests/autogen_op/mobilenet_v3_large/test_mobilenet_v3_large_aten_mul_Tensor.py
ERROR tests/autogen_op/mobilenet_v3_large/test_mobilenet_v3_large_aten_relu_default.py
ERROR tests/autogen_op/mobilenet_v3_large/test_mobilenet_v3_large_aten_t_default.py
ERROR tests/autogen_op/mobilenet_v3_large/test_mobilenet_v3_large_aten_view_default.py
ERROR tests/autogen_op/mobilenet_v3_small/test_mobilenet_v3_small_aten__native_batch_norm_legit_no_training_default.py
ERROR tests/autogen_op/mobilenet_v3_small/test_mobilenet_v3_small_aten_add_Tensor.py
ERROR tests/autogen_op/mobilenet_v3_small/test_mobilenet_v3_small_aten_addmm_default.py
ERROR tests/autogen_op/mobilenet_v3_small/test_mobilenet_v3_small_aten_convolution_default.py
ERROR tests/autogen_op/mobilenet_v3_small/test_mobilenet_v3_small_aten_hardsigmoid_default.py
ERROR tests/autogen_op/mobilenet_v3_small/test_mobilenet_v3_small_aten_hardswish_default.py
ERROR tests/autogen_op/mobilenet_v3_small/test_mobilenet_v3_small_aten_mean_dim.py
ERROR tests/autogen_op/mobilenet_v3_small/test_mobilenet_v3_small_aten_mul_Tensor.py
ERROR tests/autogen_op/mobilenet_v3_small/test_mobilenet_v3_small_aten_relu_default.py
ERROR tests/autogen_op/mobilenet_v3_small/test_mobilenet_v3_small_aten_t_default.py
ERROR tests/autogen_op/mobilenet_v3_small/test_mobilenet_v3_small_aten_view_default.py
ERROR tests/autogen_op/mobilenetv1_100_ra4_e3600_r224_in1k/test_mobilenetv1_100_ra4_e3600_r224_in1k_aten__native_batch_norm_legit_no_training_default.py
ERROR tests/autogen_op/mobilenetv1_100_ra4_e3600_r224_in1k/test_mobilenetv1_100_ra4_e3600_r224_in1k_aten_addmm_default.py
ERROR tests/autogen_op/mobilenetv1_100_ra4_e3600_r224_in1k/test_mobilenetv1_100_ra4_e3600_r224_in1k_aten_convolution_default.py
ERROR tests/autogen_op/mobilenetv1_100_ra4_e3600_r224_in1k/test_mobilenetv1_100_ra4_e3600_r224_in1k_aten_hardtanh_default.py
ERROR tests/autogen_op/mobilenetv1_100_ra4_e3600_r224_in1k/test_mobilenetv1_100_ra4_e3600_r224_in1k_aten_mean_dim.py
ERROR tests/autogen_op/mobilenetv1_100_ra4_e3600_r224_in1k/test_mobilenetv1_100_ra4_e3600_r224_in1k_aten_t_default.py
ERROR tests/autogen_op/mobilenetv1_100_ra4_e3600_r224_in1k/test_mobilenetv1_100_ra4_e3600_r224_in1k_aten_view_default.py
ERROR tests/autogen_op/mobilenetv1_100_ra4_e3600_r224_in1k-train/test_mobilenetv1_100_ra4_e3600_r224_in1k-train_aten__native_batch_norm_legit_functional_default.py
ERROR tests/autogen_op/mobilenetv1_100_ra4_e3600_r224_in1k-train/test_mobilenetv1_100_ra4_e3600_r224_in1k-train_aten__to_copy_default.py
ERROR tests/autogen_op/mobilenetv1_100_ra4_e3600_r224_in1k-train/test_mobilenetv1_100_ra4_e3600_r224_in1k-train_aten_addmm_default.py
ERROR tests/autogen_op/mobilenetv1_100_ra4_e3600_r224_in1k-train/test_mobilenetv1_100_ra4_e3600_r224_in1k-train_aten_convolution_backward_default.py
ERROR tests/autogen_op/mobilenetv1_100_ra4_e3600_r224_in1k-train/test_mobilenetv1_100_ra4_e3600_r224_in1k-train_aten_convolution_default.py
ERROR tests/autogen_op/mobilenetv1_100_ra4_e3600_r224_in1k-train/test_mobilenetv1_100_ra4_e3600_r224_in1k-train_aten_div_Scalar.py
ERROR tests/autogen_op/mobilenetv1_100_ra4_e3600_r224_in1k-train/test_mobilenetv1_100_ra4_e3600_r224_in1k-train_aten_expand_default.py
ERROR tests/autogen_op/mobilenetv1_100_ra4_e3600_r224_in1k-train/test_mobilenetv1_100_ra4_e3600_r224_in1k-train_aten_hardtanh_backward_default.py
ERROR tests/autogen_op/mobilenetv1_100_ra4_e3600_r224_in1k-train/test_mobilenetv1_100_ra4_e3600_r224_in1k-train_aten_hardtanh_default.py
ERROR tests/autogen_op/mobilenetv1_100_ra4_e3600_r224_in1k-train/test_mobilenetv1_100_ra4_e3600_r224_in1k-train_aten_mean_dim.py
ERROR tests/autogen_op/mobilenetv1_100_ra4_e3600_r224_in1k-train/test_mobilenetv1_100_ra4_e3600_r224_in1k-train_aten_mm_default.py
ERROR tests/autogen_op/mobilenetv1_100_ra4_e3600_r224_in1k-train/test_mobilenetv1_100_ra4_e3600_r224_in1k-train_aten_native_batch_norm_backward_default.py
ERROR tests/autogen_op/mobilenetv1_100_ra4_e3600_r224_in1k-train/test_mobilenetv1_100_ra4_e3600_r224_in1k-train_aten_sum_dim_IntList.py
ERROR tests/autogen_op/mobilenetv1_100_ra4_e3600_r224_in1k-train/test_mobilenetv1_100_ra4_e3600_r224_in1k-train_aten_t_default.py
ERROR tests/autogen_op/mobilenetv1_100_ra4_e3600_r224_in1k-train/test_mobilenetv1_100_ra4_e3600_r224_in1k-train_aten_view_default.py
ERROR tests/autogen_op/regnet_x_16gf/test_regnet_x_16gf_aten__native_batch_norm_legit_no_training_default.py
ERROR tests/autogen_op/regnet_x_16gf/test_regnet_x_16gf_aten_add_Tensor.py
ERROR tests/autogen_op/regnet_x_16gf/test_regnet_x_16gf_aten_addmm_default.py
ERROR tests/autogen_op/regnet_x_16gf/test_regnet_x_16gf_aten_convolution_default.py
ERROR tests/autogen_op/regnet_x_16gf/test_regnet_x_16gf_aten_mean_dim.py
ERROR tests/autogen_op/regnet_x_16gf/test_regnet_x_16gf_aten_relu_default.py
ERROR tests/autogen_op/regnet_x_16gf/test_regnet_x_16gf_aten_t_default.py
ERROR tests/autogen_op/regnet_x_16gf/test_regnet_x_16gf_aten_view_default.py
ERROR tests/autogen_op/regnet_x_1_6gf/test_regnet_x_1_6gf_aten__native_batch_norm_legit_no_training_default.py
ERROR tests/autogen_op/regnet_x_1_6gf/test_regnet_x_1_6gf_aten_add_Tensor.py
ERROR tests/autogen_op/regnet_x_1_6gf/test_regnet_x_1_6gf_aten_addmm_default.py
ERROR tests/autogen_op/regnet_x_1_6gf/test_regnet_x_1_6gf_aten_convolution_default.py
ERROR tests/autogen_op/regnet_x_1_6gf/test_regnet_x_1_6gf_aten_mean_dim.py
ERROR tests/autogen_op/regnet_x_1_6gf/test_regnet_x_1_6gf_aten_relu_default.py
ERROR tests/autogen_op/regnet_x_1_6gf/test_regnet_x_1_6gf_aten_t_default.py
ERROR tests/autogen_op/regnet_x_1_6gf/test_regnet_x_1_6gf_aten_view_default.py
ERROR tests/autogen_op/regnet_x_32gf/test_regnet_x_32gf_aten__native_batch_norm_legit_no_training_default.py
ERROR tests/autogen_op/regnet_x_32gf/test_regnet_x_32gf_aten_add_Tensor.py
ERROR tests/autogen_op/regnet_x_32gf/test_regnet_x_32gf_aten_addmm_default.py
ERROR tests/autogen_op/regnet_x_32gf/test_regnet_x_32gf_aten_convolution_default.py
ERROR tests/autogen_op/regnet_x_32gf/test_regnet_x_32gf_aten_mean_dim.py
ERROR tests/autogen_op/regnet_x_32gf/test_regnet_x_32gf_aten_relu_default.py
ERROR tests/autogen_op/regnet_x_32gf/test_regnet_x_32gf_aten_t_default.py
ERROR tests/autogen_op/regnet_x_32gf/test_regnet_x_32gf_aten_view_default.py
ERROR tests/autogen_op/regnet_x_3_2gf/test_regnet_x_3_2gf_aten__native_batch_norm_legit_no_training_default.py
ERROR tests/autogen_op/regnet_x_3_2gf/test_regnet_x_3_2gf_aten_add_Tensor.py
ERROR tests/autogen_op/regnet_x_3_2gf/test_regnet_x_3_2gf_aten_addmm_default.py
ERROR tests/autogen_op/regnet_x_3_2gf/test_regnet_x_3_2gf_aten_convolution_default.py
ERROR tests/autogen_op/regnet_x_3_2gf/test_regnet_x_3_2gf_aten_mean_dim.py
ERROR tests/autogen_op/regnet_x_3_2gf/test_regnet_x_3_2gf_aten_relu_default.py
ERROR tests/autogen_op/regnet_x_3_2gf/test_regnet_x_3_2gf_aten_t_default.py
ERROR tests/autogen_op/regnet_x_3_2gf/test_regnet_x_3_2gf_aten_view_default.py
ERROR tests/autogen_op/regnet_x_400mf/test_regnet_x_400mf_aten__native_batch_norm_legit_no_training_default.py
ERROR tests/autogen_op/regnet_x_400mf/test_regnet_x_400mf_aten_add_Tensor.py
ERROR tests/autogen_op/regnet_x_400mf/test_regnet_x_400mf_aten_addmm_default.py
ERROR tests/autogen_op/regnet_x_400mf/test_regnet_x_400mf_aten_convolution_default.py
ERROR tests/autogen_op/regnet_x_400mf/test_regnet_x_400mf_aten_mean_dim.py
ERROR tests/autogen_op/regnet_x_400mf/test_regnet_x_400mf_aten_relu_default.py
ERROR tests/autogen_op/regnet_x_400mf/test_regnet_x_400mf_aten_t_default.py
ERROR tests/autogen_op/regnet_x_400mf/test_regnet_x_400mf_aten_view_default.py
ERROR tests/autogen_op/regnet_x_800mf/test_regnet_x_800mf_aten__native_batch_norm_legit_no_training_default.py
ERROR tests/autogen_op/regnet_x_800mf/test_regnet_x_800mf_aten_add_Tensor.py
ERROR tests/autogen_op/regnet_x_800mf/test_regnet_x_800mf_aten_addmm_default.py
ERROR tests/autogen_op/regnet_x_800mf/test_regnet_x_800mf_aten_convolution_default.py
ERROR tests/autogen_op/regnet_x_800mf/test_regnet_x_800mf_aten_mean_dim.py
ERROR tests/autogen_op/regnet_x_800mf/test_regnet_x_800mf_aten_relu_default.py
ERROR tests/autogen_op/regnet_x_800mf/test_regnet_x_800mf_aten_t_default.py
ERROR tests/autogen_op/regnet_x_800mf/test_regnet_x_800mf_aten_view_default.py
ERROR tests/autogen_op/regnet_x_8gf/test_regnet_x_8gf_aten__native_batch_norm_legit_no_training_default.py
ERROR tests/autogen_op/regnet_x_8gf/test_regnet_x_8gf_aten_add_Tensor.py
ERROR tests/autogen_op/regnet_x_8gf/test_regnet_x_8gf_aten_addmm_default.py
ERROR tests/autogen_op/regnet_x_8gf/test_regnet_x_8gf_aten_convolution_default.py
ERROR tests/autogen_op/regnet_x_8gf/test_regnet_x_8gf_aten_mean_dim.py
ERROR tests/autogen_op/regnet_x_8gf/test_regnet_x_8gf_aten_relu_default.py
ERROR tests/autogen_op/regnet_x_8gf/test_regnet_x_8gf_aten_t_default.py
ERROR tests/autogen_op/regnet_x_8gf/test_regnet_x_8gf_aten_view_default.py
ERROR tests/autogen_op/regnet_y_128gf/test_regnet_y_128gf_aten__native_batch_norm_legit_no_training_default.py
ERROR tests/autogen_op/regnet_y_128gf/test_regnet_y_128gf_aten_add_Tensor.py
ERROR tests/autogen_op/regnet_y_128gf/test_regnet_y_128gf_aten_addmm_default.py
ERROR tests/autogen_op/regnet_y_128gf/test_regnet_y_128gf_aten_convolution_default.py
ERROR tests/autogen_op/regnet_y_128gf/test_regnet_y_128gf_aten_mean_dim.py
ERROR tests/autogen_op/regnet_y_128gf/test_regnet_y_128gf_aten_mul_Tensor.py
ERROR tests/autogen_op/regnet_y_128gf/test_regnet_y_128gf_aten_relu_default.py
ERROR tests/autogen_op/regnet_y_128gf/test_regnet_y_128gf_aten_sigmoid_default.py
ERROR tests/autogen_op/regnet_y_128gf/test_regnet_y_128gf_aten_t_default.py
ERROR tests/autogen_op/regnet_y_128gf/test_regnet_y_128gf_aten_view_default.py
ERROR tests/autogen_op/regnet_y_16gf/test_regnet_y_16gf_aten__native_batch_norm_legit_no_training_default.py
ERROR tests/autogen_op/regnet_y_16gf/test_regnet_y_16gf_aten_add_Tensor.py
ERROR tests/autogen_op/regnet_y_16gf/test_regnet_y_16gf_aten_addmm_default.py
ERROR tests/autogen_op/regnet_y_16gf/test_regnet_y_16gf_aten_convolution_default.py
ERROR tests/autogen_op/regnet_y_16gf/test_regnet_y_16gf_aten_mean_dim.py
ERROR tests/autogen_op/regnet_y_16gf/test_regnet_y_16gf_aten_mul_Tensor.py
ERROR tests/autogen_op/regnet_y_16gf/test_regnet_y_16gf_aten_relu_default.py
ERROR tests/autogen_op/regnet_y_16gf/test_regnet_y_16gf_aten_sigmoid_default.py
ERROR tests/autogen_op/regnet_y_16gf/test_regnet_y_16gf_aten_t_default.py
ERROR tests/autogen_op/regnet_y_16gf/test_regnet_y_16gf_aten_view_default.py
ERROR tests/autogen_op/regnet_y_1_6gf/test_regnet_y_1_6gf_aten__native_batch_norm_legit_no_training_default.py
ERROR tests/autogen_op/regnet_y_1_6gf/test_regnet_y_1_6gf_aten_add_Tensor.py
ERROR tests/autogen_op/regnet_y_1_6gf/test_regnet_y_1_6gf_aten_addmm_default.py
ERROR tests/autogen_op/regnet_y_1_6gf/test_regnet_y_1_6gf_aten_convolution_default.py
ERROR tests/autogen_op/regnet_y_1_6gf/test_regnet_y_1_6gf_aten_mean_dim.py
ERROR tests/autogen_op/regnet_y_1_6gf/test_regnet_y_1_6gf_aten_mul_Tensor.py
ERROR tests/autogen_op/regnet_y_1_6gf/test_regnet_y_1_6gf_aten_relu_default.py
ERROR tests/autogen_op/regnet_y_1_6gf/test_regnet_y_1_6gf_aten_sigmoid_default.py
ERROR tests/autogen_op/regnet_y_1_6gf/test_regnet_y_1_6gf_aten_t_default.py
ERROR tests/autogen_op/regnet_y_1_6gf/test_regnet_y_1_6gf_aten_view_default.py
ERROR tests/autogen_op/regnet_y_32gf/test_regnet_y_32gf_aten__native_batch_norm_legit_no_training_default.py
ERROR tests/autogen_op/regnet_y_32gf/test_regnet_y_32gf_aten_add_Tensor.py
ERROR tests/autogen_op/regnet_y_32gf/test_regnet_y_32gf_aten_addmm_default.py
ERROR tests/autogen_op/regnet_y_32gf/test_regnet_y_32gf_aten_convolution_default.py
ERROR tests/autogen_op/regnet_y_32gf/test_regnet_y_32gf_aten_mean_dim.py
ERROR tests/autogen_op/regnet_y_32gf/test_regnet_y_32gf_aten_mul_Tensor.py
ERROR tests/autogen_op/regnet_y_32gf/test_regnet_y_32gf_aten_relu_default.py
ERROR tests/autogen_op/regnet_y_32gf/test_regnet_y_32gf_aten_sigmoid_default.py
ERROR tests/autogen_op/regnet_y_32gf/test_regnet_y_32gf_aten_t_default.py
ERROR tests/autogen_op/regnet_y_32gf/test_regnet_y_32gf_aten_view_default.py
ERROR tests/autogen_op/regnet_y_3_2gf/test_regnet_y_3_2gf_aten__native_batch_norm_legit_no_training_default.py
ERROR tests/autogen_op/regnet_y_3_2gf/test_regnet_y_3_2gf_aten_add_Tensor.py
ERROR tests/autogen_op/regnet_y_3_2gf/test_regnet_y_3_2gf_aten_addmm_default.py
ERROR tests/autogen_op/regnet_y_3_2gf/test_regnet_y_3_2gf_aten_convolution_default.py
ERROR tests/autogen_op/regnet_y_3_2gf/test_regnet_y_3_2gf_aten_mean_dim.py
ERROR tests/autogen_op/regnet_y_3_2gf/test_regnet_y_3_2gf_aten_mul_Tensor.py
ERROR tests/autogen_op/regnet_y_3_2gf/test_regnet_y_3_2gf_aten_relu_default.py
ERROR tests/autogen_op/regnet_y_3_2gf/test_regnet_y_3_2gf_aten_sigmoid_default.py
ERROR tests/autogen_op/regnet_y_3_2gf/test_regnet_y_3_2gf_aten_t_default.py
ERROR tests/autogen_op/regnet_y_3_2gf/test_regnet_y_3_2gf_aten_view_default.py
ERROR tests/autogen_op/regnet_y_400mf/test_regnet_y_400mf_aten__native_batch_norm_legit_no_training_default.py
ERROR tests/autogen_op/regnet_y_400mf/test_regnet_y_400mf_aten_add_Tensor.py
ERROR tests/autogen_op/regnet_y_400mf/test_regnet_y_400mf_aten_addmm_default.py
ERROR tests/autogen_op/regnet_y_400mf/test_regnet_y_400mf_aten_convolution_default.py
ERROR tests/autogen_op/regnet_y_400mf/test_regnet_y_400mf_aten_mean_dim.py
ERROR tests/autogen_op/regnet_y_400mf/test_regnet_y_400mf_aten_mul_Tensor.py
ERROR tests/autogen_op/regnet_y_400mf/test_regnet_y_400mf_aten_relu_default.py
ERROR tests/autogen_op/regnet_y_400mf/test_regnet_y_400mf_aten_sigmoid_default.py
ERROR tests/autogen_op/regnet_y_400mf/test_regnet_y_400mf_aten_t_default.py
ERROR tests/autogen_op/regnet_y_400mf/test_regnet_y_400mf_aten_view_default.py
ERROR tests/autogen_op/regnet_y_800mf/test_regnet_y_800mf_aten__native_batch_norm_legit_no_training_default.py
ERROR tests/autogen_op/regnet_y_800mf/test_regnet_y_800mf_aten_add_Tensor.py
ERROR tests/autogen_op/regnet_y_800mf/test_regnet_y_800mf_aten_addmm_default.py
ERROR tests/autogen_op/regnet_y_800mf/test_regnet_y_800mf_aten_convolution_default.py
ERROR tests/autogen_op/regnet_y_800mf/test_regnet_y_800mf_aten_mean_dim.py
ERROR tests/autogen_op/regnet_y_800mf/test_regnet_y_800mf_aten_mul_Tensor.py
ERROR tests/autogen_op/regnet_y_800mf/test_regnet_y_800mf_aten_relu_default.py
ERROR tests/autogen_op/regnet_y_800mf/test_regnet_y_800mf_aten_sigmoid_default.py
ERROR tests/autogen_op/regnet_y_800mf/test_regnet_y_800mf_aten_t_default.py
ERROR tests/autogen_op/regnet_y_800mf/test_regnet_y_800mf_aten_view_default.py
ERROR tests/autogen_op/regnet_y_8gf/test_regnet_y_8gf_aten__native_batch_norm_legit_no_training_default.py
ERROR tests/autogen_op/regnet_y_8gf/test_regnet_y_8gf_aten_add_Tensor.py
ERROR tests/autogen_op/regnet_y_8gf/test_regnet_y_8gf_aten_addmm_default.py
ERROR tests/autogen_op/regnet_y_8gf/test_regnet_y_8gf_aten_convolution_default.py
ERROR tests/autogen_op/regnet_y_8gf/test_regnet_y_8gf_aten_mean_dim.py
ERROR tests/autogen_op/regnet_y_8gf/test_regnet_y_8gf_aten_mul_Tensor.py
ERROR tests/autogen_op/regnet_y_8gf/test_regnet_y_8gf_aten_relu_default.py
ERROR tests/autogen_op/regnet_y_8gf/test_regnet_y_8gf_aten_sigmoid_default.py
ERROR tests/autogen_op/regnet_y_8gf/test_regnet_y_8gf_aten_t_default.py
ERROR tests/autogen_op/regnet_y_8gf/test_regnet_y_8gf_aten_view_default.py
ERROR tests/autogen_op/resnet101/test_resnet101_aten__native_batch_norm_legit_no_training_default.py
ERROR tests/autogen_op/resnet101/test_resnet101_aten_add_Tensor.py
ERROR tests/autogen_op/resnet101/test_resnet101_aten_addmm_default.py
ERROR tests/autogen_op/resnet101/test_resnet101_aten_convolution_default.py
ERROR tests/autogen_op/resnet101/test_resnet101_aten_max_pool2d_with_indices_default.py
ERROR tests/autogen_op/resnet101/test_resnet101_aten_mean_dim.py
ERROR tests/autogen_op/resnet101/test_resnet101_aten_relu_default.py
ERROR tests/autogen_op/resnet101/test_resnet101_aten_t_default.py
ERROR tests/autogen_op/resnet101/test_resnet101_aten_view_default.py
ERROR tests/autogen_op/resnet152/test_resnet152_aten__native_batch_norm_legit_no_training_default.py
ERROR tests/autogen_op/resnet152/test_resnet152_aten_add_Tensor.py
ERROR tests/autogen_op/resnet152/test_resnet152_aten_addmm_default.py
ERROR tests/autogen_op/resnet152/test_resnet152_aten_convolution_default.py
ERROR tests/autogen_op/resnet152/test_resnet152_aten_max_pool2d_with_indices_default.py
ERROR tests/autogen_op/resnet152/test_resnet152_aten_mean_dim.py
ERROR tests/autogen_op/resnet152/test_resnet152_aten_relu_default.py
ERROR tests/autogen_op/resnet152/test_resnet152_aten_t_default.py
ERROR tests/autogen_op/resnet152/test_resnet152_aten_view_default.py
ERROR tests/autogen_op/resnet18/test_resnet18_aten__native_batch_norm_legit_no_training_default.py
ERROR tests/autogen_op/resnet18/test_resnet18_aten_add_Tensor.py
ERROR tests/autogen_op/resnet18/test_resnet18_aten_addmm_default.py
ERROR tests/autogen_op/resnet18/test_resnet18_aten_convolution_default.py
ERROR tests/autogen_op/resnet18/test_resnet18_aten_max_pool2d_with_indices_default.py
ERROR tests/autogen_op/resnet18/test_resnet18_aten_mean_dim.py
ERROR tests/autogen_op/resnet18/test_resnet18_aten_relu_default.py
ERROR tests/autogen_op/resnet18/test_resnet18_aten_t_default.py
ERROR tests/autogen_op/resnet18/test_resnet18_aten_view_default.py
ERROR tests/autogen_op/resnet34/test_resnet34_aten__native_batch_norm_legit_no_training_default.py
ERROR tests/autogen_op/resnet34/test_resnet34_aten_add_Tensor.py
ERROR tests/autogen_op/resnet34/test_resnet34_aten_addmm_default.py
ERROR tests/autogen_op/resnet34/test_resnet34_aten_convolution_default.py
ERROR tests/autogen_op/resnet34/test_resnet34_aten_max_pool2d_with_indices_default.py
ERROR tests/autogen_op/resnet34/test_resnet34_aten_mean_dim.py
ERROR tests/autogen_op/resnet34/test_resnet34_aten_relu_default.py
ERROR tests/autogen_op/resnet34/test_resnet34_aten_t_default.py
ERROR tests/autogen_op/resnet34/test_resnet34_aten_view_default.py
ERROR tests/autogen_op/resnet50/test_resnet50_aten__native_batch_norm_legit_no_training_default.py
ERROR tests/autogen_op/resnet50/test_resnet50_aten_add_Tensor.py
ERROR tests/autogen_op/resnet50/test_resnet50_aten_addmm_default.py
ERROR tests/autogen_op/resnet50/test_resnet50_aten_convolution_default.py
ERROR tests/autogen_op/resnet50/test_resnet50_aten_max_pool2d_with_indices_default.py
ERROR tests/autogen_op/resnet50/test_resnet50_aten_mean_dim.py
ERROR tests/autogen_op/resnet50/test_resnet50_aten_relu_default.py
ERROR tests/autogen_op/resnet50/test_resnet50_aten_t_default.py
ERROR tests/autogen_op/resnet50/test_resnet50_aten_view_default.py
ERROR tests/autogen_op/resnext101_32x8d/test_resnext101_32x8d_aten__native_batch_norm_legit_no_training_default.py
ERROR tests/autogen_op/resnext101_32x8d/test_resnext101_32x8d_aten_add_Tensor.py
ERROR tests/autogen_op/resnext101_32x8d/test_resnext101_32x8d_aten_addmm_default.py
ERROR tests/autogen_op/resnext101_32x8d/test_resnext101_32x8d_aten_convolution_default.py
ERROR tests/autogen_op/resnext101_32x8d/test_resnext101_32x8d_aten_max_pool2d_with_indices_default.py
ERROR tests/autogen_op/resnext101_32x8d/test_resnext101_32x8d_aten_mean_dim.py
ERROR tests/autogen_op/resnext101_32x8d/test_resnext101_32x8d_aten_relu_default.py
ERROR tests/autogen_op/resnext101_32x8d/test_resnext101_32x8d_aten_t_default.py
ERROR tests/autogen_op/resnext101_32x8d/test_resnext101_32x8d_aten_view_default.py
ERROR tests/autogen_op/resnext101_64x4d/test_resnext101_64x4d_aten__native_batch_norm_legit_no_training_default.py
ERROR tests/autogen_op/resnext101_64x4d/test_resnext101_64x4d_aten_add_Tensor.py
ERROR tests/autogen_op/resnext101_64x4d/test_resnext101_64x4d_aten_addmm_default.py
ERROR tests/autogen_op/resnext101_64x4d/test_resnext101_64x4d_aten_convolution_default.py
ERROR tests/autogen_op/resnext101_64x4d/test_resnext101_64x4d_aten_max_pool2d_with_indices_default.py
ERROR tests/autogen_op/resnext101_64x4d/test_resnext101_64x4d_aten_mean_dim.py
ERROR tests/autogen_op/resnext101_64x4d/test_resnext101_64x4d_aten_relu_default.py
ERROR tests/autogen_op/resnext101_64x4d/test_resnext101_64x4d_aten_t_default.py
ERROR tests/autogen_op/resnext101_64x4d/test_resnext101_64x4d_aten_view_default.py
ERROR tests/autogen_op/resnext50_32x4d/test_resnext50_32x4d_aten__native_batch_norm_legit_no_training_default.py
ERROR tests/autogen_op/resnext50_32x4d/test_resnext50_32x4d_aten_add_Tensor.py
ERROR tests/autogen_op/resnext50_32x4d/test_resnext50_32x4d_aten_addmm_default.py
ERROR tests/autogen_op/resnext50_32x4d/test_resnext50_32x4d_aten_convolution_default.py
ERROR tests/autogen_op/resnext50_32x4d/test_resnext50_32x4d_aten_max_pool2d_with_indices_default.py
ERROR tests/autogen_op/resnext50_32x4d/test_resnext50_32x4d_aten_mean_dim.py
ERROR tests/autogen_op/resnext50_32x4d/test_resnext50_32x4d_aten_relu_default.py
ERROR tests/autogen_op/resnext50_32x4d/test_resnext50_32x4d_aten_t_default.py
ERROR tests/autogen_op/resnext50_32x4d/test_resnext50_32x4d_aten_view_default.py
ERROR tests/autogen_op/retinanet_resnet50_fpn/test_retinanet_resnet50_fpn_aten__unsafe_index_Tensor.py
ERROR tests/autogen_op/retinanet_resnet50_fpn/test_retinanet_resnet50_fpn_aten__unsafe_view_default.py
ERROR tests/autogen_op/retinanet_resnet50_fpn/test_retinanet_resnet50_fpn_aten_add_Tensor.py
ERROR tests/autogen_op/retinanet_resnet50_fpn/test_retinanet_resnet50_fpn_aten_cat_default.py
ERROR tests/autogen_op/retinanet_resnet50_fpn/test_retinanet_resnet50_fpn_aten_clone_default.py
ERROR tests/autogen_op/retinanet_resnet50_fpn/test_retinanet_resnet50_fpn_aten_convolution_default.py
ERROR tests/autogen_op/retinanet_resnet50_fpn/test_retinanet_resnet50_fpn_aten_div_Tensor.py
ERROR tests/autogen_op/retinanet_resnet50_fpn/test_retinanet_resnet50_fpn_aten_empty_memory_format.py
ERROR tests/autogen_op/retinanet_resnet50_fpn/test_retinanet_resnet50_fpn_aten_expand_default.py
ERROR tests/autogen_op/retinanet_resnet50_fpn/test_retinanet_resnet50_fpn_aten_fill_Scalar.py
ERROR tests/autogen_op/retinanet_resnet50_fpn/test_retinanet_resnet50_fpn_aten_max_pool2d_with_indices_default.py
ERROR tests/autogen_op/retinanet_resnet50_fpn/test_retinanet_resnet50_fpn_aten_mul_Tensor.py
ERROR tests/autogen_op/retinanet_resnet50_fpn/test_retinanet_resnet50_fpn_aten_new_full_default.py
ERROR tests/autogen_op/retinanet_resnet50_fpn/test_retinanet_resnet50_fpn_aten_permute_default.py
ERROR tests/autogen_op/retinanet_resnet50_fpn/test_retinanet_resnet50_fpn_aten_relu_default.py
ERROR tests/autogen_op/retinanet_resnet50_fpn/test_retinanet_resnet50_fpn_aten_rsqrt_default.py
ERROR tests/autogen_op/retinanet_resnet50_fpn/test_retinanet_resnet50_fpn_aten_rsub_Scalar.py
ERROR tests/autogen_op/retinanet_resnet50_fpn/test_retinanet_resnet50_fpn_aten_select_int.py
ERROR tests/autogen_op/retinanet_resnet50_fpn/test_retinanet_resnet50_fpn_aten_slice_Tensor.py
ERROR tests/autogen_op/retinanet_resnet50_fpn/test_retinanet_resnet50_fpn_aten_split_with_sizes_default.py
ERROR tests/autogen_op/retinanet_resnet50_fpn/test_retinanet_resnet50_fpn_aten_stack_default.py
ERROR tests/autogen_op/retinanet_resnet50_fpn/test_retinanet_resnet50_fpn_aten_sub_Tensor.py
ERROR tests/autogen_op/retinanet_resnet50_fpn/test_retinanet_resnet50_fpn_aten_unsqueeze_default.py
ERROR tests/autogen_op/retinanet_resnet50_fpn/test_retinanet_resnet50_fpn_aten_view_default.py
ERROR tests/autogen_op/retinanet_resnet50_fpn_v2/test_retinanet_resnet50_fpn_v2_aten__native_batch_norm_legit_no_training_default.py
ERROR tests/autogen_op/retinanet_resnet50_fpn_v2/test_retinanet_resnet50_fpn_v2_aten__unsafe_index_Tensor.py
ERROR tests/autogen_op/retinanet_resnet50_fpn_v2/test_retinanet_resnet50_fpn_v2_aten__unsafe_view_default.py
ERROR tests/autogen_op/retinanet_resnet50_fpn_v2/test_retinanet_resnet50_fpn_v2_aten_add_Tensor.py
ERROR tests/autogen_op/retinanet_resnet50_fpn_v2/test_retinanet_resnet50_fpn_v2_aten_cat_default.py
ERROR tests/autogen_op/retinanet_resnet50_fpn_v2/test_retinanet_resnet50_fpn_v2_aten_clone_default.py
ERROR tests/autogen_op/retinanet_resnet50_fpn_v2/test_retinanet_resnet50_fpn_v2_aten_convolution_default.py
ERROR tests/autogen_op/retinanet_resnet50_fpn_v2/test_retinanet_resnet50_fpn_v2_aten_div_Tensor.py
ERROR tests/autogen_op/retinanet_resnet50_fpn_v2/test_retinanet_resnet50_fpn_v2_aten_empty_memory_format.py
ERROR tests/autogen_op/retinanet_resnet50_fpn_v2/test_retinanet_resnet50_fpn_v2_aten_expand_default.py
ERROR tests/autogen_op/retinanet_resnet50_fpn_v2/test_retinanet_resnet50_fpn_v2_aten_fill_Scalar.py
ERROR tests/autogen_op/retinanet_resnet50_fpn_v2/test_retinanet_resnet50_fpn_v2_aten_max_pool2d_with_indices_default.py
ERROR tests/autogen_op/retinanet_resnet50_fpn_v2/test_retinanet_resnet50_fpn_v2_aten_mul_Tensor.py
ERROR tests/autogen_op/retinanet_resnet50_fpn_v2/test_retinanet_resnet50_fpn_v2_aten_native_group_norm_default.py
ERROR tests/autogen_op/retinanet_resnet50_fpn_v2/test_retinanet_resnet50_fpn_v2_aten_new_full_default.py
ERROR tests/autogen_op/retinanet_resnet50_fpn_v2/test_retinanet_resnet50_fpn_v2_aten_permute_default.py
ERROR tests/autogen_op/retinanet_resnet50_fpn_v2/test_retinanet_resnet50_fpn_v2_aten_relu_default.py
ERROR tests/autogen_op/retinanet_resnet50_fpn_v2/test_retinanet_resnet50_fpn_v2_aten_rsub_Scalar.py
ERROR tests/autogen_op/retinanet_resnet50_fpn_v2/test_retinanet_resnet50_fpn_v2_aten_select_int.py
ERROR tests/autogen_op/retinanet_resnet50_fpn_v2/test_retinanet_resnet50_fpn_v2_aten_slice_Tensor.py
ERROR tests/autogen_op/retinanet_resnet50_fpn_v2/test_retinanet_resnet50_fpn_v2_aten_split_with_sizes_default.py
ERROR tests/autogen_op/retinanet_resnet50_fpn_v2/test_retinanet_resnet50_fpn_v2_aten_stack_default.py
ERROR tests/autogen_op/retinanet_resnet50_fpn_v2/test_retinanet_resnet50_fpn_v2_aten_sub_Tensor.py
ERROR tests/autogen_op/retinanet_resnet50_fpn_v2/test_retinanet_resnet50_fpn_v2_aten_unsqueeze_default.py
ERROR tests/autogen_op/retinanet_resnet50_fpn_v2/test_retinanet_resnet50_fpn_v2_aten_view_default.py
ERROR tests/autogen_op/speecht5-tts/test_speecht5-tts_aten__softmax_default.py
ERROR tests/autogen_op/speecht5-tts/test_speecht5-tts_aten__to_copy_default.py
ERROR tests/autogen_op/speecht5-tts/test_speecht5-tts_aten__unsafe_view_default.py
ERROR tests/autogen_op/speecht5-tts/test_speecht5-tts_aten_add_Tensor.py
ERROR tests/autogen_op/speecht5-tts/test_speecht5-tts_aten_addmm_default.py
ERROR tests/autogen_op/speecht5-tts/test_speecht5-tts_aten_bmm_default.py
ERROR tests/autogen_op/speecht5-tts/test_speecht5-tts_aten_clone_default.py
ERROR tests/autogen_op/speecht5-tts/test_speecht5-tts_aten_embedding_default.py
ERROR tests/autogen_op/speecht5-tts/test_speecht5-tts_aten_expand_default.py
ERROR tests/autogen_op/speecht5-tts/test_speecht5-tts_aten_gelu_default.py
ERROR tests/autogen_op/speecht5-tts/test_speecht5-tts_aten_masked_fill_Scalar.py
ERROR tests/autogen_op/speecht5-tts/test_speecht5-tts_aten_mul_Tensor.py
ERROR tests/autogen_op/speecht5-tts/test_speecht5-tts_aten_native_layer_norm_default.py
ERROR tests/autogen_op/speecht5-tts/test_speecht5-tts_aten_rsub_Scalar.py
ERROR tests/autogen_op/speecht5-tts/test_speecht5-tts_aten_slice_Tensor.py
ERROR tests/autogen_op/speecht5-tts/test_speecht5-tts_aten_sub_Tensor.py
ERROR tests/autogen_op/speecht5-tts/test_speecht5-tts_aten_t_default.py
ERROR tests/autogen_op/speecht5-tts/test_speecht5-tts_aten_transpose_int.py
ERROR tests/autogen_op/speecht5-tts/test_speecht5-tts_aten_unsqueeze_default.py
ERROR tests/autogen_op/speecht5-tts/test_speecht5-tts_aten_view_default.py
ERROR tests/autogen_op/ssd300_vgg16/test_ssd300_vgg16_aten__unsafe_index_Tensor.py
ERROR tests/autogen_op/ssd300_vgg16/test_ssd300_vgg16_aten__unsafe_view_default.py
ERROR tests/autogen_op/ssd300_vgg16/test_ssd300_vgg16_aten_add_Tensor.py
ERROR tests/autogen_op/ssd300_vgg16/test_ssd300_vgg16_aten_cat_default.py
ERROR tests/autogen_op/ssd300_vgg16/test_ssd300_vgg16_aten_clamp_default.py
ERROR tests/autogen_op/ssd300_vgg16/test_ssd300_vgg16_aten_clamp_min_default.py
ERROR tests/autogen_op/ssd300_vgg16/test_ssd300_vgg16_aten_clone_default.py
ERROR tests/autogen_op/ssd300_vgg16/test_ssd300_vgg16_aten_convolution_default.py
ERROR tests/autogen_op/ssd300_vgg16/test_ssd300_vgg16_aten_div_Tensor.py
ERROR tests/autogen_op/ssd300_vgg16/test_ssd300_vgg16_aten_expand_default.py
ERROR tests/autogen_op/ssd300_vgg16/test_ssd300_vgg16_aten_linalg_vector_norm_default.py
ERROR tests/autogen_op/ssd300_vgg16/test_ssd300_vgg16_aten_max_pool2d_with_indices_default.py
ERROR tests/autogen_op/ssd300_vgg16/test_ssd300_vgg16_aten_mul_Tensor.py
ERROR tests/autogen_op/ssd300_vgg16/test_ssd300_vgg16_aten_new_full_default.py
ERROR tests/autogen_op/ssd300_vgg16/test_ssd300_vgg16_aten_permute_default.py
ERROR tests/autogen_op/ssd300_vgg16/test_ssd300_vgg16_aten_relu_default.py
ERROR tests/autogen_op/ssd300_vgg16/test_ssd300_vgg16_aten_repeat_default.py
ERROR tests/autogen_op/ssd300_vgg16/test_ssd300_vgg16_aten_rsub_Scalar.py
ERROR tests/autogen_op/ssd300_vgg16/test_ssd300_vgg16_aten_select_int.py
ERROR tests/autogen_op/ssd300_vgg16/test_ssd300_vgg16_aten_slice_Tensor.py
ERROR tests/autogen_op/ssd300_vgg16/test_ssd300_vgg16_aten_stack_default.py
ERROR tests/autogen_op/ssd300_vgg16/test_ssd300_vgg16_aten_sub_Tensor.py
ERROR tests/autogen_op/ssd300_vgg16/test_ssd300_vgg16_aten_unsqueeze_default.py
ERROR tests/autogen_op/ssd300_vgg16/test_ssd300_vgg16_aten_view_default.py
ERROR tests/autogen_op/ssdlite320_mobilenet_v3_large/test_ssdlite320_mobilenet_v3_large_aten__native_batch_norm_legit_no_training_default.py
ERROR tests/autogen_op/ssdlite320_mobilenet_v3_large/test_ssdlite320_mobilenet_v3_large_aten__unsafe_index_Tensor.py
ERROR tests/autogen_op/ssdlite320_mobilenet_v3_large/test_ssdlite320_mobilenet_v3_large_aten__unsafe_view_default.py
ERROR tests/autogen_op/ssdlite320_mobilenet_v3_large/test_ssdlite320_mobilenet_v3_large_aten_add_Tensor.py
ERROR tests/autogen_op/ssdlite320_mobilenet_v3_large/test_ssdlite320_mobilenet_v3_large_aten_cat_default.py
ERROR tests/autogen_op/ssdlite320_mobilenet_v3_large/test_ssdlite320_mobilenet_v3_large_aten_clamp_default.py
ERROR tests/autogen_op/ssdlite320_mobilenet_v3_large/test_ssdlite320_mobilenet_v3_large_aten_clone_default.py
ERROR tests/autogen_op/ssdlite320_mobilenet_v3_large/test_ssdlite320_mobilenet_v3_large_aten_convolution_default.py
ERROR tests/autogen_op/ssdlite320_mobilenet_v3_large/test_ssdlite320_mobilenet_v3_large_aten_div_Tensor.py
ERROR tests/autogen_op/ssdlite320_mobilenet_v3_large/test_ssdlite320_mobilenet_v3_large_aten_expand_default.py
ERROR tests/autogen_op/ssdlite320_mobilenet_v3_large/test_ssdlite320_mobilenet_v3_large_aten_hardsigmoid_default.py
ERROR tests/autogen_op/ssdlite320_mobilenet_v3_large/test_ssdlite320_mobilenet_v3_large_aten_hardswish_default.py
ERROR tests/autogen_op/ssdlite320_mobilenet_v3_large/test_ssdlite320_mobilenet_v3_large_aten_hardtanh_default.py
ERROR tests/autogen_op/ssdlite320_mobilenet_v3_large/test_ssdlite320_mobilenet_v3_large_aten_mean_dim.py
ERROR tests/autogen_op/ssdlite320_mobilenet_v3_large/test_ssdlite320_mobilenet_v3_large_aten_mul_Tensor.py
ERROR tests/autogen_op/ssdlite320_mobilenet_v3_large/test_ssdlite320_mobilenet_v3_large_aten_new_full_default.py
ERROR tests/autogen_op/ssdlite320_mobilenet_v3_large/test_ssdlite320_mobilenet_v3_large_aten_permute_default.py
ERROR tests/autogen_op/ssdlite320_mobilenet_v3_large/test_ssdlite320_mobilenet_v3_large_aten_relu_default.py
ERROR tests/autogen_op/ssdlite320_mobilenet_v3_large/test_ssdlite320_mobilenet_v3_large_aten_repeat_default.py
ERROR tests/autogen_op/ssdlite320_mobilenet_v3_large/test_ssdlite320_mobilenet_v3_large_aten_rsub_Scalar.py
ERROR tests/autogen_op/ssdlite320_mobilenet_v3_large/test_ssdlite320_mobilenet_v3_large_aten_select_int.py
ERROR tests/autogen_op/ssdlite320_mobilenet_v3_large/test_ssdlite320_mobilenet_v3_large_aten_slice_Tensor.py
ERROR tests/autogen_op/ssdlite320_mobilenet_v3_large/test_ssdlite320_mobilenet_v3_large_aten_stack_default.py
ERROR tests/autogen_op/ssdlite320_mobilenet_v3_large/test_ssdlite320_mobilenet_v3_large_aten_sub_Tensor.py
ERROR tests/autogen_op/ssdlite320_mobilenet_v3_large/test_ssdlite320_mobilenet_v3_large_aten_unsqueeze_default.py
ERROR tests/autogen_op/ssdlite320_mobilenet_v3_large/test_ssdlite320_mobilenet_v3_large_aten_view_default.py
ERROR tests/autogen_op/swin_b/test_swin_b_aten__softmax_default.py
ERROR tests/autogen_op/swin_b/test_swin_b_aten__unsafe_view_default.py
ERROR tests/autogen_op/swin_b/test_swin_b_aten_add_Tensor.py
ERROR tests/autogen_op/swin_b/test_swin_b_aten_addmm_default.py
ERROR tests/autogen_op/swin_b/test_swin_b_aten_as_strided_default.py
ERROR tests/autogen_op/swin_b/test_swin_b_aten_bmm_default.py
ERROR tests/autogen_op/swin_b/test_swin_b_aten_cat_default.py
ERROR tests/autogen_op/swin_b/test_swin_b_aten_clone_default.py
ERROR tests/autogen_op/swin_b/test_swin_b_aten_constant_pad_nd_default.py
ERROR tests/autogen_op/swin_b/test_swin_b_aten_convolution_default.py
ERROR tests/autogen_op/swin_b/test_swin_b_aten_eq_Scalar.py
ERROR tests/autogen_op/swin_b/test_swin_b_aten_expand_default.py
ERROR tests/autogen_op/swin_b/test_swin_b_aten_gelu_default.py
ERROR tests/autogen_op/swin_b/test_swin_b_aten_index_Tensor.py
ERROR tests/autogen_op/swin_b/test_swin_b_aten_masked_fill_Scalar.py
ERROR tests/autogen_op/swin_b/test_swin_b_aten_mean_dim.py
ERROR tests/autogen_op/swin_b/test_swin_b_aten_mm_default.py
ERROR tests/autogen_op/swin_b/test_swin_b_aten_mul_Tensor.py
ERROR tests/autogen_op/swin_b/test_swin_b_aten_native_layer_norm_default.py
ERROR tests/autogen_op/swin_b/test_swin_b_aten_ne_Scalar.py
ERROR tests/autogen_op/swin_b/test_swin_b_aten_new_zeros_default.py
ERROR tests/autogen_op/swin_b/test_swin_b_aten_permute_default.py
ERROR tests/autogen_op/swin_b/test_swin_b_aten_roll_default.py
ERROR tests/autogen_op/swin_b/test_swin_b_aten_select_int.py
ERROR tests/autogen_op/swin_b/test_swin_b_aten_slice_Tensor.py
ERROR tests/autogen_op/swin_b/test_swin_b_aten_sub_Tensor.py
ERROR tests/autogen_op/swin_b/test_swin_b_aten_t_default.py
ERROR tests/autogen_op/swin_b/test_swin_b_aten_transpose_int.py
ERROR tests/autogen_op/swin_b/test_swin_b_aten_unsqueeze_default.py
ERROR tests/autogen_op/swin_b/test_swin_b_aten_view_default.py
ERROR tests/autogen_op/swin_s/test_swin_s_aten__softmax_default.py
ERROR tests/autogen_op/swin_s/test_swin_s_aten__unsafe_view_default.py
ERROR tests/autogen_op/swin_s/test_swin_s_aten_add_Tensor.py
ERROR tests/autogen_op/swin_s/test_swin_s_aten_addmm_default.py
ERROR tests/autogen_op/swin_s/test_swin_s_aten_as_strided_default.py
ERROR tests/autogen_op/swin_s/test_swin_s_aten_bmm_default.py
ERROR tests/autogen_op/swin_s/test_swin_s_aten_cat_default.py
ERROR tests/autogen_op/swin_s/test_swin_s_aten_clone_default.py
ERROR tests/autogen_op/swin_s/test_swin_s_aten_constant_pad_nd_default.py
ERROR tests/autogen_op/swin_s/test_swin_s_aten_convolution_default.py
ERROR tests/autogen_op/swin_s/test_swin_s_aten_eq_Scalar.py
ERROR tests/autogen_op/swin_s/test_swin_s_aten_expand_default.py
ERROR tests/autogen_op/swin_s/test_swin_s_aten_gelu_default.py
ERROR tests/autogen_op/swin_s/test_swin_s_aten_index_Tensor.py
ERROR tests/autogen_op/swin_s/test_swin_s_aten_masked_fill_Scalar.py
ERROR tests/autogen_op/swin_s/test_swin_s_aten_mean_dim.py
ERROR tests/autogen_op/swin_s/test_swin_s_aten_mm_default.py
ERROR tests/autogen_op/swin_s/test_swin_s_aten_mul_Tensor.py
ERROR tests/autogen_op/swin_s/test_swin_s_aten_native_layer_norm_default.py
ERROR tests/autogen_op/swin_s/test_swin_s_aten_ne_Scalar.py
ERROR tests/autogen_op/swin_s/test_swin_s_aten_new_zeros_default.py
ERROR tests/autogen_op/swin_s/test_swin_s_aten_permute_default.py
ERROR tests/autogen_op/swin_s/test_swin_s_aten_roll_default.py
ERROR tests/autogen_op/swin_s/test_swin_s_aten_select_int.py
ERROR tests/autogen_op/swin_s/test_swin_s_aten_slice_Tensor.py
ERROR tests/autogen_op/swin_s/test_swin_s_aten_sub_Tensor.py
ERROR tests/autogen_op/swin_s/test_swin_s_aten_t_default.py
ERROR tests/autogen_op/swin_s/test_swin_s_aten_transpose_int.py
ERROR tests/autogen_op/swin_s/test_swin_s_aten_unsqueeze_default.py
ERROR tests/autogen_op/swin_s/test_swin_s_aten_view_default.py
ERROR tests/autogen_op/swin_t/test_swin_t_aten__softmax_default.py
ERROR tests/autogen_op/swin_t/test_swin_t_aten__unsafe_view_default.py
ERROR tests/autogen_op/swin_t/test_swin_t_aten_add_Tensor.py
ERROR tests/autogen_op/swin_t/test_swin_t_aten_addmm_default.py
ERROR tests/autogen_op/swin_t/test_swin_t_aten_as_strided_default.py
ERROR tests/autogen_op/swin_t/test_swin_t_aten_bmm_default.py
ERROR tests/autogen_op/swin_t/test_swin_t_aten_cat_default.py
ERROR tests/autogen_op/swin_t/test_swin_t_aten_clone_default.py
ERROR tests/autogen_op/swin_t/test_swin_t_aten_constant_pad_nd_default.py
ERROR tests/autogen_op/swin_t/test_swin_t_aten_convolution_default.py
ERROR tests/autogen_op/swin_t/test_swin_t_aten_eq_Scalar.py
ERROR tests/autogen_op/swin_t/test_swin_t_aten_expand_default.py
ERROR tests/autogen_op/swin_t/test_swin_t_aten_gelu_default.py
ERROR tests/autogen_op/swin_t/test_swin_t_aten_index_Tensor.py
ERROR tests/autogen_op/swin_t/test_swin_t_aten_masked_fill_Scalar.py
ERROR tests/autogen_op/swin_t/test_swin_t_aten_mean_dim.py
ERROR tests/autogen_op/swin_t/test_swin_t_aten_mm_default.py
ERROR tests/autogen_op/swin_t/test_swin_t_aten_mul_Tensor.py
ERROR tests/autogen_op/swin_t/test_swin_t_aten_native_layer_norm_default.py
ERROR tests/autogen_op/swin_t/test_swin_t_aten_ne_Scalar.py
ERROR tests/autogen_op/swin_t/test_swin_t_aten_new_zeros_default.py
ERROR tests/autogen_op/swin_t/test_swin_t_aten_permute_default.py
ERROR tests/autogen_op/swin_t/test_swin_t_aten_roll_default.py
ERROR tests/autogen_op/swin_t/test_swin_t_aten_select_int.py
ERROR tests/autogen_op/swin_t/test_swin_t_aten_slice_Tensor.py
ERROR tests/autogen_op/swin_t/test_swin_t_aten_sub_Tensor.py
ERROR tests/autogen_op/swin_t/test_swin_t_aten_t_default.py
ERROR tests/autogen_op/swin_t/test_swin_t_aten_transpose_int.py
ERROR tests/autogen_op/swin_t/test_swin_t_aten_unsqueeze_default.py
ERROR tests/autogen_op/swin_t/test_swin_t_aten_view_default.py
ERROR tests/autogen_op/swin_v2_b/test_swin_v2_b_aten__softmax_default.py
ERROR tests/autogen_op/swin_v2_b/test_swin_v2_b_aten__unsafe_view_default.py
ERROR tests/autogen_op/swin_v2_b/test_swin_v2_b_aten_add_Tensor.py
ERROR tests/autogen_op/swin_v2_b/test_swin_v2_b_aten_addmm_default.py
ERROR tests/autogen_op/swin_v2_b/test_swin_v2_b_aten_as_strided_default.py
ERROR tests/autogen_op/swin_v2_b/test_swin_v2_b_aten_bmm_default.py
ERROR tests/autogen_op/swin_v2_b/test_swin_v2_b_aten_cat_default.py
ERROR tests/autogen_op/swin_v2_b/test_swin_v2_b_aten_clamp_default.py
ERROR tests/autogen_op/swin_v2_b/test_swin_v2_b_aten_clamp_min_default.py
ERROR tests/autogen_op/swin_v2_b/test_swin_v2_b_aten_clone_default.py
ERROR tests/autogen_op/swin_v2_b/test_swin_v2_b_aten_constant_pad_nd_default.py
ERROR tests/autogen_op/swin_v2_b/test_swin_v2_b_aten_convolution_default.py
ERROR tests/autogen_op/swin_v2_b/test_swin_v2_b_aten_div_Tensor.py
ERROR tests/autogen_op/swin_v2_b/test_swin_v2_b_aten_eq_Scalar.py
ERROR tests/autogen_op/swin_v2_b/test_swin_v2_b_aten_exp_default.py
ERROR tests/autogen_op/swin_v2_b/test_swin_v2_b_aten_expand_default.py
ERROR tests/autogen_op/swin_v2_b/test_swin_v2_b_aten_gelu_default.py
ERROR tests/autogen_op/swin_v2_b/test_swin_v2_b_aten_index_Tensor.py
ERROR tests/autogen_op/swin_v2_b/test_swin_v2_b_aten_linalg_vector_norm_default.py
ERROR tests/autogen_op/swin_v2_b/test_swin_v2_b_aten_masked_fill_Scalar.py
ERROR tests/autogen_op/swin_v2_b/test_swin_v2_b_aten_mean_dim.py
ERROR tests/autogen_op/swin_v2_b/test_swin_v2_b_aten_mm_default.py
ERROR tests/autogen_op/swin_v2_b/test_swin_v2_b_aten_mul_Tensor.py
ERROR tests/autogen_op/swin_v2_b/test_swin_v2_b_aten_native_layer_norm_default.py
ERROR tests/autogen_op/swin_v2_b/test_swin_v2_b_aten_ne_Scalar.py
ERROR tests/autogen_op/swin_v2_b/test_swin_v2_b_aten_new_zeros_default.py
ERROR tests/autogen_op/swin_v2_b/test_swin_v2_b_aten_permute_default.py
ERROR tests/autogen_op/swin_v2_b/test_swin_v2_b_aten_relu_default.py
ERROR tests/autogen_op/swin_v2_b/test_swin_v2_b_aten_roll_default.py
ERROR tests/autogen_op/swin_v2_b/test_swin_v2_b_aten_select_int.py
ERROR tests/autogen_op/swin_v2_b/test_swin_v2_b_aten_sigmoid_default.py
ERROR tests/autogen_op/swin_v2_b/test_swin_v2_b_aten_slice_Tensor.py
ERROR tests/autogen_op/swin_v2_b/test_swin_v2_b_aten_sub_Tensor.py
ERROR tests/autogen_op/swin_v2_b/test_swin_v2_b_aten_t_default.py
ERROR tests/autogen_op/swin_v2_b/test_swin_v2_b_aten_transpose_int.py
ERROR tests/autogen_op/swin_v2_b/test_swin_v2_b_aten_unsqueeze_default.py
ERROR tests/autogen_op/swin_v2_b/test_swin_v2_b_aten_view_default.py
ERROR tests/autogen_op/swin_v2_s/test_swin_v2_s_aten__softmax_default.py
ERROR tests/autogen_op/swin_v2_s/test_swin_v2_s_aten__unsafe_view_default.py
ERROR tests/autogen_op/swin_v2_s/test_swin_v2_s_aten_add_Tensor.py
ERROR tests/autogen_op/swin_v2_s/test_swin_v2_s_aten_addmm_default.py
ERROR tests/autogen_op/swin_v2_s/test_swin_v2_s_aten_as_strided_default.py
ERROR tests/autogen_op/swin_v2_s/test_swin_v2_s_aten_bmm_default.py
ERROR tests/autogen_op/swin_v2_s/test_swin_v2_s_aten_cat_default.py
ERROR tests/autogen_op/swin_v2_s/test_swin_v2_s_aten_clamp_default.py
ERROR tests/autogen_op/swin_v2_s/test_swin_v2_s_aten_clamp_min_default.py
ERROR tests/autogen_op/swin_v2_s/test_swin_v2_s_aten_clone_default.py
ERROR tests/autogen_op/swin_v2_s/test_swin_v2_s_aten_constant_pad_nd_default.py
ERROR tests/autogen_op/swin_v2_s/test_swin_v2_s_aten_convolution_default.py
ERROR tests/autogen_op/swin_v2_s/test_swin_v2_s_aten_div_Tensor.py
ERROR tests/autogen_op/swin_v2_s/test_swin_v2_s_aten_eq_Scalar.py
ERROR tests/autogen_op/swin_v2_s/test_swin_v2_s_aten_exp_default.py
ERROR tests/autogen_op/swin_v2_s/test_swin_v2_s_aten_expand_default.py
ERROR tests/autogen_op/swin_v2_s/test_swin_v2_s_aten_gelu_default.py
ERROR tests/autogen_op/swin_v2_s/test_swin_v2_s_aten_index_Tensor.py
ERROR tests/autogen_op/swin_v2_s/test_swin_v2_s_aten_linalg_vector_norm_default.py
ERROR tests/autogen_op/swin_v2_s/test_swin_v2_s_aten_masked_fill_Scalar.py
ERROR tests/autogen_op/swin_v2_s/test_swin_v2_s_aten_mean_dim.py
ERROR tests/autogen_op/swin_v2_s/test_swin_v2_s_aten_mm_default.py
ERROR tests/autogen_op/swin_v2_s/test_swin_v2_s_aten_mul_Tensor.py
ERROR tests/autogen_op/swin_v2_s/test_swin_v2_s_aten_native_layer_norm_default.py
ERROR tests/autogen_op/swin_v2_s/test_swin_v2_s_aten_ne_Scalar.py
ERROR tests/autogen_op/swin_v2_s/test_swin_v2_s_aten_new_zeros_default.py
ERROR tests/autogen_op/swin_v2_s/test_swin_v2_s_aten_permute_default.py
ERROR tests/autogen_op/swin_v2_s/test_swin_v2_s_aten_relu_default.py
ERROR tests/autogen_op/swin_v2_s/test_swin_v2_s_aten_roll_default.py
ERROR tests/autogen_op/swin_v2_s/test_swin_v2_s_aten_select_int.py
ERROR tests/autogen_op/swin_v2_s/test_swin_v2_s_aten_sigmoid_default.py
ERROR tests/autogen_op/swin_v2_s/test_swin_v2_s_aten_slice_Tensor.py
ERROR tests/autogen_op/swin_v2_s/test_swin_v2_s_aten_sub_Tensor.py
ERROR tests/autogen_op/swin_v2_s/test_swin_v2_s_aten_t_default.py
ERROR tests/autogen_op/swin_v2_s/test_swin_v2_s_aten_transpose_int.py
ERROR tests/autogen_op/swin_v2_s/test_swin_v2_s_aten_unsqueeze_default.py
ERROR tests/autogen_op/swin_v2_s/test_swin_v2_s_aten_view_default.py
ERROR tests/autogen_op/swin_v2_t/test_swin_v2_t_aten__softmax_default.py
ERROR tests/autogen_op/swin_v2_t/test_swin_v2_t_aten__unsafe_view_default.py
ERROR tests/autogen_op/swin_v2_t/test_swin_v2_t_aten_add_Tensor.py
ERROR tests/autogen_op/swin_v2_t/test_swin_v2_t_aten_addmm_default.py
ERROR tests/autogen_op/swin_v2_t/test_swin_v2_t_aten_as_strided_default.py
ERROR tests/autogen_op/swin_v2_t/test_swin_v2_t_aten_bmm_default.py
ERROR tests/autogen_op/swin_v2_t/test_swin_v2_t_aten_cat_default.py
ERROR tests/autogen_op/swin_v2_t/test_swin_v2_t_aten_clamp_default.py
ERROR tests/autogen_op/swin_v2_t/test_swin_v2_t_aten_clamp_min_default.py
ERROR tests/autogen_op/swin_v2_t/test_swin_v2_t_aten_clone_default.py
ERROR tests/autogen_op/swin_v2_t/test_swin_v2_t_aten_constant_pad_nd_default.py
ERROR tests/autogen_op/swin_v2_t/test_swin_v2_t_aten_convolution_default.py
ERROR tests/autogen_op/swin_v2_t/test_swin_v2_t_aten_div_Tensor.py
ERROR tests/autogen_op/swin_v2_t/test_swin_v2_t_aten_eq_Scalar.py
ERROR tests/autogen_op/swin_v2_t/test_swin_v2_t_aten_exp_default.py
ERROR tests/autogen_op/swin_v2_t/test_swin_v2_t_aten_expand_default.py
ERROR tests/autogen_op/swin_v2_t/test_swin_v2_t_aten_gelu_default.py
ERROR tests/autogen_op/swin_v2_t/test_swin_v2_t_aten_index_Tensor.py
ERROR tests/autogen_op/swin_v2_t/test_swin_v2_t_aten_linalg_vector_norm_default.py
ERROR tests/autogen_op/swin_v2_t/test_swin_v2_t_aten_masked_fill_Scalar.py
ERROR tests/autogen_op/swin_v2_t/test_swin_v2_t_aten_mean_dim.py
ERROR tests/autogen_op/swin_v2_t/test_swin_v2_t_aten_mm_default.py
ERROR tests/autogen_op/swin_v2_t/test_swin_v2_t_aten_mul_Tensor.py
ERROR tests/autogen_op/swin_v2_t/test_swin_v2_t_aten_native_layer_norm_default.py
ERROR tests/autogen_op/swin_v2_t/test_swin_v2_t_aten_ne_Scalar.py
ERROR tests/autogen_op/swin_v2_t/test_swin_v2_t_aten_new_zeros_default.py
ERROR tests/autogen_op/swin_v2_t/test_swin_v2_t_aten_permute_default.py
ERROR tests/autogen_op/swin_v2_t/test_swin_v2_t_aten_relu_default.py
ERROR tests/autogen_op/swin_v2_t/test_swin_v2_t_aten_roll_default.py
ERROR tests/autogen_op/swin_v2_t/test_swin_v2_t_aten_select_int.py
ERROR tests/autogen_op/swin_v2_t/test_swin_v2_t_aten_sigmoid_default.py
ERROR tests/autogen_op/swin_v2_t/test_swin_v2_t_aten_slice_Tensor.py
ERROR tests/autogen_op/swin_v2_t/test_swin_v2_t_aten_sub_Tensor.py
ERROR tests/autogen_op/swin_v2_t/test_swin_v2_t_aten_t_default.py
ERROR tests/autogen_op/swin_v2_t/test_swin_v2_t_aten_transpose_int.py
ERROR tests/autogen_op/swin_v2_t/test_swin_v2_t_aten_unsqueeze_default.py
ERROR tests/autogen_op/swin_v2_t/test_swin_v2_t_aten_view_default.py
ERROR tests/autogen_op/t5-base/test_t5-base_aten__softmax_default.py
ERROR tests/autogen_op/t5-base/test_t5-base_aten__to_copy_default.py
ERROR tests/autogen_op/t5-base/test_t5-base_aten_abs_default.py
ERROR tests/autogen_op/t5-base/test_t5-base_aten_add_Tensor.py
ERROR tests/autogen_op/t5-base/test_t5-base_aten_arange_default.py
ERROR tests/autogen_op/t5-base/test_t5-base_aten_bmm_default.py
ERROR tests/autogen_op/t5-base/test_t5-base_aten_cat_default.py
ERROR tests/autogen_op/t5-base/test_t5-base_aten_clone_default.py
ERROR tests/autogen_op/t5-base/test_t5-base_aten_div_Tensor.py
ERROR tests/autogen_op/t5-base/test_t5-base_aten_embedding_default.py
ERROR tests/autogen_op/t5-base/test_t5-base_aten_expand_default.py
ERROR tests/autogen_op/t5-base/test_t5-base_aten_full_like_default.py
ERROR tests/autogen_op/t5-base/test_t5-base_aten_gt_Scalar.py
ERROR tests/autogen_op/t5-base/test_t5-base_aten_le_Tensor.py
ERROR tests/autogen_op/t5-base/test_t5-base_aten_log_default.py
ERROR tests/autogen_op/t5-base/test_t5-base_aten_lt_Scalar.py
ERROR tests/autogen_op/t5-base/test_t5-base_aten_mean_dim.py
ERROR tests/autogen_op/t5-base/test_t5-base_aten_minimum_default.py
ERROR tests/autogen_op/t5-base/test_t5-base_aten_mm_default.py
ERROR tests/autogen_op/t5-base/test_t5-base_aten_mul_Tensor.py
ERROR tests/autogen_op/t5-base/test_t5-base_aten_neg_default.py
ERROR tests/autogen_op/t5-base/test_t5-base_aten_ones_default.py
ERROR tests/autogen_op/t5-base/test_t5-base_aten_permute_default.py
ERROR tests/autogen_op/t5-base/test_t5-base_aten_pow_Tensor_Scalar.py
ERROR tests/autogen_op/t5-base/test_t5-base_aten_relu_default.py
ERROR tests/autogen_op/t5-base/test_t5-base_aten_repeat_default.py
ERROR tests/autogen_op/t5-base/test_t5-base_aten_rsqrt_default.py
ERROR tests/autogen_op/t5-base/test_t5-base_aten_rsub_Scalar.py
ERROR tests/autogen_op/t5-base/test_t5-base_aten_slice_Tensor.py
ERROR tests/autogen_op/t5-base/test_t5-base_aten_sub_Tensor.py
ERROR tests/autogen_op/t5-base/test_t5-base_aten_sym_size_int.py
ERROR tests/autogen_op/t5-base/test_t5-base_aten_t_default.py
ERROR tests/autogen_op/t5-base/test_t5-base_aten_transpose_int.py
ERROR tests/autogen_op/t5-base/test_t5-base_aten_unsqueeze_default.py
ERROR tests/autogen_op/t5-base/test_t5-base_aten_view_default.py
ERROR tests/autogen_op/t5-base/test_t5-base_aten_where_self.py
ERROR tests/autogen_op/t5-base/test_t5-base_aten_zeros_default.py
ERROR tests/autogen_op/t5-base/test_t5-base_aten_zeros_like_default.py
ERROR tests/autogen_op/t5-large/test_t5-large_aten__softmax_default.py
ERROR tests/autogen_op/t5-large/test_t5-large_aten__to_copy_default.py
ERROR tests/autogen_op/t5-large/test_t5-large_aten_abs_default.py
ERROR tests/autogen_op/t5-large/test_t5-large_aten_add_Tensor.py
ERROR tests/autogen_op/t5-large/test_t5-large_aten_arange_default.py
ERROR tests/autogen_op/t5-large/test_t5-large_aten_bmm_default.py
ERROR tests/autogen_op/t5-large/test_t5-large_aten_cat_default.py
ERROR tests/autogen_op/t5-large/test_t5-large_aten_clone_default.py
ERROR tests/autogen_op/t5-large/test_t5-large_aten_div_Tensor.py
ERROR tests/autogen_op/t5-large/test_t5-large_aten_embedding_default.py
ERROR tests/autogen_op/t5-large/test_t5-large_aten_expand_default.py
ERROR tests/autogen_op/t5-large/test_t5-large_aten_full_like_default.py
ERROR tests/autogen_op/t5-large/test_t5-large_aten_gt_Scalar.py
ERROR tests/autogen_op/t5-large/test_t5-large_aten_le_Tensor.py
ERROR tests/autogen_op/t5-large/test_t5-large_aten_log_default.py
ERROR tests/autogen_op/t5-large/test_t5-large_aten_lt_Scalar.py
ERROR tests/autogen_op/t5-large/test_t5-large_aten_mean_dim.py
ERROR tests/autogen_op/t5-large/test_t5-large_aten_minimum_default.py
ERROR tests/autogen_op/t5-large/test_t5-large_aten_mm_default.py
ERROR tests/autogen_op/t5-large/test_t5-large_aten_mul_Tensor.py
ERROR tests/autogen_op/t5-large/test_t5-large_aten_neg_default.py
ERROR tests/autogen_op/t5-large/test_t5-large_aten_ones_default.py
ERROR tests/autogen_op/t5-large/test_t5-large_aten_permute_default.py
ERROR tests/autogen_op/t5-large/test_t5-large_aten_pow_Tensor_Scalar.py
ERROR tests/autogen_op/t5-large/test_t5-large_aten_relu_default.py
ERROR tests/autogen_op/t5-large/test_t5-large_aten_repeat_default.py
ERROR tests/autogen_op/t5-large/test_t5-large_aten_rsqrt_default.py
ERROR tests/autogen_op/t5-large/test_t5-large_aten_rsub_Scalar.py
ERROR tests/autogen_op/t5-large/test_t5-large_aten_slice_Tensor.py
ERROR tests/autogen_op/t5-large/test_t5-large_aten_sub_Tensor.py
ERROR tests/autogen_op/t5-large/test_t5-large_aten_sym_size_int.py
ERROR tests/autogen_op/t5-large/test_t5-large_aten_t_default.py
ERROR tests/autogen_op/t5-large/test_t5-large_aten_transpose_int.py
ERROR tests/autogen_op/t5-large/test_t5-large_aten_unsqueeze_default.py
ERROR tests/autogen_op/t5-large/test_t5-large_aten_view_default.py
ERROR tests/autogen_op/t5-large/test_t5-large_aten_where_self.py
ERROR tests/autogen_op/t5-large/test_t5-large_aten_zeros_default.py
ERROR tests/autogen_op/t5-large/test_t5-large_aten_zeros_like_default.py
ERROR tests/autogen_op/t5-small/test_t5-small_aten__softmax_default.py
ERROR tests/autogen_op/t5-small/test_t5-small_aten__to_copy_default.py
ERROR tests/autogen_op/t5-small/test_t5-small_aten_abs_default.py
ERROR tests/autogen_op/t5-small/test_t5-small_aten_add_Tensor.py
ERROR tests/autogen_op/t5-small/test_t5-small_aten_arange_default.py
ERROR tests/autogen_op/t5-small/test_t5-small_aten_bmm_default.py
ERROR tests/autogen_op/t5-small/test_t5-small_aten_cat_default.py
ERROR tests/autogen_op/t5-small/test_t5-small_aten_clone_default.py
ERROR tests/autogen_op/t5-small/test_t5-small_aten_div_Tensor.py
ERROR tests/autogen_op/t5-small/test_t5-small_aten_embedding_default.py
ERROR tests/autogen_op/t5-small/test_t5-small_aten_expand_default.py
ERROR tests/autogen_op/t5-small/test_t5-small_aten_full_like_default.py
ERROR tests/autogen_op/t5-small/test_t5-small_aten_gt_Scalar.py
ERROR tests/autogen_op/t5-small/test_t5-small_aten_le_Tensor.py
ERROR tests/autogen_op/t5-small/test_t5-small_aten_log_default.py
ERROR tests/autogen_op/t5-small/test_t5-small_aten_lt_Scalar.py
ERROR tests/autogen_op/t5-small/test_t5-small_aten_mean_dim.py
ERROR tests/autogen_op/t5-small/test_t5-small_aten_minimum_default.py
ERROR tests/autogen_op/t5-small/test_t5-small_aten_mm_default.py
ERROR tests/autogen_op/t5-small/test_t5-small_aten_mul_Tensor.py
ERROR tests/autogen_op/t5-small/test_t5-small_aten_neg_default.py
ERROR tests/autogen_op/t5-small/test_t5-small_aten_ones_default.py
ERROR tests/autogen_op/t5-small/test_t5-small_aten_permute_default.py
ERROR tests/autogen_op/t5-small/test_t5-small_aten_pow_Tensor_Scalar.py
ERROR tests/autogen_op/t5-small/test_t5-small_aten_relu_default.py
ERROR tests/autogen_op/t5-small/test_t5-small_aten_repeat_default.py
ERROR tests/autogen_op/t5-small/test_t5-small_aten_rsqrt_default.py
ERROR tests/autogen_op/t5-small/test_t5-small_aten_rsub_Scalar.py
ERROR tests/autogen_op/t5-small/test_t5-small_aten_slice_Tensor.py
ERROR tests/autogen_op/t5-small/test_t5-small_aten_sub_Tensor.py
ERROR tests/autogen_op/t5-small/test_t5-small_aten_sym_size_int.py
ERROR tests/autogen_op/t5-small/test_t5-small_aten_t_default.py
ERROR tests/autogen_op/t5-small/test_t5-small_aten_transpose_int.py
ERROR tests/autogen_op/t5-small/test_t5-small_aten_unsqueeze_default.py
ERROR tests/autogen_op/t5-small/test_t5-small_aten_view_default.py
ERROR tests/autogen_op/t5-small/test_t5-small_aten_where_self.py
ERROR tests/autogen_op/t5-small/test_t5-small_aten_zeros_default.py
ERROR tests/autogen_op/t5-small/test_t5-small_aten_zeros_like_default.py
ERROR tests/autogen_op/textattack/albert-base-v2-imdb/test_textattack_albert-base-v2-imdb_aten__softmax_default.py
ERROR tests/autogen_op/textattack/albert-base-v2-imdb/test_textattack_albert-base-v2-imdb_aten__to_copy_default.py
ERROR tests/autogen_op/textattack/albert-base-v2-imdb/test_textattack_albert-base-v2-imdb_aten__unsafe_view_default.py
ERROR tests/autogen_op/textattack/albert-base-v2-imdb/test_textattack_albert-base-v2-imdb_aten_add_Tensor.py
ERROR tests/autogen_op/textattack/albert-base-v2-imdb/test_textattack_albert-base-v2-imdb_aten_addmm_default.py
ERROR tests/autogen_op/textattack/albert-base-v2-imdb/test_textattack_albert-base-v2-imdb_aten_bmm_default.py
ERROR tests/autogen_op/textattack/albert-base-v2-imdb/test_textattack_albert-base-v2-imdb_aten_clone_default.py
ERROR tests/autogen_op/textattack/albert-base-v2-imdb/test_textattack_albert-base-v2-imdb_aten_div_Tensor.py
ERROR tests/autogen_op/textattack/albert-base-v2-imdb/test_textattack_albert-base-v2-imdb_aten_embedding_default.py
ERROR tests/autogen_op/textattack/albert-base-v2-imdb/test_textattack_albert-base-v2-imdb_aten_expand_default.py
ERROR tests/autogen_op/textattack/albert-base-v2-imdb/test_textattack_albert-base-v2-imdb_aten_mul_Tensor.py
ERROR tests/autogen_op/textattack/albert-base-v2-imdb/test_textattack_albert-base-v2-imdb_aten_native_layer_norm_default.py
ERROR tests/autogen_op/textattack/albert-base-v2-imdb/test_textattack_albert-base-v2-imdb_aten_permute_default.py
ERROR tests/autogen_op/textattack/albert-base-v2-imdb/test_textattack_albert-base-v2-imdb_aten_pow_Tensor_Scalar.py
ERROR tests/autogen_op/textattack/albert-base-v2-imdb/test_textattack_albert-base-v2-imdb_aten_rsub_Scalar.py
ERROR tests/autogen_op/textattack/albert-base-v2-imdb/test_textattack_albert-base-v2-imdb_aten_select_int.py
ERROR tests/autogen_op/textattack/albert-base-v2-imdb/test_textattack_albert-base-v2-imdb_aten_slice_Tensor.py
ERROR tests/autogen_op/textattack/albert-base-v2-imdb/test_textattack_albert-base-v2-imdb_aten_t_default.py
ERROR tests/autogen_op/textattack/albert-base-v2-imdb/test_textattack_albert-base-v2-imdb_aten_tanh_default.py
ERROR tests/autogen_op/textattack/albert-base-v2-imdb/test_textattack_albert-base-v2-imdb_aten_transpose_int.py
ERROR tests/autogen_op/textattack/albert-base-v2-imdb/test_textattack_albert-base-v2-imdb_aten_unsqueeze_default.py
ERROR tests/autogen_op/textattack/albert-base-v2-imdb/test_textattack_albert-base-v2-imdb_aten_view_default.py
ERROR tests/autogen_op/tf_efficientnet_lite0_in1k/test_tf_efficientnet_lite0_in1k_aten__native_batch_norm_legit_no_training_default.py
ERROR tests/autogen_op/tf_efficientnet_lite0_in1k/test_tf_efficientnet_lite0_in1k_aten_add_Tensor.py
ERROR tests/autogen_op/tf_efficientnet_lite0_in1k/test_tf_efficientnet_lite0_in1k_aten_addmm_default.py
ERROR tests/autogen_op/tf_efficientnet_lite0_in1k/test_tf_efficientnet_lite0_in1k_aten_constant_pad_nd_default.py
ERROR tests/autogen_op/tf_efficientnet_lite0_in1k/test_tf_efficientnet_lite0_in1k_aten_convolution_default.py
ERROR tests/autogen_op/tf_efficientnet_lite0_in1k/test_tf_efficientnet_lite0_in1k_aten_hardtanh_default.py
ERROR tests/autogen_op/tf_efficientnet_lite0_in1k/test_tf_efficientnet_lite0_in1k_aten_mean_dim.py
ERROR tests/autogen_op/tf_efficientnet_lite0_in1k/test_tf_efficientnet_lite0_in1k_aten_t_default.py
ERROR tests/autogen_op/tf_efficientnet_lite0_in1k/test_tf_efficientnet_lite0_in1k_aten_view_default.py
ERROR tests/autogen_op/tf_efficientnet_lite0_in1k-train/test_tf_efficientnet_lite0_in1k-train_aten__native_batch_norm_legit_functional_default.py
ERROR tests/autogen_op/tf_efficientnet_lite0_in1k-train/test_tf_efficientnet_lite0_in1k-train_aten__to_copy_default.py
ERROR tests/autogen_op/tf_efficientnet_lite0_in1k-train/test_tf_efficientnet_lite0_in1k-train_aten_add_Tensor.py
ERROR tests/autogen_op/tf_efficientnet_lite0_in1k-train/test_tf_efficientnet_lite0_in1k-train_aten_addmm_default.py
ERROR tests/autogen_op/tf_efficientnet_lite0_in1k-train/test_tf_efficientnet_lite0_in1k-train_aten_constant_pad_nd_default.py
ERROR tests/autogen_op/tf_efficientnet_lite0_in1k-train/test_tf_efficientnet_lite0_in1k-train_aten_convolution_backward_default.py
ERROR tests/autogen_op/tf_efficientnet_lite0_in1k-train/test_tf_efficientnet_lite0_in1k-train_aten_convolution_default.py
ERROR tests/autogen_op/tf_efficientnet_lite0_in1k-train/test_tf_efficientnet_lite0_in1k-train_aten_div_Scalar.py
ERROR tests/autogen_op/tf_efficientnet_lite0_in1k-train/test_tf_efficientnet_lite0_in1k-train_aten_expand_default.py
ERROR tests/autogen_op/tf_efficientnet_lite0_in1k-train/test_tf_efficientnet_lite0_in1k-train_aten_hardtanh_backward_default.py
ERROR tests/autogen_op/tf_efficientnet_lite0_in1k-train/test_tf_efficientnet_lite0_in1k-train_aten_hardtanh_default.py
ERROR tests/autogen_op/tf_efficientnet_lite0_in1k-train/test_tf_efficientnet_lite0_in1k-train_aten_mean_dim.py
ERROR tests/autogen_op/tf_efficientnet_lite0_in1k-train/test_tf_efficientnet_lite0_in1k-train_aten_mm_default.py
ERROR tests/autogen_op/tf_efficientnet_lite0_in1k-train/test_tf_efficientnet_lite0_in1k-train_aten_native_batch_norm_backward_default.py
ERROR tests/autogen_op/tf_efficientnet_lite0_in1k-train/test_tf_efficientnet_lite0_in1k-train_aten_sum_dim_IntList.py
ERROR tests/autogen_op/tf_efficientnet_lite0_in1k-train/test_tf_efficientnet_lite0_in1k-train_aten_t_default.py
ERROR tests/autogen_op/tf_efficientnet_lite0_in1k-train/test_tf_efficientnet_lite0_in1k-train_aten_view_default.py
ERROR tests/autogen_op/tf_efficientnet_lite1_in1k/test_tf_efficientnet_lite1_in1k_aten__native_batch_norm_legit_no_training_default.py
ERROR tests/autogen_op/tf_efficientnet_lite1_in1k/test_tf_efficientnet_lite1_in1k_aten_add_Tensor.py
ERROR tests/autogen_op/tf_efficientnet_lite1_in1k/test_tf_efficientnet_lite1_in1k_aten_addmm_default.py
ERROR tests/autogen_op/tf_efficientnet_lite1_in1k/test_tf_efficientnet_lite1_in1k_aten_constant_pad_nd_default.py
ERROR tests/autogen_op/tf_efficientnet_lite1_in1k/test_tf_efficientnet_lite1_in1k_aten_convolution_default.py
ERROR tests/autogen_op/tf_efficientnet_lite1_in1k/test_tf_efficientnet_lite1_in1k_aten_hardtanh_default.py
ERROR tests/autogen_op/tf_efficientnet_lite1_in1k/test_tf_efficientnet_lite1_in1k_aten_mean_dim.py
ERROR tests/autogen_op/tf_efficientnet_lite1_in1k/test_tf_efficientnet_lite1_in1k_aten_t_default.py
ERROR tests/autogen_op/tf_efficientnet_lite1_in1k/test_tf_efficientnet_lite1_in1k_aten_view_default.py
ERROR tests/autogen_op/tf_efficientnet_lite1_in1k-train/test_tf_efficientnet_lite1_in1k-train_aten__native_batch_norm_legit_functional_default.py
ERROR tests/autogen_op/tf_efficientnet_lite1_in1k-train/test_tf_efficientnet_lite1_in1k-train_aten__to_copy_default.py
ERROR tests/autogen_op/tf_efficientnet_lite1_in1k-train/test_tf_efficientnet_lite1_in1k-train_aten_add_Tensor.py
ERROR tests/autogen_op/tf_efficientnet_lite1_in1k-train/test_tf_efficientnet_lite1_in1k-train_aten_addmm_default.py
ERROR tests/autogen_op/tf_efficientnet_lite1_in1k-train/test_tf_efficientnet_lite1_in1k-train_aten_constant_pad_nd_default.py
ERROR tests/autogen_op/tf_efficientnet_lite1_in1k-train/test_tf_efficientnet_lite1_in1k-train_aten_convolution_backward_default.py
ERROR tests/autogen_op/tf_efficientnet_lite1_in1k-train/test_tf_efficientnet_lite1_in1k-train_aten_convolution_default.py
ERROR tests/autogen_op/tf_efficientnet_lite1_in1k-train/test_tf_efficientnet_lite1_in1k-train_aten_div_Scalar.py
ERROR tests/autogen_op/tf_efficientnet_lite1_in1k-train/test_tf_efficientnet_lite1_in1k-train_aten_expand_default.py
ERROR tests/autogen_op/tf_efficientnet_lite1_in1k-train/test_tf_efficientnet_lite1_in1k-train_aten_hardtanh_backward_default.py
ERROR tests/autogen_op/tf_efficientnet_lite1_in1k-train/test_tf_efficientnet_lite1_in1k-train_aten_hardtanh_default.py
ERROR tests/autogen_op/tf_efficientnet_lite1_in1k-train/test_tf_efficientnet_lite1_in1k-train_aten_mean_dim.py
ERROR tests/autogen_op/tf_efficientnet_lite1_in1k-train/test_tf_efficientnet_lite1_in1k-train_aten_mm_default.py
ERROR tests/autogen_op/tf_efficientnet_lite1_in1k-train/test_tf_efficientnet_lite1_in1k-train_aten_native_batch_norm_backward_default.py
ERROR tests/autogen_op/tf_efficientnet_lite1_in1k-train/test_tf_efficientnet_lite1_in1k-train_aten_sum_dim_IntList.py
ERROR tests/autogen_op/tf_efficientnet_lite1_in1k-train/test_tf_efficientnet_lite1_in1k-train_aten_t_default.py
ERROR tests/autogen_op/tf_efficientnet_lite1_in1k-train/test_tf_efficientnet_lite1_in1k-train_aten_view_default.py
ERROR tests/autogen_op/tf_efficientnet_lite2_in1k/test_tf_efficientnet_lite2_in1k_aten__native_batch_norm_legit_no_training_default.py
ERROR tests/autogen_op/tf_efficientnet_lite2_in1k/test_tf_efficientnet_lite2_in1k_aten_add_Tensor.py
ERROR tests/autogen_op/tf_efficientnet_lite2_in1k/test_tf_efficientnet_lite2_in1k_aten_addmm_default.py
ERROR tests/autogen_op/tf_efficientnet_lite2_in1k/test_tf_efficientnet_lite2_in1k_aten_constant_pad_nd_default.py
ERROR tests/autogen_op/tf_efficientnet_lite2_in1k/test_tf_efficientnet_lite2_in1k_aten_convolution_default.py
ERROR tests/autogen_op/tf_efficientnet_lite2_in1k/test_tf_efficientnet_lite2_in1k_aten_hardtanh_default.py
ERROR tests/autogen_op/tf_efficientnet_lite2_in1k/test_tf_efficientnet_lite2_in1k_aten_mean_dim.py
ERROR tests/autogen_op/tf_efficientnet_lite2_in1k/test_tf_efficientnet_lite2_in1k_aten_t_default.py
ERROR tests/autogen_op/tf_efficientnet_lite2_in1k/test_tf_efficientnet_lite2_in1k_aten_view_default.py
ERROR tests/autogen_op/tf_efficientnet_lite2_in1k-train/test_tf_efficientnet_lite2_in1k-train_aten__native_batch_norm_legit_functional_default.py
ERROR tests/autogen_op/tf_efficientnet_lite2_in1k-train/test_tf_efficientnet_lite2_in1k-train_aten__to_copy_default.py
ERROR tests/autogen_op/tf_efficientnet_lite2_in1k-train/test_tf_efficientnet_lite2_in1k-train_aten_add_Tensor.py
ERROR tests/autogen_op/tf_efficientnet_lite2_in1k-train/test_tf_efficientnet_lite2_in1k-train_aten_addmm_default.py
ERROR tests/autogen_op/tf_efficientnet_lite2_in1k-train/test_tf_efficientnet_lite2_in1k-train_aten_constant_pad_nd_default.py
ERROR tests/autogen_op/tf_efficientnet_lite2_in1k-train/test_tf_efficientnet_lite2_in1k-train_aten_convolution_backward_default.py
ERROR tests/autogen_op/tf_efficientnet_lite2_in1k-train/test_tf_efficientnet_lite2_in1k-train_aten_convolution_default.py
ERROR tests/autogen_op/tf_efficientnet_lite2_in1k-train/test_tf_efficientnet_lite2_in1k-train_aten_div_Scalar.py
ERROR tests/autogen_op/tf_efficientnet_lite2_in1k-train/test_tf_efficientnet_lite2_in1k-train_aten_expand_default.py
ERROR tests/autogen_op/tf_efficientnet_lite2_in1k-train/test_tf_efficientnet_lite2_in1k-train_aten_hardtanh_backward_default.py
ERROR tests/autogen_op/tf_efficientnet_lite2_in1k-train/test_tf_efficientnet_lite2_in1k-train_aten_hardtanh_default.py
ERROR tests/autogen_op/tf_efficientnet_lite2_in1k-train/test_tf_efficientnet_lite2_in1k-train_aten_mean_dim.py
ERROR tests/autogen_op/tf_efficientnet_lite2_in1k-train/test_tf_efficientnet_lite2_in1k-train_aten_mm_default.py
ERROR tests/autogen_op/tf_efficientnet_lite2_in1k-train/test_tf_efficientnet_lite2_in1k-train_aten_native_batch_norm_backward_default.py
ERROR tests/autogen_op/tf_efficientnet_lite2_in1k-train/test_tf_efficientnet_lite2_in1k-train_aten_sum_dim_IntList.py
ERROR tests/autogen_op/tf_efficientnet_lite2_in1k-train/test_tf_efficientnet_lite2_in1k-train_aten_t_default.py
ERROR tests/autogen_op/tf_efficientnet_lite2_in1k-train/test_tf_efficientnet_lite2_in1k-train_aten_view_default.py
ERROR tests/autogen_op/tf_efficientnet_lite3_in1k/test_tf_efficientnet_lite3_in1k_aten__native_batch_norm_legit_no_training_default.py
ERROR tests/autogen_op/tf_efficientnet_lite3_in1k/test_tf_efficientnet_lite3_in1k_aten_add_Tensor.py
ERROR tests/autogen_op/tf_efficientnet_lite3_in1k/test_tf_efficientnet_lite3_in1k_aten_addmm_default.py
ERROR tests/autogen_op/tf_efficientnet_lite3_in1k/test_tf_efficientnet_lite3_in1k_aten_constant_pad_nd_default.py
ERROR tests/autogen_op/tf_efficientnet_lite3_in1k/test_tf_efficientnet_lite3_in1k_aten_convolution_default.py
ERROR tests/autogen_op/tf_efficientnet_lite3_in1k/test_tf_efficientnet_lite3_in1k_aten_hardtanh_default.py
ERROR tests/autogen_op/tf_efficientnet_lite3_in1k/test_tf_efficientnet_lite3_in1k_aten_mean_dim.py
ERROR tests/autogen_op/tf_efficientnet_lite3_in1k/test_tf_efficientnet_lite3_in1k_aten_t_default.py
ERROR tests/autogen_op/tf_efficientnet_lite3_in1k/test_tf_efficientnet_lite3_in1k_aten_view_default.py
ERROR tests/autogen_op/tf_efficientnet_lite3_in1k-train/test_tf_efficientnet_lite3_in1k-train_aten__native_batch_norm_legit_functional_default.py
ERROR tests/autogen_op/tf_efficientnet_lite3_in1k-train/test_tf_efficientnet_lite3_in1k-train_aten__to_copy_default.py
ERROR tests/autogen_op/tf_efficientnet_lite3_in1k-train/test_tf_efficientnet_lite3_in1k-train_aten_add_Tensor.py
ERROR tests/autogen_op/tf_efficientnet_lite3_in1k-train/test_tf_efficientnet_lite3_in1k-train_aten_addmm_default.py
ERROR tests/autogen_op/tf_efficientnet_lite3_in1k-train/test_tf_efficientnet_lite3_in1k-train_aten_constant_pad_nd_default.py
ERROR tests/autogen_op/tf_efficientnet_lite3_in1k-train/test_tf_efficientnet_lite3_in1k-train_aten_convolution_backward_default.py
ERROR tests/autogen_op/tf_efficientnet_lite3_in1k-train/test_tf_efficientnet_lite3_in1k-train_aten_convolution_default.py
ERROR tests/autogen_op/tf_efficientnet_lite3_in1k-train/test_tf_efficientnet_lite3_in1k-train_aten_div_Scalar.py
ERROR tests/autogen_op/tf_efficientnet_lite3_in1k-train/test_tf_efficientnet_lite3_in1k-train_aten_expand_default.py
ERROR tests/autogen_op/tf_efficientnet_lite3_in1k-train/test_tf_efficientnet_lite3_in1k-train_aten_hardtanh_backward_default.py
ERROR tests/autogen_op/tf_efficientnet_lite3_in1k-train/test_tf_efficientnet_lite3_in1k-train_aten_hardtanh_default.py
ERROR tests/autogen_op/tf_efficientnet_lite3_in1k-train/test_tf_efficientnet_lite3_in1k-train_aten_mean_dim.py
ERROR tests/autogen_op/tf_efficientnet_lite3_in1k-train/test_tf_efficientnet_lite3_in1k-train_aten_mm_default.py
ERROR tests/autogen_op/tf_efficientnet_lite3_in1k-train/test_tf_efficientnet_lite3_in1k-train_aten_native_batch_norm_backward_default.py
ERROR tests/autogen_op/tf_efficientnet_lite3_in1k-train/test_tf_efficientnet_lite3_in1k-train_aten_sum_dim_IntList.py
ERROR tests/autogen_op/tf_efficientnet_lite3_in1k-train/test_tf_efficientnet_lite3_in1k-train_aten_t_default.py
ERROR tests/autogen_op/tf_efficientnet_lite3_in1k-train/test_tf_efficientnet_lite3_in1k-train_aten_view_default.py
ERROR tests/autogen_op/tf_efficientnet_lite4_in1k/test_tf_efficientnet_lite4_in1k_aten__native_batch_norm_legit_no_training_default.py
ERROR tests/autogen_op/tf_efficientnet_lite4_in1k/test_tf_efficientnet_lite4_in1k_aten_add_Tensor.py
ERROR tests/autogen_op/tf_efficientnet_lite4_in1k/test_tf_efficientnet_lite4_in1k_aten_addmm_default.py
ERROR tests/autogen_op/tf_efficientnet_lite4_in1k/test_tf_efficientnet_lite4_in1k_aten_constant_pad_nd_default.py
ERROR tests/autogen_op/tf_efficientnet_lite4_in1k/test_tf_efficientnet_lite4_in1k_aten_convolution_default.py
ERROR tests/autogen_op/tf_efficientnet_lite4_in1k/test_tf_efficientnet_lite4_in1k_aten_hardtanh_default.py
ERROR tests/autogen_op/tf_efficientnet_lite4_in1k/test_tf_efficientnet_lite4_in1k_aten_mean_dim.py
ERROR tests/autogen_op/tf_efficientnet_lite4_in1k/test_tf_efficientnet_lite4_in1k_aten_t_default.py
ERROR tests/autogen_op/tf_efficientnet_lite4_in1k/test_tf_efficientnet_lite4_in1k_aten_view_default.py
ERROR tests/autogen_op/tf_efficientnet_lite4_in1k-train/test_tf_efficientnet_lite4_in1k-train_aten__native_batch_norm_legit_functional_default.py
ERROR tests/autogen_op/tf_efficientnet_lite4_in1k-train/test_tf_efficientnet_lite4_in1k-train_aten__to_copy_default.py
ERROR tests/autogen_op/tf_efficientnet_lite4_in1k-train/test_tf_efficientnet_lite4_in1k-train_aten_add_Tensor.py
ERROR tests/autogen_op/tf_efficientnet_lite4_in1k-train/test_tf_efficientnet_lite4_in1k-train_aten_addmm_default.py
ERROR tests/autogen_op/tf_efficientnet_lite4_in1k-train/test_tf_efficientnet_lite4_in1k-train_aten_constant_pad_nd_default.py
ERROR tests/autogen_op/tf_efficientnet_lite4_in1k-train/test_tf_efficientnet_lite4_in1k-train_aten_convolution_backward_default.py
ERROR tests/autogen_op/tf_efficientnet_lite4_in1k-train/test_tf_efficientnet_lite4_in1k-train_aten_convolution_default.py
ERROR tests/autogen_op/tf_efficientnet_lite4_in1k-train/test_tf_efficientnet_lite4_in1k-train_aten_div_Scalar.py
ERROR tests/autogen_op/tf_efficientnet_lite4_in1k-train/test_tf_efficientnet_lite4_in1k-train_aten_expand_default.py
ERROR tests/autogen_op/tf_efficientnet_lite4_in1k-train/test_tf_efficientnet_lite4_in1k-train_aten_hardtanh_backward_default.py
ERROR tests/autogen_op/tf_efficientnet_lite4_in1k-train/test_tf_efficientnet_lite4_in1k-train_aten_hardtanh_default.py
ERROR tests/autogen_op/tf_efficientnet_lite4_in1k-train/test_tf_efficientnet_lite4_in1k-train_aten_mean_dim.py
ERROR tests/autogen_op/tf_efficientnet_lite4_in1k-train/test_tf_efficientnet_lite4_in1k-train_aten_mm_default.py
ERROR tests/autogen_op/tf_efficientnet_lite4_in1k-train/test_tf_efficientnet_lite4_in1k-train_aten_native_batch_norm_backward_default.py
ERROR tests/autogen_op/tf_efficientnet_lite4_in1k-train/test_tf_efficientnet_lite4_in1k-train_aten_sum_dim_IntList.py
ERROR tests/autogen_op/tf_efficientnet_lite4_in1k-train/test_tf_efficientnet_lite4_in1k-train_aten_t_default.py
ERROR tests/autogen_op/tf_efficientnet_lite4_in1k-train/test_tf_efficientnet_lite4_in1k-train_aten_view_default.py
ERROR tests/autogen_op/twmkn9/albert-base-v2-squad2/test_twmkn9_albert-base-v2-squad2_aten__softmax_default.py
ERROR tests/autogen_op/twmkn9/albert-base-v2-squad2/test_twmkn9_albert-base-v2-squad2_aten__to_copy_default.py
ERROR tests/autogen_op/twmkn9/albert-base-v2-squad2/test_twmkn9_albert-base-v2-squad2_aten__unsafe_view_default.py
ERROR tests/autogen_op/twmkn9/albert-base-v2-squad2/test_twmkn9_albert-base-v2-squad2_aten_add_Tensor.py
ERROR tests/autogen_op/twmkn9/albert-base-v2-squad2/test_twmkn9_albert-base-v2-squad2_aten_addmm_default.py
ERROR tests/autogen_op/twmkn9/albert-base-v2-squad2/test_twmkn9_albert-base-v2-squad2_aten_bmm_default.py
ERROR tests/autogen_op/twmkn9/albert-base-v2-squad2/test_twmkn9_albert-base-v2-squad2_aten_clone_default.py
ERROR tests/autogen_op/twmkn9/albert-base-v2-squad2/test_twmkn9_albert-base-v2-squad2_aten_div_Tensor.py
ERROR tests/autogen_op/twmkn9/albert-base-v2-squad2/test_twmkn9_albert-base-v2-squad2_aten_embedding_default.py
ERROR tests/autogen_op/twmkn9/albert-base-v2-squad2/test_twmkn9_albert-base-v2-squad2_aten_expand_default.py
ERROR tests/autogen_op/twmkn9/albert-base-v2-squad2/test_twmkn9_albert-base-v2-squad2_aten_mul_Tensor.py
ERROR tests/autogen_op/twmkn9/albert-base-v2-squad2/test_twmkn9_albert-base-v2-squad2_aten_native_layer_norm_default.py
ERROR tests/autogen_op/twmkn9/albert-base-v2-squad2/test_twmkn9_albert-base-v2-squad2_aten_permute_default.py
ERROR tests/autogen_op/twmkn9/albert-base-v2-squad2/test_twmkn9_albert-base-v2-squad2_aten_pow_Tensor_Scalar.py
ERROR tests/autogen_op/twmkn9/albert-base-v2-squad2/test_twmkn9_albert-base-v2-squad2_aten_rsub_Scalar.py
ERROR tests/autogen_op/twmkn9/albert-base-v2-squad2/test_twmkn9_albert-base-v2-squad2_aten_slice_Tensor.py
ERROR tests/autogen_op/twmkn9/albert-base-v2-squad2/test_twmkn9_albert-base-v2-squad2_aten_split_Tensor.py
ERROR tests/autogen_op/twmkn9/albert-base-v2-squad2/test_twmkn9_albert-base-v2-squad2_aten_squeeze_dim.py
ERROR tests/autogen_op/twmkn9/albert-base-v2-squad2/test_twmkn9_albert-base-v2-squad2_aten_t_default.py
ERROR tests/autogen_op/twmkn9/albert-base-v2-squad2/test_twmkn9_albert-base-v2-squad2_aten_tanh_default.py
ERROR tests/autogen_op/twmkn9/albert-base-v2-squad2/test_twmkn9_albert-base-v2-squad2_aten_transpose_int.py
ERROR tests/autogen_op/twmkn9/albert-base-v2-squad2/test_twmkn9_albert-base-v2-squad2_aten_unsqueeze_default.py
ERROR tests/autogen_op/twmkn9/albert-base-v2-squad2/test_twmkn9_albert-base-v2-squad2_aten_view_default.py
ERROR tests/autogen_op/vgg11/test_vgg11_aten__adaptive_avg_pool2d_default.py
ERROR tests/autogen_op/vgg11/test_vgg11_aten_addmm_default.py
ERROR tests/autogen_op/vgg11/test_vgg11_aten_clone_default.py
ERROR tests/autogen_op/vgg11/test_vgg11_aten_convolution_default.py
ERROR tests/autogen_op/vgg11/test_vgg11_aten_max_pool2d_with_indices_default.py
ERROR tests/autogen_op/vgg11/test_vgg11_aten_relu_default.py
ERROR tests/autogen_op/vgg11/test_vgg11_aten_t_default.py
ERROR tests/autogen_op/vgg11/test_vgg11_aten_view_default.py
ERROR tests/autogen_op/vgg11_bn/test_vgg11_bn_aten__adaptive_avg_pool2d_default.py
ERROR tests/autogen_op/vgg11_bn/test_vgg11_bn_aten__native_batch_norm_legit_no_training_default.py
ERROR tests/autogen_op/vgg11_bn/test_vgg11_bn_aten_addmm_default.py
ERROR tests/autogen_op/vgg11_bn/test_vgg11_bn_aten_clone_default.py
ERROR tests/autogen_op/vgg11_bn/test_vgg11_bn_aten_convolution_default.py
ERROR tests/autogen_op/vgg11_bn/test_vgg11_bn_aten_max_pool2d_with_indices_default.py
ERROR tests/autogen_op/vgg11_bn/test_vgg11_bn_aten_relu_default.py
ERROR tests/autogen_op/vgg11_bn/test_vgg11_bn_aten_t_default.py
ERROR tests/autogen_op/vgg11_bn/test_vgg11_bn_aten_view_default.py
ERROR tests/autogen_op/vgg13/test_vgg13_aten__adaptive_avg_pool2d_default.py
ERROR tests/autogen_op/vgg13/test_vgg13_aten_addmm_default.py
ERROR tests/autogen_op/vgg13/test_vgg13_aten_clone_default.py
ERROR tests/autogen_op/vgg13/test_vgg13_aten_convolution_default.py
ERROR tests/autogen_op/vgg13/test_vgg13_aten_max_pool2d_with_indices_default.py
ERROR tests/autogen_op/vgg13/test_vgg13_aten_relu_default.py
ERROR tests/autogen_op/vgg13/test_vgg13_aten_t_default.py
ERROR tests/autogen_op/vgg13/test_vgg13_aten_view_default.py
ERROR tests/autogen_op/vgg13_bn/test_vgg13_bn_aten__adaptive_avg_pool2d_default.py
ERROR tests/autogen_op/vgg13_bn/test_vgg13_bn_aten__native_batch_norm_legit_no_training_default.py
ERROR tests/autogen_op/vgg13_bn/test_vgg13_bn_aten_addmm_default.py
ERROR tests/autogen_op/vgg13_bn/test_vgg13_bn_aten_clone_default.py
ERROR tests/autogen_op/vgg13_bn/test_vgg13_bn_aten_convolution_default.py
ERROR tests/autogen_op/vgg13_bn/test_vgg13_bn_aten_max_pool2d_with_indices_default.py
ERROR tests/autogen_op/vgg13_bn/test_vgg13_bn_aten_relu_default.py
ERROR tests/autogen_op/vgg13_bn/test_vgg13_bn_aten_t_default.py
ERROR tests/autogen_op/vgg13_bn/test_vgg13_bn_aten_view_default.py
ERROR tests/autogen_op/vgg16/test_vgg16_aten__adaptive_avg_pool2d_default.py
ERROR tests/autogen_op/vgg16/test_vgg16_aten_addmm_default.py
ERROR tests/autogen_op/vgg16/test_vgg16_aten_clone_default.py
ERROR tests/autogen_op/vgg16/test_vgg16_aten_convolution_default.py
ERROR tests/autogen_op/vgg16/test_vgg16_aten_max_pool2d_with_indices_default.py
ERROR tests/autogen_op/vgg16/test_vgg16_aten_relu_default.py
ERROR tests/autogen_op/vgg16/test_vgg16_aten_t_default.py
ERROR tests/autogen_op/vgg16/test_vgg16_aten_view_default.py
ERROR tests/autogen_op/vgg16_bn/test_vgg16_bn_aten__adaptive_avg_pool2d_default.py
ERROR tests/autogen_op/vgg16_bn/test_vgg16_bn_aten__native_batch_norm_legit_no_training_default.py
ERROR tests/autogen_op/vgg16_bn/test_vgg16_bn_aten_addmm_default.py
ERROR tests/autogen_op/vgg16_bn/test_vgg16_bn_aten_clone_default.py
ERROR tests/autogen_op/vgg16_bn/test_vgg16_bn_aten_convolution_default.py
ERROR tests/autogen_op/vgg16_bn/test_vgg16_bn_aten_max_pool2d_with_indices_default.py
ERROR tests/autogen_op/vgg16_bn/test_vgg16_bn_aten_relu_default.py
ERROR tests/autogen_op/vgg16_bn/test_vgg16_bn_aten_t_default.py
ERROR tests/autogen_op/vgg16_bn/test_vgg16_bn_aten_view_default.py
ERROR tests/autogen_op/vgg19/test_vgg19_aten__adaptive_avg_pool2d_default.py
ERROR tests/autogen_op/vgg19/test_vgg19_aten_addmm_default.py
ERROR tests/autogen_op/vgg19/test_vgg19_aten_clone_default.py
ERROR tests/autogen_op/vgg19/test_vgg19_aten_convolution_default.py
ERROR tests/autogen_op/vgg19/test_vgg19_aten_max_pool2d_with_indices_default.py
ERROR tests/autogen_op/vgg19/test_vgg19_aten_relu_default.py
ERROR tests/autogen_op/vgg19/test_vgg19_aten_t_default.py
ERROR tests/autogen_op/vgg19/test_vgg19_aten_view_default.py
ERROR tests/autogen_op/vgg19_bn/test_vgg19_bn_aten__adaptive_avg_pool2d_default.py
ERROR tests/autogen_op/vgg19_bn/test_vgg19_bn_aten__native_batch_norm_legit_no_training_default.py
ERROR tests/autogen_op/vgg19_bn/test_vgg19_bn_aten_addmm_default.py
ERROR tests/autogen_op/vgg19_bn/test_vgg19_bn_aten_clone_default.py
ERROR tests/autogen_op/vgg19_bn/test_vgg19_bn_aten_convolution_default.py
ERROR tests/autogen_op/vgg19_bn/test_vgg19_bn_aten_max_pool2d_with_indices_default.py
ERROR tests/autogen_op/vgg19_bn/test_vgg19_bn_aten_relu_default.py
ERROR tests/autogen_op/vgg19_bn/test_vgg19_bn_aten_t_default.py
ERROR tests/autogen_op/vgg19_bn/test_vgg19_bn_aten_view_default.py
ERROR tests/autogen_op/vit_b_16/test_vit_b_16_aten__scaled_dot_product_flash_attention_default.py
ERROR tests/autogen_op/vit_b_16/test_vit_b_16_aten_add_Tensor.py
ERROR tests/autogen_op/vit_b_16/test_vit_b_16_aten_addmm_default.py
ERROR tests/autogen_op/vit_b_16/test_vit_b_16_aten_cat_default.py
ERROR tests/autogen_op/vit_b_16/test_vit_b_16_aten_clone_default.py
ERROR tests/autogen_op/vit_b_16/test_vit_b_16_aten_convolution_default.py
ERROR tests/autogen_op/vit_b_16/test_vit_b_16_aten_expand_default.py
ERROR tests/autogen_op/vit_b_16/test_vit_b_16_aten_gelu_default.py
ERROR tests/autogen_op/vit_b_16/test_vit_b_16_aten_native_layer_norm_default.py
ERROR tests/autogen_op/vit_b_16/test_vit_b_16_aten_permute_default.py
ERROR tests/autogen_op/vit_b_16/test_vit_b_16_aten_select_int.py
ERROR tests/autogen_op/vit_b_16/test_vit_b_16_aten_slice_Tensor.py
ERROR tests/autogen_op/vit_b_16/test_vit_b_16_aten_squeeze_dim.py
ERROR tests/autogen_op/vit_b_16/test_vit_b_16_aten_t_default.py
ERROR tests/autogen_op/vit_b_16/test_vit_b_16_aten_transpose_int.py
ERROR tests/autogen_op/vit_b_16/test_vit_b_16_aten_unsqueeze_default.py
ERROR tests/autogen_op/vit_b_16/test_vit_b_16_aten_view_default.py
ERROR tests/autogen_op/vit_b_32/test_vit_b_32_aten__scaled_dot_product_flash_attention_default.py
ERROR tests/autogen_op/vit_b_32/test_vit_b_32_aten_add_Tensor.py
ERROR tests/autogen_op/vit_b_32/test_vit_b_32_aten_addmm_default.py
ERROR tests/autogen_op/vit_b_32/test_vit_b_32_aten_cat_default.py
ERROR tests/autogen_op/vit_b_32/test_vit_b_32_aten_clone_default.py
ERROR tests/autogen_op/vit_b_32/test_vit_b_32_aten_convolution_default.py
ERROR tests/autogen_op/vit_b_32/test_vit_b_32_aten_expand_default.py
ERROR tests/autogen_op/vit_b_32/test_vit_b_32_aten_gelu_default.py
ERROR tests/autogen_op/vit_b_32/test_vit_b_32_aten_native_layer_norm_default.py
ERROR tests/autogen_op/vit_b_32/test_vit_b_32_aten_permute_default.py
ERROR tests/autogen_op/vit_b_32/test_vit_b_32_aten_select_int.py
ERROR tests/autogen_op/vit_b_32/test_vit_b_32_aten_slice_Tensor.py
ERROR tests/autogen_op/vit_b_32/test_vit_b_32_aten_squeeze_dim.py
ERROR tests/autogen_op/vit_b_32/test_vit_b_32_aten_t_default.py
ERROR tests/autogen_op/vit_b_32/test_vit_b_32_aten_transpose_int.py
ERROR tests/autogen_op/vit_b_32/test_vit_b_32_aten_unsqueeze_default.py
ERROR tests/autogen_op/vit_b_32/test_vit_b_32_aten_view_default.py
ERROR tests/autogen_op/vit_h_14/test_vit_h_14_aten__scaled_dot_product_flash_attention_default.py
ERROR tests/autogen_op/vit_h_14/test_vit_h_14_aten_add_Tensor.py
ERROR tests/autogen_op/vit_h_14/test_vit_h_14_aten_addmm_default.py
ERROR tests/autogen_op/vit_h_14/test_vit_h_14_aten_cat_default.py
ERROR tests/autogen_op/vit_h_14/test_vit_h_14_aten_clone_default.py
ERROR tests/autogen_op/vit_h_14/test_vit_h_14_aten_convolution_default.py
ERROR tests/autogen_op/vit_h_14/test_vit_h_14_aten_expand_default.py
ERROR tests/autogen_op/vit_h_14/test_vit_h_14_aten_gelu_default.py
ERROR tests/autogen_op/vit_h_14/test_vit_h_14_aten_native_layer_norm_default.py
ERROR tests/autogen_op/vit_h_14/test_vit_h_14_aten_permute_default.py
ERROR tests/autogen_op/vit_h_14/test_vit_h_14_aten_select_int.py
ERROR tests/autogen_op/vit_h_14/test_vit_h_14_aten_slice_Tensor.py
ERROR tests/autogen_op/vit_h_14/test_vit_h_14_aten_squeeze_dim.py
ERROR tests/autogen_op/vit_h_14/test_vit_h_14_aten_t_default.py
ERROR tests/autogen_op/vit_h_14/test_vit_h_14_aten_transpose_int.py
ERROR tests/autogen_op/vit_h_14/test_vit_h_14_aten_unsqueeze_default.py
ERROR tests/autogen_op/vit_h_14/test_vit_h_14_aten_view_default.py
ERROR tests/autogen_op/vit_l_16/test_vit_l_16_aten__scaled_dot_product_flash_attention_default.py
ERROR tests/autogen_op/vit_l_16/test_vit_l_16_aten_add_Tensor.py
ERROR tests/autogen_op/vit_l_16/test_vit_l_16_aten_addmm_default.py
ERROR tests/autogen_op/vit_l_16/test_vit_l_16_aten_cat_default.py
ERROR tests/autogen_op/vit_l_16/test_vit_l_16_aten_clone_default.py
ERROR tests/autogen_op/vit_l_16/test_vit_l_16_aten_convolution_default.py
ERROR tests/autogen_op/vit_l_16/test_vit_l_16_aten_expand_default.py
ERROR tests/autogen_op/vit_l_16/test_vit_l_16_aten_gelu_default.py
ERROR tests/autogen_op/vit_l_16/test_vit_l_16_aten_native_layer_norm_default.py
ERROR tests/autogen_op/vit_l_16/test_vit_l_16_aten_permute_default.py
ERROR tests/autogen_op/vit_l_16/test_vit_l_16_aten_select_int.py
ERROR tests/autogen_op/vit_l_16/test_vit_l_16_aten_slice_Tensor.py
ERROR tests/autogen_op/vit_l_16/test_vit_l_16_aten_squeeze_dim.py
ERROR tests/autogen_op/vit_l_16/test_vit_l_16_aten_t_default.py
ERROR tests/autogen_op/vit_l_16/test_vit_l_16_aten_transpose_int.py
ERROR tests/autogen_op/vit_l_16/test_vit_l_16_aten_unsqueeze_default.py
ERROR tests/autogen_op/vit_l_16/test_vit_l_16_aten_view_default.py
ERROR tests/autogen_op/vit_l_32/test_vit_l_32_aten__scaled_dot_product_flash_attention_default.py
ERROR tests/autogen_op/vit_l_32/test_vit_l_32_aten_add_Tensor.py
ERROR tests/autogen_op/vit_l_32/test_vit_l_32_aten_addmm_default.py
ERROR tests/autogen_op/vit_l_32/test_vit_l_32_aten_cat_default.py
ERROR tests/autogen_op/vit_l_32/test_vit_l_32_aten_clone_default.py
ERROR tests/autogen_op/vit_l_32/test_vit_l_32_aten_convolution_default.py
ERROR tests/autogen_op/vit_l_32/test_vit_l_32_aten_expand_default.py
ERROR tests/autogen_op/vit_l_32/test_vit_l_32_aten_gelu_default.py
ERROR tests/autogen_op/vit_l_32/test_vit_l_32_aten_native_layer_norm_default.py
ERROR tests/autogen_op/vit_l_32/test_vit_l_32_aten_permute_default.py
ERROR tests/autogen_op/vit_l_32/test_vit_l_32_aten_select_int.py
ERROR tests/autogen_op/vit_l_32/test_vit_l_32_aten_slice_Tensor.py
ERROR tests/autogen_op/vit_l_32/test_vit_l_32_aten_squeeze_dim.py
ERROR tests/autogen_op/vit_l_32/test_vit_l_32_aten_t_default.py
ERROR tests/autogen_op/vit_l_32/test_vit_l_32_aten_transpose_int.py
ERROR tests/autogen_op/vit_l_32/test_vit_l_32_aten_unsqueeze_default.py
ERROR tests/autogen_op/vit_l_32/test_vit_l_32_aten_view_default.py
ERROR tests/autogen_op/wide_resnet101_2/test_wide_resnet101_2_aten__native_batch_norm_legit_no_training_default.py
ERROR tests/autogen_op/wide_resnet101_2/test_wide_resnet101_2_aten_add_Tensor.py
ERROR tests/autogen_op/wide_resnet101_2/test_wide_resnet101_2_aten_addmm_default.py
ERROR tests/autogen_op/wide_resnet101_2/test_wide_resnet101_2_aten_convolution_default.py
ERROR tests/autogen_op/wide_resnet101_2/test_wide_resnet101_2_aten_max_pool2d_with_indices_default.py
ERROR tests/autogen_op/wide_resnet101_2/test_wide_resnet101_2_aten_mean_dim.py
ERROR tests/autogen_op/wide_resnet101_2/test_wide_resnet101_2_aten_relu_default.py
ERROR tests/autogen_op/wide_resnet101_2/test_wide_resnet101_2_aten_t_default.py
ERROR tests/autogen_op/wide_resnet101_2/test_wide_resnet101_2_aten_view_default.py
ERROR tests/autogen_op/wide_resnet50_2/test_wide_resnet50_2_aten__native_batch_norm_legit_no_training_default.py
ERROR tests/autogen_op/wide_resnet50_2/test_wide_resnet50_2_aten_add_Tensor.py
ERROR tests/autogen_op/wide_resnet50_2/test_wide_resnet50_2_aten_addmm_default.py
ERROR tests/autogen_op/wide_resnet50_2/test_wide_resnet50_2_aten_convolution_default.py
ERROR tests/autogen_op/wide_resnet50_2/test_wide_resnet50_2_aten_max_pool2d_with_indices_default.py
ERROR tests/autogen_op/wide_resnet50_2/test_wide_resnet50_2_aten_mean_dim.py
ERROR tests/autogen_op/wide_resnet50_2/test_wide_resnet50_2_aten_relu_default.py
ERROR tests/autogen_op/wide_resnet50_2/test_wide_resnet50_2_aten_t_default.py
ERROR tests/autogen_op/wide_resnet50_2/test_wide_resnet50_2_aten_view_default.py
ERROR tests/autogen_op/xception71_tf_in1k/test_xception71_tf_in1k_aten__native_batch_norm_legit_no_training_default.py
ERROR tests/autogen_op/xception71_tf_in1k/test_xception71_tf_in1k_aten_add_Tensor.py
ERROR tests/autogen_op/xception71_tf_in1k/test_xception71_tf_in1k_aten_addmm_default.py
ERROR tests/autogen_op/xception71_tf_in1k/test_xception71_tf_in1k_aten_clone_default.py
ERROR tests/autogen_op/xception71_tf_in1k/test_xception71_tf_in1k_aten_convolution_default.py
ERROR tests/autogen_op/xception71_tf_in1k/test_xception71_tf_in1k_aten_mean_dim.py
ERROR tests/autogen_op/xception71_tf_in1k/test_xception71_tf_in1k_aten_relu_default.py
ERROR tests/autogen_op/xception71_tf_in1k/test_xception71_tf_in1k_aten_t_default.py
ERROR tests/autogen_op/xception71_tf_in1k/test_xception71_tf_in1k_aten_view_default.py
ERROR tests/autogen_op/xception71_tf_in1k-train/test_xception71_tf_in1k-train_aten__native_batch_norm_legit_functional_default.py
ERROR tests/autogen_op/xception71_tf_in1k-train/test_xception71_tf_in1k-train_aten__to_copy_default.py
ERROR tests/autogen_op/xception71_tf_in1k-train/test_xception71_tf_in1k-train_aten_add_Tensor.py
ERROR tests/autogen_op/xception71_tf_in1k-train/test_xception71_tf_in1k-train_aten_addmm_default.py
ERROR tests/autogen_op/xception71_tf_in1k-train/test_xception71_tf_in1k-train_aten_clone_default.py
ERROR tests/autogen_op/xception71_tf_in1k-train/test_xception71_tf_in1k-train_aten_convolution_backward_default.py
ERROR tests/autogen_op/xception71_tf_in1k-train/test_xception71_tf_in1k-train_aten_convolution_default.py
ERROR tests/autogen_op/xception71_tf_in1k-train/test_xception71_tf_in1k-train_aten_detach_default.py
ERROR tests/autogen_op/xception71_tf_in1k-train/test_xception71_tf_in1k-train_aten_div_Scalar.py
ERROR tests/autogen_op/xception71_tf_in1k-train/test_xception71_tf_in1k-train_aten_expand_default.py
ERROR tests/autogen_op/xception71_tf_in1k-train/test_xception71_tf_in1k-train_aten_mean_dim.py
ERROR tests/autogen_op/xception71_tf_in1k-train/test_xception71_tf_in1k-train_aten_mm_default.py
ERROR tests/autogen_op/xception71_tf_in1k-train/test_xception71_tf_in1k-train_aten_native_batch_norm_backward_default.py
ERROR tests/autogen_op/xception71_tf_in1k-train/test_xception71_tf_in1k-train_aten_relu_default.py
ERROR tests/autogen_op/xception71_tf_in1k-train/test_xception71_tf_in1k-train_aten_sum_dim_IntList.py
ERROR tests/autogen_op/xception71_tf_in1k-train/test_xception71_tf_in1k-train_aten_t_default.py
ERROR tests/autogen_op/xception71_tf_in1k-train/test_xception71_tf_in1k-train_aten_threshold_backward_default.py
ERROR tests/autogen_op/xception71_tf_in1k-train/test_xception71_tf_in1k-train_aten_view_default.py
ERROR tests/cpp_extension/test_bert_cpp_extension.py
ERROR tests/cpp_extension/test_cpp_extension_functionality.py
ERROR tests/lowering/creation/test_arange.py
ERROR tests/lowering/creation/test_clone.py
ERROR tests/lowering/creation/test_masked_fill.py
ERROR tests/lowering/creation/test_ones.py
ERROR tests/lowering/creation/test_to_copy.py
ERROR tests/lowering/eltwise/binary/test_add.py
ERROR tests/lowering/eltwise/binary/test_atan2.py
ERROR tests/lowering/eltwise/binary/test_div.py
ERROR tests/lowering/eltwise/binary/test_eq.py
ERROR tests/lowering/eltwise/binary/test_floor_divide.py
ERROR tests/lowering/eltwise/binary/test_ge.py
ERROR tests/lowering/eltwise/binary/test_gt.py
ERROR tests/lowering/eltwise/binary/test_le.py
ERROR tests/lowering/eltwise/binary/test_logical_and.py
ERROR tests/lowering/eltwise/binary/test_logical_or.py
ERROR tests/lowering/eltwise/binary/test_logical_xor.py
ERROR tests/lowering/eltwise/binary/test_lt.py
ERROR tests/lowering/eltwise/binary/test_maximum.py
ERROR tests/lowering/eltwise/binary/test_minimum.py
ERROR tests/lowering/eltwise/binary/test_mul.py
ERROR tests/lowering/eltwise/binary/test_ne.py
ERROR tests/lowering/eltwise/binary/test_pow_scalar.py
ERROR tests/lowering/eltwise/binary/test_pow_tensor_scalar.py
ERROR tests/lowering/eltwise/binary/test_pow_tensor_tensor.py
ERROR tests/lowering/eltwise/binary/test_sub.py
ERROR tests/lowering/eltwise/binary/test_xlogy.py
ERROR tests/lowering/eltwise/ternary/test_where.py
ERROR tests/lowering/eltwise/unary/test_abs.py
ERROR tests/lowering/eltwise/unary/test_acos.py
ERROR tests/lowering/eltwise/unary/test_acosh.py
ERROR tests/lowering/eltwise/unary/test_asin.py
ERROR tests/lowering/eltwise/unary/test_asinh.py
ERROR tests/lowering/eltwise/unary/test_atan.py
ERROR tests/lowering/eltwise/unary/test_atanh.py
ERROR tests/lowering/eltwise/unary/test_aten_log_softmax.py
ERROR tests/lowering/eltwise/unary/test_bitwise_not.py
ERROR tests/lowering/eltwise/unary/test_ceil.py
ERROR tests/lowering/eltwise/unary/test_clamp.py
ERROR tests/lowering/eltwise/unary/test_cos.py
ERROR tests/lowering/eltwise/unary/test_cosh.py
ERROR tests/lowering/eltwise/unary/test_erf.py
ERROR tests/lowering/eltwise/unary/test_exp.py
ERROR tests/lowering/eltwise/unary/test_expm1.py
ERROR tests/lowering/eltwise/unary/test_floor.py
ERROR tests/lowering/eltwise/unary/test_gelu.py
ERROR tests/lowering/eltwise/unary/test_hardsigmoid.py
ERROR tests/lowering/eltwise/unary/test_hardswish.py
ERROR tests/lowering/eltwise/unary/test_hardtanh.py
ERROR tests/lowering/eltwise/unary/test_isinf.py
ERROR tests/lowering/eltwise/unary/test_isnan.py
ERROR tests/lowering/eltwise/unary/test_leaky_relu.py
ERROR tests/lowering/eltwise/unary/test_log.py
ERROR tests/lowering/eltwise/unary/test_log10.py
ERROR tests/lowering/eltwise/unary/test_log1p.py
ERROR tests/lowering/eltwise/unary/test_log2.py
ERROR tests/lowering/eltwise/unary/test_logical_not.py
ERROR tests/lowering/eltwise/unary/test_neg.py
ERROR tests/lowering/eltwise/unary/test_reciprocal.py
ERROR tests/lowering/eltwise/unary/test_relu.py
ERROR tests/lowering/eltwise/unary/test_remainder.py
ERROR tests/lowering/eltwise/unary/test_round.py
ERROR tests/lowering/eltwise/unary/test_rsqrt.py
ERROR tests/lowering/eltwise/unary/test_sigmoid.py
ERROR tests/lowering/eltwise/unary/test_sign.py
ERROR tests/lowering/eltwise/unary/test_silu.py
ERROR tests/lowering/eltwise/unary/test_sin.py
ERROR tests/lowering/eltwise/unary/test_sinh.py
ERROR tests/lowering/eltwise/unary/test_sqrt.py
ERROR tests/lowering/eltwise/unary/test_square.py
ERROR tests/lowering/eltwise/unary/test_tan.py
ERROR tests/lowering/eltwise/unary/test_tanh.py
ERROR tests/lowering/eltwise/unary/test_tril.py
ERROR tests/lowering/eltwise/unary/test_trunc.py
ERROR tests/lowering/embedding/test_embedding.py
ERROR tests/lowering/matmul/test_addmm.py
ERROR tests/lowering/matmul/test_baddbmm.py
ERROR tests/lowering/matmul/test_linear.py
ERROR tests/lowering/matmul/test_matmul.py
ERROR tests/lowering/matmul/test_only_add_matmul.py
ERROR tests/lowering/misc/test_argmax.py
ERROR tests/lowering/misc/test_fallback_incompatible_platform.py
ERROR tests/lowering/misc/test_index.py
ERROR tests/lowering/misc/test_index_select.py
ERROR tests/lowering/misc/test_scaled_dot_product_attention.py
ERROR tests/lowering/misc/test_select.py
ERROR tests/lowering/normalization/test_layer_norm.py
ERROR tests/lowering/normalization/test_log_softmax.py
ERROR tests/lowering/normalization/test_softmax.py
ERROR tests/lowering/pool/test_avg_pool_2d.py
ERROR tests/lowering/reduction/test_all.py
ERROR tests/lowering/reduction/test_mean.py
ERROR tests/lowering/tensor_manipulation/test_as_strided.py
ERROR tests/lowering/tensor_manipulation/test_concat.py
ERROR tests/lowering/tensor_manipulation/test_constant_pad_nd.py
ERROR tests/lowering/tensor_manipulation/test_permute.py
ERROR tests/lowering/tensor_manipulation/test_repeat.py
ERROR tests/lowering/tensor_manipulation/test_reshape.py
ERROR tests/lowering/tensor_manipulation/test_roll.py
ERROR tests/lowering/tensor_manipulation/test_slice.py
ERROR tests/lowering/tensor_manipulation/test_slice_scatter.py
ERROR tests/lowering/tensor_manipulation/test_squeeze.py
ERROR tests/lowering/tensor_manipulation/test_stack.py
ERROR tests/lowering/tensor_manipulation/test_unsqueeze.py
ERROR tests/lowering/tensor_manipulation/test_view.py
ERROR tests/memory/scenario1/test_scenario1.py
ERROR tests/models/autoencoder_conv/test_autoencoder_conv_v2.py
ERROR tests/models/autoencoder_linear/test_autoencoder_linear.py
ERROR tests/models/mlpmixer/test_mlpmixer.py
ERROR tests/models/openpose/test_openpose_v2.py
ERROR tests/models/speecht5_tts/test_speecht5_tts.py
ERROR tests/models/whisper/test_whisper.py
ERROR tests/optimization/test_cse.py
ERROR tests/pattern/test_add_shape_mismatch.py
ERROR tests/pattern/test_beit_pattern.py
ERROR tests/pattern/test_beit_train_pattern.py
ERROR tests/pattern/test_data_move_reuse_pattern.py
ERROR tests/pattern/test_detr_pattern.py
ERROR tests/pattern/test_index_pattern.py
ERROR tests/pattern/test_nms_pattern.py
ERROR tests/pattern/test_retinanet_pattern.py
ERROR tests/pattern/test_vgg_pattern.py
ERROR tests/pattern/test_yolos_pattern.py
!!!!!!!!!!!!!!!!!! Interrupted: 2795 errors during collection !!!!!!!!!!!!!!!!!!
====================== 80 warnings, 2795 errors in 14.91s ======================
